[15:45:37] Using gulpfile ~/git/opengate-js/gulpfile.js
[15:45:37] Starting 'create:target:folder'...
[15:45:37] Starting 'create:html-report:folder'...
[15:45:37] Finished 'create:target:folder' after 2.57 ms
[15:45:37] Finished 'create:html-report:folder' after 3.12 ms
[15:45:37] Starting 'cucumber'...
[36m@filter_fields @filtering[39m
Feature: Searching device fields

    As a user of JsApi
    I want to get the searching fields
    So I can create a device

  [36m@filter_fields @filtering[39m
  Scenario: Execute searching over assignable certificates
  [32m✔ Given an apikey user by "require-real-apikey"[39m
  [32m✔ And an ogapi "certificates search" util[39m
  [32m✔ Given I want to search a "certificates"[39m
  [32m✔ When I try to search with...[39m
      | [32mfield     [39m | [32mcontent[39m |
      | [32mfindFields[39m | [32m       [39m |
  [32m✔ Then I get filter fields[39m
  [32m✔ Then response data should has elements[39m

  [36m@filter_fields @filtering[39m
  Scenario: Execute searching over assignable certificates
  [32m✔ Given an apikey user by "require-real-apikey"[39m
  [32m✔ And an ogapi "certificates search" util[39m
  [32m✔ Given I want to search a "certificates"[39m
  [32m✔ When I try to search with...[39m
      | [32mfield     [39m | [32mcontent[39m |
      | [32mfindFields[39m | [32m       [39m |
  [32m✔ Then I get filter fields[39m
  [32m✔ Then response data should has elements[39m

  [36m@filter_fields @filtering[39m
  Scenario: Execute searching over assignable certificates
  [32m✔ Given an apikey user by "require-real-apikey"[39m
  [32m✔ And an ogapi "certificates search" util[39m
  [32m✔ Given I want to search a "certificates"[39m
  [32m✔ When I try to search with...[39m
      | [32mfield     [39m | [32mcontent               [39m |
      | [32mfindFields[39m | [32msubscriber.relColl.col[39m |
  [32m✔ Then I get filter fields[39m
  [32m✔ Then response data should has no elements[39m

[36m@provision @encoding[39m
Feature: Create an organization with a name that contains special characters

    As a user of JsApi
    I want to create and delete an organization with name that contains special characters

  [36m@provision @encoding[39m
  Scenario: Creating an organization that NOT exists with all params
  [32m✔ Given an apikey user by "require-real-apikey"[39m
  [32m✔ Given an ogapi "organizations builder" util[39m
  [32m✔ Given I want to create a "organization"[39m
name
create
organization
withName
  [32m✔ Given the "name" "mi@organization"[39m
description
create
organization
withDescription
  [32m✔ And the "description" "JsApi tests organization"[39m
country code
create
organization
withCountryCode
  [32m✔ And the "country code" "ES"[39m
lang code
create
organization
withLangCode
  [32m✔ And the "lang code" "es"[39m
time zone
create
organization
withTimeZone
  [32m✔ And the "time zone" "Europe/Andorra"[39m
  [32m✔ And the "zoom" 10[39m
  [32m✔ And the "location" with 1 and 1[39m
  [32m✔ Then I create it[39m
RESPONSE_: {"location":"https://172.19.18.132:8444/v80/provision/organizations/mi@organization","statusCode":201}
  [32m✔ And response code should be: 201[39m
  [32m✔ And I delete it[39m
RESPONSE_: {"statusCode":200}
  [32m✔ And response code should be: 200[39m

[36m@create_provision @provision @area @create_area[39m
Feature: Delete and Create a area

  As a user of JsApi
  I want to create a are
  So, I can create a new area with the parametres that I have been defined

  [36m@create_provision @provision @area @create_area[39m
  Scenario: Creating an organization to use in areas tests
  [32m✔ Given an apikey user by "require-real-apikey"[39m
  [32m✔ Given an ogapi "organizations builder" util[39m
  [32m✔ Then I want to create an "organization"[39m
name
create
organization
withName
  [32m✔ And the "name" "area_organization"[39m
description
create
organization
withDescription
  [32m✔ And the "description" "area organization"[39m
country code
create
organization
withCountryCode
  [32m✔ And the "country code" "ES"[39m
lang code
create
organization
withLangCode
  [32m✔ And the "lang code" "es"[39m
time zone
create
organization
withTimeZone
  [32m✔ And the "time zone" "Europe/Andorra"[39m
  [32m✔ And the "zoom" 10[39m
  [32m✔ And the "location" with 1 and 1[39m
  [32m✔ Then I delete it[39m
  [32m✔ Then I create it[39m
RESPONSE_: {"location":"https://172.19.18.132:8444/v80/provision/organizations/area_organization","statusCode":201}
  [32m✔ And response code should be: 201[39m

  [36m@create_provision @provision @area @create_area[39m
  Scenario: Create and delete a area that does not exist
  [32m✔ Given an apikey user by "require-real-apikey"[39m
  [32m✔ And an ogapi "areas builder" util[39m
  [32m✔ And I want to create an "area"[39m
organization
create
area
withOrganization
  [32m✔ And the "organization" "area_organization"[39m
name
create
area
withName
  [32m✔ And the "name" "mock_area"[39m
identifier
create
area
withIdentifier
  [32m✔ And the "identifier" "mock_area"[39m
description
create
area
withDescription
  [32m✔ And the "description" "area description"[39m
  [32m✔ And the "geometry" with...[39m
      | [32mparam                                                                                                                                                               [39m |
      | [32mPolygon                                                                                                                                                             [39m |
      | [32m[[[2.173200845718384, 41.36735636905808], [2.279992198944092, 41.364771670743316], [2.2802926063537598, 41.36514206995068], [2.173200845718384, 41.36735636905808]]][39m |
  [32m✔ And the "entities"[39m
      | [32mentity1[39m | [32mentity2[39m |
  [32m✔ Then I create it[39m
RESPONSE_: {"location":"https://172.19.18.132:8444/v80/provision/organizations/area_organization/areas/mock_area","statusCode":201}
  [32m✔ And response code should be: 201[39m
  [32m✔ And I delete it[39m
RESPONSE_: {"statusCode":200}
  [32m✔ Then response code should be: 200[39m

  [36m@create_provision @provision @area @create_area[39m
  Scenario: Create and update a area
  [32m✔ Given an apikey user by "require-real-apikey"[39m
  [32m✔ And an ogapi "areas builder" util[39m
  [32m✔ And I want to create an "area"[39m
organization
create
area
withOrganization
  [32m✔ And the "organization" "area_organization"[39m
name
create
area
withName
  [32m✔ And the "name" "mock_area"[39m
identifier
create
area
withIdentifier
  [32m✔ And the "identifier" "mock_area"[39m
description
create
area
withDescription
  [32m✔ And the "description" "area description"[39m
  [32m✔ And the "geometry" with...[39m
      | [32mparam                                                                                                                                                               [39m |
      | [32mPolygon                                                                                                                                                             [39m |
      | [32m[[[2.173200845718384, 41.36735636905808], [2.279992198944092, 41.364771670743316], [2.2802926063537598, 41.36514206995068], [2.173200845718384, 41.36735636905808]]][39m |
  [32m✔ And the "entities"[39m
      | [32mentity1[39m | [32mentity2[39m |
  [32m✔ Then I create it[39m
RESPONSE_: {"location":"https://172.19.18.132:8444/v80/provision/organizations/area_organization/areas/mock_area","statusCode":201}
  [32m✔ And response code should be: 201[39m
description
create
area
withDescription
  [32m✔ Then the "description" "area description updated"[39m
  [32m✔ And I update it[39m
RESPONSE_: {"statusCode":200}
  [32m✔ Then response code should be: 200[39m
  [32m✔ And I delete it[39m
RESPONSE_: {"statusCode":200}
  [32m✔ Then response code should be: 200[39m

  [36m@create_provision @provision @area @create_area[39m
  Scenario: Create a area that already exists
  [32m✔ Given an apikey user by "require-real-apikey"[39m
  [32m✔ And an ogapi "areas builder" util[39m
  [32m✔ And I want to create an "area"[39m
organization
create
area
withOrganization
  [32m✔ And the "organization" "area_organization"[39m
name
create
area
withName
  [32m✔ And the "name" "mock_area"[39m
identifier
create
area
withIdentifier
  [32m✔ And the "identifier" "mock_area"[39m
description
create
area
withDescription
  [32m✔ And the "description" "area description"[39m
  [32m✔ And the "geometry" with...[39m
      | [32mparam                                                                                                                                                               [39m |
      | [32mPolygon                                                                                                                                                             [39m |
      | [32m[[[2.173200845718384, 41.36735636905808], [2.279992198944092, 41.364771670743316], [2.2802926063537598, 41.36514206995068], [2.173200845718384, 41.36735636905808]]][39m |
  [32m✔ And the "entities"[39m
      | [32mentity1[39m | [32mentity2[39m |
  [32m✔ Then I create it[39m
RESPONSE_: {"location":"https://172.19.18.132:8444/v80/provision/organizations/area_organization/areas/mock_area","statusCode":201}
  [32m✔ And response code should be: 201[39m
  [32m✔ Then I create it[39m
RESPONSE_: {"statusCode":400,"data":{"errors":[{"code":16781314,"message":"Element already exists","context":[{"name":"area.id","value":"mock_area"},{"name":"area.organization","value":"area_organization"}]}]}}
  [32m✔ And response code should be: 400[39m
  [32m✔ Then I delete it[39m
RESPONSE_: {"statusCode":200}
  [32m✔ And response code should be: 200[39m

  [36m@create_provision @provision @area @create_area[39m
  Scenario: Create area with incomplete parameters
  [32m✔ Given an apikey user by "require-real-apikey"[39m
  [32m✔ And an ogapi "areas builder" util[39m
  [32m✔ And I want to create an "area"[39m
  [32m✔ Then I create it[39m
  [32m✔ And throws an error equal to "There are required parameters that have not been set. Missing parameters: [identifier,organization,type,coordinates]"[39m

  [36m@create_provision @provision @area @create_area[39m
  Scenario: Deleting an organization
  [32m✔ Given an apikey user by "require-real-apikey"[39m
  [32m✔ Given an ogapi "organizations builder" util[39m
  [32m✔ Then I want to delete an "organization"[39m
name
delete
organization
withName
  [32m✔ And the "name" "area_organization"[39m
  [32m✔ Then I delete it[39m
RESPONSE_: {"statusCode":200}
  [32m✔ And response code should be: 200[39m

[36m@provision @finder @find_provision @area @find_area[39m
Feature: Find an area

  As a user of JsApi
  I want to find an area
  So I can check if a area exists and get their information

  [36m@provision @finder @find_provision @area @find_area[39m
  Scenario: Creating an organization to use in areas tests
  [32m✔ Given an apikey user by "require-real-apikey"[39m
  [32m✔ Given an ogapi "organizations builder" util[39m
  [32m✔ Then I want to create an "organization"[39m
name
create
organization
withName
  [32m✔ And the "name" "area_organization"[39m
description
create
organization
withDescription
  [32m✔ And the "description" "area organization"[39m
country code
create
organization
withCountryCode
  [32m✔ And the "country code" "ES"[39m
lang code
create
organization
withLangCode
  [32m✔ And the "lang code" "es"[39m
time zone
create
organization
withTimeZone
  [32m✔ And the "time zone" "Europe/Andorra"[39m
  [32m✔ And the "zoom" 10[39m
  [32m✔ And the "location" with 1 and 1[39m
  [32m✔ Then I delete it[39m
  [32m✔ Then I create it[39m
RESPONSE_: {"location":"https://172.19.18.132:8444/v80/provision/organizations/area_organization","statusCode":201}
  [32m✔ And response code should be: 201[39m

  [36m@provision @finder @find_provision @area @find_area[39m
  Scenario: Create a area that does not exist
  [32m✔ Given an apikey user by "require-real-apikey"[39m
  [32m✔ And an ogapi "areas builder" util[39m
  [32m✔ And I want to create an "area"[39m
organization
create
area
withOrganization
  [32m✔ And the "organization" "area_organization"[39m
name
create
area
withName
  [32m✔ And the "name" "mock_area"[39m
identifier
create
area
withIdentifier
  [32m✔ And the "identifier" "mock_area"[39m
description
create
area
withDescription
  [32m✔ And the "description" "area description"[39m
  [32m✔ And the "geometry" with...[39m
      | [32mparam                                                                                                                                                               [39m |
      | [32mPolygon                                                                                                                                                             [39m |
      | [32m[[[2.173200845718384, 41.36735636905808], [2.279992198944092, 41.364771670743316], [2.2802926063537598, 41.36514206995068], [2.173200845718384, 41.36735636905808]]][39m |
  [32m✔ And the "entities"[39m
      | [32mentity1[39m | [32mentity2[39m |
  [32m✔ Then I create it[39m
RESPONSE_: {"location":"https://172.19.18.132:8444/v80/provision/organizations/area_organization/areas/mock_area","statusCode":201}
  [32m✔ And response code should be: 201[39m

  [36m@provision @finder @find_provision @area @find_area[39m
  Scenario: Find a area that exists
  [32m✔ Given an apikey user by "require-real-apikey"[39m
  [32m✔ And an ogapi "area finder" util[39m
  [32m✔ And I want to read an "area"[39m
  [32m✔ When I try to find by...[39m
      | [32mfield       [39m | [32mcontent          [39m |
      | [32morganization[39m | [32marea_organization[39m |
      | [32midentifier  [39m | [32mmock_area        [39m |
  [32m✔ Then I can see into the result an "area name" as "mock_area"[39m

  [36m@provision @finder @find_provision @area @find_area[39m
  Scenario: Find a area that not exists
  [32m✔ Given an apikey user by "require-real-apikey"[39m
  [32m✔ And an ogapi "area finder" util[39m
  [32m✔ And I want to read an "area"[39m
  [32m✔ When I try to find by...[39m
      | [32mfield       [39m | [32mcontent             [39m |
      | [32morganization[39m | [32marea_organization   [39m |
      | [32midentifier  [39m | [32mmock_area_not_exists[39m |
RESPONSE_: {"error":"Area/s not found","statusCode":404}
  [32m✔ Then response code should be: 404[39m

  [36m@provision @finder @find_provision @area @find_area[39m
  Scenario: Delete a area that
  [32m✔ Given an apikey user by "require-real-apikey"[39m
  [32m✔ And an ogapi "areas builder" util[39m
  [32m✔ And I want to delete an "area"[39m
organization
delete
area
withOrganization
  [32m✔ And the "organization" "area_organization"[39m
identifier
delete
area
withIdentifier
  [32m✔ And the "identifier" "mock_area"[39m
  [32m✔ And I delete it[39m
RESPONSE_: {"statusCode":200}
  [32m✔ Then response code should be: 200[39m

  [36m@provision @finder @find_provision @area @find_area[39m
  Scenario: Deleting an organization
  [32m✔ Given an apikey user by "require-real-apikey"[39m
  [32m✔ Given an ogapi "organizations builder" util[39m
  [32m✔ Then I want to delete an "organization"[39m
name
delete
organization
withName
  [32m✔ And the "name" "area_organization"[39m
  [32m✔ Then I delete it[39m
RESPONSE_: {"statusCode":200}
  [32m✔ And response code should be: 200[39m

[36m@provision @create_provision @create_certificates @certificates[39m
Feature: Create a certificate

    As a user of JsApi
    I want to create a certificate
    So I can create a certificate

  [36m@provision @create_provision @create_certificates @certificates[39m
  Scenario: Checking name parameter type
  [32m✔ Given an apikey user by "require-real-apikey"[39m
  [32m✔ And an ogapi "certificates builder" util[39m
  [32m✔ Given I want to create a "certificate"[39m
  [32m✔ And the "name" 1[39m
  [32m✔ Then throws an error equal to "Parameter name must be a string, cannot be empty and has a maximum length of 50"[39m

  [36m@provision @create_provision @create_certificates @certificates[39m
  Scenario: Checking name parameter length
  [32m✔ Given an apikey user by "require-real-apikey"[39m
  [32m✔ And an ogapi "certificates builder" util[39m
  [32m✔ Given I want to create a "certificate"[39m
name
create
certificate
withName
Error: Parameter name must be a string, cannot be empty and has a maximum length of 50
    at Certificates.withName (/home/kathe/git/opengate-js/dist/src/security/Certificates.js:72:103)
    at World.<anonymous> (/home/kathe/git/opengate-js/features/step_definitions/given_step_definitions_using_model.js:239:30)
    at _combinedTickCallback (internal/process/next_tick.js:73:7)
    at process._tickCallback (internal/process/next_tick.js:104:9)
  [32m✔ And the "name" "name_name_name_name_name_name_name_name_name_name_n"[39m
  [32m✔ Then throws an error equal to "Parameter name must be a string, cannot be empty and has a maximum length of 50"[39m

  [36m@provision @create_provision @create_certificates @certificates[39m
  Scenario: Checking description parameter type
  [32m✔ Given an apikey user by "require-real-apikey"[39m
  [32m✔ And an ogapi "certificates builder" util[39m
  [32m✔ Given I want to create a "certificate"[39m
  [32m✔ And the "description" 1[39m
  [32m✔ Then throws an error equal to "Parameter description must be a string, cannot be empty and has a maximum length of 200"[39m

  [36m@provision @create_provision @create_certificates @certificates[39m
  Scenario: Checking description parameter length
  [32m✔ Given an apikey user by "require-real-apikey"[39m
  [32m✔ And an ogapi "certificates builder" util[39m
  [32m✔ Given I want to create a "certificate"[39m
description
create
certificate
withDescription
Error: Parameter description must be a string, cannot be empty and has a maximum length of 200
    at Certificates.withDescription (/home/kathe/git/opengate-js/dist/src/security/Certificates.js:85:131)
    at World.<anonymous> (/home/kathe/git/opengate-js/features/step_definitions/given_step_definitions_using_model.js:239:30)
    at _combinedTickCallback (internal/process/next_tick.js:73:7)
    at process._tickCallback (internal/process/next_tick.js:104:9)
  [32m✔ And the "description" "name_name_name_name_name_name_name_name_name_name_name_name_name_name_name_name_name_name_name_name_name_name_name_name_name_name_name_name_name_name_name_name_name_name_name_name_name_name_name_name_name_name_name_name"[39m
  [32m✔ Then throws an error equal to "Parameter description must be a string, cannot be empty and has a maximum length of 200"[39m

  [36m@provision @create_provision @create_certificates @certificates[39m
  Scenario: Checking administrativeState parameter type
  [32m✔ Given an apikey user by "require-real-apikey"[39m
  [32m✔ And an ogapi "certificates builder" util[39m
  [32m✔ Given I want to create a "certificate"[39m
  [32m✔ And the "administrativeState" 1[39m
  [32m✔ Then throws an error equal to "Parameter administrativeState must be typeof string and cannot be empty"[39m

  [36m@provision @create_provision @create_certificates @certificates[39m
  Scenario: Checking administrativeState parameter type
  [32m✔ Given an apikey user by "require-real-apikey"[39m
  [32m✔ And an ogapi "certificates builder" util[39m
  [32m✔ Given I want to create a "certificate"[39m
administrativeState
create
certificate
withAdministrativeState
  [32m✔ And the "administrativeState" "NOT_ACTIVE"[39m
  [32m✔ Then does not throws an error[39m

  [36m@provision @create_provision @create_certificates @certificates[39m
  Scenario: Checking usages parameter type
  [32m✔ Given an apikey user by "require-real-apikey"[39m
  [32m✔ And an ogapi "certificates builder" util[39m
  [32m✔ Given I want to create a "certificate"[39m
  [32m✔ And the "usages" 1[39m
  [32m✔ Then throws an error equal to "Parameter usages must be typeof Array and cannot be empty"[39m

  [36m@provision @create_provision @create_certificates @certificates[39m
  Scenario: Checking usages parameter type
  [32m✔ Given an apikey user by "require-real-apikey"[39m
  [32m✔ And an ogapi "certificates builder" util[39m
  [32m✔ Given I want to create a "certificate"[39m
  [32m✔ And the "usages" 1[39m
  [32m✔ Then throws an error equal to "Parameter usages must be typeof Array and cannot be empty"[39m

  [36m@provision @create_provision @create_certificates @certificates[39m
  Scenario: Checking usages parameter type
  [32m✔ Given an apikey user by "require-real-apikey"[39m
  [32m✔ And an ogapi "certificates builder" util[39m
  [32m✔ Given I want to create a "certificate"[39m
  [32m✔ And the "usages"[39m
      |
  [32m✔ Then throws an error equal to "Parameter usages must be typeof Array and cannot be empty"[39m

  [36m@provision @create_provision @create_certificates @certificates[39m
  Scenario: Checking usages parameter type
  [32m✔ Given an apikey user by "require-real-apikey"[39m
  [32m✔ And an ogapi "certificates builder" util[39m
  [32m✔ Given I want to create a "certificate"[39m
  [32m✔ And the "usages"[39m
      | [32mDEVICE_COMMUNICATIONS[39m | [32mFILE_VALIDATION[39m | [32mDEVICE_ACCESS[39m |
  [32m✔ Then does not throws an error[39m

  [36m@provision @create_provision @create_certificates @certificates[39m
  Scenario: Checking tags parameter type
  [32m✔ Given an apikey user by "require-real-apikey"[39m
  [32m✔ And an ogapi "certificates builder" util[39m
  [32m✔ Given I want to create a "certificate"[39m
  [32m✔ And the "tags" 1[39m
  [32m✔ Then throws an error equal to "Parameter tags must be typeof Array and cannot be empty"[39m

  [36m@provision @create_provision @create_certificates @certificates[39m
  Scenario: Checking tags parameter type
  [32m✔ Given an apikey user by "require-real-apikey"[39m
  [32m✔ And an ogapi "certificates builder" util[39m
  [32m✔ Given I want to create a "certificate"[39m
  [32m✔ And the "tags"[39m
      | [32mtag1[39m | [32mtag 2[39m |
  [32m✔ Then does not throws an error[39m

  [36m@provision @create_provision @create_certificates @certificates[39m
  Scenario: Checking tags parameter type
  [32m✔ Given an apikey user by "require-real-apikey"[39m
  [32m✔ And an ogapi "certificates builder" util[39m
  [32m✔ Given I want to create a "certificate"[39m
  [32m✔ And the "tags"[39m
      |
  [32m✔ Then throws an error equal to "Parameter tags must be typeof Array and cannot be empty"[39m

  [36m@provision @create_provision @create_certificates @certificates[39m
  Scenario: Checking parameters parameter type
  [32m✔ Given an apikey user by "require-real-apikey"[39m
  [32m✔ And an ogapi "certificates builder" util[39m
  [32m✔ Given I want to create a "certificate"[39m
  [32m✔ And the "parameters" 1[39m
  [32m✔ Then throws an error equal to "Parameter parameters must be a string, cannot be empty"[39m

  [36m@provision @create_provision @create_certificates @certificates[39m
  Scenario: Checking hardwares parameter type
  [32m✔ Given an apikey user by "require-real-apikey"[39m
  [32m✔ And an ogapi "certificates builder" util[39m
  [32m✔ Given I want to create a "certificate"[39m
  [32m✔ And the "hardwares" 1[39m
  [32m✔ Then throws an error equal to "Parameter hardwares must be typeof Array and cannot be empty"[39m

  [36m@provision @create_provision @create_certificates @certificates[39m
  Scenario: Checking hardwares parameter type
  [32m✔ Given an apikey user by "require-real-apikey"[39m
  [32m✔ And an ogapi "certificates builder" util[39m
  [32m✔ Given I want to create a "certificate"[39m
  [32m✔ And the "hardwares"[39m
      |
  [32m✔ Then throws an error equal to "Parameter hardwares must be typeof Array and cannot be empty"[39m

  [36m@provision @create_provision @create_certificates @certificates[39m
  Scenario: Checking hardwares parameter type
  [32m✔ Given an apikey user by "require-real-apikey"[39m
  [32m✔ And an ogapi "certificates builder" util[39m
  [32m✔ Given I want to create a "certificate"[39m
  [32m✔ And the "hardwares"[39m
      | [32m{'sdfs':'dd', 'entity': 'dd'}[39m |
  [32m✔ Then throws an error equal to "The hardware attribute is not well formed, the message [1] not correct. Remember: hardwareId or [manufacturer, model and modelVersion] must be defined"[39m

  [36m@provision @create_provision @create_certificates @certificates[39m
  Scenario: Checking hardwares parameter type
  [32m✔ Given an apikey user by "require-real-apikey"[39m
  [32m✔ And an ogapi "certificates builder" util[39m
  [32m✔ Given I want to create a "certificate"[39m
  [32m✔ And the "hardwares"[39m
      | [32m{'hardwareId':'dd', 'entity': 'dd'}[39m |
  [32m✔ Then throws an error equal to "The hardware attribute is not well formed, the message [1] not correct. Remember: hardwareId or [manufacturer, model and modelVersion] must be defined"[39m

  [36m@provision @create_provision @create_certificates @certificates[39m
  Scenario: Checking hardwares parameter type
  [32m✔ Given an apikey user by "require-real-apikey"[39m
  [32m✔ And an ogapi "certificates builder" util[39m
  [32m✔ Given I want to create a "certificate"[39m
  [32m✔ And the "hardwares"[39m
      | [32m{'hardware':'dd', 'manufacturer': 'dd', 'model':'model'}[39m | [32m{'hardware':'dd', 'manufacturer': 'dd', 'model':'model'}[39m |
  [32m✔ Then throws an error equal to "The hardware attribute is not well formed, the message [1,2] not correct. Remember: hardwareId or [manufacturer, model and modelVersion] must be defined"[39m

  [36m@provision @create_provision @create_certificates @certificates[39m
  Scenario: Checking hardwares parameter type
  [32m✔ Given an apikey user by "require-real-apikey"[39m
  [32m✔ And an ogapi "certificates builder" util[39m
  [32m✔ Given I want to create a "certificate"[39m
  [32m✔ And the "hardwares"[39m
      | [32m{'hardwareId':'dd'}[39m | [32m{'hardware':'dd', 'manufacturer': 'dd', 'model':'model'}[39m |
  [32m✔ Then throws an error equal to "The hardware attribute is not well formed, the message [2] not correct. Remember: hardwareId or [manufacturer, model and modelVersion] must be defined"[39m

  [36m@provision @create_provision @create_certificates @certificates[39m
  Scenario: Checking hardwares parameter type
  [32m✔ Given an apikey user by "require-real-apikey"[39m
  [32m✔ And an ogapi "certificates builder" util[39m
  [32m✔ Given I want to create a "certificate"[39m
  [32m✔ And the "hardwares"[39m
      | [32m{"hardwareId" : "OpenGateSecure"}[39m | [32m{"hardwareId" : "OpenGateSecure"}[39m |
  [32m✔ Then does not throws an error[39m

  [36m@provision @create_provision @create_certificates @certificates[39m
  Scenario: Create a certificate
  [32m✔ Given an apikey user by "require-real-apikey"[39m
  [32m✔ And an ogapi "certificates builder" util[39m
  [32m✔ Given I want to create a "certificate"[39m
name
create
certificate
withName
  [32m✔ And the "name" "certificado_cucumber_name"[39m
description
create
certificate
withDescription
  [32m✔ And the "description" "certificado_cucumber_name"[39m
administrativeState
create
certificate
withAdministrativeState
  [32m✔ And the "administrativeState" "ACTIVE"[39m
  [32m✔ And the "usages"[39m
      | [32mCERT_SIGN[39m |
  [32m✔ And the "tags"[39m
      | [32mtag1[39m | [32mtag2[39m |
  [32m✔ And the "hardwares"[39m
      | [32m{ "hardwareId" : "OpenGateSecure"}[39m |
  [32m✔ And I read the file from "/file_test/root.cer"[39m
  [32m✔ And I create it[39m
  [31m✖ Then does not throws an error[39m

[36m@provision @create_provision @delete_provision @certificates[39m
Feature: Delete a certificate

     As a user of JsApi
     I want to delete a certificate

  [36m@provision @create_provision @delete_provision @certificates[39m
  Scenario: Delete a certificate that does not exist
  [32m✔ Given an apikey user by "require-real-apikey"[39m
  [32m✔ And an ogapi "certificates builder" util[39m
  [32m✔ And I want to delete a "certificate"[39m
  [32m✔ And I delete it[39m
RESPONSE_: {}
  [31m✖ Then response code should be: 400[39m

[36m@provision @find_certificate @certificates[39m
Feature: Find a certificate

  As a user of JsApi
  I want to find a certificate
  So I can check if a certificate exists and get their information

  [36m@provision @find_certificate @certificates[39m
  Scenario: Create a certificate
  [32m✔ Given an apikey user by "require-real-apikey"[39m
  [32m✔ Given an ogapi "certificate finder" util[39m
  [32m✔ And I want to read a "certificate"[39m
name
read
certificate
undefined
TypeError: this.util[method] is not a function
    at World.<anonymous> (/home/kathe/git/opengate-js/features/step_definitions/given_step_definitions_using_model.js:239:30)
    at _combinedTickCallback (internal/process/next_tick.js:73:7)
    at process._tickCallback (internal/process/next_tick.js:104:9)
  [32m✔ And the "name" "certificate_cucumber_to_find_name"[39m
description
read
certificate
undefined
TypeError: this.util[method] is not a function
    at World.<anonymous> (/home/kathe/git/opengate-js/features/step_definitions/given_step_definitions_using_model.js:239:30)
    at _combinedTickCallback (internal/process/next_tick.js:73:7)
    at process._tickCallback (internal/process/next_tick.js:104:9)
  [32m✔ And the "description" "certificate_cucumber_to_find_description"[39m
administrativeState
read
certificate
undefined
TypeError: this.util[method] is not a function
    at World.<anonymous> (/home/kathe/git/opengate-js/features/step_definitions/given_step_definitions_using_model.js:239:30)
    at _combinedTickCallback (internal/process/next_tick.js:73:7)
    at process._tickCallback (internal/process/next_tick.js:104:9)
  [32m✔ And the "administrativeState" "ACTIVE"[39m
  [32m✔ And the "usages"[39m
      | [32mCERT_SIGN[39m |
  [32m✔ And the "tags"[39m
      | [32mtag1[39m | [32mtag2[39m |
  [32m✔ And the "hardwares"[39m
      | [32m{ "hardwareId" : "OpenGateSecure"}[39m |
  [32m✔ And I read the file from "/file_test/root.cer"[39m
  [32m✔ And I create it[39m
  [31m✖ Then does not throws an error[39m

  [36m@provision @find_certificate @certificates[39m
  Scenario: Find a certificate that exists
  [32m✔ Given an apikey user by "require-real-apikey"[39m
  [32m✔ Given an ogapi "certificate finder" util[39m
  [32m✔ And I want to read a "certificate"[39m
  [32m✔ When I try to find by...[39m
      | [32mfield[39m | [32mcontent                     [39m |
      | [32mid   [39m | [32mcertificate_cucumber_to_find[39m |
  [31m✖ Then I can see into the result an "certificate name" as "certificate_cucumber_to_find_name"[39m

[36m@create_provision @create_bundles @bundles[39m
Feature: Create a bundle

    As a user of JsApi
    I want to create a bundle
    So I can create a bundle

  [36m@create_provision @create_bundles @bundles[39m
  Scenario: Checking parameter name
  [32m✔ Given an apikey user by "require-real-apikey"[39m
  [32m✔ And an ogapi "bundles builder" util[39m
  [32m✔ And I want to create a "bundle"[39m
  [32m✔ And the "name" 1[39m
  [32m✔ Then throws an error equal to "OGAPI_NAME_PARAMETER_MAX_LENGTH_255"[39m

  [36m@create_provision @create_bundles @bundles[39m
  Scenario: Create a bundle with a deployment element
  [32m✔ Given an apikey user by "require-real-apikey"[39m
  [32m✔ And an ogapi "bundles builder" util[39m
  [32m✔ And I want to create a "bundle"[39m
name
create
bundle
withName
  [32m✔ Given the "name" "ogux_cucumber_bundle"[39m
version
create
bundle
withVersion
  [32m✔ And the "version" "1.0.0"[39m
hardware
create
bundle
withHardware
  [32m✔ And the "hardware" "OpenGate"[39m
workgroup
create
bundle
withWorkgroup
  [32m✔ And the "workgroup" "base_organization"[39m
  [32m✔ Then I delete it[39m
  [32m✔ And I read the file from "/file_test/root.cer"[39m
  [32m✔ And I create a "deployment element" from current "bundle" using previous file and next params:[39m
      | [32mfield    [39m | [32mcontent             [39m |
      | [32mname     [39m | [32mcucumber_bundle_de_8[39m |
      | [32mversion  [39m | [32m0.0.1               [39m |
      | [32mtype     [39m | [32mFIRMWARE            [39m |
      | [32mpath     [39m | [32m./                  [39m |
      | [32morder    [39m | [32m1                   [39m |
      | [32moperation[39m | [32mINSTALL             [39m |
      | [32moption   [39m | [32mMANDATORY           [39m |
  [32m✔ Then I deploy it[39m
RESPONSE_: {"location":"https://172.19.18.132:8444/v80/provision/bundles/ogux_cucumber_bundle/versions/1.0.0","statusCode":201}
  [32m✔ And response code should be: 201[39m
  [32m✔ Then I delete it[39m
RESPONSE_: {"statusCode":200}
  [32m✔ And response code should be: 200[39m

  [36m@create_provision @create_bundles @bundles[39m
  Scenario: Create a deployment element with TRUSTED_BOOT validator without FIRMWARE type selected
  [32m✔ Given an apikey user by "require-real-apikey"[39m
  [32m✔ And an ogapi "bundles builder" util[39m
  [32m✔ And I want to create a "bundle"[39m
name
create
bundle
withName
  [32m✔ Given the "name" "ogux_cucumber_single_bundle"[39m
version
create
bundle
withVersion
  [32m✔ And the "version" "1.0.0"[39m
hardware
create
bundle
withHardware
  [32m✔ And the "hardware" "OpenGate"[39m
workgroup
create
bundle
withWorkgroup
  [32m✔ And the "workgroup" "base_organization"[39m
  [32m✔ And I create a "deployment element" from current "bundle" using previous file and next params:[39m
      | [32mfield     [39m | [32mcontent                                  [39m |
      | [32mvalidators[39m | [32m[{"mode": "TRUSTED_BOOT","type":"SHA-1"}][39m |
  [32m✔ Then throws an error equal to "TRUSTED_BOOT validator only allowed for FIRMWARE deployment element"[39m

  [36m@create_provision @create_bundles @bundles[39m
  Scenario: Create a deployment element with TRUSTED_BOOT validators with FIRMWARE type
  [32m✔ Given an apikey user by "require-real-apikey"[39m
  [32m✔ And an ogapi "bundles builder" util[39m
  [32m✔ And I want to create a "bundle"[39m
name
create
bundle
withName
  [32m✔ Given the "name" "ogux_cucumber_single_bundle"[39m
version
create
bundle
withVersion
  [32m✔ And the "version" "1.0.0"[39m
hardware
create
bundle
withHardware
  [32m✔ And the "hardware" "OpenGate"[39m
workgroup
create
bundle
withWorkgroup
  [32m✔ And the "workgroup" "base_organization"[39m
  [32m✔ And I create a "deployment element" from current "bundle" using previous file and next params:[39m
      | [32mfield     [39m | [32mcontent                                                                          [39m |
      | [32mtype      [39m | [32mFIRMWARE                                                                         [39m |
      | [32mvalidators[39m | [32m[{"mode": "TRUSTED_BOOT","type":"SHA-1"},{"mode": "TRUSTED_BOOT","type":"SHA-1"}][39m |
  [32m✔ Then throws an error equal to "OGAPI_422_ONE_TRUSTED_BOOT_ALLOWED_DEPLOY_ELEMENT"[39m

  [36m@create_provision @create_bundles @bundles @bug[39m
  Scenario: Create a bundle with two deployment elements with same name
  [32m✔ Given an apikey user by "require-real-apikey"[39m
  [32m✔ And an ogapi "bundles builder" util[39m
  [32m✔ And I want to create a "bundle"[39m
name
create
bundle
withName
  [32m✔ Given the "name" "ogux_cucumber_bundle_bad_deployment"[39m
version
create
bundle
withVersion
  [32m✔ And the "version" "1.0.0"[39m
hardware
create
bundle
withHardware
  [32m✔ And the "hardware" "OpenGate"[39m
workgroup
create
bundle
withWorkgroup
  [32m✔ And the "workgroup" "base_organization"[39m
  [32m✔ Then I delete it[39m
  [32m✔ And I read the file from "/file_test/root.cer"[39m
  [32m✔ And I create a "deployment element" from current "bundle" using previous file and next params:[39m
      | [32mfield    [39m | [32mcontent              [39m |
      | [32mname     [39m | [32mcucumber_deployment_1[39m |
      | [32mversion  [39m | [32m0.0.1                [39m |
      | [32mtype     [39m | [32mCONFIGURATION        [39m |
      | [32mpath     [39m | [32m./configuration      [39m |
      | [32morder    [39m | [32m1                    [39m |
      | [32moperation[39m | [32mUNINSTALL            [39m |
      | [32moption   [39m | [32mMANDATORY            [39m |
  [32m✔ And I create a "deployment element" from current "bundle" using previous file and next params:[39m
      | [32mfield    [39m | [32mcontent              [39m |
      | [32mname     [39m | [32mcucumber_deployment_1[39m |
      | [32mversion  [39m | [32m0.0.1                [39m |
      | [32mtype     [39m | [32mFIRMWARE             [39m |
      | [32mpath     [39m | [32m./configuration      [39m |
      | [32morder    [39m | [32m1                    [39m |
      | [32moperation[39m | [32mUNINSTALL            [39m |
      | [32moption   [39m | [32mMANDATORY            [39m |
  [32m✔ Then I deploy it[39m
RESPONSE_: {"statusCode":500,"data":{}}
  [31m✖ And response code should be: 400[39m

  [36m@create_provision @create_bundles @bundles @solo[39m
  Scenario: Create a bundle with 2 deployments elements in one step
  [32m✔ Given an apikey user by "require-real-apikey"[39m
  [32m✔ And an ogapi "bundles builder" util[39m
  [32m✔ And I want to create a "bundle"[39m
name
create
bundle
withName
  [32m✔ Given the "name" "ogux_cucumber_multi_bundle"[39m
version
create
bundle
withVersion
  [32m✔ And the "version" "1.0.0"[39m
hardware
create
bundle
withHardware
  [32m✔ And the "hardware" "OpenGate"[39m
workgroup
create
bundle
withWorkgroup
  [32m✔ And the "workgroup" "base_organization"[39m
  [32m✔ Then I delete it[39m
  [32m✔ And I read the file from "/file_test/root.cer"[39m
  [32m✔ And I create a "deployment element" from current "bundle" using previous file and next params:[39m
      | [32mfield     [39m | [32mcontent                                     [39m |
      | [32mname      [39m | [32mcucumber_deployment_1                       [39m |
      | [32mversion   [39m | [32m0.0.1                                       [39m |
      | [32mtype      [39m | [32mFIRMWARE                                    [39m |
      | [32mpath      [39m | [32m./1                                         [39m |
      | [32morder     [39m | [32m1                                           [39m |
      | [32moperation [39m | [32mINSTALL                                     [39m |
      | [32moption    [39m | [32mMANDATORY                                   [39m |
      | [32mvalidators[39m | [32m[{"mode": "TRUSTED_BOOT", "type" : "SHA-1"}][39m |
  [32m✔ And I create a "deployment element" from current "bundle" using previous file and next params:[39m
      | [32mfield    [39m | [32mcontent              [39m |
      | [32mname     [39m | [32mcucumber_deployment_2[39m |
      | [32mversion  [39m | [32m0.0.1                [39m |
      | [32mtype     [39m | [32mFIRMWARE             [39m |
      | [32mpath     [39m | [32m./1                  [39m |
      | [32morder    [39m | [32m1                    [39m |
      | [32moperation[39m | [32mINSTALL              [39m |
      | [32moption   [39m | [32mMANDATORY            [39m |
  [32m✔ And I deploy it[39m
  [32m✔ Then upload percent is complete[39m
RESPONSE_: {"location":"https://172.19.18.132:8444/v80/provision/bundles/ogux_cucumber_multi_bundle/versions/1.0.0","statusCode":201}
  [32m✔ And response code should be: 201[39m
  [32m✔ Then I delete the first deployment element from current bundle[39m
RESPONSE_: {"statusCode":200}
  [32m✔ And response code should be: 200[39m
  [32m✔ Then I delete it[39m

  [36m@create_provision @create_bundles @bundles[39m
  Scenario: Create 2 deployments elements with TRUSTED_BOOT
  [32m✔ Given an apikey user by "require-real-apikey"[39m
  [32m✔ And an ogapi "bundles builder" util[39m
  [32m✔ And I want to create a "bundle"[39m
name
create
bundle
withName
  [32m✔ Given the "name" "ogux_cucumber_multi_bundle"[39m
version
create
bundle
withVersion
  [32m✔ And the "version" "1.0.0"[39m
hardware
create
bundle
withHardware
  [32m✔ And the "hardware" "OpenGate"[39m
workgroup
create
bundle
withWorkgroup
  [32m✔ And the "workgroup" "base_organization"[39m
  [32m✔ Then I delete it[39m
  [32m✔ And I read the file from "/file_test/root.cer"[39m
  [32m✔ And I create a "deployment element" from current "bundle" using previous file and next params:[39m
      | [32mfield     [39m | [32mcontent                                     [39m |
      | [32mname      [39m | [32mcucumber_deployment_1                       [39m |
      | [32mversion   [39m | [32m0.0.1                                       [39m |
      | [32mtype      [39m | [32mFIRMWARE                                    [39m |
      | [32mpath      [39m | [32m./1                                         [39m |
      | [32morder     [39m | [32m1                                           [39m |
      | [32moperation [39m | [32mINSTALL                                     [39m |
      | [32moption    [39m | [32mMANDATORY                                   [39m |
      | [32mvalidators[39m | [32m[{"mode": "TRUSTED_BOOT", "type" : "SHA-1"}][39m |
  [32m✔ And I create a "deployment element" from current "bundle" using previous file and next params:[39m
      | [32mfield     [39m | [32mcontent                                       [39m |
      | [32mname      [39m | [32mcucumber_deployment_2                         [39m |
      | [32mversion   [39m | [32m0.0.1                                         [39m |
      | [32mtype      [39m | [32mFIRMWARE                                      [39m |
      | [32mpath      [39m | [32m./1                                           [39m |
      | [32morder     [39m | [32m1                                             [39m |
      | [32moperation [39m | [32mINSTALL                                       [39m |
      | [32moption    [39m | [32mMANDATORY                                     [39m |
      | [32mvalidators[39m | [32m[{"mode": "TRUSTED_BOOT", "type" : "SHA-256"}][39m |
  [32m✔ Then I deploy it[39m
  [32m✔ Then throws an error equal to "OGAPI_422_ONE_TRUSTED_BOOT_ALLOWED"[39m

  [36m@create_provision @create_bundles @bundles[39m
  Scenario: Create a duplicated bundle
  [32m✔ Given an apikey user by "require-real-apikey"[39m
  [32m✔ And an ogapi "bundles builder" util[39m
  [32m✔ And I want to create a "bundle"[39m
name
create
bundle
withName
  [32m✔ Given the "name" "ogux_cucumber_bundle"[39m
version
create
bundle
withVersion
  [32m✔ And the "version" "1.0.0"[39m
hardware
create
bundle
withHardware
  [32m✔ And the "hardware" "OpenGate"[39m
workgroup
create
bundle
withWorkgroup
  [32m✔ And the "workgroup" "base_organization"[39m
  [32m✔ Then I delete it[39m
  [32m✔ Then I create it[39m
RESPONSE_: {"location":"https://172.19.18.132:8444/v80/provision/bundles/ogux_cucumber_bundle/versions/1.0.0","statusCode":201}
  [32m✔ And response code should be: 201[39m
  [32m✔ Then I create it[39m
RESPONSE_: {"errors":"OGAPI_400_BUNDLE_EXIST","statusCode":400}
  [32m✔ And response code should be: 400[39m
  [32m✔ Then throws an error equal to "OGAPI_400_BUNDLE_EXIST"[39m
  [32m✔ Then I delete it[39m
RESPONSE_: {"statusCode":200}
  [32m✔ And response code should be: 200[39m

  [36m@create_provision @create_bundles @bundles[39m
  Scenario: Create a bundle with a deployment element, its activates and deactivates
  [32m✔ Given an apikey user by "require-real-apikey"[39m
  [32m✔ And an ogapi "bundles builder" util[39m
  [32m✔ And I want to create a "bundle"[39m
name
create
bundle
withName
  [32m✔ Given the "name" "ogux_cucumber_bundle_activation"[39m
version
create
bundle
withVersion
  [32m✔ And the "version" "1.0.0"[39m
hardware
create
bundle
withHardware
  [32m✔ And the "hardware" "OpenGate"[39m
workgroup
create
bundle
withWorkgroup
  [32m✔ And the "workgroup" "base_organization"[39m
  [32m✔ Then I delete it[39m
  [32m✔ And I read the file from "/file_test/root.cer"[39m
  [32m✔ And I create a "deployment element" from current "bundle" using previous file and next params:[39m
      | [32mfield    [39m | [32mcontent                [39m |
      | [32mname     [39m | [32mcucumber_deployment_act[39m |
      | [32mversion  [39m | [32m0.0.1                  [39m |
      | [32mtype     [39m | [32mFIRMWARE               [39m |
      | [32mpath     [39m | [32m./                     [39m |
      | [32morder    [39m | [32m1                      [39m |
      | [32moperation[39m | [32mINSTALL                [39m |
      | [32moption   [39m | [32mMANDATORY              [39m |
  [32m✔ Then I deploy it[39m
RESPONSE_: {"location":"https://172.19.18.132:8444/v80/provision/bundles/ogux_cucumber_bundle_activation/versions/1.0.0","statusCode":201}
  [32m✔ And response code should be: 201[39m
  [32m✔ And I deactivate it[39m
RESPONSE_: {"statusCode":200}
  [32m✔ And response code should be: 200[39m
  [32m✔ Then I activate it[39m
RESPONSE_: {"statusCode":200}
  [32m✔ And response code should be: 200[39m
  [32m✔ Then I delete it[39m
RESPONSE_: {"statusCode":200}
  [32m✔ And response code should be: 200[39m

[36m@provision @delete_bundles @bundles[39m
Feature: Create a bundle

    As a user of JsApi
    I want to delete a bundle
    So I can delete a bundle

  [36m@provision @delete_bundles @bundles[39m
  Scenario: deleting a not existing bundle with all required fields
  [32m✔ Given an apikey user by "require-real-apikey"[39m
  [32m✔ And an ogapi "bundles builder" util[39m
  [32m✔ And I want to delete a "bundle"[39m
name
delete
bundle
withName
  [32m✔ Given the "name" "ogux_cucumber_bundle_not_existing"[39m
version
delete
bundle
withVersion
  [32m✔ And the "version" "not_existing_version"[39m
  [32m✔ Then I delete it[39m
RESPONSE_: {"statusCode":400,"data":{"errors":[{"code":4058,"message":"Bundle not exists"}]}}
  [32m✔ And response code should be: 400[39m

  [36m@provision @delete_bundles @bundles[39m
  Scenario: deleting a bundle without the required version field
  [32m✔ Given an apikey user by "require-real-apikey"[39m
  [32m✔ And an ogapi "bundles builder" util[39m
  [32m✔ And I want to delete a "bundle"[39m
name
delete
bundle
withName
  [32m✔ Given the "name" "ogux_cucumber_bundle_not_existing"[39m
  [32m✔ Then I delete it[39m
  [32m✔ And throws an error equal to "Parameters name, version must be defined"[39m

  [36m@provision @delete_bundles @bundles[39m
  Scenario: deleting a bundle without the required name field
  [32m✔ Given an apikey user by "require-real-apikey"[39m
  [32m✔ And an ogapi "bundles builder" util[39m
  [32m✔ And I want to delete a "bundle"[39m
version
delete
bundle
withVersion
  [32m✔ Given the "version" "not_existing_version"[39m
  [32m✔ Then I delete it[39m
  [32m✔ And throws an error equal to "Parameters name, version must be defined"[39m

  [36m@provision @delete_bundles @bundles[39m
  Scenario: deleting a bundle without the required fields
  [32m✔ Given an apikey user by "require-real-apikey"[39m
  [32m✔ And an ogapi "bundles builder" util[39m
  [32m✔ And I want to delete a "bundle"[39m
  [32m✔ Then I delete it[39m
  [32m✔ And throws an error equal to "Parameters name, version must be defined"[39m

[36m@provision @finder @find_provision @find_bundles @bundles[39m
Feature: Find a bundle

    As a user of JsApi
    I want to find a bundle
    So I can check if a bundle exists and get their information

  [36m@provision @finder @find_provision @find_bundles @bundles[39m
  Scenario: Find a bundle that exists
  [32m✔ Given an apikey user by "require-real-apikey"[39m
  [32m✔ Given an ogapi "bundles builder" util[39m
  [32m✔ And I want to create a "bundle"[39m
name
create
bundle
withName
  [32m✔ Given the "name" "ogux_cucumber_bundle_find"[39m
version
create
bundle
withVersion
  [32m✔ And the "version" "1.0.0"[39m
hardware
create
bundle
withHardware
  [32m✔ And the "hardware" "OpenGate"[39m
workgroup
create
bundle
withWorkgroup
  [32m✔ And the "workgroup" "base_organization"[39m
  [32m✔ Then I delete it[39m
  [32m✔ Then I create it[39m
RESPONSE_: {"location":"https://172.19.18.132:8444/v80/provision/bundles/ogux_cucumber_bundle_find/versions/1.0.0","statusCode":201}
  [32m✔ And response code should be: 201[39m
  [32m✔ Given an ogapi "bundle finder" util[39m
  [32m✔ And I want to read a "bundle"[39m
  [32m✔ When I try to find by...[39m
      | [32mfield  [39m | [32mcontent                  [39m |
      | [32mname   [39m | [32mogux_cucumber_bundle_find[39m |
      | [32mversion[39m | [32m1.0.0                    [39m |
RESPONSE_: {"data":{"name":"ogux_cucumber_bundle_find","id":"cdb5f6cd-6498-4615-95a5-bb49fb60976f","version":"1.0.0","hardware":"OpenGate","workgroup":"base_organization","preaction":[],"postaction":[],"creationDate":"2018-03-12T14:46:31Z","active":false,"used":false},"statusCode":200}
  [32m✔ And response code should be: 200[39m
  [32m✔ Then I can see into the result an "bundle name" as "ogux_cucumber_bundle_find"[39m
  [32m✔ Given an ogapi "bundles builder" util[39m
  [32m✔ And I want to create a "bundle"[39m
name
create
bundle
withName
  [32m✔ Given the "name" "ogux_cucumber_bundle_find"[39m
version
create
bundle
withVersion
  [32m✔ And the "version" "1.0.0"[39m
hardware
create
bundle
withHardware
  [32m✔ And the "hardware" "OpenGate"[39m
workgroup
create
bundle
withWorkgroup
  [32m✔ And the "workgroup" "base_organization"[39m
  [32m✔ Then I delete it[39m
RESPONSE_: {"statusCode":200}
  [32m✔ Then response code should be: 200[39m

[36m@provision @create_provision @create_channel @channel[39m
Feature: Delete and Create a channel

  As a user of JsApi
  I want to create a channel
  So, I can create a new user with the parametres that I have been defined

  [36m@provision @create_provision @create_channel @channel[39m
  Scenario: Creating an organization to use in channels tests
  [32m✔ Given an apikey user by "require-real-apikey"[39m
  [32m✔ Given an ogapi "organizations builder" util[39m
  [32m✔ Then I want to create an "organization"[39m
name
create
organization
withName
  [32m✔ And the "name" "ChannelOrganization"[39m
description
create
organization
withDescription
  [32m✔ And the "description" "channel organization"[39m
country code
create
organization
withCountryCode
  [32m✔ And the "country code" "ES"[39m
lang code
create
organization
withLangCode
  [32m✔ And the "lang code" "es"[39m
time zone
create
organization
withTimeZone
  [32m✔ And the "time zone" "Europe/Andorra"[39m
  [32m✔ And the "zoom" 10[39m
  [32m✔ And the "location" with 1 and 1[39m
  [32m✔ Then I delete it[39m
  [32m✔ Then I create it[39m
RESPONSE_: {"location":"https://172.19.18.132:8444/v80/provision/organizations/ChannelOrganization","statusCode":201}
  [32m✔ And response code should be: 201[39m

  [36m@provision @create_provision @create_channel @channel @OUW-521[39m
  Scenario: Create and delete a channel that does not exist
  [32m✔ Given an apikey user by "require-real-apikey"[39m
  [32m✔ And an ogapi "channels builder" util[39m
  [32m✔ And I want to create a "channel"[39m
organization
create
channel
withOrganization
  [32m✔ And the "organization" "ChannelOrganization"[39m
name
create
channel
withName
  [32m✔ And the "name" "channelUxTestName"[39m
description
create
channel
withDescription
  [32m✔ And the "description" "channel description"[39m
  [32m✔ Then I create it[39m
RESPONSE_: {"location":"https://172.19.18.132:8444/v80/provision/organizations/ChannelOrganization/channels/channelUxTestName","statusCode":201}
  [32m✔ And response code should be: 201[39m
  [32m✔ And I delete it[39m
RESPONSE_: {"statusCode":200}
  [32m✔ Then response code should be: 200[39m

  [36m@provision @create_provision @create_channel @channel @OUW-521[39m
  Scenario: Create and update a channel
  [32m✔ Given an apikey user by "require-real-apikey"[39m
  [32m✔ And an ogapi "channels builder" util[39m
  [32m✔ And I want to create a "channel"[39m
organization
create
channel
withOrganization
  [32m✔ And the "organization" "ChannelOrganization"[39m
name
create
channel
withName
  [32m✔ And the "name" "channelUxTestName"[39m
description
create
channel
withDescription
  [32m✔ And the "description" "channel description"[39m
  [32m✔ Then I create it[39m
RESPONSE_: {"location":"https://172.19.18.132:8444/v80/provision/organizations/ChannelOrganization/channels/channelUxTestName","statusCode":201}
  [32m✔ And response code should be: 201[39m
description
create
channel
withDescription
  [32m✔ Then the "description" "channel description updated"[39m
  [32m✔ And I update it[39m
RESPONSE_: {"statusCode":200}
  [32m✔ Then response code should be: 200[39m
  [32m✔ And I delete it[39m
RESPONSE_: {"statusCode":200}
  [32m✔ Then response code should be: 200[39m

  [36m@provision @create_provision @create_channel @channel @OUW-521[39m
  Scenario: Create a channel that already exists
  [32m✔ Given an apikey user by "require-real-apikey"[39m
  [32m✔ And an ogapi "channels builder" util[39m
  [32m✔ And I want to create a "channel"[39m
organization
create
channel
withOrganization
  [32m✔ And the "organization" "ChannelOrganization"[39m
name
create
channel
withName
  [32m✔ And the "name" "channelUxTestName"[39m
description
create
channel
withDescription
  [32m✔ And the "description" "channel description"[39m
  [32m✔ Then I create it[39m
RESPONSE_: {"location":"https://172.19.18.132:8444/v80/provision/organizations/ChannelOrganization/channels/channelUxTestName","statusCode":201}
  [32m✔ Then response code should be: 201[39m
  [32m✔ Then I create it[39m
RESPONSE_: {"statusCode":400,"data":{"errors":[{"code":4007,"message":"Duplicated name"}]}}
  [32m✔ And response code should be: 400[39m
  [32m✔ Then I delete it[39m
RESPONSE_: {"statusCode":200}
  [32m✔ And response code should be: 200[39m

  [36m@provision @create_provision @create_channel @channel[39m
  Scenario: Create channel with incomplete parameters
  [32m✔ Given an apikey user by "require-real-apikey"[39m
  [32m✔ And an ogapi "channels builder" util[39m
  [32m✔ And I want to create a "channel"[39m
  [32m✔ Then I create it[39m
  [32m✔ And throws an error equal to "There are required parameters that have not been set. Missing parameters: [name,organization]"[39m

  [36m@provision @create_provision @create_channel @channel @OUW-521[39m
  Scenario: Create channel with an inexistent certificate
  [32m✔ Given an apikey user by "require-real-apikey"[39m
  [32m✔ And an ogapi "channels builder" util[39m
  [32m✔ And I want to create a "channel"[39m
organization
create
channel
withOrganization
  [32m✔ And the "organization" "ChannelOrganization"[39m
name
create
channel
withName
  [32m✔ And the "name" "channelUxTestName"[39m
description
create
channel
withDescription
  [32m✔ And the "description" "channel description"[39m
certificate
create
channel
withCertificate
  [32m✔ And the "certificate" "not existing certificate"[39m
  [32m✔ Then I create it[39m
  [32m✔ And throws an error equal to "Certificate not exists"[39m

  [36m@provision @create_provision @create_channel @channel[39m
  Scenario: Deleting an organization
  [32m✔ Given an apikey user by "require-real-apikey"[39m
  [32m✔ Given an ogapi "organizations builder" util[39m
  [32m✔ Then I want to delete an "organization"[39m
name
delete
organization
withName
  [32m✔ And the "name" "ChannelOrganization"[39m
  [32m✔ Then I delete it[39m
RESPONSE_: {"statusCode":200}
  [32m✔ And response code should be: 200[39m

[36m@provision @finder @find_provision @channel @find_channel[39m
Feature: Find an channel

    As a user of JsApi
    I want to find an channel
    So I can check if a channel exists and get their information

  [36m@provision @finder @find_provision @channel @find_channel[39m
  Scenario: Find a channel that exists
  [32m✔ Given an apikey user by "require-real-apikey"[39m
  [32m✔ And an ogapi "channel finder" util[39m
  [32m✔ And I want to read a "channel"[39m
  [32m✔ When I try to find by...[39m
      | [32mfield       [39m | [32mcontent          [39m |
      | [32morganization[39m | [32mbase_organization[39m |
      | [32mname        [39m | [32mbase_channel     [39m |
  [32m✔ Then I can see into the result an "channel name" as "base_channel"[39m

  [36m@provision @finder @find_provision @channel @find_channel[39m
  Scenario: Find a channel that not exists
  [32m✔ Given an apikey user by "require-real-apikey"[39m
  [32m✔ And an ogapi "channel finder" util[39m
  [32m✔ And I want to read a "channel"[39m
  [32m✔ When I try to find by...[39m
      | [32mfield       [39m | [32mcontent          [39m |
      | [32morganization[39m | [32mbase_organization[39m |
      | [32mname        [39m | [32mchannel_inventada[39m |
RESPONSE_: {"error":"Channel not found","statusCode":404}
  [32m✔ Then response code should be: 404[39m

  [36m@provision @finder @find_provision @channel @find_channel[39m
  Scenario: Find channels by domain and workgroup
  [32m✔ Given an apikey user by "require-real-apikey"[39m
  [32m✔ And an ogapi "channel finder" util[39m
  [32m✔ And I want to read a "channel"[39m
  [32m✔ When I try to find by...[39m
      | [32mfield    [39m | [32mcontent          [39m |
      | [32mdomain   [39m | [32mbase_organization[39m |
      | [32mworkgroup[39m | [32mbase_organization[39m |
RESPONSE_: {"data":[{"organization":"base_organization","name":"base_channel"}],"statusCode":200}
  [32m✔ Then response code should be: 200[39m

  [36m@provision @finder @find_provision @channel @find_channel[39m
  Scenario: Find channels by domain and workgroup and organization that exists
  [32m✔ Given an apikey user by "require-real-apikey"[39m
  [32m✔ And an ogapi "channel finder" util[39m
  [32m✔ And I want to read a "channel"[39m
  [32m✔ When I try to find by...[39m
      | [32mfield       [39m | [32mcontent          [39m |
      | [32mdomain      [39m | [32mbase_organization[39m |
      | [32mworkgroup   [39m | [32mbase_organization[39m |
      | [32morganization[39m | [32mbase_organization[39m |
RESPONSE_: {"data":[{"organization":"base_organization","name":"base_channel"}],"statusCode":200}
  [32m✔ Then response code should be: 200[39m

  [36m@provision @finder @find_provision @channel @find_channel[39m
  Scenario: Find channels by domain and workgroup and organization that not exists
  [32m✔ Given an apikey user by "require-real-apikey"[39m
  [32m✔ And an ogapi "channel finder" util[39m
  [32m✔ And I want to read a "channel"[39m
  [32m✔ When I try to find by...[39m
      | [32mfield       [39m | [32mcontent          [39m |
      | [32mdomain      [39m | [32mbase_organization[39m |
      | [32mworkgroup   [39m | [32mbase_organization[39m |
      | [32morganization[39m | [32malñksdjfalskjdfñ [39m |
RESPONSE_: {"data":"Channel not found","statusCode":404}
  [32m✔ Then response code should be: 404[39m

[36m@provision @crd_domain @create_provision @domain[39m
Feature: Create a domain

  As a user of JsApi
  I want to create a domain
  So I can create a domain

  [36m@provision @crd_domain @create_provision @domain[39m
  Scenario: Checking name parameter type
  [32m✔ Given an apikey user by "require-real-apikey"[39m
  [32m✔ And an ogapi "domains builder" util[39m
  [32m✔ Given I want to create a "domain"[39m
  [32m✔ And the "name" 1[39m
  [32m✔ Then throws an error equal to "OGAPI_NAME_PARAMETER_MAX_LENGTH_50"[39m

  [36m@provision @crd_domain @create_provision @domain[39m
  Scenario: Checking name parameter length
  [32m✔ Given an apikey user by "require-real-apikey"[39m
  [32m✔ And an ogapi "domains builder" util[39m
  [32m✔ Given I want to create a "domain"[39m
name
create
domain
withName
Error: OGAPI_NAME_PARAMETER_MAX_LENGTH_50
    at Domains.withName (/home/kathe/git/opengate-js/dist/src/domains/Domains.js:52:69)
    at World.<anonymous> (/home/kathe/git/opengate-js/features/step_definitions/given_step_definitions_using_model.js:239:30)
    at _combinedTickCallback (internal/process/next_tick.js:73:7)
    at process._tickCallback (internal/process/next_tick.js:104:9)
  [32m✔ And the "name" "name_name_name_name_name_name_name_name_name_name_name"[39m
  [32m✔ Then throws an error equal to "OGAPI_NAME_PARAMETER_MAX_LENGTH_50"[39m

  [36m@provision @crd_domain @create_provision @domain[39m
  Scenario: Checking description parameter type
  [32m✔ Given an apikey user by "require-real-apikey"[39m
  [32m✔ And an ogapi "domains builder" util[39m
  [32m✔ Given I want to create a "domain"[39m
  [32m✔ And the "description" 1[39m
  [32m✔ Then throws an error equal to "OGAPI_DESCRIPTION_PARAMETER_MAX_LENGTH_250"[39m

  [36m@provision @crd_domain @create_provision @domain[39m
  Scenario: Checking description parameter length
  [32m✔ Given an apikey user by "require-real-apikey"[39m
  [32m✔ And an ogapi "domains builder" util[39m
  [32m✔ Given I want to create a "domain"[39m
description
create
domain
withDescription
Error: OGAPI_DESCRIPTION_PARAMETER_MAX_LENGTH_250
    at Domains.withDescription (/home/kathe/git/opengate-js/dist/src/domains/Domains.js:65:84)
    at World.<anonymous> (/home/kathe/git/opengate-js/features/step_definitions/given_step_definitions_using_model.js:239:30)
    at _combinedTickCallback (internal/process/next_tick.js:73:7)
    at process._tickCallback (internal/process/next_tick.js:104:9)
  [32m✔ And the "description" "name_name_name_name_name_name_name_name_name_name_name_name_name_name_name_name_name_name_name_name_name_name_name_name_name_name_name_name_name_name_name_name_name_name_name_name_name_name_name_name_name_name_name_name_name_name_name_name_name_name_name_name"[39m
  [32m✔ Then throws an error equal to "OGAPI_DESCRIPTION_PARAMETER_MAX_LENGTH_250"[39m

  [36m@provision @crd_domain @create_provision @domain[39m
  Scenario: Checking parentDomain parameter type
  [32m✔ Given an apikey user by "require-real-apikey"[39m
  [32m✔ And an ogapi "domains builder" util[39m
  [32m✔ Given I want to create a "domain"[39m
  [32m✔ And the "parentDomain" 1[39m
  [32m✔ Then throws an error equal to "OGAPI_DOMAIN_PARAMETER_MAX_LENGTH_50"[39m

  [36m@provision @crd_domain @create_provision @domain[39m
  Scenario: Checking name parameter length
  [32m✔ Given an apikey user by "require-real-apikey"[39m
  [32m✔ And an ogapi "domains builder" util[39m
  [32m✔ Given I want to create a "domain"[39m
parentDomain
create
domain
withParentDomain
Error: OGAPI_DOMAIN_PARAMETER_MAX_LENGTH_50
    at Domains.withParentDomain (/home/kathe/git/opengate-js/dist/src/domains/Domains.js:78:85)
    at World.<anonymous> (/home/kathe/git/opengate-js/features/step_definitions/given_step_definitions_using_model.js:239:30)
    at _combinedTickCallback (internal/process/next_tick.js:73:7)
    at process._tickCallback (internal/process/next_tick.js:104:9)
  [32m✔ And the "parentDomain" "name_name_name_name_name_name_name_name_name_name_name"[39m
  [32m✔ Then throws an error equal to "OGAPI_DOMAIN_PARAMETER_MAX_LENGTH_50"[39m

  [36m@provision @crd_domain @create_provision @domain @only_domain[39m
  Scenario: Create a domain
  [32m✔ Given an apikey user by "require-real-apikey"[39m
  [32m✔ And an ogapi "domains builder" util[39m
  [32m✔ Given I want to create a "domain"[39m
name
create
domain
withName
  [32m✔ And the "name" "domain_test_ogapi"[39m
description
create
domain
withDescription
  [32m✔ And the "description" "Domian created for testing ogapi"[39m
parentDomain
create
domain
withParentDomain
  [32m✔ And the "parentDomain" "base_organization"[39m
  [32m✔ And I delete it[39m
  [32m✔ And I create it[39m
  [32m✔ Then does not throws an error[39m

  [36m@provision @crd_domain @create_provision @domain[39m
  Scenario: Find an domain that exists
  [32m✔ Given an apikey user by "require-real-apikey"[39m
  [32m✔ And an ogapi "domains builder" util[39m
  [32m✔ Given I want to create a "domain"[39m
  [32m✔ And an ogapi "domains finder" util[39m
  [32m✔ And I want to read a "domain"[39m
  [32m✔ When I try to find by...[39m
      | [32mfield[39m | [32mcontent          [39m |
      | [32mname [39m | [32mdomain_test_ogapi[39m |
  [32m✔ Then I can see into the result an "domain name" as "domain_test_ogapi"[39m

  [36m@provision @crd_domain @create_provision @domain @only_domain[39m
  Scenario: Delete a domain
  [32m✔ Given an apikey user by "require-real-apikey"[39m
  [32m✔ And an ogapi "domains builder" util[39m
  [32m✔ Given I want to create a "domain"[39m
  [32m✔ And an ogapi "domains builder" util[39m
  [32m✔ Given I want to create a "domain"[39m
name
create
domain
withName
  [32m✔ And the "name" "domain_test_ogapi"[39m
  [32m✔ And I delete it[39m
  [32m✔ Then does not throws an error[39m

[36m@provision @finder @find_provision @domain @find_domain[39m
Feature: Find an domain

  As a user of JsApi
  I want to find an domain
  So I can check if a domain exists and get their information

  [36m@provision @finder @find_provision @domain @find_domain[39m
  Scenario: Prepare scenario
  [32m✔ Given an apikey user by "require-real-apikey"[39m
  [32m✔ And an ogapi "domains builder" util[39m
  [32m✔ Then I want to create a "domain"[39m
name
create
domain
withName
  [32m✔ And the "name" "dmntst4"[39m
description
create
domain
withDescription
  [32m✔ And the "description" "Domian created for tsting ogapi"[39m
parentDomain
create
domain
withParentDomain
  [32m✔ And the "parentDomain" "base_organization"[39m
  [32m✔ And I create it[39m
  [32m✔ Then does not throws an error[39m
name
create
domain
withName
  [32m✔ And the "name" "dmntst43"[39m
description
create
domain
withDescription
  [32m✔ And the "description" "Domian created for tsting ogapi"[39m
parentDomain
create
domain
withParentDomain
  [32m✔ And the "parentDomain" "dmntst4"[39m
  [32m✔ And I create it[39m
  [32m✔ Then does not throws an error[39m
  [32m✔ And an ogapi "domains finder" util[39m
  [32m✔ Given I want to read a "domain"[39m

  [36m@provision @finder @find_provision @domain @find_domain[39m
  Scenario: Find an domain that exists
  [32m✔ Given an apikey user by "require-real-apikey"[39m
  [32m✔ And an ogapi "domains finder" util[39m
  [32m✔ Given I want to read a "domain"[39m
  [32m✔ When I try to find by...[39m
      | [32mfield[39m | [32mcontent[39m |
      | [32mname [39m | [32mdmntst4[39m |
  [32m✔ Then I can see into the result an "domain name" as "dmntst4"[39m

  [36m@provision @finder @find_provision @domain @find_domain[39m
  Scenario: Find an domain that not exists
  [32m✔ Given an apikey user by "require-real-apikey"[39m
  [32m✔ And an ogapi "domains finder" util[39m
  [32m✔ Given I want to read a "domain"[39m
  [32m✔ When I try to find by...[39m
      | [32mfield[39m | [32mcontent     [39m |
      | [32mname [39m | [32mdmninventada[39m |
RESPONSE_: {"error":"Domain not found","statusCode":404}
  [32m✔ Then response code should be: 404[39m

  [36m@provision @finder @find_provision @domain @find_domain[39m
  Scenario: Find an domain with hierarchy that exists
  [32m✔ Given an apikey user by "require-real-apikey"[39m
  [32m✔ And an ogapi "domains finder" util[39m
  [32m✔ Given I want to read a "domain"[39m
  [32m✔ When I try to find by...[39m
      | [32mfield            [39m | [32mcontent[39m |
      | [32mnameWithHierarchy[39m | [32mdmntst4[39m |
  [32m✔ Then I can see into the result an "hierarchy domain name" as "dmntst43"[39m

  [36m@provision @finder @find_provision @domain @find_domain[39m
  Scenario: Delete a domain
  [32m✔ Given an apikey user by "require-real-apikey"[39m
  [32m✔ And an ogapi "domains builder" util[39m
  [32m✔ Then I want to create a "domain"[39m
name
create
domain
withName
  [32m✔ And the "name" "dmntst43"[39m
  [32m✔ And I delete it[39m
  [32m✔ Then does not throws an error[39m
  [32m✔ And an ogapi "domains builder" util[39m
  [32m✔ Then I want to create a "domain"[39m
name
create
domain
withName
  [32m✔ And the "name" "dmntst4"[39m
  [32m✔ And I delete it[39m
  [32m✔ Then does not throws an error[39m

[36m@provision @create_provision @entities_provision @bulk_json @bulk[39m
Feature: Delete and Create a device

    As a device of JsApi
    I want to create a device using json file
    So, I can create a new user with the parametres that I have been defined

  [36m@provision @create_provision @entities_provision @bulk_json @bulk[39m
  Scenario: Creating an organization to use in create device
  [32m✔ Given an apikey user by "require-real-apikey"[39m
  [32m✔ Given an ogapi "organizations builder" util[39m
  [32m✔ Then I want to create an "organization"[39m
name
create
organization
withName
  [32m✔ And the "name" "organization_bulk"[39m
description
create
organization
withDescription
  [32m✔ And the "description" "device organization"[39m
country code
create
organization
withCountryCode
  [32m✔ And the "country code" "ES"[39m
lang code
create
organization
withLangCode
  [32m✔ And the "lang code" "es"[39m
time zone
create
organization
withTimeZone
  [32m✔ And the "time zone" "Europe/Andorra"[39m
  [32m✔ And the "zoom" 10[39m
  [32m✔ And the "location" with 1 and 1[39m
  [32m✔ Then I delete it[39m
  [32m✔ And I create it[39m
RESPONSE_: {"location":"https://172.19.18.132:8444/v80/provision/organizations/organization_bulk","statusCode":201}
  [32m✔ And response code should be: 201[39m

  [36m@provision @create_provision @entities_provision @bulk_json @bulk[39m
  Scenario: I want to create a device from json file
  [32m✔ Given an apikey user by "require-real-apikey"[39m
  [32m✔ Given an ogapi "json bulk builder" util with "bulkEntities"[39m
  [32m✔ And I read the file from "/file_test/bulk_double.json"[39m
  [32m✔ And I "create" it with bulk[39m
  [32m✔ Then does not throws an error[39m

  [36m@provision @create_provision @entities_provision @bulk_json @bulk[39m
  Scenario: I want to create a device from json file
  [32m✔ Given an apikey user by "require-real-apikey"[39m
  [32m✔ Given an ogapi "json bulk builder" util with "bulkEntities"[39m
  [32m✔ And I read the file from "/file_test/bulk_double.json"[39m
  [32m✔ And I "create" it with bulk[39m
  [32m✔ Then does not throws an error[39m

  [36m@provision @create_provision @entities_provision @bulk_json @bulk[39m
  Scenario: I want to update a device from json file
  [32m✔ Given an apikey user by "require-real-apikey"[39m
  [32m✔ Given an ogapi "json bulk builder" util with "bulkEntities"[39m
  [32m✔ And I read the file from "/file_test/bulk_double.json"[39m
  [32m✔ And I "update" it with bulk[39m
  [32m✔ Then does not throws an error[39m

  [36m@provision @create_provision @entities_provision @bulk_json @bulk[39m
  Scenario: I want to delete a device from json file
  [32m✔ Given an apikey user by "require-real-apikey"[39m
  [32m✔ Given an ogapi "json bulk builder" util with "bulkEntities"[39m
  [32m✔ And I read the file from "/file_test/bulk_double.json"[39m
  [32m✔ And I "deleteAll" it with bulk[39m
RESPONSE_: {"req":{"method":"POST","url":"https://172.19.18.132:8444/v80/provision/organizations/bulkEntities/bulk/entities?action=DELETE&full=true","data":"{\n    \"entities\": [{\n            \"provision\": {\n                \"administration\": {\n                    \"organization\": {\n                        \"_current\": {\n                            \"value\": \"organization_bulk_json\"\n                        }\n                    },\n                    \"channel\": {\n                        \"_current\": {\n                            \"value\": \"default_channel\"\n                        }\n                    },\n                    \"serviceGroup\": {\n                        \"_current\": {\n                            \"value\": \"emptyServiceGroup\"\n                        }\n                    }\n                },\n                \"device\": {\n                    \"identifier\": {\n                        \"_current\": {\n                            \"value\": \"device_bulk_json_1\"\n                        }\n                    },\n                    \"name\": {\n                        \"_current\": {\n                            \"value\": \"device_bulk_json_1\"\n                        }\n                    },\n                    \"description\": {\n                        \"_current\": {\n                            \"value\": \"device_bulk_json_1_description\"\n                        }\n                    },\n                    \"administrativeState\": {\n                        \"_current\": {\n                            \"value\": \"ACTIVE\"\n                        }\n                    },\n                    \"operationalStatus\": {\n                        \"_current\": {\n                            \"value\": \"NORMAL\"\n                        }\n                    },\n                    \"model\": {\n                        \"_current\": {\n                            \"value\": {\n                                \"manufacturer\": \"OpenGate\",\n                                \"name\": \"OpenGate\",\n                                \"version\": \"1.0\"\n                            }\n                        }\n                    },\n                    \"specificType\": {\n                        \"_current\": {\n                            \"value\": \"CONCENTRATOR\"\n                        }\n                    },\n                    \"serialNumber\": {\n                        \"_current\": {\n                            \"value\": \"32333-33334-122-1\"\n                        }\n                    }\n                }\n            }\n        },\n        {\n            \"provision\": {\n                \"administration\": {\n                    \"channel\": {\n                        \"_current\": {\n                            \"value\": \"default_channel\"\n                        }\n                    },\n                    \"serviceGroup\": {\n                        \"_current\": {\n                            \"value\": \"emptyServiceGroup\"\n                        }\n                    }\n                },\n                \"device\": {\n                    \"identifier\": {\n                        \"_current\": {\n                            \"value\": \"device_bulk_json_2\"\n                        }\n                    },\n                    \"name\": {\n                        \"_current\": {\n                            \"value\": \"device_bulk_json_2_name\"\n                        }\n                    },\n                    \"description\": {\n                        \"_current\": {\n                            \"value\": \"device_battery_description\"\n                        }\n                    },\n                    \"administrativeState\": {\n                        \"_current\": {\n                            \"value\": \"ACTIVE\"\n                        }\n                    },\n                    \"operationalStatus\": {\n                        \"_current\": {\n                            \"value\": \"NORMAL\"\n                        }\n                    },\n                    \"model\": {\n                        \"_current\": {\n                            \"value\": {\n                                \"name\": \"OpenGate\",\n                                \"manufacturer\": \"OpenGate\",\n                                \"version\": \"1.0\"\n                            }\n                        }\n                    },\n                    \"specificType\": {\n                        \"_current\": {\n                            \"value\": \"MODEM\"\n                        }\n                    },\n                    \"serialNumber\": {\n                        \"_current\": {\n                            \"value\": \"device_battery_sn\"\n                        }\n                    },\n                    \"location\": {\n                        \"_current\": {\n                            \"value\": {\n                                \"position\": {\n                                    \"type\": \"Point\",\n                                    \"coordinates\": [-3.7028,\n                                        40.41675\n                                    ]\n                                },\n                                \"postal\": \"28013\"\n                            }\n                        }\n                    },\n                    \"communicationModules\": [{\n                        \"identifier\": {\n                            \"_current\": {\n                                \"value\": \"commsMod_battery_id_json_1\"\n                            }\n                        },\n                        \"name\": {\n                            \"_current\": {\n                                \"value\": \"commsMod_battery_name\"\n                            }\n                        },\n                        \"description\": {\n                            \"_current\": {\n                                \"value\": \"commsMod_battery_description\"\n                            }\n                        },\n                        \"model\": {\n                            \"_current\": {\n                                \"value\": {\n                                    \"name\": \"OpenGate\",\n                                    \"manufacturer\": \"OpenGate\",\n                                    \"version\": \"1.0\"\n                                }\n                            }\n                        },\n                        \"specificType\": {\n                            \"_current\": {\n                                \"value\": \"UMTS\"\n                            }\n                        },\n                        \"mobile\": {\n                            \"imei\": {\n                                \"_current\": {\n                                    \"value\": \"commsMod_battery_imei\"\n                                }\n                            }\n                        },\n                        \"subscription\": {\n                            \"identifier\": {\n                                \"_current\": {\n                                    \"value\": \"subscription_battery_id_bulk_json_1\"\n                                }\n                            },\n                            \"name\": {\n                                \"_current\": {\n                                    \"value\": \"subscription_battery_name\"\n                                }\n                            },\n                            \"description\": {\n                                \"_current\": {\n                                    \"value\": \"subscription_battery_description\"\n                                }\n                            },\n                            \"administrativeState\": {\n                                \"_current\": {\n                                    \"value\": \"ACTIVE\"\n                                }\n                            },\n                            \"specificType\": {\n                                \"_current\": {\n                                    \"value\": \"MOBILE\"\n                                }\n                            },\n                            \"address\": {\n                                \"_current\": {\n                                    \"value\": {\n                                        \"type\": \"IPV4\",\n                                        \"value\": \"99.1.1.71\",\n                                        \"apn\": \"movistar.es\"\n                                    }\n                                }\n                            },\n                            \"mobile\": {\n                                \"imsi\": {\n                                    \"_current\": {\n                                        \"value\": \"subscription_battery_imsi\"\n                                    }\n                                },\n                                \"msisdn\": {\n                                    \"_current\": {\n                                        \"value\": \"34969220026\"\n                                    }\n                                },\n                                \"homeOperator\": {\n                                    \"_current\": {\n                                        \"value\": \"Telefónica Móviles España, SAU\"\n                                    }\n                                },\n                                \"registeredOperator\": {\n                                    \"_current\": {\n                                        \"value\": \"Telefónica Móviles España, SAU\"\n                                    }\n                                }\n                            }\n                        },\n                        \"subscriber\": {\n                            \"identifier\": {\n                                \"_current\": {\n                                    \"value\": \"subscriber_battery_id_bulk_json\"\n                                }\n                            },\n                            \"name\": {\n                                \"_current\": {\n                                    \"value\": \"subscriber_battery_name\"\n                                }\n                            },\n                            \"description\": {\n                                \"_current\": {\n                                    \"value\": \"subscriber_battery_description\"\n                                }\n                            },\n                            \"administrativeState\": {\n                                \"_current\": {\n                                    \"value\": \"ACTIVE\"\n                                }\n                            },\n                            \"specificType\": {\n                                \"_current\": {\n                                    \"value\": \"SIM\"\n                                }\n                            },\n                            \"mobile\": {\n                                \"icc\": {\n                                    \"_current\": {\n                                        \"value\": \"subscriber_battery_icc\"\n                                    }\n                                }\n                            }\n                        }\n                    }]\n                }\n            }\n        }\n    ]\n}","headers":{"user-agent":"node-superagent/2.3.0","content-type":"application/json","x-apikey":"2829be88-a7d7-4f51-aefc-3cc2385b6506"}},"header":{"connection":"close","date":"Mon, 12 Mar 2018 14:47:00 GMT","strict-transport-security":"max-age=2000; includeSubDomains","set-cookie":["JSESSIONID=node012sydik2acoem17uuu64lw3zs12728.node0;Path=/;Secure"],"expires":"Thu, 01 Jan 1970 00:00:00 GMT","content-type":"application/json","content-length":"373","server":"Jetty(9.4.0.v20161208)"},"status":200,"text":"[{\"statusCode\":400,\"location\":\"https://172.19.18.132:8444/v80/provision/organizations/bulkEntities/devices/device_bulk_json_1\",\"errors\":[{\"code\":16781336,\"message\":\"Entity not exists\"}]},{\"statusCode\":400,\"location\":\"https://172.19.18.132:8444/v80/provision/organizations/bulkEntities/devices/device_bulk_json_2\",\"errors\":[{\"code\":16781336,\"message\":\"Entity not exists\"}]}]"}
  [32m✔ And response code should be: 200[39m

  [36m@provision @create_provision @entities_provision @bulk_json @bulk[39m
  Scenario: Delete the organization
  [32m✔ Given an apikey user by "require-real-apikey"[39m
  [32m✔ Given an ogapi "organizations builder" util[39m
  [32m✔ Then I want to create an "organization"[39m
name
create
organization
withName
  [32m✔ And the "name" "organization_bulk"[39m
  [32m✔ Then I delete it[39m
RESPONSE_: {"statusCode":200}
  [32m✔ And response code should be: 200[39m

[36m@provision @subscribers_builder @subscription_builder @device_builder @create_provision @device_defaultFeed @create_device @entities_provision @create_delete_device[39m
Feature: Delete and Create a device

  As a device of JsApi
  I want to create an device
  So, I can create a new user with the parametres that I have been defined

  [36m@provision @subscribers_builder @subscription_builder @device_builder @create_provision @device_defaultFeed @create_device @entities_provision @create_delete_device[39m
  Scenario: Creating an organization to use in create device
  [32m✔ Given an apikey user by "require-real-apikey"[39m
  [32m✔ Given an ogapi "organizations builder" util[39m
  [32m✔ Then I want to create an "organization"[39m
name
create
organization
withName
  [32m✔ And the "name" "device_organization"[39m
description
create
organization
withDescription
  [32m✔ And the "description" "device organization"[39m
country code
create
organization
withCountryCode
  [32m✔ And the "country code" "ES"[39m
lang code
create
organization
withLangCode
  [32m✔ And the "lang code" "es"[39m
time zone
create
organization
withTimeZone
  [32m✔ And the "time zone" "Europe/Andorra"[39m
  [32m✔ And the "zoom" 10[39m
  [32m✔ And the "location" with 1 and 1[39m
  [32m✔ Then I delete it[39m
  [32m✔ And I create it[39m
RESPONSE_: {"location":"https://172.19.18.132:8444/v80/provision/organizations/device_organization","statusCode":201}
  [32m✔ And response code should be: 201[39m

  [36m@provision @subscribers_builder @subscription_builder @device_builder @create_provision @device_defaultFeed @create_device @entities_provision @create_delete_device[39m
  Scenario: Create and delete a device that not exists
  [32m✔ Given an apikey user by "require-real-apikey"[39m
  [32m✔ Given the entity of type "devices builder" with "device_organization"[39m
  [32m✔ Then I get allowed Datastreams fields[39m
  [32m✔ And I can found "provision.device.identifier" as datastream name[39m
  [32m✔ When I try to define the entity with...[39m
      | [32mdatastream                           [39m | [32mtypeFunction[39m | [32mvalue                                      [39m | [32mparent[39m |
      | [32mprovision.administration.channel     [39m | [32msimple      [39m | [32mdefault_channel                            [39m | [32m      [39m |
      | [32mprovision.administration.organization[39m | [32msimple      [39m | [32mdevice_organization                        [39m | [32m      [39m |
      | [32mprovision.administration.serviceGroup[39m | [32msimple      [39m | [32memptyServiceGroup                          [39m | [32m      [39m |
      | [32mprovision.administration.defaultFeed [39m | [32msimple      [39m | [32mfeed_1                                     [39m | [32m      [39m |
      | [32mprovision.device.identifier          [39m | [32msimple      [39m | [32mdevice_testing_cucumber_ogapi              [39m | [32m      [39m |
      | [32mprovision.device.operationalStatus   [39m | [32msimple      [39m | [32mTEST                                       [39m | [32m      [39m |
      | [32mprovision.device.serialNumber        [39m | [32msimple      [39m | [32mserialNumber_TEST                          [39m | [32m      [39m |
      | [32mprovision.device.administrativeState [39m | [32msimple      [39m | [32mTESTING                                    [39m | [32m      [39m |
      | [32mprovision.device.name                [39m | [32msimple      [39m | [32mOGUX Device GATEWAY tester                 [39m | [32m      [39m |
      | [32mprovision.device.description         [39m | [32msimple      [39m | [32mOGUX Device tester full GATEWAY description[39m | [32m      [39m |
      | [32mprovision.device.specificType        [39m | [32msimple      [39m | [32mCONCENTRATOR                               [39m | [32m      [39m |
  [32m✔ Then I delete it[39m
CREATEOK: {"req":{"method":"POST","url":"https://172.19.18.132:8444/v80/provision/organizations/device_organization/devices?flattened=true","data":{"provision.administration.channel":{"_value":{"_current":{"value":"default_channel"}}},"provision.administration.organization":{"_value":{"_current":{"value":"device_organization"}}},"provision.administration.serviceGroup":{"_value":{"_current":{"value":"emptyServiceGroup"}}},"provision.administration.defaultFeed":{"_value":{"_current":{"value":"feed_1"}}},"provision.device.identifier":{"_value":{"_current":{"value":"device_testing_cucumber_ogapi"}}},"provision.device.operationalStatus":{"_value":{"_current":{"value":"TEST"}}},"provision.device.serialNumber":{"_value":{"_current":{"value":"serialNumber_TEST"}}},"provision.device.administrativeState":{"_value":{"_current":{"value":"TESTING"}}},"provision.device.name":{"_value":{"_current":{"value":"OGUX Device GATEWAY tester"}}},"provision.device.description":{"_value":{"_current":{"value":"OGUX Device tester full GATEWAY description"}}},"provision.device.specificType":{"_value":{"_current":{"value":"CONCENTRATOR"}}}},"headers":{"user-agent":"node-superagent/2.3.0","content-type":"application/json","x-apikey":"2829be88-a7d7-4f51-aefc-3cc2385b6506"}},"header":{"connection":"close","date":"Mon, 12 Mar 2018 14:47:10 GMT","strict-transport-security":"max-age=2000; includeSubDomains","set-cookie":["JSESSIONID=node01ohz5crlx4t2i1ow9d7z7cpgi02734.node0;Path=/;Secure"],"expires":"Thu, 01 Jan 1970 00:00:00 GMT","location":"https://172.19.18.132:8444/v80/provision/organizations/device_organization/devices/device_testing_cucumber_ogapi","server":"Jetty(9.4.0.v20161208)"},"status":201,"text":""}
  [32m✔ And I create it[39m
RESPONSE_: {"location":"https://172.19.18.132:8444/v80/provision/organizations/device_organization/devices/device_testing_cucumber_ogapi","statusCode":201}
  [32m✔ And response code should be: 201[39m
  [32m✔ And I delete it[39m
RESPONSE_: {"statusCode":200}
  [32m✔ Then response code should be: 200[39m

  [36m@provision @subscribers_builder @subscription_builder @device_builder @create_provision @device_defaultFeed @create_device @entities_provision @create_delete_device @OUW-964[39m
  Scenario: Create a device that already exists
  [32m✔ Given an apikey user by "require-real-apikey"[39m
  [32m✔ Given the entity of type "devices builder" with "device_organization"[39m
  [32m✔ Then I get allowed Datastreams fields[39m
  [32m✔ And I can found "provision.device.identifier" as datastream name[39m
  [32m✔ When I try to define the entity with...[39m
      | [32mdatastream                           [39m | [32mtypeFunction[39m | [32mvalue                                      [39m | [32mparent[39m |
      | [32mprovision.administration.channel     [39m | [32msimple      [39m | [32mdefault_channel                            [39m | [32m      [39m |
      | [32mprovision.administration.organization[39m | [32msimple      [39m | [32mdevice_organization                        [39m | [32m      [39m |
      | [32mprovision.administration.serviceGroup[39m | [32msimple      [39m | [32memptyServiceGroup                          [39m | [32m      [39m |
      | [32mprovision.device.identifier          [39m | [32msimple      [39m | [32mdevice_testing_cucumber_ogapi_bug          [39m | [32m      [39m |
      | [32mprovision.device.operationalStatus   [39m | [32msimple      [39m | [32mTEST                                       [39m | [32m      [39m |
      | [32mprovision.device.administrativeState [39m | [32msimple      [39m | [32mTESTING                                    [39m | [32m      [39m |
      | [32mprovision.device.name                [39m | [32msimple      [39m | [32mOGUX Device GATEWAY tester                 [39m | [32m      [39m |
      | [32mprovision.device.description         [39m | [32msimple      [39m | [32mOGUX Device tester full GATEWAY description[39m | [32m      [39m |
      | [32mprovision.device.specificType        [39m | [32msimple      [39m | [32mCONCENTRATOR                               [39m | [32m      [39m |
CREATEOK: {"req":{"method":"POST","url":"https://172.19.18.132:8444/v80/provision/organizations/device_organization/devices?flattened=true","data":{"provision.administration.channel":{"_value":{"_current":{"value":"default_channel"}}},"provision.administration.organization":{"_value":{"_current":{"value":"device_organization"}}},"provision.administration.serviceGroup":{"_value":{"_current":{"value":"emptyServiceGroup"}}},"provision.device.identifier":{"_value":{"_current":{"value":"device_testing_cucumber_ogapi_bug"}}},"provision.device.operationalStatus":{"_value":{"_current":{"value":"TEST"}}},"provision.device.administrativeState":{"_value":{"_current":{"value":"TESTING"}}},"provision.device.name":{"_value":{"_current":{"value":"OGUX Device GATEWAY tester"}}},"provision.device.description":{"_value":{"_current":{"value":"OGUX Device tester full GATEWAY description"}}},"provision.device.specificType":{"_value":{"_current":{"value":"CONCENTRATOR"}}}},"headers":{"user-agent":"node-superagent/2.3.0","content-type":"application/json","x-apikey":"2829be88-a7d7-4f51-aefc-3cc2385b6506"}},"header":{"connection":"close","date":"Mon, 12 Mar 2018 14:47:11 GMT","strict-transport-security":"max-age=2000; includeSubDomains","set-cookie":["JSESSIONID=node01l003wom7a5j09paf76vnwbn62737.node0;Path=/;Secure"],"expires":"Thu, 01 Jan 1970 00:00:00 GMT","location":"https://172.19.18.132:8444/v80/provision/organizations/device_organization/devices/device_testing_cucumber_ogapi_bug","server":"Jetty(9.4.0.v20161208)"},"status":201,"text":""}
  [32m✔ And I create it[39m
RESPONSE_: {"location":"https://172.19.18.132:8444/v80/provision/organizations/device_organization/devices/device_testing_cucumber_ogapi_bug","statusCode":201}
  [32m✔ And response code should be: 201[39m
mostrando errores
{"statusCode":400,"data":{"errors":[{"code":4101,"message":"Entity duplicated"}]}}
  [32m✔ And I create it[39m
RESPONSE_: {"errors":[{"code":4101,"message":"Entity duplicated"}],"statusCode":400}
  [32m✔ And response code should be: 400[39m
  [32m✔ And throws an error equal to "Entity duplicated"[39m
  [32m✔ Then I delete it[39m
RESPONSE_: {"statusCode":200}
  [32m✔ And response code should be: 200[39m

  [36m@provision @subscribers_builder @subscription_builder @device_builder @create_provision @device_defaultFeed @create_device @entities_provision @create_delete_device[39m
  Scenario: I want to delete the entity
  [32m✔ Given an apikey user by "require-real-apikey"[39m
  [32m✔ Given the entity of type "devices builder" with "device_organization"[39m
  [32m✔ When I try to define the entity with...[39m
      | [32mdatastream                           [39m | [32mtypeFunction[39m | [32mvalue                        [39m | [32mparent[39m |
      | [32mprovision.administration.channel     [39m | [32msimple      [39m | [32mdefault_channel              [39m | [32m      [39m |
      | [32mprovision.administration.organization[39m | [32msimple      [39m | [32mdevice_organization          [39m | [32m      [39m |
      | [32mprovision.device.identifier          [39m | [32msimple      [39m | [32mdevice_testing_cucumber_ogapi[39m | [32m      [39m |
  [32m✔ Then I delete it[39m

  [36m@provision @subscribers_builder @subscription_builder @device_builder @create_provision @device_defaultFeed @create_device @entities_provision @create_delete_device[39m
  Scenario: Deleting an organization to use in create device
  [32m✔ Given an apikey user by "require-real-apikey"[39m
  [32m✔ Given an ogapi "organizations builder" util[39m
  [32m✔ Then I want to delete an "organization"[39m
name
delete
organization
withName
  [32m✔ And the "name" "device_organization"[39m
  [32m✔ Then I delete it[39m

[36m@provision @create_provision @entities_provision @bulk_csv @bulk[39m
Feature: Delete and Create a device

    As a device of JsApi
    I want to create a device using csv file
    So, I can create a new user with the parametres that I have been defined

  [36m@provision @create_provision @entities_provision @bulk_csv @bulk[39m
  Scenario: Creating an organization to use in create device
  [32m✔ Given an apikey user by "require-real-apikey"[39m
  [32m✔ Given an ogapi "organizations builder" util[39m
  [32m✔ Then I want to create an "organization"[39m
name
create
organization
withName
  [32m✔ And the "name" "organization_bulk"[39m
description
create
organization
withDescription
  [32m✔ And the "description" "device organization"[39m
country code
create
organization
withCountryCode
  [32m✔ And the "country code" "ES"[39m
lang code
create
organization
withLangCode
  [32m✔ And the "lang code" "es"[39m
time zone
create
organization
withTimeZone
  [32m✔ And the "time zone" "Europe/Andorra"[39m
  [32m✔ And the "zoom" 10[39m
  [32m✔ And the "location" with 1 and 1[39m
  [32m✔ Then I delete it[39m
  [32m✔ And I create it[39m
RESPONSE_: {"location":"https://172.19.18.132:8444/v80/provision/organizations/organization_bulk","statusCode":201}
  [32m✔ And response code should be: 201[39m

  [36m@provision @create_provision @entities_provision @bulk_csv @bulk[39m
  Scenario: I want to create a device from csv file
  [32m✔ Given an apikey user by "require-real-apikey"[39m
  [32m✔ Given an ogapi "csv bulk builder" util with "bulkEntities"[39m
  [32m✔ And I read the file from "/file_test/bulk_simple.csv"[39m
  [32m✔ And I "create" it with bulk[39m
  [32m✔ Then does not throws an error[39m

  [36m@provision @create_provision @entities_provision @bulk_csv @bulk[39m
  Scenario: I want to create a device from csv file
  [32m✔ Given an apikey user by "require-real-apikey"[39m
  [32m✔ Given an ogapi "csv bulk builder" util with "bulkEntities"[39m
  [32m✔ And I read the file from "/file_test/bulk_simple.csv"[39m
  [32m✔ And I "create" it with bulk[39m
  [32m✔ Then does not throws an error[39m

  [36m@provision @create_provision @entities_provision @bulk_csv @bulk[39m
  Scenario: I want to update a device from csv file
  [32m✔ Given an apikey user by "require-real-apikey"[39m
  [32m✔ Given an ogapi "csv bulk builder" util with "bulkEntities"[39m
  [32m✔ And I read the file from "/file_test/bulk_simple.csv"[39m
  [32m✔ And I "update" it with bulk[39m
  [32m✔ Then does not throws an error[39m

  [36m@provision @create_provision @entities_provision @bulk_csv @bulk[39m
  Scenario: I want to delete a device from csv file
  [32m✔ Given an apikey user by "require-real-apikey"[39m
  [32m✔ Given an ogapi "csv bulk builder" util with "bulkEntities"[39m
  [32m✔ And I read the file from "/file_test/bulk_simple.csv"[39m
  [32m✔ And I "delete" it with bulk[39m
  [32m✔ Then does not throws an error[39m

  [36m@provision @create_provision @entities_provision @bulk_csv @bulk[39m
  Scenario: Delete the organization
  [32m✔ Given an apikey user by "require-real-apikey"[39m
  [32m✔ Given an ogapi "organizations builder" util[39m
  [32m✔ Then I want to create an "organization"[39m
name
create
organization
withName
  [32m✔ And the "name" "organization_bulk"[39m
  [32m✔ Then I delete it[39m
RESPONSE_: {"statusCode":200}
  [32m✔ And response code should be: 200[39m

[36m@provision @create_provision @entities_provision @bulk_json @bulk[39m
Feature: Delete and Create a device

    As a device of JsApi
    I want to create a device using json file
    So, I can create a new user with the parametres that I have been defined

  [36m@provision @create_provision @entities_provision @bulk_json @bulk[39m
  Scenario: Creating an organization to use in create device
  [32m✔ Given an apikey user by "require-real-apikey"[39m
  [32m✔ Given an ogapi "organizations builder" util[39m
  [32m✔ Then I want to create an "organization"[39m
name
create
organization
withName
  [32m✔ And the "name" "organization_bulk"[39m
description
create
organization
withDescription
  [32m✔ And the "description" "device organization"[39m
country code
create
organization
withCountryCode
  [32m✔ And the "country code" "ES"[39m
lang code
create
organization
withLangCode
  [32m✔ And the "lang code" "es"[39m
time zone
create
organization
withTimeZone
  [32m✔ And the "time zone" "Europe/Andorra"[39m
  [32m✔ And the "zoom" 10[39m
  [32m✔ And the "location" with 1 and 1[39m
  [32m✔ Then I delete it[39m
  [32m✔ And I create it[39m
RESPONSE_: {"location":"https://172.19.18.132:8444/v80/provision/organizations/organization_bulk","statusCode":201}
  [32m✔ And response code should be: 201[39m

  [36m@provision @create_provision @entities_provision @bulk_json @bulk[39m
  Scenario: I want to create a device from json file
  [32m✔ Given an apikey user by "require-real-apikey"[39m
  [32m✔ Given an ogapi "json bulk builder" util with "bulkEntities"[39m
  [32m✔ And I read the file from "/file_test/bulk_simple.json"[39m
  [32m✔ And I "create" it with bulk[39m
  [32m✔ Then does not throws an error[39m

  [36m@provision @create_provision @entities_provision @bulk_json @bulk[39m
  Scenario: I want to create a device from json file
  [32m✔ Given an apikey user by "require-real-apikey"[39m
  [32m✔ Given an ogapi "json bulk builder" util with "bulkEntities"[39m
  [32m✔ And I read the file from "/file_test/bulk_simple.json"[39m
  [32m✔ And I "create" it with bulk[39m
  [32m✔ Then does not throws an error[39m

  [36m@provision @create_provision @entities_provision @bulk_json @bulk[39m
  Scenario: I want to update a device from json file
  [32m✔ Given an apikey user by "require-real-apikey"[39m
  [32m✔ Given an ogapi "json bulk builder" util with "bulkEntities"[39m
  [32m✔ And I read the file from "/file_test/bulk_simple.json"[39m
  [32m✔ And I "update" it with bulk[39m
  [32m✔ Then does not throws an error[39m

  [36m@provision @create_provision @entities_provision @bulk_json @bulk[39m
  Scenario: I want to delete a device from json file
  [32m✔ Given an apikey user by "require-real-apikey"[39m
  [32m✔ Given an ogapi "json bulk builder" util with "bulkEntities"[39m
  [32m✔ And I read the file from "/file_test/bulk_simple.json"[39m
  [32m✔ And I "delete" it with bulk[39m
RESPONSE_: {"req":{"method":"POST","url":"https://172.19.18.132:8444/v80/provision/organizations/bulkEntities/bulk/entities?action=DELETE","data":"{\n    \"entities\": [{\n            \"provision\": {\n                \"administration\": {\n                    \"organization\": {\n                        \"_current\": {\n                            \"value\": \"organization_bulk\"\n                        }\n                    },\n                    \"channel\": {\n                        \"_current\": {\n                            \"value\": \"default_channel\"\n                        }\n                    },\n                    \"serviceGroup\": {\n                        \"_current\": {\n                            \"value\": \"emptyServiceGroup\"\n                        }\n                    }\n                },\n                \"device\": {\n                    \"identifier\": {\n                        \"_current\": {\n                            \"value\": \"device_bulk_json_simple\"\n                        }\n                    },\n                    \"name\": {\n                        \"_current\": {\n                            \"value\": \"device_bulk_json_simple\"\n                        }\n                    },\n                    \"description\": {\n                        \"_current\": {\n                            \"value\": \"device_bulk_json_simple_description\"\n                        }\n                    },\n                    \"administrativeState\": {\n                        \"_current\": {\n                            \"value\": \"ACTIVE\"\n                        }\n                    },\n                    \"operationalStatus\": {\n                        \"_current\": {\n                            \"value\": \"NORMAL\"\n                        }\n                    },\n                    \"model\": {\n                        \"_current\": {\n                            \"value\": {\n                                \"manufacturer\": \"OpenGate\",\n                                \"name\": \"OpenGate\",\n                                \"version\": \"1.0\"\n                            }\n                        }\n                    },\n                    \"specificType\": {\n                        \"_current\": {\n                            \"value\": \"CONCENTRATOR\"\n                        }\n                    },\n                    \"serialNumber\": {\n                        \"_current\": {\n                            \"value\": \"32333-33334-122-1\"\n                        }\n                    }\n                }\n            }\n        }\n\n    ]\n}","headers":{"user-agent":"node-superagent/2.3.0","content-type":"application/json","x-apikey":"2829be88-a7d7-4f51-aefc-3cc2385b6506"}},"header":{"connection":"close","date":"Mon, 12 Mar 2018 14:47:34 GMT","strict-transport-security":"max-age=2000; includeSubDomains","set-cookie":["JSESSIONID=node01iozyy9h4huir1oge7ir304jkz2789.node0;Path=/;Secure"],"expires":"Thu, 01 Jan 1970 00:00:00 GMT","content-type":"application/json","content-length":"192","server":"Jetty(9.4.0.v20161208)"},"status":200,"text":"[{\"statusCode\":400,\"location\":\"https://172.19.18.132:8444/v80/provision/organizations/bulkEntities/devices/device_bulk_json_simple\",\"errors\":[{\"code\":16781336,\"message\":\"Entity not exists\"}]}]"}
  [32m✔ And response code should be: 200[39m

  [36m@provision @create_provision @entities_provision @bulk_json @bulk[39m
  Scenario: Delete the organization
  [32m✔ Given an apikey user by "require-real-apikey"[39m
  [32m✔ Given an ogapi "organizations builder" util[39m
  [32m✔ Then I want to create an "organization"[39m
name
create
organization
withName
  [32m✔ And the "name" "organization_bulk"[39m
  [32m✔ Then I delete it[39m
RESPONSE_: {"statusCode":200}
  [32m✔ And response code should be: 200[39m

[36m@provision @create_provision @entities_provision @bulk_json_flattened @bulk[39m
Feature: Delete and Create a device

    As a device of JsApi
    I want to create a device using json file
    So, I can create a new user with the parametres that I have been defined

  [36m@provision @create_provision @entities_provision @bulk_json_flattened @bulk[39m
  Scenario: Creating an organization to use in create device
  [32m✔ Given an apikey user by "require-real-apikey"[39m
  [32m✔ Given an ogapi "organizations builder" util[39m
  [32m✔ Then I want to create an "organization"[39m
name
create
organization
withName
  [32m✔ And the "name" "organization_bulk"[39m
description
create
organization
withDescription
  [32m✔ And the "description" "device organization"[39m
country code
create
organization
withCountryCode
  [32m✔ And the "country code" "ES"[39m
lang code
create
organization
withLangCode
  [32m✔ And the "lang code" "es"[39m
time zone
create
organization
withTimeZone
  [32m✔ And the "time zone" "Europe/Andorra"[39m
  [32m✔ And the "zoom" 10[39m
  [32m✔ And the "location" with 1 and 1[39m
  [32m✔ Then I delete it[39m
  [32m✔ And I create it[39m
RESPONSE_: {"location":"https://172.19.18.132:8444/v80/provision/organizations/organization_bulk","statusCode":201}
  [32m✔ And response code should be: 201[39m

  [36m@provision @create_provision @entities_provision @bulk_json_flattened @bulk[39m
  Scenario: I want to create a device from json file
  [32m✔ Given an apikey user by "require-real-apikey"[39m
  [32m✔ Given an ogapi "json flattened bulk builder" util with "bulkEntities"[39m
  [32m✔ And I read the file from "/file_test/bulk_double_flattened.json"[39m
  [32m✔ And I "create" it with bulk[39m
  [32m✔ Then does not throws an error[39m

  [36m@provision @create_provision @entities_provision @bulk_json_flattened @bulk[39m
  Scenario: I want to create a device from json file
  [32m✔ Given an apikey user by "require-real-apikey"[39m
  [32m✔ Given an ogapi "json flattened bulk builder" util with "bulkEntities"[39m
  [32m✔ And I read the file from "/file_test/bulk_double_flattened.json"[39m
  [32m✔ And I "create" it with bulk[39m
  [32m✔ Then does not throws an error[39m

  [36m@provision @create_provision @entities_provision @bulk_json_flattened @bulk[39m
  Scenario: I want to update a device from json file
  [32m✔ Given an apikey user by "require-real-apikey"[39m
  [32m✔ Given an ogapi "json flattened bulk builder" util with "bulkEntities"[39m
  [32m✔ And I read the file from "/file_test/bulk_double_flattened.json"[39m
  [32m✔ And I "update" it with bulk[39m
  [32m✔ Then does not throws an error[39m

  [36m@provision @create_provision @entities_provision @bulk_json_flattened @bulk[39m
  Scenario: I want to delete a device from json file
  [32m✔ Given an apikey user by "require-real-apikey"[39m
  [32m✔ Given an ogapi "json flattened bulk builder" util with "bulkEntities"[39m
  [32m✔ And I read the file from "/file_test/bulk_double_flattened.json"[39m
  [32m✔ And I "delete" it with bulk[39m
  [32m✔ Then does not throws an error[39m

  [36m@provision @create_provision @entities_provision @bulk_json_flattened @bulk[39m
  Scenario: Delete the organization
  [32m✔ Given an apikey user by "require-real-apikey"[39m
  [32m✔ Given an ogapi "organizations builder" util[39m
  [32m✔ Then I want to create an "organization"[39m
name
create
organization
withName
  [32m✔ And the "name" "organization_bulk"[39m
  [32m✔ Then I delete it[39m
RESPONSE_: {"statusCode":200}
  [32m✔ And response code should be: 200[39m

[36m@provision @create_provision @create_ticket @ticket @entities_provision @create_delete_ticket[39m
Feature: Delete and Create a device

  As a device of JsApi
  I want to create an device
  So, I can create a new ticket with the parametres that I have been defined

  [36m@provision @create_provision @create_ticket @ticket @entities_provision @create_delete_ticket[39m
  Scenario: Creating an organization to use in create device
  [32m✔ Given an apikey user by "require-real-apikey"[39m
  [32m✔ Given an ogapi "organizations builder" util[39m
  [32m✔ Then I want to create an "organization"[39m
name
create
organization
withName
  [32m✔ And the "name" "ticket_organization"[39m
description
create
organization
withDescription
  [32m✔ And the "description" "device organization"[39m
country code
create
organization
withCountryCode
  [32m✔ And the "country code" "ES"[39m
lang code
create
organization
withLangCode
  [32m✔ And the "lang code" "es"[39m
time zone
create
organization
withTimeZone
  [32m✔ And the "time zone" "Europe/Andorra"[39m
  [32m✔ And the "zoom" 10[39m
  [32m✔ And the "location" with 1 and 1[39m
  [32m✔ Then I delete it[39m
  [32m✔ And I create it[39m
RESPONSE_: {"location":"https://172.19.18.132:8444/v80/provision/organizations/ticket_organization","statusCode":201}
  [32m✔ And response code should be: 201[39m

  [36m@provision @create_provision @create_ticket @ticket @entities_provision @create_delete_ticket[39m
  Scenario: Create and delete a device that not exists
  [32m✔ Given an apikey user by "require-real-apikey"[39m
  [32m✔ Given the entity of type "devices builder" with "ticket_organization"[39m
  [32m✔ Then I get allowed Datastreams fields[39m
  [32m✔ And I can found "provision.device.identifier" as datastream name[39m
  [32m✔ When I try to define the entity with...[39m
      | [32mdatastream                           [39m | [32mtypeFunction[39m | [32mvalue                               [39m | [32mparent[39m |
      | [32mprovision.administration.channel     [39m | [32msimple      [39m | [32mdefault_channel                     [39m | [32m      [39m |
      | [32mprovision.administration.organization[39m | [32msimple      [39m | [32mticket_organization                 [39m | [32m      [39m |
      | [32mprovision.administration.serviceGroup[39m | [32msimple      [39m | [32memptyServiceGroup                   [39m | [32m      [39m |
      | [32mprovision.administration.defaultFeed [39m | [32msimple      [39m | [32mfeed_1                              [39m | [32m      [39m |
      | [32mprovision.device.identifier          [39m | [32msimple      [39m | [32mdevice_ticket_testing_cucumber_ogapi[39m | [32m      [39m |
      | [32mprovision.device.operationalStatus   [39m | [32msimple      [39m | [32mTEST                                [39m | [32m      [39m |
      | [32mprovision.device.serialNumber        [39m | [32msimple      [39m | [32mserialNumber_TEST                   [39m | [32m      [39m |
      | [32mprovision.device.administrativeState [39m | [32msimple      [39m | [32mTESTING                             [39m | [32m      [39m |
      | [32mprovision.device.name                [39m | [32msimple      [39m | [32mOGUX Device GATEWAY tester          [39m | [32m      [39m |
      | [32mprovision.device.specificType        [39m | [32msimple      [39m | [32mCONCENTRATOR                        [39m | [32m      [39m |
  [32m✔ Then I delete it[39m
CREATEOK: {"req":{"method":"POST","url":"https://172.19.18.132:8444/v80/provision/organizations/ticket_organization/devices?flattened=true","data":{"provision.administration.channel":{"_value":{"_current":{"value":"default_channel"}}},"provision.administration.organization":{"_value":{"_current":{"value":"ticket_organization"}}},"provision.administration.serviceGroup":{"_value":{"_current":{"value":"emptyServiceGroup"}}},"provision.administration.defaultFeed":{"_value":{"_current":{"value":"feed_1"}}},"provision.device.identifier":{"_value":{"_current":{"value":"device_ticket_testing_cucumber_ogapi"}}},"provision.device.operationalStatus":{"_value":{"_current":{"value":"TEST"}}},"provision.device.serialNumber":{"_value":{"_current":{"value":"serialNumber_TEST"}}},"provision.device.administrativeState":{"_value":{"_current":{"value":"TESTING"}}},"provision.device.name":{"_value":{"_current":{"value":"OGUX Device GATEWAY tester"}}},"provision.device.specificType":{"_value":{"_current":{"value":"CONCENTRATOR"}}}},"headers":{"user-agent":"node-superagent/2.3.0","content-type":"application/json","x-apikey":"2829be88-a7d7-4f51-aefc-3cc2385b6506"}},"header":{"connection":"close","date":"Mon, 12 Mar 2018 14:47:57 GMT","strict-transport-security":"max-age=2000; includeSubDomains","set-cookie":["JSESSIONID=node0hzy5mfobblk5hkzccmiz3t512805.node0;Path=/;Secure"],"expires":"Thu, 01 Jan 1970 00:00:00 GMT","location":"https://172.19.18.132:8444/v80/provision/organizations/ticket_organization/devices/device_ticket_testing_cucumber_ogapi","server":"Jetty(9.4.0.v20161208)"},"status":201,"text":""}
  [32m✔ And I create it[39m
RESPONSE_: {"location":"https://172.19.18.132:8444/v80/provision/organizations/ticket_organization/devices/device_ticket_testing_cucumber_ogapi","statusCode":201}
  [32m✔ And response code should be: 201[39m
  [32m✔ When I wait 20 seconds[39m

  [36m@provision @create_provision @create_ticket @ticket @entities_provision @create_delete_ticket[39m
  Scenario: Create and delete a ticket that not exists
  [32m✔ Given an apikey user by "require-real-apikey"[39m
  [32m✔ Given the entity of type "tickets builder" with "ticket_organization"[39m
  [32m✔ Then I get allowed Datastreams fields[39m
  [32m✔ And I can found "provision.administration.identifier" as datastream name[39m
  [32m✔ And I can found "provision.administration.organization" as datastream name[39m
  [32m✔ And I can found "provision.ticket.identifier" as datastream name[39m
  [32m✔ And I can found "provision.ticket.name" as datastream name[39m
  [32m✔ And I can found "provision.ticket.description" as datastream name[39m
  [32m✔ And I can found "provision.ticket.label" as datastream name[39m
  [32m✔ And I can found "provision.ticket.type" as datastream name[39m
  [32m✔ And I can found "provision.ticket.severity" as datastream name[39m
  [32m✔ And I can found "provision.ticket.priority" as datastream name[39m
  [32m✔ And I can found "provision.ticket.reporter" as datastream name[39m
  [32m✔ And I can found "provision.ticket.owner" as datastream name[39m
  [32m✔ And I can found "provision.ticket.assignee" as datastream name[39m
  [32m✔ And I can found "provision.ticket.status" as datastream name[39m
  [32m✔ And I can found "provision.ticket.specificType" as datastream name[39m
  [32m✔ And I can found "provision.ticket.section" as datastream name[39m
  [32m✔ And I can found "provision.ticket.entity" as datastream name[39m
  [32m✔ And I can found "provision.ticket.creationDate" as datastream name[39m
  [32m✔ And I can found "provision.ticket.reporterDate" as datastream name[39m
  [32m✔ And I can found "provision.ticket.assignedDate" as datastream name[39m
  [32m✔ And I can found "provision.ticket.answeredDate" as datastream name[39m
  [32m✔ And I can found "provision.ticket.updatedDate" as datastream name[39m
  [32m✔ And I can found "provision.ticket.restorationDate" as datastream name[39m
  [32m✔ And I can found "provision.ticket.resolutionDate" as datastream name[39m
  [32m✔ And I can found "provision.ticket.closedDate" as datastream name[39m
  [32m✔ When I try to define the ticket with...[39m
      | [32mdatastream                           [39m | [32mtypeFunction[39m | [32mvalue                               [39m | [32mparent[39m |
      | [32mprovision.administration.organization[39m | [32msimple      [39m | [32mticket_organization                 [39m | [32m      [39m |
      | [32mprovision.administration.identifier  [39m | [32msimple      [39m | [32mticket_cucumber                     [39m | [32m      [39m |
      | [32mprovision.ticket.name                [39m | [32msimple      [39m | [32mticket_cucumber                     [39m | [32m      [39m |
      | [32mprovision.ticket.description         [39m | [32msimple      [39m | [32mTEST                                [39m | [32m      [39m |
      | [32mprovision.ticket.type                [39m | [32msimple      [39m | [32mINCIDENT                            [39m | [32m      [39m |
      | [32mprovision.ticket.severity            [39m | [32msimple      [39m | [32mCRITICAL                            [39m | [32m      [39m |
      | [32mprovision.ticket.priority            [39m | [32msimple      [39m | [32mCRITICAL                            [39m | [32m      [39m |
      | [32mprovision.ticket.reporter            [39m | [32msimple      [39m | [32mdevice_ticket_testing_cucumber_ogapi[39m | [32m      [39m |
      | [32mprovision.ticket.status              [39m | [32msimple      [39m | [32mCREATED                             [39m | [32m      [39m |
      | [32mprovision.ticket.reporterDate        [39m | [32msimple      [39m | [32m2017-12-15T11:06:29.179Z            [39m | [32m      [39m |
  [32m✔ Then I delete it[39m
  [32m✔ And I create it[39m
RESPONSE_: {"location":"https://172.19.18.132:8444/v80/provision/organizations/ticket_organization/tickets/cec97894-d5e5-433e-9749-332b87d27af6","statusCode":201}
  [32m✔ And response code should be: 201[39m

  [36m@provision @create_provision @create_ticket @ticket @entities_provision @create_delete_ticket[39m
  Scenario: I want to delete the ticket CREATED
  [32m✔ Given an apikey user by "require-real-apikey"[39m
  [32m✔ And an ogapi "ticket search" util with "ticket_organization"[39m
  [32m✔ When I add a filter and with[39m
      | [32moperator[39m | [32mkey                                  [39m | [32mvalue              [39m |
      | [32meq      [39m | [32mprovision.administration.organization[39m | [32mticket_organization[39m |
      | [32meq      [39m | [32mprovision.ticket.name                [39m | [32mticket_cucumber    [39m |
  [32m✔ When I build it[39m
  [32m✔ And I execute it[39m
RESPONSE_: {"data":{"page":{"number":1},"tickets":[{"resourceType":{"_current":{"value":"ticket","provType":"IDENTIFIER","date":"2018-03-12T14:48:18.76Z"}},"provision":{"ticket":{"identifier":{"_current":{"value":"cec97894-d5e5-433e-9749-332b87d27af6","provType":"MONITORING","date":"2018-03-12T14:48:18.703Z"}},"reporterDate":{"_current":{"value":"2017-12-15T11:06:29.179Z","provType":"MONITORING","date":"2018-03-12T14:48:18.686Z"}},"creationDate":{"_current":{"value":"2018-03-12T14:48:18.759Z","provType":"MONITORING","date":"2018-03-12T14:48:18.759Z"}},"description":{"_current":{"value":"TEST","provType":"MONITORING","date":"2018-03-12T14:48:18.704Z"}},"owner":{"_current":{"value":"root@amplia.es","provType":"MONITORING","date":"2018-03-12T14:48:18.76Z"}},"type":{"_current":{"value":"INCIDENT","provType":"MONITORING","date":"2018-03-12T14:48:18.701Z"}},"priority":{"_current":{"value":"CRITICAL","provType":"MONITORING","date":"2018-03-12T14:48:18.719Z"}},"name":{"_current":{"value":"ticket_cucumber","provType":"MONITORING","date":"2018-03-12T14:48:18.697Z"}},"severity":{"_current":{"value":"CRITICAL","provType":"MONITORING","date":"2018-03-12T14:48:18.696Z"}},"reporter":{"_current":{"value":"device_ticket_testing_cucumber_ogapi","provType":"MONITORING","date":"2018-03-12T14:48:18.717Z"}},"status":{"_current":{"value":"CREATED","provType":"MONITORING","date":"2018-03-12T14:48:18.699Z"}}},"administration":{"identifier":{"_current":{"value":"cec97894-d5e5-433e-9749-332b87d27af6","provType":"MONITORING","date":"2018-03-12T14:48:18.721Z"}},"organization":{"_current":{"value":"ticket_organization","provType":"MONITORING","date":"2018-03-12T14:48:18.722Z"}}}}}]},"statusCode":200}
  [32m✔ Then response code should be: 200[39m
  [32m✔ Given the entity of type "tickets builder" with "ticket_organization"[39m
  [32m✔ When I try to define the ticket with...[39m
      | [32mdatastream                           [39m | [32mtypeFunction[39m | [32mvalue              [39m | [32mparent[39m |
      | [32mprovision.administration.organization[39m | [32msimple      [39m | [32mticket_organization[39m | [32m      [39m |
  [32m✔ When I try to define the datastream ticket "provision.ticket.identifier" with "provision.ticket.identifier._current.value" path of the previous response[39m
  [32m✔ And I delete it[39m
RESPONSE_: {"statusCode":200}
  [32m✔ Then response code should be: 200[39m

  [36m@provision @create_provision @create_ticket @ticket @entities_provision @create_delete_ticket[39m
  Scenario: I want to delete the entity
  [32m✔ Given an apikey user by "require-real-apikey"[39m
  [32m✔ Given the entity of type "devices builder" with "ticket_organization"[39m
  [32m✔ When I try to define the entity with...[39m
      | [32mdatastream                           [39m | [32mtypeFunction[39m | [32mvalue                               [39m | [32mparent[39m |
      | [32mprovision.administration.channel     [39m | [32msimple      [39m | [32mdefault_channel                     [39m | [32m      [39m |
      | [32mprovision.administration.organization[39m | [32msimple      [39m | [32mticket_organization                 [39m | [32m      [39m |
      | [32mprovision.device.identifier          [39m | [32msimple      [39m | [32mdevice_ticket_testing_cucumber_ogapi[39m | [32m      [39m |
  [32m✔ Then I delete it[39m

  [36m@provision @create_provision @create_ticket @ticket @entities_provision @create_delete_ticket[39m
  Scenario: Deleting an organization to use in create device
  [32m✔ Given an apikey user by "require-real-apikey"[39m
  [32m✔ Given an ogapi "organizations builder" util[39m
  [32m✔ Then I want to delete an "organization"[39m
name
delete
organization
withName
  [32m✔ And the "name" "ticket_organization"[39m
  [32m✔ Then I delete it[39m

[36m@provision @device_builder @create_device_message @device_message @entities_provision[39m
Feature: Send messages

  As a device of JsApi
  I want to create message and send it
  So, I can create a new message with the parametres that I have been defined

  [36m@provision @device_builder @create_device_message @device_message @entities_provision[39m
  Scenario: Creating an organization to use in create device
  [32m✔ Given an apikey user by "require-real-apikey"[39m
  [32m✔ And an ogapi "deviceMessage builder" util[39m
  [32m✔ And I want to create a "deviceMessage"[39m
  [32m✔ Given an ogapi "organizations builder" util[39m
  [32m✔ Then I want to create an "organization"[39m
name
create
organization
withName
  [32m✔ And the "name" "device_msg_organization"[39m
description
create
organization
withDescription
  [32m✔ And the "description" "device organization"[39m
country code
create
organization
withCountryCode
  [32m✔ And the "country code" "ES"[39m
lang code
create
organization
withLangCode
  [32m✔ And the "lang code" "es"[39m
time zone
create
organization
withTimeZone
  [32m✔ And the "time zone" "Europe/Andorra"[39m
  [32m✔ And the "zoom" 10[39m
  [32m✔ And the "location" with 1 and 1[39m
  [32m✔ Then I delete it[39m
  [32m✔ Then I create it[39m
RESPONSE_: {"location":"https://172.19.18.132:8444/v80/provision/organizations/device_msg_organization","statusCode":201}
  [32m✔ And response code should be: 201[39m

  [36m@provision @device_builder @create_device_message @device_message @entities_provision[39m
  Scenario: I want to get the allowed datastream
  [32m✔ Given an apikey user by "require-real-apikey"[39m
  [32m✔ And an ogapi "deviceMessage builder" util[39m
  [32m✔ And I want to create a "deviceMessage"[39m
  [32m✔ Given the entity of type "devices builder" with "device_msg_organization"[39m
  [32m✔ And I get allowed Datastreams fields[39m
  [32m✔ And I can found "provision.device.identifier" as datastream name[39m
  [32m✔ When I try to define the entity with...[39m
      | [32mdatastream                           [39m | [32mtypeFunction[39m | [32mvalue                  [39m | [32mparent[39m |
      | [32mprovision.administration.channel     [39m | [32msimple      [39m | [32mdefault_channel        [39m | [32m      [39m |
      | [32mprovision.administration.organization[39m | [32msimple      [39m | [32mdevice_msg_organization[39m | [32m      [39m |
      | [32mprovision.administration.serviceGroup[39m | [32msimple      [39m | [32memptyServiceGroup      [39m | [32m      [39m |
      | [32mprovision.device.identifier          [39m | [32msimple      [39m | [32mdevice_ogapi_cdmsg     [39m | [32m      [39m |
      | [32mprovision.device.operationalStatus   [39m | [32msimple      [39m | [32mNORMAL                 [39m | [32m      [39m |
      | [32mprovision.device.administrativeState [39m | [32msimple      [39m | [32mACTIVE                 [39m | [32m      [39m |
CREATEOK: {"req":{"method":"POST","url":"https://172.19.18.132:8444/v80/provision/organizations/device_msg_organization/devices?flattened=true","data":{"provision.administration.channel":{"_value":{"_current":{"value":"default_channel"}}},"provision.administration.organization":{"_value":{"_current":{"value":"device_msg_organization"}}},"provision.administration.serviceGroup":{"_value":{"_current":{"value":"emptyServiceGroup"}}},"provision.device.identifier":{"_value":{"_current":{"value":"device_ogapi_cdmsg"}}},"provision.device.operationalStatus":{"_value":{"_current":{"value":"NORMAL"}}},"provision.device.administrativeState":{"_value":{"_current":{"value":"ACTIVE"}}}},"headers":{"user-agent":"node-superagent/2.3.0","content-type":"application/json","x-apikey":"2829be88-a7d7-4f51-aefc-3cc2385b6506"}},"header":{"connection":"close","date":"Mon, 12 Mar 2018 14:48:29 GMT","strict-transport-security":"max-age=2000; includeSubDomains","set-cookie":["JSESSIONID=node01h4qno3o89czj5k5krb6uctve2824.node0;Path=/;Secure"],"expires":"Thu, 01 Jan 1970 00:00:00 GMT","location":"https://172.19.18.132:8444/v80/provision/organizations/device_msg_organization/devices/device_ogapi_cdmsg","server":"Jetty(9.4.0.v20161208)"},"status":201,"text":""}
  [32m✔ Then I create it[39m
RESPONSE_: {"location":"https://172.19.18.132:8444/v80/provision/organizations/device_msg_organization/devices/device_ogapi_cdmsg","statusCode":201}
  [32m✔ And response code should be: 201[39m

  [36m@provision @device_builder @create_device_message @device_message @entities_provision[39m
  Scenario: Create a Iot message
  [32m✔ Given an apikey user by "require-real-apikey"[39m
  [32m✔ And an ogapi "deviceMessage builder" util[39m
  [32m✔ And I want to create a "deviceMessage"[39m
datastreamVersion
create
deviceMessage
withDataStreamVersion
  [32m✔ Given the "datastreamVersion" "0.0.1"[39m
id
create
deviceMessage
withId
  [32m✔ And the "id" "device_ogapi_cdmsg"[39m
  [32m✔ And I want to create a "datapoints message" with this element:[39m
      | [32mfield[39m | [32mcontent  [39m | [32mtype  [39m |
      | [32mfrom [39m | [32m123455   [39m | [32mnumber[39m |
      | [32mat   [39m | [32m123456   [39m | [32mnumber[39m |
      | [32mvalue[39m | [32m114.3    [39m | [32mnumber[39m |
      | [32mtags [39m | [32mtag1,tag2[39m | [32marray [39m |
  [32m✔ And I want to create a "datastream" with this element:[39m
      | [32mfield[39m | [32mcontent       [39m | [32mtype  [39m |
      | [32mfeed [39m | [32mfeed element  [39m | [32mstring[39m |
      | [32mid   [39m | [32mnumeric.stream[39m | [32mstring[39m |
  [32m✔ And I want to define "datapoints message" in "datastream"[39m
  [32m✔ And I want to create a "datapoints message" with this element:[39m
      | [32mfield[39m | [32mcontent[39m | [32mtype  [39m |
      | [32mvalue[39m | [32m15.3   [39m | [32mnumber[39m |
  [32m✔ And I want to define "datapoints message" in "datastream"[39m
  [32m✔ And I want to define "datastream" in "deviceMessage"[39m
  [32m✔ Then I create it[39m
RESPONSE_: {"statusCode":201}
  [32m✔ And response code should be: 201[39m

  [36m@provision @device_builder @create_device_message @device_message @entities_provision[39m
  Scenario: Create a Dmm message
  [32m✔ Given an apikey user by "require-real-apikey"[39m
  [32m✔ And an ogapi "deviceMessage builder" util[39m
  [32m✔ And I want to create a "deviceMessage"[39m
version
create
deviceMessage
withDmmVersion
  [32m✔ Given the "version" "1.0.1"[39m
id
create
deviceMessage
withId
  [32m✔ And the "id" "device_ogapi_cdmsg"[39m
  [32m✔ And the "path"[39m
      | [32m./[39m | [32m/path[39m |
name
create
deviceMessage
withEventName
  [32m✔ And the "name" "dmm name"[39m
description
create
deviceMessage
withEventDescription
  [32m✔ And the "description" "cucumber description"[39m
  [32m✔ And I want to create a "hardware" with this element:[39m
      | [32mfield           [39m | [32mcontent                  [39m |
      | [32mserialnumber    [39m | [32m4CCT                     [39m |
      | [32mmanufacturerName[39m | [32m4CCT                     [39m |
      | [32mmanufacturerOui [39m | [32m4CCT                     [39m |
      | [32mmodelName       [39m | [32m4CCT                     [39m |
      | [32mmodelVersion    [39m | [32m4CCT                     [39m |
      | [32mclockDate       [39m | [32m2015-07-16T19:20:30+01:00[39m |
      | [32mupTime          [39m | [32m123456789                [39m |
  [32m✔ And I want to define "hardware" in "deviceMessage"[39m
operationalStatus
create
deviceMessage
withOperationalStatus
  [32m✔ And the "operationalStatus" "UNKNOWN"[39m
  [32m✔ And I want to create a "software" with this element:[39m
      | [32mfield  [39m | [32mcontent            [39m |
      | [32mname   [39m | [32mMT16LSDT464AG-662C1[39m |
      | [32mtype   [39m | [32mFIRMWARE           [39m |
      | [32mversion[39m | [32mtest               [39m |
  [32m✔ And I want to define "software" in "deviceMessage"[39m
dateLocation
create
deviceMessage
withDateLocation
  [32m✔ And the "dateLocation" "2016-10-25T11:00:00"[39m
  [32m✔ And the "longitude" 40.75[39m
  [32m✔ And the "latitude" -35[39m
currentTemperature
create
deviceMessage
withCurrentTemperature
  [32m✔ And the "currentTemperature" "1"[39m
unitTemperature
create
deviceMessage
withUnitTemperature
  [32m✔ And the "unitTemperature" "C"[39m
statusTemperature
create
deviceMessage
withStatusTemperature
  [32m✔ And the "statusTemperature" "NORMAL"[39m
trendTemperature
create
deviceMessage
withTrendTemperature
  [32m✔ And the "trendTemperature" "DECREASING"[39m
temperatureAverage
create
deviceMessage
withTemperatureAverage
  [32m✔ And the "temperatureAverage" "30"[39m
minimumTemperature
create
deviceMessage
withMinimumTemperature
  [32m✔ And the "minimumTemperature" "5"[39m
maximumTemperature
create
deviceMessage
withMaximumTemperature
  [32m✔ And the "maximumTemperature" "35"[39m
  [32m✔ And I want to create a "cpuUsage" with this element:[39m
      | [32mfield    [39m | [32mcontent[39m | [32mtype  [39m |
      | [32musageUnit[39m | [32m%      [39m | [32mstring[39m |
      | [32mcurrent  [39m | [32m2      [39m | [32mstring[39m |
      | [32maverage  [39m | [32m15     [39m | [32mstring[39m |
      | [32mmaximum  [39m | [32m17     [39m | [32mstring[39m |
      | [32mminimum  [39m | [32m8      [39m | [32mstring[39m |
  [32m✔ And I want to define "cpuUsage" in "deviceMessage"[39m
  [32m✔ And I want to create a "n" with this element:[39m
      | [32mfield    [39m | [32mcontent[39m | [32mtype  [39m |
      | [32munit     [39m | [32mMB     [39m | [32mstring[39m |
      | [32mtotal    [39m | [32m2048   [39m | [32mstring[39m |
      | [32musageUnit[39m | [32m%      [39m | [32mstring[39m |
      | [32mcurrent  [39m | [32m2      [39m | [32mstring[39m |
      | [32maverage  [39m | [32m15     [39m | [32mstring[39m |
      | [32mmaximum  [39m | [32m17     [39m | [32mstring[39m |
      | [32mminimum  [39m | [32m8      [39m | [32mstring[39m |
  [32m✔ And I want to define "ram" in "deviceMessage"[39m
  [32m✔ And I want to create a "volatilStorage" with this element:[39m
      | [32mfield    [39m | [32mcontent[39m | [32mtype  [39m |
      | [32munit     [39m | [32mMB     [39m | [32mstring[39m |
      | [32mtotal    [39m | [32m2048   [39m | [32mstring[39m |
      | [32musageUnit[39m | [32m%      [39m | [32mstring[39m |
      | [32mcurrent  [39m | [32m5      [39m | [32mstring[39m |
      | [32maverage  [39m | [32m50     [39m | [32mstring[39m |
      | [32mmaximum  [39m | [32m80     [39m | [32mstring[39m |
      | [32mminimum  [39m | [32m10     [39m | [32mstring[39m |
  [32m✔ And I want to define "volatilStorage" in "deviceMessage"[39m
  [32m✔ And I want to create a "nonVolatilStorage" with this element:[39m
      | [32mfield    [39m | [32mcontent[39m | [32mtype  [39m |
      | [32munit     [39m | [32mMB     [39m | [32mstring[39m |
      | [32mtotal    [39m | [32m2048   [39m | [32mstring[39m |
      | [32musageUnit[39m | [32m%      [39m | [32mstring[39m |
      | [32mcurrent  [39m | [32m2      [39m | [32mstring[39m |
      | [32maverage  [39m | [32m15     [39m | [32mstring[39m |
      | [32mmaximum  [39m | [32m17     [39m | [32mstring[39m |
      | [32mminimum  [39m | [32m8      [39m | [32mstring[39m |
  [32m✔ And I want to define "nonVolatilStorage" in "deviceMessage"[39m
  [32m✔ And I want to create a "powerSupply" with this element:[39m
      | [32mfield         [39m | [32mcontent                  [39m | [32mtype  [39m |
      | [32msource        [39m | [32mNETWORK_PLUGGED          [39m | [32mstring[39m |
      | [32mstatus        [39m | [32mCOMPLETE                 [39m | [32mstring[39m |
      | [32mtrend         [39m | [32mRISING                   [39m | [32mstring[39m |
      | [32mbatteryStatus [39m | [32mCHARGED                  [39m | [32mstring[39m |
      | [32mpercentage    [39m | [32m100                      [39m | [32mstring[39m |
      | [32moutageDate    [39m | [32m2015-07-16T19:20:30+01:00[39m | [32mstring[39m |
      | [32moutageDuration[39m | [32m10000                    [39m | [32mnumber[39m |
  [32m✔ And I want to define "powerSupply" in "deviceMessage"[39m
  [32m✔ And I want to create a "commsModuleMessage" with this element:[39m
      | [32mfield            [39m | [32mcontent               [39m | [32mtype  [39m |
      | [32mid               [39m | [32m<identifier>. Ex: IMEI[39m | [32mstring[39m |
      | [32mname             [39m | [32m2G-Modem              [39m | [32mstring[39m |
      | [32mtype             [39m | [32mMOBILE                [39m | [32mstring[39m |
      | [32moperationalStatus[39m | [32mSTOPPED               [39m | [32mstring[39m |
      | [32mantennaStatus    [39m | [32mSHORT_CIRCUIT         [39m | [32mstring[39m |
  [32m✔ And I want to create a "hardware" with this element:[39m
      | [32mfield           [39m | [32mcontent                  [39m |
      | [32mserialnumber    [39m | [32m4CCT                     [39m |
      | [32mmanufacturerName[39m | [32m4CCT                     [39m |
      | [32mmanufacturerOui [39m | [32m4CCT                     [39m |
      | [32mmodelName       [39m | [32m4CCT                     [39m |
      | [32mmodelVersion    [39m | [32m4CCT                     [39m |
      | [32mclockDate       [39m | [32m2015-07-16T19:20:30+01:00[39m |
      | [32mupTime          [39m | [32m2016-10-25T11:00:00      [39m |
  [32m✔ And I want to define "hardware" in "commsModuleMessage"[39m
  [32m✔ And I want to create a "software" with this element:[39m
      | [32mfield  [39m | [32mcontent            [39m |
      | [32mname   [39m | [32mMT16LSDT464AG-662C1[39m |
      | [32mtype   [39m | [32mFIRMWARE           [39m |
      | [32mversion[39m | [32mtest               [39m |
  [32m✔ And I want to define "software" in "commsModuleMessage"[39m
  [32m✔ And I want to create a "mobile" with this element:[39m
      | [32mfield            [39m | [32mcontent[39m | [32mtype  [39m |
      | [32mapn              [39m | [32mtfdata [39m | [32mstring[39m |
      | [32mbcch             [39m | [32mbcch   [39m | [32mstring[39m |
      | [32mcgi              [39m | [32mcgi    [39m | [32mstring[39m |
      | [32mcellId           [39m | [32mid     [39m | [32mstring[39m |
      | [32mlac              [39m | [32mlac    [39m | [32mstring[39m |
      | [32mratType          [39m | [32mracType[39m | [32mstring[39m |
      | [32mplmn             [39m | [32mplmn   [39m | [32mstring[39m |
      | [32mtimingAdvance    [39m | [32m10     [39m | [32mstring[39m |
      | [32msignalStrength   [39m | [32m-55    [39m | [32mstring[39m |
      | [32msignalStrengthMax[39m | [32m-49    [39m | [32mstring[39m |
      | [32msignalStrengthMin[39m | [32m-81    [39m | [32mstring[39m |
      | [32msignalQuality    [39m | [32m0      [39m | [32mstring[39m |
      | [32msignalQualityMax [39m | [32m3.2    [39m | [32mstring[39m |
      | [32msignalQualityMin [39m | [32m0      [39m | [32mstring[39m |
  [32m✔ And I want to define "mobile" in "commsModuleMessage"[39m
  [32m✔ And I want to create a "subscriber" with this element:[39m
      | [32mfield[39m | [32mcontent        [39m | [32mtype  [39m |
      | [32mid   [39m | [32msubscriber_id  [39m | [32mstring[39m |
      | [32mname [39m | [32msubscriber_name[39m | [32mstring[39m |
      | [32mtype [39m | [32mSIM            [39m | [32mstring[39m |
  [32m✔ And I want to create a "hardware" with this element:[39m
      | [32mfield           [39m | [32mcontent                  [39m |
      | [32mserialnumber    [39m | [32m4CCT                     [39m |
      | [32mmanufacturerName[39m | [32m4CCT                     [39m |
      | [32mmanufacturerOui [39m | [32m4CCT                     [39m |
      | [32mmodelName       [39m | [32m4CCT                     [39m |
      | [32mmodelVersion    [39m | [32m4CCT                     [39m |
      | [32mclockDate       [39m | [32m2015-07-16T19:20:30+01:00[39m |
      | [32mupTime          [39m | [32m2016-10-25T11:00:00      [39m |
  [32m✔ And I want to define "hardware" in "subscriber"[39m
  [32m✔ And I want to define "subscriber" in "commsModuleMessage"[39m
  [32m✔ And I want to create a "subscription" with this element:[39m
      | [32mfield       [39m | [32mcontent     [39m | [32mtype  [39m |
      | [32mid          [39m | [32msubscription[39m | [32mstring[39m |
      | [32mname        [39m | [32msubscription[39m | [32mstring[39m |
      | [32mtype        [39m | [32msubscription[39m | [32mstring[39m |
      | [32mdescription [39m | [32msubscription[39m | [32mstring[39m |
      | [32moperator    [39m | [32msubscription[39m | [32mstring[39m |
      | [32mimsi        [39m | [32msubscription[39m | [32mstring[39m |
      | [32mmsisdn      [39m | [32msubscription[39m | [32mstring[39m |
      | [32maddressType [39m | [32mIPV4        [39m | [32mstring[39m |
      | [32maddressValue[39m | [32msubscription[39m | [32mstring[39m |
      | [32maddressApn  [39m | [32msubscription[39m | [32mstring[39m |
  [32m✔ And I want to define "subscription" in "commsModuleMessage"[39m
  [32m✔ And I want to define "commsModuleMessage" in "deviceMessage"[39m
  [32m✔ Then I create it[39m
RESPONSE_: {"statusCode":201}
  [32m✔ And response code should be: 201[39m

  [36m@provision @device_builder @create_device_message @device_message @entities_provision[39m
  Scenario: I want to delete the entity
  [32m✔ Given an apikey user by "require-real-apikey"[39m
  [32m✔ And an ogapi "deviceMessage builder" util[39m
  [32m✔ And I want to create a "deviceMessage"[39m
  [32m✔ Given the entity of type "devices builder" with "device_msg_organization"[39m
  [32m✔ And I get allowed Datastreams fields[39m
  [32m✔ And I can found "provision.device.identifier" as datastream name[39m
  [32m✔ When I try to define the entity with...[39m
      | [32mdatastream                 [39m | [32mtypeFunction[39m | [32mvalue             [39m | [32mparent[39m |
      | [32mprovision.device.identifier[39m | [32msimple      [39m | [32mdevice_ogapi_cdmsg[39m | [32m      [39m |
  [32m✔ And I delete it[39m
RESPONSE_: {"statusCode":200}
  [32m✔ Then response code should be: 200[39m

  [36m@provision @device_builder @create_device_message @device_message @entities_provision[39m
  Scenario: Deleting an organization to use in create device
  [32m✔ Given an apikey user by "require-real-apikey"[39m
  [32m✔ And an ogapi "deviceMessage builder" util[39m
  [32m✔ And I want to create a "deviceMessage"[39m
  [32m✔ Given an ogapi "organizations builder" util[39m
  [32m✔ Then I want to delete an "organization"[39m
name
delete
organization
withName
  [32m✔ And the "name" "device_msg_organization"[39m
  [32m✔ Then I delete it[39m

[36m@provision @asset @asset_builder @create_provision @asset_defaultCreate @entities_provision[39m
Feature: Delete and Create a device

  As a device of JsApi
  I want to create an device
  So, I can create a new user with the parametres that I have been defined

  [36m@provision @asset @asset_builder @create_provision @asset_defaultCreate @entities_provision[39m
  Scenario: Creating an organization to use in create assets
  [32m✔ Given an apikey user by "require-real-apikey"[39m
  [32m✔ Given an ogapi "organizations builder" util[39m
  [32m✔ Then I want to create an "organization"[39m
name
create
organization
withName
  [32m✔ And the "name" "asset_organization"[39m
description
create
organization
withDescription
  [32m✔ And the "description" "asset organization"[39m
country code
create
organization
withCountryCode
  [32m✔ And the "country code" "ES"[39m
lang code
create
organization
withLangCode
  [32m✔ And the "lang code" "es"[39m
time zone
create
organization
withTimeZone
  [32m✔ And the "time zone" "Europe/Andorra"[39m
  [32m✔ And the "zoom" 10[39m
  [32m✔ And the "location" with 1 and 1[39m
  [32m✔ Then I delete it[39m
  [32m✔ Then I create it[39m
RESPONSE_: {"location":"https://172.19.18.132:8444/v80/provision/organizations/asset_organization","statusCode":201}
  [32m✔ And response code should be: 201[39m

  [36m@provision @asset @asset_builder @create_provision @asset_defaultCreate @entities_provision[39m
  Scenario: I want to create an asset
  [32m✔ Given an apikey user by "require-real-apikey"[39m
  [32m✔ Given the entity of type "asset builder" with "asset_organization"[39m
  [32m✔ And I get allowed Datastreams fields[39m
  [32m✔ And I can found "provision.asset.identifier" as datastream name[39m
  [32m✔ When I try to define the entity with...[39m
      | [32mdatastream                           [39m | [32mtypeFunction[39m | [32mvalue             [39m | [32mparent[39m |
      | [32mprovision.administration.channel     [39m | [32msimple      [39m | [32mdefault_channel   [39m | [32m      [39m |
      | [32mprovision.administration.organization[39m | [32msimple      [39m | [32masset_organization[39m | [32m      [39m |
      | [32mprovision.administration.serviceGroup[39m | [32msimple      [39m | [32memptyServiceGroup [39m | [32m      [39m |
      | [32mprovision.asset.identifier           [39m | [32msimple      [39m | [32masset_ogapi_simple[39m | [32m      [39m |
CREATEOK: {"req":{"method":"POST","url":"https://172.19.18.132:8444/v80/provision/organizations/asset_organization/entities?flattened=true","data":{"provision.administration.channel":{"_value":{"_current":{"value":"default_channel"}}},"provision.administration.organization":{"_value":{"_current":{"value":"asset_organization"}}},"provision.administration.serviceGroup":{"_value":{"_current":{"value":"emptyServiceGroup"}}},"provision.asset.identifier":{"_value":{"_current":{"value":"asset_ogapi_simple"}}},"resourceType":{"_value":{"_current":{"value":"entity.asset"}}}},"headers":{"user-agent":"node-superagent/2.3.0","content-type":"application/json","x-apikey":"2829be88-a7d7-4f51-aefc-3cc2385b6506"}},"header":{"connection":"close","date":"Mon, 12 Mar 2018 14:48:40 GMT","strict-transport-security":"max-age=2000; includeSubDomains","set-cookie":["JSESSIONID=node0enxz5svcf7bb1q3dvm404cgch2831.node0;Path=/;Secure"],"expires":"Thu, 01 Jan 1970 00:00:00 GMT","location":"https://172.19.18.132:8444/v80/provision/organizations/asset_organization/entities/asset_ogapi_simple","server":"Jetty(9.4.0.v20161208)"},"status":201,"text":""}
  [32m✔ Then I create it[39m
RESPONSE_: {"location":"https://172.19.18.132:8444/v80/provision/organizations/asset_organization/entities/asset_ogapi_simple","statusCode":201}
  [32m✔ And response code should be: 201[39m

  [36m@provision @asset @asset_builder @create_provision @asset_defaultCreate @entities_provision[39m
  Scenario: I want to update the entity
  [32m✔ Given an apikey user by "require-real-apikey"[39m
  [32m✔ Given the entity of type "asset builder" with "asset_organization"[39m
  [32m✔ And I get allowed Datastreams fields[39m
  [32m✔ And I can found "provision.asset.identifier" as datastream name[39m
  [32m✔ When I try to define the entity with...[39m
      | [32mdatastream                           [39m | [32mtypeFunction[39m | [32mvalue             [39m | [32mparent[39m |
      | [32mprovision.administration.channel     [39m | [32msimple      [39m | [32mdefault_channel   [39m | [32m      [39m |
      | [32mprovision.administration.organization[39m | [32msimple      [39m | [32masset_organization[39m | [32m      [39m |
      | [32mprovision.administration.serviceGroup[39m | [32msimple      [39m | [32memptyServiceGroup [39m | [32m      [39m |
      | [32mprovision.asset.identifier           [39m | [32msimple      [39m | [32masset_ogapi_simple[39m | [32m      [39m |
CREATEOK: {"req":{"method":"PUT","url":"https://172.19.18.132:8444/v80/provision/organizations/asset_organization/entities/asset_ogapi_simple?flattened=true","data":{"provision.administration.channel":{"_value":{"_current":{"value":"default_channel"}}},"provision.administration.organization":{"_value":{"_current":{"value":"asset_organization"}}},"provision.administration.serviceGroup":{"_value":{"_current":{"value":"emptyServiceGroup"}}},"provision.asset.identifier":{"_value":{"_current":{"value":"asset_ogapi_simple"}}},"resourceType":{"_value":{"_current":{"value":"entity.asset"}}}},"headers":{"user-agent":"node-superagent/2.3.0","content-type":"application/json","x-apikey":"2829be88-a7d7-4f51-aefc-3cc2385b6506"}},"header":{"connection":"close","date":"Mon, 12 Mar 2018 14:48:41 GMT","strict-transport-security":"max-age=2000; includeSubDomains","set-cookie":["JSESSIONID=node0tf1ve3fi6aaeh1p7xyx2m31j2834.node0;Path=/;Secure"],"expires":"Thu, 01 Jan 1970 00:00:00 GMT","location":"https://172.19.18.132:8444/v80/provision/organizations/asset_organization/entities/asset_ogapi_simple","server":"Jetty(9.4.0.v20161208)"},"status":200,"text":""}
  [32m✔ And I update it[39m
RESPONSE_: {"location":"https://172.19.18.132:8444/v80/provision/organizations/asset_organization/entities/asset_ogapi_simple","statusCode":200}
  [32m✔ Then response code should be: 200[39m

  [36m@provision @asset @asset_builder @create_provision @asset_defaultCreate @entities_provision[39m
  Scenario: I want to delete the entity
  [32m✔ Given an apikey user by "require-real-apikey"[39m
  [32m✔ Given the entity of type "asset builder" with "asset_organization"[39m
  [32m✔ And I get allowed Datastreams fields[39m
  [32m✔ And I can found "provision.asset.identifier" as datastream name[39m
  [32m✔ When I try to define the entity with...[39m
      | [32mdatastream                [39m | [32mtypeFunction[39m | [32mvalue             [39m | [32mparent[39m |
      | [32mprovision.asset.identifier[39m | [32msimple      [39m | [32masset_ogapi_simple[39m | [32m      [39m |
  [32m✔ And I delete it[39m
RESPONSE_: {"statusCode":200}
  [32m✔ Then response code should be: 200[39m

  [36m@provision @asset @asset_builder @create_provision @asset_defaultCreate @entities_provision[39m
  Scenario: I want to create an asset with incorrect specific type
  [32m✔ Given an apikey user by "require-real-apikey"[39m
  [32m✔ Given the entity of type "asset builder" with "asset_organization"[39m
  [32m✔ And I get allowed Datastreams fields[39m
  [32m✔ And I can found "provision.asset.identifier" as datastream name[39m
  [32m✔ When I try to define the entity with...[39m
      | [32mdatastream                           [39m | [32mtypeFunction[39m | [32mvalue             [39m | [32mparent[39m |
      | [32mprovision.administration.channel     [39m | [32msimple      [39m | [32mdefault_channel   [39m | [32m      [39m |
      | [32mprovision.administration.organization[39m | [32msimple      [39m | [32masset_organization[39m | [32m      [39m |
      | [32mprovision.administration.serviceGroup[39m | [32msimple      [39m | [32memptyServiceGroup [39m | [32m      [39m |
      | [32mprovision.asset.identifier           [39m | [32msimple      [39m | [32masset_ogapi_simple[39m | [32m      [39m |
      | [32mprovision.asset.specificType         [39m | [32msimple      [39m | [32mCONCENTRATORE     [39m | [32m      [39m |
  [32m✔ Then I create it[39m
  [32m✔ And an error is thrown[39m

  [36m@provision @asset @asset_builder @create_provision @asset_defaultCreate @entities_provision[39m
  Scenario: Deleting an organization
  [32m✔ Given an apikey user by "require-real-apikey"[39m
  [32m✔ Given an ogapi "organizations builder" util[39m
  [32m✔ Then I want to delete an "organization"[39m
name
delete
organization
withName
  [32m✔ And the "name" "asset_organization"[39m
  [32m✔ Then I delete it[39m
RESPONSE_: {"statusCode":200}
  [32m✔ And response code should be: 200[39m

[36m@provision @new @entities_provision @create_provision @device_defaultCreateBox[39m
Feature: Delete and Create a device

  As a device of JsApi
  I want to create an device
  So, I can create a new user with the parametres that I have been defined

  [36m@provision @new @entities_provision @create_provision @device_defaultCreateBox[39m
  Scenario: Creating an organization to use in create device
  [32m✔ Given an apikey user by "require-real-apikey"[39m
  [32m✔ Given an ogapi "organizations builder" util[39m
  [32m✔ Then I want to create an "organization"[39m
name
create
organization
withName
  [32m✔ And the "name" "completeDevice_organization"[39m
description
create
organization
withDescription
  [32m✔ And the "description" "device organization"[39m
country code
create
organization
withCountryCode
  [32m✔ And the "country code" "ES"[39m
lang code
create
organization
withLangCode
  [32m✔ And the "lang code" "es"[39m
time zone
create
organization
withTimeZone
  [32m✔ And the "time zone" "Europe/Andorra"[39m
  [32m✔ And the "zoom" 10[39m
  [32m✔ And the "location" with 1 and 1[39m
  [32m✔ Then I delete it[39m
  [32m✔ Then I create it[39m
RESPONSE_: {"location":"https://172.19.18.132:8444/v80/provision/organizations/completeDevice_organization","statusCode":201}
  [32m✔ And response code should be: 201[39m

  [36m@provision @new @entities_provision @create_provision @device_defaultCreateBox[39m
  Scenario: I want to create a device with a Subscripción that NOt exist
  [32m✔ Given an apikey user by "require-real-apikey"[39m
  [32m✔ Given the entity of type "devices builder" with "completeDevice_organization"[39m
  [32m✔ And I get allowed Datastreams fields[39m
  [32m✔ And I can found "provision.device.identifier" as datastream name[39m
  [32m✔ When I try to define the entity with...[39m
      | [32mdatastream                                                     [39m | [32mtypeFunction[39m | [32mvalue                      [39m | [32mparent    [39m |
      | [32mprovision.administration.channel                               [39m | [32msimple      [39m | [32mdefault_channel            [39m | [32m          [39m |
      | [32mprovision.administration.organization                          [39m | [32msimple      [39m | [32mcompleteDevice_organization[39m | [32m          [39m |
      | [32mprovision.administration.serviceGroup                          [39m | [32msimple      [39m | [32memptyServiceGroup          [39m | [32m          [39m |
      | [32mprovision.device.identifier                                    [39m | [32msimple      [39m | [32mcomplete_device_ogapi_1    [39m | [32m          [39m |
      | [32mprovision.device.operationalStatus                             [39m | [32msimple      [39m | [32mNORMAL                     [39m | [32m          [39m |
      | [32mprovision.device.administrativeState                           [39m | [32msimple      [39m | [32mACTIVE                     [39m | [32m          [39m |
      | [32mprovision.device.communicationModules[].identifier             [39m | [32mcomplex     [39m | [32mCMBP_id_11                 [39m | [32mCMBP_id_11[39m |
      | [32mprovision.device.communicationModules[].subscription.identifier[39m | [32mcomplex     [39m | [32mSP_id_11                   [39m | [32mCMBP_id_11[39m |
CREATEOK: {"req":{"method":"PUT","url":"https://172.19.18.132:8444/v80/provision/organizations/completeDevice_organization/devices/complete_device_ogapi_1?flattened=true","data":{"provision.administration.channel":{"_value":{"_current":{"value":"default_channel"}}},"provision.administration.organization":{"_value":{"_current":{"value":"completeDevice_organization"}}},"provision.administration.serviceGroup":{"_value":{"_current":{"value":"emptyServiceGroup"}}},"provision.device.identifier":{"_value":{"_current":{"value":"complete_device_ogapi_1"}}},"provision.device.operationalStatus":{"_value":{"_current":{"value":"NORMAL"}}},"provision.device.administrativeState":{"_value":{"_current":{"value":"ACTIVE"}}},"provision.device.communicationModules[].identifier":[{"_index":{"value":"CMBP_id_11"},"_value":{"_current":{"value":"CMBP_id_11"}}}],"provision.device.communicationModules[].subscription.identifier":[{"_index":{"value":"CMBP_id_11"},"_value":{"_current":{"value":"SP_id_11"}}}]},"headers":{"user-agent":"node-superagent/2.3.0","content-type":"application/json","x-apikey":"2829be88-a7d7-4f51-aefc-3cc2385b6506"}},"header":{"connection":"close","date":"Mon, 12 Mar 2018 14:48:53 GMT","strict-transport-security":"max-age=2000; includeSubDomains","set-cookie":["JSESSIONID=node0w5i7540oledbeymobod3j9na2845.node0;Path=/;Secure"],"expires":"Thu, 01 Jan 1970 00:00:00 GMT","location":"https://172.19.18.132:8444/v80/provision/organizations/completeDevice_organization/devices/complete_device_ogapi_1","server":"Jetty(9.4.0.v20161208)"},"status":200,"text":""}
  [32m✔ Then I create it[39m
  [32m✔ Then I delete it all[39m
RESPONSE_: {"statusCode":200}
  [32m✔ And response code should be: 200[39m

  [36m@provision @new @entities_provision @create_provision @device_defaultCreateBox[39m
  Scenario: I want to create a device with a Subscriber that NOt exist
  [32m✔ Given an apikey user by "require-real-apikey"[39m
  [32m✔ Given the entity of type "devices builder" with "completeDevice_organization"[39m
  [32m✔ And I get allowed Datastreams fields[39m
  [32m✔ And I can found "provision.device.identifier" as datastream name[39m
  [32m✔ When I try to define the entity with...[39m
      | [32mdatastream                                                   [39m | [32mtypeFunction[39m | [32mvalue                      [39m | [32mparent    [39m |
      | [32mprovision.administration.channel                             [39m | [32msimple      [39m | [32mdefault_channel            [39m | [32m          [39m |
      | [32mprovision.administration.organization                        [39m | [32msimple      [39m | [32mcompleteDevice_organization[39m | [32m          [39m |
      | [32mprovision.administration.serviceGroup                        [39m | [32msimple      [39m | [32memptyServiceGroup          [39m | [32m          [39m |
      | [32mprovision.device.identifier                                  [39m | [32msimple      [39m | [32mcomplete_device_ogapi_2    [39m | [32m          [39m |
      | [32mprovision.device.operationalStatus                           [39m | [32msimple      [39m | [32mNORMAL                     [39m | [32m          [39m |
      | [32mprovision.device.administrativeState                         [39m | [32msimple      [39m | [32mACTIVE                     [39m | [32m          [39m |
      | [32mprovision.device.communicationModules[].identifier           [39m | [32mcomplex     [39m | [32mCMBB_id_11                 [39m | [32mCMBB_id_11[39m |
      | [32mprovision.device.communicationModules[].subscriber.identifier[39m | [32mcomplex     [39m | [32mSB_id_11                   [39m | [32mCMBB_id_11[39m |
CREATEOK: {"req":{"method":"PUT","url":"https://172.19.18.132:8444/v80/provision/organizations/completeDevice_organization/devices/complete_device_ogapi_2?flattened=true","data":{"provision.administration.channel":{"_value":{"_current":{"value":"default_channel"}}},"provision.administration.organization":{"_value":{"_current":{"value":"completeDevice_organization"}}},"provision.administration.serviceGroup":{"_value":{"_current":{"value":"emptyServiceGroup"}}},"provision.device.identifier":{"_value":{"_current":{"value":"complete_device_ogapi_2"}}},"provision.device.operationalStatus":{"_value":{"_current":{"value":"NORMAL"}}},"provision.device.administrativeState":{"_value":{"_current":{"value":"ACTIVE"}}},"provision.device.communicationModules[].identifier":[{"_index":{"value":"CMBB_id_11"},"_value":{"_current":{"value":"CMBB_id_11"}}}],"provision.device.communicationModules[].subscriber.identifier":[{"_index":{"value":"CMBB_id_11"},"_value":{"_current":{"value":"SB_id_11"}}}]},"headers":{"user-agent":"node-superagent/2.3.0","content-type":"application/json","x-apikey":"2829be88-a7d7-4f51-aefc-3cc2385b6506"}},"header":{"connection":"close","date":"Mon, 12 Mar 2018 14:48:56 GMT","strict-transport-security":"max-age=2000; includeSubDomains","set-cookie":["JSESSIONID=node01pt7gwvfwoldycf64cx566fnb2851.node0;Path=/;Secure"],"expires":"Thu, 01 Jan 1970 00:00:00 GMT","location":"https://172.19.18.132:8444/v80/provision/organizations/completeDevice_organization/devices/complete_device_ogapi_2","server":"Jetty(9.4.0.v20161208)"},"status":200,"text":""}
  [32m✔ Then I create it[39m
  [32m✔ Then I delete it all[39m
RESPONSE_: {"statusCode":200}
  [32m✔ And response code should be: 200[39m

  [36m@provision @new @entities_provision @create_provision @device_defaultCreateBox[39m
  Scenario: I wan to create a device with a subscription that EXIST
  [32m✔ Given an apikey user by "require-real-apikey"[39m
  [32m✔ Given the entity of type "subscriptions builder" with "completeDevice_organization"[39m
  [32m✔ And I get allowed Datastreams fields[39m
  [32m✔ And I can found "provision.device.communicationModules[].subscription.identifier" as datastream name[39m
  [32m✔ When I try to define the entity with...[39m
      | [32mdatastream                                                              [39m | [32mtypeFunction[39m | [32mvalue                      [39m | [32mparent[39m |
      | [32mprovision.administration.channel                                        [39m | [32msimple      [39m | [32mdefault_channel            [39m | [32m      [39m |
      | [32mprovision.administration.organization                                   [39m | [32msimple      [39m | [32mcompleteDevice_organization[39m | [32m      [39m |
      | [32mprovision.administration.serviceGroup                                   [39m | [32msimple      [39m | [32memptyServiceGroup          [39m | [32m      [39m |
      | [32mprovision.device.communicationModules[].subscription.administrativeState[39m | [32msimple      [39m | [32mACTIVE                     [39m | [32m      [39m |
      | [32mprovision.device.communicationModules[].subscription.identifier         [39m | [32msimple      [39m | [32msbp_ogapi_CD               [39m | [32m      [39m |
  [32m✔ Then I create it[39m
RESPONSE_: {"location":"https://172.19.18.132:8444/v80/provision/organizations/completeDevice_organization/subscriptions/sbp_ogapi_CD","statusCode":201}
  [32m✔ And response code should be: 201[39m
  [32m✔ Given the entity of type "devices builder" with "completeDevice_organization"[39m
  [32m✔ And I get allowed Datastreams fields[39m
  [32m✔ And I can found "provision.device.identifier" as datastream name[39m
  [32m✔ When I try to define the entity with...[39m
      | [32mdatastream                                                     [39m | [32mtypeFunction[39m | [32mvalue                      [39m | [32mparent    [39m |
      | [32mprovision.administration.channel                               [39m | [32msimple      [39m | [32mdefault_channel            [39m | [32m          [39m |
      | [32mprovision.administration.organization                          [39m | [32msimple      [39m | [32mcompleteDevice_organization[39m | [32m          [39m |
      | [32mprovision.administration.serviceGroup                          [39m | [32msimple      [39m | [32memptyServiceGroup          [39m | [32m          [39m |
      | [32mprovision.device.identifier                                    [39m | [32msimple      [39m | [32mcomplete_device_ogapi_3    [39m | [32m          [39m |
      | [32mprovision.device.operationalStatus                             [39m | [32msimple      [39m | [32mNORMAL                     [39m | [32m          [39m |
      | [32mprovision.device.administrativeState                           [39m | [32msimple      [39m | [32mACTIVE                     [39m | [32m          [39m |
      | [32mprovision.device.communicationModules[].identifier             [39m | [32mcomplex     [39m | [32mCMBP_id_12                 [39m | [32mCMBP_id_12[39m |
      | [32mprovision.device.communicationModules[].subscription.identifier[39m | [32mcomplex     [39m | [32msbp_ogapi_CD               [39m | [32mCMBP_id_12[39m |
CREATEOK: {"req":{"method":"PUT","url":"https://172.19.18.132:8444/v80/provision/organizations/completeDevice_organization/devices/complete_device_ogapi_3?flattened=true","data":{"provision.administration.channel":{"_value":{"_current":{"value":"default_channel"}}},"provision.administration.organization":{"_value":{"_current":{"value":"completeDevice_organization"}}},"provision.administration.serviceGroup":{"_value":{"_current":{"value":"emptyServiceGroup"}}},"provision.device.identifier":{"_value":{"_current":{"value":"complete_device_ogapi_3"}}},"provision.device.operationalStatus":{"_value":{"_current":{"value":"NORMAL"}}},"provision.device.administrativeState":{"_value":{"_current":{"value":"ACTIVE"}}},"provision.device.communicationModules[].identifier":[{"_index":{"value":"CMBP_id_12"},"_value":{"_current":{"value":"CMBP_id_12"}}}],"provision.device.communicationModules[].subscription.identifier":[{"_index":{"value":"CMBP_id_12"},"_value":{"_current":{"value":"sbp_ogapi_CD"}}}]},"headers":{"user-agent":"node-superagent/2.3.0","content-type":"application/json","x-apikey":"2829be88-a7d7-4f51-aefc-3cc2385b6506"}},"header":{"connection":"close","date":"Mon, 12 Mar 2018 14:48:59 GMT","strict-transport-security":"max-age=2000; includeSubDomains","set-cookie":["JSESSIONID=node012vhrjwn6tilu1hb8w6dn261k92858.node0;Path=/;Secure"],"expires":"Thu, 01 Jan 1970 00:00:00 GMT","location":"https://172.19.18.132:8444/v80/provision/organizations/completeDevice_organization/devices/complete_device_ogapi_3","server":"Jetty(9.4.0.v20161208)"},"status":200,"text":""}
  [32m✔ Then I create it[39m
  [32m✔ Then I delete it all[39m

  [36m@provision @new @entities_provision @create_provision @device_defaultCreateBox[39m
  Scenario: I wan to create a device with a subscriber that EXIST
  [32m✔ Given an apikey user by "require-real-apikey"[39m
  [32m✔ Given the entity of type "subscribers builder" with "completeDevice_organization"[39m
  [32m✔ And I get allowed Datastreams fields[39m
  [32m✔ And I can found "provision.device.communicationModules[].subscriber.identifier" as datastream name[39m
  [32m✔ When I try to define the entity with...[39m
      | [32mdatastream                                                            [39m | [32mtypeFunction[39m | [32mvalue                      [39m | [32mparent[39m |
      | [32mprovision.administration.channel                                      [39m | [32msimple      [39m | [32mdefault_channel            [39m | [32m      [39m |
      | [32mprovision.administration.organization                                 [39m | [32msimple      [39m | [32mcompleteDevice_organization[39m | [32m      [39m |
      | [32mprovision.administration.serviceGroup                                 [39m | [32msimple      [39m | [32memptyServiceGroup          [39m | [32m      [39m |
      | [32mprovision.device.communicationModules[].subscriber.administrativeState[39m | [32msimple      [39m | [32mACTIVE                     [39m | [32m      [39m |
      | [32mprovision.device.communicationModules[].subscriber.identifier         [39m | [32msimple      [39m | [32msbb_ogapi_CD               [39m | [32m      [39m |
  [32m✔ Then I create it[39m
RESPONSE_: {"location":"https://172.19.18.132:8444/v80/provision/organizations/completeDevice_organization/subscribers/sbb_ogapi_CD","statusCode":201}
  [32m✔ And response code should be: 201[39m
  [32m✔ Given the entity of type "devices builder" with "completeDevice_organization"[39m
  [32m✔ And I get allowed Datastreams fields[39m
  [32m✔ And I can found "provision.device.identifier" as datastream name[39m
  [32m✔ When I try to define the entity with...[39m
      | [32mdatastream                                                   [39m | [32mtypeFunction[39m | [32mvalue                      [39m | [32mparent    [39m |
      | [32mprovision.administration.channel                             [39m | [32msimple      [39m | [32mdefault_channel            [39m | [32m          [39m |
      | [32mprovision.administration.organization                        [39m | [32msimple      [39m | [32mcompleteDevice_organization[39m | [32m          [39m |
      | [32mprovision.administration.serviceGroup                        [39m | [32msimple      [39m | [32memptyServiceGroup          [39m | [32m          [39m |
      | [32mprovision.device.identifier                                  [39m | [32msimple      [39m | [32mcomplete_device_ogapi_4    [39m | [32m          [39m |
      | [32mprovision.device.operationalStatus                           [39m | [32msimple      [39m | [32mNORMAL                     [39m | [32m          [39m |
      | [32mprovision.device.administrativeState                         [39m | [32msimple      [39m | [32mACTIVE                     [39m | [32m          [39m |
      | [32mprovision.device.communicationModules[].identifier           [39m | [32mcomplex     [39m | [32mCMBB_id_12                 [39m | [32mCMBB_id_12[39m |
      | [32mprovision.device.communicationModules[].subscriber.identifier[39m | [32mcomplex     [39m | [32msbb_ogapi_CD               [39m | [32mCMBB_id_12[39m |
CREATEOK: {"req":{"method":"PUT","url":"https://172.19.18.132:8444/v80/provision/organizations/completeDevice_organization/devices/complete_device_ogapi_4?flattened=true","data":{"provision.administration.channel":{"_value":{"_current":{"value":"default_channel"}}},"provision.administration.organization":{"_value":{"_current":{"value":"completeDevice_organization"}}},"provision.administration.serviceGroup":{"_value":{"_current":{"value":"emptyServiceGroup"}}},"provision.device.identifier":{"_value":{"_current":{"value":"complete_device_ogapi_4"}}},"provision.device.operationalStatus":{"_value":{"_current":{"value":"NORMAL"}}},"provision.device.administrativeState":{"_value":{"_current":{"value":"ACTIVE"}}},"provision.device.communicationModules[].identifier":[{"_index":{"value":"CMBB_id_12"},"_value":{"_current":{"value":"CMBB_id_12"}}}],"provision.device.communicationModules[].subscriber.identifier":[{"_index":{"value":"CMBB_id_12"},"_value":{"_current":{"value":"sbb_ogapi_CD"}}}]},"headers":{"user-agent":"node-superagent/2.3.0","content-type":"application/json","x-apikey":"2829be88-a7d7-4f51-aefc-3cc2385b6506"}},"header":{"connection":"close","date":"Mon, 12 Mar 2018 14:49:02 GMT","strict-transport-security":"max-age=2000; includeSubDomains","set-cookie":["JSESSIONID=node0loc71wc5jzuq1ebauqekfl7my2865.node0;Path=/;Secure"],"expires":"Thu, 01 Jan 1970 00:00:00 GMT","location":"https://172.19.18.132:8444/v80/provision/organizations/completeDevice_organization/devices/complete_device_ogapi_4","server":"Jetty(9.4.0.v20161208)"},"status":200,"text":""}
  [32m✔ Then I create it[39m
  [32m✔ Then I delete it all[39m

  [36m@provision @new @entities_provision @create_provision @device_defaultCreateBox[39m
  Scenario: I wan to create a device with a subscription that EXIST and subscriber that NOT Exist
  [32m✔ Given an apikey user by "require-real-apikey"[39m
  [32m✔ Given the entity of type "subscriptions builder" with "completeDevice_organization"[39m
  [32m✔ And I get allowed Datastreams fields[39m
  [32m✔ And I can found "provision.device.communicationModules[].subscription.identifier" as datastream name[39m
  [32m✔ When I try to define the entity with...[39m
      | [32mdatastream                                                              [39m | [32mtypeFunction[39m | [32mvalue            [39m | [32mparent[39m |
      | [32mprovision.administration.channel                                        [39m | [32msimple      [39m | [32mdefault_channel  [39m | [32m      [39m |
      | [32mprovision.administration.organization                                   [39m | [32msimple      [39m | [32mbase_organization[39m | [32m      [39m |
      | [32mprovision.administration.serviceGroup                                   [39m | [32msimple      [39m | [32memptyServiceGroup[39m | [32m      [39m |
      | [32mprovision.device.communicationModules[].subscription.administrativeState[39m | [32msimple      [39m | [32mACTIVE           [39m | [32m      [39m |
      | [32mprovision.device.communicationModules[].subscription.identifier         [39m | [32msimple      [39m | [32msbp_ogapi_CB_1   [39m | [32m      [39m |
  [32m✔ Then I create it[39m
RESPONSE_: {"location":"https://172.19.18.132:8444/v80/provision/organizations/completeDevice_organization/subscriptions/sbp_ogapi_CB_1","statusCode":201}
  [32m✔ And response code should be: 201[39m
  [32m✔ Given the entity of type "devices builder" with "completeDevice_organization"[39m
  [32m✔ And I get allowed Datastreams fields[39m
  [32m✔ And I can found "provision.device.identifier" as datastream name[39m
  [32m✔ When I try to define the entity with...[39m
      | [32mdatastream                                                     [39m | [32mtypeFunction[39m | [32mvalue                      [39m | [32mparent [39m |
      | [32mprovision.administration.channel                               [39m | [32msimple      [39m | [32mdefault_channel            [39m | [32m       [39m |
      | [32mprovision.administration.organization                          [39m | [32msimple      [39m | [32mcompleteDevice_organization[39m | [32m       [39m |
      | [32mprovision.administration.serviceGroup                          [39m | [32msimple      [39m | [32memptyServiceGroup          [39m | [32m       [39m |
      | [32mprovision.device.identifier                                    [39m | [32msimple      [39m | [32mcomplete_device_ogapi_5    [39m | [32m       [39m |
      | [32mprovision.device.operationalStatus                             [39m | [32msimple      [39m | [32mNORMAL                     [39m | [32m       [39m |
      | [32mprovision.device.administrativeState                           [39m | [32msimple      [39m | [32mACTIVE                     [39m | [32m       [39m |
      | [32mprovision.device.communicationModules[].identifier             [39m | [32mcomplex     [39m | [32mCM_CB_1                    [39m | [32mCM_CB_1[39m |
      | [32mprovision.device.communicationModules[].subscription.identifier[39m | [32mcomplex     [39m | [32msbp_ogapi_CB_1             [39m | [32mCM_CB_1[39m |
      | [32mprovision.device.communicationModules[].subscriber.identifier  [39m | [32mcomplex     [39m | [32msbb_ogapi_CB_1             [39m | [32mCM_CB_1[39m |
CREATEOK: {"req":{"method":"PUT","url":"https://172.19.18.132:8444/v80/provision/organizations/completeDevice_organization/devices/complete_device_ogapi_5?flattened=true","data":{"provision.administration.channel":{"_value":{"_current":{"value":"default_channel"}}},"provision.administration.organization":{"_value":{"_current":{"value":"completeDevice_organization"}}},"provision.administration.serviceGroup":{"_value":{"_current":{"value":"emptyServiceGroup"}}},"provision.device.identifier":{"_value":{"_current":{"value":"complete_device_ogapi_5"}}},"provision.device.operationalStatus":{"_value":{"_current":{"value":"NORMAL"}}},"provision.device.administrativeState":{"_value":{"_current":{"value":"ACTIVE"}}},"provision.device.communicationModules[].identifier":[{"_index":{"value":"CM_CB_1"},"_value":{"_current":{"value":"CM_CB_1"}}}],"provision.device.communicationModules[].subscription.identifier":[{"_index":{"value":"CM_CB_1"},"_value":{"_current":{"value":"sbp_ogapi_CB_1"}}}],"provision.device.communicationModules[].subscriber.identifier":[{"_index":{"value":"CM_CB_1"},"_value":{"_current":{"value":"sbb_ogapi_CB_1"}}}]},"headers":{"user-agent":"node-superagent/2.3.0","content-type":"application/json","x-apikey":"2829be88-a7d7-4f51-aefc-3cc2385b6506"}},"header":{"connection":"close","date":"Mon, 12 Mar 2018 14:49:05 GMT","strict-transport-security":"max-age=2000; includeSubDomains","set-cookie":["JSESSIONID=node0ur5v4dmjiw5dnm04urd0fg4l2874.node0;Path=/;Secure"],"expires":"Thu, 01 Jan 1970 00:00:00 GMT","location":"https://172.19.18.132:8444/v80/provision/organizations/completeDevice_organization/devices/complete_device_ogapi_5","server":"Jetty(9.4.0.v20161208)"},"status":200,"text":""}
  [32m✔ Then I create it[39m
  [32m✔ Then I delete it all[39m

  [36m@provision @new @entities_provision @create_provision @device_defaultCreateBox[39m
  Scenario: I wan to create a device with a subscription that NOT EXIST and subscriber that  Exist
  [32m✔ Given an apikey user by "require-real-apikey"[39m
  [32m✔ Given the entity of type "subscribers builder" with "completeDevice_organization"[39m
  [32m✔ And I get allowed Datastreams fields[39m
  [32m✔ And I can found "provision.device.communicationModules[].subscriber.identifier" as datastream name[39m
  [32m✔ When I try to define the entity with...[39m
      | [32mdatastream                                                            [39m | [32mtypeFunction[39m | [32mvalue                      [39m | [32mparent[39m |
      | [32mprovision.administration.channel                                      [39m | [32msimple      [39m | [32mdefault_channel            [39m | [32m      [39m |
      | [32mprovision.administration.organization                                 [39m | [32msimple      [39m | [32mcompleteDevice_organization[39m | [32m      [39m |
      | [32mprovision.administration.serviceGroup                                 [39m | [32msimple      [39m | [32memptyServiceGroup          [39m | [32m      [39m |
      | [32mprovision.device.communicationModules[].subscriber.administrativeState[39m | [32msimple      [39m | [32mACTIVE                     [39m | [32m      [39m |
      | [32mprovision.device.communicationModules[].subscriber.identifier         [39m | [32msimple      [39m | [32msbb_ogapi_CB_2             [39m | [32m      [39m |
  [32m✔ Then I create it[39m
RESPONSE_: {"location":"https://172.19.18.132:8444/v80/provision/organizations/completeDevice_organization/subscribers/sbb_ogapi_CB_2","statusCode":201}
  [32m✔ And response code should be: 201[39m
  [32m✔ Given the entity of type "devices builder" with "completeDevice_organization"[39m
  [32m✔ And I get allowed Datastreams fields[39m
  [32m✔ And I can found "provision.device.identifier" as datastream name[39m
  [32m✔ When I try to define the entity with...[39m
      | [32mdatastream                                                     [39m | [32mtypeFunction[39m | [32mvalue                      [39m | [32mparent [39m |
      | [32mprovision.administration.channel                               [39m | [32msimple      [39m | [32mdefault_channel            [39m | [32m       [39m |
      | [32mprovision.administration.organization                          [39m | [32msimple      [39m | [32mcompleteDevice_organization[39m | [32m       [39m |
      | [32mprovision.administration.serviceGroup                          [39m | [32msimple      [39m | [32memptyServiceGroup          [39m | [32m       [39m |
      | [32mprovision.device.identifier                                    [39m | [32msimple      [39m | [32mcomplete_device_ogapi_6    [39m | [32m       [39m |
      | [32mprovision.device.operationalStatus                             [39m | [32msimple      [39m | [32mNORMAL                     [39m | [32m       [39m |
      | [32mprovision.device.administrativeState                           [39m | [32msimple      [39m | [32mACTIVE                     [39m | [32m       [39m |
      | [32mprovision.device.communicationModules[].identifier             [39m | [32mcomplex     [39m | [32mCM_CB_2                    [39m | [32mCM_CB_2[39m |
      | [32mprovision.device.communicationModules[].subscription.identifier[39m | [32mcomplex     [39m | [32msbp_ogapi_CB_2             [39m | [32mCM_CB_2[39m |
      | [32mprovision.device.communicationModules[].subscriber.identifier  [39m | [32mcomplex     [39m | [32msbb_ogapi_CB_2             [39m | [32mCM_CB_2[39m |
CREATEOK: {"req":{"method":"PUT","url":"https://172.19.18.132:8444/v80/provision/organizations/completeDevice_organization/devices/complete_device_ogapi_6?flattened=true","data":{"provision.administration.channel":{"_value":{"_current":{"value":"default_channel"}}},"provision.administration.organization":{"_value":{"_current":{"value":"completeDevice_organization"}}},"provision.administration.serviceGroup":{"_value":{"_current":{"value":"emptyServiceGroup"}}},"provision.device.identifier":{"_value":{"_current":{"value":"complete_device_ogapi_6"}}},"provision.device.operationalStatus":{"_value":{"_current":{"value":"NORMAL"}}},"provision.device.administrativeState":{"_value":{"_current":{"value":"ACTIVE"}}},"provision.device.communicationModules[].identifier":[{"_index":{"value":"CM_CB_2"},"_value":{"_current":{"value":"CM_CB_2"}}}],"provision.device.communicationModules[].subscription.identifier":[{"_index":{"value":"CM_CB_2"},"_value":{"_current":{"value":"sbp_ogapi_CB_2"}}}],"provision.device.communicationModules[].subscriber.identifier":[{"_index":{"value":"CM_CB_2"},"_value":{"_current":{"value":"sbb_ogapi_CB_2"}}}]},"headers":{"user-agent":"node-superagent/2.3.0","content-type":"application/json","x-apikey":"2829be88-a7d7-4f51-aefc-3cc2385b6506"}},"header":{"connection":"close","date":"Mon, 12 Mar 2018 14:49:08 GMT","strict-transport-security":"max-age=2000; includeSubDomains","set-cookie":["JSESSIONID=node01a0o4aw47hbhoqrz0m0hmt15n2883.node0;Path=/;Secure"],"expires":"Thu, 01 Jan 1970 00:00:00 GMT","location":"https://172.19.18.132:8444/v80/provision/organizations/completeDevice_organization/devices/complete_device_ogapi_6","server":"Jetty(9.4.0.v20161208)"},"status":200,"text":""}
  [32m✔ Then I create it[39m
  [32m✔ Then I delete it all[39m

  [36m@provision @new @entities_provision @create_provision @device_defaultCreateBox[39m
  Scenario: I want to create the entity and update it with a subscriber that EXIST
  [32m✔ Given an apikey user by "require-real-apikey"[39m
  [32m✔ Given the entity of type "devices builder" with "completeDevice_organization"[39m
  [32m✔ And I get allowed Datastreams fields[39m
  [32m✔ And I can found "provision.device.identifier" as datastream name[39m
  [32m✔ When I try to define the entity with...[39m
      | [32mdatastream                           [39m | [32mtypeFunction[39m | [32mvalue                      [39m | [32mparent[39m |
      | [32mprovision.administration.channel     [39m | [32msimple      [39m | [32mdefault_channel            [39m | [32m      [39m |
      | [32mprovision.administration.organization[39m | [32msimple      [39m | [32mcompleteDevice_organization[39m | [32m      [39m |
      | [32mprovision.administration.serviceGroup[39m | [32msimple      [39m | [32memptyServiceGroup          [39m | [32m      [39m |
      | [32mprovision.device.identifier          [39m | [32msimple      [39m | [32mcomplete_device_ogapi_7    [39m | [32m      [39m |
      | [32mprovision.device.operationalStatus   [39m | [32msimple      [39m | [32mNORMAL                     [39m | [32m      [39m |
      | [32mprovision.device.administrativeState [39m | [32msimple      [39m | [32mACTIVE                     [39m | [32m      [39m |
CREATEOK: {"req":{"method":"POST","url":"https://172.19.18.132:8444/v80/provision/organizations/completeDevice_organization/devices?flattened=true","data":{"provision.administration.channel":{"_value":{"_current":{"value":"default_channel"}}},"provision.administration.organization":{"_value":{"_current":{"value":"completeDevice_organization"}}},"provision.administration.serviceGroup":{"_value":{"_current":{"value":"emptyServiceGroup"}}},"provision.device.identifier":{"_value":{"_current":{"value":"complete_device_ogapi_7"}}},"provision.device.operationalStatus":{"_value":{"_current":{"value":"NORMAL"}}},"provision.device.administrativeState":{"_value":{"_current":{"value":"ACTIVE"}}}},"headers":{"user-agent":"node-superagent/2.3.0","content-type":"application/json","x-apikey":"2829be88-a7d7-4f51-aefc-3cc2385b6506"}},"header":{"connection":"close","date":"Mon, 12 Mar 2018 14:49:10 GMT","strict-transport-security":"max-age=2000; includeSubDomains","set-cookie":["JSESSIONID=node0weohn4cjt2p616yytu6p1su3l2886.node0;Path=/;Secure"],"expires":"Thu, 01 Jan 1970 00:00:00 GMT","location":"https://172.19.18.132:8444/v80/provision/organizations/completeDevice_organization/devices/complete_device_ogapi_7","server":"Jetty(9.4.0.v20161208)"},"status":201,"text":""}
  [32m✔ Then I create it[39m
RESPONSE_: {"location":"https://172.19.18.132:8444/v80/provision/organizations/completeDevice_organization/devices/complete_device_ogapi_7","statusCode":201}
  [32m✔ And response code should be: 201[39m
  [32m✔ Given the entity of type "subscribers builder" with "completeDevice_organization"[39m
  [32m✔ And I get allowed Datastreams fields[39m
  [32m✔ And I can found "provision.device.communicationModules[].subscriber.identifier" as datastream name[39m
  [32m✔ When I try to define the entity with...[39m
      | [32mdatastream                                                            [39m | [32mtypeFunction[39m | [32mvalue                      [39m | [32mparent[39m |
      | [32mprovision.administration.channel                                      [39m | [32msimple      [39m | [32mdefault_channel            [39m | [32m      [39m |
      | [32mprovision.administration.organization                                 [39m | [32msimple      [39m | [32mcompleteDevice_organization[39m | [32m      [39m |
      | [32mprovision.administration.serviceGroup                                 [39m | [32msimple      [39m | [32memptyServiceGroup          [39m | [32m      [39m |
      | [32mprovision.device.communicationModules[].subscriber.administrativeState[39m | [32msimple      [39m | [32mACTIVE                     [39m | [32m      [39m |
      | [32mprovision.device.communicationModules[].subscriber.identifier         [39m | [32msimple      [39m | [32msbb_ogapi_U                [39m | [32m      [39m |
  [32m✔ Then I create it[39m
RESPONSE_: {"location":"https://172.19.18.132:8444/v80/provision/organizations/completeDevice_organization/subscribers/sbb_ogapi_U","statusCode":201}
  [32m✔ And response code should be: 201[39m
  [32m✔ Given the entity of type "devices builder" with "completeDevice_organization"[39m
  [32m✔ And I get allowed Datastreams fields[39m
  [32m✔ And I can found "provision.device.identifier" as datastream name[39m
  [32m✔ When I try to define the entity with...[39m
      | [32mdatastream                                                   [39m | [32mtypeFunction[39m | [32mvalue                      [39m | [32mparent[39m |
      | [32mprovision.administration.channel                             [39m | [32msimple      [39m | [32mdefault_channel            [39m | [32m      [39m |
      | [32mprovision.administration.organization                        [39m | [32msimple      [39m | [32mcompleteDevice_organization[39m | [32m      [39m |
      | [32mprovision.administration.serviceGroup                        [39m | [32msimple      [39m | [32memptyServiceGroup          [39m | [32m      [39m |
      | [32mprovision.device.identifier                                  [39m | [32msimple      [39m | [32mcomplete_device_ogapi_7    [39m | [32m      [39m |
      | [32mprovision.device.operationalStatus                           [39m | [32msimple      [39m | [32mNORMAL                     [39m | [32m      [39m |
      | [32mprovision.device.administrativeState                         [39m | [32msimple      [39m | [32mACTIVE                     [39m | [32m      [39m |
      | [32mprovision.device.communicationModules[].identifier           [39m | [32mcomplex     [39m | [32mCM_U_1                     [39m | [32mCM_U_1[39m |
      | [32mprovision.device.communicationModules[].subscriber.identifier[39m | [32mcomplex     [39m | [32msbb_ogapi_U                [39m | [32mCM_U_1[39m |
CREATEOK: {"req":{"method":"PUT","url":"https://172.19.18.132:8444/v80/provision/organizations/completeDevice_organization/devices/complete_device_ogapi_7?flattened=true","data":{"provision.administration.channel":{"_value":{"_current":{"value":"default_channel"}}},"provision.administration.organization":{"_value":{"_current":{"value":"completeDevice_organization"}}},"provision.administration.serviceGroup":{"_value":{"_current":{"value":"emptyServiceGroup"}}},"provision.device.identifier":{"_value":{"_current":{"value":"complete_device_ogapi_7"}}},"provision.device.operationalStatus":{"_value":{"_current":{"value":"NORMAL"}}},"provision.device.administrativeState":{"_value":{"_current":{"value":"ACTIVE"}}},"provision.device.communicationModules[].identifier":[{"_index":{"value":"CM_U_1"},"_value":{"_current":{"value":"CM_U_1"}}}],"provision.device.communicationModules[].subscriber.identifier":[{"_index":{"value":"CM_U_1"},"_value":{"_current":{"value":"sbb_ogapi_U"}}}]},"headers":{"user-agent":"node-superagent/2.3.0","content-type":"application/json","x-apikey":"2829be88-a7d7-4f51-aefc-3cc2385b6506"}},"header":{"connection":"close","date":"Mon, 12 Mar 2018 14:49:12 GMT","strict-transport-security":"max-age=2000; includeSubDomains","set-cookie":["JSESSIONID=node017ejdje3ws7ym8yc7mslifsia2891.node0;Path=/;Secure"],"expires":"Thu, 01 Jan 1970 00:00:00 GMT","location":"https://172.19.18.132:8444/v80/provision/organizations/completeDevice_organization/devices/complete_device_ogapi_7","server":"Jetty(9.4.0.v20161208)"},"status":200,"text":""}
  [32m✔ Then I update it[39m
RESPONSE_: {"location":"https://172.19.18.132:8444/v80/provision/organizations/completeDevice_organization/devices/complete_device_ogapi_7","statusCode":200}
  [32m✔ And response code should be: 200[39m
  [32m✔ Then I delete it all[39m
RESPONSE_: {"statusCode":200}
  [32m✔ And response code should be: 200[39m

  [36m@provision @new @entities_provision @create_provision @device_defaultCreateBox[39m
  Scenario: I want to create the entity and update it with a subscription that EXIST
  [32m✔ Given an apikey user by "require-real-apikey"[39m
  [32m✔ Given the entity of type "devices builder" with "completeDevice_organization"[39m
  [32m✔ And I get allowed Datastreams fields[39m
  [32m✔ And I can found "provision.device.identifier" as datastream name[39m
  [32m✔ When I try to define the entity with...[39m
      | [32mdatastream                           [39m | [32mtypeFunction[39m | [32mvalue                      [39m | [32mparent[39m |
      | [32mprovision.administration.channel     [39m | [32msimple      [39m | [32mdefault_channel            [39m | [32m      [39m |
      | [32mprovision.administration.organization[39m | [32msimple      [39m | [32mcompleteDevice_organization[39m | [32m      [39m |
      | [32mprovision.administration.serviceGroup[39m | [32msimple      [39m | [32memptyServiceGroup          [39m | [32m      [39m |
      | [32mprovision.device.identifier          [39m | [32msimple      [39m | [32mcomplete_device_ogapi_8    [39m | [32m      [39m |
      | [32mprovision.device.operationalStatus   [39m | [32msimple      [39m | [32mNORMAL                     [39m | [32m      [39m |
      | [32mprovision.device.administrativeState [39m | [32msimple      [39m | [32mACTIVE                     [39m | [32m      [39m |
CREATEOK: {"req":{"method":"POST","url":"https://172.19.18.132:8444/v80/provision/organizations/completeDevice_organization/devices?flattened=true","data":{"provision.administration.channel":{"_value":{"_current":{"value":"default_channel"}}},"provision.administration.organization":{"_value":{"_current":{"value":"completeDevice_organization"}}},"provision.administration.serviceGroup":{"_value":{"_current":{"value":"emptyServiceGroup"}}},"provision.device.identifier":{"_value":{"_current":{"value":"complete_device_ogapi_8"}}},"provision.device.operationalStatus":{"_value":{"_current":{"value":"NORMAL"}}},"provision.device.administrativeState":{"_value":{"_current":{"value":"ACTIVE"}}}},"headers":{"user-agent":"node-superagent/2.3.0","content-type":"application/json","x-apikey":"2829be88-a7d7-4f51-aefc-3cc2385b6506"}},"header":{"connection":"close","date":"Mon, 12 Mar 2018 14:49:13 GMT","strict-transport-security":"max-age=2000; includeSubDomains","set-cookie":["JSESSIONID=node0letvqd37t8441q4637u47vot82894.node0;Path=/;Secure"],"expires":"Thu, 01 Jan 1970 00:00:00 GMT","location":"https://172.19.18.132:8444/v80/provision/organizations/completeDevice_organization/devices/complete_device_ogapi_8","server":"Jetty(9.4.0.v20161208)"},"status":201,"text":""}
  [32m✔ Then I create it[39m
RESPONSE_: {"location":"https://172.19.18.132:8444/v80/provision/organizations/completeDevice_organization/devices/complete_device_ogapi_8","statusCode":201}
  [32m✔ And response code should be: 201[39m
  [32m✔ Given the entity of type "subscriptions builder" with "completeDevice_organization"[39m
  [32m✔ And I get allowed Datastreams fields[39m
  [32m✔ And I can found "provision.device.communicationModules[].subscription.identifier" as datastream name[39m
  [32m✔ When I try to define the entity with...[39m
      | [32mdatastream                                                              [39m | [32mtypeFunction[39m | [32mvalue                      [39m | [32mparent[39m |
      | [32mprovision.administration.channel                                        [39m | [32msimple      [39m | [32mdefault_channel            [39m | [32m      [39m |
      | [32mprovision.administration.organization                                   [39m | [32msimple      [39m | [32mcompleteDevice_organization[39m | [32m      [39m |
      | [32mprovision.administration.serviceGroup                                   [39m | [32msimple      [39m | [32memptyServiceGroup          [39m | [32m      [39m |
      | [32mprovision.device.communicationModules[].subscription.administrativeState[39m | [32msimple      [39m | [32mACTIVE                     [39m | [32m      [39m |
      | [32mprovision.device.communicationModules[].subscription.identifier         [39m | [32msimple      [39m | [32msbp_ogapi_U                [39m | [32m      [39m |
  [32m✔ Then I create it[39m
RESPONSE_: {"location":"https://172.19.18.132:8444/v80/provision/organizations/completeDevice_organization/subscriptions/sbp_ogapi_U","statusCode":201}
  [32m✔ And response code should be: 201[39m
  [32m✔ Given the entity of type "devices builder" with "completeDevice_organization"[39m
  [32m✔ And I get allowed Datastreams fields[39m
  [32m✔ And I can found "provision.device.identifier" as datastream name[39m
  [32m✔ When I try to define the entity with...[39m
      | [32mdatastream                                                     [39m | [32mtypeFunction[39m | [32mvalue                      [39m | [32mparent[39m |
      | [32mprovision.administration.channel                               [39m | [32msimple      [39m | [32mdefault_channel            [39m | [32m      [39m |
      | [32mprovision.administration.organization                          [39m | [32msimple      [39m | [32mcompleteDevice_organization[39m | [32m      [39m |
      | [32mprovision.administration.serviceGroup                          [39m | [32msimple      [39m | [32memptyServiceGroup          [39m | [32m      [39m |
      | [32mprovision.device.identifier                                    [39m | [32msimple      [39m | [32mcomplete_device_ogapi_8    [39m | [32m      [39m |
      | [32mprovision.device.operationalStatus                             [39m | [32msimple      [39m | [32mNORMAL                     [39m | [32m      [39m |
      | [32mprovision.device.administrativeState                           [39m | [32msimple      [39m | [32mACTIVE                     [39m | [32m      [39m |
      | [32mprovision.device.communicationModules[].identifier             [39m | [32mcomplex     [39m | [32mCM_U_2                     [39m | [32mCM_U_2[39m |
      | [32mprovision.device.communicationModules[].subscription.identifier[39m | [32mcomplex     [39m | [32msbp_ogapi_U                [39m | [32mCM_U_2[39m |
CREATEOK: {"req":{"method":"PUT","url":"https://172.19.18.132:8444/v80/provision/organizations/completeDevice_organization/devices/complete_device_ogapi_8?flattened=true","data":{"provision.administration.channel":{"_value":{"_current":{"value":"default_channel"}}},"provision.administration.organization":{"_value":{"_current":{"value":"completeDevice_organization"}}},"provision.administration.serviceGroup":{"_value":{"_current":{"value":"emptyServiceGroup"}}},"provision.device.identifier":{"_value":{"_current":{"value":"complete_device_ogapi_8"}}},"provision.device.operationalStatus":{"_value":{"_current":{"value":"NORMAL"}}},"provision.device.administrativeState":{"_value":{"_current":{"value":"ACTIVE"}}},"provision.device.communicationModules[].identifier":[{"_index":{"value":"CM_U_2"},"_value":{"_current":{"value":"CM_U_2"}}}],"provision.device.communicationModules[].subscription.identifier":[{"_index":{"value":"CM_U_2"},"_value":{"_current":{"value":"sbp_ogapi_U"}}}]},"headers":{"user-agent":"node-superagent/2.3.0","content-type":"application/json","x-apikey":"2829be88-a7d7-4f51-aefc-3cc2385b6506"}},"header":{"connection":"close","date":"Mon, 12 Mar 2018 14:49:14 GMT","strict-transport-security":"max-age=2000; includeSubDomains","set-cookie":["JSESSIONID=node01k867q9zbduh61u4rwf8vykyle2899.node0;Path=/;Secure"],"expires":"Thu, 01 Jan 1970 00:00:00 GMT","location":"https://172.19.18.132:8444/v80/provision/organizations/completeDevice_organization/devices/complete_device_ogapi_8","server":"Jetty(9.4.0.v20161208)"},"status":200,"text":""}
  [32m✔ Then I update it[39m
RESPONSE_: {"location":"https://172.19.18.132:8444/v80/provision/organizations/completeDevice_organization/devices/complete_device_ogapi_8","statusCode":200}
  [32m✔ And response code should be: 200[39m
  [32m✔ Then I delete it all[39m
RESPONSE_: {"statusCode":200}
  [32m✔ And response code should be: 200[39m

  [36m@provision @new @entities_provision @create_provision @device_defaultCreateBox[39m
  Scenario: I want to create the entity and update it with a subscription that EXIST
  [32m✔ Given an apikey user by "require-real-apikey"[39m
  [32m✔ Given the entity of type "devices builder" with "completeDevice_organization"[39m
  [32m✔ And I get allowed Datastreams fields[39m
  [32m✔ And I can found "provision.device.identifier" as datastream name[39m
  [32m✔ When I try to define the entity with...[39m
      | [32mdatastream                           [39m | [32mtypeFunction[39m | [32mvalue                      [39m | [32mparent[39m |
      | [32mprovision.administration.channel     [39m | [32msimple      [39m | [32mdefault_channel            [39m | [32m      [39m |
      | [32mprovision.administration.organization[39m | [32msimple      [39m | [32mcompleteDevice_organization[39m | [32m      [39m |
      | [32mprovision.administration.serviceGroup[39m | [32msimple      [39m | [32memptyServiceGroup          [39m | [32m      [39m |
      | [32mprovision.device.identifier          [39m | [32msimple      [39m | [32mcomplete_device_ogapi_9    [39m | [32m      [39m |
      | [32mprovision.device.operationalStatus   [39m | [32msimple      [39m | [32mNORMAL                     [39m | [32m      [39m |
      | [32mprovision.device.administrativeState [39m | [32msimple      [39m | [32mACTIVE                     [39m | [32m      [39m |
CREATEOK: {"req":{"method":"POST","url":"https://172.19.18.132:8444/v80/provision/organizations/completeDevice_organization/devices?flattened=true","data":{"provision.administration.channel":{"_value":{"_current":{"value":"default_channel"}}},"provision.administration.organization":{"_value":{"_current":{"value":"completeDevice_organization"}}},"provision.administration.serviceGroup":{"_value":{"_current":{"value":"emptyServiceGroup"}}},"provision.device.identifier":{"_value":{"_current":{"value":"complete_device_ogapi_9"}}},"provision.device.operationalStatus":{"_value":{"_current":{"value":"NORMAL"}}},"provision.device.administrativeState":{"_value":{"_current":{"value":"ACTIVE"}}}},"headers":{"user-agent":"node-superagent/2.3.0","content-type":"application/json","x-apikey":"2829be88-a7d7-4f51-aefc-3cc2385b6506"}},"header":{"connection":"close","date":"Mon, 12 Mar 2018 14:49:16 GMT","strict-transport-security":"max-age=2000; includeSubDomains","set-cookie":["JSESSIONID=node0khyj9hq86esm1txkio1lnf18a2902.node0;Path=/;Secure"],"expires":"Thu, 01 Jan 1970 00:00:00 GMT","location":"https://172.19.18.132:8444/v80/provision/organizations/completeDevice_organization/devices/complete_device_ogapi_9","server":"Jetty(9.4.0.v20161208)"},"status":201,"text":""}
  [32m✔ Then I create it[39m
RESPONSE_: {"location":"https://172.19.18.132:8444/v80/provision/organizations/completeDevice_organization/devices/complete_device_ogapi_9","statusCode":201}
  [32m✔ And response code should be: 201[39m
  [32m✔ When I try to define the entity with...[39m
      | [32mdatastream                                                     [39m | [32mtypeFunction[39m | [32mvalue                      [39m | [32mparent[39m |
      | [32mprovision.administration.channel                               [39m | [32msimple      [39m | [32mdefault_channel            [39m | [32m      [39m |
      | [32mprovision.administration.organization                          [39m | [32msimple      [39m | [32mcompleteDevice_organization[39m | [32m      [39m |
      | [32mprovision.administration.serviceGroup                          [39m | [32msimple      [39m | [32memptyServiceGroup          [39m | [32m      [39m |
      | [32mprovision.device.identifier                                    [39m | [32msimple      [39m | [32mcomplete_device_ogapi_9    [39m | [32m      [39m |
      | [32mprovision.device.operationalStatus                             [39m | [32msimple      [39m | [32mNORMAL                     [39m | [32m      [39m |
      | [32mprovision.device.administrativeState                           [39m | [32msimple      [39m | [32mACTIVE                     [39m | [32m      [39m |
      | [32mprovision.device.communicationModules[].identifier             [39m | [32mcomplex     [39m | [32mCM_U_3                     [39m | [32mCM_U_3[39m |
      | [32mprovision.device.communicationModules[].subscription.identifier[39m | [32mcomplex     [39m | [32msbp_ogapi_U_ne             [39m | [32mCM_U_3[39m |
CREATEOK: {"req":{"method":"PUT","url":"https://172.19.18.132:8444/v80/provision/organizations/completeDevice_organization/devices/complete_device_ogapi_9?flattened=true","data":{"provision.administration.channel":{"_value":{"_current":{"value":"default_channel"}}},"provision.administration.organization":{"_value":{"_current":{"value":"completeDevice_organization"}}},"provision.administration.serviceGroup":{"_value":{"_current":{"value":"emptyServiceGroup"}}},"provision.device.identifier":{"_value":{"_current":{"value":"complete_device_ogapi_9"}}},"provision.device.operationalStatus":{"_value":{"_current":{"value":"NORMAL"}}},"provision.device.administrativeState":{"_value":{"_current":{"value":"ACTIVE"}}},"provision.device.communicationModules[].identifier":[{"_index":{"value":"CM_U_3"},"_value":{"_current":{"value":"CM_U_3"}}}],"provision.device.communicationModules[].subscription.identifier":[{"_index":{"value":"CM_U_3"},"_value":{"_current":{"value":"sbp_ogapi_U_ne"}}}]},"headers":{"user-agent":"node-superagent/2.3.0","content-type":"application/json","x-apikey":"2829be88-a7d7-4f51-aefc-3cc2385b6506"}},"header":{"connection":"close","date":"Mon, 12 Mar 2018 14:49:17 GMT","strict-transport-security":"max-age=2000; includeSubDomains","set-cookie":["JSESSIONID=node06ufepvxleymj115cavrida6ep2905.node0;Path=/;Secure"],"expires":"Thu, 01 Jan 1970 00:00:00 GMT","location":"https://172.19.18.132:8444/v80/provision/organizations/completeDevice_organization/devices/complete_device_ogapi_9","server":"Jetty(9.4.0.v20161208)"},"status":200,"text":""}
  [32m✔ Then I update it[39m
RESPONSE_: {"location":"https://172.19.18.132:8444/v80/provision/organizations/completeDevice_organization/devices/complete_device_ogapi_9","statusCode":200}
  [32m✔ And response code should be: 200[39m
  [32m✔ Then I delete it all[39m
RESPONSE_: {"statusCode":200}
  [32m✔ And response code should be: 200[39m

  [36m@provision @new @entities_provision @create_provision @device_defaultCreateBox[39m
  Scenario: I want to create the entity and update it with a subscription that EXIST
  [32m✔ Given an apikey user by "require-real-apikey"[39m
  [32m✔ Given the entity of type "devices builder" with "completeDevice_organization"[39m
  [32m✔ And I get allowed Datastreams fields[39m
  [32m✔ And I can found "provision.device.identifier" as datastream name[39m
  [32m✔ When I try to define the entity with...[39m
      | [32mdatastream                           [39m | [32mtypeFunction[39m | [32mvalue                      [39m | [32mparent[39m |
      | [32mprovision.administration.channel     [39m | [32msimple      [39m | [32mdefault_channel            [39m | [32m      [39m |
      | [32mprovision.administration.organization[39m | [32msimple      [39m | [32mcompleteDevice_organization[39m | [32m      [39m |
      | [32mprovision.administration.serviceGroup[39m | [32msimple      [39m | [32memptyServiceGroup          [39m | [32m      [39m |
      | [32mprovision.device.identifier          [39m | [32msimple      [39m | [32mcomplete_device_ogapi_10   [39m | [32m      [39m |
      | [32mprovision.device.operationalStatus   [39m | [32msimple      [39m | [32mNORMAL                     [39m | [32m      [39m |
      | [32mprovision.device.administrativeState [39m | [32msimple      [39m | [32mACTIVE                     [39m | [32m      [39m |
CREATEOK: {"req":{"method":"POST","url":"https://172.19.18.132:8444/v80/provision/organizations/completeDevice_organization/devices?flattened=true","data":{"provision.administration.channel":{"_value":{"_current":{"value":"default_channel"}}},"provision.administration.organization":{"_value":{"_current":{"value":"completeDevice_organization"}}},"provision.administration.serviceGroup":{"_value":{"_current":{"value":"emptyServiceGroup"}}},"provision.device.identifier":{"_value":{"_current":{"value":"complete_device_ogapi_10"}}},"provision.device.operationalStatus":{"_value":{"_current":{"value":"NORMAL"}}},"provision.device.administrativeState":{"_value":{"_current":{"value":"ACTIVE"}}}},"headers":{"user-agent":"node-superagent/2.3.0","content-type":"application/json","x-apikey":"2829be88-a7d7-4f51-aefc-3cc2385b6506"}},"header":{"connection":"close","date":"Mon, 12 Mar 2018 14:49:18 GMT","strict-transport-security":"max-age=2000; includeSubDomains","set-cookie":["JSESSIONID=node0ns8a38n2wnm1q96i9j6v5fi52908.node0;Path=/;Secure"],"expires":"Thu, 01 Jan 1970 00:00:00 GMT","location":"https://172.19.18.132:8444/v80/provision/organizations/completeDevice_organization/devices/complete_device_ogapi_10","server":"Jetty(9.4.0.v20161208)"},"status":201,"text":""}
  [32m✔ Then I create it[39m
RESPONSE_: {"location":"https://172.19.18.132:8444/v80/provision/organizations/completeDevice_organization/devices/complete_device_ogapi_10","statusCode":201}
  [32m✔ And response code should be: 201[39m
  [32m✔ When I try to define the entity with...[39m
      | [32mdatastream                                                   [39m | [32mtypeFunction[39m | [32mvalue                      [39m | [32mparent[39m |
      | [32mprovision.administration.channel                             [39m | [32msimple      [39m | [32mdefault_channel            [39m | [32m      [39m |
      | [32mprovision.administration.organization                        [39m | [32msimple      [39m | [32mcompleteDevice_organization[39m | [32m      [39m |
      | [32mprovision.administration.serviceGroup                        [39m | [32msimple      [39m | [32memptyServiceGroup          [39m | [32m      [39m |
      | [32mprovision.device.identifier                                  [39m | [32msimple      [39m | [32mcomplete_device_ogapi_10   [39m | [32m      [39m |
      | [32mprovision.device.operationalStatus                           [39m | [32msimple      [39m | [32mNORMAL                     [39m | [32m      [39m |
      | [32mprovision.device.administrativeState                         [39m | [32msimple      [39m | [32mACTIVE                     [39m | [32m      [39m |
      | [32mprovision.device.communicationModules[].identifier           [39m | [32mcomplex     [39m | [32mCM_U_4                     [39m | [32mCM_U_4[39m |
      | [32mprovision.device.communicationModules[].subscriber.identifier[39m | [32mcomplex     [39m | [32msbb_ogapi_U_ne             [39m | [32mCM_U_4[39m |
CREATEOK: {"req":{"method":"PUT","url":"https://172.19.18.132:8444/v80/provision/organizations/completeDevice_organization/devices/complete_device_ogapi_10?flattened=true","data":{"provision.administration.channel":{"_value":{"_current":{"value":"default_channel"}}},"provision.administration.organization":{"_value":{"_current":{"value":"completeDevice_organization"}}},"provision.administration.serviceGroup":{"_value":{"_current":{"value":"emptyServiceGroup"}}},"provision.device.identifier":{"_value":{"_current":{"value":"complete_device_ogapi_10"}}},"provision.device.operationalStatus":{"_value":{"_current":{"value":"NORMAL"}}},"provision.device.administrativeState":{"_value":{"_current":{"value":"ACTIVE"}}},"provision.device.communicationModules[].identifier":[{"_index":{"value":"CM_U_4"},"_value":{"_current":{"value":"CM_U_4"}}}],"provision.device.communicationModules[].subscriber.identifier":[{"_index":{"value":"CM_U_4"},"_value":{"_current":{"value":"sbb_ogapi_U_ne"}}}]},"headers":{"user-agent":"node-superagent/2.3.0","content-type":"application/json","x-apikey":"2829be88-a7d7-4f51-aefc-3cc2385b6506"}},"header":{"connection":"close","date":"Mon, 12 Mar 2018 14:49:19 GMT","strict-transport-security":"max-age=2000; includeSubDomains","set-cookie":["JSESSIONID=node0duy6w9y8fwmnhp7by5lf1ybn2911.node0;Path=/;Secure"],"expires":"Thu, 01 Jan 1970 00:00:00 GMT","location":"https://172.19.18.132:8444/v80/provision/organizations/completeDevice_organization/devices/complete_device_ogapi_10","server":"Jetty(9.4.0.v20161208)"},"status":200,"text":""}
  [32m✔ Then I update it[39m
RESPONSE_: {"location":"https://172.19.18.132:8444/v80/provision/organizations/completeDevice_organization/devices/complete_device_ogapi_10","statusCode":200}
  [32m✔ And response code should be: 200[39m
  [32m✔ Then I delete it all[39m
RESPONSE_: {"statusCode":200}
  [32m✔ And response code should be: 200[39m

  [36m@provision @new @entities_provision @create_provision @device_defaultCreateBox @OGODM-3618[39m
  Scenario: I want to separate the subscriber and the subscription from the device
  [32m✔ Given an apikey user by "require-real-apikey"[39m
  [32m✔ Given the entity of type "devices builder" with "completeDevice_organization"[39m
  [32m✔ And I get allowed Datastreams fields[39m
  [32m✔ And I can found "provision.device.identifier" as datastream name[39m
  [32m✔ When I try to define the entity with...[39m
      | [32mdatastream                                                     [39m | [32mtypeFunction[39m | [32mvalue                      [39m | [32mparent       [39m |
      | [32mprovision.administration.channel                               [39m | [32msimple      [39m | [32mdefault_channel            [39m | [32m             [39m |
      | [32mprovision.administration.organization                          [39m | [32msimple      [39m | [32mcompleteDevice_organization[39m | [32m             [39m |
      | [32mprovision.administration.serviceGroup                          [39m | [32msimple      [39m | [32memptyServiceGroup          [39m | [32m             [39m |
      | [32mprovision.device.identifier                                    [39m | [32msimple      [39m | [32mcomplete_device_ogapi_Split[39m | [32m             [39m |
      | [32mprovision.device.operationalStatus                             [39m | [32msimple      [39m | [32mNORMAL                     [39m | [32m             [39m |
      | [32mprovision.device.administrativeState                           [39m | [32msimple      [39m | [32mACTIVE                     [39m | [32m             [39m |
      | [32mprovision.device.communicationModules[].identifier             [39m | [32mcomplex     [39m | [32mComM_Separate              [39m | [32mComM_Separate[39m |
      | [32mprovision.device.communicationModules[].subscriber.identifier  [39m | [32mcomplex     [39m | [32msbb_ogapi_SP_split         [39m | [32mComM_Separate[39m |
      | [32mprovision.device.communicationModules[].subscription.identifier[39m | [32mcomplex     [39m | [32msbp_ogapi_SP_split         [39m | [32mComM_Separate[39m |
CREATEOK: {"req":{"method":"PUT","url":"https://172.19.18.132:8444/v80/provision/organizations/completeDevice_organization/devices/complete_device_ogapi_Split?flattened=true","data":{"provision.administration.channel":{"_value":{"_current":{"value":"default_channel"}}},"provision.administration.organization":{"_value":{"_current":{"value":"completeDevice_organization"}}},"provision.administration.serviceGroup":{"_value":{"_current":{"value":"emptyServiceGroup"}}},"provision.device.identifier":{"_value":{"_current":{"value":"complete_device_ogapi_Split"}}},"provision.device.operationalStatus":{"_value":{"_current":{"value":"NORMAL"}}},"provision.device.administrativeState":{"_value":{"_current":{"value":"ACTIVE"}}},"provision.device.communicationModules[].identifier":[{"_index":{"value":"ComM_Separate"},"_value":{"_current":{"value":"ComM_Separate"}}}],"provision.device.communicationModules[].subscriber.identifier":[{"_index":{"value":"ComM_Separate"},"_value":{"_current":{"value":"sbb_ogapi_SP_split"}}}],"provision.device.communicationModules[].subscription.identifier":[{"_index":{"value":"ComM_Separate"},"_value":{"_current":{"value":"sbp_ogapi_SP_split"}}}]},"headers":{"user-agent":"node-superagent/2.3.0","content-type":"application/json","x-apikey":"2829be88-a7d7-4f51-aefc-3cc2385b6506"}},"header":{"connection":"close","date":"Mon, 12 Mar 2018 14:49:22 GMT","strict-transport-security":"max-age=2000; includeSubDomains","set-cookie":["JSESSIONID=node0a1ygxd7l8t21fhjxrpa6a7g02919.node0;Path=/;Secure"],"expires":"Thu, 01 Jan 1970 00:00:00 GMT","location":"https://172.19.18.132:8444/v80/provision/organizations/completeDevice_organization/devices/complete_device_ogapi_Split","server":"Jetty(9.4.0.v20161208)"},"status":200,"text":""}
  [32m✔ Then I create it[39m
RESPONSE_: {"location":"https://172.19.18.132:8444/v80/provision/organizations/completeDevice_organization/devices/complete_device_ogapi_Split","statusCode":200}
  [32m✔ And response code should be: 200[39m
  [32m✔ Given the entity of type "devices builder" with "completeDevice_organization"[39m
  [32m✔ And I get allowed Datastreams fields[39m
  [32m✔ And I can found "provision.device.identifier" as datastream name[39m
  [32m✔ When I try to define the entity with...[39m
      | [32mdatastream                           [39m | [32mtypeFunction[39m | [32mvalue                      [39m | [32mparent[39m |
      | [32mprovision.administration.channel     [39m | [32msimple      [39m | [32mdefault_channel            [39m | [32m      [39m |
      | [32mprovision.administration.organization[39m | [32msimple      [39m | [32mcompleteDevice_organization[39m | [32m      [39m |
      | [32mprovision.administration.serviceGroup[39m | [32msimple      [39m | [32memptyServiceGroup          [39m | [32m      [39m |
      | [32mprovision.device.identifier          [39m | [32msimple      [39m | [32mcomplete_device_ogapi_Split[39m | [32m      [39m |
      | [32mprovision.device.operationalStatus   [39m | [32msimple      [39m | [32mNORMAL                     [39m | [32m      [39m |
      | [32mprovision.device.administrativeState [39m | [32msimple      [39m | [32mACTIVE                     [39m | [32m      [39m |
CREATEOK: {"req":{"method":"PUT","url":"https://172.19.18.132:8444/v80/provision/organizations/completeDevice_organization/devices/complete_device_ogapi_Split?flattened=true","data":{"provision.administration.channel":{"_value":{"_current":{"value":"default_channel"}}},"provision.administration.organization":{"_value":{"_current":{"value":"completeDevice_organization"}}},"provision.administration.serviceGroup":{"_value":{"_current":{"value":"emptyServiceGroup"}}},"provision.device.identifier":{"_value":{"_current":{"value":"complete_device_ogapi_Split"}}},"provision.device.operationalStatus":{"_value":{"_current":{"value":"NORMAL"}}},"provision.device.administrativeState":{"_value":{"_current":{"value":"ACTIVE"}}}},"headers":{"user-agent":"node-superagent/2.3.0","content-type":"application/json","x-apikey":"2829be88-a7d7-4f51-aefc-3cc2385b6506"}},"header":{"connection":"close","date":"Mon, 12 Mar 2018 14:49:23 GMT","strict-transport-security":"max-age=2000; includeSubDomains","set-cookie":["JSESSIONID=node0a0lpsi7i3uxv15atz93s36z4i2921.node0;Path=/;Secure"],"expires":"Thu, 01 Jan 1970 00:00:00 GMT","location":"https://172.19.18.132:8444/v80/provision/organizations/completeDevice_organization/devices/complete_device_ogapi_Split","server":"Jetty(9.4.0.v20161208)"},"status":200,"text":""}
  [32m✔ Then I update it[39m
RESPONSE_: {"location":"https://172.19.18.132:8444/v80/provision/organizations/completeDevice_organization/devices/complete_device_ogapi_Split","statusCode":200}
  [32m✔ And response code should be: 200[39m
  [32m✔ Then I delete it[39m
RESPONSE_: {"statusCode":200}
  [32m✔ And response code should be: 200[39m
  [32m✔ Given the entity of type "subscribers builder" with "completeDevice_organization"[39m
  [32m✔ When I try to define the entity with...[39m
      | [32mdatastream                                                   [39m | [32mtypeFunction[39m | [32mvalue             [39m | [32mparent[39m |
      | [32mprovision.device.communicationModules[].subscriber.identifier[39m | [32msimple      [39m | [32msbb_ogapi_SP_split[39m | [32m      [39m |
  [32m✔ And I delete it[39m
RESPONSE_: {"statusCode":200}
  [32m✔ Then response code should be: 200[39m
  [32m✔ Given the entity of type "subscriptions builder" with "completeDevice_organization"[39m
  [32m✔ When I try to define the entity with...[39m
      | [32mdatastream                                                     [39m | [32mtypeFunction[39m | [32mvalue             [39m | [32mparent[39m |
      | [32mprovision.device.communicationModules[].subscription.identifier[39m | [32msimple      [39m | [32msbp_ogapi_SP_split[39m | [32m      [39m |
  [32m✔ And I delete it[39m
RESPONSE_: {"statusCode":200}
  [32m✔ Then response code should be: 200[39m

  [36m@provision @new @entities_provision @create_provision @device_defaultCreateBox @OGODM-3618[39m
  Scenario: I want to associate the subscriber and the subscription from the device1 to device2
  [32m✔ Given an apikey user by "require-real-apikey"[39m
  [32m✔ Given the entity of type "devices builder" with "completeDevice_organization"[39m
  [32m✔ And I get allowed Datastreams fields[39m
  [32m✔ And I can found "provision.device.identifier" as datastream name[39m
  [32m✔ When I try to define the entity with...[39m
      | [32mdatastream                                                     [39m | [32mtypeFunction[39m | [32mvalue                       [39m | [32mparent   [39m |
      | [32mprovision.administration.channel                               [39m | [32msimple      [39m | [32mdefault_channel             [39m | [32m         [39m |
      | [32mprovision.administration.organization                          [39m | [32msimple      [39m | [32mcompleteDevice_organization [39m | [32m         [39m |
      | [32mprovision.administration.serviceGroup                          [39m | [32msimple      [39m | [32memptyServiceGroup           [39m | [32m         [39m |
      | [32mprovision.device.identifier                                    [39m | [32msimple      [39m | [32mcomplete_device_ogapi_swap_1[39m | [32m         [39m |
      | [32mprovision.device.operationalStatus                             [39m | [32msimple      [39m | [32mNORMAL                      [39m | [32m         [39m |
      | [32mprovision.device.administrativeState                           [39m | [32msimple      [39m | [32mACTIVE                      [39m | [32m         [39m |
      | [32mprovision.device.communicationModules[].identifier             [39m | [32mcomplex     [39m | [32mCM_swap_1                   [39m | [32mCM_swap_1[39m |
      | [32mprovision.device.communicationModules[].subscriber.identifier  [39m | [32mcomplex     [39m | [32msbb_ogapi_from_1            [39m | [32mCM_swap_1[39m |
      | [32mprovision.device.communicationModules[].subscription.identifier[39m | [32mcomplex     [39m | [32msbp_ogapi_from_1            [39m | [32mCM_swap_1[39m |
CREATEOK: {"req":{"method":"PUT","url":"https://172.19.18.132:8444/v80/provision/organizations/completeDevice_organization/devices/complete_device_ogapi_swap_1?flattened=true","data":{"provision.administration.channel":{"_value":{"_current":{"value":"default_channel"}}},"provision.administration.organization":{"_value":{"_current":{"value":"completeDevice_organization"}}},"provision.administration.serviceGroup":{"_value":{"_current":{"value":"emptyServiceGroup"}}},"provision.device.identifier":{"_value":{"_current":{"value":"complete_device_ogapi_swap_1"}}},"provision.device.operationalStatus":{"_value":{"_current":{"value":"NORMAL"}}},"provision.device.administrativeState":{"_value":{"_current":{"value":"ACTIVE"}}},"provision.device.communicationModules[].identifier":[{"_index":{"value":"CM_swap_1"},"_value":{"_current":{"value":"CM_swap_1"}}}],"provision.device.communicationModules[].subscriber.identifier":[{"_index":{"value":"CM_swap_1"},"_value":{"_current":{"value":"sbb_ogapi_from_1"}}}],"provision.device.communicationModules[].subscription.identifier":[{"_index":{"value":"CM_swap_1"},"_value":{"_current":{"value":"sbp_ogapi_from_1"}}}]},"headers":{"user-agent":"node-superagent/2.3.0","content-type":"application/json","x-apikey":"2829be88-a7d7-4f51-aefc-3cc2385b6506"}},"header":{"connection":"close","date":"Mon, 12 Mar 2018 14:49:28 GMT","strict-transport-security":"max-age=2000; includeSubDomains","set-cookie":["JSESSIONID=node0j0i53gtle7oscl830fuhdq0u2935.node0;Path=/;Secure"],"expires":"Thu, 01 Jan 1970 00:00:00 GMT","location":"https://172.19.18.132:8444/v80/provision/organizations/completeDevice_organization/devices/complete_device_ogapi_swap_1","server":"Jetty(9.4.0.v20161208)"},"status":200,"text":""}
  [32m✔ Then I create it[39m
RESPONSE_: {"location":"https://172.19.18.132:8444/v80/provision/organizations/completeDevice_organization/devices/complete_device_ogapi_swap_1","statusCode":200}
  [32m✔ And response code should be: 200[39m
  [32m✔ Given the entity of type "devices builder" with "completeDevice_organization"[39m
  [32m✔ And I get allowed Datastreams fields[39m
  [32m✔ And I can found "provision.device.identifier" as datastream name[39m
  [32m✔ When I try to define the entity with...[39m
      | [32mdatastream                           [39m | [32mtypeFunction[39m | [32mvalue                       [39m | [32mparent[39m |
      | [32mprovision.administration.channel     [39m | [32msimple      [39m | [32mdefault_channel             [39m | [32m      [39m |
      | [32mprovision.administration.organization[39m | [32msimple      [39m | [32mcompleteDevice_organization [39m | [32m      [39m |
      | [32mprovision.administration.serviceGroup[39m | [32msimple      [39m | [32memptyServiceGroup           [39m | [32m      [39m |
      | [32mprovision.device.identifier          [39m | [32msimple      [39m | [32mcomplete_device_ogapi_swap_1[39m | [32m      [39m |
      | [32mprovision.device.operationalStatus   [39m | [32msimple      [39m | [32mNORMAL                      [39m | [32m      [39m |
      | [32mprovision.device.administrativeState [39m | [32msimple      [39m | [32mACTIVE                      [39m | [32m      [39m |
CREATEOK: {"req":{"method":"PUT","url":"https://172.19.18.132:8444/v80/provision/organizations/completeDevice_organization/devices/complete_device_ogapi_swap_1?flattened=true","data":{"provision.administration.channel":{"_value":{"_current":{"value":"default_channel"}}},"provision.administration.organization":{"_value":{"_current":{"value":"completeDevice_organization"}}},"provision.administration.serviceGroup":{"_value":{"_current":{"value":"emptyServiceGroup"}}},"provision.device.identifier":{"_value":{"_current":{"value":"complete_device_ogapi_swap_1"}}},"provision.device.operationalStatus":{"_value":{"_current":{"value":"NORMAL"}}},"provision.device.administrativeState":{"_value":{"_current":{"value":"ACTIVE"}}}},"headers":{"user-agent":"node-superagent/2.3.0","content-type":"application/json","x-apikey":"2829be88-a7d7-4f51-aefc-3cc2385b6506"}},"header":{"connection":"close","date":"Mon, 12 Mar 2018 14:49:29 GMT","strict-transport-security":"max-age=2000; includeSubDomains","set-cookie":["JSESSIONID=node01aa4pqzpx2ewgrp4jix5lp79e2937.node0;Path=/;Secure"],"expires":"Thu, 01 Jan 1970 00:00:00 GMT","location":"https://172.19.18.132:8444/v80/provision/organizations/completeDevice_organization/devices/complete_device_ogapi_swap_1","server":"Jetty(9.4.0.v20161208)"},"status":200,"text":""}
  [32m✔ Then I update it[39m
RESPONSE_: {"location":"https://172.19.18.132:8444/v80/provision/organizations/completeDevice_organization/devices/complete_device_ogapi_swap_1","statusCode":200}
  [32m✔ And response code should be: 200[39m
  [32m✔ Given the entity of type "devices builder" with "completeDevice_organization"[39m
  [32m✔ And I get allowed Datastreams fields[39m
  [32m✔ And I can found "provision.device.identifier" as datastream name[39m
  [32m✔ When I try to define the entity with...[39m
      | [32mdatastream                           [39m | [32mtypeFunction[39m | [32mvalue                       [39m | [32mparent[39m |
      | [32mprovision.administration.channel     [39m | [32msimple      [39m | [32mdefault_channel             [39m | [32m      [39m |
      | [32mprovision.administration.organization[39m | [32msimple      [39m | [32mcompleteDevice_organization [39m | [32m      [39m |
      | [32mprovision.administration.serviceGroup[39m | [32msimple      [39m | [32memptyServiceGroup           [39m | [32m      [39m |
      | [32mprovision.device.identifier          [39m | [32msimple      [39m | [32mcomplete_device_ogapi_swap_1[39m | [32m      [39m |
  [32m✔ Then I delete it[39m
RESPONSE_: {"statusCode":200}
  [32m✔ And response code should be: 200[39m
  [32m✔ Given the entity of type "devices builder" with "completeDevice_organization"[39m
  [32m✔ And I get allowed Datastreams fields[39m
  [32m✔ And I can found "provision.device.identifier" as datastream name[39m
  [32m✔ When I try to define the entity with...[39m
      | [32mdatastream                                                     [39m | [32mtypeFunction[39m | [32mvalue                       [39m | [32mparent   [39m |
      | [32mprovision.administration.channel                               [39m | [32msimple      [39m | [32mdefault_channel             [39m | [32m         [39m |
      | [32mprovision.administration.organization                          [39m | [32msimple      [39m | [32mcompleteDevice_organization [39m | [32m         [39m |
      | [32mprovision.administration.serviceGroup                          [39m | [32msimple      [39m | [32memptyServiceGroup           [39m | [32m         [39m |
      | [32mprovision.device.identifier                                    [39m | [32msimple      [39m | [32mcomplete_device_ogapi_swap_2[39m | [32m         [39m |
      | [32mprovision.device.operationalStatus                             [39m | [32msimple      [39m | [32mNORMAL                      [39m | [32m         [39m |
      | [32mprovision.device.administrativeState                           [39m | [32msimple      [39m | [32mACTIVE                      [39m | [32m         [39m |
      | [32mprovision.device.communicationModules[].identifier             [39m | [32mcomplex     [39m | [32mCM_swap_2                   [39m | [32mCM_swap_2[39m |
      | [32mprovision.device.communicationModules[].subscriber.identifier  [39m | [32mcomplex     [39m | [32msbb_ogapi_from_1            [39m | [32mCM_swap_2[39m |
      | [32mprovision.device.communicationModules[].subscription.identifier[39m | [32mcomplex     [39m | [32msbp_ogapi_from_1            [39m | [32mCM_swap_2[39m |
CREATEOK: {"req":{"method":"PUT","url":"https://172.19.18.132:8444/v80/provision/organizations/completeDevice_organization/devices/complete_device_ogapi_swap_2?flattened=true","data":{"provision.administration.channel":{"_value":{"_current":{"value":"default_channel"}}},"provision.administration.organization":{"_value":{"_current":{"value":"completeDevice_organization"}}},"provision.administration.serviceGroup":{"_value":{"_current":{"value":"emptyServiceGroup"}}},"provision.device.identifier":{"_value":{"_current":{"value":"complete_device_ogapi_swap_2"}}},"provision.device.operationalStatus":{"_value":{"_current":{"value":"NORMAL"}}},"provision.device.administrativeState":{"_value":{"_current":{"value":"ACTIVE"}}},"provision.device.communicationModules[].identifier":[{"_index":{"value":"CM_swap_2"},"_value":{"_current":{"value":"CM_swap_2"}}}],"provision.device.communicationModules[].subscriber.identifier":[{"_index":{"value":"CM_swap_2"},"_value":{"_current":{"value":"sbb_ogapi_from_1"}}}],"provision.device.communicationModules[].subscription.identifier":[{"_index":{"value":"CM_swap_2"},"_value":{"_current":{"value":"sbp_ogapi_from_1"}}}]},"headers":{"user-agent":"node-superagent/2.3.0","content-type":"application/json","x-apikey":"2829be88-a7d7-4f51-aefc-3cc2385b6506"}},"header":{"connection":"close","date":"Mon, 12 Mar 2018 14:49:32 GMT","strict-transport-security":"max-age=2000; includeSubDomains","set-cookie":["JSESSIONID=node0bgnbe9xk4mgdb1vzrfqkey992944.node0;Path=/;Secure"],"expires":"Thu, 01 Jan 1970 00:00:00 GMT","location":"https://172.19.18.132:8444/v80/provision/organizations/completeDevice_organization/devices/complete_device_ogapi_swap_2","server":"Jetty(9.4.0.v20161208)"},"status":200,"text":""}
  [32m✔ Then I create it[39m
RESPONSE_: {"location":"https://172.19.18.132:8444/v80/provision/organizations/completeDevice_organization/devices/complete_device_ogapi_swap_2","statusCode":200}
  [32m✔ And response code should be: 200[39m
  [32m✔ Then I delete it all[39m

  [36m@provision @new @entities_provision @create_provision @device_defaultCreateBox[39m
  Scenario: I want to associate the subscriber from the device1 to device2
  [32m✔ Given an apikey user by "require-real-apikey"[39m
  [32m✔ Given the entity of type "devices builder" with "completeDevice_organization"[39m
  [32m✔ And I get allowed Datastreams fields[39m
  [32m✔ And I can found "provision.device.identifier" as datastream name[39m
  [32m✔ When I try to define the entity with...[39m
      | [32mdatastream                                                   [39m | [32mtypeFunction[39m | [32mvalue                      [39m | [32mparent    [39m |
      | [32mprovision.administration.channel                             [39m | [32msimple      [39m | [32mdefault_channel            [39m | [32m          [39m |
      | [32mprovision.administration.organization                        [39m | [32msimple      [39m | [32mcompleteDevice_organization[39m | [32m          [39m |
      | [32mprovision.administration.serviceGroup                        [39m | [32msimple      [39m | [32memptyServiceGroup          [39m | [32m          [39m |
      | [32mprovision.device.identifier                                  [39m | [32msimple      [39m | [32mcomplete_device_ogapi_bug1 [39m | [32m          [39m |
      | [32mprovision.device.operationalStatus                           [39m | [32msimple      [39m | [32mNORMAL                     [39m | [32m          [39m |
      | [32mprovision.device.administrativeState                         [39m | [32msimple      [39m | [32mACTIVE                     [39m | [32m          [39m |
      | [32mprovision.device.communicationModules[].identifier           [39m | [32mcomplex     [39m | [32mCM_swap_b1                 [39m | [32mCM_swap_b1[39m |
      | [32mprovision.device.communicationModules[].subscriber.identifier[39m | [32mcomplex     [39m | [32msbb_ogapi_from_d1          [39m | [32mCM_swap_b1[39m |
CREATEOK: {"req":{"method":"PUT","url":"https://172.19.18.132:8444/v80/provision/organizations/completeDevice_organization/devices/complete_device_ogapi_bug1?flattened=true","data":{"provision.administration.channel":{"_value":{"_current":{"value":"default_channel"}}},"provision.administration.organization":{"_value":{"_current":{"value":"completeDevice_organization"}}},"provision.administration.serviceGroup":{"_value":{"_current":{"value":"emptyServiceGroup"}}},"provision.device.identifier":{"_value":{"_current":{"value":"complete_device_ogapi_bug1"}}},"provision.device.operationalStatus":{"_value":{"_current":{"value":"NORMAL"}}},"provision.device.administrativeState":{"_value":{"_current":{"value":"ACTIVE"}}},"provision.device.communicationModules[].identifier":[{"_index":{"value":"CM_swap_b1"},"_value":{"_current":{"value":"CM_swap_b1"}}}],"provision.device.communicationModules[].subscriber.identifier":[{"_index":{"value":"CM_swap_b1"},"_value":{"_current":{"value":"sbb_ogapi_from_d1"}}}]},"headers":{"user-agent":"node-superagent/2.3.0","content-type":"application/json","x-apikey":"2829be88-a7d7-4f51-aefc-3cc2385b6506"}},"header":{"connection":"close","date":"Mon, 12 Mar 2018 14:49:34 GMT","strict-transport-security":"max-age=2000; includeSubDomains","set-cookie":["JSESSIONID=node0zx7gspvtx1yb1bic7150mcbgf2950.node0;Path=/;Secure"],"expires":"Thu, 01 Jan 1970 00:00:00 GMT","location":"https://172.19.18.132:8444/v80/provision/organizations/completeDevice_organization/devices/complete_device_ogapi_bug1","server":"Jetty(9.4.0.v20161208)"},"status":200,"text":""}
  [32m✔ Then I create it[39m
RESPONSE_: {"location":"https://172.19.18.132:8444/v80/provision/organizations/completeDevice_organization/devices/complete_device_ogapi_bug1","statusCode":200}
  [32m✔ And response code should be: 200[39m
  [32m✔ Given the entity of type "devices builder" with "completeDevice_organization"[39m
  [32m✔ And I get allowed Datastreams fields[39m
  [32m✔ And I can found "provision.device.identifier" as datastream name[39m
  [32m✔ When I try to define the entity with...[39m
      | [32mdatastream                                                     [39m | [32mtypeFunction[39m | [32mvalue                      [39m | [32mparent   [39m |
      | [32mprovision.administration.channel                               [39m | [32msimple      [39m | [32mdefault_channel            [39m | [32m         [39m |
      | [32mprovision.administration.organization                          [39m | [32msimple      [39m | [32mcompleteDevice_organization[39m | [32m         [39m |
      | [32mprovision.administration.serviceGroup                          [39m | [32msimple      [39m | [32memptyServiceGroup          [39m | [32m         [39m |
      | [32mprovision.device.identifier                                    [39m | [32msimple      [39m | [32mcomplete_device_ogapi_bug2 [39m | [32m         [39m |
      | [32mprovision.device.operationalStatus                             [39m | [32msimple      [39m | [32mNORMAL                     [39m | [32m         [39m |
      | [32mprovision.device.administrativeState                           [39m | [32msimple      [39m | [32mACTIVE                     [39m | [32m         [39m |
      | [32mprovision.device.communicationModules[].identifier             [39m | [32mcomplex     [39m | [32mCM_swap_3                  [39m | [32mCM_swap_3[39m |
      | [32mprovision.device.communicationModules[].subscriber.identifier  [39m | [32mcomplex     [39m | [32msbb_ogapi_from_d1          [39m | [32mCM_swap_3[39m |
      | [32mprovision.device.communicationModules[].subscription.identifier[39m | [32mcomplex     [39m | [32msbp_ogapi_from_2           [39m | [32mCM_swap_3[39m |
mostrando errores
{"statusCode":400,"data":{"errors":[{"code":16785413,"message":"Subscriber to provision already exist in other relation","context":[{"name":"provision.device.communicationModules[].subscriber.identifier","value":"sbb_ogapi_from_d1"}]},{"code":16785413,"message":"Subscriber to provision already exist in other relation","context":[{"name":"provision.device.communicationModules[].subscriber.identifier","value":"sbb_ogapi_from_d1"}]}]}}
  [32m✔ Then I create it[39m
RESPONSE_: {"errors":[{"code":16785413,"message":"Subscriber to provision already exist in other relation","context":[{"name":"provision.device.communicationModules[].subscriber.identifier","value":"sbb_ogapi_from_d1"}]},{"code":16785413,"message":"Subscriber to provision already exist in other relation","context":[{"name":"provision.device.communicationModules[].subscriber.identifier","value":"sbb_ogapi_from_d1"}]}],"statusCode":400}
  [32m✔ And response code should be: 400[39m
  [32m✔ Given the entity of type "devices builder" with "completeDevice_organization"[39m
  [32m✔ And I get allowed Datastreams fields[39m
  [32m✔ And I can found "provision.device.identifier" as datastream name[39m
  [32m✔ When I try to define the entity with...[39m
      | [32mdatastream                           [39m | [32mtypeFunction[39m | [32mvalue                      [39m | [32mparent[39m |
      | [32mprovision.administration.channel     [39m | [32msimple      [39m | [32mdefault_channel            [39m | [32m      [39m |
      | [32mprovision.administration.organization[39m | [32msimple      [39m | [32mcompleteDevice_organization[39m | [32m      [39m |
      | [32mprovision.device.identifier          [39m | [32msimple      [39m | [32mcomplete_device_ogapi_bug1 [39m | [32m      [39m |
  [32m✔ Then I delete it all[39m
RESPONSE_: {"statusCode":200}
  [32m✔ And response code should be: 200[39m

  [36m@provision @new @entities_provision @create_provision @device_defaultCreateBox[39m
  Scenario: Deleting an organization to use in the feature
  [32m✔ Given an apikey user by "require-real-apikey"[39m
  [32m✔ Given an ogapi "organizations builder" util[39m
  [32m✔ Then I want to delete an "organization"[39m
name
delete
organization
withName
  [32m✔ And the "name" "completeDevice_organization"[39m
  [32m✔ Then I delete it[39m

[36m@provision @device_builder @new @create_provision @device_defaultCreate @entities_provision[39m
Feature: Delete and Create a device

  As a device of JsApi
  I want to create an device
  So, I can create a new user with the parametres that I have been defined

  [36m@provision @device_builder @new @create_provision @device_defaultCreate @entities_provision[39m
  Scenario: Creating an organization to use in create device
  [32m✔ Given an apikey user by "require-real-apikey"[39m
  [32m✔ Given an ogapi "organizations builder" util[39m
  [32m✔ Then I want to create an "organization"[39m
name
create
organization
withName
  [32m✔ And the "name" "simple_device_organization"[39m
description
create
organization
withDescription
  [32m✔ And the "description" "device organization"[39m
country code
create
organization
withCountryCode
  [32m✔ And the "country code" "ES"[39m
lang code
create
organization
withLangCode
  [32m✔ And the "lang code" "es"[39m
time zone
create
organization
withTimeZone
  [32m✔ And the "time zone" "Europe/Andorra"[39m
  [32m✔ And the "zoom" 10[39m
  [32m✔ And the "location" with 1 and 1[39m
  [32m✔ Then I delete it[39m
  [32m✔ Then I create it[39m
RESPONSE_: {"location":"https://172.19.18.132:8444/v80/provision/organizations/simple_device_organization","statusCode":201}
  [32m✔ And response code should be: 201[39m

  [36m@provision @device_builder @new @create_provision @device_defaultCreate @entities_provision[39m
  Scenario: I want to create a device
  [32m✔ Given an apikey user by "require-real-apikey"[39m
  [32m✔ Given the entity of type "devices builder" with "simple_device_organization"[39m
  [32m✔ And I get allowed Datastreams fields[39m
  [32m✔ And I can found "provision.device.identifier" as datastream name[39m
  [32m✔ When I try to define the entity with...[39m
      | [32mdatastream                           [39m | [32mtypeFunction[39m | [32mvalue                     [39m | [32mparent[39m |
      | [32mprovision.administration.channel     [39m | [32msimple      [39m | [32mdefault_channel           [39m | [32m      [39m |
      | [32mprovision.administration.organization[39m | [32msimple      [39m | [32msimple_device_organization[39m | [32m      [39m |
      | [32mprovision.administration.serviceGroup[39m | [32msimple      [39m | [32memptyServiceGroup         [39m | [32m      [39m |
      | [32mprovision.device.identifier          [39m | [32msimple      [39m | [32mdevice_ogapi_simple       [39m | [32m      [39m |
      | [32mprovision.device.operationalStatus   [39m | [32msimple      [39m | [32mNORMAL                    [39m | [32m      [39m |
      | [32mprovision.device.administrativeState [39m | [32msimple      [39m | [32mACTIVE                    [39m | [32m      [39m |
CREATEOK: {"req":{"method":"POST","url":"https://172.19.18.132:8444/v80/provision/organizations/simple_device_organization/devices?flattened=true","data":{"provision.administration.channel":{"_value":{"_current":{"value":"default_channel"}}},"provision.administration.organization":{"_value":{"_current":{"value":"simple_device_organization"}}},"provision.administration.serviceGroup":{"_value":{"_current":{"value":"emptyServiceGroup"}}},"provision.device.identifier":{"_value":{"_current":{"value":"device_ogapi_simple"}}},"provision.device.operationalStatus":{"_value":{"_current":{"value":"NORMAL"}}},"provision.device.administrativeState":{"_value":{"_current":{"value":"ACTIVE"}}}},"headers":{"user-agent":"node-superagent/2.3.0","content-type":"application/json","x-apikey":"2829be88-a7d7-4f51-aefc-3cc2385b6506"}},"header":{"connection":"close","date":"Mon, 12 Mar 2018 14:49:47 GMT","strict-transport-security":"max-age=2000; includeSubDomains","set-cookie":["JSESSIONID=node019cm0p2bbuiw1a6rwu6rcanf52965.node0;Path=/;Secure"],"expires":"Thu, 01 Jan 1970 00:00:00 GMT","location":"https://172.19.18.132:8444/v80/provision/organizations/simple_device_organization/devices/device_ogapi_simple","server":"Jetty(9.4.0.v20161208)"},"status":201,"text":""}
  [32m✔ Then I create it[39m
RESPONSE_: {"location":"https://172.19.18.132:8444/v80/provision/organizations/simple_device_organization/devices/device_ogapi_simple","statusCode":201}
  [32m✔ And response code should be: 201[39m

  [36m@provision @device_builder @new @create_provision @device_defaultCreate @entities_provision[39m
  Scenario: I want to update the entity
  [32m✔ Given an apikey user by "require-real-apikey"[39m
  [32m✔ Given the entity of type "devices builder" with "simple_device_organization"[39m
  [32m✔ And I get allowed Datastreams fields[39m
  [32m✔ And I can found "provision.device.identifier" as datastream name[39m
  [32m✔ When I try to define the entity with...[39m
      | [32mdatastream                           [39m | [32mtypeFunction[39m | [32mvalue                     [39m | [32mparent[39m |
      | [32mprovision.administration.channel     [39m | [32msimple      [39m | [32mdefault_channel           [39m | [32m      [39m |
      | [32mprovision.administration.organization[39m | [32msimple      [39m | [32msimple_device_organization[39m | [32m      [39m |
      | [32mprovision.administration.serviceGroup[39m | [32msimple      [39m | [32memptyServiceGroup         [39m | [32m      [39m |
      | [32mprovision.device.identifier          [39m | [32msimple      [39m | [32mdevice_ogapi_simple       [39m | [32m      [39m |
      | [32mprovision.device.description         [39m | [32msimple      [39m | [32mdevice_ogapi description  [39m | [32m      [39m |
      | [32mprovision.device.name                [39m | [32msimple      [39m | [32mdevice_ogapi name         [39m | [32m      [39m |
CREATEOK: {"req":{"method":"PUT","url":"https://172.19.18.132:8444/v80/provision/organizations/simple_device_organization/devices/device_ogapi_simple?flattened=true","data":{"provision.administration.channel":{"_value":{"_current":{"value":"default_channel"}}},"provision.administration.organization":{"_value":{"_current":{"value":"simple_device_organization"}}},"provision.administration.serviceGroup":{"_value":{"_current":{"value":"emptyServiceGroup"}}},"provision.device.identifier":{"_value":{"_current":{"value":"device_ogapi_simple"}}},"provision.device.description":{"_value":{"_current":{"value":"device_ogapi description"}}},"provision.device.name":{"_value":{"_current":{"value":"device_ogapi name"}}}},"headers":{"user-agent":"node-superagent/2.3.0","content-type":"application/json","x-apikey":"2829be88-a7d7-4f51-aefc-3cc2385b6506"}},"header":{"connection":"close","date":"Mon, 12 Mar 2018 14:49:48 GMT","strict-transport-security":"max-age=2000; includeSubDomains","set-cookie":["JSESSIONID=node015pr3ltw9vi4r2nwnfy1j1pc42967.node0;Path=/;Secure"],"expires":"Thu, 01 Jan 1970 00:00:00 GMT","location":"https://172.19.18.132:8444/v80/provision/organizations/simple_device_organization/devices/device_ogapi_simple","server":"Jetty(9.4.0.v20161208)"},"status":200,"text":""}
  [32m✔ And I update it[39m
RESPONSE_: {"location":"https://172.19.18.132:8444/v80/provision/organizations/simple_device_organization/devices/device_ogapi_simple","statusCode":200}
  [32m✔ Then response code should be: 200[39m

  [36m@provision @device_builder @new @create_provision @device_defaultCreate @entities_provision[39m
  Scenario: I want to delete the entity
  [32m✔ Given an apikey user by "require-real-apikey"[39m
  [32m✔ Given the entity of type "devices builder" with "simple_device_organization"[39m
  [32m✔ And I get allowed Datastreams fields[39m
  [32m✔ And I can found "provision.device.identifier" as datastream name[39m
  [32m✔ When I try to define the entity with...[39m
      | [32mdatastream                 [39m | [32mtypeFunction[39m | [32mvalue              [39m | [32mparent[39m |
      | [32mprovision.device.identifier[39m | [32msimple      [39m | [32mdevice_ogapi_simple[39m | [32m      [39m |
  [32m✔ And I delete it[39m
RESPONSE_: {"statusCode":200}
  [32m✔ Then response code should be: 200[39m

  [36m@provision @device_builder @new @create_provision @device_defaultCreate @entities_provision[39m
  Scenario: Deleting an organization
  [32m✔ Given an apikey user by "require-real-apikey"[39m
  [32m✔ Given an ogapi "organizations builder" util[39m
  [32m✔ Then I want to delete an "organization"[39m
name
delete
organization
withName
  [32m✔ And the "name" "simple_device_organization"[39m
  [32m✔ Then I delete it[39m
RESPONSE_: {"statusCode":200}
  [32m✔ And response code should be: 200[39m

[36m@provision @new @subscribers_builder @create_provision @entities_provision @subscriber_defaultCreate[39m
Feature: Delete and Create a subscriber

  As a subscriber of JsApi
  I want to create an subscriber
  So, I can create a new user with the parameters that I have been defined

  [36m@provision @new @subscribers_builder @create_provision @entities_provision @subscriber_defaultCreate[39m
  Scenario: Creating an organization to use in create device
  [32m✔ Given an apikey user by "require-real-apikey"[39m
  [32m✔ Given an ogapi "organizations builder" util[39m
  [32m✔ Then I want to create an "organization"[39m
name
create
organization
withName
  [32m✔ And the "name" "subscriber_organization"[39m
description
create
organization
withDescription
  [32m✔ And the "description" "device organization"[39m
country code
create
organization
withCountryCode
  [32m✔ And the "country code" "ES"[39m
lang code
create
organization
withLangCode
  [32m✔ And the "lang code" "es"[39m
time zone
create
organization
withTimeZone
  [32m✔ And the "time zone" "Europe/Andorra"[39m
  [32m✔ And the "zoom" 10[39m
  [32m✔ And the "location" with 1 and 1[39m
  [32m✔ Then I delete it[39m
  [32m✔ And I create it[39m
RESPONSE_: {"location":"https://172.19.18.132:8444/v80/provision/organizations/subscriber_organization","statusCode":201}
  [32m✔ And response code should be: 201[39m

  [36m@provision @new @subscribers_builder @create_provision @entities_provision @subscriber_defaultCreate[39m
  Scenario: I want to create the entity
  [32m✔ Given an apikey user by "require-real-apikey"[39m
  [32m✔ Given the entity of type "subscribers builder" with "subscriber_organization"[39m
  [32m✔ And I get allowed Datastreams fields[39m
  [32m✔ And I can found "provision.device.communicationModules[].subscriber.identifier" as datastream name[39m
  [32m✔ When I try to define the entity with...[39m
      | [32mdatastream                                                            [39m | [32mtypeFunction[39m | [32mvalue                         [39m | [32mparent[39m |
      | [32mprovision.administration.channel                                      [39m | [32msimple      [39m | [32mdefault_channel               [39m | [32m      [39m |
      | [32mprovision.administration.organization                                 [39m | [32msimple      [39m | [32msubscriber_organization       [39m | [32m      [39m |
      | [32mprovision.administration.serviceGroup                                 [39m | [32msimple      [39m | [32memptyServiceGroup             [39m | [32m      [39m |
      | [32mprovision.device.communicationModules[].subscriber.administrativeState[39m | [32msimple      [39m | [32mACTIVE                        [39m | [32m      [39m |
      | [32mprovision.device.communicationModules[].subscriber.identifier         [39m | [32msimple      [39m | [32msubscriber_ogapi_cucumber_test[39m | [32m      [39m |
  [32m✔ Then I create it[39m
RESPONSE_: {"location":"https://172.19.18.132:8444/v80/provision/organizations/subscriber_organization/subscribers/subscriber_ogapi_cucumber_test","statusCode":201}
  [32m✔ And response code should be: 201[39m

  [36m@provision @new @subscribers_builder @create_provision @entities_provision @subscriber_defaultCreate[39m
  Scenario: I want to update the entity
  [32m✔ Given an apikey user by "require-real-apikey"[39m
  [32m✔ Given the entity of type "subscribers builder" with "subscriber_organization"[39m
  [32m✔ And I get allowed Datastreams fields[39m
  [32m✔ And I can found "provision.device.communicationModules[].subscriber.identifier" as datastream name[39m
  [32m✔ When I try to define the entity with...[39m
      | [32mdatastream                                                     [39m | [32mtypeFunction[39m | [32mvalue                         [39m | [32mparent[39m |
      | [32mprovision.administration.channel                               [39m | [32msimple      [39m | [32mdefault_channel               [39m | [32m      [39m |
      | [32mprovision.administration.organization                          [39m | [32msimple      [39m | [32msubscriber_organization       [39m | [32m      [39m |
      | [32mprovision.administration.serviceGroup                          [39m | [32msimple      [39m | [32memptyServiceGroup             [39m | [32m      [39m |
      | [32mprovision.device.communicationModules[].subscriber.identifier  [39m | [32msimple      [39m | [32msubscriber_ogapi_cucumber_test[39m | [32m      [39m |
      | [32mprovision.device.communicationModules[].subscriber.specificType[39m | [32msimple      [39m | [32mADSL                          [39m | [32m      [39m |
      | [32mprovision.device.communicationModules[].subscriber.name        [39m | [32msimple      [39m | [32msubscriber_ogapi name         [39m | [32m      [39m |
  [32m✔ And I update it[39m
RESPONSE_: {"statusCode":200}
  [32m✔ Then response code should be: 200[39m

  [36m@provision @new @subscribers_builder @create_provision @entities_provision @subscriber_defaultCreate[39m
  Scenario: I want to update the entity with wrong specificType
  [32m✔ Given an apikey user by "require-real-apikey"[39m
  [32m✔ Given the entity of type "subscribers builder" with "subscriber_organization"[39m
  [32m✔ And I get allowed Datastreams fields[39m
  [32m✔ And I can found "provision.device.communicationModules[].subscriber.identifier" as datastream name[39m
  [32m✔ When I try to define the entity with...[39m
      | [32mdatastream                                                     [39m | [32mtypeFunction[39m | [32mvalue                         [39m | [32mparent[39m |
      | [32mprovision.administration.channel                               [39m | [32msimple      [39m | [32mdefault_channel               [39m | [32m      [39m |
      | [32mprovision.administration.organization                          [39m | [32msimple      [39m | [32msubscriber_organization       [39m | [32m      [39m |
      | [32mprovision.administration.serviceGroup                          [39m | [32msimple      [39m | [32memptyServiceGroup             [39m | [32m      [39m |
      | [32mprovision.device.communicationModules[].subscriber.identifier  [39m | [32msimple      [39m | [32msubscriber_ogapi_cucumber_test[39m | [32m      [39m |
      | [32mprovision.device.communicationModules[].subscriber.specificType[39m | [32msimple      [39m | [32mADSL1                         [39m | [32m      [39m |
      | [32mprovision.device.communicationModules[].subscriber.name        [39m | [32msimple      [39m | [32msubscriber_ogapi name         [39m | [32m      [39m |
  [32m✔ And I update it[39m
  [32m✔ And an error is thrown[39m

  [36m@provision @new @subscribers_builder @create_provision @entities_provision @subscriber_defaultCreate[39m
  Scenario: I try to create the entity without the mandatory fields
  [32m✔ Given an apikey user by "require-real-apikey"[39m
  [32m✔ Given the entity of type "subscribers builder" with "subscriber_organization"[39m
  [32m✔ And I get allowed Datastreams fields[39m
  [32m✔ And I can found "provision.device.communicationModules[].subscriber.identifier" as datastream name[39m
  [32m✔ When I try to define the entity with...[39m
      | [32mdatastream                                                            [39m | [32mtypeFunction[39m | [32mvalue            [39m | [32mparent[39m |
      | [32mprovision.administration.channel                                      [39m | [32msimple      [39m | [32mdefault_channel  [39m | [32m      [39m |
      | [32mprovision.administration.serviceGroup                                 [39m | [32msimple      [39m | [32memptyServiceGroup[39m | [32m      [39m |
      | [32mprovision.device.communicationModules[].subscriber.administrativeState[39m | [32msimple      [39m | [32mACTIVE           [39m | [32m      [39m |
  [32m✔ Then I create it[39m
RESPONSE_: {"statusCode":400,"data":{"errors":[{"code":16781313,"message":"Required field","context":[{"name":"provision.device.communicationModules[].subscriber.identifier"}]}]}}
  [32m✔ And response code should be: 400[39m

  [36m@provision @new @subscribers_builder @create_provision @entities_provision @subscriber_defaultCreate[39m
  Scenario: I want to delete the entity
  [32m✔ Given an apikey user by "require-real-apikey"[39m
  [32m✔ Given the entity of type "subscribers builder" with "subscriber_organization"[39m
  [32m✔ When I try to define the entity with...[39m
      | [32mdatastream                                                   [39m | [32mtypeFunction[39m | [32mvalue                         [39m | [32mparent[39m |
      | [32mprovision.device.communicationModules[].subscriber.identifier[39m | [32msimple      [39m | [32msubscriber_ogapi_cucumber_test[39m | [32m      [39m |
  [32m✔ And I delete it[39m
RESPONSE_: {"statusCode":200}
  [32m✔ Then response code should be: 200[39m

  [36m@provision @new @subscribers_builder @create_provision @entities_provision @subscriber_defaultCreate[39m
  Scenario: Deleting an organization to use in create device
  [32m✔ Given an apikey user by "require-real-apikey"[39m
  [32m✔ Given an ogapi "organizations builder" util[39m
  [32m✔ Then I want to delete an "organization"[39m
name
delete
organization
withName
  [32m✔ And the "name" "subscriber_organization"[39m
  [32m✔ Then I delete it[39m

[36m@provision @new @subscription_builder @create_provision @subscription_defaultCreate @entities_provision[39m
Feature: Delete and Create a subscription

  As a subscription of JsApi
  I want to create an subscription
  So, I can create a new user with the parameters that I have been defined

  [36m@provision @new @subscription_builder @create_provision @subscription_defaultCreate @entities_provision[39m
  Scenario: Creating an organization to use in create device
  [32m✔ Given an apikey user by "require-real-apikey"[39m
  [32m✔ Given an ogapi "organizations builder" util[39m
  [32m✔ Then I want to create an "organization"[39m
name
create
organization
withName
  [32m✔ And the "name" "subscriptions_organization"[39m
description
create
organization
withDescription
  [32m✔ And the "description" "device organization"[39m
country code
create
organization
withCountryCode
  [32m✔ And the "country code" "ES"[39m
lang code
create
organization
withLangCode
  [32m✔ And the "lang code" "es"[39m
time zone
create
organization
withTimeZone
  [32m✔ And the "time zone" "Europe/Andorra"[39m
  [32m✔ And the "zoom" 10[39m
  [32m✔ And the "location" with 1 and 1[39m
  [32m✔ Then I delete it[39m
  [32m✔ And I create it[39m
RESPONSE_: {"location":"https://172.19.18.132:8444/v80/provision/organizations/subscriptions_organization","statusCode":201}
  [32m✔ And response code should be: 201[39m

  [36m@provision @new @subscription_builder @create_provision @subscription_defaultCreate @entities_provision[39m
  Scenario: I want to create the entity
  [32m✔ Given an apikey user by "require-real-apikey"[39m
  [32m✔ Given the entity of type "subscriptions builder" with "subscriptions_organization"[39m
  [32m✔ And I get allowed Datastreams fields[39m
  [32m✔ And I can found "provision.device.communicationModules[].subscription.identifier" as datastream name[39m
  [32m✔ When I try to define the entity with...[39m
      | [32mdatastream                                                              [39m | [32mtypeFunction[39m | [32mvalue                     [39m | [32mparent[39m |
      | [32mprovision.administration.channel                                        [39m | [32msimple      [39m | [32mdefault_channel           [39m | [32m      [39m |
      | [32mprovision.administration.organization                                   [39m | [32msimple      [39m | [32msubscriptions_organization[39m | [32m      [39m |
      | [32mprovision.administration.serviceGroup                                   [39m | [32msimple      [39m | [32memptyServiceGroup         [39m | [32m      [39m |
      | [32mprovision.device.communicationModules[].subscription.administrativeState[39m | [32msimple      [39m | [32mACTIVE                    [39m | [32m      [39m |
      | [32mprovision.device.communicationModules[].subscription.identifier         [39m | [32msimple      [39m | [32msubscription_ogapi        [39m | [32m      [39m |
  [32m✔ Then I create it[39m
RESPONSE_: {"location":"https://172.19.18.132:8444/v80/provision/organizations/subscriptions_organization/subscriptions/subscription_ogapi","statusCode":201}
  [32m✔ And response code should be: 201[39m

  [36m@provision @new @subscription_builder @create_provision @subscription_defaultCreate @entities_provision[39m
  Scenario: I want to update the entity
  [32m✔ Given an apikey user by "require-real-apikey"[39m
  [32m✔ Given the entity of type "subscriptions builder" with "subscriptions_organization"[39m
  [32m✔ And I get allowed Datastreams fields[39m
  [32m✔ And I can found "provision.device.communicationModules[].subscription.identifier" as datastream name[39m
  [32m✔ When I try to define the entity with...[39m
      | [32mdatastream                                                       [39m | [32mtypeFunction[39m | [32mvalue                     [39m | [32mparent[39m |
      | [32mprovision.administration.channel                                 [39m | [32msimple      [39m | [32mdefault_channel           [39m | [32m      [39m |
      | [32mprovision.administration.organization                            [39m | [32msimple      [39m | [32msubscriptions_organization[39m | [32m      [39m |
      | [32mprovision.administration.serviceGroup                            [39m | [32msimple      [39m | [32memptyServiceGroup         [39m | [32m      [39m |
      | [32mprovision.device.communicationModules[].subscription.identifier  [39m | [32msimple      [39m | [32msubscription_ogapi        [39m | [32m      [39m |
      | [32mprovision.device.communicationModules[].subscription.specificType[39m | [32msimple      [39m | [32mADSL                      [39m | [32m      [39m |
      | [32mprovision.device.communicationModules[].subscription.name        [39m | [32msimple      [39m | [32msubscription_ogapi name   [39m | [32m      [39m |
  [32m✔ And I update it[39m
RESPONSE_: {"statusCode":200}
  [32m✔ Then response code should be: 200[39m

  [36m@provision @new @subscription_builder @create_provision @subscription_defaultCreate @entities_provision @OUW-523[39m
  Scenario: I want to update the entity with wrong specificType
  [32m✔ Given an apikey user by "require-real-apikey"[39m
  [32m✔ Given the entity of type "subscriptions builder" with "subscriptions_organization"[39m
  [32m✔ And I get allowed Datastreams fields[39m
  [32m✔ And I can found "provision.device.communicationModules[].subscription.identifier" as datastream name[39m
  [32m✔ When I try to define the entity with...[39m
      | [32mdatastream                                                       [39m | [32mtypeFunction[39m | [32mvalue                     [39m | [32mparent[39m |
      | [32mprovision.administration.channel                                 [39m | [32msimple      [39m | [32mdefault_channel           [39m | [32m      [39m |
      | [32mprovision.administration.organization                            [39m | [32msimple      [39m | [32msubscriptions_organization[39m | [32m      [39m |
      | [32mprovision.administration.serviceGroup                            [39m | [32msimple      [39m | [32memptyServiceGroup         [39m | [32m      [39m |
      | [32mprovision.device.communicationModules[].subscription.identifier  [39m | [32msimple      [39m | [32msubscription_ogapi        [39m | [32m      [39m |
      | [32mprovision.device.communicationModules[].subscription.specificType[39m | [32msimple      [39m | [32mADSL1                     [39m | [32m      [39m |
      | [32mprovision.device.communicationModules[].subscription.name        [39m | [32msimple      [39m | [32msubscription_ogapi name   [39m | [32m      [39m |
  [32m✔ And I update it[39m
  [32m✔ And an error is thrown[39m

  [36m@provision @new @subscription_builder @create_provision @subscription_defaultCreate @entities_provision[39m
  Scenario: I want to update the entity without mandatory data
  [32m✔ Given an apikey user by "require-real-apikey"[39m
  [32m✔ Given the entity of type "subscriptions builder" with "subscriptions_organization"[39m
  [32m✔ And I get allowed Datastreams fields[39m
  [32m✔ And I can found "provision.device.communicationModules[].subscription.identifier" as datastream name[39m
  [32m✔ When I try to define the entity with...[39m
      | [32mdatastream                           [39m | [32mtypeFunction[39m | [32mvalue            [39m | [32mparent[39m |
      | [32mprovision.administration.serviceGroup[39m | [32msimple      [39m | [32memptyServiceGroup[39m | [32m      [39m |
  [32m✔ And I create it[39m
  [32m✔ And an error is thrown[39m

  [36m@provision @new @subscription_builder @create_provision @subscription_defaultCreate @entities_provision[39m
  Scenario: I want to delete the entity
  [32m✔ Given an apikey user by "require-real-apikey"[39m
  [32m✔ Given the entity of type "subscriptions builder" with "subscriptions_organization"[39m
  [32m✔ When I try to define the entity with...[39m
      | [32mdatastream                                                     [39m | [32mtypeFunction[39m | [32mvalue             [39m | [32mparent[39m |
      | [32mprovision.device.communicationModules[].subscription.identifier[39m | [32msimple      [39m | [32msubscription_ogapi[39m | [32m      [39m |
  [32m✔ And I delete it[39m
RESPONSE_: {"statusCode":200}
  [32m✔ Then response code should be: 200[39m

  [36m@provision @new @subscription_builder @create_provision @subscription_defaultCreate @entities_provision[39m
  Scenario: Deleting an organization to use in create device
  [32m✔ Given an apikey user by "require-real-apikey"[39m
  [32m✔ Given an ogapi "organizations builder" util[39m
  [32m✔ Then I want to delete an "organization"[39m
name
delete
organization
withName
  [32m✔ And the "name" "subscriptions_organization"[39m
  [32m✔ Then I delete it[39m

[36m@provision @device_builder @finder @find_provision @find_device @entities_provision[39m
Feature: Find a device

  As a user of JsApi
  I want to find a device
  So I can check if a device exists and get their information

  [36m@provision @device_builder @finder @find_provision @find_device @entities_provision[39m
  Scenario: Creating an organization to use in create device
  [32m✔ Given an apikey user by "require-real-apikey"[39m
  [32m✔ Given an ogapi "organizations builder" util[39m
  [32m✔ Then I want to create an "organization"[39m
name
create
organization
withName
  [32m✔ And the "name" "find_device_organization"[39m
description
create
organization
withDescription
  [32m✔ And the "description" "device organization"[39m
country code
create
organization
withCountryCode
  [32m✔ And the "country code" "ES"[39m
lang code
create
organization
withLangCode
  [32m✔ And the "lang code" "es"[39m
time zone
create
organization
withTimeZone
  [32m✔ And the "time zone" "Europe/Andorra"[39m
  [32m✔ And the "zoom" 10[39m
  [32m✔ And the "location" with 1 and 1[39m
  [32m✔ Then I delete it[39m
  [32m✔ And I create it[39m
RESPONSE_: {"location":"https://172.19.18.132:8444/v80/provision/organizations/find_device_organization","statusCode":201}
  [32m✔ And response code should be: 201[39m

  [36m@provision @device_builder @finder @find_provision @find_device @entities_provision[39m
  Scenario: Find a device that exists
  [32m✔ Given an apikey user by "require-real-apikey"[39m
  [32m✔ Given the entity of type "devices builder" with "find_device_organization"[39m
  [32m✔ Then I get allowed Datastreams fields[39m
  [32m✔ And I can found "provision.device.identifier" as datastream name[39m
  [32m✔ When I try to define the entity with...[39m
      | [32mdatastream                           [39m | [32mtypeFunction[39m | [32mvalue                                      [39m | [32mparent[39m |
      | [32mprovision.administration.channel     [39m | [32msimple      [39m | [32mdefault_channel                            [39m | [32m      [39m |
      | [32mprovision.administration.organization[39m | [32msimple      [39m | [32mfind_device_organization                   [39m | [32m      [39m |
      | [32mprovision.administration.serviceGroup[39m | [32msimple      [39m | [32memptyServiceGroup                          [39m | [32m      [39m |
      | [32mprovision.device.identifier          [39m | [32msimple      [39m | [32mfind_device_device_cucumber                [39m | [32m      [39m |
      | [32mprovision.device.operationalStatus   [39m | [32msimple      [39m | [32mTEST                                       [39m | [32m      [39m |
      | [32mprovision.device.administrativeState [39m | [32msimple      [39m | [32mTESTING                                    [39m | [32m      [39m |
      | [32mprovision.device.name                [39m | [32msimple      [39m | [32mOGUX Device GATEWAY tester                 [39m | [32m      [39m |
      | [32mprovision.device.description         [39m | [32msimple      [39m | [32mOGUX Device tester full GATEWAY description[39m | [32m      [39m |
      | [32mprovision.device.specificType        [39m | [32msimple      [39m | [32mCONCENTRATOR                               [39m | [32m      [39m |
  [32m✔ Then I delete it[39m
CREATEOK: {"req":{"method":"POST","url":"https://172.19.18.132:8444/v80/provision/organizations/find_device_organization/devices?flattened=true","data":{"provision.administration.channel":{"_value":{"_current":{"value":"default_channel"}}},"provision.administration.organization":{"_value":{"_current":{"value":"find_device_organization"}}},"provision.administration.serviceGroup":{"_value":{"_current":{"value":"emptyServiceGroup"}}},"provision.device.identifier":{"_value":{"_current":{"value":"find_device_device_cucumber"}}},"provision.device.operationalStatus":{"_value":{"_current":{"value":"TEST"}}},"provision.device.administrativeState":{"_value":{"_current":{"value":"TESTING"}}},"provision.device.name":{"_value":{"_current":{"value":"OGUX Device GATEWAY tester"}}},"provision.device.description":{"_value":{"_current":{"value":"OGUX Device tester full GATEWAY description"}}},"provision.device.specificType":{"_value":{"_current":{"value":"CONCENTRATOR"}}}},"headers":{"user-agent":"node-superagent/2.3.0","content-type":"application/json","x-apikey":"2829be88-a7d7-4f51-aefc-3cc2385b6506"}},"header":{"connection":"close","date":"Mon, 12 Mar 2018 14:50:17 GMT","strict-transport-security":"max-age=2000; includeSubDomains","set-cookie":["JSESSIONID=node0guakru1cpn9fr2rhr461ndiy2999.node0;Path=/;Secure"],"expires":"Thu, 01 Jan 1970 00:00:00 GMT","location":"https://172.19.18.132:8444/v80/provision/organizations/find_device_organization/devices/find_device_device_cucumber","server":"Jetty(9.4.0.v20161208)"},"status":201,"text":""}
  [32m✔ And I create it[39m
RESPONSE_: {"location":"https://172.19.18.132:8444/v80/provision/organizations/find_device_organization/devices/find_device_device_cucumber","statusCode":201}
  [32m✔ And response code should be: 201[39m
  [32m✔ Given an ogapi "device finder" util[39m
  [32m✔ And I want to read a "device"[39m
  [32m✔ When I try to find by...[39m
      | [32mfield       [39m | [32mcontent                    [39m |
      | [32morganization[39m | [32mfind_device_organization   [39m |
      | [32mid          [39m | [32mfind_device_device_cucumber[39m |
RESPONSE_: {"data":{"resourceType":{"_current":{"value":"entity.device","provType":"IDENTIFIER","date":"2018-03-12T14:50:17.728Z"}},"provision":{"device":{"identifier":{"_current":{"value":"find_device_device_cucumber","provType":"MONITORING","date":"2018-03-12T14:50:17.725Z"}},"operationalStatus":{"_current":{"value":"TEST","provType":"MONITORING","date":"2018-03-12T14:50:17.723Z"}},"administrativeState":{"_current":{"value":"TESTING","provType":"MONITORING","date":"2018-03-12T14:50:17.728Z"}},"description":{"_current":{"value":"OGUX Device tester full GATEWAY description","provType":"MONITORING","date":"2018-03-12T14:50:17.721Z"}},"name":{"_current":{"value":"OGUX Device GATEWAY tester","provType":"MONITORING","date":"2018-03-12T14:50:17.726Z"}},"specificType":{"_current":{"value":"CONCENTRATOR","provType":"MONITORING","date":"2018-03-12T14:50:17.719Z"}}},"administration":{"channel":{"_current":{"value":"default_channel","provType":"MONITORING","date":"2018-03-12T14:50:17.716Z"}},"serviceGroup":{"_current":{"value":"emptyServiceGroup","provType":"MONITORING","date":"2018-03-12T14:50:17.712Z"}},"identifier":{"_current":{"value":"find_device_device_cucumber","provType":"MONITORING","date":"2018-03-12T14:50:17.715Z"}},"organization":{"_current":{"value":"find_device_organization","provType":"MONITORING","date":"2018-03-12T14:50:17.717Z"}}}}},"statusCode":200}
  [32m✔ And response code should be: 200[39m
  [32m✔ Then I can see into the result an "device id" as "find_device_device_cucumber"[39m

  [36m@provision @device_builder @finder @find_provision @find_device @entities_provision[39m
  Scenario: I want to delete the entity
  [32m✔ Given an apikey user by "require-real-apikey"[39m
  [32m✔ Given the entity of type "devices builder" with "find_device_organization"[39m
  [32m✔ When I try to define the entity with...[39m
      | [32mdatastream                           [39m | [32mtypeFunction[39m | [32mvalue                      [39m | [32mparent[39m |
      | [32mprovision.administration.channel     [39m | [32msimple      [39m | [32mdefault_channel            [39m | [32m      [39m |
      | [32mprovision.administration.organization[39m | [32msimple      [39m | [32mfind_device_organization   [39m | [32m      [39m |
      | [32mprovision.device.identifier          [39m | [32msimple      [39m | [32mfind_device_device_cucumber[39m | [32m      [39m |
  [32m✔ Then I delete it[39m

  [36m@provision @device_builder @finder @find_provision @find_device @entities_provision[39m
  Scenario: Deleting an organization to use in create device
  [32m✔ Given an apikey user by "require-real-apikey"[39m
  [32m✔ Given an ogapi "organizations builder" util[39m
  [32m✔ Then I want to delete an "organization"[39m
name
delete
organization
withName
  [32m✔ And the "name" "find_device_organization"[39m
  [32m✔ Then I delete it[39m

[36m@provision @iot @datamodel @create_provision @create_provision_iot @create_iot_profile @create_datamodel @allowedResourceType[39m
Feature: Delete and Create a Datamodel

  As a device of JsApi
  I want to create an Datamodel
  So, I can create a new Datamodel with the parametres that I have been defined

  [36m@provision @iot @datamodel @create_provision @create_provision_iot @create_iot_profile @create_datamodel @allowedResourceType[39m
  Scenario: Delete previous data
  [32m✔ Given an apikey user by "require-real-apikey"[39m
  [32m✔ And an ogapi "datamodels helper" util with...[39m
      | [32mparam                                                                                                                                                [39m |
      | [32mbase_organization                                                                                                                                    [39m |
      | [32m{"identifier":"profile_test","name":"profile_change","version":"2.0","description":"CHANGE","allowedResourceTypes":["entity.device"],"categories":[]}[39m |
  [32m✔ Then I delete it[39m

  [36m@provision @iot @datamodel @create_provision @create_provision_iot @create_iot_profile @create_datamodel @allowedResourceType[39m
  Scenario: Create and delete a datamodel that not exists
  [32m✔ Given an apikey user by "require-real-apikey"[39m
  [32m✔ Given an ogapi "datamodels builder" util with...[39m
      | [32mparam            [39m |
      | [32mbase_organization[39m |
  [32m✔ And I want to create a "datamodel"[39m
identifier
create
datamodel
withIdentifier
  [32m✔ And the "identifier" "profile_test"[39m
name
create
datamodel
withName
  [32m✔ And the "name" "profile_test"[39m
version
create
datamodel
withVersion
  [32m✔ And the "version" "1.0"[39m
description
create
datamodel
withDescription
  [32m✔ And the "description" "TESTING"[39m
allowed resource type
create
datamodel
addAllowedResourceType
  [32m✔ And the "allowed resource type" "entity.device"[39m
  [32m✔ Then I create it[39m
RESPONSE_: {"location":"https://172.19.18.132:8444/v80/provision/organizations/base_organization/datamodels/profile_test","statusCode":201}
  [32m✔ And response code should be: 201[39m
  [32m✔ And an ogapi "datamodels helper" util with...[39m
      | [32mparam                                                                                                                                                [39m |
      | [32mbase_organization                                                                                                                                    [39m |
      | [32m{"identifier":"profile_test","name":"profile_change","version":"2.0","description":"CHANGE","allowedResourceTypes":["entity.device"],"categories":[]}[39m |
  [32m✔ And I delete it[39m
RESPONSE_: {"statusCode":200}
  [32m✔ Then response code should be: 200[39m

  [36m@provision @iot @datamodel @create_provision @create_provision_iot @create_iot_profile @create_datamodel @allowedResourceType[39m
  Scenario: Delete a datamodel that not exists
  [32m✔ Given an apikey user by "require-real-apikey"[39m
  [32m✔ Given an ogapi "datamodels helper" util with...[39m
      | [32mparam                                                                                                                                                [39m |
      | [32mbase_organization                                                                                                                                    [39m |
      | [32m{"identifier":"profile_test","name":"profile_change","version":"2.0","description":"CHANGE","allowedResourceTypes":["entity.device"],"categories":[]}[39m |
  [32m✔ Then I delete it[39m
RESPONSE_: {"statusCode":400,"data":{"errors":[{"code":16781315,"message":"Element not found","context":[{"name":"datamodel.identifier","value":"profile_test"}]}]}}
  [32m✔ Then response code should be: 400[39m

  [36m@provision @iot @datamodel @create_provision @create_provision_iot @create_iot_profile @create_datamodel @allowedResourceType[39m
  Scenario: Create and delete a datamodel that already exists
  [32m✔ Given an apikey user by "require-real-apikey"[39m
  [32m✔ Given an ogapi "datamodels builder" util with...[39m
      | [32mparam            [39m |
      | [32mbase_organization[39m |
  [32m✔ And I want to create a "datamodel"[39m
identifier
create
datamodel
withIdentifier
  [32m✔ And the "identifier" "profile_test"[39m
name
create
datamodel
withName
  [32m✔ And the "name" "profile_test"[39m
version
create
datamodel
withVersion
  [32m✔ And the "version" "1.0"[39m
description
create
datamodel
withDescription
  [32m✔ And the "description" "TESTING"[39m
allowed resource type
create
datamodel
addAllowedResourceType
  [32m✔ And the "allowed resource type" "entity.device"[39m
  [32m✔ And I create it[39m
RESPONSE_: {"location":"https://172.19.18.132:8444/v80/provision/organizations/base_organization/datamodels/profile_test","statusCode":201}
  [32m✔ Then response code should be: 201[39m
  [32m✔ And an ogapi "datamodels builder" util with...[39m
      | [32mparam            [39m |
      | [32mbase_organization[39m |
  [32m✔ And I want to create a "datamodel"[39m
identifier
create
datamodel
withIdentifier
  [32m✔ And the "identifier" "profile_test"[39m
name
create
datamodel
withName
  [32m✔ And the "name" "profile_test"[39m
version
create
datamodel
withVersion
  [32m✔ And the "version" "1.0"[39m
description
create
datamodel
withDescription
  [32m✔ And the "description" "TESTING"[39m
allowed resource type
create
datamodel
addAllowedResourceType
  [32m✔ And the "allowed resource type" "entity.device"[39m
  [32m✔ And I create it[39m
RESPONSE_: {"statusCode":400,"data":{"errors":[{"code":16781314,"message":"Element already exists","context":[{"name":"datamodel.id","value":"profile_test"},{"name":"datamodel.organizationName","value":"base_organization"}]}]}}
  [32m✔ Then response code should be: 400[39m
  [32m✔ Then throws an error equal to "Element already exists"[39m

  [36m@provision @iot @datamodel @create_provision @create_provision_iot @create_iot_profile @create_datamodel @allowedResourceType[39m
  Scenario: Delete last datamodel
  [32m✔ Given an apikey user by "require-real-apikey"[39m
  [32m✔ Given an ogapi "datamodels helper" util with...[39m
      | [32mparam                                                                                                                                               [39m |
      | [32mbase_organization                                                                                                                                   [39m |
      | [32m{"identifier":"profile_test","name":"profile_test","version":"1.0","description":"TESTING","allowedResourceTypes":["entity.device"],"categories":[]}[39m |
  [32m✔ And I delete it[39m
RESPONSE_: {"statusCode":200}
  [32m✔ Then response code should be: 200[39m

[36m@provision @iot @finder @datamodel @find_provision @find_provision_iot @find_iot_profile @find_datamodel @allowedResourceType[39m
Feature: Update a Datamodel

  As a device of JsApi
  I want to update an Datamodel
  So, I can update a Datamodel with the parametres that I have been defined

  [36m@provision @iot @finder @datamodel @find_provision @find_provision_iot @find_iot_profile @find_datamodel @allowedResourceType[39m
  Scenario: delete, create a Datamodel that not exists
  [32m✔ Given an apikey user by "require-real-apikey"[39m
  [32m✔ Given an ogapi "datamodels helper" util with...[39m
      | [32mparam                                                                                                                                                [39m |
      | [32mbase_organization                                                                                                                                    [39m |
      | [32m{"identifier":"profile_test","name":"profile_change","version":"2.0","description":"CHANGE","allowedResourceTypes":["entity.device"],"categories":[]}[39m |
  [32m✔ Then I delete it[39m
  [32m✔ And an ogapi "datamodels builder" util with...[39m
      | [32mparam            [39m |
      | [32mbase_organization[39m |
  [32m✔ And I want to create a "datamodel"[39m
identifier
create
datamodel
withIdentifier
  [32m✔ And the "identifier" "profile_test"[39m
name
create
datamodel
withName
  [32m✔ And the "name" "profile_test"[39m
version
create
datamodel
withVersion
  [32m✔ And the "version" "1.0"[39m
description
create
datamodel
withDescription
  [32m✔ And the "description" "TESTING"[39m
allowed resource type
create
datamodel
addAllowedResourceType
  [32m✔ And the "allowed resource type" "entity.device"[39m
  [32m✔ And I create it[39m
RESPONSE_: {"location":"https://172.19.18.132:8444/v80/provision/organizations/base_organization/datamodels/profile_test","statusCode":201}
  [32m✔ Then response code should be: 201[39m

  [36m@provision @iot @finder @datamodel @find_provision @find_provision_iot @find_iot_profile @find_datamodel @allowedResourceType[39m
  Scenario: find a Datamodel that exists
  [32m✔ Given an apikey user by "require-real-apikey"[39m
  [32m✔ Given an ogapi "datamodels finder" util[39m
  [32m✔ And I want to read a "datamodel"[39m
  [32m✔ When I try to find by...[39m
      | [32mfield       [39m | [32mcontent          [39m |
      | [32morganization[39m | [32mbase_organization[39m |
      | [32mid          [39m | [32mprofile_test     [39m |
RESPONSE_: {"data":{"identifier":"profile_test","organizationName":"base_organization","name":"profile_test","version":"1.0","description":"TESTING","allowedResourceTypes":["entity.device"]},"statusCode":200}
  [32m✔ And response code should be: 200[39m
  [32m✔ Then I can see into the result an "datamodel identifier" as "profile_test"[39m

  [36m@provision @iot @finder @datamodel @find_provision @find_provision_iot @find_iot_profile @find_datamodel @allowedResourceType[39m
  Scenario: find a Datamodel that not exists
  [32m✔ Given an apikey user by "require-real-apikey"[39m
  [32m✔ Given an ogapi "datamodels finder" util[39m
  [32m✔ And I want to read a "datamodel"[39m
  [32m✔ When I try to find by...[39m
      | [32mfield       [39m | [32mcontent           [39m |
      | [32morganization[39m | [32mbase_organization [39m |
      | [32mid          [39m | [32mprofile_not_exists[39m |
RESPONSE_: {"error":"Datamodel not found","statusCode":404}
  [32m✔ And response code should be: 404[39m

  [36m@provision @iot @finder @datamodel @find_provision @find_provision_iot @find_iot_profile @find_datamodel @allowedResourceType[39m
  Scenario: find a Datamodel that organization not exists
  [32m✔ Given an apikey user by "require-real-apikey"[39m
  [32m✔ Given an ogapi "datamodels finder" util[39m
  [32m✔ And I want to read a "datamodel"[39m
  [32m✔ When I try to find by...[39m
      | [32mfield       [39m | [32mcontent     [39m |
      | [32morganization[39m | [32mnot_exists  [39m |
      | [32mid          [39m | [32mprofile_test[39m |
RESPONSE_: {"error":"Datamodel not found","statusCode":404}
  [32m✔ And response code should be: 404[39m

  [36m@provision @iot @finder @datamodel @find_provision @find_provision_iot @find_iot_profile @find_datamodel @allowedResourceType[39m
  Scenario: Delete a Datamodel that already exists
  [32m✔ Given an apikey user by "require-real-apikey"[39m
  [32m✔ Given an ogapi "datamodels helper" util with...[39m
      | [32mparam                                                                                                                                                [39m |
      | [32mbase_organization                                                                                                                                    [39m |
      | [32m{"identifier":"profile_test","name":"profile_change","version":"2.0","description":"CHANGE","allowedResourceTypes":["entity.device"],"categories":[]}[39m |
  [32m✔ And I delete it[39m
RESPONSE_: {"statusCode":200}
  [32m✔ Then response code should be: 200[39m

[36m@iot @datamodel @update_provision @provision @update_provision_iot @update_iot_profile @update_datamodel @allowedResourceType[39m
Feature: Update a Datamodel

  As a device of JsApi
  I want to update an Datamodel
  So, I can update a Datamodel with the parametres that I have been defined

  [36m@iot @datamodel @update_provision @provision @update_provision_iot @update_iot_profile @update_datamodel @allowedResourceType[39m
  Scenario: delete and Create a Datamodel that not exists
  [32m✔ Given an apikey user by "require-real-apikey"[39m
  [32m✔ Given an ogapi "datamodels helper" util with...[39m
      | [32mparam                                                                                                                                               [39m |
      | [32mbase_organization                                                                                                                                   [39m |
      | [32m{"identifier":"profile_test","name":"profile_test","version":"1.0","description":"TESTING","allowedResourceTypes":["entity.device"],"categories":[]}[39m |
  [32m✔ Then I delete it[39m
  [32m✔ And an ogapi "datamodels builder" util with...[39m
      | [32mparam            [39m |
      | [32mbase_organization[39m |
  [32m✔ And I want to create a "datamodel"[39m
identifier
create
datamodel
withIdentifier
  [32m✔ And the "identifier" "profile_test"[39m
name
create
datamodel
withName
  [32m✔ And the "name" "profile_test"[39m
version
create
datamodel
withVersion
  [32m✔ And the "version" "1.0"[39m
description
create
datamodel
withDescription
  [32m✔ And the "description" "TESTING"[39m
allowed resource type
create
datamodel
addAllowedResourceType
  [32m✔ And the "allowed resource type" "entity.device"[39m
  [32m✔ And I create it[39m
RESPONSE_: {"location":"https://172.19.18.132:8444/v80/provision/organizations/base_organization/datamodels/profile_test","statusCode":201}
  [32m✔ Then response code should be: 201[39m
  [32m✔ And an ogapi "datamodels finder" util[39m
  [32m✔ And I want to read a "datamodel"[39m
  [32m✔ When I try to find by...[39m
      | [32mfield       [39m | [32mcontent          [39m |
      | [32morganization[39m | [32mbase_organization[39m |
      | [32mid          [39m | [32mprofile_test     [39m |
RESPONSE_: {"data":{"identifier":"profile_test","organizationName":"base_organization","name":"profile_test","version":"1.0","description":"TESTING","allowedResourceTypes":["entity.device"]},"statusCode":200}
  [32m✔ Then response code should be: 200[39m
  [32m✔ And I can see into the result an "datamodel name" as "profile_test"[39m
  [32m✔ And I can see into the result an "datamodel version" as "1.0"[39m
  [32m✔ And I can see into the result an "datamodel description" as "TESTING"[39m

  [36m@iot @datamodel @update_provision @provision @update_provision_iot @update_iot_profile @update_datamodel @allowedResourceType[39m
  Scenario: Update a Datamodel that exists
  [32m✔ Given an apikey user by "require-real-apikey"[39m
  [32m✔ And an ogapi "datamodels helper" util with...[39m
      | [32mparam                                                                                                                                               [39m |
      | [32mbase_organization                                                                                                                                   [39m |
      | [32m{"identifier":"profile_test","name":"profile_test","version":"1.0","description":"TESTING","allowedResourceTypes":["entity.device"],"categories":[]}[39m |
  [32m✔ And I want to update a "datamodel"[39m
name
update
datamodel
withName
  [32m✔ And the "name" "profile_change"[39m
version
update
datamodel
withVersion
  [32m✔ And the "version" "2.0"[39m
description
update
datamodel
withDescription
  [32m✔ And the "description" "CHANGE"[39m
allowed resource type
update
datamodel
addAllowedResourceType
TypeError: this.util[method] is not a function
    at World.<anonymous> (/home/kathe/git/opengate-js/features/step_definitions/given_step_definitions_using_model.js:239:30)
    at _combinedTickCallback (internal/process/next_tick.js:73:7)
    at process._tickCallback (internal/process/next_tick.js:104:9)
  [32m✔ And the "allowed resource type" "entity.device"[39m
  [32m✔ And I update it[39m
RESPONSE_: {"statusCode":200}
  [32m✔ Then response code should be: 200[39m
  [32m✔ And an ogapi "datamodels finder" util[39m
  [32m✔ And I want to read a "datamodel"[39m
  [32m✔ When I try to find by...[39m
      | [32mfield       [39m | [32mcontent          [39m |
      | [32morganization[39m | [32mbase_organization[39m |
      | [32mid          [39m | [32mprofile_test     [39m |
RESPONSE_: {"data":{"identifier":"profile_test","organizationName":"base_organization","name":"profile_change","version":"2.0","description":"CHANGE","allowedResourceTypes":["entity.device"],"categories":[]},"statusCode":200}
  [32m✔ Then response code should be: 200[39m
  [32m✔ And I can see into the result an "datamodel identifier" as "profile_test"[39m
  [32m✔ And I can see into the result an "datamodel name" as "profile_change"[39m
  [32m✔ And I can see into the result an "datamodel version" as "2.0"[39m
  [32m✔ And I can see into the result an "datamodel description" as "CHANGE"[39m

  [36m@iot @datamodel @update_provision @provision @update_provision_iot @update_iot_profile @update_datamodel @allowedResourceType[39m
  Scenario: Add and remove category of Datamodel that exists
  [32m✔ Given an apikey user by "require-real-apikey"[39m
  [32m✔ And an ogapi "datamodels helper" util with...[39m
      | [32mparam                                                                                                                                                [39m |
      | [32mbase_organization                                                                                                                                    [39m |
      | [32m{"identifier":"profile_test","name":"profile_change","version":"2.0","description":"CHANGE","allowedResourceTypes":["entity.device"],"categories":[]}[39m |
  [32m✔ And I want to update a "datamodel"[39m
  [32m✔ And the[39m
      | [32mmethod     [39m | [32mvalue                                          [39m |
      | [32maddCategory[39m | [32m{"name":"1category", "identifier": "1category"}[39m |
      | [32maddCategory[39m | [32m{"name":"2category", "identifier": "2category"}[39m |
  [32m✔ And I update it[39m
RESPONSE_: {"statusCode":200}
  [32m✔ Then response code should be: 200[39m
  [32m✔ And an ogapi "datamodels finder" util[39m
  [32m✔ And I want to read a "datamodel"[39m
  [32m✔ When I try to find by...[39m
      | [32mfield       [39m | [32mcontent          [39m |
      | [32morganization[39m | [32mbase_organization[39m |
      | [32mid          [39m | [32mprofile_test     [39m |
RESPONSE_: {"data":{"identifier":"profile_test","organizationName":"base_organization","name":"profile_change","version":"2.0","description":"CHANGE","allowedResourceTypes":["entity.device"],"categories":[{"identifier":"1category","name":"1category","datastreams":[]},{"identifier":"2category","name":"2category","datastreams":[]}]},"statusCode":200}
  [32m✔ Then response code should be: 200[39m
  [32m✔ And I can see into the result an "category[0] identifier" as "1category"[39m
  [32m✔ And I can see into the result an "category[1] identifier" as "2category"[39m
  [32m✔ And an ogapi "datamodels helper" util with...[39m
      | [32mparam                                                                                                                                                [39m |
      | [32mbase_organization                                                                                                                                    [39m |
      | [32m{"identifier":"profile_test","name":"profile_change","version":"2.0","description":"CHANGE","allowedResourceTypes":["entity.device"],"categories":[]}[39m |
  [32m✔ And I want to update a "datamodel"[39m
  [32m✔ And the[39m
      | [32mmethod     [39m | [32mvalue                                          [39m |
      | [32maddCategory[39m | [32m{"name":"1category", "identifier": "1category"}[39m |
      | [32maddCategory[39m | [32m{"name":"2category", "identifier": "2category"}[39m |
  [32m✔ And I update it[39m
RESPONSE_: {"statusCode":200}
  [32m✔ Then response code should be: 200[39m
removeCategory
update
datamodel
removeCategory
  [32m✔ And the "removeCategory" "1category"[39m
  [32m✔ And I update it[39m
RESPONSE_: {"statusCode":200}
  [32m✔ Then response code should be: 200[39m
  [32m✔ And an ogapi "datamodels finder" util[39m
  [32m✔ And I want to read a "datamodel"[39m
  [32m✔ When I try to find by...[39m
      | [32mfield       [39m | [32mcontent          [39m |
      | [32morganization[39m | [32mbase_organization[39m |
      | [32mid          [39m | [32mprofile_test     [39m |
RESPONSE_: {"data":{"identifier":"profile_test","organizationName":"base_organization","name":"profile_change","version":"2.0","description":"CHANGE","allowedResourceTypes":["entity.device"],"categories":[{"identifier":"2category","name":"2category","datastreams":[]}]},"statusCode":200}
  [32m✔ Then response code should be: 200[39m
  [32m✔ And I can see into the result an "category[0] identifier" as "2category"[39m

  [36m@iot @datamodel @update_provision @provision @update_provision_iot @update_iot_profile @update_datamodel @allowedResourceType[39m
  Scenario: Add and remove datastreams of Datamodel that exists 1
  [32m✔ Given an apikey user by "require-real-apikey"[39m
  [32m✔ And an ogapi "datamodels helper" util with...[39m
      | [32mparam                                                                                                                                                [39m |
      | [32mbase_organization                                                                                                                                    [39m |
      | [32m{"identifier":"profile_test","name":"profile_change","version":"2.0","description":"CHANGE","allowedResourceTypes":["entity.device"],"categories":[]}[39m |
  [32m✔ And I delete it[39m
RESPONSE_: {"statusCode":200}
  [32m✔ Then response code should be: 200[39m
  [32m✔ And an ogapi "datamodels builder" util with...[39m
      | [32mparam            [39m |
      | [32mbase_organization[39m |
  [32m✔ And I want to create a "datamodel"[39m
identifier
create
datamodel
withIdentifier
  [32m✔ And the "identifier" "profile_test"[39m
name
create
datamodel
withName
  [32m✔ And the "name" "profile_test"[39m
version
create
datamodel
withVersion
  [32m✔ And the "version" "1.0"[39m
description
create
datamodel
withDescription
  [32m✔ And the "description" "TESTING"[39m
allowed resource type
create
datamodel
addAllowedResourceType
  [32m✔ And the "allowed resource type" "entity.device"[39m
  [32m✔ And I create it[39m
RESPONSE_: {"location":"https://172.19.18.132:8444/v80/provision/organizations/base_organization/datamodels/profile_test","statusCode":201}
  [32m✔ Then response code should be: 201[39m
  [32m✔ And an ogapi "datamodels helper" util with...[39m
      | [32mparam                                                                                                                                                [39m |
      | [32mbase_organization                                                                                                                                    [39m |
      | [32m{"identifier":"profile_test","name":"profile_change","version":"2.0","description":"CHANGE","allowedResourceTypes":["entity.device"],"categories":[]}[39m |
  [32m✔ And I want to update a "datamodel"[39m
  [32m✔ And the[39m
      | [32mmethod     [39m | [32mvalue                                          [39m |
      | [32maddCategory[39m | [32m{"name":"1category", "identifier": "1category"}[39m |
      | [32maddCategory[39m | [32m{"name":"2category", "identifier": "2category"}[39m |
  [32m✔ And the "add datastream" with...[39m
      | [32mparam                                                                                                                                                                                                                                              [39m |
      | [32m1category                                                                                                                                                                                                                                          [39m |
      | [32m{"identifier": "1category.example.test","name": "1category.example.test","description": "for tests","period": "PULSE","unit": {"type": "SI","label": "beats/second","symbol": "bpm"},"tags": ["test","category_1"], "schema" : { "type":"string"} }[39m |
  [32m✔ And the "add datastream" with...[39m
      | [32mparam                                                                                                                                                                                                                                              [39m |
      | [32m2category                                                                                                                                                                                                                                          [39m |
      | [32m{"identifier": "2category.example.test","name": "2category.example.test","description": "for tests","period": "PULSE","unit": {"type": "SI","label": "beats/second","symbol": "bpm"},"tags": ["test","category_2"], "schema" : { "type":"string"} }[39m |
  [32m✔ And I update it[39m
RESPONSE_: {"statusCode":200}
  [32m✔ Then response code should be: 200[39m
  [32m✔ And an ogapi "datamodels finder" util[39m
  [32m✔ And I want to read a "datamodel"[39m
  [32m✔ When I try to find by...[39m
      | [32mfield       [39m | [32mcontent          [39m |
      | [32morganization[39m | [32mbase_organization[39m |
      | [32mid          [39m | [32mprofile_test     [39m |
RESPONSE_: {"data":{"identifier":"profile_test","organizationName":"base_organization","name":"profile_change","version":"2.0","description":"CHANGE","allowedResourceTypes":["entity.device"],"categories":[{"identifier":"1category","name":"1category","datastreams":[{"identifier":"1category.example.test","name":"1category.example.test","description":"for tests","period":"PULSE","access":"READ","schema":{"type":"string"},"storage":{"period":"DAYS","total":30},"tags":["test","category_1"],"unit":{"label":"beats/second","symbol":"bpm","type":"SI"},"modifiable":true,"calculated":false,"required":false}]},{"identifier":"2category","name":"2category","datastreams":[{"identifier":"2category.example.test","name":"2category.example.test","description":"for tests","period":"PULSE","access":"READ","schema":{"type":"string"},"storage":{"period":"DAYS","total":30},"tags":["test","category_2"],"unit":{"label":"beats/second","symbol":"bpm","type":"SI"},"modifiable":true,"calculated":false,"required":false}]}]},"statusCode":200}
  [32m✔ Then response code should be: 200[39m
  [32m✔ And I can see into the result an "category[0] identifier" as "1category"[39m
  [32m✔ And I can see into the result an "category[0] datastream[0] identifier" as "1category.example.test"[39m
  [32m✔ And I can see into the result an "category[1] identifier" as "2category"[39m
  [32m✔ And I can see into the result an "category[1] datastream[0] identifier" as "2category.example.test"[39m
  [32m✔ And an ogapi "datamodels helper" util with...[39m
      | [32mparam                                                                                                                                                [39m |
      | [32mbase_organization                                                                                                                                    [39m |
      | [32m{"identifier":"profile_test","name":"profile_change","version":"2.0","description":"CHANGE","allowedResourceTypes":["entity.device"],"categories":[]}[39m |
  [32m✔ And I want to update a "datamodel"[39m
  [32m✔ And the[39m
      | [32mmethod     [39m | [32mvalue                                          [39m |
      | [32maddCategory[39m | [32m{"name":"1category", "identifier": "1category"}[39m |
      | [32maddCategory[39m | [32m{"name":"2category", "identifier": "2category"}[39m |
  [32m✔ And the "add datastream" with...[39m
      | [32mparam                                                                                                                                                                                                                                             [39m |
      | [32m1category                                                                                                                                                                                                                                         [39m |
      | [32m{"identifier": "1category.example.test","name": "1category.example.test","description": "for tests","period": "PULSE","unit": {"type": "SI","label": "beats/second","symbol": "bpm"},"tags": ["test","category_1"], "schema" : { "type":"string"}}[39m |
  [32m✔ And the "add datastream" with...[39m
      | [32mparam                                                                                                                                                                                                                                             [39m |
      | [32m2category                                                                                                                                                                                                                                         [39m |
      | [32m{"identifier": "2category.example.test","name": "2category.example.test","description": "for tests","period": "PULSE","unit": {"type": "SI","label": "beats/second","symbol": "bpm"},"tags": ["test","category_2"], "schema" : { "type":"string"}}[39m |
  [32m✔ And the "add datastream" with...[39m
      | [32mparam                                                                                                                                                                                                                                                                   [39m |
      | [32m2category                                                                                                                                                                                                                                                               [39m |
      | [32m{"identifier": "2category.example.test.not.remove","name": "2category.example.test.not.remove","description": "for tests","period": "PULSE","unit": {"type": "SI","label": "beats/second","symbol": "bpm"},"tags": ["test","category_2"], "schema" : { "type":"string"}}[39m |
  [32m✔ And I update it[39m
RESPONSE_: {"statusCode":200}
  [32m✔ Then response code should be: 200[39m
removeCategory
update
datamodel
removeCategory
  [32m✔ And the "removeCategory" "1category"[39m
  [32m✔ And the "remove datastream" with...[39m
      | [32mparam                 [39m |
      | [32m2category             [39m |
      | [32m2category.example.test[39m |
  [32m✔ And I update it[39m
RESPONSE_: {"statusCode":200}
  [32m✔ Then response code should be: 200[39m
  [32m✔ And an ogapi "datamodels finder" util[39m
  [32m✔ And I want to read a "datamodel"[39m
  [32m✔ When I try to find by...[39m
      | [32mfield       [39m | [32mcontent          [39m |
      | [32morganization[39m | [32mbase_organization[39m |
      | [32mid          [39m | [32mprofile_test     [39m |
RESPONSE_: {"data":{"identifier":"profile_test","organizationName":"base_organization","name":"profile_change","version":"2.0","description":"CHANGE","allowedResourceTypes":["entity.device"],"categories":[{"identifier":"2category","datastreams":[{"identifier":"2category.example.test.not.remove","name":"2category.example.test.not.remove","description":"for tests","period":"PULSE","access":"READ","schema":{"type":"string"},"storage":{"period":"DAYS","total":30},"tags":["test","category_2"],"unit":{"label":"beats/second","symbol":"bpm","type":"SI"},"modifiable":true,"calculated":false,"required":false}]}]},"statusCode":200}
  [32m✔ Then response code should be: 200[39m
  [32m✔ And I can see into the result an "category[0] identifier" as "2category"[39m
  [32m✔ And I can see into the result an "category[0] datastream[0] identifier" as "2category.example.test.not.remove"[39m

  [36m@iot @datamodel @update_provision @provision @update_provision_iot @update_iot_profile @update_datamodel @allowedResourceType[39m
  Scenario: Add and remove datastreams of Datamodel that exists 2
  [32m✔ Given an apikey user by "require-real-apikey"[39m
  [32m✔ And an ogapi "datamodels helper" util with...[39m
      | [32mparam                                                                                                                                                [39m |
      | [32mbase_organization                                                                                                                                    [39m |
      | [32m{"identifier":"profile_test","name":"profile_change","version":"2.0","description":"CHANGE","allowedResourceTypes":["entity.device"],"categories":[]}[39m |
  [32m✔ And I delete it[39m
RESPONSE_: {"statusCode":200}
  [32m✔ Then response code should be: 200[39m
  [32m✔ And an ogapi "datamodels builder" util with...[39m
      | [32mparam            [39m |
      | [32mbase_organization[39m |
  [32m✔ And I want to create a "datamodel"[39m
identifier
create
datamodel
withIdentifier
  [32m✔ And the "identifier" "profile_test"[39m
name
create
datamodel
withName
  [32m✔ And the "name" "profile_test"[39m
version
create
datamodel
withVersion
  [32m✔ And the "version" "1.0"[39m
description
create
datamodel
withDescription
  [32m✔ And the "description" "TESTING"[39m
allowed resource type
create
datamodel
addAllowedResourceType
  [32m✔ And the "allowed resource type" "entity.device"[39m
  [32m✔ And I create it[39m
RESPONSE_: {"location":"https://172.19.18.132:8444/v80/provision/organizations/base_organization/datamodels/profile_test","statusCode":201}
  [32m✔ Then response code should be: 201[39m
  [32m✔ And an ogapi "datamodels helper" util with...[39m
      | [32mparam                                                                                                                                                [39m |
      | [32mbase_organization                                                                                                                                    [39m |
      | [32m{"identifier":"profile_test","name":"profile_change","version":"2.0","description":"CHANGE","allowedResourceTypes":["entity.device"],"categories":[]}[39m |
  [32m✔ And I want to update a "datamodel"[39m
  [32m✔ And the[39m
      | [32mmethod     [39m | [32mvalue                                          [39m |
      | [32maddCategory[39m | [32m{"name":"1category", "identifier": "1category"}[39m |
      | [32maddCategory[39m | [32m{"name":"2category", "identifier": "2category"}[39m |
  [32m✔ And the "add datastream" with...[39m
      | [32mparam                                                                                                                                                                                                                                         [39m |
      | [32m1category                                                                                                                                                                                                                                     [39m |
      | [32m{"identifier": "1category.example.test","name": "1category.example.test","description": "for tests","period": "PULSE","unit": {"type": "SI","label": "beats/second","symbol": "bpm"},"tags": ["test","category_1"],"schema":{"type":"string"}}[39m |
  [32m✔ And the "add datastream" with...[39m
      | [32mparam                                                                                                                                                                                                                                         [39m |
      | [32m2category                                                                                                                                                                                                                                     [39m |
      | [32m{"identifier": "2category.example.test","name": "2category.example.test","description": "for tests","period": "PULSE","unit": {"type": "SI","label": "beats/second","symbol": "bpm"},"tags": ["test","category_2"],"schema":{"type":"string"}}[39m |
  [32m✔ And I update it[39m
RESPONSE_: {"statusCode":200}
  [32m✔ Then response code should be: 200[39m
  [32m✔ And the "update category" with...[39m
      | [32mparam    [39m |
      | [32m1category[39m |
      | [32mcategory1[39m |
  [32m✔ And the "update datastream" with...[39m
      | [32mparam                                                                                                                                                                                                                                                   [39m |
      | [32m2category                                                                                                                                                                                                                                               [39m |
      | [32m2category.example.test                                                                                                                                                                                                                                  [39m |
      | [32m{"identifier": "category2.example.test","name": "category2.example.test","description": "for tests and update","period": "PULSE","unit": {"type": "SI","label": "beats/second","symbol": "bpm"},"tags": ["test","category2"],"schema":{"type":"string"}}[39m |
  [32m✔ And I update it[39m
  [32m✔ And an ogapi "datamodels finder" util[39m
  [32m✔ And I want to read a "datamodel"[39m
  [32m✔ When I try to find by...[39m
      | [32mfield       [39m | [32mcontent          [39m |
      | [32morganization[39m | [32mbase_organization[39m |
      | [32mid          [39m | [32mprofile_test     [39m |
RESPONSE_: {"data":{"identifier":"profile_test","organizationName":"base_organization","name":"profile_change","version":"2.0","description":"CHANGE","allowedResourceTypes":["entity.device"],"categories":[{"identifier":"1category","datastreams":[{"identifier":"1category.example.test","name":"1category.example.test","description":"for tests","period":"PULSE","access":"READ","schema":{"type":"string"},"storage":{"period":"DAYS","total":30},"tags":["test","category_1"],"unit":{"label":"beats/second","symbol":"bpm","type":"SI"},"modifiable":true,"calculated":false,"required":false}]},{"identifier":"2category","name":"2category","datastreams":[{"identifier":"category2.example.test","name":"category2.example.test","description":"for tests and update","period":"PULSE","access":"READ","schema":{"type":"string"},"storage":{"period":"DAYS","total":30},"tags":["test","category2"],"unit":{"label":"beats/second","symbol":"bpm","type":"SI"},"modifiable":true,"calculated":false,"required":false}]}]},"statusCode":200}
  [32m✔ Then response code should be: 200[39m
  [32m✔ And I can see into the result an "category[0] identifier" as "1category"[39m
  [32m✔ And I can see into the result an "category[0] datastream[0] identifier" as "1category.example.test"[39m
  [32m✔ And I can see into the result an "category[1] identifier" as "2category"[39m
  [32m✔ And I can see into the result an "category[1] datastream[0] identifier" as "category2.example.test"[39m

  [36m@iot @datamodel @update_provision @provision @update_provision_iot @update_iot_profile @update_datamodel @allowedResourceType[39m
  Scenario: Add and remove datastreams with qrating of Datamodel that exists
  [32m✔ Given an apikey user by "require-real-apikey"[39m
  [32m✔ And an ogapi "datamodels helper" util with...[39m
      | [32mparam                                                                                                                                                [39m |
      | [32mbase_organization                                                                                                                                    [39m |
      | [32m{"identifier":"profile_test","name":"profile_change","version":"2.0","description":"CHANGE","allowedResourceTypes":["entity.device"],"categories":[]}[39m |
  [32m✔ And I delete it[39m
RESPONSE_: {"statusCode":200}
  [32m✔ Then response code should be: 200[39m
  [32m✔ And an ogapi "datamodels builder" util with...[39m
      | [32mparam            [39m |
      | [32mbase_organization[39m |
  [32m✔ And I want to create a "datamodel"[39m
identifier
create
datamodel
withIdentifier
  [32m✔ And the "identifier" "profile_test"[39m
name
create
datamodel
withName
  [32m✔ And the "name" "profile_test"[39m
version
create
datamodel
withVersion
  [32m✔ And the "version" "1.0"[39m
description
create
datamodel
withDescription
  [32m✔ And the "description" "TESTING"[39m
allowed resource type
create
datamodel
addAllowedResourceType
  [32m✔ And the "allowed resource type" "entity.device"[39m
  [32m✔ And I create it[39m
RESPONSE_: {"location":"https://172.19.18.132:8444/v80/provision/organizations/base_organization/datamodels/profile_test","statusCode":201}
  [32m✔ Then response code should be: 201[39m
  [32m✔ And an ogapi "qratings builder" util as "qrating"[39m
  [32m✔ And I want to create a "qrating"[39m
  [32m✔ And the "minRequired" on util "qrating" with...[39m
      | [32mparam      [39m |
      | [32mminrequired[39m |
      | [32m0          [39m |
  [32m✔ And the "minDesired" on util "qrating" with...[39m
      | [32mparam     [39m |
      | [32mminDesired[39m |
      | [32m0         [39m |
  [32m✔ And the "ideal" on util "qrating" with...[39m
      | [32mparam     [39m |
      | [32mminDesired[39m |
      | [32m0         [39m |
  [32m✔ And the "maxDesired" on util "qrating" with...[39m
      | [32mparam     [39m |
      | [32mmaxDesired[39m |
      | [32m10        [39m |
  [32m✔ And the "maxAllowed" on util "qrating" with...[39m
      | [32mparam     [39m |
      | [32mmaxAllowed[39m |
      | [32m10        [39m |
  [32m✔ And the "maxScore" 10 on util "qrating"[39m
  [32m✔ And the "version" "1.0" on util "qrating"[39m
  [32m✔ And an ogapi "datastreams builder" util as "datastream"[39m
  [32m✔ And I want to create a "datastream"[39m
  [32m✔ And the "identifier" "test.build.datastream" on util "datastream"[39m
  [32m✔ And the "name" "test.build.datastream" on util "datastream"[39m
  [32m✔ And the "description" "datastream test" on util "datastream"[39m
  [32m✔ And the "unit" on util "datastream" with...[39m
      | [32mparam[39m |
      | [32mTS   [39m |
      | [32mTEST [39m |
      | [32mT    [39m |
  [32m✔ And the "period" "PULSE" on util "datastream"[39m
  [32m✔ And the "schema" '{ "type" : "string" }' json on util "datastream"[39m
  [32m✔ And the "qrating" "qrating" build on util "datastream"[39m
  [32m✔ And an ogapi "datamodels helper" util with...[39m
      | [32mparam                                                                                                                                                [39m |
      | [32mbase_organization                                                                                                                                    [39m |
      | [32m{"identifier":"profile_test","name":"profile_change","version":"2.0","description":"CHANGE","allowedResourceTypes":["entity.device"],"categories":[]}[39m |
  [32m✔ And I want to update a "datamodel"[39m
  [32m✔ And the[39m
      | [32mmethod     [39m | [32mvalue                                          [39m |
      | [32maddCategory[39m | [32m{"name":"1category", "identifier": "1category"}[39m |
      | [32maddCategory[39m | [32m{"name":"2category", "identifier": "2category"}[39m |
  [32m✔ And the "add datastream" with util build "datastream" and with...[39m
      | [32mparam    [39m |
      | [32m1category[39m |
  [32m✔ And I update it[39m
RESPONSE_: {"statusCode":200}
  [32m✔ Then response code should be: 200[39m
  [32m✔ And an ogapi "datamodels finder" util[39m
  [32m✔ And I want to read a "datamodel"[39m
  [32m✔ When I try to find by...[39m
      | [32mfield       [39m | [32mcontent          [39m |
      | [32morganization[39m | [32mbase_organization[39m |
      | [32mid          [39m | [32mprofile_test     [39m |
RESPONSE_: {"data":{"identifier":"profile_test","organizationName":"base_organization","name":"profile_change","version":"2.0","description":"CHANGE","allowedResourceTypes":["entity.device"],"categories":[{"identifier":"1category","name":"1category","datastreams":[{"identifier":"test.build.datastream","name":"test.build.datastream","description":"datastream test","period":"PULSE","access":"READ","schema":{"type":"string"},"storage":{"period":"DAYS","total":30},"qrating":{"version":"1.0","ideal":{"label":"minDesired","value":0},"max_allowed":{"label":"maxAllowed","value":10},"max_desired":{"label":"minDesired","value":0},"min_desired":{"label":"minDesired","value":0},"min_required":{"label":"minrequired","value":0},"max_score":10},"unit":{"label":"TEST","symbol":"T","type":"TS"},"modifiable":true,"calculated":false,"required":false}]},{"identifier":"2category","name":"2category","datastreams":[]}]},"statusCode":200}
  [32m✔ Then response code should be: 200[39m
  [32m✔ And I can see into the result an "category[0] identifier" as "1category"[39m
  [32m✔ And I can see into the result an "category[0] datastream[0] identifier" as "test.build.datastream"[39m
  [32m✔ And I can see into the result an "category[0] datastream[0] qrating version" as "1.0"[39m
  [32m✔ And I can see into the result an "category[1] identifier" as "2category"[39m

  [36m@iot @datamodel @update_provision @provision @update_provision_iot @update_iot_profile @update_datamodel @allowedResourceType[39m
  Scenario: Delete a Datamodel that already exists
  [32m✔ Given an apikey user by "require-real-apikey"[39m
  [32m✔ Given an ogapi "datamodels helper" util with...[39m
      | [32mparam                                                                                                                                                [39m |
      | [32mbase_organization                                                                                                                                    [39m |
      | [32m{"identifier":"profile_test","name":"profile_change","version":"2.0","description":"CHANGE","allowedResourceTypes":["entity.device"],"categories":[]}[39m |
  [32m✔ And I delete it[39m
RESPONSE_: {"statusCode":200}
  [32m✔ Then response code should be: 200[39m

[36m@provision @operations @actions_execution @fail[39m
Feature: Execute actions on a particular execution

  As a user of JsApi
  I want to execute actions on a particular operation
  So I can check if the actions run correctly

  [36m@provision @operations @actions_execution @fail @execution[39m
  Scenario: Creating an organization to use in create device
  [32m✔ Given an apikey user by "require-real-apikey"[39m
  [32m✔ Given an ogapi "organizations builder" util[39m
  [32m✔ Then I want to create an "organization"[39m
name
create
organization
withName
  [32m✔ And the "name" "actions_execution_organization"[39m
description
create
organization
withDescription
  [32m✔ And the "description" "actions execution organization"[39m
country code
create
organization
withCountryCode
  [32m✔ And the "country code" "ES"[39m
lang code
create
organization
withLangCode
  [32m✔ And the "lang code" "es"[39m
time zone
create
organization
withTimeZone
  [32m✔ And the "time zone" "Europe/Andorra"[39m
  [32m✔ And the "zoom" 10[39m
  [32m✔ And the "location" with 1 and 1[39m
  [32m✔ Then I delete it[39m
  [32m✔ Then I create it[39m
RESPONSE_: {"location":"https://172.19.18.132:8444/v80/provision/organizations/actions_execution_organization","statusCode":201}
  [32m✔ And response code should be: 201[39m

  [36m@provision @operations @actions_execution @fail[39m
  Scenario: I want to create an entity
  [32m✔ Given an apikey user by "require-real-apikey"[39m
  [32m✔ Given the entity of type "devices builder" with "actions_execution_organization"[39m
  [32m✔ And I get allowed Datastreams fields[39m
  [32m✔ And I can found "provision.device.identifier" as datastream name[39m
  [32m✔ When I try to define the entity with...[39m
      | [32mdatastream                           [39m | [32mtypeFunction[39m | [32mvalue                         [39m | [32mparent[39m |
      | [32mprovision.administration.channel     [39m | [32msimple      [39m | [32mdefault_channel               [39m | [32m      [39m |
      | [32mprovision.administration.organization[39m | [32msimple      [39m | [32mactions_execution_organization[39m | [32m      [39m |
      | [32mprovision.administration.serviceGroup[39m | [32msimple      [39m | [32memptyServiceGroup             [39m | [32m      [39m |
      | [32mprovision.device.identifier          [39m | [32msimple      [39m | [32mactions_execution_device      [39m | [32m      [39m |
      | [32mprovision.device.operationalStatus   [39m | [32msimple      [39m | [32mNORMAL                        [39m | [32m      [39m |
      | [32mprovision.device.administrativeState [39m | [32msimple      [39m | [32mACTIVE                        [39m | [32m      [39m |
CREATEOK: {"req":{"method":"POST","url":"https://172.19.18.132:8444/v80/provision/organizations/actions_execution_organization/devices?flattened=true","data":{"provision.administration.channel":{"_value":{"_current":{"value":"default_channel"}}},"provision.administration.organization":{"_value":{"_current":{"value":"actions_execution_organization"}}},"provision.administration.serviceGroup":{"_value":{"_current":{"value":"emptyServiceGroup"}}},"provision.device.identifier":{"_value":{"_current":{"value":"actions_execution_device"}}},"provision.device.operationalStatus":{"_value":{"_current":{"value":"NORMAL"}}},"provision.device.administrativeState":{"_value":{"_current":{"value":"ACTIVE"}}}},"headers":{"user-agent":"node-superagent/2.3.0","content-type":"application/json","x-apikey":"2829be88-a7d7-4f51-aefc-3cc2385b6506"}},"header":{"connection":"close","date":"Mon, 12 Mar 2018 14:50:31 GMT","strict-transport-security":"max-age=2000; includeSubDomains","set-cookie":["JSESSIONID=node07yk54c9af4c91pl8qejsxl7z93051.node0;Path=/;Secure"],"expires":"Thu, 01 Jan 1970 00:00:00 GMT","location":"https://172.19.18.132:8444/v80/provision/organizations/actions_execution_organization/devices/actions_execution_device","server":"Jetty(9.4.0.v20161208)"},"status":201,"text":""}
  [32m✔ Then I create it[39m
RESPONSE_: {"location":"https://172.19.18.132:8444/v80/provision/organizations/actions_execution_organization/devices/actions_execution_device","statusCode":201}
  [32m✔ And response code should be: 201[39m

  [36m@provision @operations @actions_execution @fail[39m
  Scenario: Execute operation with default values and pause and active operation
  [32m✔ Given an apikey user by "require-real-apikey"[39m
  [32m✔ Given the operation by "REFRESH_INFO"[39m
  [32m✔ And the timeout by 30000[39m
  [32m✔ And the job timeout by 5 minutes[39m
  [32m✔ And execute in 10 minutes[39m
  [32m✔ And append entities by:[39m
      | [32mactions_execution_device[39m |
  [32m✔ When I build it[39m
  [32m✔ And I execute it[39m
RESPONSE_: {"data":{"id":"521173d5-2681-4cfc-8c76-1c99f94ca86b","request":{"name":"REFRESH_INFO","active":true,"notify":false,"user":"root@amplia.es","schedule":{"start":{"delayed":"600000"},"stop":{"delayed":"300000"},"scattering":{"strategy":{}},"window":{"weekly":[{"daily":{}}]}},"operationParameters":{"timeout":30000,"retries":0,"retriesDelay":0}},"report":{"execution":{},"target":{}}},"statusCode":201,"location":"https://172.19.18.132:8444/v80/operation/jobs/521173d5-2681-4cfc-8c76-1c99f94ca86b"}
  [32m✔ Then response code should be: 201[39m
  [32m✔ And an ogapi "operation finder" util[39m
  [32m✔ And I want to read a "operation"[39m
THIS._ID: 521173d5-2681-4cfc-8c76-1c99f94ca86b
COMPOSE: operation/jobs/521173d5-2681-4cfc-8c76-1c99f94ca86b
  [32m✔ When I try to find by operation's id[39m
  [32m✔ Then I can see into the result an "operation status" as "SCHEDULED"[39m
  [32m✔ And an ogapi "operation actions" util with responseId[39m
  [32m✔ And I want "pause" a operation[39m
  [32m✔ And an ogapi "operation finder" util[39m
  [32m✔ And I want to read a "operation"[39m
THIS._ID: 521173d5-2681-4cfc-8c76-1c99f94ca86b
COMPOSE: operation/jobs/521173d5-2681-4cfc-8c76-1c99f94ca86b
  [32m✔ When I try to find by operation's id[39m
  [32m✔ Then I can see into the result an "operation status" as "IDLE"[39m
  [32m✔ And an ogapi "operation actions" util with responseId[39m
  [32m✔ And I want "active" a operation[39m
  [32m✔ And an ogapi "operation finder" util[39m
  [32m✔ And I want to read a "operation"[39m
THIS._ID: 521173d5-2681-4cfc-8c76-1c99f94ca86b
COMPOSE: operation/jobs/521173d5-2681-4cfc-8c76-1c99f94ca86b
  [32m✔ When I try to find by operation's id[39m
  [32m✔ Then I can see into the result an "operation status" as "SCHEDULED"[39m

  [36m@provision @operations @actions_execution @fail @execution[39m
  Scenario: Execute operation with default values and cancel execution
  [32m✔ Given an apikey user by "require-real-apikey"[39m
  [32m✔ Given the operation by "REFRESH_INFO"[39m
  [32m✔ And the timeout by 30000[39m
  [32m✔ And the job timeout by 5 minutes[39m
  [32m✔ And execute in 10 minutes[39m
  [32m✔ And append entities by:[39m
      | [32mactions_execution_device[39m |
  [32m✔ When I build it[39m
  [32m✔ And I execute it[39m
RESPONSE_: {"data":{"id":"8ad6fdb8-3b9e-4037-96be-46b8fe91dd74","request":{"name":"REFRESH_INFO","active":true,"notify":false,"user":"root@amplia.es","schedule":{"start":{"delayed":"600000"},"stop":{"delayed":"300000"},"scattering":{"strategy":{}},"window":{"weekly":[{"daily":{}}]}},"operationParameters":{"timeout":30000,"retries":0,"retriesDelay":0}},"report":{"execution":{},"target":{}}},"statusCode":201,"location":"https://172.19.18.132:8444/v80/operation/jobs/8ad6fdb8-3b9e-4037-96be-46b8fe91dd74"}
  [32m✔ Then response code should be: 201[39m
  [32m✔ And an ogapi "operation finder" util[39m
  [32m✔ And I want to read a "operation"[39m
THIS._ID: 8ad6fdb8-3b9e-4037-96be-46b8fe91dd74
COMPOSE: operation/jobs/8ad6fdb8-3b9e-4037-96be-46b8fe91dd74
  [32m✔ When I try to find by operation's id[39m
  [32m✔ Then I can see into the result an "operation status" as "SCHEDULED"[39m
  [32m✔ And an ogapi "operation actions" util with responseId[39m
  [32m✔ And I want "cancel" a operation[39m
  [32m✔ And an ogapi "operation finder" util[39m
  [32m✔ And I want to read a "operation"[39m
THIS._ID: 8ad6fdb8-3b9e-4037-96be-46b8fe91dd74
COMPOSE: operation/jobs/8ad6fdb8-3b9e-4037-96be-46b8fe91dd74
  [32m✔ When I try to find by operation's id[39m
  [31m✖ Then I can see into the result an "operation status" as "CANCELLING"[39m

  [36m@provision @operations @actions_execution @fail @execution[39m
  Scenario: Execute operation with default values and pause and active an operation inmediatly
  [32m✔ Given an apikey user by "require-real-apikey"[39m
  [32m✔ Given the operation by "REFRESH_INFO"[39m
  [32m✔ And the timeout by 30000[39m
  [32m✔ And the job timeout by 1 minutes[39m
  [32m✔ And execute immediately[39m
  [32m✔ And append entities by:[39m
      | [32mactions_execution_device[39m |
  [32m✔ When I build it[39m
  [32m✔ And I execute it[39m
RESPONSE_: {"data":{"id":"6721292f-699d-4ea8-952b-c189696cdb17","request":{"name":"REFRESH_INFO","active":true,"notify":false,"user":"root@amplia.es","schedule":{"stop":{"delayed":"60000"},"scattering":{"strategy":{}},"window":{"weekly":[{"daily":{}}]}},"operationParameters":{"timeout":30000,"retries":0,"retriesDelay":0}},"report":{"execution":{},"target":{}}},"statusCode":201,"location":"https://172.19.18.132:8444/v80/operation/jobs/6721292f-699d-4ea8-952b-c189696cdb17"}
  [32m✔ Then response code should be: 201[39m
  [32m✔ And an ogapi "operation finder" util[39m
  [32m✔ And I want to read a "operation"[39m
THIS._ID: 6721292f-699d-4ea8-952b-c189696cdb17
COMPOSE: operation/jobs/6721292f-699d-4ea8-952b-c189696cdb17
  [32m✔ When I try to find by operation's id[39m
  [32m✔ Then I can see into the result an "operation status" as "IN_PROGRESS"[39m
  [32m✔ And an ogapi "operation actions" util with responseId[39m
  [32m✔ And I want "pause" a operation[39m
  [32m✔ And an ogapi "operation finder" util[39m
  [32m✔ And I want to read a "operation"[39m
THIS._ID: 6721292f-699d-4ea8-952b-c189696cdb17
COMPOSE: operation/jobs/6721292f-699d-4ea8-952b-c189696cdb17
  [32m✔ When I try to find by operation's id[39m
  [32m✔ Then I can see into the result an "operation status" as "PAUSED"[39m
  [32m✔ And an ogapi "operation actions" util with responseId[39m
  [32m✔ And I want "active" a operation[39m
  [32m✔ And an ogapi "operation finder" util[39m
  [32m✔ And I want to read a "operation"[39m
THIS._ID: 6721292f-699d-4ea8-952b-c189696cdb17
COMPOSE: operation/jobs/6721292f-699d-4ea8-952b-c189696cdb17
  [32m✔ When I try to find by operation's id[39m
  [31m✖ Then I can see into the result an "operation status" as "IN_PROGRESS"[39m

  [36m@provision @operations @actions_execution @fail @execution[39m
  Scenario: Execute operation with default values and pause and active an operation finished
  [32m✔ Given an apikey user by "require-real-apikey"[39m
  [32m✔ Given the operation by "REFRESH_INFO"[39m
  [32m✔ And the timeout by 30000[39m
  [32m✔ And the job timeout by 1 minutes[39m
  [32m✔ And execute immediately[39m
  [32m✔ And append entities by:[39m
      | [32mactions_execution_device[39m |
  [32m✔ When I build it[39m
  [32m✔ And I execute it[39m
RESPONSE_: {"data":{"id":"dba7dc05-9055-4395-845a-a8f4a2813a9e","request":{"name":"REFRESH_INFO","active":true,"notify":false,"user":"root@amplia.es","schedule":{"stop":{"delayed":"60000"},"scattering":{"strategy":{}},"window":{"weekly":[{"daily":{}}]}},"operationParameters":{"timeout":30000,"retries":0,"retriesDelay":0}},"report":{"execution":{},"target":{}}},"statusCode":201,"location":"https://172.19.18.132:8444/v80/operation/jobs/dba7dc05-9055-4395-845a-a8f4a2813a9e"}
  [32m✔ Then response code should be: 201[39m
  [32m✔ And I wait 70 seconds[39m
  [32m✔ And an ogapi "operation finder" util[39m
  [32m✔ And I want to read a "operation"[39m
THIS._ID: dba7dc05-9055-4395-845a-a8f4a2813a9e
COMPOSE: operation/jobs/dba7dc05-9055-4395-845a-a8f4a2813a9e
  [32m✔ When I try to find by operation's id[39m
  [32m✔ Then I can see into the result an "operation status" as "FINISHED"[39m
  [32m✔ And an ogapi "operation actions" util with responseId[39m
  [32m✔ And I want "pause" a operation[39m
  [31m✖ And throws an error equal to "Job state transition error"[39m

  [36m@provision @operations @actions_execution @fail @execution[39m
  Scenario: Execute operation with default values and cancel an operation finished
  [32m✔ Given an apikey user by "require-real-apikey"[39m
  [32m✔ Given the operation by "REFRESH_INFO"[39m
  [32m✔ And the timeout by 30000[39m
  [32m✔ And the job timeout by 1 minutes[39m
  [32m✔ And execute immediately[39m
  [32m✔ And append entities by:[39m
      | [32mactions_execution_device[39m |
  [32m✔ When I build it[39m
  [32m✔ And I execute it[39m
RESPONSE_: {"data":{"id":"bdeda2be-a5bc-4857-8ee3-8bab5ca9bd54","request":{"name":"REFRESH_INFO","active":true,"notify":false,"user":"root@amplia.es","schedule":{"stop":{"delayed":"60000"},"scattering":{"strategy":{}},"window":{"weekly":[{"daily":{}}]}},"operationParameters":{"timeout":30000,"retries":0,"retriesDelay":0}},"report":{"execution":{},"target":{}}},"statusCode":201,"location":"https://172.19.18.132:8444/v80/operation/jobs/bdeda2be-a5bc-4857-8ee3-8bab5ca9bd54"}
  [32m✔ Then response code should be: 201[39m
  [32m✔ And I wait 70 seconds[39m
  [32m✔ And an ogapi "operation finder" util[39m
  [32m✔ And I want to read a "operation"[39m
THIS._ID: bdeda2be-a5bc-4857-8ee3-8bab5ca9bd54
COMPOSE: operation/jobs/bdeda2be-a5bc-4857-8ee3-8bab5ca9bd54
  [32m✔ When I try to find by operation's id[39m
  [32m✔ Then I can see into the result an "operation status" as "FINISHED"[39m
  [32m✔ And an ogapi "operation actions" util with responseId[39m
  [32m✔ And I want "cancel" a operation[39m
  [31m✖ And throws an error equal to "Job state transition error"[39m

  [36m@provision @operations @actions_execution @fail[39m
  Scenario: Execute periodic operation every day and cancel
  [32m✔ Given an apikey user by "require-real-apikey"[39m
  [32m✔ Given the operation by "ADMINISTRATIVE_STATUS_CHANGE"[39m
  [32m✔ And the notes by ""[39m
  [32m✔ And the timeout by 120000[39m
  [32m✔ And the ackTimeout by 0[39m
  [32m✔ And the retries by 0[39m
  [32m✔ And the retriesDelay by 0[39m
  [32m✔ And parameter "admsts" by "inventado"[39m
  [32m✔ And the job timeout by 5 minutes[39m
  [32m✔ And execute every day at "now"[39m
  [32m✔ And append entities by:[39m
      | [32mactions_execution_device[39m |
  [32m✔ When I build it[39m
  [32m✔ And I execute it[39m
RESPONSE_: {"data":{},"statusCode":201,"location":"https://172.19.18.132:8444/v80/operation/tasks/1a591a90-19aa-4699-a277-9e486e779ecc"}
  [32m✔ Then response code should be: 201[39m
  [32m✔ When I try to find an operation for its id of periodicity and save its id[39m
  [32m✔ And an ogapi "operation actions" util with responseId[39m
THIS._ID: b286cf03-18cf-4dd5-951a-ab2df30bd0d8
COMPOSE: operation/jobs/b286cf03-18cf-4dd5-951a-ab2df30bd0d8
  [32m✔ And I want "cancel periodicity" of a operation[39m
RESPONSE_: {"statusCode":200,"data":{"id":"1a591a90-19aa-4699-a277-9e486e779ecc"}}
  [32m✔ Then response code should be: 200[39m
  [32m✔ When I try to find an operation for its id of periodicity and save its id[39m
RESPONSE_: {"error":"Jobs not found","statusCode":404}
  [32m✔ Then response code should be: 404[39m

  [36m@provision @operations @actions_execution @fail[39m
  Scenario: Execute periodic operation every day and pause
  [32m✔ Given an apikey user by "require-real-apikey"[39m
  [32m✔ Given the operation by "ADMINISTRATIVE_STATUS_CHANGE"[39m
  [32m✔ And the notes by ""[39m
  [32m✔ And the timeout by 120000[39m
  [32m✔ And the ackTimeout by 0[39m
  [32m✔ And the retries by 0[39m
  [32m✔ And the retriesDelay by 0[39m
  [32m✔ And parameter "admsts" by "inventado"[39m
  [32m✔ And the job timeout by 5 minutes[39m
  [32m✔ And execute every day at "now"[39m
  [32m✔ And append entities by:[39m
      | [32mactions_execution_device[39m |
  [32m✔ When I build it[39m
  [32m✔ And I execute it[39m
RESPONSE_: {"data":{},"statusCode":201,"location":"https://172.19.18.132:8444/v80/operation/tasks/578fed32-271b-481a-ac35-4a15a9ecbb69"}
  [32m✔ Then response code should be: 201[39m
  [32m✔ When I try to find an operation for its id of periodicity and save its id[39m
  [32m✔ And an ogapi "operation actions" util with responseId[39m
THIS._ID: 52e4a576-1591-4e2d-9036-c2181e9ccf72
COMPOSE: operation/jobs/52e4a576-1591-4e2d-9036-c2181e9ccf72
  [32m✔ And I want "pause periodicity" of a operation[39m
RESPONSE_: {"req":{"method":"PUT","url":"https://172.19.18.132:8444/v80/operation/tasks/578fed32-271b-481a-ac35-4a15a9ecbb69","data":{"task":{"active":false}},"headers":{"user-agent":"node-superagent/2.3.0","content-type":"application/json","x-apikey":"2829be88-a7d7-4f51-aefc-3cc2385b6506"}},"header":{"connection":"close","date":"Mon, 12 Mar 2018 14:53:02 GMT","strict-transport-security":"max-age=2000; includeSubDomains","set-cookie":["JSESSIONID=node01c1ltoy5juq1c1c69tsu3h4jgh3143.node0;Path=/;Secure"],"expires":"Thu, 01 Jan 1970 00:00:00 GMT","server":"Jetty(9.4.0.v20161208)"},"status":200,"text":""}
  [32m✔ Then response code should be: 200[39m
  [32m✔ And an ogapi "operation finder" util[39m
  [32m✔ And I want to read a "periodicity"[39m
THIS._ID: 52e4a576-1591-4e2d-9036-c2181e9ccf72
COMPOSE: operation/jobs/52e4a576-1591-4e2d-9036-c2181e9ccf72
COMPOSE: operation/tasks/578fed32-271b-481a-ac35-4a15a9ecbb69
  [32m✔ When I try to find by operation's id[39m
  [32m✔ Then I can see into the result an "periodic status" as "INACTIVE"[39m

  [36m@provision @operations @actions_execution @fail[39m
  Scenario: Execute periodic operation every day and pause and active
  [32m✔ Given an apikey user by "require-real-apikey"[39m
  [32m✔ Given the operation by "ADMINISTRATIVE_STATUS_CHANGE"[39m
  [32m✔ And the notes by ""[39m
  [32m✔ And the timeout by 120000[39m
  [32m✔ And the ackTimeout by 0[39m
  [32m✔ And the retries by 0[39m
  [32m✔ And the retriesDelay by 0[39m
  [32m✔ And parameter "admsts" by "inventado"[39m
  [32m✔ And the job timeout by 5 minutes[39m
  [32m✔ And execute every day at "now"[39m
  [32m✔ And append entities by:[39m
      | [32mactions_execution_device[39m |
  [32m✔ When I build it[39m
  [32m✔ And I execute it[39m
RESPONSE_: {"data":{},"statusCode":201,"location":"https://172.19.18.132:8444/v80/operation/tasks/8aeb1323-d09c-4151-ab47-2c3edc126acf"}
  [32m✔ Then response code should be: 201[39m
  [32m✔ When I try to find an operation for its id of periodicity and save its id[39m
  [32m✔ And an ogapi "operation actions" util with responseId[39m
THIS._ID: e32eefc9-eeb0-49d0-a515-58e06b68a4ec
COMPOSE: operation/jobs/e32eefc9-eeb0-49d0-a515-58e06b68a4ec
  [32m✔ And I want "pause periodicity" of a operation[39m
RESPONSE_: {"req":{"method":"PUT","url":"https://172.19.18.132:8444/v80/operation/tasks/8aeb1323-d09c-4151-ab47-2c3edc126acf","data":{"task":{"active":false}},"headers":{"user-agent":"node-superagent/2.3.0","content-type":"application/json","x-apikey":"2829be88-a7d7-4f51-aefc-3cc2385b6506"}},"header":{"connection":"close","date":"Mon, 12 Mar 2018 14:53:04 GMT","strict-transport-security":"max-age=2000; includeSubDomains","set-cookie":["JSESSIONID=node01xc0pq6dfr85nlynhzd53ygr13150.node0;Path=/;Secure"],"expires":"Thu, 01 Jan 1970 00:00:00 GMT","server":"Jetty(9.4.0.v20161208)"},"status":200,"text":""}
  [32m✔ Then response code should be: 200[39m
  [32m✔ And an ogapi "operation finder" util[39m
  [32m✔ And I want to read a "periodicity"[39m
THIS._ID: e32eefc9-eeb0-49d0-a515-58e06b68a4ec
COMPOSE: operation/jobs/e32eefc9-eeb0-49d0-a515-58e06b68a4ec
COMPOSE: operation/tasks/8aeb1323-d09c-4151-ab47-2c3edc126acf
  [32m✔ When I try to find by operation's id[39m
  [32m✔ Then I can see into the result an "periodic status" as "INACTIVE"[39m
  [32m✔ When I try to find an operation for its id of periodicity and save its id[39m
  [32m✔ And an ogapi "operation actions" util with responseId[39m
THIS._ID: e32eefc9-eeb0-49d0-a515-58e06b68a4ec
COMPOSE: operation/jobs/e32eefc9-eeb0-49d0-a515-58e06b68a4ec
  [32m✔ And I want "active periodicity" of a operation[39m
RESPONSE_: {"req":{"method":"PUT","url":"https://172.19.18.132:8444/v80/operation/tasks/8aeb1323-d09c-4151-ab47-2c3edc126acf","data":{"task":{"active":true}},"headers":{"user-agent":"node-superagent/2.3.0","content-type":"application/json","x-apikey":"2829be88-a7d7-4f51-aefc-3cc2385b6506"}},"header":{"connection":"close","date":"Mon, 12 Mar 2018 14:53:05 GMT","strict-transport-security":"max-age=2000; includeSubDomains","set-cookie":["JSESSIONID=node014ztidbj6bao41gsflxv1kv93v3155.node0;Path=/;Secure"],"expires":"Thu, 01 Jan 1970 00:00:00 GMT","server":"Jetty(9.4.0.v20161208)"},"status":200,"text":""}
  [32m✔ Then response code should be: 200[39m
  [32m✔ And an ogapi "operation finder" util[39m
  [32m✔ And I want to read a "periodicity"[39m
THIS._ID: e32eefc9-eeb0-49d0-a515-58e06b68a4ec
COMPOSE: operation/jobs/e32eefc9-eeb0-49d0-a515-58e06b68a4ec
COMPOSE: operation/tasks/8aeb1323-d09c-4151-ab47-2c3edc126acf
  [32m✔ When I try to find by operation's id[39m
  [32m✔ Then I can see into the result an "periodic status" as "ACTIVE"[39m

  [36m@provision @operations @actions_execution @fail[39m
  Scenario: I want to delete the entity
  [32m✔ Given an apikey user by "require-real-apikey"[39m
  [32m✔ Given the entity of type "devices builder" with "base_organization"[39m
  [32m✔ And I get allowed Datastreams fields[39m
  [32m✔ And I can found "provision.device.identifier" as datastream name[39m
  [32m✔ When I try to define the entity with...[39m
      | [32mdatastream                 [39m | [32mtypeFunction[39m | [32mvalue                   [39m | [32mparent[39m |
      | [32mprovision.device.identifier[39m | [32msimple      [39m | [32mactions_execution_device[39m | [32m      [39m |
  [32m✔ And I delete it[39m
RESPONSE_: {"statusCode":400,"data":{"errors":[{"code":16781315,"message":"Element not found","context":[]}]}}
  [31m✖ Then response code should be: 200[39m

  [36m@provision @operations @actions_execution @fail[39m
  Scenario: Deleting an organization
  [32m✔ Given an apikey user by "require-real-apikey"[39m
  [32m✔ Given an ogapi "organizations builder" util[39m
  [32m✔ Then I want to delete an "organization"[39m
name
delete
organization
withName
  [32m✔ And the "name" "actions_execution_organization"[39m
  [32m✔ Then I delete it[39m
RESPONSE_: {"statusCode":200}
  [32m✔ And response code should be: 200[39m

[36m@provision @device_builder @execute_operations @operations @fail[39m
Feature: Execute ADMINISTRATIVE_STATUS_CHANGE operation

  As a user of JsApi
  I want to execute an ADMINISTRATIVE_STATUS_CHANGE operation
  So that I can change the administrative status to some devices/subscriptions/subscribers/communications module

  [36m@provision @device_builder @execute_operations @operations @fail[39m
  Scenario: Creating an organization to use in create device
  [32m✔ Given an apikey user by "require-real-apikey"[39m
  [32m✔ Given an ogapi "organizations builder" util[39m
  [32m✔ Then I want to create an "organization"[39m
name
create
organization
withName
  [32m✔ And the "name" "execute_operations_organization"[39m
description
create
organization
withDescription
  [32m✔ And the "description" "execute operations organization"[39m
country code
create
organization
withCountryCode
  [32m✔ And the "country code" "ES"[39m
lang code
create
organization
withLangCode
  [32m✔ And the "lang code" "es"[39m
time zone
create
organization
withTimeZone
  [32m✔ And the "time zone" "Europe/Andorra"[39m
  [32m✔ And the "zoom" 10[39m
  [32m✔ And the "location" with 1 and 1[39m
  [32m✔ Then I delete it[39m
  [32m✔ Then I create it[39m
RESPONSE_: {"location":"https://172.19.18.132:8444/v80/provision/organizations/execute_operations_organization","statusCode":201}
  [32m✔ And response code should be: 201[39m

  [36m@provision @device_builder @execute_operations @operations @fail[39m
  Scenario: I want to create an entity
  [32m✔ Given an apikey user by "require-real-apikey"[39m
  [32m✔ Given the entity of type "devices builder" with "execute_operations_organization"[39m
  [32m✔ And I get allowed Datastreams fields[39m
  [32m✔ And I can found "provision.device.identifier" as datastream name[39m
  [32m✔ When I try to define the entity with...[39m
      | [32mdatastream                           [39m | [32mtypeFunction[39m | [32mvalue                             [39m | [32mparent[39m |
      | [32mprovision.administration.channel     [39m | [32msimple      [39m | [32mdefault_channel                   [39m | [32m      [39m |
      | [32mprovision.administration.organization[39m | [32msimple      [39m | [32mexecute_operations_organization   [39m | [32m      [39m |
      | [32mprovision.administration.serviceGroup[39m | [32msimple      [39m | [32memptyServiceGroup                 [39m | [32m      [39m |
      | [32mprovision.device.identifier          [39m | [32msimple      [39m | [32mexecute_operations_device_cucumber[39m | [32m      [39m |
      | [32mprovision.device.operationalStatus   [39m | [32msimple      [39m | [32mNORMAL                            [39m | [32m      [39m |
      | [32mprovision.device.administrativeState [39m | [32msimple      [39m | [32mACTIVE                            [39m | [32m      [39m |
CREATEOK: {"req":{"method":"POST","url":"https://172.19.18.132:8444/v80/provision/organizations/execute_operations_organization/devices?flattened=true","data":{"provision.administration.channel":{"_value":{"_current":{"value":"default_channel"}}},"provision.administration.organization":{"_value":{"_current":{"value":"execute_operations_organization"}}},"provision.administration.serviceGroup":{"_value":{"_current":{"value":"emptyServiceGroup"}}},"provision.device.identifier":{"_value":{"_current":{"value":"execute_operations_device_cucumber"}}},"provision.device.operationalStatus":{"_value":{"_current":{"value":"NORMAL"}}},"provision.device.administrativeState":{"_value":{"_current":{"value":"ACTIVE"}}}},"headers":{"user-agent":"node-superagent/2.3.0","content-type":"application/json","x-apikey":"2829be88-a7d7-4f51-aefc-3cc2385b6506"}},"header":{"connection":"close","date":"Mon, 12 Mar 2018 14:53:14 GMT","strict-transport-security":"max-age=2000; includeSubDomains","set-cookie":["JSESSIONID=node01fzhpuj3h3cxdz7w2tlkwcnrj3165.node0;Path=/;Secure"],"expires":"Thu, 01 Jan 1970 00:00:00 GMT","location":"https://172.19.18.132:8444/v80/provision/organizations/execute_operations_organization/devices/execute_operations_device_cucumber","server":"Jetty(9.4.0.v20161208)"},"status":201,"text":""}
  [32m✔ Then I create it[39m
RESPONSE_: {"location":"https://172.19.18.132:8444/v80/provision/organizations/execute_operations_organization/devices/execute_operations_device_cucumber","statusCode":201}
  [32m✔ And response code should be: 201[39m

  [36m@provision @device_builder @execute_operations @operations @fail[39m
  Scenario: Execute operation with default values
  [32m✔ Given an apikey user by "require-real-apikey"[39m
  [32m✔ Given the operation by "ADMINISTRATIVE_STATUS_CHANGE"[39m
  [32m✔ And the notes by ""[39m
  [32m✔ And the timeout by 120000[39m
  [32m✔ And the ackTimeout by 0[39m
  [32m✔ And the retries by 0[39m
  [32m✔ And the retriesDelay by 0[39m
  [32m✔ And parameter "admsts" by "inventado"[39m
  [32m✔ And the job timeout by 5 minutes[39m
  [32m✔ And execute immediately[39m
  [32m✔ And append entities by "" as tag[39m
  [32m✔ And append entities by:[39m
      | [32mexecute_operations_device_cucumber[39m |
  [32m✔ When I build it[39m
  [32m✔ And I execute it[39m
RESPONSE_: {"data":{"id":"022ad65c-247c-468e-aa97-ebdf8ef5b011","request":{"name":"ADMINISTRATIVE_STATUS_CHANGE","parameters":[{"name":"admsts","value":{"string":"inventado"}}],"active":true,"notify":false,"user":"root@amplia.es","userNotes":"","schedule":{"stop":{"delayed":"300000"},"scattering":{"strategy":{}},"window":{"weekly":[{"daily":{}}]}},"operationParameters":{"timeout":120000,"retries":0,"retriesDelay":0}},"report":{"execution":{},"target":{}}},"statusCode":201,"location":"https://172.19.18.132:8444/v80/operation/jobs/022ad65c-247c-468e-aa97-ebdf8ef5b011"}
  [32m✔ Then response code should be: 201[39m
  [32m✔ And response must have attached "execute_operations_device_cucumber" as "ASSET" entity[39m
  [32m✔ And response must have attached an entity list with "ASSET" type defined by:[39m
      | [32mexecute_operations_device_cucumber[39m |

  [36m@provision @device_builder @execute_operations @operations @fail[39m
  Scenario: Execute ADMINISTRATIVE_STATUS_CHANGE operation without mandatory parameter
  [32m✔ Given an apikey user by "require-real-apikey"[39m
  [32m✔ Given the operation by "ADMINISTRATIVE_STATUS_CHANGE"[39m
  [32m✔ And append entities by:[39m
      | [32mexecute_operations_device_cucumber[39m |
Not specified the way to execute [executeImmediately, executeIDLE, executeLater]. By default executeImmediately will be the way
  [32m✔ When I build it[39m
  [32m✔ Then throws an error. the error message explain that a parameter with name "admsts" is mandatory[39m

  [36m@provision @device_builder @execute_operations @operations @fail[39m
  Scenario: Execute SIM_REPLACEMENT operation with entities that there are not the allowed type
  [32m✔ Given an apikey user by "require-real-apikey"[39m
  [32m✔ Given the operation by "SIM_REPLACEMENT"[39m
  [32m✔ And parameter "icc" by "inventado"[39m
  [32m✔ And append entities by:[39m
      | [32mexecute_operations_device_cucumber[39m |
Not specified the way to execute [executeImmediately, executeIDLE, executeLater]. By default executeImmediately will be the way
Not specified the job timeout. By default, timeout will be 30 days
  [32m✔ When I build it[39m
  [32m✔ And I execute it[39m
  [32m✔ Then response error code sould be: 400[39m
  [32m✔ And response specific error code sould be: 1005[39m

  [36m@provision @device_builder @execute_operations @operations @fail[39m
  Scenario: Execute ADMINISTRATIVE_STATUS_CHANGE operation and I append two times the same parameter and should have appended the last parameter set
  [32m✔ Given an apikey user by "require-real-apikey"[39m
  [32m✔ Given the operation by "ADMINISTRATIVE_STATUS_CHANGE"[39m
  [32m✔ And append entities by:[39m
      | [32mexecute_operations_device_cucumber[39m |
  [32m✔ And parameter "admsts" by "ACTIVE"[39m
  [32m✔ And parameter "admsts" by "INACTIVE"[39m
Not specified the way to execute [executeImmediately, executeIDLE, executeLater]. By default executeImmediately will be the way
Not specified the job timeout. By default, timeout will be 30 days
  [32m✔ When I build it[39m
  [32m✔ And I execute it[39m
  [32m✔ Then response contains a parameter "admsts" as name and "INACTIVE" as value[39m

  [36m@provision @device_builder @execute_operations @operations @fail[39m
  Scenario: Execute SIM_REPLACEMENT but I will override a builder before I set the admsts parameter and the new builder must not be set admsts
  [32m✔ Given an apikey user by "require-real-apikey"[39m
  [32m✔ Given the operation by "SIM_REPLACEMENT"[39m
  [32m✔ And parameter "icc" by "inventado"[39m
  [32m✔ And the operation by "SIM_REPLACEMENT"[39m
  [32m✔ And append entities by:[39m
      | [32mexecute_operations_device_cucumber[39m |
Not specified the way to execute [executeImmediately, executeIDLE, executeLater]. By default executeImmediately will be the way
  [32m✔ When I build it[39m
  [32m✔ Then throws an error equal to "This operation <SIM_REPLACEMENT> there are required parameters who have not been set. Parameters required: [icc]"[39m

  [36m@provision @device_builder @execute_operations @operations @fail[39m
  Scenario: Execute a UPDATE operation
  [32m✔ Given an apikey user by "require-real-apikey"[39m
  [32m✔ Given the operation by "UPDATE"[39m
  [32m✔ And execute immediately[39m
  [32m✔ And append entities by:[39m
      | [32mexecute_operations_device_cucumber[39m |
  [32m✔ And parameter "bundleName" by "nombre"[39m
  [32m✔ And parameter "bundleVersion" by "inventado"[39m
Not specified the job timeout. By default, timeout will be 30 days
  [32m✔ When I build it[39m
  [32m✔ And I execute it[39m
  [32m✔ Then response error code sould be: 400[39m
  [32m✔ And response specific error code sould be: 1008[39m

  [36m@provision @device_builder @execute_operations @operations @fail[39m
  Scenario: Execute a APN_ALLOWED operation with entities that there are not the allowed type
  [32m✔ Given an apikey user by "require-real-apikey"[39m
  [32m✔ Given the operation by "APN_ALLOWED"[39m
  [32m✔ And execute immediately[39m
  [32m✔ And append entities by:[39m
      | [32mexecute_operations_device_cucumber[39m |
  [32m✔ And parameter "apn" by:[39m
      | [32mapn1.customer.es[39m |
      | [32mapn3.customer.es[39m |
      | [32mapn5.customer.es[39m |
      | [32mapn6.customer.es[39m |
Not specified the job timeout. By default, timeout will be 30 days
  [32m✔ When I build it[39m
  [32m✔ And I execute it[39m
  [32m✔ Then response error code sould be: 400[39m
  [32m✔ And response specific error code sould be: 1005[39m

  [36m@provision @device_builder @execute_operations @operations @fail @OGODM-3229[39m
  Scenario: Execute a SET_DEVICE_PARAMETERS operation
  [32m✔ Given an apikey user by "require-real-apikey"[39m
  [32m✔ Given the operation by "SET_DEVICE_PARAMETERS"[39m
  [32m✔ And execute immediately[39m
  [32m✔ And append entities by "" as tag[39m
  [32m✔ And append entities by "{}" as filter with "ASSET" as entityType[39m
  [32m✔ And append entities by:[39m
      | [32mexecute_operations_device_cucumber[39m |
  [32m✔ And parameter "variableList" by:[39m
      | [32mvariableName[39m | [32mvariableValue[39m |
      | [32mvar         [39m | [32m1            [39m |
      | [32mvar         [39m | [32m2            [39m |
      | [32mvar         [39m | [32m3            [39m |
Not specified the job timeout. By default, timeout will be 30 days
  [32m✔ When I build it[39m
  [32m✔ And I execute it[39m
RESPONSE_: {"statusCode":400,"data":{"errors":[{"code":1005,"message":"At least one valid reference to an entity ( list of entities or tags ) is required"}]}}
  [31m✖ Then response code should be: 201[39m

  [36m@provision @device_builder @execute_operations @operations @fail @OGODM-3229[39m
  Scenario: Execute a GET_DEVICE_PARAMETERS operation
  [32m✔ Given an apikey user by "require-real-apikey"[39m
  [32m✔ Given the operation by "GET_DEVICE_PARAMETERS"[39m
  [32m✔ And execute immediately[39m
  [32m✔ And append entities by "" as tag[39m
  [32m✔ And append entities by "{}" as filter with "ASSET" as entityType[39m
  [32m✔ And append entities by:[39m
      | [32mexecute_operations_device_cucumber[39m |
  [32m✔ And parameter "variableList" as object by:[39m
      | [32mvariableName[39m |
      | [32mtype1       [39m |
      | [32mtype3       [39m |
      | [32mtype2       [39m |
Not specified the job timeout. By default, timeout will be 30 days
  [32m✔ When I build it[39m
  [32m✔ And I execute it[39m
RESPONSE_: {"statusCode":400,"data":{"errors":[{"code":1005,"message":"At least one valid reference to an entity ( list of entities or tags ) is required"}]}}
  [31m✖ Then response code should be: 201[39m

  [36m@provision @device_builder @execute_operations @operations @fail[39m
  Scenario: Execute a RATE_PLAN_CHANGE operation with entities that there are not the allowed type
  [32m✔ Given an apikey user by "require-real-apikey"[39m
  [32m✔ Given the operation by "RATE_PLAN_CHANGE"[39m
  [32m✔ And execute immediately[39m
  [32m✔ And append entities by:[39m
      | [32mexecute_operations_device_cucumber[39m |
  [32m✔ And parameter "ratePlan" by "DiscountRatePlan2" not allowed[39m
Not specified the job timeout. By default, timeout will be 30 days
  [32m✔ When I build it[39m
  [32m✔ And I execute it[39m
  [32m✔ Then response error code sould be: 400[39m
  [32m✔ And response specific error code sould be: 1005[39m

  [36m@provision @device_builder @execute_operations @operations @fail[39m
  Scenario: Execute a RATE_PLAN_CHANGE operation with entities that there are not the allowed type
  [32m✔ Given an apikey user by "require-real-apikey"[39m
  [32m✔ Given the operation by "SERVICE_CONFIGURATION"[39m
  [32m✔ And execute immediately[39m
  [32m✔ And append entities by:[39m
      | [32mexecute_operations_device_cucumber[39m |
  [32m✔ And parameter "dataService" by "true" as boolean[39m
  [32m✔ And parameter "incomingMessages" by "true" as boolean[39m
  [32m✔ And parameter "outgoingMessages" by "true" as boolean[39m
  [32m✔ And parameter "outgoingMessagesMode" by "WHITE_LIST"[39m
  [32m✔ And parameter "outgoingMessagesList" by "outgoingMessagesList-param"[39m
  [32m✔ And parameter "incomingDataCalls" by "false" as boolean[39m
  [32m✔ And parameter "outgoingDataCalls" by "false" as boolean[39m
  [32m✔ And parameter "outgoingDataCallsMode" by "WHITE_LIST"[39m
  [32m✔ And parameter "outgoingDataCallsList" by "outgoingDataCallsList-param"[39m
  [32m✔ And parameter "incomingVoiceCalls" by "false" as boolean[39m
  [32m✔ And parameter "outgoingVoiceCalls" by "false" as boolean[39m
  [32m✔ And parameter "outgoingVoiceCallsMode" by "BLACK_LIST"[39m
  [32m✔ And parameter "outgoingVoiceCallsList" by "outgoingVoiceCallsList-param"[39m
Not specified the job timeout. By default, timeout will be 30 days
  [32m✔ When I build it[39m
  [32m✔ And I execute it[39m
  [32m✔ Then response error code sould be: 400[39m
  [32m✔ And response specific error code sould be: 1005[39m

  [36m@provision @device_builder @execute_operations @operations @fail[39m
  Scenario: Execute a SET_CLOCK_EQUIPMENT operation
  [32m✔ Given an apikey user by "require-real-apikey"[39m
  [32m✔ Given the operation by "SET_CLOCK_EQUIPMENT"[39m
  [32m✔ And execute immediately[39m
  [32m✔ And append entities by:[39m
      | [32mexecute_operations_device_cucumber[39m |
  [32m✔ And parameter "date" by "2016-09-16T05"[39m
  [32m✔ And parameter "time" by "53:43T+02:0016"[39m
  [32m✔ And parameter "dst" by "123" as number[39m
  [32m✔ And parameter "timezone" by "4" as number[39m
Not specified the job timeout. By default, timeout will be 30 days
  [32m✔ When I build it[39m
  [32m✔ And I execute it[39m
RESPONSE_: {"data":{"id":"caac6eee-794c-423d-a4e2-43969f6d1e10","request":{"name":"SET_CLOCK_EQUIPMENT","parameters":[{"name":"date","value":{"string":"2016-09-16T05"}},{"name":"time","value":{"string":"53:43T+02:0016"}},{"name":"dst","value":{"number":123}},{"name":"timezone","value":{"number":4}}],"active":true,"notify":false,"user":"root@amplia.es","schedule":{"stop":{"delayed":"2592000000"},"scattering":{"strategy":{}},"window":{"weekly":[{"daily":{}}]}},"operationParameters":{"timeout":90000,"retries":0,"retriesDelay":0}},"report":{"execution":{},"target":{}}},"statusCode":201,"location":"https://172.19.18.132:8444/v80/operation/jobs/caac6eee-794c-423d-a4e2-43969f6d1e10"}
  [32m✔ Then response code should be: 201[39m
  [32m✔ And response contains a parameter "date" as name and "2016-09-16T05" as value[39m
  [32m✔ And response contains a parameter "timezone" as name and "4" as value[39m

  [36m@provision @device_builder @execute_operations @operations @fail[39m
  Scenario: I want to delete the entity
  [32m✔ Given an apikey user by "require-real-apikey"[39m
  [32m✔ Given the entity of type "devices builder" with "execute_operations_organization"[39m
  [32m✔ And I get allowed Datastreams fields[39m
  [32m✔ And I can found "provision.device.identifier" as datastream name[39m
  [32m✔ When I try to define the entity with...[39m
      | [32mdatastream                 [39m | [32mtypeFunction[39m | [32mvalue                             [39m | [32mparent[39m |
      | [32mprovision.device.identifier[39m | [32msimple      [39m | [32mexecute_operations_device_cucumber[39m | [32m      [39m |
  [32m✔ And I delete it[39m
RESPONSE_: {"statusCode":200}
  [32m✔ Then response code should be: 200[39m

  [36m@provision @device_builder @execute_operations @operations @fail[39m
  Scenario: Deleting an organization
  [32m✔ Given an apikey user by "require-real-apikey"[39m
  [32m✔ Given an ogapi "organizations builder" util[39m
  [32m✔ Then I want to delete an "organization"[39m
name
delete
organization
withName
  [32m✔ And the "name" "execute_operations_organization"[39m
  [32m✔ Then I delete it[39m
RESPONSE_: {"statusCode":200}
  [32m✔ And response code should be: 200[39m

[36m@provision @operations @periodic_operation[39m
Feature: Execute ADMINISTRATIVE_STATUS_CHANGE periodic operation

  As a user of JsApi
  I want to execute an ADMINISTRATIVE_STATUS_CHANGE periodic operation
  So that I can change the administrative status to some devices/subscriptions/subscribers/communications module

  [36m@provision @operations @periodic_operation[39m
  Scenario: Creating an organization to use in create device
  [32m✔ Given an apikey user by "require-real-apikey"[39m
  [32m✔ Given an ogapi "organizations builder" util[39m
  [32m✔ Then I want to create an "organization"[39m
name
create
organization
withName
  [32m✔ And the "name" "execute_periodic_organization"[39m
description
create
organization
withDescription
  [32m✔ And the "description" "actions execution organization"[39m
country code
create
organization
withCountryCode
  [32m✔ And the "country code" "ES"[39m
lang code
create
organization
withLangCode
  [32m✔ And the "lang code" "es"[39m
time zone
create
organization
withTimeZone
  [32m✔ And the "time zone" "Europe/Andorra"[39m
  [32m✔ And the "zoom" 10[39m
  [32m✔ And the "location" with 1 and 1[39m
  [32m✔ Then I delete it[39m
  [32m✔ Then I create it[39m
RESPONSE_: {"location":"https://172.19.18.132:8444/v80/provision/organizations/execute_periodic_organization","statusCode":201}
  [32m✔ And response code should be: 201[39m

  [36m@provision @operations @periodic_operation[39m
  Scenario: I want to create an entity
  [32m✔ Given an apikey user by "require-real-apikey"[39m
  [32m✔ Given the entity of type "devices builder" with "execute_periodic_organization"[39m
  [32m✔ And I get allowed Datastreams fields[39m
  [32m✔ And I can found "provision.device.identifier" as datastream name[39m
  [32m✔ When I try to define the entity with...[39m
      | [32mdatastream                           [39m | [32mtypeFunction[39m | [32mvalue                        [39m | [32mparent[39m |
      | [32mprovision.administration.channel     [39m | [32msimple      [39m | [32mdefault_channel              [39m | [32m      [39m |
      | [32mprovision.administration.organization[39m | [32msimple      [39m | [32mexecute_periodic_organization[39m | [32m      [39m |
      | [32mprovision.administration.serviceGroup[39m | [32msimple      [39m | [32memptyServiceGroup            [39m | [32m      [39m |
      | [32mprovision.device.identifier          [39m | [32msimple      [39m | [32mexecute_periodic_device      [39m | [32m      [39m |
      | [32mprovision.device.operationalStatus   [39m | [32msimple      [39m | [32mNORMAL                       [39m | [32m      [39m |
      | [32mprovision.device.administrativeState [39m | [32msimple      [39m | [32mACTIVE                       [39m | [32m      [39m |
CREATEOK: {"req":{"method":"POST","url":"https://172.19.18.132:8444/v80/provision/organizations/execute_periodic_organization/devices?flattened=true","data":{"provision.administration.channel":{"_value":{"_current":{"value":"default_channel"}}},"provision.administration.organization":{"_value":{"_current":{"value":"execute_periodic_organization"}}},"provision.administration.serviceGroup":{"_value":{"_current":{"value":"emptyServiceGroup"}}},"provision.device.identifier":{"_value":{"_current":{"value":"execute_periodic_device"}}},"provision.device.operationalStatus":{"_value":{"_current":{"value":"NORMAL"}}},"provision.device.administrativeState":{"_value":{"_current":{"value":"ACTIVE"}}}},"headers":{"user-agent":"node-superagent/2.3.0","content-type":"application/json","x-apikey":"2829be88-a7d7-4f51-aefc-3cc2385b6506"}},"header":{"connection":"close","date":"Mon, 12 Mar 2018 14:53:32 GMT","strict-transport-security":"max-age=2000; includeSubDomains","set-cookie":["JSESSIONID=node01jbem2bcgmurswas8vypzfhw43202.node0;Path=/;Secure"],"expires":"Thu, 01 Jan 1970 00:00:00 GMT","location":"https://172.19.18.132:8444/v80/provision/organizations/execute_periodic_organization/devices/execute_periodic_device","server":"Jetty(9.4.0.v20161208)"},"status":201,"text":""}
  [32m✔ Then I create it[39m
RESPONSE_: {"location":"https://172.19.18.132:8444/v80/provision/organizations/execute_periodic_organization/devices/execute_periodic_device","statusCode":201}
  [32m✔ And response code should be: 201[39m

  [36m@provision @operations @periodic_operation[39m
  Scenario: Execute periodic operation every day
  [32m✔ Given an apikey user by "require-real-apikey"[39m
  [32m✔ Given the operation by "ADMINISTRATIVE_STATUS_CHANGE"[39m
  [32m✔ And the notes by ""[39m
  [32m✔ And the timeout by 120000[39m
  [32m✔ And the ackTimeout by 0[39m
  [32m✔ And the retries by 0[39m
  [32m✔ And the retriesDelay by 0[39m
  [32m✔ And parameter "admsts" by "inventado"[39m
  [32m✔ And the job timeout by 5 minutes[39m
  [32m✔ And execute every day at "2020-01-10T21:44:13Z"[39m
  [32m✔ And append entities by "{}" as filter with "ASSET" as entityType[39m
  [32m✔ When I build it[39m
  [32m✔ And I execute it[39m
RESPONSE_: {"data":{},"statusCode":201,"location":"https://172.19.18.132:8444/v80/operation/tasks/870cb741-4829-4412-98eb-5198e8c86b3e"}
  [32m✔ Then response code should be: 201[39m
  [32m✔ When I try to find an operation for its id of periodicity and save its id[39m
  [32m✔ And an ogapi "operation finder" util[39m
  [32m✔ And I want to read a "periodicity"[39m
THIS._ID: ebbc187f-e532-41bf-b480-45f70175fad3
COMPOSE: operation/jobs/ebbc187f-e532-41bf-b480-45f70175fad3
COMPOSE: operation/tasks/870cb741-4829-4412-98eb-5198e8c86b3e
  [32m✔ When I try to find by operation's id[39m
  [32m✔ Then I can see into the result an "periodic schedule" as[39m
      [32m"""
      {"start":{"date":"2020-01-10T21:44:13Z"},"repeating":{"period":null,"pattern":{"time":"22:44:13+01:00","definedPatternNumber":0}}}
      """[39m

  [36m@provision @operations @periodic_operation[39m
  Scenario: Execute periodic operation every week
  [32m✔ Given an apikey user by "require-real-apikey"[39m
  [32m✔ Given the operation by "ADMINISTRATIVE_STATUS_CHANGE"[39m
  [32m✔ And the notes by ""[39m
  [32m✔ And the timeout by 120000[39m
  [32m✔ And the ackTimeout by 0[39m
  [32m✔ And the retries by 0[39m
  [32m✔ And the retriesDelay by 0[39m
  [32m✔ And parameter "admsts" by "inventado"[39m
  [32m✔ And the job timeout by 5 minutes[39m
  [32m✔ And execute every week at "2020-01-10T21:44:13Z" on days:[39m
      | [32mMON[39m |
      | [32mWED[39m |
      | [32mFRI[39m |
  [32m✔ And append entities by "{}" as filter with "ASSET" as entityType[39m
  [32m✔ When I build it[39m
  [32m✔ And I execute it[39m
RESPONSE_: {"data":{},"statusCode":201,"location":"https://172.19.18.132:8444/v80/operation/tasks/a06a697d-b72e-4b85-b0ff-275654531030"}
  [32m✔ Then response code should be: 201[39m
  [32m✔ When I try to find an operation for its id of periodicity and save its id[39m
  [32m✔ And an ogapi "operation finder" util[39m
  [32m✔ And I want to read a "periodicity"[39m
THIS._ID: 80444dbc-48a5-4b08-a1b8-5d61d48cb4cf
COMPOSE: operation/jobs/80444dbc-48a5-4b08-a1b8-5d61d48cb4cf
COMPOSE: operation/tasks/a06a697d-b72e-4b85-b0ff-275654531030
  [32m✔ When I try to find by operation's id[39m
  [32m✔ Then I can see into the result an "periodic schedule" as[39m
      [32m"""
      {"start":{"date":"2020-01-10T21:44:13Z"},"repeating":{"period":null,"pattern":{"time":"22:44:13+01:00","weekly":{"days":["MON","WED","FRI"]},"definedPatternNumber":0}}}
      """[39m

  [36m@provision @operations @periodic_operation[39m
  Scenario: Execute periodic operation every week and fail
  [32m✔ Given an apikey user by "require-real-apikey"[39m
  [32m✔ Given the operation by "ADMINISTRATIVE_STATUS_CHANGE"[39m
  [32m✔ And the notes by ""[39m
  [32m✔ And the timeout by 120000[39m
  [32m✔ And the ackTimeout by 0[39m
  [32m✔ And the retries by 0[39m
  [32m✔ And the retriesDelay by 0[39m
  [32m✔ And parameter "admsts" by "inventado"[39m
  [32m✔ And the job timeout by 5 minutes[39m
  [32m✔ When execute every week at on days:[39m
      | [32mFRI[39m |
      | [32mSUN[39m |
  [32m✔ Then throws an error equal to "Parameter date must be typeof Date"[39m

  [36m@provision @operations @periodic_operation[39m
  Scenario: Execute periodic operation every month
  [32m✔ Given an apikey user by "require-real-apikey"[39m
  [32m✔ Given the operation by "ADMINISTRATIVE_STATUS_CHANGE"[39m
  [32m✔ And the notes by ""[39m
  [32m✔ And the timeout by 120000[39m
  [32m✔ And the ackTimeout by 0[39m
  [32m✔ And the retries by 0[39m
  [32m✔ And the retriesDelay by 0[39m
  [32m✔ And parameter "admsts" by "inventado"[39m
  [32m✔ And the job timeout by 5 minutes[39m
  [32m✔ And execute every month at "2020-01-10T21:44:13Z" at day 3 on months:[39m
      | [32mJAN[39m |
      | [32mMAR[39m |
      | [32mMAY[39m |
  [32m✔ And append entities by "{}" as filter with "ASSET" as entityType[39m
  [32m✔ When I build it[39m
  [32m✔ And I execute it[39m
RESPONSE_: {"data":{},"statusCode":201,"location":"https://172.19.18.132:8444/v80/operation/tasks/d65f5c00-8eab-4ac9-8ebb-4beff9aec22a"}
  [32m✔ Then response code should be: 201[39m
  [32m✔ When I try to find an operation for its id of periodicity and save its id[39m
  [32m✔ And an ogapi "operation finder" util[39m
  [32m✔ And I want to read a "periodicity"[39m
THIS._ID: cf276dfe-146a-49da-870f-7b9d648e4662
COMPOSE: operation/jobs/cf276dfe-146a-49da-870f-7b9d648e4662
COMPOSE: operation/tasks/d65f5c00-8eab-4ac9-8ebb-4beff9aec22a
  [32m✔ When I try to find by operation's id[39m
  [32m✔ Then I can see into the result an "periodic schedule" as[39m
      [32m"""
      {"start":{"date":"2020-01-10T21:44:13Z"},"repeating":{"period":null,"pattern":{"time":"22:44:13+01:00","monthly":{"day":3,"months":["JAN","MAR","MAY"]},"definedPatternNumber":0}}}
      """[39m

  [36m@provision @operations @periodic_operation[39m
  Scenario: Execute periodic operation every month without day and fail
  [32m✔ Given an apikey user by "require-real-apikey"[39m
  [32m✔ Given the operation by "ADMINISTRATIVE_STATUS_CHANGE"[39m
  [32m✔ And the notes by ""[39m
  [32m✔ And the timeout by 120000[39m
  [32m✔ And the ackTimeout by 0[39m
  [32m✔ And the retries by 0[39m
  [32m✔ And the retriesDelay by 0[39m
  [32m✔ And parameter "admsts" by "inventado"[39m
  [32m✔ And the job timeout by 5 minutes[39m
  [32m✔ And execute every month at "2020-02-10T21:44:13Z" on months:[39m
      | [32mFEB[39m |
      | [32mAPR[39m |
      | [32mJUN[39m |
  [32m✔ And append entities by:[39m
      | [32mexecute_periodic_device[39m |
  [32m✔ When I build it[39m
  [32m✔ And I execute it[39m
RESPONSE_: {"data":{"id":"299e3cd1-e524-45cb-9477-add1d954d052","request":{"name":"ADMINISTRATIVE_STATUS_CHANGE","parameters":[{"name":"admsts","value":{"string":"inventado"}}],"active":true,"notify":false,"user":"root@amplia.es","userNotes":"","schedule":{"stop":{"delayed":"300000"},"scattering":{"strategy":{}},"window":{"weekly":[{"daily":{}}]}},"operationParameters":{"timeout":120000,"retries":0,"retriesDelay":0}},"report":{"execution":{},"target":{}}},"statusCode":201,"location":"https://172.19.18.132:8444/v80/operation/jobs/299e3cd1-e524-45cb-9477-add1d954d052"}
  [32m✔ Then response code should be: 201[39m
  [32m✔ When I try to find an operation for its id of periodicity and save its id[39m
  [32m✔ And an ogapi "operation finder" util[39m
  [32m✔ And I want to read a "periodicity"[39m
  [32m✔ When I try to find by operation's id[39m
RESPONSE_: {"error":"Jobs not found","statusCode":404}
  [32m✔ Then response code should be: 404[39m

  [36m@provision @operations @periodic_operation[39m
  Scenario: Execute periodic operation every month without months and fail
  [32m✔ Given an apikey user by "require-real-apikey"[39m
  [32m✔ Given the operation by "ADMINISTRATIVE_STATUS_CHANGE"[39m
  [32m✔ And the notes by ""[39m
  [32m✔ And the timeout by 120000[39m
  [32m✔ And the ackTimeout by 0[39m
  [32m✔ And the retries by 0[39m
  [32m✔ And the retriesDelay by 0[39m
  [32m✔ And parameter "admsts" by "inventado"[39m
  [32m✔ And the job timeout by 5 minutes[39m
  [32m✔ When execute every month at "2020-03-10T21:44:13Z" at day 5[39m
  [32m✔ Then throws an error equal to "Parameter months must be typeof Array"[39m

  [36m@provision @operations @periodic_operation[39m
  Scenario: Execute periodic operation every month without start and fail
  [32m✔ Given an apikey user by "require-real-apikey"[39m
  [32m✔ Given the operation by "ADMINISTRATIVE_STATUS_CHANGE"[39m
  [32m✔ And the notes by ""[39m
  [32m✔ And the timeout by 120000[39m
  [32m✔ And the ackTimeout by 0[39m
  [32m✔ And the retries by 0[39m
  [32m✔ And the retriesDelay by 0[39m
  [32m✔ And parameter "admsts" by "inventado"[39m
  [32m✔ And the job timeout by 5 minutes[39m
  [32m✔ When execute every month at day 29 on months:[39m
      | [32mDEC[39m |
      | [32mOCT[39m |
      | [32mAUG[39m |
  [32m✔ Then throws an error equal to "Parameter date must be typeof Date"[39m

  [36m@provision @operations @periodic_operation[39m
  Scenario: Execute periodic operation every month without start and month and fail
  [32m✔ Given an apikey user by "require-real-apikey"[39m
  [32m✔ Given the operation by "ADMINISTRATIVE_STATUS_CHANGE"[39m
  [32m✔ And the notes by ""[39m
  [32m✔ And the timeout by 120000[39m
  [32m✔ And the ackTimeout by 0[39m
  [32m✔ And the retries by 0[39m
  [32m✔ And the retriesDelay by 0[39m
  [32m✔ And parameter "admsts" by "inventado"[39m
  [32m✔ And the job timeout by 5 minutes[39m
  [32m✔ When execute every month at day 18[39m
  [32m✔ Then throws an error equal to "Parameter date must be typeof Date"[39m

  [36m@provision @operations @periodic_operation[39m
  Scenario: Execute periodic operation every month without start and day and fail
  [32m✔ Given an apikey user by "require-real-apikey"[39m
  [32m✔ Given the operation by "ADMINISTRATIVE_STATUS_CHANGE"[39m
  [32m✔ And the notes by ""[39m
  [32m✔ And the timeout by 120000[39m
  [32m✔ And the ackTimeout by 0[39m
  [32m✔ And the retries by 0[39m
  [32m✔ And the retriesDelay by 0[39m
  [32m✔ And parameter "admsts" by "inventado"[39m
  [32m✔ And the job timeout by 5 minutes[39m
  [32m✔ When execute every month on months:[39m
      | [32mNOV[39m |
      | [32mSEP[39m |
      | [32mJUL[39m |
  [32m✔ Then throws an error equal to "Parameter date must be typeof Date"[39m

  [36m@provision @operations @periodic_operation[39m
  Scenario: Execute periodic operation every year
  [32m✔ Given an apikey user by "require-real-apikey"[39m
  [32m✔ Given the operation by "ADMINISTRATIVE_STATUS_CHANGE"[39m
  [32m✔ And the notes by ""[39m
  [32m✔ And the timeout by 120000[39m
  [32m✔ And the ackTimeout by 0[39m
  [32m✔ And the retries by 0[39m
  [32m✔ And the retriesDelay by 0[39m
  [32m✔ And parameter "admsts" by "inventado"[39m
  [32m✔ And the job timeout by 5 minutes[39m
  [32m✔ And execute every year at "2020-01-10T21:44:13Z" at day 4 on month "JAN"[39m
  [32m✔ And append entities by "{}" as filter with "ASSET" as entityType[39m
  [32m✔ When I build it[39m
  [32m✔ And I execute it[39m
RESPONSE_: {"data":{},"statusCode":201,"location":"https://172.19.18.132:8444/v80/operation/tasks/175a6108-4bfd-40fc-a3db-0a7bc5f45447"}
  [32m✔ Then response code should be: 201[39m
  [32m✔ And I try to find an operation for its id of periodicity and save its id[39m
  [32m✔ And an ogapi "operation actions" util with responseId[39m
THIS._ID: 87015500-0533-40e7-8f7e-1ee1a36d96cd
COMPOSE: operation/jobs/87015500-0533-40e7-8f7e-1ee1a36d96cd
  [32m✔ And I want "pause periodicity" of a operation[39m
RESPONSE_: {"req":{"method":"PUT","url":"https://172.19.18.132:8444/v80/operation/tasks/175a6108-4bfd-40fc-a3db-0a7bc5f45447","data":{"task":{"active":false}},"headers":{"user-agent":"node-superagent/2.3.0","content-type":"application/json","x-apikey":"2829be88-a7d7-4f51-aefc-3cc2385b6506"}},"header":{"connection":"close","date":"Mon, 12 Mar 2018 14:53:38 GMT","strict-transport-security":"max-age=2000; includeSubDomains","set-cookie":["JSESSIONID=node01vsetj23qvfd3ftpt5rs1s9el3230.node0;Path=/;Secure"],"expires":"Thu, 01 Jan 1970 00:00:00 GMT","server":"Jetty(9.4.0.v20161208)"},"status":200,"text":""}
  [32m✔ Then response code should be: 200[39m
  [32m✔ And an ogapi "operation finder" util[39m
  [32m✔ And I want to read a "periodicity"[39m
THIS._ID: 87015500-0533-40e7-8f7e-1ee1a36d96cd
COMPOSE: operation/jobs/87015500-0533-40e7-8f7e-1ee1a36d96cd
COMPOSE: operation/tasks/175a6108-4bfd-40fc-a3db-0a7bc5f45447
  [32m✔ When I try to find by operation's id[39m
  [32m✔ Then I can see into the result an "periodic schedule" as[39m
      [32m"""
      {"start":{"date":"2020-01-10T21:44:13Z"},"repeating":{"period":null,"pattern":{"time":"22:44:13+01:00","yearly":{"day":4,"month":"JAN"},"definedPatternNumber":0}}}
      """[39m

  [36m@provision @operations @periodic_operation[39m
  Scenario: Execute periodic operation every year without day and fail
  [32m✔ Given an apikey user by "require-real-apikey"[39m
  [32m✔ Given the operation by "ADMINISTRATIVE_STATUS_CHANGE"[39m
  [32m✔ And the notes by ""[39m
  [32m✔ And the timeout by 120000[39m
  [32m✔ And the ackTimeout by 0[39m
  [32m✔ And the retries by 0[39m
  [32m✔ And the retriesDelay by 0[39m
  [32m✔ And parameter "admsts" by "inventado"[39m
  [32m✔ And the job timeout by 5 minutes[39m
  [32m✔ And execute every year at "2020-02-10T21:44:13Z" on month "FEB"[39m
  [32m✔ And append entities by:[39m
      | [32mexecute_periodic_device[39m |
  [32m✔ When I build it[39m
  [32m✔ And I execute it[39m
RESPONSE_: {"data":{"id":"dff7c7da-cdb7-4da6-be1d-72c553345c3f","request":{"name":"ADMINISTRATIVE_STATUS_CHANGE","parameters":[{"name":"admsts","value":{"string":"inventado"}}],"active":true,"notify":false,"user":"root@amplia.es","userNotes":"","schedule":{"stop":{"delayed":"300000"},"scattering":{"strategy":{}},"window":{"weekly":[{"daily":{}}]}},"operationParameters":{"timeout":120000,"retries":0,"retriesDelay":0}},"report":{"execution":{},"target":{}}},"statusCode":201,"location":"https://172.19.18.132:8444/v80/operation/jobs/dff7c7da-cdb7-4da6-be1d-72c553345c3f"}
  [32m✔ Then response code should be: 201[39m
  [32m✔ When I try to find an operation for its id of periodicity and save its id[39m
  [32m✔ And an ogapi "operation finder" util[39m
  [32m✔ And I want to read a "periodicity"[39m
  [32m✔ When I try to find by operation's id[39m
RESPONSE_: {"error":"Jobs not found","statusCode":404}
  [32m✔ Then response code should be: 404[39m

  [36m@provision @operations @periodic_operation[39m
  Scenario: Execute periodic operation every year without month and fail
  [32m✔ Given an apikey user by "require-real-apikey"[39m
  [32m✔ Given the operation by "ADMINISTRATIVE_STATUS_CHANGE"[39m
  [32m✔ And the notes by ""[39m
  [32m✔ And the timeout by 120000[39m
  [32m✔ And the ackTimeout by 0[39m
  [32m✔ And the retries by 0[39m
  [32m✔ And the retriesDelay by 0[39m
  [32m✔ And parameter "admsts" by "inventado"[39m
  [32m✔ And the job timeout by 5 minutes[39m
  [32m✔ And execute every year at "2020-03-10T21:44:13Z" at day 5[39m
  [32m✔ And append entities by:[39m
      | [32mexecute_periodic_device[39m |
  [32m✔ When I build it[39m
  [32m✔ And I execute it[39m
RESPONSE_: {"data":{"id":"af892c50-9508-440f-8644-759ca36fdc2a","request":{"name":"ADMINISTRATIVE_STATUS_CHANGE","parameters":[{"name":"admsts","value":{"string":"inventado"}}],"active":true,"notify":false,"user":"root@amplia.es","userNotes":"","schedule":{"stop":{"delayed":"300000"},"scattering":{"strategy":{}},"window":{"weekly":[{"daily":{}}]}},"operationParameters":{"timeout":120000,"retries":0,"retriesDelay":0}},"report":{"execution":{},"target":{}}},"statusCode":201,"location":"https://172.19.18.132:8444/v80/operation/jobs/af892c50-9508-440f-8644-759ca36fdc2a"}
  [32m✔ Then response code should be: 201[39m
  [32m✔ When I try to find an operation for its id of periodicity and save its id[39m
  [32m✔ And an ogapi "operation finder" util[39m
  [32m✔ And I want to read a "periodicity"[39m
  [32m✔ When I try to find by operation's id[39m
RESPONSE_: {"error":"Jobs not found","statusCode":404}
  [32m✔ Then response code should be: 404[39m

  [36m@provision @operations @periodic_operation[39m
  Scenario: Execute periodic operation every year without start and fail
  [32m✔ Given an apikey user by "require-real-apikey"[39m
  [32m✔ Given the operation by "ADMINISTRATIVE_STATUS_CHANGE"[39m
  [32m✔ And the notes by ""[39m
  [32m✔ And the timeout by 120000[39m
  [32m✔ And the ackTimeout by 0[39m
  [32m✔ And the retries by 0[39m
  [32m✔ And the retriesDelay by 0[39m
  [32m✔ And parameter "admsts" by "inventado"[39m
  [32m✔ And the job timeout by 5 minutes[39m
  [32m✔ When execute every year at day 29 on month "MAR"[39m
  [32m✔ Then throws an error equal to "Parameter date must be typeof Date"[39m

  [36m@provision @operations @periodic_operation[39m
  Scenario: Execute periodic operation every year without start and month fail
  [32m✔ Given an apikey user by "require-real-apikey"[39m
  [32m✔ Given the operation by "ADMINISTRATIVE_STATUS_CHANGE"[39m
  [32m✔ And the notes by ""[39m
  [32m✔ And the timeout by 120000[39m
  [32m✔ And the ackTimeout by 0[39m
  [32m✔ And the retries by 0[39m
  [32m✔ And the retriesDelay by 0[39m
  [32m✔ And parameter "admsts" by "inventado"[39m
  [32m✔ And the job timeout by 5 minutes[39m
  [32m✔ When execute every year at day 18[39m
  [32m✔ Then throws an error equal to "Parameter date must be typeof Date"[39m

  [36m@provision @operations @periodic_operation[39m
  Scenario: Execute periodic operation every year without start and day fail
  [32m✔ Given an apikey user by "require-real-apikey"[39m
  [32m✔ Given the operation by "ADMINISTRATIVE_STATUS_CHANGE"[39m
  [32m✔ And the notes by ""[39m
  [32m✔ And the timeout by 120000[39m
  [32m✔ And the ackTimeout by 0[39m
  [32m✔ And the retries by 0[39m
  [32m✔ And the retriesDelay by 0[39m
  [32m✔ And parameter "admsts" by "inventado"[39m
  [32m✔ And the job timeout by 5 minutes[39m
  [32m✔ When execute every year on month "APR"[39m
  [32m✔ Then throws an error equal to "Parameter date must be typeof Date"[39m

  [36m@provision @operations @periodic_operation[39m
  Scenario: I want to delete the entity
  [32m✔ Given an apikey user by "require-real-apikey"[39m
  [32m✔ Given the entity of type "devices builder" with "base_organization"[39m
  [32m✔ And I get allowed Datastreams fields[39m
  [32m✔ And I can found "provision.device.identifier" as datastream name[39m
  [32m✔ When I try to define the entity with...[39m
      | [32mdatastream                 [39m | [32mtypeFunction[39m | [32mvalue                  [39m | [32mparent[39m |
      | [32mprovision.device.identifier[39m | [32msimple      [39m | [32mexecute_periodic_device[39m | [32m      [39m |
  [32m✔ And I delete it[39m
RESPONSE_: {"statusCode":400,"data":{"errors":[{"code":16781315,"message":"Element not found","context":[]}]}}
  [31m✖ Then response code should be: 200[39m

  [36m@provision @operations @periodic_operation[39m
  Scenario: Deleting an organization
  [32m✔ Given an apikey user by "require-real-apikey"[39m
  [32m✔ Given an ogapi "organizations builder" util[39m
  [32m✔ Then I want to delete an "organization"[39m
name
delete
organization
withName
  [32m✔ And the "name" "execute_periodic_organization"[39m
  [32m✔ Then I delete it[39m
RESPONSE_: {"statusCode":200}
  [32m✔ And response code should be: 200[39m

[36m@provision @find_execution @operations @finder @operation[39m
Feature: Find an operation

  As a user of JsApi
  I want to find an opreation
  So I can check if a operation exists and get their information

  [36m@provision @find_execution @operations @finder @operation[39m
  Scenario: Creating an organization to use in create device
  [32m✔ Given an apikey user by "require-real-apikey"[39m
  [32m✔ Given an ogapi "organizations builder" util[39m
  [32m✔ Then I want to create an "organization"[39m
name
create
organization
withName
  [32m✔ And the "name" "find_execution_organization"[39m
description
create
organization
withDescription
  [32m✔ And the "description" "find execution organization"[39m
country code
create
organization
withCountryCode
  [32m✔ And the "country code" "ES"[39m
lang code
create
organization
withLangCode
  [32m✔ And the "lang code" "es"[39m
time zone
create
organization
withTimeZone
  [32m✔ And the "time zone" "Europe/Andorra"[39m
  [32m✔ And the "zoom" 10[39m
  [32m✔ And the "location" with 1 and 1[39m
  [32m✔ Then I delete it[39m
  [32m✔ Then I create it[39m
RESPONSE_: {"location":"https://172.19.18.132:8444/v80/provision/organizations/find_execution_organization","statusCode":201}
  [32m✔ And response code should be: 201[39m

  [36m@provision @find_execution @operations @finder @operation[39m
  Scenario: I want to create an entity
  [32m✔ Given an apikey user by "require-real-apikey"[39m
  [32m✔ Given the entity of type "devices builder" with "find_execution_organization"[39m
  [32m✔ Then I get allowed Datastreams fields[39m
  [32m✔ And I can found "provision.device.identifier" as datastream name[39m
  [32m✔ When I try to define the entity with...[39m
      | [32mdatastream                           [39m | [32mtypeFunction[39m | [32mvalue                      [39m | [32mparent[39m |
      | [32mprovision.administration.channel     [39m | [32msimple      [39m | [32mdefault_channel            [39m | [32m      [39m |
      | [32mprovision.administration.organization[39m | [32msimple      [39m | [32mfind_execution_organization[39m | [32m      [39m |
      | [32mprovision.administration.serviceGroup[39m | [32msimple      [39m | [32memptyServiceGroup          [39m | [32m      [39m |
      | [32mprovision.device.identifier          [39m | [32msimple      [39m | [32mfind_execution_device      [39m | [32m      [39m |
      | [32mprovision.device.operationalStatus   [39m | [32msimple      [39m | [32mNORMAL                     [39m | [32m      [39m |
      | [32mprovision.device.administrativeState [39m | [32msimple      [39m | [32mACTIVE                     [39m | [32m      [39m |
CREATEOK: {"req":{"method":"POST","url":"https://172.19.18.132:8444/v80/provision/organizations/find_execution_organization/devices?flattened=true","data":{"provision.administration.channel":{"_value":{"_current":{"value":"default_channel"}}},"provision.administration.organization":{"_value":{"_current":{"value":"find_execution_organization"}}},"provision.administration.serviceGroup":{"_value":{"_current":{"value":"emptyServiceGroup"}}},"provision.device.identifier":{"_value":{"_current":{"value":"find_execution_device"}}},"provision.device.operationalStatus":{"_value":{"_current":{"value":"NORMAL"}}},"provision.device.administrativeState":{"_value":{"_current":{"value":"ACTIVE"}}}},"headers":{"user-agent":"node-superagent/2.3.0","content-type":"application/json","x-apikey":"2829be88-a7d7-4f51-aefc-3cc2385b6506"}},"header":{"connection":"close","date":"Mon, 12 Mar 2018 14:53:50 GMT","strict-transport-security":"max-age=2000; includeSubDomains","set-cookie":["JSESSIONID=node01dwegg22tjl5jt81au53xfpqh3248.node0;Path=/;Secure"],"expires":"Thu, 01 Jan 1970 00:00:00 GMT","location":"https://172.19.18.132:8444/v80/provision/organizations/find_execution_organization/devices/find_execution_device","server":"Jetty(9.4.0.v20161208)"},"status":201,"text":""}
  [32m✔ Then I create it[39m
RESPONSE_: {"location":"https://172.19.18.132:8444/v80/provision/organizations/find_execution_organization/devices/find_execution_device","statusCode":201}
  [32m✔ And response code should be: 201[39m

  [36m@provision @find_execution @operations @finder @operation[39m
  Scenario: Execute operation with default values and find operation
  [32m✔ Given an apikey user by "require-real-apikey"[39m
  [32m✔ Given the operation by "ADMINISTRATIVE_STATUS_CHANGE"[39m
  [32m✔ And the notes by ""[39m
  [32m✔ And the timeout by 120000[39m
  [32m✔ And the ackTimeout by 0[39m
  [32m✔ And the retries by 0[39m
  [32m✔ And the retriesDelay by 0[39m
  [32m✔ And parameter "admsts" by "inventado"[39m
  [32m✔ And the job timeout by 5 minutes[39m
  [32m✔ And execute immediately[39m
  [32m✔ And append entities by:[39m
      | [32mfind_execution_device[39m |
  [32m✔ When I build it[39m
  [32m✔ And I execute it[39m
RESPONSE_: {"data":{"id":"546cbb6c-b16c-44d7-9848-dce5cd60f3c2","request":{"name":"ADMINISTRATIVE_STATUS_CHANGE","parameters":[{"name":"admsts","value":{"string":"inventado"}}],"active":true,"notify":false,"user":"root@amplia.es","userNotes":"","schedule":{"stop":{"delayed":"300000"},"scattering":{"strategy":{}},"window":{"weekly":[{"daily":{}}]}},"operationParameters":{"timeout":120000,"retries":0,"retriesDelay":0}},"report":{"execution":{},"target":{}}},"statusCode":201,"location":"https://172.19.18.132:8444/v80/operation/jobs/546cbb6c-b16c-44d7-9848-dce5cd60f3c2"}
  [32m✔ Then response code should be: 201[39m
  [32m✔ And an ogapi "operation finder" util[39m
  [32m✔ And I want to read a "operation"[39m
THIS._ID: 546cbb6c-b16c-44d7-9848-dce5cd60f3c2
COMPOSE: operation/jobs/546cbb6c-b16c-44d7-9848-dce5cd60f3c2
  [32m✔ When I try to find by operation's id[39m
  [32m✔ Then I can see into the result an "operation type" as "ADMINISTRATIVE_STATUS_CHANGE"[39m

  [36m@provision @find_execution @operations @finder @operation[39m
  Scenario: Find a operation that not exists
  [32m✔ Given an apikey user by "require-real-apikey"[39m
  [32m✔ Given an ogapi "operation finder" util[39m
  [32m✔ And I want to read a "operation"[39m
THIS._ID: not_exists
COMPOSE: operation/jobs/not_exists
  [32m✔ When I try to find by...[39m
      | [32mfield[39m | [32mcontent   [39m |
      | [32mid   [39m | [32mnot_exists[39m |
RESPONSE_: {"data":{},"statusCode":200}
  [32m✔ Then response code should be: 200[39m

  [36m@provision @find_execution @operations @finder @operation[39m
  Scenario: I want to delete the entity
  [32m✔ Given an apikey user by "require-real-apikey"[39m
  [32m✔ Given the entity of type "devices builder" with "find_execution_organization"[39m
  [32m✔ And I get allowed Datastreams fields[39m
  [32m✔ And I can found "provision.device.identifier" as datastream name[39m
  [32m✔ When I try to define the entity with...[39m
      | [32mdatastream                 [39m | [32mtypeFunction[39m | [32mvalue                [39m | [32mparent[39m |
      | [32mprovision.device.identifier[39m | [32msimple      [39m | [32mfind_execution_device[39m | [32m      [39m |
  [32m✔ And I delete it[39m
RESPONSE_: {"statusCode":200}
  [32m✔ Then response code should be: 200[39m

  [36m@provision @find_execution @operations @finder @operation[39m
  Scenario: Deleting an organization
  [32m✔ Given an apikey user by "require-real-apikey"[39m
  [32m✔ Given an ogapi "organizations builder" util[39m
  [32m✔ Then I want to delete an "organization"[39m
name
delete
organization
withName
  [32m✔ And the "name" "find_execution_organization"[39m
  [32m✔ Then I delete it[39m
RESPONSE_: {"statusCode":200}
  [32m✔ And response code should be: 200[39m

[36m@provision @find_executions @executions @operations[39m
Feature: Find a executions of an operation

  As a user of JsApi
  I want to find a executions of an operation
  So I can check if a operation exists and get their executions

  [36m@provision @find_executions @executions @operations[39m
  Scenario: Creating an organization to use in create device
  [32m✔ Given an apikey user by "require-real-apikey"[39m
  [32m✔ Given an ogapi "organizations builder" util[39m
  [32m✔ Then I want to create an "organization"[39m
name
create
organization
withName
  [32m✔ And the "name" "find_executions_organization"[39m
description
create
organization
withDescription
  [32m✔ And the "description" "find execution organization"[39m
country code
create
organization
withCountryCode
  [32m✔ And the "country code" "ES"[39m
lang code
create
organization
withLangCode
  [32m✔ And the "lang code" "es"[39m
time zone
create
organization
withTimeZone
  [32m✔ And the "time zone" "Europe/Andorra"[39m
  [32m✔ And the "zoom" 10[39m
  [32m✔ And the "location" with 1 and 1[39m
  [32m✔ Then I delete it[39m
  [32m✔ Then I create it[39m
RESPONSE_: {"location":"https://172.19.18.132:8444/v80/provision/organizations/find_executions_organization","statusCode":201}
  [32m✔ And response code should be: 201[39m

  [36m@provision @find_executions @executions @operations[39m
  Scenario: I want to create an entity
  [32m✔ Given an apikey user by "require-real-apikey"[39m
  [32m✔ Given the entity of type "devices builder" with "find_executions_organization"[39m
  [32m✔ And I get allowed Datastreams fields[39m
  [32m✔ And I can found "provision.device.identifier" as datastream name[39m
  [32m✔ When I try to define the entity with...[39m
      | [32mdatastream                           [39m | [32mtypeFunction[39m | [32mvalue                       [39m | [32mparent[39m |
      | [32mprovision.administration.channel     [39m | [32msimple      [39m | [32mdefault_channel             [39m | [32m      [39m |
      | [32mprovision.administration.organization[39m | [32msimple      [39m | [32mfind_executions_organization[39m | [32m      [39m |
      | [32mprovision.administration.serviceGroup[39m | [32msimple      [39m | [32memptyServiceGroup           [39m | [32m      [39m |
      | [32mprovision.device.identifier          [39m | [32msimple      [39m | [32mfind_executions_device      [39m | [32m      [39m |
      | [32mprovision.device.operationalStatus   [39m | [32msimple      [39m | [32mNORMAL                      [39m | [32m      [39m |
      | [32mprovision.device.administrativeState [39m | [32msimple      [39m | [32mACTIVE                      [39m | [32m      [39m |
CREATEOK: {"req":{"method":"POST","url":"https://172.19.18.132:8444/v80/provision/organizations/find_executions_organization/devices?flattened=true","data":{"provision.administration.channel":{"_value":{"_current":{"value":"default_channel"}}},"provision.administration.organization":{"_value":{"_current":{"value":"find_executions_organization"}}},"provision.administration.serviceGroup":{"_value":{"_current":{"value":"emptyServiceGroup"}}},"provision.device.identifier":{"_value":{"_current":{"value":"find_executions_device"}}},"provision.device.operationalStatus":{"_value":{"_current":{"value":"NORMAL"}}},"provision.device.administrativeState":{"_value":{"_current":{"value":"ACTIVE"}}}},"headers":{"user-agent":"node-superagent/2.3.0","content-type":"application/json","x-apikey":"2829be88-a7d7-4f51-aefc-3cc2385b6506"}},"header":{"connection":"close","date":"Mon, 12 Mar 2018 14:54:02 GMT","strict-transport-security":"max-age=2000; includeSubDomains","set-cookie":["JSESSIONID=node06hmkjts76f9g4bn1z72uaw3z3259.node0;Path=/;Secure"],"expires":"Thu, 01 Jan 1970 00:00:00 GMT","location":"https://172.19.18.132:8444/v80/provision/organizations/find_executions_organization/devices/find_executions_device","server":"Jetty(9.4.0.v20161208)"},"status":201,"text":""}
  [32m✔ Then I create it[39m
RESPONSE_: {"location":"https://172.19.18.132:8444/v80/provision/organizations/find_executions_organization/devices/find_executions_device","statusCode":201}
  [32m✔ And response code should be: 201[39m

  [36m@provision @find_executions @executions @operations[39m
  Scenario: Execute operation with default values and find its executions
  [32m✔ Given an apikey user by "require-real-apikey"[39m
  [32m✔ Given the operation by "ADMINISTRATIVE_STATUS_CHANGE"[39m
  [32m✔ And the notes by ""[39m
  [32m✔ And the timeout by 120000[39m
  [32m✔ And the ackTimeout by 0[39m
  [32m✔ And the retries by 0[39m
  [32m✔ And the retriesDelay by 0[39m
  [32m✔ And parameter "admsts" by "inventado"[39m
  [32m✔ And the job timeout by 5 minutes[39m
  [32m✔ And execute immediately[39m
  [32m✔ And append entities by:[39m
      | [32mfind_executions_device[39m |
  [32m✔ When I build it[39m
  [32m✔ And I execute it[39m
RESPONSE_: {"data":{"id":"385b5c3a-fdcc-4b85-9f61-4e0644f840ec","request":{"name":"ADMINISTRATIVE_STATUS_CHANGE","parameters":[{"name":"admsts","value":{"string":"inventado"}}],"active":true,"notify":false,"user":"root@amplia.es","userNotes":"","schedule":{"stop":{"delayed":"300000"},"scattering":{"strategy":{}},"window":{"weekly":[{"daily":{}}]}},"operationParameters":{"timeout":120000,"retries":0,"retriesDelay":0}},"report":{"execution":{},"target":{}}},"statusCode":201,"location":"https://172.19.18.132:8444/v80/operation/jobs/385b5c3a-fdcc-4b85-9f61-4e0644f840ec"}
  [32m✔ Then response code should be: 201[39m
  [32m✔ And an ogapi "operation finder" util[39m
  [32m✔ And I want to read a "executions"[39m
COMPOSE_IF: operation/jobs/385b5c3a-fdcc-4b85-9f61-4e0644f840ec/operations?start=1&size=10
  [32m✔ When I try to find by operation's id[39m
  [32m✔ Then I can see into the result an "execution type" as "ADMINISTRATIVE_STATUS_CHANGE"[39m

  [36m@provision @find_executions @executions @operations[39m
  Scenario: Find a executions of an operation that not exists
  [32m✔ Given an apikey user by "require-real-apikey"[39m
  [32m✔ Given an ogapi "operation finder" util[39m
  [32m✔ And I want to read a "executions"[39m
COMPOSE_IF: operation/jobs/not_exists/operations?start=1&size=10
  [32m✔ When I try to find by...[39m
      | [32mfield[39m | [32mcontent   [39m |
      | [32mid   [39m | [32mnot_exists[39m |
RESPONSE_: {"error":"Executions not found","statusCode":404}
  [32m✔ Then response code should be: 404[39m

  [36m@provision @find_executions @executions @operations[39m
  Scenario: Execute operation with default values and find its executions with limit
  [32m✔ Given an apikey user by "require-real-apikey"[39m
  [32m✔ Given the operation by "ADMINISTRATIVE_STATUS_CHANGE"[39m
  [32m✔ And the notes by ""[39m
  [32m✔ And the timeout by 120000[39m
  [32m✔ And the ackTimeout by 0[39m
  [32m✔ And the retries by 0[39m
  [32m✔ And the retriesDelay by 0[39m
  [32m✔ And parameter "admsts" by "inventado"[39m
  [32m✔ And the job timeout by 5 minutes[39m
  [32m✔ And execute immediately[39m
  [32m✔ And append entities by:[39m
      | [32mfind_executions_device[39m |
  [32m✔ When I build it[39m
  [32m✔ And I execute it[39m
RESPONSE_: {"data":{"id":"cccb3bdd-1367-4bf0-8bb9-d4c71df83f88","request":{"name":"ADMINISTRATIVE_STATUS_CHANGE","parameters":[{"name":"admsts","value":{"string":"inventado"}}],"active":true,"notify":false,"user":"root@amplia.es","userNotes":"","schedule":{"stop":{"delayed":"300000"},"scattering":{"strategy":{}},"window":{"weekly":[{"daily":{}}]}},"operationParameters":{"timeout":120000,"retries":0,"retriesDelay":0}},"report":{"execution":{},"target":{}}},"statusCode":201,"location":"https://172.19.18.132:8444/v80/operation/jobs/cccb3bdd-1367-4bf0-8bb9-d4c71df83f88"}
  [32m✔ Then response code should be: 201[39m
  [32m✔ And an ogapi "operation finder" util[39m
  [32m✔ And I want to read a "executions" and the start limit by "1" and size limit by "1"[39m
COMPOSE_IF: operation/jobs/cccb3bdd-1367-4bf0-8bb9-d4c71df83f88/operations?start=1&size=1
  [32m✔ When I try to find by operation's id[39m
  [32m✔ Then I can see into the result an "execution type" as "ADMINISTRATIVE_STATUS_CHANGE"[39m

  [36m@provision @find_executions @executions @operations[39m
  Scenario: I want to delete the entity
  [32m✔ Given an apikey user by "require-real-apikey"[39m
  [32m✔ Given the entity of type "devices builder" with "find_executions_organization"[39m
  [32m✔ And I get allowed Datastreams fields[39m
  [32m✔ And I can found "provision.device.identifier" as datastream name[39m
  [32m✔ When I try to define the entity with...[39m
      | [32mdatastream                 [39m | [32mtypeFunction[39m | [32mvalue                 [39m | [32mparent[39m |
      | [32mprovision.device.identifier[39m | [32msimple      [39m | [32mfind_executions_device[39m | [32m      [39m |
  [32m✔ And I delete it[39m
RESPONSE_: {"statusCode":200}
  [32m✔ Then response code should be: 200[39m

  [36m@provision @find_executions @executions @operations[39m
  Scenario: Deleting an organization
  [32m✔ Given an apikey user by "require-real-apikey"[39m
  [32m✔ Given an ogapi "organizations builder" util[39m
  [32m✔ Then I want to delete an "organization"[39m
name
delete
organization
withName
  [32m✔ And the "name" "find_executions_organization"[39m
  [32m✔ Then I delete it[39m
RESPONSE_: {"statusCode":200}
  [32m✔ And response code should be: 200[39m

[36m@operations @provision @finder @periodic_operation[39m
Feature: Find an operation

  As a user of JsApi
  I want to find an operation
  So I can check if a operation exists and get their information

  [36m@operations @provision @finder @periodic_operation[39m
  Scenario: Creating an organization to use in create device
  [32m✔ Given an apikey user by "require-real-apikey"[39m
  [32m✔ Given an ogapi "organizations builder" util[39m
  [32m✔ Then I want to create an "organization"[39m
name
create
organization
withName
  [32m✔ And the "name" "find_periodic_organization"[39m
description
create
organization
withDescription
  [32m✔ And the "description" "actions execution organization"[39m
country code
create
organization
withCountryCode
  [32m✔ And the "country code" "ES"[39m
lang code
create
organization
withLangCode
  [32m✔ And the "lang code" "es"[39m
time zone
create
organization
withTimeZone
  [32m✔ And the "time zone" "Europe/Andorra"[39m
  [32m✔ And the "zoom" 10[39m
  [32m✔ And the "location" with 1 and 1[39m
  [32m✔ Then I delete it[39m
  [32m✔ Then I create it[39m
RESPONSE_: {"location":"https://172.19.18.132:8444/v80/provision/organizations/find_periodic_organization","statusCode":201}
  [32m✔ And response code should be: 201[39m

  [36m@operations @provision @finder @periodic_operation[39m
  Scenario: I want to create an entity
  [32m✔ Given an apikey user by "require-real-apikey"[39m
  [32m✔ Given the entity of type "devices builder" with "find_periodic_organization"[39m
  [32m✔ And I get allowed Datastreams fields[39m
  [32m✔ And I can found "provision.device.identifier" as datastream name[39m
  [32m✔ When I try to define the entity with...[39m
      | [32mdatastream                           [39m | [32mtypeFunction[39m | [32mvalue                     [39m | [32mparent[39m |
      | [32mprovision.administration.channel     [39m | [32msimple      [39m | [32mdefault_channel           [39m | [32m      [39m |
      | [32mprovision.administration.organization[39m | [32msimple      [39m | [32mfind_periodic_organization[39m | [32m      [39m |
      | [32mprovision.administration.serviceGroup[39m | [32msimple      [39m | [32memptyServiceGroup         [39m | [32m      [39m |
      | [32mprovision.device.identifier          [39m | [32msimple      [39m | [32mfind_periodic_device      [39m | [32m      [39m |
      | [32mprovision.device.operationalStatus   [39m | [32msimple      [39m | [32mNORMAL                    [39m | [32m      [39m |
      | [32mprovision.device.administrativeState [39m | [32msimple      [39m | [32mACTIVE                    [39m | [32m      [39m |
CREATEOK: {"req":{"method":"POST","url":"https://172.19.18.132:8444/v80/provision/organizations/find_periodic_organization/devices?flattened=true","data":{"provision.administration.channel":{"_value":{"_current":{"value":"default_channel"}}},"provision.administration.organization":{"_value":{"_current":{"value":"find_periodic_organization"}}},"provision.administration.serviceGroup":{"_value":{"_current":{"value":"emptyServiceGroup"}}},"provision.device.identifier":{"_value":{"_current":{"value":"find_periodic_device"}}},"provision.device.operationalStatus":{"_value":{"_current":{"value":"NORMAL"}}},"provision.device.administrativeState":{"_value":{"_current":{"value":"ACTIVE"}}}},"headers":{"user-agent":"node-superagent/2.3.0","content-type":"application/json","x-apikey":"2829be88-a7d7-4f51-aefc-3cc2385b6506"}},"header":{"connection":"close","date":"Mon, 12 Mar 2018 14:54:15 GMT","strict-transport-security":"max-age=2000; includeSubDomains","set-cookie":["JSESSIONID=node0tr9dq5k6ctuw1i9xb2h6spsw3273.node0;Path=/;Secure"],"expires":"Thu, 01 Jan 1970 00:00:00 GMT","location":"https://172.19.18.132:8444/v80/provision/organizations/find_periodic_organization/devices/find_periodic_device","server":"Jetty(9.4.0.v20161208)"},"status":201,"text":""}
  [32m✔ Then I create it[39m
RESPONSE_: {"location":"https://172.19.18.132:8444/v80/provision/organizations/find_periodic_organization/devices/find_periodic_device","statusCode":201}
  [32m✔ And response code should be: 201[39m

  [36m@operations @provision @finder @periodic_operation[39m
  Scenario: Execute operation with default values and find operation
  [32m✔ Given an apikey user by "require-real-apikey"[39m
  [32m✔ Given the operation by "ADMINISTRATIVE_STATUS_CHANGE"[39m
  [32m✔ And the notes by ""[39m
  [32m✔ And the timeout by 120000[39m
  [32m✔ And the ackTimeout by 0[39m
  [32m✔ And the retries by 0[39m
  [32m✔ And the retriesDelay by 0[39m
  [32m✔ And parameter "admsts" by "inventado"[39m
  [32m✔ And the job timeout by 5 minutes[39m
  [32m✔ And execute each 2 days[39m
  [32m✔ And append entities by "{}" as filter with "ASSET" as entityType[39m
  [32m✔ When I build it[39m
  [32m✔ And I execute it[39m
RESPONSE_: {"data":{},"statusCode":201,"location":"https://172.19.18.132:8444/v80/operation/tasks/67341574-a57c-4d2c-b5ab-47bfc88b82c9"}
  [32m✔ Then response code should be: 201[39m
  [32m✔ When I try to find an operation for its id of periodicity and save its id[39m
  [32m✔ And an ogapi "operation finder" util[39m
  [32m✔ And I want to read a "periodicity"[39m
THIS._ID: cc2d14cc-eec0-4018-81af-f65b0c2203bd
COMPOSE: operation/jobs/cc2d14cc-eec0-4018-81af-f65b0c2203bd
COMPOSE: operation/tasks/67341574-a57c-4d2c-b5ab-47bfc88b82c9
  [32m✔ When I try to find by operation's id[39m
  [32m✔ Then I can see into the result an "periodic operation type" as "ADMINISTRATIVE_STATUS_CHANGE"[39m

  [36m@operations @provision @finder @periodic_operation[39m
  Scenario: Find a operation that not exists
  [32m✔ Given an apikey user by "require-real-apikey"[39m
  [32m✔ Given the operation by "ADMINISTRATIVE_STATUS_CHANGE"[39m
  [32m✔ And the notes by ""[39m
  [32m✔ And the timeout by 120000[39m
  [32m✔ And the ackTimeout by 0[39m
  [32m✔ And the retries by 0[39m
  [32m✔ And the retriesDelay by 0[39m
  [32m✔ And parameter "admsts" by "inventado"[39m
  [32m✔ And the job timeout by 5 minutes[39m
  [32m✔ And append entities by:[39m
      | [32mfind_periodic_device[39m |
Not specified the way to execute [executeImmediately, executeIDLE, executeLater]. By default executeImmediately will be the way
  [32m✔ When I build it[39m
  [32m✔ And I execute it[39m
RESPONSE_: {"data":{"id":"252a71fd-6149-4fd1-a93d-60604d87aaef","request":{"name":"ADMINISTRATIVE_STATUS_CHANGE","parameters":[{"name":"admsts","value":{"string":"inventado"}}],"active":true,"notify":false,"user":"root@amplia.es","userNotes":"","schedule":{"stop":{"delayed":"300000"},"scattering":{"strategy":{}},"window":{"weekly":[{"daily":{}}]}},"operationParameters":{"timeout":120000,"retries":0,"retriesDelay":0}},"report":{"execution":{},"target":{}}},"statusCode":201,"location":"https://172.19.18.132:8444/v80/operation/jobs/252a71fd-6149-4fd1-a93d-60604d87aaef"}
  [32m✔ Then response code should be: 201[39m
  [32m✔ When I try to find an operation for its id of periodicity and save its id[39m
  [32m✔ And an ogapi "operation finder" util[39m
  [32m✔ And I want to read a "periodicity"[39m
  [32m✔ When I try to find by operation's id[39m
RESPONSE_: {"error":"Jobs not found","statusCode":404}
  [32m✔ Then response code should be: 404[39m

  [36m@operations @provision @finder @periodic_operation[39m
  Scenario: I want to delete the entity
  [32m✔ Given an apikey user by "require-real-apikey"[39m
  [32m✔ Given the entity of type "devices builder" with "find_periodic_organization"[39m
  [32m✔ And I get allowed Datastreams fields[39m
  [32m✔ And I can found "provision.device.identifier" as datastream name[39m
  [32m✔ When I try to define the entity with...[39m
      | [32mdatastream                 [39m | [32mtypeFunction[39m | [32mvalue               [39m | [32mparent[39m |
      | [32mprovision.device.identifier[39m | [32msimple      [39m | [32mfind_periodic_device[39m | [32m      [39m |
  [32m✔ And I delete it[39m
RESPONSE_: {"statusCode":200}
  [32m✔ Then response code should be: 200[39m

  [36m@operations @provision @finder @periodic_operation[39m
  Scenario: Deleting an organization
  [32m✔ Given an apikey user by "require-real-apikey"[39m
  [32m✔ Given an ogapi "organizations builder" util[39m
  [32m✔ Then I want to delete an "organization"[39m
name
delete
organization
withName
  [32m✔ And the "name" "find_periodic_organization"[39m
  [32m✔ Then I delete it[39m
RESPONSE_: {"statusCode":200}
  [32m✔ And response code should be: 200[39m

[36m@execute_each_operation @operations @provision[39m
Feature: Setting up period with each pattern to operations

  As a user of JsApi
  I want to execute an FACTORY_RESET operation with a specific each pattern period configuration
  So that I can execute FACTORY_RESET to some devices/subscriptions/subscribers/communications module with an each pattern period

  [36m@execute_each_operation @operations @provision[39m
  Scenario: Creating an organization to use in create device
  [32m✔ Given an apikey user by "require-real-apikey"[39m
  [32m✔ Given an ogapi "organizations builder" util[39m
  [32m✔ Then I want to create an "organization"[39m
name
create
organization
withName
  [32m✔ And the "name" "setting_up_period_each_organization"[39m
description
create
organization
withDescription
  [32m✔ And the "description" "actions execution organization"[39m
country code
create
organization
withCountryCode
  [32m✔ And the "country code" "ES"[39m
lang code
create
organization
withLangCode
  [32m✔ And the "lang code" "es"[39m
time zone
create
organization
withTimeZone
  [32m✔ And the "time zone" "Europe/Andorra"[39m
  [32m✔ And the "zoom" 10[39m
  [32m✔ And the "location" with 1 and 1[39m
  [32m✔ Then I delete it[39m
  [32m✔ Then I create it[39m
RESPONSE_: {"location":"https://172.19.18.132:8444/v80/provision/organizations/setting_up_period_each_organization","statusCode":201}
  [32m✔ And response code should be: 201[39m

  [36m@execute_each_operation @operations @provision[39m
  Scenario: I want to create an entity
  [32m✔ Given an apikey user by "require-real-apikey"[39m
  [32m✔ Given the entity of type "devices builder" with "setting_up_period_each_organization"[39m
  [32m✔ And I get allowed Datastreams fields[39m
  [32m✔ And I can found "provision.device.identifier" as datastream name[39m
  [32m✔ When I try to define the entity with...[39m
      | [32mdatastream                           [39m | [32mtypeFunction[39m | [32mvalue                              [39m | [32mparent[39m |
      | [32mprovision.administration.channel     [39m | [32msimple      [39m | [32mdefault_channel                    [39m | [32m      [39m |
      | [32mprovision.administration.organization[39m | [32msimple      [39m | [32msetting_up_period_each_organization[39m | [32m      [39m |
      | [32mprovision.administration.serviceGroup[39m | [32msimple      [39m | [32memptyServiceGroup                  [39m | [32m      [39m |
      | [32mprovision.device.identifier          [39m | [32msimple      [39m | [32msetting_up_period_each_device      [39m | [32m      [39m |
      | [32mprovision.device.operationalStatus   [39m | [32msimple      [39m | [32mNORMAL                             [39m | [32m      [39m |
      | [32mprovision.device.administrativeState [39m | [32msimple      [39m | [32mACTIVE                             [39m | [32m      [39m |
CREATEOK: {"req":{"method":"POST","url":"https://172.19.18.132:8444/v80/provision/organizations/setting_up_period_each_organization/devices?flattened=true","data":{"provision.administration.channel":{"_value":{"_current":{"value":"default_channel"}}},"provision.administration.organization":{"_value":{"_current":{"value":"setting_up_period_each_organization"}}},"provision.administration.serviceGroup":{"_value":{"_current":{"value":"emptyServiceGroup"}}},"provision.device.identifier":{"_value":{"_current":{"value":"setting_up_period_each_device"}}},"provision.device.operationalStatus":{"_value":{"_current":{"value":"NORMAL"}}},"provision.device.administrativeState":{"_value":{"_current":{"value":"ACTIVE"}}}},"headers":{"user-agent":"node-superagent/2.3.0","content-type":"application/json","x-apikey":"2829be88-a7d7-4f51-aefc-3cc2385b6506"}},"header":{"connection":"close","date":"Mon, 12 Mar 2018 14:54:27 GMT","strict-transport-security":"max-age=2000; includeSubDomains","set-cookie":["JSESSIONID=node0gnuxh1p31ojcuxatnv2joiwb3322.node0;Path=/;Secure"],"expires":"Thu, 01 Jan 1970 00:00:00 GMT","location":"https://172.19.18.132:8444/v80/provision/organizations/setting_up_period_each_organization/devices/setting_up_period_each_device","server":"Jetty(9.4.0.v20161208)"},"status":201,"text":""}
  [32m✔ Then I create it[39m
RESPONSE_: {"location":"https://172.19.18.132:8444/v80/provision/organizations/setting_up_period_each_organization/devices/setting_up_period_each_device","statusCode":201}
  [32m✔ And response code should be: 201[39m

  [36m@execute_each_operation @operations @provision[39m
  Scenario: Set each 5 minutes as period
  [32m✔ Given an apikey user by "require-real-apikey"[39m
  [32m✔ Given the operation by "FACTORY_RESET"[39m
  [32m✔ And execute each 5 minutes[39m
  [32m✔ And append entities by:[39m
      | [32mdevice_689_DEMO[39m |
Not specified the job timeout. By default, timeout will be 4 minutes
  [32m✔ When I build it[39m
  [32m✔ Then I can see into the post data a period by 5 minutes[39m

  [36m@execute_each_operation @operations @provision[39m
  Scenario: Set each 5 hours as period
  [32m✔ Given an apikey user by "require-real-apikey"[39m
  [32m✔ Given the operation by "FACTORY_RESET"[39m
  [32m✔ And execute each 5 hours[39m
  [32m✔ And append entities by:[39m
      | [32mdevice_689_DEMO[39m |
Not specified the job timeout. By default, timeout will be 299 minutes
  [32m✔ When I build it[39m
  [32m✔ Then I can see into the post data a period by 5 hours[39m

  [36m@execute_each_operation @operations @provision[39m
  Scenario: Set each 5 days as period
  [32m✔ Given an apikey user by "require-real-apikey"[39m
  [32m✔ Given the operation by "FACTORY_RESET"[39m
  [32m✔ And execute each 5 days[39m
  [32m✔ And append entities by:[39m
      | [32mdevice_689_DEMO[39m |
Not specified the job timeout. By default, timeout will be 7199 minutes
  [32m✔ When I build it[39m
  [32m✔ Then I can see into the post data a period by 5 days[39m

  [36m@execute_each_operation @operations @provision[39m
  Scenario: Set each 5 days as period but I can not found 5 hours
  [32m✔ Given an apikey user by "require-real-apikey"[39m
  [32m✔ Given the operation by "FACTORY_RESET"[39m
  [32m✔ And execute each 5 days[39m
  [32m✔ And append entities by:[39m
      | [32mdevice_689_DEMO[39m |
Not specified the job timeout. By default, timeout will be 7199 minutes
  [32m✔ When I build it[39m
  [32m✔ Then I can not see into the post data a period by 5 hours[39m

  [36m@execute_each_operation @operations @provision[39m
  Scenario: Set each 5 minutes as period and not job timeout defined. Then the default job timeout will be less than the selected period
  [32m✔ Given an apikey user by "require-real-apikey"[39m
  [32m✔ Given the operation by "FACTORY_RESET"[39m
  [32m✔ And execute each 5 minutes[39m
  [32m✔ And append entities by:[39m
      | [32mdevice_689_DEMO[39m |
Not specified the job timeout. By default, timeout will be 4 minutes
  [32m✔ When I build it[39m
  [32m✔ Then I can see into the post data a job timeout by 4 minutes[39m

  [36m@execute_each_operation @operations @provision[39m
  Scenario: Set each 5 minutes as period with job timeout greater than the selected period
  [32m✔ Given an apikey user by "require-real-apikey"[39m
  [32m✔ Given the operation by "FACTORY_RESET"[39m
  [32m✔ And execute each 5 minutes[39m
  [32m✔ And the job timeout by 6 minutes[39m
  [32m✔ And append entities by:[39m
      | [32mdevice_689_DEMO[39m |
  [32m✔ When I build it[39m
  [32m✔ Then throws an error equal to "You can not execute an operation with a job timeout greater than the repetition period."[39m

  [36m@execute_each_operation @operations @provision[39m
  Scenario: Set each 5 minutes as period with job timeout equals than the selected period
  [32m✔ Given an apikey user by "require-real-apikey"[39m
  [32m✔ Given the operation by "FACTORY_RESET"[39m
  [32m✔ And execute each 5 minutes[39m
  [32m✔ And the job timeout by 5 minutes[39m
  [32m✔ And append entities by:[39m
      | [32mdevice_689_DEMO[39m |
  [32m✔ When I build it[39m
  [32m✔ Then throws an error equal to "You can not execute an operation with a job timeout greater than the repetition period."[39m

  [36m@execute_each_operation @operations @provision[39m
  Scenario: Set each as period but stop date earlier than current date
  [32m✔ Given an apikey user by "require-real-apikey"[39m
  [32m✔ Given the operation by "FACTORY_RESET"[39m
  [32m✔ When execute each with stop date 5 "minutes" earlier than current date[39m
  [32m✔ Then this builder configuration throw a error equal to "Invalid stop date on executeEach method. Start date must be earlier than stop date."[39m

  [36m@execute_each_operation @operations @provision[39m
  Scenario: Set each as period with stop date later than start date but start date is earlier than current date
  [32m✔ Given an apikey user by "require-real-apikey"[39m
  [32m✔ Given the operation by "FACTORY_RESET"[39m
  [32m✔ And append entities by:[39m
      | [32mdevice_689_DEMO[39m |
  [32m✔ And execute each 5 "minutes" with stop date 5 "seconds" later than the start date as now[39m
  [32m✔ When I wait 7 seconds[39m
Not specified the job timeout. By default, timeout will be 4 minutes
  [32m✔ And I build it[39m
  [32m✔ Then throws an error equal to "Can not create operation object because stop operation period is earlier than current date. It happened because you passed a lot of time between configuration of an operation and create the operation."[39m

  [36m@execute_each_operation @operations @provision @CORE_BUG[39m
  Scenario: Set each 5 minutes as period with stop date later than start date
  [32m✔ Given an apikey user by "require-real-apikey"[39m
  [32m✔ Given the operation by "FACTORY_RESET"[39m
  [32m✔ And append entities by:[39m
      | [32msetting_up_period_each_device[39m |
  [32m✔ And execute each 5 "minutes" with stop date 10 "hours" later than the start date as now[39m
Not specified the job timeout. By default, timeout will be 4 minutes
  [32m✔ When I build it[39m
  [32m✔ And I execute it[39m
RESPONSE_: {"data":{},"statusCode":201,"location":"https://172.19.18.132:8444/v80/operation/tasks/3b5c5b84-6458-4d52-9dbf-59d276f8a0f4"}
  [32m✔ Then response code should be: 201[39m

  [36m@execute_each_operation @operations @provision @CORE_BUG[39m
  Scenario: Set each 5 minutes as period with stop date later than start date earlier than current date
  [32m✔ Given an apikey user by "require-real-apikey"[39m
  [32m✔ Given the operation by "FACTORY_RESET"[39m
  [32m✔ And append entities by:[39m
      | [32msetting_up_period_each_device[39m |
  [32m✔ And execute each 5 "minutes" with stop date 10 "hours" later than the start date as now[39m
  [32m✔ And I wait 5 seconds[39m
Not specified the job timeout. By default, timeout will be 4 minutes
  [32m✔ When I build it[39m
  [32m✔ And I execute it[39m
RESPONSE_: {"data":{},"statusCode":201,"location":"https://172.19.18.132:8444/v80/operation/tasks/65aa1969-222a-4bd3-904e-ccc9c0ef9fcc"}
  [32m✔ Then response code should be: 201[39m

  [36m@execute_each_operation @operations @provision @CORE_BUG[39m
  Scenario: Set each as period and stop by number repetitions greater than 1
  [32m✔ Given an apikey user by "require-real-apikey"[39m
  [32m✔ Given the operation by "FACTORY_RESET"[39m
  [32m✔ And execute each with 5 as a number of repetitions[39m
  [32m✔ And append entities by:[39m
      | [32msetting_up_period_each_device[39m |
Not specified the job timeout. By default, timeout will be 30 days
  [32m✔ When I build it[39m
  [32m✔ And I execute it[39m
RESPONSE_: {"data":{"id":"3a5808e3-05ac-40ad-90d4-2575f5ebb5c7","request":{"name":"FACTORY_RESET","active":true,"notify":false,"user":"root@amplia.es","schedule":{"stop":{"delayed":"2592000000"},"scattering":{"strategy":{}},"window":{"weekly":[{"daily":{}}]}},"operationParameters":{"timeout":90000,"retries":0,"retriesDelay":0}},"report":{"execution":{},"target":{}}},"statusCode":201,"location":"https://172.19.18.132:8444/v80/operation/jobs/3a5808e3-05ac-40ad-90d4-2575f5ebb5c7"}
  [32m✔ Then response code should be: 201[39m

  [36m@execute_each_operation @operations @provision @CORE_BUG[39m
  Scenario: Set each as period and stop by number repetitions equals than 1
  [32m✔ Given an apikey user by "require-real-apikey"[39m
  [32m✔ Given the operation by "FACTORY_RESET"[39m
  [32m✔ And execute each with 1 as a number of repetitions[39m
  [32m✔ And append entities by:[39m
      | [32msetting_up_period_each_device[39m |
Not specified the job timeout. By default, timeout will be 30 days
  [32m✔ When I build it[39m
  [32m✔ And I execute it[39m
RESPONSE_: {"data":{"id":"a591b0db-1481-4edb-93a0-7c9889f5143a","request":{"name":"FACTORY_RESET","active":true,"notify":false,"user":"root@amplia.es","schedule":{"stop":{"delayed":"2592000000"},"scattering":{"strategy":{}},"window":{"weekly":[{"daily":{}}]}},"operationParameters":{"timeout":90000,"retries":0,"retriesDelay":0}},"report":{"execution":{},"target":{}}},"statusCode":201,"location":"https://172.19.18.132:8444/v80/operation/jobs/a591b0db-1481-4edb-93a0-7c9889f5143a"}
  [32m✔ Then response code should be: 201[39m

  [36m@execute_each_operation @operations @provision[39m
  Scenario: Set each as period and stop by number repetitions less than 1
  [32m✔ Given an apikey user by "require-real-apikey"[39m
  [32m✔ Given the operation by "FACTORY_RESET"[39m
  [32m✔ When execute each with 0 as a number of repetitions[39m
  [32m✔ Then this builder configuration throw a error equal to "Invalid stop value. Number of repetitions must be greater than 0."[39m

  [36m@execute_each_operation @operations @provision[39m
  Scenario: I want to delete the entity
  [32m✔ Given an apikey user by "require-real-apikey"[39m
  [32m✔ Given the entity of type "devices builder" with "setting_up_period_each_organization"[39m
  [32m✔ And I get allowed Datastreams fields[39m
  [32m✔ And I can found "provision.device.identifier" as datastream name[39m
  [32m✔ When I try to define the entity with...[39m
      | [32mdatastream                 [39m | [32mtypeFunction[39m | [32mvalue                        [39m | [32mparent[39m |
      | [32mprovision.device.identifier[39m | [32msimple      [39m | [32msetting_up_period_each_device[39m | [32m      [39m |
  [32m✔ And I delete it[39m
RESPONSE_: {"statusCode":200}
  [32m✔ Then response code should be: 200[39m

  [36m@execute_each_operation @operations @provision[39m
  Scenario: Deleting an organization
  [32m✔ Given an apikey user by "require-real-apikey"[39m
  [32m✔ Given an ogapi "organizations builder" util[39m
  [32m✔ Then I want to delete an "organization"[39m
name
delete
organization
withName
  [32m✔ And the "name" "setting_up_period_each_organization"[39m
  [32m✔ Then I delete it[39m
RESPONSE_: {"statusCode":200}
  [32m✔ And response code should be: 200[39m

[36m@execute_every_operation @operations @provision @fail[39m
Feature: Setting up period with every pattern to operations

  As a user of JsApi
  I want to execute an FACTORY_RESET operation with a specific every pattern period configuration
  So that I can execute FACTORY_RESET to some devices/subscriptions/subscribers/communications module with an every pattern period

  [36m@execute_every_operation @operations @provision @fail[39m
  Scenario: Set repeat every day at now
  [32m✔ Given an apikey user by "require-real-apikey"[39m
  [32m✔ Given the operation by "FACTORY_RESET"[39m
  [32m✔ And execute every day at "now"[39m
  [32m✔ And append entities by:[39m
      | [32mdevice_689_DEMO[39m |
Not specified the job timeout. By default, timeout will be 30 days
  [32m✔ When I build it[39m
  [32m✔ Then I can not see into the post data a period[39m

  [36m@execute_every_operation @operations @provision @fail[39m
  Scenario: Set repeat every day at now
  [32m✔ Given an apikey user by "require-real-apikey"[39m
  [32m✔ Given the operation by "FACTORY_RESET"[39m
  [32m✔ And execute every day at "now"[39m
  [32m✔ And append entities by:[39m
      | [32mdevice_689_DEMO[39m |
Not specified the job timeout. By default, timeout will be 30 days
  [32m✔ When I build it[39m
  [32m✔ Then I can see into the post data a every day pattern[39m

  [36m@execute_every_operation @operations @provision @fail[39m
  Scenario: Set repeat every week at now
  [32m✔ Given an apikey user by "require-real-apikey"[39m
  [32m✔ Given the operation by "FACTORY_RESET"[39m
  [32m✔ And execute every week at "now" on days:[39m
      | [32mMON[39m |
      | [32mFRI[39m |
  [32m✔ And append entities by:[39m
      | [32mdevice_689_DEMO[39m |
Not specified the job timeout. By default, timeout will be 30 days
  [32m✔ When I build it[39m
  [32m✔ Then I can see into the post data a every week pattern with days:[39m
      | [32mMON[39m |
      | [32mFRI[39m |

  [36m@execute_every_operation @operations @provision @fail[39m
  Scenario: Set repeat every month at now
  [32m✔ Given an apikey user by "require-real-apikey"[39m
  [32m✔ Given the operation by "FACTORY_RESET"[39m
  [32m✔ And execute every month at "now" at day 5 on months:[39m
      | [32mFEB[39m |
  [32m✔ And append entities by:[39m
      | [32mdevice_689_DEMO[39m |
Not specified the job timeout. By default, timeout will be 30 days
  [32m✔ When I build it[39m
  [32m✔ Then I can see into the post data a every month pattern at day 5 and months:[39m
      | [32mFEB[39m |

  [36m@execute_every_operation @operations @provision @fail[39m
  Scenario: Set repeat every year at now
  [32m✔ Given an apikey user by "require-real-apikey"[39m
  [32m✔ Given the operation by "FACTORY_RESET"[39m
  [32m✔ And execute every year at "now" at day 5 on month "FEB"[39m
  [32m✔ And append entities by:[39m
      | [32mdevice_689_DEMO[39m |
Not specified the job timeout. By default, timeout will be 30 days
  [32m✔ When I build it[39m
  [32m✔ Then I can see into the post data a every month pattern at day 5 and month "FEB"[39m

  [36m@execute_every_operation @operations @provision @fail[39m
  Scenario: Set repeat every day at date before now
  [32m✔ Given an apikey user by "require-real-apikey"[39m
  [32m✔ Given the operation by "FACTORY_RESET"[39m
  [32m✔ And execute every day at "2015-09-29T14:37:06+02:00"[39m
  [32m✔ And append entities by:[39m
      | [32mdevice_689_DEMO[39m |
Not specified the job timeout. By default, timeout will be 30 days
  [32m✔ When I build it[39m
  [32m✔ Then I can see into the post data a start date as "now"[39m

  [36m@execute_every_operation @operations @provision @fail[39m
  Scenario: Set repeat every day at date after now
  [32m✔ Given an apikey user by "require-real-apikey"[39m
  [32m✔ Given the operation by "FACTORY_RESET"[39m
  [32m✔ And execute every day at "2017-09-29T14:37:06+02:00"[39m
  [32m✔ And append entities by:[39m
      | [32mdevice_689_DEMO[39m |
Not specified the job timeout. By default, timeout will be 30 days
  [32m✔ When I build it[39m
  [31m✖ Then I can see into the post data a start date as "2017-09-29T14:37:06+02:00"[39m

[36m@provision @operations @update_periodic_operation[39m
Feature: Update periodic operation

  As a user of JsApi
  I want to update periodic operation
  So I can check if a periodic run update is performed correctly

  [36m@provision @operations @update_periodic_operation[39m
  Scenario: Creating an organization to use in create device
  [32m✔ Given an apikey user by "require-real-apikey"[39m
  [32m✔ Given an ogapi "organizations builder" util[39m
  [32m✔ Then I want to create an "organization"[39m
name
create
organization
withName
  [32m✔ And the "name" "update_periodic_organization"[39m
description
create
organization
withDescription
  [32m✔ And the "description" "actions execution organization"[39m
country code
create
organization
withCountryCode
  [32m✔ And the "country code" "ES"[39m
lang code
create
organization
withLangCode
  [32m✔ And the "lang code" "es"[39m
time zone
create
organization
withTimeZone
  [32m✔ And the "time zone" "Europe/Andorra"[39m
  [32m✔ And the "zoom" 10[39m
  [32m✔ And the "location" with 1 and 1[39m
  [32m✔ Then I delete it[39m
  [32m✔ Then I create it[39m
RESPONSE_: {"location":"https://172.19.18.132:8444/v80/provision/organizations/update_periodic_organization","statusCode":201}
  [32m✔ And response code should be: 201[39m

  [36m@provision @operations @update_periodic_operation[39m
  Scenario: I want to create an entity
  [32m✔ Given an apikey user by "require-real-apikey"[39m
  [32m✔ Given the entity of type "devices builder" with "update_periodic_organization"[39m
  [32m✔ And I get allowed Datastreams fields[39m
  [32m✔ And I can found "provision.device.identifier" as datastream name[39m
  [32m✔ When I try to define the entity with...[39m
      | [32mdatastream                           [39m | [32mtypeFunction[39m | [32mvalue                       [39m | [32mparent[39m |
      | [32mprovision.administration.channel     [39m | [32msimple      [39m | [32mdefault_channel             [39m | [32m      [39m |
      | [32mprovision.administration.organization[39m | [32msimple      [39m | [32mupdate_periodic_organization[39m | [32m      [39m |
      | [32mprovision.administration.serviceGroup[39m | [32msimple      [39m | [32memptyServiceGroup           [39m | [32m      [39m |
      | [32mprovision.device.identifier          [39m | [32msimple      [39m | [32mupdate_periodic_device      [39m | [32m      [39m |
      | [32mprovision.device.operationalStatus   [39m | [32msimple      [39m | [32mNORMAL                      [39m | [32m      [39m |
      | [32mprovision.device.administrativeState [39m | [32msimple      [39m | [32mACTIVE                      [39m | [32m      [39m |
CREATEOK: {"req":{"method":"POST","url":"https://172.19.18.132:8444/v80/provision/organizations/update_periodic_organization/devices?flattened=true","data":{"provision.administration.channel":{"_value":{"_current":{"value":"default_channel"}}},"provision.administration.organization":{"_value":{"_current":{"value":"update_periodic_organization"}}},"provision.administration.serviceGroup":{"_value":{"_current":{"value":"emptyServiceGroup"}}},"provision.device.identifier":{"_value":{"_current":{"value":"update_periodic_device"}}},"provision.device.operationalStatus":{"_value":{"_current":{"value":"NORMAL"}}},"provision.device.administrativeState":{"_value":{"_current":{"value":"ACTIVE"}}}},"headers":{"user-agent":"node-superagent/2.3.0","content-type":"application/json","x-apikey":"2829be88-a7d7-4f51-aefc-3cc2385b6506"}},"header":{"connection":"close","date":"Mon, 12 Mar 2018 14:54:55 GMT","strict-transport-security":"max-age=2000; includeSubDomains","set-cookie":["JSESSIONID=node0f621ytslvc2o1t0evutr63h1t3357.node0;Path=/;Secure"],"expires":"Thu, 01 Jan 1970 00:00:00 GMT","location":"https://172.19.18.132:8444/v80/provision/organizations/update_periodic_organization/devices/update_periodic_device","server":"Jetty(9.4.0.v20161208)"},"status":201,"text":""}
  [32m✔ Then I create it[39m
RESPONSE_: {"location":"https://172.19.18.132:8444/v80/provision/organizations/update_periodic_organization/devices/update_periodic_device","statusCode":201}
  [32m✔ And response code should be: 201[39m

  [36m@provision @operations @update_periodic_operation[39m
  Scenario: Execute periodic operation every day, and change time
  [32m✔ Given an apikey user by "require-real-apikey"[39m
  [32m✔ Given the operation by "ADMINISTRATIVE_STATUS_CHANGE"[39m
  [32m✔ And the notes by ""[39m
  [32m✔ And the timeout by 120000[39m
  [32m✔ And the ackTimeout by 0[39m
  [32m✔ And the retries by 0[39m
  [32m✔ And the retriesDelay by 0[39m
  [32m✔ And parameter "admsts" by "inventado"[39m
  [32m✔ And the job timeout by 5 minutes[39m
  [32m✔ And execute every day at "now"[39m
  [32m✔ And append entities by:[39m
      | [32mupdate_periodic_device[39m |
  [32m✔ When I build it[39m
  [32m✔ And I execute it[39m
RESPONSE_: {"data":{},"statusCode":201,"location":"https://172.19.18.132:8444/v80/operation/tasks/43ac8b19-a503-4b62-a794-536973cb5ba3"}
  [32m✔ Then response code should be: 201[39m
  [32m✔ When I try to find an operation for its id of periodicity and save its id[39m
  [32m✔ And an ogapi "operation actions" util with responseId[39m
THIS._ID: 07de0662-1a04-4bb2-942e-409aa9dbfd9d
COMPOSE: operation/jobs/07de0662-1a04-4bb2-942e-409aa9dbfd9d
  [32m✔ And I want "pause periodicity" of a operation[39m
RESPONSE_: {"req":{"method":"PUT","url":"https://172.19.18.132:8444/v80/operation/tasks/43ac8b19-a503-4b62-a794-536973cb5ba3","data":{"task":{"active":false}},"headers":{"user-agent":"node-superagent/2.3.0","content-type":"application/json","x-apikey":"2829be88-a7d7-4f51-aefc-3cc2385b6506"}},"header":{"connection":"close","date":"Mon, 12 Mar 2018 14:54:57 GMT","strict-transport-security":"max-age=2000; includeSubDomains","set-cookie":["JSESSIONID=node058xpnmhh9tawfzxjfo5bhadq3362.node0;Path=/;Secure"],"expires":"Thu, 01 Jan 1970 00:00:00 GMT","server":"Jetty(9.4.0.v20161208)"},"status":200,"text":""}
  [32m✔ Then response code should be: 200[39m
THIS._ID: 07de0662-1a04-4bb2-942e-409aa9dbfd9d
COMPOSE: operation/jobs/07de0662-1a04-4bb2-942e-409aa9dbfd9d
COMPOSE: operation/tasks/43ac8b19-a503-4b62-a794-536973cb5ba3
  [32m✔ And an update periodicity by operation's id[39m
  [32m✔ And update execute every day at "2020-01-10T21:44:13Z"[39m
  [32m✔ And I build it[39m
  [32m✔ And I update periodicity[39m
RESPONSE_: {"data":{},"statusCode":200,"id":"43ac8b19-a503-4b62-a794-536973cb5ba3"}
  [32m✔ Then response code should be: 200[39m
  [32m✔ When I try to find an operation for its id of periodicity and save its id[39m
  [32m✔ And an ogapi "operation finder" util[39m
  [32m✔ And I want to read a "periodicity"[39m
THIS._ID: 07de0662-1a04-4bb2-942e-409aa9dbfd9d
COMPOSE: operation/jobs/07de0662-1a04-4bb2-942e-409aa9dbfd9d
COMPOSE: operation/tasks/43ac8b19-a503-4b62-a794-536973cb5ba3
  [32m✔ When I try to find by operation's id[39m
  [32m✔ Then I can see into the result an "periodic schedule" as[39m
      [32m"""
      {"start":{"date":"2020-01-10T21:44:13Z"},"repeating":{"period":null,"pattern":{"time":"22:44:13+01:00","definedPatternNumber":0}}}
      """[39m

  [36m@provision @operations @update_periodic_operation[39m
  Scenario: Execute periodic operation every week, and change time
  [32m✔ Given an apikey user by "require-real-apikey"[39m
  [32m✔ Given the operation by "ADMINISTRATIVE_STATUS_CHANGE"[39m
  [32m✔ And the notes by ""[39m
  [32m✔ And the timeout by 120000[39m
  [32m✔ And the ackTimeout by 0[39m
  [32m✔ And the retries by 0[39m
  [32m✔ And the retriesDelay by 0[39m
  [32m✔ And parameter "admsts" by "inventado"[39m
  [32m✔ And the job timeout by 5 minutes[39m
  [32m✔ And execute every day at "now"[39m
  [32m✔ And append entities by "{}" as filter with "ASSET" as entityType[39m
  [32m✔ When I build it[39m
  [32m✔ And I execute it[39m
RESPONSE_: {"data":{},"statusCode":201,"location":"https://172.19.18.132:8444/v80/operation/tasks/9a467dde-0c79-48b3-9151-6bad565dc4fb"}
  [32m✔ Then response code should be: 201[39m
  [32m✔ When I try to find an operation for its id of periodicity and save its id[39m
  [32m✔ And an ogapi "operation actions" util with responseId[39m
THIS._ID: a5c10cb1-69a3-4c44-a65a-e19bdbbdfe24
COMPOSE: operation/jobs/a5c10cb1-69a3-4c44-a65a-e19bdbbdfe24
  [32m✔ And I want "pause periodicity" of a operation[39m
RESPONSE_: {"req":{"method":"PUT","url":"https://172.19.18.132:8444/v80/operation/tasks/9a467dde-0c79-48b3-9151-6bad565dc4fb","data":{"task":{"active":false}},"headers":{"user-agent":"node-superagent/2.3.0","content-type":"application/json","x-apikey":"2829be88-a7d7-4f51-aefc-3cc2385b6506"}},"header":{"connection":"close","date":"Mon, 12 Mar 2018 14:54:58 GMT","strict-transport-security":"max-age=2000; includeSubDomains","set-cookie":["JSESSIONID=node01djxtdo37cn1m1nijgf5gldex23374.node0;Path=/;Secure"],"expires":"Thu, 01 Jan 1970 00:00:00 GMT","server":"Jetty(9.4.0.v20161208)"},"status":200,"text":""}
  [32m✔ Then response code should be: 200[39m
THIS._ID: a5c10cb1-69a3-4c44-a65a-e19bdbbdfe24
COMPOSE: operation/jobs/a5c10cb1-69a3-4c44-a65a-e19bdbbdfe24
COMPOSE: operation/tasks/9a467dde-0c79-48b3-9151-6bad565dc4fb
  [32m✔ And an update periodicity by operation's id[39m
  [32m✔ And update execute every week at "2020-01-10T21:44:13Z" on days:[39m
      | [32mMON[39m |
      | [32mWED[39m |
      | [32mFRI[39m |
  [32m✔ And I build it[39m
  [32m✔ And I update periodicity[39m
RESPONSE_: {"data":{},"statusCode":200,"id":"9a467dde-0c79-48b3-9151-6bad565dc4fb"}
  [32m✔ Then response code should be: 200[39m
  [32m✔ When I try to find an operation for its id of periodicity and save its id[39m
  [32m✔ And an ogapi "operation finder" util[39m
  [32m✔ And I want to read a "periodicity"[39m
THIS._ID: a5c10cb1-69a3-4c44-a65a-e19bdbbdfe24
COMPOSE: operation/jobs/a5c10cb1-69a3-4c44-a65a-e19bdbbdfe24
COMPOSE: operation/tasks/9a467dde-0c79-48b3-9151-6bad565dc4fb
  [32m✔ When I try to find by operation's id[39m
  [32m✔ Then I can see into the result an "periodic schedule" as[39m
      [32m"""
      {"start":{"date":"2020-01-10T21:44:13Z"},"repeating":{"period":null,"pattern":{"time":"22:44:13+01:00","weekly":{"days":["MON","WED","FRI"]},"definedPatternNumber":0}}}
      """[39m
  [32m✔ When I try to find an operation for its id of periodicity and save its id[39m
THIS._ID: a5c10cb1-69a3-4c44-a65a-e19bdbbdfe24
COMPOSE: operation/jobs/a5c10cb1-69a3-4c44-a65a-e19bdbbdfe24
COMPOSE: operation/tasks/9a467dde-0c79-48b3-9151-6bad565dc4fb
  [32m✔ And an update periodicity by operation's id[39m
  [32m✔ And update execute every week at on days:[39m
      | [32mFRI[39m |
      | [32mSUN[39m |
  [32m✔ And I build it[39m
  [32m✔ And I update periodicity[39m
RESPONSE_: {"data":{},"statusCode":200,"id":"9a467dde-0c79-48b3-9151-6bad565dc4fb"}
  [32m✔ Then response code should be: 200[39m
  [32m✔ When I try to find an operation for its id of periodicity and save its id[39m
  [32m✔ And an ogapi "operation finder" util[39m
  [32m✔ And I want to read a "periodicity"[39m
THIS._ID: a5c10cb1-69a3-4c44-a65a-e19bdbbdfe24
COMPOSE: operation/jobs/a5c10cb1-69a3-4c44-a65a-e19bdbbdfe24
COMPOSE: operation/tasks/9a467dde-0c79-48b3-9151-6bad565dc4fb
  [32m✔ When I try to find by operation's id[39m
  [32m✔ Then I can see into the result an "periodic schedule" as[39m
      [32m"""
      {"start":{"date":"2020-01-10T21:44:13Z"},"repeating":{"period":null,"pattern":{"time":"22:44:13+01:00","weekly":{"days":["FRI","SUN"]},"definedPatternNumber":0}}}
      """[39m

  [36m@provision @operations @update_periodic_operation[39m
  Scenario: Execute periodic operation every month, and change time
  [32m✔ Given an apikey user by "require-real-apikey"[39m
  [32m✔ Given the operation by "ADMINISTRATIVE_STATUS_CHANGE"[39m
  [32m✔ And the notes by ""[39m
  [32m✔ And the timeout by 120000[39m
  [32m✔ And the ackTimeout by 0[39m
  [32m✔ And the retries by 0[39m
  [32m✔ And the retriesDelay by 0[39m
  [32m✔ And parameter "admsts" by "inventado"[39m
  [32m✔ And the job timeout by 5 minutes[39m
  [32m✔ And execute every day at "now"[39m
  [32m✔ And append entities by "{}" as filter with "ASSET" as entityType[39m
  [32m✔ When I build it[39m
  [32m✔ And I execute it[39m
RESPONSE_: {"data":{},"statusCode":201,"location":"https://172.19.18.132:8444/v80/operation/tasks/73faa8f1-9f86-4c5e-9858-e24e4752feb6"}
  [32m✔ Then response code should be: 201[39m
  [32m✔ Then I try to find an operation for its id of periodicity and save its id[39m
  [32m✔ And an ogapi "operation actions" util with responseId[39m
THIS._ID: 75836164-5094-43bb-a07b-e732b993d2b4
COMPOSE: operation/jobs/75836164-5094-43bb-a07b-e732b993d2b4
  [32m✔ And I want "pause periodicity" of a operation[39m
RESPONSE_: {"req":{"method":"PUT","url":"https://172.19.18.132:8444/v80/operation/tasks/73faa8f1-9f86-4c5e-9858-e24e4752feb6","data":{"task":{"active":false}},"headers":{"user-agent":"node-superagent/2.3.0","content-type":"application/json","x-apikey":"2829be88-a7d7-4f51-aefc-3cc2385b6506"}},"header":{"connection":"close","date":"Mon, 12 Mar 2018 14:55:01 GMT","strict-transport-security":"max-age=2000; includeSubDomains","set-cookie":["JSESSIONID=node0nsn4yksp7u7mk6uafu72g7683398.node0;Path=/;Secure"],"expires":"Thu, 01 Jan 1970 00:00:00 GMT","server":"Jetty(9.4.0.v20161208)"},"status":200,"text":""}
  [32m✔ Then response code should be: 200[39m
THIS._ID: 75836164-5094-43bb-a07b-e732b993d2b4
COMPOSE: operation/jobs/75836164-5094-43bb-a07b-e732b993d2b4
COMPOSE: operation/tasks/73faa8f1-9f86-4c5e-9858-e24e4752feb6
  [32m✔ And an update periodicity by operation's id[39m
  [32m✔ And update execute every month at "2020-01-10T21:44:13Z" at day 3 on months:[39m
      | [32mJAN[39m |
      | [32mMAR[39m |
      | [32mMAY[39m |
  [32m✔ And I build it[39m
  [32m✔ And I update periodicity[39m
RESPONSE_: {"data":{},"statusCode":200,"id":"73faa8f1-9f86-4c5e-9858-e24e4752feb6"}
  [32m✔ Then response code should be: 200[39m
  [32m✔ When I try to find an operation for its id of periodicity and save its id[39m
  [32m✔ And an ogapi "operation finder" util[39m
  [32m✔ And I want to read a "periodicity"[39m
THIS._ID: 75836164-5094-43bb-a07b-e732b993d2b4
COMPOSE: operation/jobs/75836164-5094-43bb-a07b-e732b993d2b4
COMPOSE: operation/tasks/73faa8f1-9f86-4c5e-9858-e24e4752feb6
  [32m✔ When I try to find by operation's id[39m
  [32m✔ Then I can see into the result an "periodic schedule" as[39m
      [32m"""
      {"start":{"date":"2020-01-10T21:44:13Z"},"repeating":{"period":null,"pattern":{"time":"22:44:13+01:00","monthly":{"day":3,"months":["JAN","MAR","MAY"]},"definedPatternNumber":0}}}
      """[39m
  [32m✔ When I try to find an operation for its id of periodicity and save its id[39m
THIS._ID: 75836164-5094-43bb-a07b-e732b993d2b4
COMPOSE: operation/jobs/75836164-5094-43bb-a07b-e732b993d2b4
COMPOSE: operation/tasks/73faa8f1-9f86-4c5e-9858-e24e4752feb6
  [32m✔ And an update periodicity by operation's id[39m
  [32m✔ And update execute every month at "2020-02-10T21:44:13Z" on months:[39m
      | [32mFEB[39m |
      | [32mAPR[39m |
      | [32mJUN[39m |
  [32m✔ And I build it[39m
  [32m✔ And I update periodicity[39m
RESPONSE_: {"data":{},"statusCode":200,"id":"73faa8f1-9f86-4c5e-9858-e24e4752feb6"}
  [32m✔ Then response code should be: 200[39m
  [32m✔ When I try to find an operation for its id of periodicity and save its id[39m
  [32m✔ And an ogapi "operation finder" util[39m
  [32m✔ And I want to read a "periodicity"[39m
THIS._ID: 75836164-5094-43bb-a07b-e732b993d2b4
COMPOSE: operation/jobs/75836164-5094-43bb-a07b-e732b993d2b4
COMPOSE: operation/tasks/73faa8f1-9f86-4c5e-9858-e24e4752feb6
  [32m✔ When I try to find by operation's id[39m
  [32m✔ Then I can see into the result an "periodic schedule" as[39m
      [32m"""
      {"start":{"date":"2020-02-10T21:44:13Z"},"repeating":{"period":null,"pattern":{"time":"22:44:13+01:00","monthly":{"day":3,"months":["FEB","APR","JUN"]},"definedPatternNumber":0}}}
      """[39m
  [32m✔ When I try to find an operation for its id of periodicity and save its id[39m
THIS._ID: 75836164-5094-43bb-a07b-e732b993d2b4
COMPOSE: operation/jobs/75836164-5094-43bb-a07b-e732b993d2b4
COMPOSE: operation/tasks/73faa8f1-9f86-4c5e-9858-e24e4752feb6
  [32m✔ And an update periodicity by operation's id[39m
  [32m✔ And update execute every month at "2020-03-10T21:44:13Z" at day 5[39m
  [32m✔ And I build it[39m
  [32m✔ And I update periodicity[39m
RESPONSE_: {"data":{},"statusCode":200,"id":"73faa8f1-9f86-4c5e-9858-e24e4752feb6"}
  [32m✔ Then response code should be: 200[39m
  [32m✔ When I try to find an operation for its id of periodicity and save its id[39m
  [32m✔ And an ogapi "operation finder" util[39m
  [32m✔ And I want to read a "periodicity"[39m
THIS._ID: 75836164-5094-43bb-a07b-e732b993d2b4
COMPOSE: operation/jobs/75836164-5094-43bb-a07b-e732b993d2b4
COMPOSE: operation/tasks/73faa8f1-9f86-4c5e-9858-e24e4752feb6
  [32m✔ When I try to find by operation's id[39m
  [32m✔ Then I can see into the result an "periodic schedule" as[39m
      [32m"""
      {"start":{"date":"2020-03-10T21:44:13Z"},"repeating":{"period":null,"pattern":{"time":"22:44:13+01:00","monthly":{"day":5,"months":["FEB","APR","JUN"]},"definedPatternNumber":0}}}
      """[39m
  [32m✔ When I try to find an operation for its id of periodicity and save its id[39m
THIS._ID: 75836164-5094-43bb-a07b-e732b993d2b4
COMPOSE: operation/jobs/75836164-5094-43bb-a07b-e732b993d2b4
COMPOSE: operation/tasks/73faa8f1-9f86-4c5e-9858-e24e4752feb6
  [32m✔ And an update periodicity by operation's id[39m
  [32m✔ And update execute every month at day 29 on months:[39m
      | [32mDEC[39m |
      | [32mOCT[39m |
      | [32mAUG[39m |
  [32m✔ And I build it[39m
  [32m✔ And I update periodicity[39m
RESPONSE_: {"data":{},"statusCode":200,"id":"73faa8f1-9f86-4c5e-9858-e24e4752feb6"}
  [32m✔ Then response code should be: 200[39m
  [32m✔ When I try to find an operation for its id of periodicity and save its id[39m
  [32m✔ And an ogapi "operation finder" util[39m
  [32m✔ And I want to read a "periodicity"[39m
THIS._ID: 75836164-5094-43bb-a07b-e732b993d2b4
COMPOSE: operation/jobs/75836164-5094-43bb-a07b-e732b993d2b4
COMPOSE: operation/tasks/73faa8f1-9f86-4c5e-9858-e24e4752feb6
  [32m✔ When I try to find by operation's id[39m
  [32m✔ Then I can see into the result an "periodic schedule" as[39m
      [32m"""
      {"start":{"date":"2020-03-10T21:44:13Z"},"repeating":{"period":null,"pattern":{"time":"22:44:13+01:00","monthly":{"day":29,"months":["DEC","OCT","AUG"]},"definedPatternNumber":0}}}
      """[39m
  [32m✔ When I try to find an operation for its id of periodicity and save its id[39m
THIS._ID: 75836164-5094-43bb-a07b-e732b993d2b4
COMPOSE: operation/jobs/75836164-5094-43bb-a07b-e732b993d2b4
COMPOSE: operation/tasks/73faa8f1-9f86-4c5e-9858-e24e4752feb6
  [32m✔ And an update periodicity by operation's id[39m
  [32m✔ And update execute every month at day 18[39m
  [32m✔ And I build it[39m
  [32m✔ And I update periodicity[39m
RESPONSE_: {"data":{},"statusCode":200,"id":"73faa8f1-9f86-4c5e-9858-e24e4752feb6"}
  [32m✔ Then response code should be: 200[39m
  [32m✔ When I try to find an operation for its id of periodicity and save its id[39m
  [32m✔ And an ogapi "operation finder" util[39m
  [32m✔ And I want to read a "periodicity"[39m
THIS._ID: 75836164-5094-43bb-a07b-e732b993d2b4
COMPOSE: operation/jobs/75836164-5094-43bb-a07b-e732b993d2b4
COMPOSE: operation/tasks/73faa8f1-9f86-4c5e-9858-e24e4752feb6
  [32m✔ When I try to find by operation's id[39m
  [32m✔ Then I can see into the result an "periodic schedule" as[39m
      [32m"""
      {"start":{"date":"2020-03-10T21:44:13Z"},"repeating":{"period":null,"pattern":{"time":"22:44:13+01:00","monthly":{"day":18,"months":["DEC","OCT","AUG"]},"definedPatternNumber":0}}}
      """[39m
  [32m✔ When I try to find an operation for its id of periodicity and save its id[39m
THIS._ID: 75836164-5094-43bb-a07b-e732b993d2b4
COMPOSE: operation/jobs/75836164-5094-43bb-a07b-e732b993d2b4
COMPOSE: operation/tasks/73faa8f1-9f86-4c5e-9858-e24e4752feb6
  [32m✔ And an update periodicity by operation's id[39m
  [32m✔ And update execute every month on months:[39m
      | [32mNOV[39m |
      | [32mSEP[39m |
      | [32mJUL[39m |
  [32m✔ And I build it[39m
  [32m✔ And I update periodicity[39m
RESPONSE_: {"data":{},"statusCode":200,"id":"73faa8f1-9f86-4c5e-9858-e24e4752feb6"}
  [32m✔ Then response code should be: 200[39m
  [32m✔ When I try to find an operation for its id of periodicity and save its id[39m
  [32m✔ And an ogapi "operation finder" util[39m
  [32m✔ And I want to read a "periodicity"[39m
THIS._ID: 75836164-5094-43bb-a07b-e732b993d2b4
COMPOSE: operation/jobs/75836164-5094-43bb-a07b-e732b993d2b4
COMPOSE: operation/tasks/73faa8f1-9f86-4c5e-9858-e24e4752feb6
  [32m✔ When I try to find by operation's id[39m
  [32m✔ Then I can see into the result an "periodic schedule" as[39m
      [32m"""
      {"start":{"date":"2020-03-10T21:44:13Z"},"repeating":{"period":null,"pattern":{"time":"22:44:13+01:00","monthly":{"day":18,"months":["NOV","SEP","JUL"]},"definedPatternNumber":0}}}
      """[39m

  [36m@provision @operations @update_periodic_operation[39m
  Scenario: Execute periodic operation every year, and change time
  [32m✔ Given an apikey user by "require-real-apikey"[39m
  [32m✔ Given the operation by "ADMINISTRATIVE_STATUS_CHANGE"[39m
  [32m✔ And the notes by ""[39m
  [32m✔ And the timeout by 120000[39m
  [32m✔ And the ackTimeout by 0[39m
  [32m✔ And the retries by 0[39m
  [32m✔ And the retriesDelay by 0[39m
  [32m✔ And parameter "admsts" by "inventado"[39m
  [32m✔ And the job timeout by 5 minutes[39m
  [32m✔ And execute every day at "now"[39m
  [32m✔ And append entities by "{}" as filter with "ASSET" as entityType[39m
  [32m✔ When I build it[39m
  [32m✔ And I execute it[39m
RESPONSE_: {"data":{},"statusCode":201,"location":"https://172.19.18.132:8444/v80/operation/tasks/e1e6f360-0822-4d58-b7cc-0bfa6ac71871"}
  [32m✔ Then response code should be: 201[39m
  [32m✔ When I try to find an operation for its id of periodicity and save its id[39m
  [32m✔ And an ogapi "operation actions" util with responseId[39m
THIS._ID: fb1dbc1d-429b-4c68-adc4-353ade0bc24c
COMPOSE: operation/jobs/fb1dbc1d-429b-4c68-adc4-353ade0bc24c
  [32m✔ And I want "pause periodicity" of a operation[39m
RESPONSE_: {"req":{"method":"PUT","url":"https://172.19.18.132:8444/v80/operation/tasks/e1e6f360-0822-4d58-b7cc-0bfa6ac71871","data":{"task":{"active":false}},"headers":{"user-agent":"node-superagent/2.3.0","content-type":"application/json","x-apikey":"2829be88-a7d7-4f51-aefc-3cc2385b6506"}},"header":{"connection":"close","date":"Mon, 12 Mar 2018 14:55:09 GMT","strict-transport-security":"max-age=2000; includeSubDomains","set-cookie":["JSESSIONID=node0u8i05n2dmw9rfb5el12bos1r3444.node0;Path=/;Secure"],"expires":"Thu, 01 Jan 1970 00:00:00 GMT","server":"Jetty(9.4.0.v20161208)"},"status":200,"text":""}
  [32m✔ Then response code should be: 200[39m
THIS._ID: fb1dbc1d-429b-4c68-adc4-353ade0bc24c
COMPOSE: operation/jobs/fb1dbc1d-429b-4c68-adc4-353ade0bc24c
COMPOSE: operation/tasks/e1e6f360-0822-4d58-b7cc-0bfa6ac71871
  [32m✔ And an update periodicity by operation's id[39m
  [32m✔ And update execute every year at "2020-01-10T21:44:13Z" at day 4 on month "JAN"[39m
  [32m✔ And I build it[39m
  [32m✔ And I update periodicity[39m
RESPONSE_: {"data":{},"statusCode":200,"id":"e1e6f360-0822-4d58-b7cc-0bfa6ac71871"}
  [32m✔ Then response code should be: 200[39m
  [32m✔ When I try to find an operation for its id of periodicity and save its id[39m
  [32m✔ And an ogapi "operation finder" util[39m
  [32m✔ And I want to read a "periodicity"[39m
THIS._ID: fb1dbc1d-429b-4c68-adc4-353ade0bc24c
COMPOSE: operation/jobs/fb1dbc1d-429b-4c68-adc4-353ade0bc24c
COMPOSE: operation/tasks/e1e6f360-0822-4d58-b7cc-0bfa6ac71871
  [32m✔ When I try to find by operation's id[39m
  [32m✔ Then I can see into the result an "periodic schedule" as[39m
      [32m"""
      {"start":{"date":"2020-01-10T21:44:13Z"},"repeating":{"period":null,"pattern":{"time":"22:44:13+01:00","yearly":{"day":4,"month":"JAN"},"definedPatternNumber":0}}}
      """[39m
  [32m✔ When I try to find an operation for its id of periodicity and save its id[39m
THIS._ID: fb1dbc1d-429b-4c68-adc4-353ade0bc24c
COMPOSE: operation/jobs/fb1dbc1d-429b-4c68-adc4-353ade0bc24c
COMPOSE: operation/tasks/e1e6f360-0822-4d58-b7cc-0bfa6ac71871
  [32m✔ And an update periodicity by operation's id[39m
  [32m✔ And update execute every year at "2020-02-10T21:44:13Z" on month "FEB"[39m
  [32m✔ And I build it[39m
  [32m✔ And I update periodicity[39m
RESPONSE_: {"data":{},"statusCode":200,"id":"e1e6f360-0822-4d58-b7cc-0bfa6ac71871"}
  [32m✔ Then response code should be: 200[39m
  [32m✔ When I try to find an operation for its id of periodicity and save its id[39m
  [32m✔ And an ogapi "operation finder" util[39m
  [32m✔ And I want to read a "periodicity"[39m
THIS._ID: fb1dbc1d-429b-4c68-adc4-353ade0bc24c
COMPOSE: operation/jobs/fb1dbc1d-429b-4c68-adc4-353ade0bc24c
COMPOSE: operation/tasks/e1e6f360-0822-4d58-b7cc-0bfa6ac71871
  [32m✔ When I try to find by operation's id[39m
  [32m✔ Then I can see into the result an "periodic schedule" as[39m
      [32m"""
      {"start":{"date":"2020-02-10T21:44:13Z"},"repeating":{"period":null,"pattern":{"time":"22:44:13+01:00","yearly":{"day":4,"month":"FEB"},"definedPatternNumber":0}}}
      """[39m
  [32m✔ When I try to find an operation for its id of periodicity and save its id[39m
THIS._ID: fb1dbc1d-429b-4c68-adc4-353ade0bc24c
COMPOSE: operation/jobs/fb1dbc1d-429b-4c68-adc4-353ade0bc24c
COMPOSE: operation/tasks/e1e6f360-0822-4d58-b7cc-0bfa6ac71871
  [32m✔ And an update periodicity by operation's id[39m
  [32m✔ And update execute every year at "2020-03-10T21:44:13Z" at day 5[39m
  [32m✔ And I build it[39m
  [32m✔ And I update periodicity[39m
RESPONSE_: {"data":{},"statusCode":200,"id":"e1e6f360-0822-4d58-b7cc-0bfa6ac71871"}
  [32m✔ Then response code should be: 200[39m
  [32m✔ When I try to find an operation for its id of periodicity and save its id[39m
  [32m✔ And an ogapi "operation finder" util[39m
  [32m✔ And I want to read a "periodicity"[39m
THIS._ID: fb1dbc1d-429b-4c68-adc4-353ade0bc24c
COMPOSE: operation/jobs/fb1dbc1d-429b-4c68-adc4-353ade0bc24c
COMPOSE: operation/tasks/e1e6f360-0822-4d58-b7cc-0bfa6ac71871
  [32m✔ When I try to find by operation's id[39m
  [32m✔ Then I can see into the result an "periodic schedule" as[39m
      [32m"""
      {"start":{"date":"2020-03-10T21:44:13Z"},"repeating":{"period":null,"pattern":{"time":"22:44:13+01:00","yearly":{"day":5,"month":"FEB"},"definedPatternNumber":0}}}
      """[39m
  [32m✔ When I try to find an operation for its id of periodicity and save its id[39m
THIS._ID: fb1dbc1d-429b-4c68-adc4-353ade0bc24c
COMPOSE: operation/jobs/fb1dbc1d-429b-4c68-adc4-353ade0bc24c
COMPOSE: operation/tasks/e1e6f360-0822-4d58-b7cc-0bfa6ac71871
  [32m✔ And an update periodicity by operation's id[39m
  [32m✔ And update execute every year at day 29 on month "MAR"[39m
  [32m✔ And I build it[39m
  [32m✔ And I update periodicity[39m
RESPONSE_: {"data":{},"statusCode":200,"id":"e1e6f360-0822-4d58-b7cc-0bfa6ac71871"}
  [32m✔ Then response code should be: 200[39m
  [32m✔ When I try to find an operation for its id of periodicity and save its id[39m
  [32m✔ And an ogapi "operation finder" util[39m
  [32m✔ And I want to read a "periodicity"[39m
THIS._ID: fb1dbc1d-429b-4c68-adc4-353ade0bc24c
COMPOSE: operation/jobs/fb1dbc1d-429b-4c68-adc4-353ade0bc24c
COMPOSE: operation/tasks/e1e6f360-0822-4d58-b7cc-0bfa6ac71871
  [32m✔ When I try to find by operation's id[39m
  [32m✔ Then I can see into the result an "periodic schedule" as[39m
      [32m"""
      {"start":{"date":"2020-03-10T21:44:13Z"},"repeating":{"period":null,"pattern":{"time":"22:44:13+01:00","yearly":{"day":29,"month":"MAR"},"definedPatternNumber":0}}}
      """[39m
  [32m✔ When I try to find an operation for its id of periodicity and save its id[39m
THIS._ID: fb1dbc1d-429b-4c68-adc4-353ade0bc24c
COMPOSE: operation/jobs/fb1dbc1d-429b-4c68-adc4-353ade0bc24c
COMPOSE: operation/tasks/e1e6f360-0822-4d58-b7cc-0bfa6ac71871
  [32m✔ And an update periodicity by operation's id[39m
  [32m✔ And update execute every year at day 18[39m
  [32m✔ And I build it[39m
  [32m✔ And I update periodicity[39m
RESPONSE_: {"data":{},"statusCode":200,"id":"e1e6f360-0822-4d58-b7cc-0bfa6ac71871"}
  [32m✔ Then response code should be: 200[39m
  [32m✔ When I try to find an operation for its id of periodicity and save its id[39m
  [32m✔ And an ogapi "operation finder" util[39m
  [32m✔ And I want to read a "periodicity"[39m
THIS._ID: fb1dbc1d-429b-4c68-adc4-353ade0bc24c
COMPOSE: operation/jobs/fb1dbc1d-429b-4c68-adc4-353ade0bc24c
COMPOSE: operation/tasks/e1e6f360-0822-4d58-b7cc-0bfa6ac71871
  [32m✔ When I try to find by operation's id[39m
  [32m✔ Then I can see into the result an "periodic schedule" as[39m
      [32m"""
      {"start":{"date":"2020-03-10T21:44:13Z"},"repeating":{"period":null,"pattern":{"time":"22:44:13+01:00","yearly":{"day":18,"month":"MAR"},"definedPatternNumber":0}}}
      """[39m
  [32m✔ When I try to find an operation for its id of periodicity and save its id[39m
THIS._ID: fb1dbc1d-429b-4c68-adc4-353ade0bc24c
COMPOSE: operation/jobs/fb1dbc1d-429b-4c68-adc4-353ade0bc24c
COMPOSE: operation/tasks/e1e6f360-0822-4d58-b7cc-0bfa6ac71871
  [32m✔ And an update periodicity by operation's id[39m
  [32m✔ And update execute every year on month "APR"[39m
  [32m✔ And I build it[39m
  [32m✔ And I update periodicity[39m
RESPONSE_: {"data":{},"statusCode":200,"id":"e1e6f360-0822-4d58-b7cc-0bfa6ac71871"}
  [32m✔ Then response code should be: 200[39m
  [32m✔ When I try to find an operation for its id of periodicity and save its id[39m
  [32m✔ And an ogapi "operation finder" util[39m
  [32m✔ And I want to read a "periodicity"[39m
THIS._ID: fb1dbc1d-429b-4c68-adc4-353ade0bc24c
COMPOSE: operation/jobs/fb1dbc1d-429b-4c68-adc4-353ade0bc24c
COMPOSE: operation/tasks/e1e6f360-0822-4d58-b7cc-0bfa6ac71871
  [32m✔ When I try to find by operation's id[39m
  [32m✔ Then I can see into the result an "periodic schedule" as[39m
      [32m"""
      {"start":{"date":"2020-03-10T21:44:13Z"},"repeating":{"period":null,"pattern":{"time":"22:44:13+01:00","yearly":{"day":18,"month":"APR"},"definedPatternNumber":0}}}
      """[39m

  [36m@provision @operations @update_periodic_operation[39m
  Scenario: I want to delete the entity
  [32m✔ Given an apikey user by "require-real-apikey"[39m
  [32m✔ Given the entity of type "devices builder" with "update_periodic_organization"[39m
  [32m✔ And I get allowed Datastreams fields[39m
  [32m✔ And I can found "provision.device.identifier" as datastream name[39m
  [32m✔ When I try to define the entity with...[39m
      | [32mdatastream                 [39m | [32mtypeFunction[39m | [32mvalue                 [39m | [32mparent[39m |
      | [32mprovision.device.identifier[39m | [32msimple      [39m | [32mupdate_periodic_device[39m | [32m      [39m |
  [32m✔ And I delete it[39m
RESPONSE_: {"statusCode":200}
  [32m✔ Then response code should be: 200[39m

  [36m@provision @operations @update_periodic_operation[39m
  Scenario: Deleting an organization
  [32m✔ Given an apikey user by "require-real-apikey"[39m
  [32m✔ Given an ogapi "organizations builder" util[39m
  [32m✔ Then I want to delete an "organization"[39m
name
delete
organization
withName
  [32m✔ And the "name" "update_periodic_organization"[39m
  [32m✔ Then I delete it[39m
RESPONSE_: {"statusCode":200}
  [32m✔ And response code should be: 200[39m

[36m@provision @create_provision @organizations[39m
Feature: Create an organization

  As a user of JsApi
  I want to create or delete an organization

  [36m@provision @create_provision @organizations[39m
  Scenario: Creating an organization without mandatory fields
  [32m✔ Given an apikey user by "require-real-apikey"[39m
  [32m✔ Given an ogapi "organizations builder" util[39m
  [32m✔ Given I want to create a "organization"[39m
  [32m✔ Then I create it[39m
  [32m✔ And throws an error equal to "Parameters name, country code and lang code must be defined"[39m

  [36m@provision @create_provision @organizations[39m
  Scenario: Creating an organization with an invalid field
  [32m✔ Given an apikey user by "require-real-apikey"[39m
  [32m✔ Given an ogapi "organizations builder" util[39m
  [32m✔ Given I want to create a "organization"[39m
lang code
create
organization
withLangCode
Error: OGAPI_STRING_PARAMETER
    at Organizations.withLangCode (/home/kathe/git/opengate-js/dist/src/organizations/Organizations.js:106:78)
    at World.<anonymous> (/home/kathe/git/opengate-js/features/step_definitions/given_step_definitions_using_model.js:239:30)
    at _combinedTickCallback (internal/process/next_tick.js:73:7)
    at process._tickCallback (internal/process/next_tick.js:104:9)
  [32m✔ And the "lang code" ""[39m
  [32m✔ Then throws an error equal to "OGAPI_STRING_PARAMETER"[39m

  [36m@provision @create_provision @organizations[39m
  Scenario: Creating an organization with invalid zoom
  [32m✔ Given an apikey user by "require-real-apikey"[39m
  [32m✔ Given an ogapi "organizations builder" util[39m
  [32m✔ Given I want to create a "organization"[39m
  [32m✔ And the "zoom" 21[39m
  [32m✔ And throws an error equal to "Parameter zoom must be a number between 0 and 19"[39m

  [36m@provision @create_provision @organizations[39m
  Scenario: Creating an organization that NOT exists with all params
  [32m✔ Given an apikey user by "require-real-apikey"[39m
  [32m✔ Given an ogapi "organizations builder" util[39m
  [32m✔ Given I want to create a "organization"[39m
name
create
organization
withName
  [32m✔ And the "name" "JsApiFullOrganization"[39m
description
create
organization
withDescription
  [32m✔ And the "description" "JsApi tests organization"[39m
country code
create
organization
withCountryCode
  [32m✔ And the "country code" "ES"[39m
lang code
create
organization
withLangCode
  [32m✔ And the "lang code" "es"[39m
time zone
create
organization
withTimeZone
  [32m✔ And the "time zone" "Europe/Andorra"[39m
  [32m✔ And the "zoom" 10[39m
plan
create
organization
withPlan
  [32m✔ And the "plan" "BASIC"[39m
  [32m✔ And the "only assigned domain certificates" false[39m
  [32m✔ And the "location" with 1 and 1[39m
domain
create
organization
withDomain
  [32m✔ And the "domain" "base_organization"[39m
  [32m✔ Then I delete it[39m
  [32m✔ Then I create it[39m
RESPONSE_: {"statusCode":500,"data":{}}
  [31m✖ And response code should be: 201[39m
  [36m- Then I delete it[39m
  [36m- And response code should be: 200[39m

  [36m@provision @create_provision @organizations[39m
  Scenario: Creating an organization with parent domain before create
  [32m✔ Given an apikey user by "require-real-apikey"[39m
  [32m✔ Given an ogapi "organizations builder" util[39m
  [32m✔ Given I want to create a "organization"[39m
  [32m✔ And an ogapi "domains builder" util[39m
  [32m✔ Given I want to create a "domain"[39m
name
create
domain
withName
  [32m✔ And the "name" "domain_test_ogapi"[39m
description
create
domain
withDescription
  [32m✔ And the "description" "Domian created for testing ogapi"[39m
parentDomain
create
domain
withParentDomain
  [32m✔ And the "parentDomain" "base_organization"[39m
  [32m✔ And I create it[39m
RESPONSE_: {"location":"https://172.19.18.132:8444/v80/provision/domains/domain_test_ogapi","statusCode":201}
  [32m✔ Then response code should be: 201[39m
  [32m✔ And an ogapi "organizations builder" util[39m
  [32m✔ Given I want to create a "organization"[39m
name
create
organization
withName
  [32m✔ And the "name" "JsApiFullOrganization"[39m
domain
create
organization
withDomain
  [32m✔ And the "domain" "domain_test_ogapi"[39m
country code
create
organization
withCountryCode
  [32m✔ And the "country code" "ES"[39m
lang code
create
organization
withLangCode
  [32m✔ And the "lang code" "es"[39m
  [32m✔ And I delete it[39m
  [32m✔ And I create it[39m
RESPONSE_: {"statusCode":500,"data":{}}
  [31m✖ Then response code should be: 201[39m
  [36m- And I delete it[39m
  [36m- Then response code should be: 200[39m
  [36m- And an ogapi "domains builder" util[39m
  [36m- Given I want to delete a "domain"[39m
  [36m- And the "name" "domain_test_ogapi"[39m
  [36m- And I delete it[39m
  [36m- Then response code should be: 200[39m

  [36m@provision @create_provision @organizations[39m
  Scenario: Creating an organization that NOT exists with mandatory params
  [32m✔ Given an apikey user by "require-real-apikey"[39m
  [32m✔ Given an ogapi "organizations builder" util[39m
  [32m✔ Given I want to create a "organization"[39m
name
create
organization
withName
  [32m✔ And the "name" "JsApiPartialOrganization"[39m
country code
create
organization
withCountryCode
  [32m✔ And the "country code" "ES"[39m
lang code
create
organization
withLangCode
  [32m✔ And the "lang code" "es"[39m
  [32m✔ And I delete it[39m
  [32m✔ And I create it[39m
RESPONSE_: {"location":"https://172.19.18.132:8444/v80/provision/organizations/JsApiPartialOrganization","statusCode":201}
  [32m✔ Then response code should be: 201[39m

  [36m@provision @create_provision @organizations[39m
  Scenario: Updating an organization with domain
  [32m✔ Given an apikey user by "require-real-apikey"[39m
  [32m✔ Given an ogapi "organizations builder" util[39m
  [32m✔ Given I want to create a "organization"[39m
name
create
organization
withName
  [32m✔ And the "name" "JsApiPartialOrganization"[39m
country code
create
organization
withCountryCode
  [32m✔ And the "country code" "ES"[39m
lang code
create
organization
withLangCode
  [32m✔ And the "lang code" "es"[39m
  [32m✔ And I delete it[39m
  [32m✔ And I create it[39m
RESPONSE_: {"location":"https://172.19.18.132:8444/v80/provision/organizations/JsApiPartialOrganization","statusCode":201}
  [32m✔ Then response code should be: 201[39m
domain
create
organization
withDomain
  [32m✔ And the "domain" "base_organization"[39m
  [32m✔ And I update it[39m
  [32m✔ Then throws an error equal to "The domain parameter is not allowed in the update"[39m
  [32m✔ And I delete it[39m
RESPONSE_: {"statusCode":200}
  [32m✔ Then response code should be: 200[39m

[36m@provision @delete_provision @organizations[39m
Feature: Delete an organization

  As a user of JsApi
  I want to delete an organization

  [36m@provision @delete_provision @organizations[39m
  Scenario: Try to deleting an organization
  [32m✔ Given an apikey user by "require-real-apikey"[39m
  [32m✔ Given an ogapi "organizations builder" util[39m
  [32m✔ Given I want to delete a "organization"[39m
name
delete
organization
withName
  [32m✔ And the "name" "JsApiFullOrganization"[39m
  [32m✔ Then I delete it[39m

  [36m@provision @delete_provision @organizations[39m
  Scenario: Deleting an organization that exists
  [32m✔ Given an apikey user by "require-real-apikey"[39m
  [32m✔ Given an ogapi "organizations builder" util[39m
  [32m✔ Given I want to create a "organization"[39m
name
create
organization
withName
  [32m✔ And the "name" "JsApiFullOrganization"[39m
description
create
organization
withDescription
  [32m✔ And the "description" "JsApi tests organization"[39m
country code
create
organization
withCountryCode
  [32m✔ And the "country code" "ES"[39m
lang code
create
organization
withLangCode
  [32m✔ And the "lang code" "es"[39m
time zone
create
organization
withTimeZone
  [32m✔ And the "time zone" "Europe/Andorra"[39m
  [32m✔ And the "zoom" 10[39m
  [32m✔ And the "location" with 1 and 1[39m
  [32m✔ Then I create it[39m
RESPONSE_: {"location":"https://172.19.18.132:8444/v80/provision/organizations/JsApiFullOrganization","statusCode":201}
  [32m✔ And response code should be: 201[39m
  [32m✔ And I want to delete a "organization"[39m
name
delete
organization
withName
  [32m✔ And the "name" "JsApiFullOrganization"[39m
  [32m✔ Then I delete it[39m
RESPONSE_: {"statusCode":200}
  [32m✔ Then response code should be: 200[39m

  [36m@provision @delete_provision @organizations[39m
  Scenario: Try to deleting an organization
  [32m✔ Given an apikey user by "require-real-apikey"[39m
  [32m✔ Given an ogapi "organizations builder" util[39m
  [32m✔ Given I want to delete a "organization"[39m
name
delete
organization
withName
  [32m✔ And the "name" "JsApiPartialOrganization"[39m
  [32m✔ Then I delete it[39m

  [36m@provision @delete_provision @organizations[39m
  Scenario: Deleting an organization that exists from previous tests
  [32m✔ Given an apikey user by "require-real-apikey"[39m
  [32m✔ Given an ogapi "organizations builder" util[39m
  [32m✔ Given I want to create a "organization"[39m
name
create
organization
withName
  [32m✔ And the "name" "JsApiPartialOrganization"[39m
country code
create
organization
withCountryCode
  [32m✔ And the "country code" "ES"[39m
lang code
create
organization
withLangCode
  [32m✔ And the "lang code" "es"[39m
  [32m✔ Then I create it[39m
RESPONSE_: {"location":"https://172.19.18.132:8444/v80/provision/organizations/JsApiPartialOrganization","statusCode":201}
  [32m✔ And response code should be: 201[39m
  [32m✔ And I want to delete a "organization"[39m
name
delete
organization
withName
  [32m✔ And the "name" "JsApiPartialOrganization"[39m
  [32m✔ Then I delete it[39m
RESPONSE_: {"statusCode":200}
  [32m✔ Then response code should be: 200[39m

  [36m@provision @delete_provision @organizations[39m
  Scenario: Deleting an organization that not exists
  [32m✔ Given an apikey user by "require-real-apikey"[39m
  [32m✔ Given an ogapi "organizations builder" util[39m
  [32m✔ Given I want to delete a "organization"[39m
name
delete
organization
withName
  [32m✔ And the "name" "JsApi not existing organization"[39m
  [32m✔ Then I delete it[39m
RESPONSE_: {"statusCode":400,"data":{"errors":[{"code":4183,"message":"Data key contains not allowed characters (please check API documentation)"},{"code":4001,"message":"Organization not exists"}]}}
  [32m✔ Then response code should be: 400[39m

[36m@provision @finder @find_provision @organizations[39m
Feature: Find an organization

  As a user of JsApi
  I want to find an organization
  So I can check if a organization exists and get their information

  [36m@provision @finder @find_provision @organizations[39m
  Scenario: Find an organization that exists
  [32m✔ Given an apikey user by "require-real-apikey"[39m
  [32m✔ And an ogapi "organization finder" util[39m
  [32m✔ And I want to read a "organization"[39m
  [32m✔ When I try to find by...[39m
      | [32mfield[39m | [32mcontent          [39m |
      | [32mname [39m | [32mbase_organization[39m |
  [32m✔ Then I can see into the result an "organization name" as "base_organization"[39m

  [36m@provision @finder @find_provision @organizations[39m
  Scenario: Find an organization that not exists
  [32m✔ Given an apikey user by "require-real-apikey"[39m
  [32m✔ And an ogapi "organization finder" util[39m
  [32m✔ And I want to read a "organization"[39m
  [32m✔ When I try to find by...[39m
      | [32mfield[39m | [32mcontent               [39m |
      | [32mname [39m | [32morganization_inventada[39m |
RESPONSE_: {"error":"Organization not found","statusCode":404}
  [32m✔ Then response code should be: 404[39m

  [36m@provision @finder @find_provision @organizations[39m
  Scenario: Find an organizations by domain and workgroup
  [32m✔ Given an apikey user by "require-real-apikey"[39m
  [32m✔ And an ogapi "organization finder" util[39m
  [32m✔ And I want to read a "organization"[39m
  [32m✔ When I try to find by...[39m
      | [32mfield    [39m | [32mcontent          [39m |
      | [32mdomain   [39m | [32mbase_organization[39m |
      | [32mworkgroup[39m | [32mbase_organization[39m |
RESPONSE_: {"data":[{"name":"base_organization"}],"statusCode":200}
  [32m✔ Then response code should be: 200[39m

[36m@provision @clone_ruleConfiguration @delete_ruleConfiguration @rulesConfiguration[39m
Feature: Cloning and deleting a rule configuration

    As a user of JsApi
    I want to clone a rule configuration and then delete

  [36m@provision @clone_ruleConfiguration @delete_ruleConfiguration @rulesConfiguration[39m
  Scenario: try cloning a rule with the same name
  [32m✔ Given an apikey user by "require-real-apikey"[39m
  [32m✔ Given an ogapi "rule configuration actions" util with...[39m
      | [32mparam            [39m |
      | [32mbase_organization[39m |
      | [32mbase_channel     [39m |
      | [32mbatteryEvent     [39m |
  [32m✔ Then I clone it with...[39m
      | [32mparam       [39m |
      | [32mbatteryEvent[39m |
      | [32mtrue        [39m |
      | [32mbatteryEvent[39m |
      | [32mtrue        [39m |
  [32m✔ Then throws an error equal to "Parameter newRuleName must be a string, different than the original, cannot be empty and has a maximum length of 50"[39m

  [36m@provision @clone_ruleConfiguration @delete_ruleConfiguration @rulesConfiguration[39m
  Scenario: try cloning a rule without all required params
  [32m✔ Given an apikey user by "require-real-apikey"[39m
  [32m✔ Given an ogapi "rule configuration actions" util with...[39m
      | [32mparam            [39m |
      | [32mbase_organization[39m |
      | [32mbase_channel     [39m |
      | [32mbatteryEvent     [39m |
  [32m✔ Then I clone it with...[39m
      | [32mparam             [39m |
      | [32mbatteryEvent_tests[39m |
  [32m✔ Then throws an error equal to "Parameters newRuleName and one of newRuleOpenAction, newRuleCloseAction or newRuleNotifications must be defined"[39m

  [36m@provision @clone_ruleConfiguration @delete_ruleConfiguration @rulesConfiguration[39m
  Scenario: cloning a rule
  [32m✔ Given an apikey user by "require-real-apikey"[39m
  [32m✔ Given an ogapi "rule configuration actions" util with...[39m
      | [32mparam            [39m |
      | [32mbase_organization[39m |
      | [32mbase_channel     [39m |
      | [32mbatteryEvent     [39m |
  [32m✔ Then I clone it with...[39m
      | [32mparam             [39m |
      | [32mbatteryEvent_tests[39m |
      | [32mtrue              [39m |
      | [32mbatteryEvent      [39m |
      | [32mtrue              [39m |
RESPONSE_: {"location":"https://172.19.18.132:8444/v80/provision/organizations/base_organization/channels/base_channel/ruleconfigurations/batteryEvent_tests/clone","statusCode":201}
  [32m✔ And response code should be: 201[39m

  [36m@provision @clone_ruleConfiguration @delete_ruleConfiguration @rulesConfiguration[39m
  Scenario: deleting a rule
  [32m✔ Given an apikey user by "require-real-apikey"[39m
  [32m✔ When I want to delete the next rule configuration from organization "base_organization" and channel "base_channel":[39m
      [32m"""
      {
      "name": "batteryEvent_tests",
      "enabled": true,
      "severity": "URGENT",
      "open": true,
      "close": "batteryEvent",
      "groupParent": false,
      "groupRule": "eventReceived",
      "description": "BatteryEvent evento",
      "conditions": [{
      "name": "batteryEvent"
      }],
      "notifications": [{
      "name": "batteryEvent",
      "enabled": false,
      "bearers": [{
      "name": "email",
      "enabled": false
      }, {
      "name": "snmp",
      "enabled": false
      }]
      }]
      }
      """[39m
RESPONSE_: {"statusCode":200}
  [32m✔ And response code should be: 200[39m

[36m@provision @find_provision @rulesConfiguration @find_rules @fail[39m
Feature: Find an rulesConfiguration

  As a user of JsApi
  I want to find an rulesConfiguration
  So I can check if a rulesConfiguration exists and get their information

  [36m@provision @find_provision @rulesConfiguration @find_rules @fail[39m
  Scenario: Find all rule configurations for an organization and channel
  [32m✔ Given an apikey user by "require-real-apikey"[39m
  [32m✔ And an ogapi "rule configurations finder" util[39m
  [32m✔ And I want to read a "rule configuration"[39m
  [32m✔ When I try to find by...[39m
      | [32mfield       [39m | [32mcontent          [39m |
      | [32morganization[39m | [32mbase_organization[39m |
      | [32mchannel     [39m | [32mbase_channel     [39m |
RESPONSE_: {"data":[{"name":"AreaInput","enabled":true,"severity":"URGENT","open":true,"groupParent":false,"description":"Entrance to the indicated area","conditions":[{"name":"AreaInput","parameters":[{"name":"datastream_area_name","value":"DATASTREAMID"},{"name":"area","value":"ZONA"}]}]},{"name":"AreaInputWithExtraParameter","enabled":true,"severity":"URGENT","open":true,"groupParent":false,"description":"Entrance to the indicated area with extra parameter","conditions":[{"name":"AreaInputWithExtraParameter","parameters":[{"name":"datastream_area_name","value":"DATASTREAMID"},{"name":"area","value":"ZONA"},{"name":"datastream_extra_name","value":"DATASTREAMID"},{"name":"datastream_extra_value","value":"DATASTREAMID"}]}]},{"name":"AreaOutput","enabled":true,"severity":"URGENT","open":false,"close":"AreaInput","groupParent":false,"description":"Departure from the indicated area","conditions":[{"name":"AreaOutput","parameters":[{"name":"datastream_area_name","value":"DATASTREAMID"},{"name":"area","value":"ZONA"}]}]},{"name":"AreaOutputWithExtraParameter","enabled":true,"severity":"URGENT","open":false,"close":"AreaInputWithExtraParameter","groupParent":false,"description":"Departure the indicated area with extra parameter","conditions":[{"name":"AreaOutputWithExtraParameter","parameters":[{"name":"datastream_area_name","value":"DATASTREAMID"},{"name":"area","value":"ZONA"},{"name":"datastream_extra_name","value":"DATASTREAMID"},{"name":"datastream_extra_value","value":"DATASTREAMID"}]}]},{"name":"autoprovisionedEntity","enabled":true,"severity":"INFORMATIVE","open":true,"close":"autoprovisionedEntity","groupParent":false,"conditions":[{"name":"autoprovisionedEntity"}]},{"name":"batteryEvent","enabled":true,"severity":"URGENT","open":true,"close":"batteryEvent","groupParent":false,"groupRule":"eventReceived","description":"BatteryEvent evento","conditions":[{"name":"batteryEvent"}],"notifications":[{"name":"batteryEvent","enabled":false,"bearers":[{"name":"snmp","enabled":false},{"name":"email","enabled":false}]}]},{"name":"batteryThreshold","enabled":true,"severity":"URGENT","open":true,"close":"batteryThreshold","groupParent":false,"description":"Batería baja","conditions":[{"name":"batteryThreshold_1","parameters":[{"name":"percentage","value":"15"}]},{"name":"batteryThreshold_2","delay":300000,"parameters":[{"name":"percentage","value":"15"}]}],"notifications":[{"name":"batteryThreshold","enabled":false,"bearers":[{"name":"snmp","enabled":false},{"name":"email","enabled":false}]}]},{"name":"birthEvent","enabled":true,"severity":"URGENT","open":true,"close":"birthEvent","groupParent":false,"groupRule":"eventReceived","description":"BirthEvent evento","conditions":[{"name":"birthEvent"}],"notifications":[{"name":"birthEvent","enabled":false,"bearers":[{"name":"snmp","enabled":false},{"name":"email","enabled":false}]}]},{"name":"checkDistance_1","enabled":true,"severity":"URGENT","open":true,"groupParent":false,"description":"Dispositivo dentro de la zona definida","conditions":[{"name":"checkDistance_1","parameters":[{"name":"latitude","value":"40.47"},{"name":"longitude","value":"-3.66"},{"name":"distance","value":"2000"},{"name":"entityKeys","value":"ALL"}]}]},{"name":"checkDistance_2","enabled":true,"severity":"URGENT","open":false,"close":"checkDistance_1","groupParent":false,"description":"Dispositivo fuera de la zona definida","conditions":[{"name":"checkDistance_2","parameters":[{"name":"entityKeys","value":"ALL"},{"name":"latitude","value":"40.47"},{"name":"longitude","value":"-3.66"},{"name":"distance","value":"2000"}]}]},{"name":"containsPresence","enabled":true,"severity":"INFORMATIVE","open":false,"groupParent":true,"description":"Agrupa reglas de presencia","conditions":[{"name":"containsPresence"}]},{"name":"datastreamCurrentValueThresholdClose","enabled":true,"severity":"URGENT","open":false,"close":"datastreamCurrentValueThresholdOpen","groupParent":false,"description":"Current value of datastream return to normal","conditions":[{"name":"datastreamCurrentValueThresholdClose","parameters":[{"name":"datastream_name","value":"DATASTREAMID"},{"name":"curvalue_operator","value":">"},{"name":"prevalue_operator","value":"<"},{"name":"threshold","value":"THRESHOLD"}]}]},{"name":"datastreamCurrentValueThresholdOpen","enabled":true,"severity":"URGENT","open":true,"groupParent":false,"description":"Current value of datastream has an unusual value","conditions":[{"name":"datastreamCurrentValueThresholdOpen","parameters":[{"name":"datastream_name","value":"DATASTREAMID"},{"name":"curvalue_operator","value":">"},{"name":"prevalue_operator","value":"<"},{"name":"threshold","value":"THRESHOLD"}]}]},{"name":"datastreamValueChanged","enabled":false,"severity":"INFORMATIVE","open":true,"close":"datastreamValueChanged","groupParent":false,"conditions":[{"name":"datastreamValueChanged","parameters":[{"name":"datastream_name","value":"DATASTREAMID"}]}]},{"name":"deviceSubscriberChange","enabled":true,"severity":"INFORMATIVE","open":true,"close":"deviceSubscriberChange","groupParent":false,"description":"Cambio de sim","conditions":[{"name":"deviceSubscriberChange"}],"notifications":[{"name":"deviceSubscriberChange","enabled":false,"bearers":[{"name":"snmp","enabled":false},{"name":"email","enabled":false}]}]},{"name":"deviceSubscriberMismatch","enabled":true,"severity":"URGENT","open":true,"close":"deviceSubscriberMismatch","groupParent":false,"description":"Cambio de cobertura","conditions":[{"name":"deviceSubscriberMismatch_1"}],"notifications":[{"name":"deviceSubscriberMismatch","enabled":false,"bearers":[{"name":"snmp","enabled":false},{"name":"email","enabled":false}]}]},{"name":"diagnosticFailed","enabled":true,"severity":"URGENT","open":true,"close":"diagnosticFailed","groupParent":false,"description":"Diagnóstico finalizado con errores","conditions":[{"name":"diagnosticFailed"}],"notifications":[{"name":"diagnosticFailed","enabled":false,"bearers":[{"name":"snmp","enabled":false},{"name":"email","enabled":false}]}]},{"name":"endLifeTimeEvent","enabled":true,"severity":"CRITICAL","open":true,"close":"endLifeTimeEvent","groupParent":false,"groupRule":"eventReceived","description":"endLifeTimeEvent evento","conditions":[{"name":"endLifeTimeEvent"}],"notifications":[{"name":"endLifeTimeEvent","enabled":false,"bearers":[{"name":"snmp","enabled":false},{"name":"email","enabled":false}]}]},{"name":"eventReceived","enabled":true,"severity":"INFORMATIVE","open":false,"groupParent":true,"description":"Regla agrupacion de eventos","conditions":[{"name":"eventReceived"}]},{"name":"firmwareMismatch","enabled":true,"severity":"INFORMATIVE","open":true,"close":"firmwareMismatch","groupParent":false,"groupRule":"inventoryMismatch","description":"Firmware recolectado no coincide con provisionado","conditions":[{"name":"firmwareMismatch"}],"notifications":[{"name":"firmwareMismatch","enabled":false,"bearers":[{"name":"snmp","enabled":false},{"name":"email","enabled":false}]}]},{"name":"flavourTesting","enabled":false,"severity":"INFORMATIVE","open":true,"close":"flavourTesting","groupParent":false,"conditions":[{"name":"flavourTesting","parameters":[{"name":"datastream_name","value":"DATASTREAMID"},{"name":"operator","value":"="},{"name":"value","value":"value"}]}]},{"name":"genericEventClose","enabled":true,"severity":"INFORMATIVE","open":false,"groupParent":false,"groupRule":"eventReceived","description":"genericEventClose evento","conditions":[{"name":"genericEventClose"}],"notifications":[{"name":"genericEventClose","enabled":false,"bearers":[{"name":"snmp","enabled":false},{"name":"email","enabled":false}]}]},{"name":"genericEventOpen","enabled":true,"severity":"INFORMATIVE","open":true,"close":"genericEventOpen","groupParent":false,"groupRule":"eventReceived","description":"genericEventOpen evento","conditions":[{"name":"genericEventOpen"}],"notifications":[{"name":"genericEventOpen","enabled":false,"bearers":[{"name":"snmp","enabled":false},{"name":"email","enabled":false}]}]},{"name":"gprsConnect","enabled":true,"severity":"INFORMATIVE","open":false,"close":"gprsDisconnect","groupParent":false,"description":"Conexion GPRS","conditions":[{"name":"gprsConnect"}]},{"name":"gprsDisconnect","enabled":true,"severity":"CRITICAL","open":true,"groupParent":false,"description":"Perdida de conexion GPRS","conditions":[{"name":"gprsDisconnect_1"},{"name":"gprsDisconnect_2","delay":10000}]},{"name":"hardwareMismatch","enabled":true,"severity":"INFORMATIVE","open":true,"close":"hardwareMismatch","groupParent":false,"groupRule":"inventoryMismatch","description":"Hardware recolectado no coincide con provisionado","conditions":[{"name":"hardwareMismatch"}],"notifications":[{"name":"hardwareMismatch","enabled":false,"bearers":[{"name":"snmp","enabled":false},{"name":"email","enabled":false}]}]},{"name":"iccMismatch","enabled":true,"severity":"INFORMATIVE","open":true,"close":"iccMismatch","groupParent":false,"groupRule":"inventoryMismatch","description":"ICC recolectado no coincide con provisionado","conditions":[{"name":"iccMismatch"}],"notifications":[{"name":"iccMismatch","enabled":false,"bearers":[{"name":"snmp","enabled":false},{"name":"email","enabled":false}]}]},{"name":"imeiMismatch","enabled":true,"severity":"INFORMATIVE","open":true,"close":"imeiMismatch","groupParent":false,"groupRule":"inventoryMismatch","description":"IMEI recolectado no coincide con provisionado","conditions":[{"name":"imeiMismatch"}],"notifications":[{"name":"imeiMismatch","enabled":false,"bearers":[{"name":"snmp","enabled":false},{"name":"email","enabled":false}]}]},{"name":"imsiMismatch","enabled":true,"severity":"INFORMATIVE","open":true,"close":"imsiMismatch","groupParent":false,"groupRule":"inventoryMismatch","description":"Imsi recolectado no coincide con provisionado","conditions":[{"name":"imsiMismatch"}],"notifications":[{"name":"imsiMismatch","enabled":false,"bearers":[{"name":"snmp","enabled":false},{"name":"email","enabled":false}]}]},{"name":"inventoryMismatch","enabled":true,"severity":"INFORMATIVE","open":false,"groupParent":true,"description":"Regla agrupacion de inventario","conditions":[{"name":"inventoryMismatch"}]},{"name":"ipChange","enabled":true,"severity":"INFORMATIVE","open":true,"close":"ipChange","groupParent":false,"description":"Cambio de ip","conditions":[{"name":"ipChange"}],"notifications":[{"name":"ipChange","enabled":false,"bearers":[{"name":"snmp","enabled":false},{"name":"email","enabled":false}]}]},{"name":"ipMismatch","enabled":true,"severity":"URGENT","open":true,"close":"ipMismatch","groupParent":false,"description":"Ip mal provisionada","conditions":[{"name":"ipMismatch"}],"notifications":[{"name":"ipMismatch","enabled":false,"bearers":[{"name":"snmp","enabled":false},{"name":"email","enabled":false}]}]},{"name":"ipReachable","enabled":true,"severity":"INFORMATIVE","open":false,"close":"ipUnreachable","groupParent":false,"groupRule":"containsPresence","description":"Conexion IP","conditions":[{"name":"ipReachable"}]},{"name":"ipUnreachable","enabled":true,"severity":"CRITICAL","open":true,"groupParent":false,"groupRule":"containsPresence","description":"Perdida de conexion IP","conditions":[{"name":"ipUnreachable"}],"notifications":[{"name":"ipUnreachable","enabled":false,"bearers":[{"name":"snmp","enabled":false},{"name":"email","enabled":false}]}]},{"name":"macMismatch","enabled":true,"severity":"INFORMATIVE","open":true,"close":"macMismatch","groupParent":false,"groupRule":"inventoryMismatch","description":"Mac address recolectada no coincide con provisionada","conditions":[{"name":"macMismatch"}],"notifications":[{"name":"macMismatch","enabled":false,"bearers":[{"name":"snmp","enabled":false},{"name":"email","enabled":false}]}]},{"name":"magneticTamperEvent","enabled":true,"severity":"CRITICAL","open":true,"close":"magneticTamperEvent","groupParent":false,"groupRule":"eventReceived","description":"MagneticTamperEvent evento","conditions":[{"name":"magneticTamperEvent"}]},{"name":"messageFlowRateExceeded","enabled":true,"severity":"URGENT","open":true,"close":"messageFlowRateExceeded","groupParent":false,"groupRule":"eventReceived","description":"Messages limit to consume has been reached","conditions":[{"name":"messageFlowRateExceeded"}]},{"name":"mobileCoverageLow","enabled":false,"severity":"INFORMATIVE","open":true,"close":"mobileCoverageLow","groupParent":false,"description":"Cobertura más baja que un umbral","conditions":[{"name":"mobileCoverageLow_1","parameters":[{"name":"threshold","value":"-100"}]},{"name":"mobileCoverageLow_2","delay":99999000,"parameters":[{"name":"threshold","value":"-500"}]}],"notifications":[{"name":"mobileCoverageLow","enabled":false,"bearers":[{"name":"snmp","enabled":true,"recipients":["172.19.17.240;162"]},{"name":"email","enabled":false}]}]},{"name":"msisdnMismatch","enabled":true,"severity":"INFORMATIVE","open":true,"close":"msisdnMismatch","groupParent":false,"groupRule":"inventoryMismatch","description":"MSISDN recolectado no coincide con provisionado","conditions":[{"name":"msisdnMismatch"}],"notifications":[{"name":"msisdnMismatch","enabled":false,"bearers":[{"name":"snmp","enabled":false},{"name":"email","enabled":false}]}]},{"name":"operationFinish","enabled":true,"severity":"INFORMATIVE","open":false,"groupParent":false,"description":"Notificacion solicitada con una operacion","conditions":[{"name":"operationFinish"}],"notifications":[{"name":"operationFinish","enabled":false,"bearers":[{"name":"snmp","enabled":false},{"name":"email","enabled":false}]}]},{"name":"operatorMismatch","enabled":true,"severity":"URGENT","open":true,"close":"operatorMismatch","groupParent":false,"description":"Operadora mal provisionada","conditions":[{"name":"operatorMismatch"}],"notifications":[{"name":"operatorMismatch","enabled":false,"bearers":[{"name":"snmp","enabled":false},{"name":"email","enabled":false}]}]},{"name":"receiveBanned","enabled":true,"severity":"INFORMATIVE","open":true,"close":"receiveBanned","groupParent":false,"description":"Recibido mensage de una entidad con AdministrativeState en estado Banned","conditions":[{"name":"receiveBanned"}],"notifications":[{"name":"receiveBanned","enabled":false,"bearers":[{"name":"snmp","enabled":false},{"name":"email","enabled":false}]}]},{"name":"scoringPerformanceChanged","enabled":false,"severity":"INFORMATIVE","open":true,"close":"scoringPerformanceChanged","groupParent":false,"conditions":[{"name":"scoringPerformanceChanged","parameters":[{"name":"datastream_name","value":"DATASTREAMID"}]}]},{"name":"scoringPerformanceThreshold","enabled":false,"severity":"INFORMATIVE","open":true,"close":"scoringPerformanceThreshold","groupParent":false,"conditions":[{"name":"scoringPerformanceThreshold","parameters":[{"name":"datastream_name","value":"DATASTREAMID"},{"name":"operator","value":"="},{"name":"threshold","value":"90"}]}]},{"name":"securityConfigMismatch","enabled":true,"severity":"URGENT","open":true,"close":"securityConfigMismatch","groupParent":false,"groupRule":"eventReceived","description":"Security error validate, device validation failed","conditions":[{"name":"securityConfigMismatch"}]},{"name":"serialNumberMismatch","enabled":true,"severity":"INFORMATIVE","open":true,"close":"serialNumberMismatch","groupParent":false,"groupRule":"inventoryMismatch","description":"Serial number recolectado no coincide con provisionado","conditions":[{"name":"serialNumberMismatch"}],"notifications":[{"name":"serialNumberMismatch","enabled":false,"bearers":[{"name":"snmp","enabled":false},{"name":"email","enabled":false}]}]},{"name":"softwareMismatch","enabled":true,"severity":"INFORMATIVE","open":true,"close":"softwareMismatch","groupParent":false,"groupRule":"inventoryMismatch","description":"Software recolectado no coincide con provisionado","conditions":[{"name":"softwareMismatch"}],"notifications":[{"name":"softwareMismatch","enabled":false,"bearers":[{"name":"snmp","enabled":false},{"name":"email","enabled":false}]}]},{"name":"specificTypeMismatch","enabled":true,"severity":"INFORMATIVE","open":true,"close":"specificTypeMismatch","groupParent":false,"groupRule":"inventoryMismatch","description":"Specific type recolectado no coincide con provisionado","conditions":[{"name":"specificTypeMismatch"}],"notifications":[{"name":"specificTypeMismatch","enabled":false,"bearers":[{"name":"snmp","enabled":false},{"name":"email","enabled":false}]}]},{"name":"statusEvent","enabled":true,"severity":"INFORMATIVE","open":true,"close":"statusEvent","groupParent":false,"groupRule":"eventReceived","description":"Evento de cambio de estado operacional","conditions":[{"name":"statusEvent"}],"notifications":[{"name":"statusEvent","enabled":false,"bearers":[{"name":"snmp","enabled":false},{"name":"email","enabled":false}]}]},{"name":"tamperingEvent","enabled":true,"severity":"CRITICAL","open":true,"close":"tamperingEvent","groupParent":false,"groupRule":"eventReceived","description":"TamperingEvent evento","conditions":[{"name":"tamperingEvent"}],"notifications":[{"name":"tamperingEvent","enabled":false,"bearers":[{"name":"snmp","enabled":false},{"name":"email","enabled":false}]}]},{"name":"temperatureEvent","enabled":true,"severity":"CRITICAL","open":true,"close":"temperatureEvent","groupParent":false,"groupRule":"eventReceived","description":"Evento de temperatura demasiado alta","conditions":[{"name":"temperatureEvent"}],"notifications":[{"name":"temperatureEvent","enabled":false,"bearers":[{"name":"snmp","enabled":false},{"name":"email","enabled":false}]}]},{"name":"temperatureThreshold","enabled":true,"severity":"URGENT","open":true,"close":"temperatureThreshold","groupParent":false,"description":"Temperatura por encima del umbral","conditions":[{"name":"temperatureThreshold_1","parameters":[{"name":"threshold","value":"90"}]},{"name":"temperatureThreshold_2","delay":300000,"parameters":[{"name":"threshold","value":"90"}]}],"notifications":[{"name":"temperatureThreshold","enabled":false,"bearers":[{"name":"snmp","enabled":false},{"name":"email","enabled":false}]}]},{"name":"trustedBootMismatch","enabled":true,"severity":"CRITICAL","open":true,"close":"trustedBootMismatch","groupParent":false,"description":"TrustedBoot recolectado no coincide con el provisionado","conditions":[{"name":"trustedBootMismatch"}],"notifications":[{"name":"trustedBootMismatch","enabled":false,"bearers":[{"name":"snmp","enabled":false},{"name":"email","enabled":false}]}]},{"name":"trustedBootNotFound","enabled":true,"severity":"URGENT","open":true,"close":"trustedBootNotFound","groupParent":false,"groupRule":"eventReceived","description":"Security error validate, trustedBoot error","conditions":[{"name":"trustedBootNotFound"}]}],"statusCode":200,"syncCache":{"effectiveDate":"2018-03-12T11:18:30Z"}}
  [32m✔ Then response code should be: 200[39m

  [36m@provision @find_provision @rulesConfiguration @find_rules @fail[39m
  Scenario: Find all rule configurations for an organization and channel that not exists
  [32m✔ Given an apikey user by "require-real-apikey"[39m
  [32m✔ And an ogapi "rule configurations finder" util[39m
  [32m✔ And I want to read a "rule configuration"[39m
  [32m✔ When I try to find by...[39m
      | [32mfield       [39m | [32mcontent                    [39m |
      | [32morganization[39m | [32mbase_organization_not_exist[39m |
      | [32mchannel     [39m | [32mbase_channel_not_exist     [39m |
RESPONSE_: {"statusCode":404,"data":{"errors":[{"code":4122,"message":"Organization not found to modify rules","context":[]}]}}
  [32m✔ Then response code should be: 404[39m

  [36m@provision @find_provision @rulesConfiguration @find_rules @fail[39m
  Scenario: Find an rule configuration that exists
  [32m✔ Given an apikey user by "require-real-apikey"[39m
  [32m✔ And an ogapi "rule configurations finder" util[39m
  [32m✔ And I want to read a "rule configuration"[39m
  [32m✔ When I try to find by...[39m
      | [32mfield       [39m | [32mcontent          [39m |
      | [32morganization[39m | [32mbase_organization[39m |
      | [32mchannel     [39m | [32mbase_channel     [39m |
      | [32mname        [39m | [32mmobileCoverageLow[39m |
RESPONSE_: {"data":[{"name":"mobileCoverageLow","enabled":false,"severity":"INFORMATIVE","open":true,"close":"mobileCoverageLow","groupParent":false,"description":"Cobertura más baja que un umbral","conditions":[{"name":"mobileCoverageLow_1","parameters":[{"name":"threshold","value":"-100"}]},{"name":"mobileCoverageLow_2","delay":99999000,"parameters":[{"name":"threshold","value":"-500"}]}],"notifications":[{"name":"mobileCoverageLow","enabled":false,"bearers":[{"name":"snmp","enabled":true,"recipients":["172.19.17.240;162"]},{"name":"email","enabled":false}]}]}],"statusCode":200,"syncCache":{"effectiveDate":"2018-03-12T11:18:30Z"}}
  [32m✔ Then response code should be: 200[39m

  [36m@provision @find_provision @rulesConfiguration @find_rules @fail[39m
  Scenario: Find only enabled rules configuration
  [32m✔ Given an apikey user by "require-real-apikey"[39m
  [32m✔ And an ogapi "rule configurations finder" util[39m
  [32m✔ And I want to read a "rule configuration"[39m
  [32m✔ When I try to find by...[39m
      | [32mfield       [39m | [32mcontent          [39m |
      | [32morganization[39m | [32mbase_organization[39m |
      | [32mchannel     [39m | [32mbase_channel     [39m |
      | [32menabled     [39m | [32mtrue             [39m |
RESPONSE_: {"data":"Rule configurations not found","statusCode":404}
  [31m✖ Then response code should be: 200[39m

  [36m@provision @find_provision @rulesConfiguration @find_rules @fail[39m
  Scenario: Find an rulesConfiguration that not exists
  [32m✔ Given an apikey user by "require-real-apikey"[39m
  [32m✔ And an ogapi "rule configurations finder" util[39m
  [32m✔ And I want to read a "rule configuration"[39m
  [32m✔ When I try to find by...[39m
      | [32mfield       [39m | [32mcontent                     [39m |
      | [32morganization[39m | [32mbase_organization           [39m |
      | [32mchannel     [39m | [32mbase_channel                [39m |
      | [32mname        [39m | [32mrulesConfiguration_inventada[39m |
RESPONSE_: {"data":"Rule configurations not found","statusCode":404}
  [32m✔ Then response code should be: 404[39m

[36m@provision @update_ruleConfiguration @rulesConfiguration[39m
Feature: Managing a rule configuration

    As a user of JsApi
    I want to update a rule configuration
    So I can update a rule configuration

  [36m@provision @update_ruleConfiguration @rulesConfiguration[39m
  Scenario: updating a rule
  [32m✔ Given an apikey user by "require-real-apikey"[39m
  [32m✔ And I want to update a "rule configuration"[39m
  [32m✔ When I want to manage the next rule configuration from organization "base_organization" and channel "base_channel":[39m
      [32m"""
      {
          "name": "mobileCoverageLow",
          "enabled": true,
          "severity": "INFORMATIVE",
          "description": "Cobertura más baja que un umbral",
          "conditions": [
              {
                  "name": "mobileCoverageLow_1",
                  "parameters": [
                      {
                          "name": "threshold",
                          "value": "-93"
                      }
                  ]
              },
              {
                  "name": "mobileCoverageLow_2",
                  "delay": 300000,
                  "parameters": [
                      {
                          "name": "threshold",
                          "value": "-93"
                      }
                  ]
              }
          ],
          "notifications": [
              {
                  "name": "mobileCoverageLow",
                  "enabled": true,
                  "bearers": [
                      {
                          "name": "snmp",
                          "enabled": true,
                          "recipients": [
                              "172.19.17.80;162"
                          ]
                      }
                  ]
              }
          ]
      }
      """[39m
RESPONSE_: {"statusCode":200}
  [32m✔ And response code should be: 200[39m

[36m@provision @create_provision @users @create_delete_user[39m
Feature: Delete and Create an user

  As a user of JsApi
  I want to create an user
  So, I can create a new user with the parametres that I have been defined

  [36m@provision @create_provision @users @create_delete_user[39m
  Scenario: Create and delete an user that does not exist
  [32m✔ Given an apikey user by "require-real-apikey"[39m
  [32m✔ And an ogapi "users builder" util[39m
  [32m✔ And I want to create a "user"[39m
email
create
user
withEmail
  [32m✔ And the "email" "ogux_ogapi@amplia.com"[39m
password
create
user
withPassword
  [32m✔ And the "password" "nvoiqewvouoiu32j@#!!"[39m
workgroup
create
user
withWorkgroup
  [32m✔ And the "workgroup" "base_organization"[39m
domain
create
user
withDomain
  [32m✔ And the "domain" "base_organization"[39m
profile
create
user
withProfile
  [32m✔ And the "profile" "admin"[39m
countryCode
create
user
withCountryCode
  [32m✔ And the "countryCode" "ES"[39m
langCode
create
user
withLangCode
  [32m✔ And the "langCode" "en"[39m
name
create
user
withName
  [32m✔ And the "name" "test name"[39m
surname
create
user
withSurname
  [32m✔ And the "surname" "test surname"[39m
description
create
user
withDescription
  [32m✔ And the "description" "user description"[39m
  [32m✔ Then I delete it[39m
  [32m✔ And I create it[39m
RESPONSE_: {"location":"https://172.19.18.132:8444/v80/provision/users/ogux_ogapi@amplia.com","statusCode":201}
  [32m✔ Then response code should be: 201[39m
  [32m✔ And I delete it[39m
RESPONSE_: {"statusCode":200}
  [32m✔ Then response code should be: 200[39m

  [36m@provision @create_provision @users @create_delete_user[39m
  Scenario: Create an user that already exists
  [32m✔ Given an apikey user by "require-real-apikey"[39m
  [32m✔ And an ogapi "users builder" util[39m
  [32m✔ And I want to create a "user"[39m
email
create
user
withEmail
  [32m✔ And the "email" "ogux_ogapi@amplia.com"[39m
password
create
user
withPassword
  [32m✔ And the "password" "nvoiqewvouoiu32j@#!!"[39m
workgroup
create
user
withWorkgroup
  [32m✔ And the "workgroup" "base_organization"[39m
domain
create
user
withDomain
  [32m✔ And the "domain" "base_organization"[39m
profile
create
user
withProfile
  [32m✔ And the "profile" "admin"[39m
countryCode
create
user
withCountryCode
  [32m✔ And the "countryCode" "ES"[39m
langCode
create
user
withLangCode
  [32m✔ And the "langCode" "en"[39m
name
create
user
withName
  [32m✔ And the "name" "test name"[39m
surname
create
user
withSurname
  [32m✔ And the "surname" "test surname"[39m
description
create
user
withDescription
  [32m✔ And the "description" "user description"[39m
  [32m✔ Then I delete it[39m
  [32m✔ And I create it[39m
RESPONSE_: {"location":"https://172.19.18.132:8444/v80/provision/users/ogux_ogapi@amplia.com","statusCode":201}
  [32m✔ Then response code should be: 201[39m
  [32m✔ Then I create it[39m
RESPONSE_: {"statusCode":400,"data":{"errors":[{"code":4027,"message":"Email already in use"}]}}
  [32m✔ And response code should be: 400[39m
  [32m✔ Then I delete it[39m
RESPONSE_: {"statusCode":200}
  [32m✔ And response code should be: 200[39m

[36m@provision @finder @find_provision @users @find_user[39m
Feature: Find an user

  As a user of JsApi
  I want to find an user
  So I can check if a user exists and get their information

  [36m@provision @finder @find_provision @users @find_user[39m
  Scenario: Find an user that exists
  [32m✔ Given an apikey user by "require-real-apikey"[39m
  [32m✔ And an ogapi "user finder" util[39m
  [32m✔ Given I want to read a "user"[39m
  [32m✔ When I try to find by...[39m
      | [32mfield[39m | [32mcontent               [39m |
      | [32memail[39m | [32madmin.domain@amplia.es[39m |
  [32m✔ Then I can see into the result an "user email" as "admin.domain@amplia.es"[39m

  [36m@provision @finder @find_provision @users @find_user[39m
  Scenario: Find an user that not exists
  [32m✔ Given an apikey user by "require-real-apikey"[39m
  [32m✔ And an ogapi "user finder" util[39m
  [32m✔ Given I want to read a "user"[39m
  [32m✔ When I try to find by...[39m
      | [32mfield[39m | [32mcontent           [39m |
      | [32memail[39m | [32muser@inventado.com[39m |
RESPONSE_: {"error":"User not found","statusCode":404}
  [32m✔ Then response code should be: 404[39m

[36m@provision @update_provision @users @update_user[39m
Feature: Delete and Create an user

  As a user of JsApi
  I want to create an user
  So, I can create a new user with the parametres that I have been defined

  [36m@provision @update_provision @users @update_user[39m
  Scenario: Create and delete an user that does not exist
  [32m✔ Given an apikey user by "require-real-apikey"[39m
  [32m✔ And an ogapi "users builder" util[39m
  [32m✔ Then I want to create a "user"[39m
email
create
user
withEmail
  [32m✔ And the "email" "ogux_ogapi@amplia.com"[39m
workgroup
create
user
withWorkgroup
  [32m✔ And the "workgroup" "base_organization"[39m
domain
create
user
withDomain
  [32m✔ And the "domain" "base_organization"[39m
password
create
user
withPassword
  [32m✔ And the "password" "nvoiqewvouoiu32j@#!!"[39m
profile
create
user
withProfile
  [32m✔ And the "profile" "admin"[39m
countryCode
create
user
withCountryCode
  [32m✔ And the "countryCode" "ES"[39m
langCode
create
user
withLangCode
  [32m✔ And the "langCode" "en"[39m
name
create
user
withName
  [32m✔ And the "name" "test name"[39m
surname
create
user
withSurname
  [32m✔ And the "surname" "test surname"[39m
description
create
user
withDescription
  [32m✔ And the "description" "user description"[39m
  [32m✔ Then I delete it[39m
  [32m✔ And I create it[39m
RESPONSE_: {"location":"https://172.19.18.132:8444/v80/provision/users/ogux_ogapi@amplia.com","statusCode":201}
  [32m✔ Then response code should be: 201[39m

  [36m@provision @update_provision @users @update_user[39m
  Scenario: Update an user that already exists
  [32m✔ Given an apikey user by "require-real-apikey"[39m
  [32m✔ And an ogapi "users builder" util[39m
  [32m✔ Then I want to update a "user"[39m
email
update
user
withEmail
  [32m✔ And the "email" "ogux_ogapi@amplia.com"[39m
workgroup
update
user
withWorkgroup
  [32m✔ And the "workgroup" "base_organization"[39m
domain
update
user
withDomain
  [32m✔ And the "domain" "base_organization"[39m
countryCode
update
user
withCountryCode
  [32m✔ And the "countryCode" "ES"[39m
langCode
update
user
withLangCode
  [32m✔ And the "langCode" "en"[39m
name
update
user
withName
  [32m✔ And the "name" "test name updated"[39m
surname
update
user
withSurname
  [32m✔ And the "surname" "surname updated"[39m
description
update
user
withDescription
  [32m✔ And the "description" "user description updated"[39m
  [32m✔ Then I update it[39m
RESPONSE_: {"statusCode":200}
  [32m✔ And response code should be: 200[39m

  [36m@provision @update_provision @users @update_user[39m
  Scenario: Update an user passwords that already exists
  [32m✔ Given an apikey user by "require-real-apikey"[39m
  [32m✔ And an ogapi "users builder" util[39m
  [32m✔ Then I want to update a "user"[39m
email
update
user
withEmail
  [32m✔ And the "email" "ogux_ogapi@amplia.com"[39m
password
update
user
withPassword
  [32m✔ And the "password" "nvoiqewvouoiu32j@#!!"[39m
  [32m✔ Then I update password with "nvoiqewvouoiu32j"[39m
RESPONSE_: {"statusCode":200}
  [32m✔ And response code should be: 200[39m

  [36m@provision @update_provision @users @update_user[39m
  Scenario: Delete an user that already exists
  [32m✔ Given an apikey user by "require-real-apikey"[39m
  [32m✔ And an ogapi "users builder" util[39m
  [32m✔ Then I want to delete a "user"[39m
email
delete
user
withEmail
  [32m✔ And the "email" "ogux_ogapi@amplia.com"[39m
  [32m✔ Then I delete it[39m
RESPONSE_: {"statusCode":200}
  [32m✔ And response code should be: 200[39m

[36m@provision @create_provision @workgroup[39m
Feature: Delete and Create a workgroup

    As a user of JsApi
    I want to create a workgroup
    So, I can create a new user with the parametres that I have been defined

  [36m@provision @create_provision @workgroup[39m
  Scenario: Create a domain
  [32m✔ Given an apikey user by "require-real-apikey"[39m
  [32m✔ Given an ogapi "domains builder" util[39m
  [32m✔ Then I want to create an "domain"[39m
name
create
domain
withName
  [32m✔ And the "name" "domainWorkgroup_test_ogapi"[39m
description
create
domain
withDescription
  [32m✔ And the "description" "Domain created for testing ogapi workgroups"[39m
parentDomain
create
domain
withParentDomain
  [32m✔ And the "parentDomain" "base_organization"[39m
  [32m✔ Then I delete it[39m
  [32m✔ And I create it[39m
RESPONSE_: {"location":"https://172.19.18.132:8444/v80/provision/domains/domainWorkgroup_test_ogapi","statusCode":201}
  [32m✔ And response code should be: 201[39m

  [36m@provision @create_provision @workgroup @OUW-526[39m
  Scenario: Create and delete a workgroup that does not exist
  [32m✔ Given an apikey user by "require-real-apikey"[39m
  [32m✔ And an ogapi "workgroups builder" util[39m
  [32m✔ And I want to create a "workgroup"[39m
domain name
create
workgroup
withDomainName
  [32m✔ And the "domain name" "domainWorkgroup_test_ogapi"[39m
name
create
workgroup
withName
  [32m✔ And the "name" "workgroupUxTestName"[39m
description
create
workgroup
withDescription
  [32m✔ And the "description" "workgroup description"[39m
  [32m✔ And the "administrative" true[39m
  [32m✔ Then I create it[39m
RESPONSE_: {"location":"https://172.19.18.132:8444/v80/provision/domains/domainWorkgroup_test_ogapi/workgroups/workgroupUxTestName","statusCode":201}
  [32m✔ And response code should be: 201[39m
  [32m✔ And I delete it[39m
RESPONSE_: {"statusCode":200}
  [32m✔ Then response code should be: 200[39m

  [36m@provision @create_provision @workgroup @OUW-526[39m
  Scenario: Create a workgroup that already exists
  [32m✔ Given an apikey user by "require-real-apikey"[39m
  [32m✔ And an ogapi "workgroups builder" util[39m
  [32m✔ And I want to create a "workgroup"[39m
domain name
create
workgroup
withDomainName
  [32m✔ And the "domain name" "domainWorkgroup_test_ogapi"[39m
name
create
workgroup
withName
  [32m✔ And the "name" "workgroupUxTestName"[39m
description
create
workgroup
withDescription
  [32m✔ And the "description" "workgroup description"[39m
  [32m✔ Then I create it[39m
RESPONSE_: {"location":"https://172.19.18.132:8444/v80/provision/domains/domainWorkgroup_test_ogapi/workgroups/workgroupUxTestName","statusCode":201}
  [32m✔ Then response code should be: 201[39m
  [32m✔ Then I create it[39m
RESPONSE_: {"statusCode":400,"data":{"errors":[{"code":4007,"message":"Duplicated name"}]}}
  [32m✔ And response code should be: 400[39m

  [36m@provision @create_provision @workgroup @OUW-526[39m
  Scenario: Update a workgroup that already exists
  [32m✔ Given an apikey user by "require-real-apikey"[39m
  [32m✔ And an ogapi "workgroups builder" util[39m
  [32m✔ And I want to update a "workgroup"[39m
domain name
update
workgroup
withDomainName
  [32m✔ And the "domain name" "domainWorkgroup_test_ogapi"[39m
name
update
workgroup
withName
  [32m✔ And the "name" "workgroupUxTestName"[39m
description
update
workgroup
withDescription
  [32m✔ And the "description" "workgroup description new"[39m
  [32m✔ Then I update it[39m
RESPONSE_: {"statusCode":200}
  [32m✔ And response code should be: 200[39m
  [32m✔ Then I delete it[39m
RESPONSE_: {"statusCode":200}
  [32m✔ And response code should be: 200[39m

  [36m@provision @create_provision @workgroup[39m
  Scenario: Create workgroup with incomplete parameters
  [32m✔ Given an apikey user by "require-real-apikey"[39m
  [32m✔ And an ogapi "workgroups builder" util[39m
  [32m✔ And I want to create a "workgroup"[39m
  [32m✔ Then I create it[39m
  [32m✔ And throws an error equal to "There are required parameters that have not been set. Missing parameters: [name,domainName]"[39m

  [36m@provision @create_provision @workgroup[39m
  Scenario: Deleting a domain
  [32m✔ Given an apikey user by "require-real-apikey"[39m
  [32m✔ Given an ogapi "domains builder" util[39m
  [32m✔ Then I want to create an "domain"[39m
name
create
domain
withName
  [32m✔ And the "name" "domainWorkgroup_test_ogapi"[39m
  [32m✔ Then I delete it[39m
RESPONSE_: {"statusCode":200}
  [32m✔ And response code should be: 200[39m

[36m@provision @create_provision @workgroupRelations @workgroup @create_workgroupRelations[39m
Feature: Delete and Create a workgroupRelations

    As a user of JsApi
    I want to create a workgroupRelations
    So, I can create a new workgroup relation with the parametres that I have been defined

  [36m@provision @create_provision @workgroupRelations @workgroup @create_workgroupRelations[39m
  Scenario: Creating an organization to use in create device
  [32m✔ Given an apikey user by "require-real-apikey"[39m
  [32m✔ Given an ogapi "organizations builder" util[39m
  [32m✔ Then I want to create an "organization"[39m
name
create
organization
withName
  [32m✔ And the "name" "workgroupRelations_organization"[39m
description
create
organization
withDescription
  [32m✔ And the "description" "workgroup Relations organization"[39m
country code
create
organization
withCountryCode
  [32m✔ And the "country code" "ES"[39m
lang code
create
organization
withLangCode
  [32m✔ And the "lang code" "es"[39m
time zone
create
organization
withTimeZone
  [32m✔ And the "time zone" "Europe/Andorra"[39m
  [32m✔ And the "zoom" 10[39m
  [32m✔ And the "location" with 1 and 1[39m
  [32m✔ Then I delete it[39m
  [32m✔ And I create it[39m
RESPONSE_: {"location":"https://172.19.18.132:8444/v80/provision/organizations/workgroupRelations_organization","statusCode":201}
  [32m✔ And response code should be: 201[39m

  [36m@provision @create_provision @workgroupRelations @workgroup @create_workgroupRelations[39m
  Scenario: Create workgroup Relations with incomplete parameters
  [32m✔ Given an apikey user by "require-real-apikey"[39m
  [32m✔ And an ogapi "workgroup relations builder" util[39m
  [32m✔ And I want to create a "workgroup relations"[39m
  [32m✔ Then I create it[39m
  [32m✔ And throws an error equal to "There are required parameters that have not been set. Missing parameters: [workgroup,channels]"[39m

  [36m@provision @create_provision @workgroupRelations @workgroup @create_workgroupRelations[39m
  Scenario: Create and delete a workgroup Relations that does not exist
  [32m✔ Given an apikey user by "require-real-apikey"[39m
  [32m✔ Given an ogapi "workgroups builder" util as "workgroupRelations"[39m
  [32m✔ Then I want to create a "workgroup"[39m
  [32m✔ And the "domain name" "workgroupRelations_organization" on util "workgroupRelations"[39m
  [32m✔ And the "name" "workgroupRelations_organization" on util "workgroupRelations"[39m
  [32m✔ Given an ogapi "channels builder" util as "channel_workgroupRelations"[39m
  [32m✔ Then I want to create a "channel"[39m
  [32m✔ And the "organization" "workgroupRelations_organization" on util "channel_workgroupRelations"[39m
  [32m✔ And the "name" "default_channel" on util "channel_workgroupRelations"[39m
  [32m✔ Given an ogapi "workgroup relations builder" util[39m
  [32m✔ Then I want to create a "workgroup relations"[39m
  [32m✔ Then the util "workgroupRelations" into "workgroup"[39m
  [32m✔ Then the util "channel_workgroupRelations" into "channel"[39m
  [32m✔ Then I create it[39m
RESPONSE_: {"statusCode":201}
  [32m✔ And response code should be: 201[39m
  [32m✔ And I delete it[39m
RESPONSE_: {"statusCode":200}
  [32m✔ Then response code should be: 200[39m

  [36m@provision @create_provision @workgroupRelations @workgroup @create_workgroupRelations[39m
  Scenario: Create twice and delete twice with error in the second delete workgroupRelations
  [32m✔ Given an apikey user by "require-real-apikey"[39m
  [32m✔ Given an ogapi "workgroups builder" util as "workgroupRelations"[39m
  [32m✔ Then I want to create a "workgroup"[39m
  [32m✔ And the "domain name" "workgroupRelations_organization" on util "workgroupRelations"[39m
  [32m✔ And the "name" "workgroupRelations_organization" on util "workgroupRelations"[39m
  [32m✔ Given an ogapi "channels builder" util as "channel_workgroupRelations"[39m
  [32m✔ Then I want to create a "channel"[39m
  [32m✔ And the "organization" "workgroupRelations_organization" on util "channel_workgroupRelations"[39m
  [32m✔ And the "name" "default_channel" on util "channel_workgroupRelations"[39m
  [32m✔ Given an ogapi "workgroup relations builder" util[39m
  [32m✔ Then I want to create a "workgroup relations"[39m
  [32m✔ Then the util "workgroupRelations" into "workgroup"[39m
  [32m✔ Then the util "channel_workgroupRelations" into "channel"[39m
  [32m✔ Then I create it[39m
RESPONSE_: {"statusCode":201}
  [32m✔ And response code should be: 201[39m
  [32m✔ Then I create it[39m
RESPONSE_: {"statusCode":201}
  [32m✔ And response code should be: 201[39m
  [32m✔ And I delete it[39m
RESPONSE_: {"statusCode":200}
  [32m✔ Then response code should be: 200[39m
  [32m✔ And I delete it[39m
RESPONSE_: {"statusCode":400,"data":{"errors":[{"code":4075,"message":"Relation between workgroup and channel not exists"}]}}
  [32m✔ Then response code should be: 400[39m
  [32m✔ Then I create it[39m
RESPONSE_: {"statusCode":201}
  [32m✔ And response code should be: 201[39m

  [36m@provision @create_provision @workgroupRelations @workgroup @create_workgroupRelations[39m
  Scenario: Create workgroupRelations that does not exist
  [32m✔ Given an apikey user by "require-real-apikey"[39m
  [32m✔ Given an ogapi "workgroups builder" util as "workgroupRelations"[39m
  [32m✔ Then I want to create a "workgroup"[39m
  [32m✔ And the "domain name" "workgroupRelations_organization" on util "workgroupRelations"[39m
  [32m✔ And the "name" "workgroupRelations_organization" on util "workgroupRelations"[39m
  [32m✔ Given an ogapi "channels builder" util as "channel_workgroupRelations"[39m
  [32m✔ Then I want to create a "channel"[39m
  [32m✔ And the "organization" "workgroupRelations_organization" on util "channel_workgroupRelations"[39m
  [32m✔ And the "name" "default_channel" on util "channel_workgroupRelations"[39m
  [32m✔ Given an ogapi "workgroup relations builder" util[39m
  [32m✔ Then I want to create a "workgroup relations"[39m
  [32m✔ Then the util "workgroupRelations" into "workgroup"[39m
  [32m✔ Then the util "channel_workgroupRelations" into "channel"[39m
  [32m✔ Then I create it[39m
RESPONSE_: {"statusCode":201}
  [32m✔ And response code should be: 201[39m

  [36m@provision @create_provision @workgroupRelations @workgroup @create_workgroupRelations[39m
  Scenario: Delete the organization
  [32m✔ Given an apikey user by "require-real-apikey"[39m
  [32m✔ Given an ogapi "organizations builder" util[39m
  [32m✔ Then I want to create an "organization"[39m
name
create
organization
withName
  [32m✔ And the "name" "workgroupRelations_organization"[39m
  [32m✔ Then I delete it[39m
RESPONSE_: {"statusCode":200}
  [32m✔ And response code should be: 200[39m

[36m@provision @finder @find_provision @workgroup[39m
Feature: Find an workgroup

  As a user of JsApi
  I want to find an workgroup
  So I can check if a workgroup exists and get their information

  [36m@provision @finder @find_provision @workgroup[39m
  Scenario: Find an workgroup that exists
  [32m✔ Given an apikey user by "require-real-apikey"[39m
  [32m✔ And an ogapi "workgroups finder" util[39m
  [32m✔ Given I want to read a "workgroup"[39m
  [32m✔ When I try to find by...[39m
      | [32mfield [39m | [32mcontent          [39m |
      | [32mdomain[39m | [32mbase_organization[39m |
      | [32mname  [39m | [32mbase_organization[39m |
  [32m✔ Then I can see into the result an "workgroup name" as "base_organization"[39m

  [36m@provision @finder @find_provision @workgroup[39m
  Scenario: Find an workgroup that not exists
  [32m✔ Given an apikey user by "require-real-apikey"[39m
  [32m✔ And an ogapi "workgroups finder" util[39m
  [32m✔ Given I want to read a "workgroup"[39m
  [32m✔ When I try to find by...[39m
      | [32mfield [39m | [32mcontent               [39m |
      | [32mdomain[39m | [32mbase_organization     [39m |
      | [32mname  [39m | [32mnot existing workgroup[39m |
RESPONSE_: {"error":"Workgroup not found","statusCode":404}
  [32m✔ Then response code should be: 404[39m

[36m@provision @finder @find_provision @workgroupRelations @workgroup[39m
Feature: Find an workgroup

  As a user of JsApi
  I want to find an workgroup
  So I can check if a workgroup exists and get their information

  [36m@provision @finder @find_provision @workgroupRelations @workgroup[39m
  Scenario: Find an workgroupRelations that exists
  [32m✔ Given an apikey user by "require-real-apikey"[39m
  [32m✔ And an ogapi "workgroups finder" util[39m
  [32m✔ Given I want to read a "workgroup"[39m
  [32m✔ When I try to find by...[39m
      | [32mfield [39m | [32mcontent          [39m |
      | [32mdomain[39m | [32mbase_organization[39m |
      | [32mname  [39m | [32mbase_organization[39m |
  [32m✔ Then I can see into the result an "workgroup name" as "base_organization"[39m

  [36m@provision @finder @find_provision @workgroupRelations @workgroup[39m
  Scenario: Find an workgroup that not exists
  [32m✔ Given an apikey user by "require-real-apikey"[39m
  [32m✔ And an ogapi "workgroups finder" util[39m
  [32m✔ Given I want to read a "workgroup"[39m
  [32m✔ When I try to find by...[39m
      | [32mfield [39m | [32mcontent               [39m |
      | [32mdomain[39m | [32mbase_organization     [39m |
      | [32mname  [39m | [32mnot existing workgroup[39m |
RESPONSE_: {"error":"Workgroup not found","statusCode":404}
  [32m✔ Then response code should be: 404[39m

[36m@searching @searching_areas @areas[39m
Feature: Searching areas

    As a user of JsApi
    I want to search into areas collection
    So I can add filter, sorting, limit to search any user

  [36m@searching @searching_areas @areas[39m
  Scenario: Execute searching with a timeout less than expected
  [32m✔ Given an apikey user by "require-real-apikey"[39m
  [32m✔ And an ogapi "areas search" util[39m
  [32m✔ And the timeout by 10[39m
  [32m✔ When I build it[39m
  [32m✔ And I execute it[39m
RESPONSE_: {"statusCode":408,"data":"timeout of 10ms exceeded"}
  [32m✔ Then response code should be: 408[39m

  [36m@searching @searching_areas @areas[39m
  Scenario: Execute searching with a invalid start limit
  [32m✔ Given an apikey user by "require-real-apikey"[39m
  [32m✔ And an ogapi "areas search" util[39m
  [32m✔ And the start limit by "null" and size limit by "5"[39m
  [32m✔ When I build it[39m
  [32m✔ And I execute it[39m
  [32m✔ Then does not throws an error[39m

  [36m@searching @searching_areas @areas[39m
  Scenario: Execute searching
  [32m✔ Given an apikey user by "require-real-apikey"[39m
  [32m✔ And an ogapi "areas search" util[39m
  [32m✔ And I build it[39m
  [32m✔ And I execute it[39m
  [32m✔ Then does not throws an error[39m

[36m@searching @searching_basicTypes @basicTypes[39m
Feature: Searching basicTypes

    As a user of JsApi
    I want to search into basicTypes collection

  [36m@searching @searching_basicTypes @basicTypes[39m
  Scenario: Execute searching
  [32m✔ Given an apikey user by "require-real-apikey"[39m
  [32m✔ And an ogapi "basicTypes search" util[39m
  [32m✔ When I build it[39m
  [32m✔ And I execute it[39m
RESPONSE_: {"data":{"definitions":{"date":{"type":"string","format":"date","public":true,"title":"date","description":"date in ISO 8601","pattern":"^([0-9]{4})-?(1[0-2]|0[1-9])-?(3[01]|0[1-9]|[12][0-9])$"},"time":{"type":"string","format":"time","public":true,"title":"time","description":"time in ISO 8601","pattern":"^(2[0-3]|[01][0-9]):?([0-5][0-9]):?([0-5][0-9])$"},"timezone":{"type":"string","title":"timezone"},"dst":{"type":"integer","title":"DST","minimum":0,"default":0},"datetime":{"type":"object","properties":{"date":{"type":"string","format":"date","public":true,"title":"date","description":"date in ISO 8601","pattern":"^([0-9]{4})-?(1[0-2]|0[1-9])-?(3[01]|0[1-9]|[12][0-9])$"},"time":{"type":"string","format":"time","public":true,"title":"time","description":"time in ISO 8601","pattern":"^(2[0-3]|[01][0-9]):?([0-5][0-9]):?([0-5][0-9])$"},"timezone":{"type":"string","title":"timezone"},"dst":{"type":"integer","title":"DST","minimum":0,"default":0}},"required":["date","time","timezone","dst"]},"timestamp":{"type":"string","format":"date-time","public":true,"title":"timestamp","description":"date & time in ISO 8601","pattern":"^([0-9]{4})-?(1[0-2]|0[1-9])-?(3[01]|0[1-9]|[12][0-9])T(2[0-3]|[01][0-9]):?([0-5][0-9]):?([0-5][0-9])(\\.([0-9]{3}))?[Z]?$"},"datamodelResultCode":{"type":"string","title":"Result Code","description":"Result code of Get Operation","enum":["SUCCESS","PARAM_NOT_SUPPORTED","INVALID_FORMAT","WRONG_VALUE","UNKNOWN"],"javaEnumNames":["SUCCESS","PARAM_NOT_SUPPORTED","INVALID_FORMAT","WRONG_VALUE","UNKNOWN"]},"datamodelParamName":{"type":"string","title":"Id","description":"Id of the parameter"},"datamodelParamNameValue":{"type":"object","properties":{"name":{"type":"string","title":"Id","description":"Id of the parameter"},"value":{"type":"string","title":"Value","description":"Value of the parameter"}},"required":["name","value"]},"datamodelResponse":{"type":"object","properties":{"name":{"type":"string","title":"Id","description":"Id of the parameter"},"value":{"type":"string","title":"type","description":"value of the parameter"},"resultCode":{"type":"string","title":"Result Code","description":"Result code of Get Operation","enum":["SUCCESS","PARAM_NOT_SUPPORTED","INVALID_FORMAT","WRONG_VALUE","UNKNOWN"],"javaEnumNames":["SUCCESS","PARAM_NOT_SUPPORTED","INVALID_FORMAT","WRONG_VALUE","UNKNOWN"]},"resultDescription":{"type":"string","title":"Result Description","description":"Result description of Get Operation"}},"required":["name","value"]},"coordinates":{"public":true,"description":"A geographical coordinates","type":"array","maxItems":2,"items":{"type":"number"}},"location":{"public":true,"description":"A geojson enriched for OpenGate","type":"object","properties":{"position":{"type":"object","description":"compatible with geojson format","properties":{"type":{"type":"string","default":"Point"},"coordinates":{"type":"array","description":"Format [longitude, latitude]","minItems":2,"items":{"type":"number"},"additionalItems":false}},"required":["coordinates"]},"country":{"type":"string"},"region":{"type":"string"},"province":{"type":"string"},"town":{"type":"string"},"postal":{"type":"string"},"address":{"type":"string"},"source":{"type":"string","enum":["MOBILE","GPS","GLONASS","RTK","RFID","WIFI","ZIGBEE","LORA","SIGFOX-BASIC","SIGFOX-SPOTIT","UNKNOWN"],"javaEnumNames":["MOBILE","GPS","GLONASS","RTK","RFID","WIFI","ZIGBEE","LORA","SIGFOX_BASIC","SIGFOX_SPOTIT","UNKNOWN"]},"accuracy":{"type":"number","description":"position accuracy in meters"},"zoom":{"type":"number","description":"zoom for the web map"}}},"ipv4":{"type":"string","format":"ipv4","public":true,"title":"ipv4","description":"IPV4 format"},"ipv6":{"type":"string","format":"ipv6","public":true,"title":"ipv6","description":"IPV6 format"},"mac48":{"type":"string","public":true,"title":"mac48","description":"MAC48 format","pattern":"(([0-9A-Fa-f]{2}[-:]){5}[0-9A-Fa-f]{2})|(([0-9A-Fa-f]{4}){2}[0-9A-Fa-f]{4})"},"msisdn":{"public":true,"type":"string","minLength":7,"maxLength":15},"address":{"type":"object","public":true,"properties":{"type":{"type":"string","enum":["IPV4","IPV6","MAC48","UNKNOWN","SIGFOX","HOSTNAME"],"javaEnumNames":["IPV4","IPV6","MAC48","UNKNOWN","SIGFOX","HOSTNAME"]},"value":{"type":"string","title":"type","description":"value of the parameter"},"apn":{"type":"string"}}},"percentage":{"public":true,"type":"number","minimum":0,"maximum":100},"entityType":{"type":"string","title":"Entity Type","description":"","enum":["GATEWAY","ASSET","COMMUNICATIONS_MODULE","SUBSCRIPTION","SUBSCRIBER"],"javaEnumNames":["GATEWAY","ASSET","COMMUNICATIONS_MODULE","SUBSCRIPTION","SUBSCRIBER"]},"deviceOperationalStatus":{"type":"string","title":"Operational Status","description":"","enum":["NORMAL","SAFE_MODE","TAMPER","TEST","DOWN","ALARM","UNKNOWN"],"javaEnumNames":["NORMAL","SAFE_MODE","TAMPER","TEST","DOWN","ALARM","UNKNOWN"]},"commsModuleOperationalStatus":{"type":"string","title":"Operational Status","description":"","enum":["STOPPED","STOPPING","STARTING","RUNNING","DISABLED","ERROR"],"javaEnumNames":["STOPPED","STOPPING","STARTING","RUNNING","DISABLED","ERROR"]},"ipStatus":{"type":"string","title":"IP Reachability Status","description":"","enum":["OK","NOK"],"javaEnumNames":["OK","NOK"]},"administrativeState":{"type":"string","title":"Administrative State","description":"","enum":["ACTIVE","BANNED","DELETED","READY","REPAIR","REQUESTED","RETIRED","SUSPENDED","TESTING"],"javaEnumNames":["ACTIVE","BANNED","DELETED","READY","REPAIR","REQUESTED","RETIRED","SUSPENDED","TESTING"]},"assetAdministrativeState":{"type":"string","title":"Asset Administrative State","description":"","enum":["BANNED","DELETED","IN_MAINTENANCE","IN_STOCK","IN_TRANSIT","IN_USE","MISSING","ORDERED","READY","RETIRED"],"javaEnumNames":["BANNED","DELETED","IN_MAINTENANCE","IN_STOCK","IN_TRANSIT","IN_USE","MISSING","ORDERED","READY","RETIRED"]},"model":{"type":"object","public":true,"title":"Model","description":"","properties":{"name":{"type":"string"},"version":{"type":"string"},"manufacturer":{"type":"string"},"manufacturerOUI":{"type":"string"}}},"software":{"type":"object","public":true,"title":"Software","description":"","properties":{"name":{"type":"string"},"version":{"type":"string"},"type":{"type":"string","enum":["SOFTWARE","FIRMWARE"],"javaEnumNames":["SOFTWARE","FIRMWARE"]}}},"softwareList":{"type":"array","public":true,"items":{"type":"object","public":true,"title":"Software","description":"","properties":{"name":{"type":"string"},"version":{"type":"string"},"type":{"type":"string","enum":["SOFTWARE","FIRMWARE"],"javaEnumNames":["SOFTWARE","FIRMWARE"]}}}},"topologyPath":{"type":"array","items":{"type":"string"}},"clock":{"type":"object","title":"Clock","public":true,"description":"","properties":{"datetime":{"type":"string","format":"date-time","public":true,"title":"timestamp","description":"date & time in ISO 8601","pattern":"^([0-9]{4})-?(1[0-2]|0[1-9])-?(3[01]|0[1-9]|[12][0-9])T(2[0-3]|[01][0-9]):?([0-5][0-9]):?([0-5][0-9])(\\.([0-9]{3}))?[Z]?$"},"timezone":{"type":"number"},"dst":{"type":"object","properties":{"enabled":{"type":"boolean"},"deviation":{"type":"number"},"begin":{"type":"string","format":"date-time","public":true,"title":"timestamp","description":"date & time in ISO 8601","pattern":"^([0-9]{4})-?(1[0-2]|0[1-9])-?(3[01]|0[1-9]|[12][0-9])T(2[0-3]|[01][0-9]):?([0-5][0-9]):?([0-5][0-9])(\\.([0-9]{3}))?[Z]?$"},"end":{"type":"string","format":"date-time","public":true,"title":"timestamp","description":"date & time in ISO 8601","pattern":"^([0-9]{4})-?(1[0-2]|0[1-9])-?(3[01]|0[1-9]|[12][0-9])T(2[0-3]|[01][0-9]):?([0-5][0-9]):?([0-5][0-9])(\\.([0-9]{3}))?[Z]?$"}}}}},"outage":{"type":"object","properties":{"started":{"type":"string","format":"date-time","public":true,"title":"timestamp","description":"date & time in ISO 8601","pattern":"^([0-9]{4})-?(1[0-2]|0[1-9])-?(3[01]|0[1-9]|[12][0-9])T(2[0-3]|[01][0-9]):?([0-5][0-9]):?([0-5][0-9])(\\.([0-9]{3}))?[Z]?$"},"duration":{"type":"number"}}},"unifiedPresence":{"type":"string","enum":["IP","GPRS","GSM","NOT_REGISTERED","UNKNOWN"],"javaEnumNames":["IP","GPRS","GSM","NOT_REGISTERED","UNKNOWN"]},"cpuStatus":{"type":"string","enum":["IDLE","IDLE/WORKING","WORKING","STRESSED","OVERLOAD"],"javaEnumNames":["IDLE","IDLE_WORKING","WORKING","STRESSED","OVERLOAD"]},"batteryStatus":{"type":"string","enum":["CHARGING","CHARGED","UNPLUGGED","ERROR","UNKNOWN"],"javaEnumNames":["CHARGING","CHARGED","UNPLUGGED","ERROR","UNKNOWN"]},"signalQualityStatus":{"type":"string","enum":["LOW_CRITICAL","LOW_WARNING","NORMAL","EXCELENT"],"javaEnumNames":["LOW_CRITICAL","LOW_WARNING","NORMAL","EXCELENT"]},"certificateList":{"type":"array","items":{"type":"string"}},"presenceIp":{"type":"string","enum":["OK","NOK"],"javaEnumNames":["OK","NOK"]},"presenceGprs":{"type":"string","enum":["START","STOP","INTERIM_UPDATE","ON","OFF","NOK"],"javaEnumNames":["START","STOP","INTERIM_UPDATE","ON","OFF","NOK"]},"presenceGsm":{"type":"string","enum":["OK","NOK","UNCONFIG","UNKNOWN"],"javaEnumNames":["OK","NOK","UNCONFIG","UNKNOWN"]},"temperatureStatus":{"type":"string","enum":["LOW_CRITICAL","LOW_WARNING","NORMAL","HIGH_WARNING","HIGH_CRITICAL"],"javaEnumNames":["LOW_CRITICAL","LOW_WARNING","NORMAL","HIGH_WARNING","HIGH_CRITICAL"]},"powerSupplyStatus":{"type":"string","enum":["PLUGGED_CHARGING","PLUGGED_CHARGED","OUTAGE","UNPLUGGED","UNKNOWN"],"javaEnumNames":["PLUGGED_CHARGING","PLUGGED_CHARGED","OUTAGE","UNPLUGGED","UNKNOWN"]},"powerSupplySource":{"type":"string","enum":["BATTERY","DIESEL_GENERATOR","NETWORK_PLUGGED","SOLAR","OTHER"],"javaEnumNames":["BATTERY","DIESEL_GENERATOR","NETWORK_PLUGGED","SOLAR","OTHER"]},"antennaStatus":{"type":"string","enum":["NORMAL","OPEN","SHORT_CIRCUIT","UNKNOWN"],"javaEnumNames":["NORMAL","OPEN","SHORT_CIRCUIT","UNKNOWN"]},"signalStrengthStatus":{"type":"string","enum":["LOW_CRITICAL","LOW_WARNING","NORMAL","EXCELENT"],"javaEnumNames":["LOW_CRITICAL","LOW_WARNING","NORMAL","EXCELENT"]},"trafficSession":{"type":"object","properties":{"id":{"type":"string"},"sentBytes":{"type":"number"},"receivedBytes":{"type":"number"},"sentPackets":{"type":"number"},"receivedPackets":{"type":"number"},"duration":{"type":"number"},"address":{"type":"object","public":true,"properties":{"type":{"type":"string","enum":["IPV4","IPV6","MAC48","UNKNOWN","SIGFOX","HOSTNAME"],"javaEnumNames":["IPV4","IPV6","MAC48","UNKNOWN","SIGFOX","HOSTNAME"]},"value":{"type":"string","title":"type","description":"value of the parameter"},"apn":{"type":"string"}}},"status":{"type":"string","enum":["TERMINATED","IN_PROGRESS","UNKNOWN"],"javaEnumNames":["TERMINATED","IN_PROGRESS","UNKNOWN"]},"terminateCause":{"type":"string"}}},"deviceSpecificType":{"type":"string","enum":["BLOODPRESSURE_SENSOR","COMHUB","CONCENTRATOR","CONTAINER","COORDINATOR","GATEWAY","GENERIC","GLUCOMETER_SENSOR","METER","MODEM","ROUTER","SENSOR","TPV","VEHICLE","VENDING","WEIGHT_SENSOR"],"javaEnumNames":["BLOODPRESSURE_SENSOR","COMHUB","CONCENTRATOR","CONTAINER","COORDINATOR","GATEWAY","GENERIC","GLUCOMETER_SENSOR","METER","MODEM","ROUTER","SENSOR","TPV","VEHICLE","VENDING","WEIGHT_SENSOR"]},"commsModuleSpecificType":{"type":"string","enum":["ADSL","CAN","ETH","GENERIC","GSM","HAN","I2C","LOWPAN","MESH","MOBILE","PLC","RS232","RS422","RS485","SIGFOX","UMTS","WIFI","ZIGBEE","ZWAVE"],"javaEnumNames":["ADSL","CAN","ETH","GENERIC","GSM","HAN","I2C","LOWPAN","MESH","MOBILE","PLC","RS232","RS422","RS485","SIGFOX","UMTS","WIFI","ZIGBEE","ZWAVE"]},"subscriberSpecificType":{"type":"string","enum":["ADSL","CAN","ETH","GENERIC","GSM","HAN","I2C","LOWPAN","MESH","MOBILE","PLC","RS232","RS422","RS485","SIM","UMTS","WIFI","ZIGBEE","ZWAVE"],"javaEnumNames":["ADSL","CAN","ETH","GENERIC","GSM","HAN","I2C","LOWPAN","MESH","MOBILE","PLC","RS232","RS422","RS485","SIM","UMTS","WIFI","ZIGBEE","ZWAVE"]},"subscriptionSpecificType":{"type":"string","enum":["ADSL","CAN","ETH","GENERIC","GSM","HAN","I2C","LOWPAN","MESH","MOBILE","PLC","RS232","RS422","RS485","SIGFOX","UMTS","WIFI","ZIGBEE","ZWAVE"],"javaEnumNames":["ADSL","CAN","ETH","GENERIC","GSM","HAN","I2C","LOWPAN","MESH","MOBILE","PLC","RS232","RS422","RS485","SIGFOX","UMTS","WIFI","ZIGBEE","ZWAVE"]},"assetSpecificType":{"type":"string","enum":["BOX","BUILDING","CONTROL_HOUSE","CRANE","FOUNTAIN","ENGINE","HOUSE","MACHINE","OTHER","PALLET","PIPELINE","SPOOL","TOWER","VEHICLE","WIRE","WORKER"],"javaEnumNames":["BOX","BUILDING","CONTROL_HOUSE","CRANE","FOUNTAIN","ENGINE","HOUSE","MACHINE","OTHER","PALLET","PIPELINE","SPOOL","TOWER","VEHICLE","WIRE","WORKER"]},"ogIdentifier":{"type":"string","public":true,"pattern":"^[a-zA-Z0-9_@.-]*$"},"ogImage":{"type":"string"},"ticketIdentifier":{"type":"string","public":true,"pattern":"^[a-zA-Z0-9_@.-]*$"},"area":{"type":"object","properties":{"identifier":{"type":"string"},"name":{"type":"string"},"description":{"type":"string"}}},"areas":{"type":"array","items":{"type":"object","properties":{"identifier":{"type":"string"},"name":{"type":"string"},"description":{"type":"string"}}}},"form":{"type":"object","public":true,"title":"Form","properties":{"identifier":{"type":"string","title":"identifier","description":"unique identifier for the form"},"data":{"type":"object","title":"data","description":"data introduced in form"},"schema":{"type":"object","title":"schema","description":"JSON schema with the design of the form"},"view":{"type":"array","title":"view","description":"JSON array of form view definition"}},"required":["identifier","data","schema","view"]},"ticketSpecificType":{"type":"string","title":"Specific Type","enum":["INSTALLATION","TEST","TECHNICAL_TASK","UNINSTALLATION"],"javaEnumNames":["INSTALLATION","TEST","TECHNICAL_TASK","UNINSTALLATION"]},"ticketType":{"type":"string","title":"Type","enum":["WORKORDER","INCIDENT","REQUEST"],"javaEnumNames":["WORKORDER","INCIDENT","REQUEST"]},"ticketSeverity":{"type":"string","title":"Severity","enum":["CRITICAL","URGENT","WARNING","NORMAL"],"javaEnumNames":["CRITICAL","URGENT","WARNING","NORMAL"]},"ticketPriority":{"type":"string","title":"Priority","enum":["MAJOR","MINOR","CRITICAL","BLOCKER"],"javaEnumNames":["MAJOR","MINOR","CRITICAL","BLOCKER"]},"ticketStatus":{"type":"string","title":"Status","enum":["CREATED","ASSIGNED","ANSWERED","RESTORED","RESOLVED","CLOSED"],"javaEnumNames":["CREATED","ASSIGNED","ANSWERED","RESTORED","RESOLVED","CLOSED"]},"arrayString":{"type":"array","items":{"type":"string"}}}},"statusCode":200}
  [32m✔ Then response code should be: 200[39m

  [36m@searching @searching_basicTypes @basicTypes[39m
  Scenario: Execute searching with path
  [32m✔ Given an apikey user by "require-real-apikey"[39m
  [32m✔ And an ogapi "basicTypes search" util[39m
  [32m✔ Given an ogapi "basicTypes search" util[39m
  [32m✔ And the path "$..coordinates"[39m
  [32m✔ When I build it[39m
  [32m✔ And I execute it[39m
RESPONSE_: {"data":{"public":true,"description":"A geographical coordinates","type":"array","maxItems":2,"items":{"type":"number"}},"statusCode":200}
  [32m✔ Then response code should be: 200[39m
  [32m✔ And the result contains:[39m
      [32m"""
      {"public":true,"description":"A geographical coordinates","type":"array","maxItems":2,"items":{"type":"number"}}
      """[39m

  [36m@searching @searching_basicTypes @basicTypes[39m
  Scenario: Execute searching with path
  [32m✔ Given an apikey user by "require-real-apikey"[39m
  [32m✔ And an ogapi "basicTypes search" util[39m
  [32m✔ Given an ogapi "basicTypes search" util[39m
  [32m✔ And the path "datamodelParamNameValue"[39m
  [32m✔ When I build it[39m
  [32m✔ And I execute it[39m
RESPONSE_: {"data":{"type":"object","properties":{"name":{"type":"string","title":"Id","description":"Id of the parameter"},"value":{"type":"string","title":"Value","description":"Value of the parameter"}},"required":["name","value"]},"statusCode":200}
  [32m✔ Then response code should be: 200[39m
  [32m✔ And the result contains:[39m
      [32m"""
      {"type":"object","properties":{"name":{"type":"string","title":"Id","description":"Id of the parameter"},"value":{"type":"string","title":"Value","description":"Value of the parameter"}},"required":["name","value"]}
      """[39m

  [36m@searching @searching_basicTypes @basicTypes[39m
  Scenario: Execute searching with path
  [32m✔ Given an apikey user by "require-real-apikey"[39m
  [32m✔ And an ogapi "basicTypes search" util[39m
  [32m✔ Given an ogapi "basicTypes search" util[39m
  [32m✔ And the path "notFound"[39m
  [32m✔ When I build it[39m
  [32m✔ And I execute it[39m
RESPONSE_: {"data":{"msg":"not Found"},"statusCode":200}
  [32m✔ Then response code should be: 200[39m
  [32m✔ And the result contains:[39m
      [32m"""
      {"msg":"not Found"}
      """[39m

  [36m@searching @searching_basicTypes @basicTypes[39m
  Scenario: Execute searching with path
  [32m✔ Given an apikey user by "require-real-apikey"[39m
  [32m✔ And an ogapi "basicTypes search" util[39m
  [32m✔ Given an ogapi "basicTypes search" util[39m
  [32m✔ Given I want to search a "basicTypes search"[39m
withPublicParameters
search
basicTypes search
withPublicParameters
  [32m✔ And the "withPublicParameters" "true"[39m
  [32m✔ When I build it[39m
  [32m✔ And I execute it[39m
RESPONSE_: {"data":{"definitions":{"date":{"type":"string","format":"date","public":true,"title":"date","description":"date in ISO 8601","pattern":"^([0-9]{4})-?(1[0-2]|0[1-9])-?(3[01]|0[1-9]|[12][0-9])$"},"time":{"type":"string","format":"time","public":true,"title":"time","description":"time in ISO 8601","pattern":"^(2[0-3]|[01][0-9]):?([0-5][0-9]):?([0-5][0-9])$"},"timestamp":{"type":"string","format":"date-time","public":true,"title":"timestamp","description":"date & time in ISO 8601","pattern":"^([0-9]{4})-?(1[0-2]|0[1-9])-?(3[01]|0[1-9]|[12][0-9])T(2[0-3]|[01][0-9]):?([0-5][0-9]):?([0-5][0-9])(\\.([0-9]{3}))?[Z]?$"},"coordinates":{"public":true,"description":"A geographical coordinates","type":"array","maxItems":2,"items":{"type":"number"}},"location":{"public":true,"description":"A geojson enriched for OpenGate","type":"object","properties":{"position":{"type":"object","description":"compatible with geojson format","properties":{"type":{"type":"string","default":"Point"},"coordinates":{"type":"array","description":"Format [longitude, latitude]","minItems":2,"items":{"type":"number"},"additionalItems":false}},"required":["coordinates"]},"country":{"type":"string"},"region":{"type":"string"},"province":{"type":"string"},"town":{"type":"string"},"postal":{"type":"string"},"address":{"type":"string"},"source":{"type":"string","enum":["MOBILE","GPS","GLONASS","RTK","RFID","WIFI","ZIGBEE","LORA","SIGFOX-BASIC","SIGFOX-SPOTIT","UNKNOWN"],"javaEnumNames":["MOBILE","GPS","GLONASS","RTK","RFID","WIFI","ZIGBEE","LORA","SIGFOX_BASIC","SIGFOX_SPOTIT","UNKNOWN"]},"accuracy":{"type":"number","description":"position accuracy in meters"},"zoom":{"type":"number","description":"zoom for the web map"}}},"ipv4":{"type":"string","format":"ipv4","public":true,"title":"ipv4","description":"IPV4 format"},"ipv6":{"type":"string","format":"ipv6","public":true,"title":"ipv6","description":"IPV6 format"},"mac48":{"type":"string","public":true,"title":"mac48","description":"MAC48 format","pattern":"(([0-9A-Fa-f]{2}[-:]){5}[0-9A-Fa-f]{2})|(([0-9A-Fa-f]{4}){2}[0-9A-Fa-f]{4})"},"msisdn":{"public":true,"type":"string","minLength":7,"maxLength":15},"address":{"type":"object","public":true,"properties":{"type":{"type":"string","enum":["IPV4","IPV6","MAC48","UNKNOWN","SIGFOX","HOSTNAME"],"javaEnumNames":["IPV4","IPV6","MAC48","UNKNOWN","SIGFOX","HOSTNAME"]},"value":{"type":"string","title":"type","description":"value of the parameter"},"apn":{"type":"string"}}},"percentage":{"public":true,"type":"number","minimum":0,"maximum":100},"model":{"type":"object","public":true,"title":"Model","description":"","properties":{"name":{"type":"string"},"version":{"type":"string"},"manufacturer":{"type":"string"},"manufacturerOUI":{"type":"string"}}},"software":{"type":"object","public":true,"title":"Software","description":"","properties":{"name":{"type":"string"},"version":{"type":"string"},"type":{"type":"string","enum":["SOFTWARE","FIRMWARE"],"javaEnumNames":["SOFTWARE","FIRMWARE"]}}},"softwareList":{"type":"array","public":true,"items":{"type":"object","public":true,"title":"Software","description":"","properties":{"name":{"type":"string"},"version":{"type":"string"},"type":{"type":"string","enum":["SOFTWARE","FIRMWARE"],"javaEnumNames":["SOFTWARE","FIRMWARE"]}}}},"clock":{"type":"object","title":"Clock","public":true,"description":"","properties":{"datetime":{"type":"string","format":"date-time","public":true,"title":"timestamp","description":"date & time in ISO 8601","pattern":"^([0-9]{4})-?(1[0-2]|0[1-9])-?(3[01]|0[1-9]|[12][0-9])T(2[0-3]|[01][0-9]):?([0-5][0-9]):?([0-5][0-9])(\\.([0-9]{3}))?[Z]?$"},"timezone":{"type":"number"},"dst":{"type":"object","properties":{"enabled":{"type":"boolean"},"deviation":{"type":"number"},"begin":{"type":"string","format":"date-time","public":true,"title":"timestamp","description":"date & time in ISO 8601","pattern":"^([0-9]{4})-?(1[0-2]|0[1-9])-?(3[01]|0[1-9]|[12][0-9])T(2[0-3]|[01][0-9]):?([0-5][0-9]):?([0-5][0-9])(\\.([0-9]{3}))?[Z]?$"},"end":{"type":"string","format":"date-time","public":true,"title":"timestamp","description":"date & time in ISO 8601","pattern":"^([0-9]{4})-?(1[0-2]|0[1-9])-?(3[01]|0[1-9]|[12][0-9])T(2[0-3]|[01][0-9]):?([0-5][0-9]):?([0-5][0-9])(\\.([0-9]{3}))?[Z]?$"}}}}},"ogIdentifier":{"type":"string","public":true,"pattern":"^[a-zA-Z0-9_@.-]*$"},"ticketIdentifier":{"type":"string","public":true,"pattern":"^[a-zA-Z0-9_@.-]*$"},"form":{"type":"object","public":true,"title":"Form","properties":{"identifier":{"type":"string","title":"identifier","description":"unique identifier for the form"},"data":{"type":"object","title":"data","description":"data introduced in form"},"schema":{"type":"object","title":"schema","description":"JSON schema with the design of the form"},"view":{"type":"array","title":"view","description":"JSON array of form view definition"}},"required":["identifier","data","schema","view"]}}},"statusCode":200}
  [32m✔ Then response code should be: 200[39m
  [31m✖ And the result contains:[39m
      [31m"""
      {"definitions":{"date":{"type":"string","format":"date","public":true,"title":"date","description":"date in ISO 8601","pattern":"^([0-9]{4})-?(1[0-2]|0[1-9])-?(3[01]|0[1-9]|[12][0-9])$"},"time":{"type":"string","format":"time","public":true,"title":"time","description":"time in ISO 8601","pattern":"^(2[0-3]|[01][0-9]):?([0-5][0-9]):?([0-5][0-9])$"},"timestamp":{"type":"string","format":"date-time","public":true,"title":"timestamp","description":"date & time in ISO 8601","pattern":"^([0-9]{4})-?(1[0-2]|0[1-9])-?(3[01]|0[1-9]|[12][0-9])T(2[0-3]|[01][0-9]):?([0-5][0-9]):?([0-5][0-9])(\\.([0-9]{3}))?[Z]?$"},"coordinates":{"public":true,"description":"A geographical coordinates","type":"array","maxItems":2,"items":{"type":"number"}},"location":{"public":true,"description":"A geojson enriched for OpenGate","type":"object","properties":{"position":{"type":"object","description":"compatible with geojson format","properties":{"type":{"type":"string","default":"Point"},"coordinates":{"type":"array","description":"Format [longitude, latitude]","minItems":2,"items":{"type":"number"},"additionalItems":false}},"required":["coordinates"]},"country":{"type":"string"},"region":{"type":"string"},"province":{"type":"string"},"town":{"type":"string"},"postal":{"type":"string"},"address":{"type":"string"},"source":{"type":"string","enum":["MOBILE","GPS","GLONASS","RTK","RFID","WIFI","ZIGBEE","LORA","SIGFOX-BASIC","SIGFOX-SPOTIT","UNKNOWN"],"javaEnumNames":["MOBILE","GPS","GLONASS","RTK","RFID","WIFI","ZIGBEE","LORA","SIGFOX_BASIC","SIGFOX_SPOTIT","UNKNOWN"]},"accuracy":{"type":"number","description":"position accuracy in meters"},"zoom":{"type":"number","description":"zoom for the web map"}}},"ipv4":{"type":"string","format":"ipv4","public":true,"title":"ipv4","description":"IPV4 format"},"ipv6":{"type":"string","format":"ipv6","public":true,"title":"ipv6","description":"IPV6 format"},"mac48":{"type":"string","public":true,"title":"mac48","description":"MAC48 format","pattern":"(([0-9A-Fa-f]{2}[-:]){5}[0-9A-Fa-f]{2})|(([0-9A-Fa-f]{4}){2}[0-9A-Fa-f]{4})"},"msisdn":{"public":true,"type":"string","minLength":7,"maxLength":15},"address":{"type":"object","public":true,"properties":{"type":{"type":"string","enum":["IPV4","IPV6","MAC48","UNKNOWN","SIGFOX","HOSTNAME"],"javaEnumNames":["IPV4","IPV6","MAC48","UNKNOWN","SIGFOX","HOSTNAME"]},"value":{"type":"string","title":"type","description":"value of the parameter"},"apn":{"type":"string"}}},"percentage":{"public":true,"type":"number","minimum":0,"maximum":100},"model":{"type":"object","public":true,"title":"Model","description":"","properties":{"name":{"type":"string"},"version":{"type":"string"},"manufacturer":{"type":"string"},"manufacturerOUI":{"type":"string"}}},"software":{"type":"object","public":true,"title":"Software","description":"","properties":{"name":{"type":"string"},"version":{"type":"string"},"type":{"type":"string","enum":["SOFTWARE","FIRMWARE"],"javaEnumNames":["SOFTWARE","FIRMWARE"]}}},"softwareList":{"type":"array","public":true,"items":{"type":"object","public":true,"title":"Software","description":"","properties":{"name":{"type":"string"},"version":{"type":"string"},"type":{"type":"string","enum":["SOFTWARE","FIRMWARE"],"javaEnumNames":["SOFTWARE","FIRMWARE"]}}}},"clock":{"type":"object","title":"Clock","public":true,"description":"","properties":{"datetime":{"type":"string","format":"date-time","public":true,"title":"timestamp","description":"date & time in ISO 8601","pattern":"^([0-9]{4})-?(1[0-2]|0[1-9])-?(3[01]|0[1-9]|[12][0-9])T(2[0-3]|[01][0-9]):?([0-5][0-9]):?([0-5][0-9])(\\.([0-9]{3}))?[Z]?$"},"timezone":{"type":"number"},"dst":{"type":"object","properties":{"enabled":{"type":"boolean"},"deviation":{"type":"number"},"begin":{"type":"string","format":"date-time","public":true,"title":"timestamp","description":"date & time in ISO 8601","pattern":"^([0-9]{4})-?(1[0-2]|0[1-9])-?(3[01]|0[1-9]|[12][0-9])T(2[0-3]|[01][0-9]):?([0-5][0-9]):?([0-5][0-9])(\\.([0-9]{3}))?[Z]?$"},"end":{"type":"string","format":"date-time","public":true,"title":"timestamp","description":"date & time in ISO 8601","pattern":"^([0-9]{4})-?(1[0-2]|0[1-9])-?(3[01]|0[1-9]|[12][0-9])T(2[0-3]|[01][0-9]):?([0-5][0-9]):?([0-5][0-9])(\\.([0-9]{3}))?[Z]?$"}}}}},"ogIdentifier":{"type":"string","public":true,"pattern":"^[a-zA-Z0-9_@.-]*$"},"form":{"type":"object","public":true,"title":"Form","properties":{"identifier":{"type":"string","title":"identifier","description":"unique identifier for the form"},"data":{"type":"object","title":"data","description":"data introduced in form"},"schema":{"type":"object","title":"schema","description":"JSON schema with the design of the form"},"view":{"type":"array","title":"view","description":"JSON array of form view definition"}},"required":["identifier","data","schema","view"]}}}
      """[39m

[36m@administrative_state @catalogs @searching[39m
Feature: Searching administrative state in catalog

  As a user of JsApi
  I want to search into administrative state catalog
  So I can add filter, sorting, limit to search

  [36m@administrative_state @catalogs @searching[39m
  Scenario: Execute searching
  [32m✔ Given an apikey user by "require-real-apikey"[39m
  [32m✔ And an ogapi "administrative state search" util[39m
  [32m✔ Given I want to search a "administrative state"[39m
  [32m✔ When I build it[39m
  [32m✔ And I execute it[39m
RESPONSE_: {"data":{"administrativeState":[{"id":"BANNED","description":"Asset banned, It means that received information of this asset is not going to be collected","entityType":"ASSET"},{"id":"DELETED","description":"Asset removed from available stock","entityType":"ASSET"},{"id":"IN_MAINTENANCE","description":"Asset in maintenance","entityType":"ASSET"},{"id":"IN_STOCK","description":"Asset in stock","entityType":"ASSET"},{"id":"IN_TRANSIT","description":"Asset in transit","entityType":"ASSET"},{"id":"IN_USE","description":"Asset in use","entityType":"ASSET"},{"id":"MISSING","description":"Asset missing","entityType":"ASSET"},{"id":"ORDERED","description":"Asset ordered","entityType":"ASSET"},{"id":"READY","description":"Asset ready for installation","entityType":"ASSET"},{"id":"RETIRED","description":"Field entity withdrawal","entityType":"ASSET"},{"id":"REQUESTED","description":"Entity requested to the supplier","entityType":"GATEWAY"},{"id":"READY","description":"Entity ready for installation","entityType":"GATEWAY"},{"id":"REPAIR","description":"Entity under repair","entityType":"GATEWAY"},{"id":"TESTING","description":"Entity in tests","entityType":"GATEWAY"},{"id":"ACTIVE","description":"Field deployed entity","entityType":"GATEWAY"},{"id":"SUSPENDED","description":"Suspended its operation","entityType":"GATEWAY"},{"id":"DELETED","description":"Entity removed from available stock","entityType":"GATEWAY"},{"id":"RETIRED","description":"Field entity withdrawal","entityType":"GATEWAY"},{"id":"BANNED","description":"Entity banned, It means that received information of this entity is not going to be collected","entityType":"GATEWAY"},{"id":"REQUESTED","description":"Entity requested to the supplier","entityType":"COMMUNICATIONS_MODULE"},{"id":"READY","description":"Entity ready for installation","entityType":"COMMUNICATIONS_MODULE"},{"id":"REPAIR","description":"Entity under repair","entityType":"COMMUNICATIONS_MODULE"},{"id":"TESTING","description":"Entity in tests","entityType":"COMMUNICATIONS_MODULE"},{"id":"ACTIVE","description":"Field deployed entity","entityType":"COMMUNICATIONS_MODULE"},{"id":"SUSPENDED","description":"Suspended its operation","entityType":"COMMUNICATIONS_MODULE"},{"id":"DELETED","description":"Entity removed from available stock","entityType":"COMMUNICATIONS_MODULE"},{"id":"RETIRED","description":"Field entity withdrawal","entityType":"COMMUNICATIONS_MODULE"},{"id":"BANNED","description":"Entity banned, It means that received information of this entity is not going to be collected","entityType":"COMMUNICATIONS_MODULE"},{"id":"REQUESTED","description":"Entity requested to the supplier","entityType":"SUBSCRIBER"},{"id":"READY","description":"Entity ready for installation","entityType":"SUBSCRIBER"},{"id":"REPAIR","description":"Entity under repair","entityType":"SUBSCRIBER"},{"id":"TESTING","description":"Entity in tests","entityType":"SUBSCRIBER"},{"id":"ACTIVE","description":"Field deployed entity","entityType":"SUBSCRIBER"},{"id":"SUSPENDED","description":"Suspended its operation","entityType":"SUBSCRIBER"},{"id":"DELETED","description":"Entity removed from available stock","entityType":"SUBSCRIBER"},{"id":"RETIRED","description":"Field entity withdrawal","entityType":"SUBSCRIBER"},{"id":"BANNED","description":"Entity banned, It means that received information of this entity is not going to be collected","entityType":"SUBSCRIBER"},{"id":"REQUESTED","description":"Entity requested to the supplier","entityType":"SUBSCRIPTION"},{"id":"READY","description":"Entity ready for installation","entityType":"SUBSCRIPTION"},{"id":"REPAIR","description":"Entity under repair","entityType":"SUBSCRIPTION"},{"id":"TESTING","description":"Entity in tests","entityType":"SUBSCRIPTION"},{"id":"ACTIVE","description":"Field deployed entity","entityType":"SUBSCRIPTION"},{"id":"SUSPENDED","description":"Suspended its operation","entityType":"SUBSCRIPTION"},{"id":"DELETED","description":"Entity removed from available stock","entityType":"SUBSCRIPTION"},{"id":"RETIRED","description":"Field entity withdrawal","entityType":"SUBSCRIPTION"},{"id":"BANNED","description":"Entity banned, It means that received information of this entity is not going to be collected","entityType":"SUBSCRIPTION"},{"id":"NOT_ACTIVE","description":"NOT_ACTIVE","entityType":"CERTIFICATE"},{"id":"ACTIVE","description":"ACTIVE","entityType":"CERTIFICATE"},{"id":"REVOKED","description":"REVOKED","entityType":"CERTIFICATE"},{"id":"EXPIRED","description":"EXPIRED","entityType":"CERTIFICATE"}]},"statusCode":200}
  [32m✔ Then response code should be: 200[39m

  [36m@administrative_state @catalogs @searching[39m
  Scenario: Execute searching with parameter entityType ASSET
  [32m✔ Given an apikey user by "require-real-apikey"[39m
  [32m✔ And an ogapi "administrative state search" util[39m
  [32m✔ Given I want to search a "administrative state"[39m
  [32m✔ When I try to search with...[39m
      | [32mfield      [39m | [32mcontent[39m |
      | [32mentity type[39m | [32mASSET  [39m |
  [32m✔ And I build it[39m
  [32m✔ And I execute it[39m
RESPONSE_: {"data":{"administrativeState":[{"id":"BANNED","description":"Asset banned, It means that received information of this asset is not going to be collected","entityType":"ASSET"},{"id":"DELETED","description":"Asset removed from available stock","entityType":"ASSET"},{"id":"IN_MAINTENANCE","description":"Asset in maintenance","entityType":"ASSET"},{"id":"IN_STOCK","description":"Asset in stock","entityType":"ASSET"},{"id":"IN_TRANSIT","description":"Asset in transit","entityType":"ASSET"},{"id":"IN_USE","description":"Asset in use","entityType":"ASSET"},{"id":"MISSING","description":"Asset missing","entityType":"ASSET"},{"id":"ORDERED","description":"Asset ordered","entityType":"ASSET"},{"id":"READY","description":"Asset ready for installation","entityType":"ASSET"},{"id":"RETIRED","description":"Field entity withdrawal","entityType":"ASSET"}]},"statusCode":200}
  [32m✔ Then response code should be: 200[39m
  [32m✔ And the result contains:[39m
      [32m"""
      {"administrativeState":[{"id":"BANNED","description":"Asset banned, It means that received information of this asset is not going to be collected","entityType":"ASSET"},{"id":"DELETED","description":"Asset removed from available stock","entityType":"ASSET"},{"id":"IN_MAINTENANCE","description":"Asset in maintenance","entityType":"ASSET"},{"id":"IN_STOCK","description":"Asset in stock","entityType":"ASSET"},{"id":"IN_TRANSIT","description":"Asset in transit","entityType":"ASSET"},{"id":"IN_USE","description":"Asset in use","entityType":"ASSET"},{"id":"MISSING","description":"Asset missing","entityType":"ASSET"},{"id":"ORDERED","description":"Asset ordered","entityType":"ASSET"},{"id":"READY","description":"Asset ready for installation","entityType":"ASSET"},{"id":"RETIRED","description":"Field entity withdrawal","entityType":"ASSET"}]}
      """[39m

  [36m@administrative_state @catalogs @searching[39m
  Scenario: Execute searching with parameter entityType GATEWAY
  [32m✔ Given an apikey user by "require-real-apikey"[39m
  [32m✔ And an ogapi "administrative state search" util[39m
  [32m✔ Given I want to search a "administrative state"[39m
  [32m✔ When I try to search with...[39m
      | [32mfield      [39m | [32mcontent[39m |
      | [32mentity type[39m | [32mGATEWAY[39m |
  [32m✔ And I build it[39m
  [32m✔ And I execute it[39m
RESPONSE_: {"data":{"administrativeState":[{"id":"REQUESTED","description":"Entity requested to the supplier","entityType":"GATEWAY"},{"id":"READY","description":"Entity ready for installation","entityType":"GATEWAY"},{"id":"REPAIR","description":"Entity under repair","entityType":"GATEWAY"},{"id":"TESTING","description":"Entity in tests","entityType":"GATEWAY"},{"id":"ACTIVE","description":"Field deployed entity","entityType":"GATEWAY"},{"id":"SUSPENDED","description":"Suspended its operation","entityType":"GATEWAY"},{"id":"DELETED","description":"Entity removed from available stock","entityType":"GATEWAY"},{"id":"RETIRED","description":"Field entity withdrawal","entityType":"GATEWAY"},{"id":"BANNED","description":"Entity banned, It means that received information of this entity is not going to be collected","entityType":"GATEWAY"}]},"statusCode":200}
  [32m✔ Then response code should be: 200[39m
  [32m✔ And the result contains:[39m
      [32m"""
      {"administrativeState":[{"id":"REQUESTED","description":"Entity requested to the supplier","entityType":"GATEWAY"},{"id":"READY","description":"Entity ready for installation","entityType":"GATEWAY"},{"id":"REPAIR","description":"Entity under repair","entityType":"GATEWAY"},{"id":"TESTING","description":"Entity in tests","entityType":"GATEWAY"},{"id":"ACTIVE","description":"Field deployed entity","entityType":"GATEWAY"},{"id":"SUSPENDED","description":"Suspended its operation","entityType":"GATEWAY"},{"id":"DELETED","description":"Entity removed from available stock","entityType":"GATEWAY"},{"id":"RETIRED","description":"Field entity withdrawal","entityType":"GATEWAY"},{"id":"BANNED","description":"Entity banned, It means that received information of this entity is not going to be collected","entityType":"GATEWAY"}]}
      """[39m

  [36m@administrative_state @catalogs @searching[39m
  Scenario: Execute searching with parameter entityType COMMUNICATIONS_MODULE
  [32m✔ Given an apikey user by "require-real-apikey"[39m
  [32m✔ And an ogapi "administrative state search" util[39m
  [32m✔ Given I want to search a "administrative state"[39m
  [32m✔ When I try to search with...[39m
      | [32mfield      [39m | [32mcontent              [39m |
      | [32mentity type[39m | [32mCOMMUNICATIONS_MODULE[39m |
  [32m✔ And I build it[39m
  [32m✔ And I execute it[39m
RESPONSE_: {"data":{"administrativeState":[{"id":"REQUESTED","description":"Entity requested to the supplier","entityType":"COMMUNICATIONS_MODULE"},{"id":"READY","description":"Entity ready for installation","entityType":"COMMUNICATIONS_MODULE"},{"id":"REPAIR","description":"Entity under repair","entityType":"COMMUNICATIONS_MODULE"},{"id":"TESTING","description":"Entity in tests","entityType":"COMMUNICATIONS_MODULE"},{"id":"ACTIVE","description":"Field deployed entity","entityType":"COMMUNICATIONS_MODULE"},{"id":"SUSPENDED","description":"Suspended its operation","entityType":"COMMUNICATIONS_MODULE"},{"id":"DELETED","description":"Entity removed from available stock","entityType":"COMMUNICATIONS_MODULE"},{"id":"RETIRED","description":"Field entity withdrawal","entityType":"COMMUNICATIONS_MODULE"},{"id":"BANNED","description":"Entity banned, It means that received information of this entity is not going to be collected","entityType":"COMMUNICATIONS_MODULE"}]},"statusCode":200}
  [32m✔ Then response code should be: 200[39m
  [32m✔ And the result contains:[39m
      [32m"""
      {"administrativeState":[{"id":"REQUESTED","description":"Entity requested to the supplier","entityType":"COMMUNICATIONS_MODULE"},{"id":"READY","description":"Entity ready for installation","entityType":"COMMUNICATIONS_MODULE"},{"id":"REPAIR","description":"Entity under repair","entityType":"COMMUNICATIONS_MODULE"},{"id":"TESTING","description":"Entity in tests","entityType":"COMMUNICATIONS_MODULE"},{"id":"ACTIVE","description":"Field deployed entity","entityType":"COMMUNICATIONS_MODULE"},{"id":"SUSPENDED","description":"Suspended its operation","entityType":"COMMUNICATIONS_MODULE"},{"id":"DELETED","description":"Entity removed from available stock","entityType":"COMMUNICATIONS_MODULE"},{"id":"RETIRED","description":"Field entity withdrawal","entityType":"COMMUNICATIONS_MODULE"},{"id":"BANNED","description":"Entity banned, It means that received information of this entity is not going to be collected","entityType":"COMMUNICATIONS_MODULE"}]}
      """[39m

  [36m@administrative_state @catalogs @searching[39m
  Scenario: Execute searching with parameter entityType SUBSCRIBER
  [32m✔ Given an apikey user by "require-real-apikey"[39m
  [32m✔ And an ogapi "administrative state search" util[39m
  [32m✔ Given I want to search a "administrative state"[39m
  [32m✔ When I try to search with...[39m
      | [32mfield      [39m | [32mcontent   [39m |
      | [32mentity type[39m | [32mSUBSCRIBER[39m |
  [32m✔ And I build it[39m
  [32m✔ And I execute it[39m
RESPONSE_: {"data":{"administrativeState":[{"id":"REQUESTED","description":"Entity requested to the supplier","entityType":"SUBSCRIBER"},{"id":"READY","description":"Entity ready for installation","entityType":"SUBSCRIBER"},{"id":"REPAIR","description":"Entity under repair","entityType":"SUBSCRIBER"},{"id":"TESTING","description":"Entity in tests","entityType":"SUBSCRIBER"},{"id":"ACTIVE","description":"Field deployed entity","entityType":"SUBSCRIBER"},{"id":"SUSPENDED","description":"Suspended its operation","entityType":"SUBSCRIBER"},{"id":"DELETED","description":"Entity removed from available stock","entityType":"SUBSCRIBER"},{"id":"RETIRED","description":"Field entity withdrawal","entityType":"SUBSCRIBER"},{"id":"BANNED","description":"Entity banned, It means that received information of this entity is not going to be collected","entityType":"SUBSCRIBER"}]},"statusCode":200}
  [32m✔ Then response code should be: 200[39m
  [32m✔ And the result contains:[39m
      [32m"""
      {"administrativeState":[{"id":"REQUESTED","description":"Entity requested to the supplier","entityType":"SUBSCRIBER"},{"id":"READY","description":"Entity ready for installation","entityType":"SUBSCRIBER"},{"id":"REPAIR","description":"Entity under repair","entityType":"SUBSCRIBER"},{"id":"TESTING","description":"Entity in tests","entityType":"SUBSCRIBER"},{"id":"ACTIVE","description":"Field deployed entity","entityType":"SUBSCRIBER"},{"id":"SUSPENDED","description":"Suspended its operation","entityType":"SUBSCRIBER"},{"id":"DELETED","description":"Entity removed from available stock","entityType":"SUBSCRIBER"},{"id":"RETIRED","description":"Field entity withdrawal","entityType":"SUBSCRIBER"},{"id":"BANNED","description":"Entity banned, It means that received information of this entity is not going to be collected","entityType":"SUBSCRIBER"}]}
      """[39m

  [36m@administrative_state @catalogs @searching[39m
  Scenario: Execute searching with parameter entityType SUBSCRIPTION
  [32m✔ Given an apikey user by "require-real-apikey"[39m
  [32m✔ And an ogapi "administrative state search" util[39m
  [32m✔ Given I want to search a "administrative state"[39m
  [32m✔ When I try to search with...[39m
      | [32mfield      [39m | [32mcontent     [39m |
      | [32mentity type[39m | [32mSUBSCRIPTION[39m |
  [32m✔ And I build it[39m
  [32m✔ And I execute it[39m
RESPONSE_: {"data":{"administrativeState":[{"id":"REQUESTED","description":"Entity requested to the supplier","entityType":"SUBSCRIPTION"},{"id":"READY","description":"Entity ready for installation","entityType":"SUBSCRIPTION"},{"id":"REPAIR","description":"Entity under repair","entityType":"SUBSCRIPTION"},{"id":"TESTING","description":"Entity in tests","entityType":"SUBSCRIPTION"},{"id":"ACTIVE","description":"Field deployed entity","entityType":"SUBSCRIPTION"},{"id":"SUSPENDED","description":"Suspended its operation","entityType":"SUBSCRIPTION"},{"id":"DELETED","description":"Entity removed from available stock","entityType":"SUBSCRIPTION"},{"id":"RETIRED","description":"Field entity withdrawal","entityType":"SUBSCRIPTION"},{"id":"BANNED","description":"Entity banned, It means that received information of this entity is not going to be collected","entityType":"SUBSCRIPTION"}]},"statusCode":200}
  [32m✔ Then response code should be: 200[39m
  [32m✔ And the result contains:[39m
      [32m"""
      {"administrativeState":[{"id":"REQUESTED","description":"Entity requested to the supplier","entityType":"SUBSCRIPTION"},{"id":"READY","description":"Entity ready for installation","entityType":"SUBSCRIPTION"},{"id":"REPAIR","description":"Entity under repair","entityType":"SUBSCRIPTION"},{"id":"TESTING","description":"Entity in tests","entityType":"SUBSCRIPTION"},{"id":"ACTIVE","description":"Field deployed entity","entityType":"SUBSCRIPTION"},{"id":"SUSPENDED","description":"Suspended its operation","entityType":"SUBSCRIPTION"},{"id":"DELETED","description":"Entity removed from available stock","entityType":"SUBSCRIPTION"},{"id":"RETIRED","description":"Field entity withdrawal","entityType":"SUBSCRIPTION"},{"id":"BANNED","description":"Entity banned, It means that received information of this entity is not going to be collected","entityType":"SUBSCRIPTION"}]}
      """[39m

  [36m@administrative_state @catalogs @searching[39m
  Scenario: Execute searching with parameter entityType CERTIFICATE
  [32m✔ Given an apikey user by "require-real-apikey"[39m
  [32m✔ And an ogapi "administrative state search" util[39m
  [32m✔ Given I want to search a "administrative state"[39m
  [32m✔ When I try to search with...[39m
      | [32mfield      [39m | [32mcontent    [39m |
      | [32mentity type[39m | [32mCERTIFICATE[39m |
  [32m✔ And I build it[39m
  [32m✔ And I execute it[39m
RESPONSE_: {"data":{"administrativeState":[{"id":"NOT_ACTIVE","description":"NOT_ACTIVE","entityType":"CERTIFICATE"},{"id":"ACTIVE","description":"ACTIVE","entityType":"CERTIFICATE"},{"id":"REVOKED","description":"REVOKED","entityType":"CERTIFICATE"},{"id":"EXPIRED","description":"EXPIRED","entityType":"CERTIFICATE"}]},"statusCode":200}
  [32m✔ Then response code should be: 200[39m
  [32m✔ And the result contains:[39m
      [32m"""
      {"administrativeState":[{"id":"NOT_ACTIVE","description":"NOT_ACTIVE","entityType":"CERTIFICATE"},{"id":"ACTIVE","description":"ACTIVE","entityType":"CERTIFICATE"},{"id":"REVOKED","description":"REVOKED","entityType":"CERTIFICATE"},{"id":"EXPIRED","description":"EXPIRED","entityType":"CERTIFICATE"}]}
      """[39m

  [36m@administrative_state @catalogs @searching[39m
  Scenario: Execute searching with parameters
  [32m✔ Given an apikey user by "require-real-apikey"[39m
  [32m✔ And an ogapi "administrative state search" util[39m
  [32m✔ Given I want to search a "administrative state"[39m
  [32m✔ When I try to search with...[39m
      | [32mfield      [39m | [32mcontent [39m |
      | [32mentity type[39m | [32mASSET   [39m |
      | [32mid         [39m | [32mIN_STOCK[39m |
  [32m✔ And I build it[39m
  [32m✔ And I execute it[39m
RESPONSE_: {"data":{"administrativeState":[{"id":"IN_STOCK","description":"Asset in stock","entityType":"ASSET"}]},"statusCode":200}
  [32m✔ Then response code should be: 200[39m
  [32m✔ And the result contains:[39m
      [32m"""
      {"administrativeState":[{"id":"IN_STOCK","description":"Asset in stock","entityType":"ASSET"}]}
      """[39m

  [36m@administrative_state @catalogs @searching[39m
  Scenario: Execute searching with parameter id
  [32m✔ Given an apikey user by "require-real-apikey"[39m
  [32m✔ And an ogapi "administrative state search" util[39m
  [32m✔ Given I want to search a "administrative state"[39m
  [32m✔ When I try to search with...[39m
      | [32mfield[39m | [32mcontent[39m |
      | [32mid   [39m | [32mREVOKED[39m |
  [32m✔ And I build it[39m
  [32m✔ And I execute it[39m
RESPONSE_: {"data":{"administrativeState":[{"id":"REVOKED","description":"REVOKED","entityType":"CERTIFICATE"}]},"statusCode":200}
  [32m✔ Then response code should be: 200[39m
  [32m✔ And the result contains:[39m
      [32m"""
      {"administrativeState":[{"id":"REVOKED","description":"REVOKED","entityType":"CERTIFICATE"}]}
      """[39m

[36m@catalogs @searching @searching_allowedResourceType @allowedResourceType[39m
Feature: Searching Allowed Resource Type provider in catalog

    As a user of JsApi
    I want to search into Allowed Resource Type provider catalog

  [36m@catalogs @searching @searching_allowedResourceType @allowedResourceType[39m
  Scenario: Execute searching
  [32m✔ Given an apikey user by "require-real-apikey"[39m
  [32m✔ And an ogapi "Allowed Resource Type search" util[39m
  [32m✔ Given I want to search a "Allowed Resource Type"[39m
  [32m✔ When I build it[39m
  [32m✔ And I execute it[39m
RESPONSE_: {"data":{"allowedResourceType":["entity.asset","entity.device","entity.subscriber","entity.subscription","ticket","organization","channel"]},"statusCode":200}
  [32m✔ Then response code should be: 200[39m
  [32m✔ And the result contains:[39m
      [32m"""
      {"allowedResourceType":["entity.asset","entity.device","entity.subscriber","entity.subscription","ticket","organization","channel"]}
      """[39m

  [36m@catalogs @searching @searching_allowedResourceType @allowedResourceType[39m
  Scenario: Execute searching with type ticket
  [32m✔ Given an apikey user by "require-real-apikey"[39m
  [32m✔ And an ogapi "Allowed Resource Type search" util[39m
  [32m✔ Given I want to search a "Allowed Resource Type"[39m
  [32m✔ When I try to search with...[39m
      | [32mfield[39m | [32mcontent[39m |
      | [32mtype [39m | [32mticket [39m |
  [32m✔ When I build it[39m
  [32m✔ And I execute it[39m
RESPONSE_: {"data":{"allowedResourceType":["ticket"]},"statusCode":200}
  [32m✔ Then response code should be: 200[39m
  [32m✔ And the result contains:[39m
      [32m"""
      {"allowedResourceType":["ticket"]}
      """[39m

  [36m@catalogs @searching @searching_allowedResourceType @allowedResourceType[39m
  Scenario: Execute searching with type entity
  [32m✔ Given an apikey user by "require-real-apikey"[39m
  [32m✔ And an ogapi "Allowed Resource Type search" util[39m
  [32m✔ Given I want to search a "Allowed Resource Type"[39m
  [32m✔ When I try to search with...[39m
      | [32mfield[39m | [32mcontent[39m |
      | [32mtype [39m | [32mentity [39m |
  [32m✔ When I build it[39m
  [32m✔ And I execute it[39m
RESPONSE_: {"data":{"allowedResourceType":["entity.asset","entity.device","entity.subscriber","entity.subscription"]},"statusCode":200}
  [32m✔ Then response code should be: 200[39m
  [32m✔ And the result contains:[39m
      [32m"""
      {"allowedResourceType":["entity.asset","entity.device","entity.subscriber","entity.subscription"]}
      """[39m

[36m@searching_communications_module_type @catalogs @searching[39m
Feature: Searching communications module type in catalog

    As a user of JsApi
    I want to search into communications module type catalog
    So I can add filter, sorting, limit to search

  [36m@searching_communications_module_type @catalogs @searching[39m
  Scenario: Execute searching
  [32m✔ Given an apikey user by "require-real-apikey"[39m
  [32m✔ And an ogapi "communications module type search" util[39m
  [32m✔ Given I want to search a "communications module type"[39m
  [32m✔ When I build it[39m
  [32m✔ And I execute it[39m
RESPONSE_: {"data":{"communicationsModuleType":{"GENERIC":{"COMMUNICATIONS_MODULE":{"mandatory":["generatedEntityKey"],"optional":["IMEI","MAC","HARDWARE","SOFTWARE"]},"SUBSCRIPTION":{"mandatory":["generatedEntityKey"],"optional":["administrativeState","IMSI","ADDRESS","HOME_OPERATOR","REGISTER_OPERATOR","MSISDN","LOCATION"]},"SUBSCRIBER":{"mandatory":["generatedEntityKey"],"optional":["administrativeState","ICC","SERIAL_NUMBER"]}},"ETH":{"COMMUNICATIONS_MODULE":{"mandatory":["generatedEntityKey","MAC"],"optional":["HARDWARE","SOFTWARE"]},"SUBSCRIPTION":{"mandatory":["generatedEntityKey"],"optional":["administrativeState","ADDRESS"]}},"MESH":{"COMMUNICATIONS_MODULE":{"mandatory":["generatedEntityKey","MAC"],"optional":["HARDWARE","SOFTWARE"]}},"LOWPAN":{"COMMUNICATIONS_MODULE":{"mandatory":["generatedEntityKey","MAC"],"optional":["HARDWARE","SOFTWARE"]},"SUBSCRIPTION":{"mandatory":["generatedEntityKey"],"optional":["administrativeState"]}},"PLC":{"COMMUNICATIONS_MODULE":{"mandatory":["generatedEntityKey","MAC"],"optional":["HARDWARE","SOFTWARE"]},"SUBSCRIPTION":{"mandatory":["generatedEntityKey"],"optional":["administrativeState"]}},"ZIGBEE":{"COMMUNICATIONS_MODULE":{"mandatory":["generatedEntityKey","MAC"],"optional":["HARDWARE","SOFTWARE"]},"SUBSCRIPTION":{"mandatory":["generatedEntityKey"],"optional":["administrativeState"]}},"ADSL":{"COMMUNICATIONS_MODULE":{"mandatory":["generatedEntityKey"],"optional":["IMEI","MAC","HARDWARE","SOFTWARE"]},"SUBSCRIPTION":{"mandatory":["generatedEntityKey"],"optional":["administrativeState","ADDRESS","HOME_OPERATOR","LOCATION"]}},"MOBILE":{"COMMUNICATIONS_MODULE":{"mandatory":["generatedEntityKey"],"optional":["IMEI","MAC","HARDWARE","SOFTWARE"]},"SUBSCRIPTION":{"mandatory":["generatedEntityKey"],"optional":["administrativeState","IMSI","ADDRESS","HOME_OPERATOR","REGISTER_OPERATOR","MSISDN","LOCATION"]},"SUBSCRIBER":{"mandatory":["generatedEntityKey"],"optional":["administrativeState","ICC"]}},"GSM":{"COMMUNICATIONS_MODULE":{"mandatory":["generatedEntityKey"],"optional":["IMEI","MAC","HARDWARE","SOFTWARE"]},"SUBSCRIPTION":{"mandatory":["generatedEntityKey"],"optional":["administrativeState","IMSI","ADDRESS","HOME_OPERATOR","REGISTER_OPERATOR","MSISDN","LOCATION"]},"SUBSCRIBER":{"mandatory":["generatedEntityKey"],"optional":["administrativeState","ICC"]}},"CAN":{"COMMUNICATIONS_MODULE":{"mandatory":["entityKey"],"optional":[]}},"HAN":{"COMMUNICATIONS_MODULE":{"mandatory":["entityKey"],"optional":[]}},"I2C":{"COMMUNICATIONS_MODULE":{"mandatory":["entityKey"],"optional":[]}},"RS232":{"COMMUNICATIONS_MODULE":{"mandatory":["entityKey"],"optional":[]}},"RS422":{"COMMUNICATIONS_MODULE":{"mandatory":["entityKey"],"optional":[]}},"RS485":{"COMMUNICATIONS_MODULE":{"mandatory":["entityKey"],"optional":[]}},"SIGFOX":{"COMMUNICATIONS_MODULE":{"mandatory":["entityKey"],"optional":[]}}}},"statusCode":200}
  [32m✔ Then response code should be: 200[39m

  [36m@searching_communications_module_type @catalogs @searching[39m
  Scenario: Execute searching with parameter entityType
  [32m✔ Given an apikey user by "require-real-apikey"[39m
  [32m✔ And an ogapi "communications module type search" util[39m
  [32m✔ Given I want to search a "communications module type"[39m
  [32m✔ When I try to search with...[39m
      | [32mfield[39m | [32mcontent[39m |
      | [32mtype [39m | [32mGENERIC[39m |
  [32m✔ And I build it[39m
  [32m✔ And I execute it[39m
RESPONSE_: {"data":{"communicationsModuleType":{"COMMUNICATIONS_MODULE":{"mandatory":["generatedEntityKey"],"optional":["IMEI","MAC","HARDWARE","SOFTWARE"]},"SUBSCRIPTION":{"mandatory":["generatedEntityKey"],"optional":["administrativeState","IMSI","ADDRESS","HOME_OPERATOR","REGISTER_OPERATOR","MSISDN","LOCATION"]},"SUBSCRIBER":{"mandatory":["generatedEntityKey"],"optional":["administrativeState","ICC","SERIAL_NUMBER"]}}},"statusCode":200}
  [32m✔ Then response code should be: 200[39m
  [32m✔ And the result contains:[39m
      [32m"""
      {"communicationsModuleType":{"COMMUNICATIONS_MODULE":{"mandatory":["generatedEntityKey"],"optional":["IMEI","MAC","HARDWARE","SOFTWARE"]},"SUBSCRIPTION":{"mandatory":["generatedEntityKey"],"optional":["administrativeState","IMSI","ADDRESS","HOME_OPERATOR","REGISTER_OPERATOR","MSISDN","LOCATION"]},"SUBSCRIBER":{"mandatory":["generatedEntityKey"],"optional":["administrativeState","ICC","SERIAL_NUMBER"]}}}
      """[39m

  [36m@searching_communications_module_type @catalogs @searching[39m
  Scenario: Execute searching with parameter entityType
  [32m✔ Given an apikey user by "require-real-apikey"[39m
  [32m✔ And an ogapi "communications module type search" util[39m
  [32m✔ Given I want to search a "communications module type"[39m
  [32m✔ When I try to search with...[39m
      | [32mfield[39m | [32mcontent[39m |
      | [32mtype [39m | [32mETH    [39m |
  [32m✔ And I build it[39m
  [32m✔ And I execute it[39m
RESPONSE_: {"data":{"communicationsModuleType":{"COMMUNICATIONS_MODULE":{"mandatory":["generatedEntityKey","MAC"],"optional":["HARDWARE","SOFTWARE"]},"SUBSCRIPTION":{"mandatory":["generatedEntityKey"],"optional":["administrativeState","ADDRESS"]}}},"statusCode":200}
  [32m✔ Then response code should be: 200[39m
  [32m✔ And the result contains:[39m
      [32m"""
      {"communicationsModuleType":{"COMMUNICATIONS_MODULE":{"mandatory":["generatedEntityKey","MAC"],"optional":["HARDWARE","SOFTWARE"]},"SUBSCRIPTION":{"mandatory":["generatedEntityKey"],"optional":["administrativeState","ADDRESS"]}}}
      """[39m

  [36m@searching_communications_module_type @catalogs @searching[39m
  Scenario: Execute searching with parameter entityType
  [32m✔ Given an apikey user by "require-real-apikey"[39m
  [32m✔ And an ogapi "communications module type search" util[39m
  [32m✔ Given I want to search a "communications module type"[39m
  [32m✔ When I try to search with...[39m
      | [32mfield[39m | [32mcontent[39m |
      | [32mtype [39m | [32mMESH   [39m |
  [32m✔ And I build it[39m
  [32m✔ And I execute it[39m
RESPONSE_: {"data":{"communicationsModuleType":{"COMMUNICATIONS_MODULE":{"mandatory":["generatedEntityKey","MAC"],"optional":["HARDWARE","SOFTWARE"]}}},"statusCode":200}
  [32m✔ Then response code should be: 200[39m
  [32m✔ And the result contains:[39m
      [32m"""
      {"communicationsModuleType":{"COMMUNICATIONS_MODULE":{"mandatory":["generatedEntityKey","MAC"],"optional":["HARDWARE","SOFTWARE"]}}}
      """[39m

  [36m@searching_communications_module_type @catalogs @searching[39m
  Scenario: Execute searching with parameter entityType
  [32m✔ Given an apikey user by "require-real-apikey"[39m
  [32m✔ And an ogapi "communications module type search" util[39m
  [32m✔ Given I want to search a "communications module type"[39m
  [32m✔ When I try to search with...[39m
      | [32mfield[39m | [32mcontent[39m |
      | [32mtype [39m | [32mLOWPAN [39m |
  [32m✔ And I build it[39m
  [32m✔ And I execute it[39m
RESPONSE_: {"data":{"communicationsModuleType":{"COMMUNICATIONS_MODULE":{"mandatory":["generatedEntityKey","MAC"],"optional":["HARDWARE","SOFTWARE"]},"SUBSCRIPTION":{"mandatory":["generatedEntityKey"],"optional":["administrativeState"]}}},"statusCode":200}
  [32m✔ Then response code should be: 200[39m
  [32m✔ And the result contains:[39m
      [32m"""
      {"communicationsModuleType":{"COMMUNICATIONS_MODULE":{"mandatory":["generatedEntityKey","MAC"],"optional":["HARDWARE","SOFTWARE"]},"SUBSCRIPTION":{"mandatory":["generatedEntityKey"],"optional":["administrativeState"]}}}
      """[39m

  [36m@searching_communications_module_type @catalogs @searching[39m
  Scenario: Execute searching with parameter entityType
  [32m✔ Given an apikey user by "require-real-apikey"[39m
  [32m✔ And an ogapi "communications module type search" util[39m
  [32m✔ Given I want to search a "communications module type"[39m
  [32m✔ When I try to search with...[39m
      | [32mfield[39m | [32mcontent[39m |
      | [32mtype [39m | [32mPLC    [39m |
  [32m✔ And I build it[39m
  [32m✔ And I execute it[39m
RESPONSE_: {"data":{"communicationsModuleType":{"COMMUNICATIONS_MODULE":{"mandatory":["generatedEntityKey","MAC"],"optional":["HARDWARE","SOFTWARE"]},"SUBSCRIPTION":{"mandatory":["generatedEntityKey"],"optional":["administrativeState"]}}},"statusCode":200}
  [32m✔ Then response code should be: 200[39m
  [32m✔ And the result contains:[39m
      [32m"""
      {"communicationsModuleType":{"COMMUNICATIONS_MODULE":{"mandatory":["generatedEntityKey","MAC"],"optional":["HARDWARE","SOFTWARE"]},"SUBSCRIPTION":{"mandatory":["generatedEntityKey"],"optional":["administrativeState"]}}}
      """[39m

  [36m@searching_communications_module_type @catalogs @searching[39m
  Scenario: Execute searching with parameter entityType
  [32m✔ Given an apikey user by "require-real-apikey"[39m
  [32m✔ And an ogapi "communications module type search" util[39m
  [32m✔ Given I want to search a "communications module type"[39m
  [32m✔ When I try to search with...[39m
      | [32mfield[39m | [32mcontent[39m |
      | [32mtype [39m | [32mZIGBEE [39m |
  [32m✔ And I build it[39m
  [32m✔ And I execute it[39m
RESPONSE_: {"data":{"communicationsModuleType":{"COMMUNICATIONS_MODULE":{"mandatory":["generatedEntityKey","MAC"],"optional":["HARDWARE","SOFTWARE"]},"SUBSCRIPTION":{"mandatory":["generatedEntityKey"],"optional":["administrativeState"]}}},"statusCode":200}
  [32m✔ Then response code should be: 200[39m
  [32m✔ And the result contains:[39m
      [32m"""
      {"communicationsModuleType":{"COMMUNICATIONS_MODULE":{"mandatory":["generatedEntityKey","MAC"],"optional":["HARDWARE","SOFTWARE"]},"SUBSCRIPTION":{"mandatory":["generatedEntityKey"],"optional":["administrativeState"]}}}
      """[39m

  [36m@searching_communications_module_type @catalogs @searching[39m
  Scenario: Execute searching with parameter entityType
  [32m✔ Given an apikey user by "require-real-apikey"[39m
  [32m✔ And an ogapi "communications module type search" util[39m
  [32m✔ Given I want to search a "communications module type"[39m
  [32m✔ When I try to search with...[39m
      | [32mfield[39m | [32mcontent[39m |
      | [32mtype [39m | [32mADSL   [39m |
  [32m✔ And I build it[39m
  [32m✔ And I execute it[39m
RESPONSE_: {"data":{"communicationsModuleType":{"COMMUNICATIONS_MODULE":{"mandatory":["generatedEntityKey"],"optional":["IMEI","MAC","HARDWARE","SOFTWARE"]},"SUBSCRIPTION":{"mandatory":["generatedEntityKey"],"optional":["administrativeState","ADDRESS","HOME_OPERATOR","LOCATION"]}}},"statusCode":200}
  [32m✔ Then response code should be: 200[39m
  [32m✔ And the result contains:[39m
      [32m"""
      {"communicationsModuleType":{"COMMUNICATIONS_MODULE":{"mandatory":["generatedEntityKey"],"optional":["IMEI","MAC","HARDWARE","SOFTWARE"]},"SUBSCRIPTION":{"mandatory":["generatedEntityKey"],"optional":["administrativeState","ADDRESS","HOME_OPERATOR","LOCATION"]}}}
      """[39m

  [36m@searching_communications_module_type @catalogs @searching[39m
  Scenario: Execute searching with parameter entityType
  [32m✔ Given an apikey user by "require-real-apikey"[39m
  [32m✔ And an ogapi "communications module type search" util[39m
  [32m✔ Given I want to search a "communications module type"[39m
  [32m✔ When I try to search with...[39m
      | [32mfield[39m | [32mcontent[39m |
      | [32mtype [39m | [32mMOBILE [39m |
  [32m✔ And I build it[39m
  [32m✔ And I execute it[39m
RESPONSE_: {"data":{"communicationsModuleType":{"COMMUNICATIONS_MODULE":{"mandatory":["generatedEntityKey"],"optional":["IMEI","MAC","HARDWARE","SOFTWARE"]},"SUBSCRIPTION":{"mandatory":["generatedEntityKey"],"optional":["administrativeState","IMSI","ADDRESS","HOME_OPERATOR","REGISTER_OPERATOR","MSISDN","LOCATION"]},"SUBSCRIBER":{"mandatory":["generatedEntityKey"],"optional":["administrativeState","ICC"]}}},"statusCode":200}
  [32m✔ Then response code should be: 200[39m
  [32m✔ And the result contains:[39m
      [32m"""
      {"communicationsModuleType":{"COMMUNICATIONS_MODULE":{"mandatory":["generatedEntityKey"],"optional":["IMEI","MAC","HARDWARE","SOFTWARE"]},"SUBSCRIPTION":{"mandatory":["generatedEntityKey"],"optional":["administrativeState","IMSI","ADDRESS","HOME_OPERATOR","REGISTER_OPERATOR","MSISDN","LOCATION"]},"SUBSCRIBER":{"mandatory":["generatedEntityKey"],"optional":["administrativeState","ICC"]}}}
      """[39m

  [36m@searching_communications_module_type @catalogs @searching[39m
  Scenario: Execute searching with parameter entityType
  [32m✔ Given an apikey user by "require-real-apikey"[39m
  [32m✔ And an ogapi "communications module type search" util[39m
  [32m✔ Given I want to search a "communications module type"[39m
  [32m✔ When I try to search with...[39m
      | [32mfield[39m | [32mcontent[39m |
      | [32mtype [39m | [32mGSM    [39m |
  [32m✔ And I build it[39m
  [32m✔ And I execute it[39m
RESPONSE_: {"data":{"communicationsModuleType":{"COMMUNICATIONS_MODULE":{"mandatory":["generatedEntityKey"],"optional":["IMEI","MAC","HARDWARE","SOFTWARE"]},"SUBSCRIPTION":{"mandatory":["generatedEntityKey"],"optional":["administrativeState","IMSI","ADDRESS","HOME_OPERATOR","REGISTER_OPERATOR","MSISDN","LOCATION"]},"SUBSCRIBER":{"mandatory":["generatedEntityKey"],"optional":["administrativeState","ICC"]}}},"statusCode":200}
  [32m✔ Then response code should be: 200[39m
  [32m✔ And the result contains:[39m
      [32m"""
      {"communicationsModuleType":{"COMMUNICATIONS_MODULE":{"mandatory":["generatedEntityKey"],"optional":["IMEI","MAC","HARDWARE","SOFTWARE"]},"SUBSCRIPTION":{"mandatory":["generatedEntityKey"],"optional":["administrativeState","IMSI","ADDRESS","HOME_OPERATOR","REGISTER_OPERATOR","MSISDN","LOCATION"]},"SUBSCRIBER":{"mandatory":["generatedEntityKey"],"optional":["administrativeState","ICC"]}}}
      """[39m

  [36m@searching_communications_module_type @catalogs @searching[39m
  Scenario: Execute searching with parameter entityType
  [32m✔ Given an apikey user by "require-real-apikey"[39m
  [32m✔ And an ogapi "communications module type search" util[39m
  [32m✔ Given I want to search a "communications module type"[39m
  [32m✔ When I try to search with...[39m
      | [32mfield[39m | [32mcontent[39m |
      | [32mtype [39m | [32mCAN    [39m |
  [32m✔ And I build it[39m
  [32m✔ And I execute it[39m
RESPONSE_: {"data":{"communicationsModuleType":{"COMMUNICATIONS_MODULE":{"mandatory":["entityKey"],"optional":[]}}},"statusCode":200}
  [32m✔ Then response code should be: 200[39m
  [32m✔ And the result contains:[39m
      [32m"""
      {"communicationsModuleType":{"COMMUNICATIONS_MODULE":{"mandatory":["entityKey"],"optional":[]}}}
      """[39m

  [36m@searching_communications_module_type @catalogs @searching[39m
  Scenario: Execute searching with parameter entityType
  [32m✔ Given an apikey user by "require-real-apikey"[39m
  [32m✔ And an ogapi "communications module type search" util[39m
  [32m✔ Given I want to search a "communications module type"[39m
  [32m✔ When I try to search with...[39m
      | [32mfield[39m | [32mcontent[39m |
      | [32mtype [39m | [32mI2C    [39m |
  [32m✔ And I build it[39m
  [32m✔ And I execute it[39m
RESPONSE_: {"data":{"communicationsModuleType":{"COMMUNICATIONS_MODULE":{"mandatory":["entityKey"],"optional":[]}}},"statusCode":200}
  [32m✔ Then response code should be: 200[39m
  [32m✔ And the result contains:[39m
      [32m"""
      {"communicationsModuleType":{"COMMUNICATIONS_MODULE":{"mandatory":["entityKey"],"optional":[]}}}
      """[39m

  [36m@searching_communications_module_type @catalogs @searching[39m
  Scenario: Execute searching with parameter entityType
  [32m✔ Given an apikey user by "require-real-apikey"[39m
  [32m✔ And an ogapi "communications module type search" util[39m
  [32m✔ Given I want to search a "communications module type"[39m
  [32m✔ When I try to search with...[39m
      | [32mfield[39m | [32mcontent[39m |
      | [32mtype [39m | [32mRS232  [39m |
  [32m✔ And I build it[39m
  [32m✔ And I execute it[39m
RESPONSE_: {"data":{"communicationsModuleType":{"COMMUNICATIONS_MODULE":{"mandatory":["entityKey"],"optional":[]}}},"statusCode":200}
  [32m✔ Then response code should be: 200[39m
  [32m✔ And the result contains:[39m
      [32m"""
      {"communicationsModuleType":{"COMMUNICATIONS_MODULE":{"mandatory":["entityKey"],"optional":[]}}}
      """[39m

  [36m@searching_communications_module_type @catalogs @searching[39m
  Scenario: Execute searching with parameter entityType
  [32m✔ Given an apikey user by "require-real-apikey"[39m
  [32m✔ And an ogapi "communications module type search" util[39m
  [32m✔ Given I want to search a "communications module type"[39m
  [32m✔ When I try to search with...[39m
      | [32mfield[39m | [32mcontent[39m |
      | [32mtype [39m | [32mRS422  [39m |
  [32m✔ And I build it[39m
  [32m✔ And I execute it[39m
RESPONSE_: {"data":{"communicationsModuleType":{"COMMUNICATIONS_MODULE":{"mandatory":["entityKey"],"optional":[]}}},"statusCode":200}
  [32m✔ Then response code should be: 200[39m
  [32m✔ And the result contains:[39m
      [32m"""
      {"communicationsModuleType":{"COMMUNICATIONS_MODULE":{"mandatory":["entityKey"],"optional":[]}}}
      """[39m

  [36m@searching_communications_module_type @catalogs @searching[39m
  Scenario: Execute searching with parameter entityType
  [32m✔ Given an apikey user by "require-real-apikey"[39m
  [32m✔ And an ogapi "communications module type search" util[39m
  [32m✔ Given I want to search a "communications module type"[39m
  [32m✔ When I try to search with...[39m
      | [32mfield[39m | [32mcontent[39m |
      | [32mtype [39m | [32mRS485  [39m |
  [32m✔ And I build it[39m
  [32m✔ And I execute it[39m
RESPONSE_: {"data":{"communicationsModuleType":{"COMMUNICATIONS_MODULE":{"mandatory":["entityKey"],"optional":[]}}},"statusCode":200}
  [32m✔ Then response code should be: 200[39m
  [32m✔ And the result contains:[39m
      [32m"""
      {"communicationsModuleType":{"COMMUNICATIONS_MODULE":{"mandatory":["entityKey"],"optional":[]}}}
      """[39m

  [36m@searching_communications_module_type @catalogs @searching[39m
  Scenario: Execute searching with parameter entityType
  [32m✔ Given an apikey user by "require-real-apikey"[39m
  [32m✔ And an ogapi "communications module type search" util[39m
  [32m✔ Given I want to search a "communications module type"[39m
  [32m✔ When I try to search with...[39m
      | [32mfield[39m | [32mcontent[39m |
      | [32mtype [39m | [32mSIGFOX [39m |
  [32m✔ And I build it[39m
  [32m✔ And I execute it[39m
RESPONSE_: {"data":{"communicationsModuleType":{"COMMUNICATIONS_MODULE":{"mandatory":["entityKey"],"optional":[]}}},"statusCode":200}
  [32m✔ Then response code should be: 200[39m
  [32m✔ And the result contains:[39m
      [32m"""
      {"communicationsModuleType":{"COMMUNICATIONS_MODULE":{"mandatory":["entityKey"],"optional":[]}}}
      """[39m

[36m@catalogs @searching @searching_countrycodes[39m
Feature: Searching Country Codes provider in catalog

    As a user of JsApi
    I want to search into Country Codes provider catalog

  [36m@catalogs @searching @searching_countrycodes[39m
  Scenario: Execute searching
  [32m✔ Given an apikey user by "require-real-apikey"[39m
  [32m✔ And an ogapi "Country Codes search" util[39m
  [32m✔ When I build it[39m
  [32m✔ And I execute it[39m
RESPONSE_: {"data":{"countryCodes":[{"code":"AD","country":"Andorra","zone":"Europe/Andorra"},{"code":"AE","country":"United Arab Emirates","zone":"Asia/Dubai"},{"code":"AF","country":"Afghanistan","zone":"Asia/Kabul"},{"code":"AG","country":"Antigua and Barbuda","zone":"America/Antigua"},{"code":"AI","country":"Anguilla","zone":"America/Anguilla"},{"code":"AL","country":"Albania","zone":"Europe/Tirane"},{"code":"AM","country":"Armenia","zone":"Asia/Yerevan"},{"code":"AN","country":"Netherlands Antilles","zone":"Netherlands Antilles"},{"code":"AO","country":"Angola","zone":"Africa/Luanda"},{"code":"AQ","country":"Antarctica","zone":"Antarctica/McMurdo"},{"code":"AR","country":"Argentina","zone":"America/Argentina/Buenos_Aires"},{"code":"AS","country":"American Samoa","zone":"Pacific/Pago_Pago"},{"code":"AT","country":"Austria","zone":"Europe/Vienna"},{"code":"AU","country":"Australia","zone":"Australia/Lord_Howe"},{"code":"AW","country":"Aruba","zone":"America/Aruba"},{"code":"AX","country":"Aland Islands","zone":"Europe/Mariehamn"},{"code":"AZ","country":"Azerbaijan","zone":"Asia/Baku"},{"code":"BA","country":"Bosnia and Herzegovina","zone":"Europe/Sarajevo"},{"code":"BB","country":"Barbados","zone":"America/Barbados"},{"code":"BD","country":"Bangladesh","zone":"Asia/Dhaka"},{"code":"BE","country":"Belgium","zone":"Europe/Brussels"},{"code":"BF","country":"Burkina Faso","zone":"Africa/Ouagadougou"},{"code":"BG","country":"Bulgaria","zone":"Europe/Sofia"},{"code":"BH","country":"Bahrain","zone":"Asia/Bahrain"},{"code":"BI","country":"Burundi","zone":"Africa/Bujumbura"},{"code":"BJ","country":"Benin","zone":"Africa/Porto-Novo"},{"code":"BL","country":"Saint Barthélemy","zone":"America/St_Barthelemy"},{"code":"BM","country":"Bermuda","zone":"Atlantic/Bermuda"},{"code":"BN","country":"Brunei","zone":"Asia/Brunei"},{"code":"BO","country":"Bolivia","zone":"America/La_Paz"},{"code":"BQ","country":"Bonaire, Saint Eustatius and Saba","zone":"America/Kralendijk"},{"code":"BR","country":"Brazil","zone":"America/Noronha"},{"code":"BS","country":"Bahamas","zone":"America/Nassau"},{"code":"BT","country":"Bhutan","zone":"Asia/Thimphu"},{"code":"BV","country":"Bouvet Island","zone":"Bouvet Island"},{"code":"BW","country":"Botswana","zone":"Africa/Gaborone"},{"code":"BY","country":"Belarus","zone":"Europe/Minsk"},{"code":"BZ","country":"Belize","zone":"America/Belize"},{"code":"CA","country":"Canada","zone":"America/St_Johns"},{"code":"CC","country":"Cocos Islands","zone":"Indian/Cocos"},{"code":"CD","country":"Democratic Republic of the Congo","zone":"Africa/Kinshasa"},{"code":"CF","country":"Central African Republic","zone":"Africa/Bangui"},{"code":"CG","country":"Republic of the Congo","zone":"Africa/Brazzaville"},{"code":"CH","country":"Switzerland","zone":"Europe/Zurich"},{"code":"CI","country":"Ivory Coast","zone":"Africa/Abidjan"},{"code":"CK","country":"Cook Islands","zone":"Pacific/Rarotonga"},{"code":"CL","country":"Chile","zone":"America/Santiago"},{"code":"CM","country":"Cameroon","zone":"Africa/Douala"},{"code":"CN","country":"China","zone":"Asia/Shanghai"},{"code":"CO","country":"Colombia","zone":"America/Bogota"},{"code":"CR","country":"Costa Rica","zone":"America/Costa_Rica"},{"code":"CS","country":"Serbia and Montenegro","zone":"Serbia and Montenegro"},{"code":"CU","country":"Cuba","zone":"America/Havana"},{"code":"CV","country":"Cape Verde","zone":"Atlantic/Cape_Verde"},{"code":"CW","country":"Curaçao","zone":"America/Curacao"},{"code":"CX","country":"Christmas Island","zone":"Indian/Christmas"},{"code":"CY","country":"Cyprus","zone":"Asia/Nicosia"},{"code":"CZ","country":"Czech Republic","zone":"Europe/Prague"},{"code":"DE","country":"Germany","zone":"Europe/Berlin"},{"code":"DJ","country":"Djibouti","zone":"Africa/Djibouti"},{"code":"DK","country":"Denmark","zone":"Europe/Copenhagen"},{"code":"DM","country":"Dominica","zone":"America/Dominica"},{"code":"DO","country":"Dominican Republic","zone":"America/Santo_Domingo"},{"code":"DZ","country":"Algeria","zone":"Africa/Algiers"},{"code":"EC","country":"Ecuador","zone":"America/Guayaquil"},{"code":"EE","country":"Estonia","zone":"Europe/Tallinn"},{"code":"EG","country":"Egypt","zone":"Africa/Cairo"},{"code":"EH","country":"Western Sahara","zone":"Africa/El_Aaiun"},{"code":"ER","country":"Eritrea","zone":"Africa/Asmara"},{"code":"ES","country":"Spain","zone":"Europe/Madrid"},{"code":"ET","country":"Ethiopia","zone":"Africa/Addis_Ababa"},{"code":"FI","country":"Finland","zone":"Europe/Helsinki"},{"code":"FJ","country":"Fiji","zone":"Pacific/Fiji"},{"code":"FK","country":"Falkland Islands","zone":"Atlantic/Stanley"},{"code":"FM","country":"Micronesia","zone":"Pacific/Chuuk"},{"code":"FO","country":"Faroe Islands","zone":"Atlantic/Faroe"},{"code":"FR","country":"France","zone":"Europe/Paris"},{"code":"GA","country":"Gabon","zone":"Africa/Libreville"},{"code":"GB","country":"United Kingdom","zone":"Europe/London"},{"code":"GD","country":"Grenada","zone":"America/Grenada"},{"code":"GE","country":"Georgia","zone":"Asia/Tbilisi"},{"code":"GF","country":"French Guiana","zone":"America/Cayenne"},{"code":"GG","country":"Guernsey","zone":"Europe/Guernsey"},{"code":"GH","country":"Ghana","zone":"Africa/Accra"},{"code":"GI","country":"Gibraltar","zone":"Europe/Gibraltar"},{"code":"GL","country":"Greenland","zone":"America/Godthab"},{"code":"GM","country":"Gambia","zone":"Africa/Banjul"},{"code":"GN","country":"Guinea","zone":"Africa/Conakry"},{"code":"GP","country":"Guadeloupe","zone":"America/Guadeloupe"},{"code":"GQ","country":"Equatorial Guinea","zone":"Africa/Malabo"},{"code":"GR","country":"Greece","zone":"Europe/Athens"},{"code":"GS","country":"South Georgia and the South Sandwich Islands","zone":"Atlantic/South_Georgia"},{"code":"GT","country":"Guatemala","zone":"America/Guatemala"},{"code":"GU","country":"Guam","zone":"Pacific/Guam"},{"code":"GW","country":"Guinea-Bissau","zone":"Africa/Bissau"},{"code":"GY","country":"Guyana","zone":"America/Guyana"},{"code":"HK","country":"Hong Kong","zone":"Asia/Hong_Kong"},{"code":"HM","country":"Heard Island and McDonald Islands","zone":"Heard Island and McDonald Islands"},{"code":"HN","country":"Honduras","zone":"America/Tegucigalpa"},{"code":"HR","country":"Croatia","zone":"Europe/Zagreb"},{"code":"HT","country":"Haiti","zone":"America/Port-au-Prince"},{"code":"HU","country":"Hungary","zone":"Europe/Budapest"},{"code":"ID","country":"Indonesia","zone":"Asia/Jakarta"},{"code":"IE","country":"Ireland","zone":"Europe/Dublin"},{"code":"IL","country":"Israel","zone":"Asia/Jerusalem"},{"code":"IM","country":"Isle of Man","zone":"Europe/Isle_of_Man"},{"code":"IN","country":"India","zone":"Asia/Kolkata"},{"code":"IO","country":"British Indian Ocean Territory","zone":"Indian/Chagos"},{"code":"IQ","country":"Iraq","zone":"Asia/Baghdad"},{"code":"IR","country":"Iran","zone":"Asia/Tehran"},{"code":"IS","country":"Iceland","zone":"Atlantic/Reykjavik"},{"code":"IT","country":"Italy","zone":"Europe/Rome"},{"code":"JE","country":"Jersey","zone":"Europe/Jersey"},{"code":"JM","country":"Jamaica","zone":"America/Jamaica"},{"code":"JO","country":"Jordan","zone":"Asia/Amman"},{"code":"JP","country":"Japan","zone":"Asia/Tokyo"},{"code":"KE","country":"Kenya","zone":"Africa/Nairobi"},{"code":"KG","country":"Kyrgyzstan","zone":"Asia/Bishkek"},{"code":"KH","country":"Cambodia","zone":"Asia/Phnom_Penh"},{"code":"KI","country":"Kiribati","zone":"Pacific/Tarawa"},{"code":"KM","country":"Comoros","zone":"Indian/Comoro"},{"code":"KN","country":"Saint Kitts and Nevis","zone":"America/St_Kitts"},{"code":"KP","country":"North Korea","zone":"Asia/Pyongyang"},{"code":"KR","country":"South Korea","zone":"Asia/Seoul"},{"code":"KW","country":"Kuwait","zone":"Asia/Kuwait"},{"code":"KY","country":"Cayman Islands","zone":"America/Cayman"},{"code":"KZ","country":"Kazakhstan","zone":"Asia/Almaty"},{"code":"LA","country":"Laos","zone":"Asia/Vientiane"},{"code":"LB","country":"Lebanon","zone":"Asia/Beirut"},{"code":"LC","country":"Saint Lucia","zone":"America/St_Lucia"},{"code":"LI","country":"Liechtenstein","zone":"Europe/Vaduz"},{"code":"LK","country":"Sri Lanka","zone":"Asia/Colombo"},{"code":"LR","country":"Liberia","zone":"Africa/Monrovia"},{"code":"LS","country":"Lesotho","zone":"Africa/Maseru"},{"code":"LT","country":"Lithuania","zone":"Europe/Vilnius"},{"code":"LU","country":"Luxembourg","zone":"Europe/Luxembourg"},{"code":"LV","country":"Latvia","zone":"Europe/Riga"},{"code":"LY","country":"Libya","zone":"Africa/Tripoli"},{"code":"MA","country":"Morocco","zone":"Africa/Casablanca"},{"code":"MC","country":"Monaco","zone":"Europe/Monaco"},{"code":"MD","country":"Moldova","zone":"Europe/Chisinau"},{"code":"ME","country":"Montenegro","zone":"Europe/Podgorica"},{"code":"MF","country":"Saint Martin","zone":"America/Marigot"},{"code":"MG","country":"Madagascar","zone":"Indian/Antananarivo"},{"code":"MH","country":"Marshall Islands","zone":"Pacific/Majuro"},{"code":"MK","country":"Macedonia","zone":"Europe/Skopje"},{"code":"ML","country":"Mali","zone":"Africa/Bamako"},{"code":"MM","country":"Myanmar","zone":"Asia/Yangon"},{"code":"MN","country":"Mongolia","zone":"Asia/Ulaanbaatar"},{"code":"MO","country":"Macao","zone":"Asia/Macau"},{"code":"MP","country":"Northern Mariana Islands","zone":"Pacific/Saipan"},{"code":"MQ","country":"Martinique","zone":"America/Martinique"},{"code":"MR","country":"Mauritania","zone":"Africa/Nouakchott"},{"code":"MS","country":"Montserrat","zone":"America/Montserrat"},{"code":"MT","country":"Malta","zone":"Europe/Malta"},{"code":"MU","country":"Mauritius","zone":"Indian/Mauritius"},{"code":"MV","country":"Maldives","zone":"Indian/Maldives"},{"code":"MW","country":"Malawi","zone":"Africa/Blantyre"},{"code":"MX","country":"Mexico","zone":"America/Mexico_City"},{"code":"MY","country":"Malaysia","zone":"Asia/Kuala_Lumpur"},{"code":"MZ","country":"Mozambique","zone":"Africa/Maputo"},{"code":"NA","country":"Namibia","zone":"Africa/Windhoek"},{"code":"NC","country":"New Caledonia","zone":"Pacific/Noumea"},{"code":"NE","country":"Niger","zone":"Africa/Niamey"},{"code":"NF","country":"Norfolk Island","zone":"Pacific/Norfolk"},{"code":"NG","country":"Nigeria","zone":"Africa/Lagos"},{"code":"NI","country":"Nicaragua","zone":"America/Managua"},{"code":"NL","country":"Netherlands","zone":"Europe/Amsterdam"},{"code":"NO","country":"Norway","zone":"Europe/Oslo"},{"code":"NP","country":"Nepal","zone":"Asia/Kathmandu"},{"code":"NR","country":"Nauru","zone":"Pacific/Nauru"},{"code":"NU","country":"Niue","zone":"Pacific/Niue"},{"code":"NZ","country":"New Zealand","zone":"Pacific/Auckland"},{"code":"OM","country":"Oman","zone":"Asia/Muscat"},{"code":"PA","country":"Panama","zone":"America/Panama"},{"code":"PE","country":"Peru","zone":"America/Lima"},{"code":"PF","country":"French Polynesia","zone":"Pacific/Tahiti"},{"code":"PG","country":"Papua New Guinea","zone":"Pacific/Port_Moresby"},{"code":"PH","country":"Philippines","zone":"Asia/Manila"},{"code":"PK","country":"Pakistan","zone":"Asia/Karachi"},{"code":"PL","country":"Poland","zone":"Europe/Warsaw"},{"code":"PM","country":"Saint Pierre and Miquelon","zone":"America/Miquelon"},{"code":"PN","country":"Pitcairn","zone":"Pacific/Pitcairn"},{"code":"PR","country":"Puerto Rico","zone":"America/Puerto_Rico"},{"code":"PS","country":"Palestinian Territory","zone":"Asia/Gaza"},{"code":"PT","country":"Portugal","zone":"Europe/Lisbon"},{"code":"PW","country":"Palau","zone":"Pacific/Palau"},{"code":"PY","country":"Paraguay","zone":"America/Asuncion"},{"code":"QA","country":"Qatar","zone":"Asia/Qatar"},{"code":"RE","country":"Reunion","zone":"Indian/Reunion"},{"code":"RO","country":"Romania","zone":"Europe/Bucharest"},{"code":"RS","country":"Serbia","zone":"Europe/Belgrade"},{"code":"RU","country":"Russia","zone":"Europe/Kaliningrad"},{"code":"RW","country":"Rwanda","zone":"Africa/Kigali"},{"code":"SA","country":"Saudi Arabia","zone":"Asia/Riyadh"},{"code":"SB","country":"Solomon Islands","zone":"Pacific/Guadalcanal"},{"code":"SC","country":"Seychelles","zone":"Indian/Mahe"},{"code":"SD","country":"Sudan","zone":"Africa/Khartoum"},{"code":"SE","country":"Sweden","zone":"Europe/Stockholm"},{"code":"SG","country":"Singapore","zone":"Asia/Singapore"},{"code":"SH","country":"Saint Helena","zone":"Atlantic/St_Helena"},{"code":"SI","country":"Slovenia","zone":"Europe/Ljubljana"},{"code":"SJ","country":"Svalbard and Jan Mayen","zone":"Arctic/Longyearbyen"},{"code":"SK","country":"Slovakia","zone":"Europe/Bratislava"},{"code":"SL","country":"Sierra Leone","zone":"Africa/Freetown"},{"code":"SM","country":"San Marino","zone":"Europe/San_Marino"},{"code":"SN","country":"Senegal","zone":"Africa/Dakar"},{"code":"SO","country":"Somalia","zone":"Africa/Mogadishu"},{"code":"SR","country":"Suriname","zone":"America/Paramaribo"},{"code":"SS","country":"South Sudan","zone":"Africa/Juba"},{"code":"ST","country":"Sao Tome and Principe","zone":"Africa/Sao_Tome"},{"code":"SV","country":"El Salvador","zone":"America/El_Salvador"},{"code":"SX","country":"Sint Maarten","zone":"America/Lower_Princes"},{"code":"SY","country":"Syria","zone":"Asia/Damascus"},{"code":"SZ","country":"Swaziland","zone":"Africa/Mbabane"},{"code":"TC","country":"Turks and Caicos Islands","zone":"America/Grand_Turk"},{"code":"TD","country":"Chad","zone":"Africa/Ndjamena"},{"code":"TF","country":"French Southern Territories","zone":"Indian/Kerguelen"},{"code":"TG","country":"Togo","zone":"Africa/Lome"},{"code":"TH","country":"Thailand","zone":"Asia/Bangkok"},{"code":"TJ","country":"Tajikistan","zone":"Asia/Dushanbe"},{"code":"TK","country":"Tokelau","zone":"Pacific/Fakaofo"},{"code":"TL","country":"East Timor","zone":"Asia/Dili"},{"code":"TM","country":"Turkmenistan","zone":"Asia/Ashgabat"},{"code":"TN","country":"Tunisia","zone":"Africa/Tunis"},{"code":"TO","country":"Tonga","zone":"Pacific/Tongatapu"},{"code":"TR","country":"Turkey","zone":"Europe/Istanbul"},{"code":"TT","country":"Trinidad and Tobago","zone":"America/Port_of_Spain"},{"code":"TV","country":"Tuvalu","zone":"Pacific/Funafuti"},{"code":"TW","country":"Taiwan","zone":"Asia/Taipei"},{"code":"TZ","country":"Tanzania","zone":"Africa/Dar_es_Salaam"},{"code":"UA","country":"Ukraine","zone":"Europe/Kiev"},{"code":"UG","country":"Uganda","zone":"Africa/Kampala"},{"code":"UM","country":"United States Minor Outlying Islands","zone":"Pacific/Midway"},{"code":"US","country":"United States","zone":"America/New_York"},{"code":"UY","country":"Uruguay","zone":"America/Montevideo"},{"code":"UZ","country":"Uzbekistan","zone":"Asia/Samarkand"},{"code":"VA","country":"Vatican","zone":"Europe/Vatican"},{"code":"VC","country":"Saint Vincent and the Grenadines","zone":"America/St_Vincent"},{"code":"VE","country":"Venezuela","zone":"America/Caracas"},{"code":"VG","country":"British Virgin Islands","zone":"America/Tortola"},{"code":"VI","country":"U.S. Virgin Islands","zone":"America/St_Thomas"},{"code":"VN","country":"Vietnam","zone":"Asia/Ho_Chi_Minh"},{"code":"VU","country":"Vanuatu","zone":"Pacific/Efate"},{"code":"WF","country":"Wallis and Futuna","zone":"Pacific/Wallis"},{"code":"WS","country":"Samoa","zone":"Pacific/Apia"},{"code":"XK","country":"Kosovo","zone":"Kosovo"},{"code":"YE","country":"Yemen","zone":"Asia/Aden"},{"code":"YT","country":"Mayotte","zone":"Indian/Mayotte"},{"code":"ZA","country":"South Africa","zone":"Africa/Johannesburg"},{"code":"ZM","country":"Zambia","zone":"Africa/Lusaka"},{"code":"ZW","country":"Zimbabwe","zone":"Africa/Harare"}]},"statusCode":200}
  [32m✔ Then response code should be: 200[39m
  [32m✔ And the result contains:[39m
      [32m"""
      {"countryCodes":[{"code":"AD","country":"Andorra","zone":"Europe/Andorra"},{"code":"AE","country":"United Arab Emirates","zone":"Asia/Dubai"},{"code":"AF","country":"Afghanistan","zone":"Asia/Kabul"},{"code":"AG","country":"Antigua and Barbuda","zone":"America/Antigua"},{"code":"AI","country":"Anguilla","zone":"America/Anguilla"},{"code":"AL","country":"Albania","zone":"Europe/Tirane"},{"code":"AM","country":"Armenia","zone":"Asia/Yerevan"},{"code":"AN","country":"Netherlands Antilles","zone":"Netherlands Antilles"},{"code":"AO","country":"Angola","zone":"Africa/Luanda"},{"code":"AQ","country":"Antarctica","zone":"Antarctica/McMurdo"},{"code":"AR","country":"Argentina","zone":"America/Argentina/Buenos_Aires"},{"code":"AS","country":"American Samoa","zone":"Pacific/Pago_Pago"},{"code":"AT","country":"Austria","zone":"Europe/Vienna"},{"code":"AU","country":"Australia","zone":"Australia/Lord_Howe"},{"code":"AW","country":"Aruba","zone":"America/Aruba"},{"code":"AX","country":"Aland Islands","zone":"Europe/Mariehamn"},{"code":"AZ","country":"Azerbaijan","zone":"Asia/Baku"},{"code":"BA","country":"Bosnia and Herzegovina","zone":"Europe/Sarajevo"},{"code":"BB","country":"Barbados","zone":"America/Barbados"},{"code":"BD","country":"Bangladesh","zone":"Asia/Dhaka"},{"code":"BE","country":"Belgium","zone":"Europe/Brussels"},{"code":"BF","country":"Burkina Faso","zone":"Africa/Ouagadougou"},{"code":"BG","country":"Bulgaria","zone":"Europe/Sofia"},{"code":"BH","country":"Bahrain","zone":"Asia/Bahrain"},{"code":"BI","country":"Burundi","zone":"Africa/Bujumbura"},{"code":"BJ","country":"Benin","zone":"Africa/Porto-Novo"},{"code":"BL","country":"Saint Barthélemy","zone":"America/St_Barthelemy"},{"code":"BM","country":"Bermuda","zone":"Atlantic/Bermuda"},{"code":"BN","country":"Brunei","zone":"Asia/Brunei"},{"code":"BO","country":"Bolivia","zone":"America/La_Paz"},{"code":"BQ","country":"Bonaire, Saint Eustatius and Saba","zone":"America/Kralendijk"},{"code":"BR","country":"Brazil","zone":"America/Noronha"},{"code":"BS","country":"Bahamas","zone":"America/Nassau"},{"code":"BT","country":"Bhutan","zone":"Asia/Thimphu"},{"code":"BV","country":"Bouvet Island","zone":"Bouvet Island"},{"code":"BW","country":"Botswana","zone":"Africa/Gaborone"},{"code":"BY","country":"Belarus","zone":"Europe/Minsk"},{"code":"BZ","country":"Belize","zone":"America/Belize"},{"code":"CA","country":"Canada","zone":"America/St_Johns"},{"code":"CC","country":"Cocos Islands","zone":"Indian/Cocos"},{"code":"CD","country":"Democratic Republic of the Congo","zone":"Africa/Kinshasa"},{"code":"CF","country":"Central African Republic","zone":"Africa/Bangui"},{"code":"CG","country":"Republic of the Congo","zone":"Africa/Brazzaville"},{"code":"CH","country":"Switzerland","zone":"Europe/Zurich"},{"code":"CI","country":"Ivory Coast","zone":"Africa/Abidjan"},{"code":"CK","country":"Cook Islands","zone":"Pacific/Rarotonga"},{"code":"CL","country":"Chile","zone":"America/Santiago"},{"code":"CM","country":"Cameroon","zone":"Africa/Douala"},{"code":"CN","country":"China","zone":"Asia/Shanghai"},{"code":"CO","country":"Colombia","zone":"America/Bogota"},{"code":"CR","country":"Costa Rica","zone":"America/Costa_Rica"},{"code":"CS","country":"Serbia and Montenegro","zone":"Serbia and Montenegro"},{"code":"CU","country":"Cuba","zone":"America/Havana"},{"code":"CV","country":"Cape Verde","zone":"Atlantic/Cape_Verde"},{"code":"CW","country":"Curaçao","zone":"America/Curacao"},{"code":"CX","country":"Christmas Island","zone":"Indian/Christmas"},{"code":"CY","country":"Cyprus","zone":"Asia/Nicosia"},{"code":"CZ","country":"Czech Republic","zone":"Europe/Prague"},{"code":"DE","country":"Germany","zone":"Europe/Berlin"},{"code":"DJ","country":"Djibouti","zone":"Africa/Djibouti"},{"code":"DK","country":"Denmark","zone":"Europe/Copenhagen"},{"code":"DM","country":"Dominica","zone":"America/Dominica"},{"code":"DO","country":"Dominican Republic","zone":"America/Santo_Domingo"},{"code":"DZ","country":"Algeria","zone":"Africa/Algiers"},{"code":"EC","country":"Ecuador","zone":"America/Guayaquil"},{"code":"EE","country":"Estonia","zone":"Europe/Tallinn"},{"code":"EG","country":"Egypt","zone":"Africa/Cairo"},{"code":"EH","country":"Western Sahara","zone":"Africa/El_Aaiun"},{"code":"ER","country":"Eritrea","zone":"Africa/Asmara"},{"code":"ES","country":"Spain","zone":"Europe/Madrid"},{"code":"ET","country":"Ethiopia","zone":"Africa/Addis_Ababa"},{"code":"FI","country":"Finland","zone":"Europe/Helsinki"},{"code":"FJ","country":"Fiji","zone":"Pacific/Fiji"},{"code":"FK","country":"Falkland Islands","zone":"Atlantic/Stanley"},{"code":"FM","country":"Micronesia","zone":"Pacific/Chuuk"},{"code":"FO","country":"Faroe Islands","zone":"Atlantic/Faroe"},{"code":"FR","country":"France","zone":"Europe/Paris"},{"code":"GA","country":"Gabon","zone":"Africa/Libreville"},{"code":"GB","country":"United Kingdom","zone":"Europe/London"},{"code":"GD","country":"Grenada","zone":"America/Grenada"},{"code":"GE","country":"Georgia","zone":"Asia/Tbilisi"},{"code":"GF","country":"French Guiana","zone":"America/Cayenne"},{"code":"GG","country":"Guernsey","zone":"Europe/Guernsey"},{"code":"GH","country":"Ghana","zone":"Africa/Accra"},{"code":"GI","country":"Gibraltar","zone":"Europe/Gibraltar"},{"code":"GL","country":"Greenland","zone":"America/Godthab"},{"code":"GM","country":"Gambia","zone":"Africa/Banjul"},{"code":"GN","country":"Guinea","zone":"Africa/Conakry"},{"code":"GP","country":"Guadeloupe","zone":"America/Guadeloupe"},{"code":"GQ","country":"Equatorial Guinea","zone":"Africa/Malabo"},{"code":"GR","country":"Greece","zone":"Europe/Athens"},{"code":"GS","country":"South Georgia and the South Sandwich Islands","zone":"Atlantic/South_Georgia"},{"code":"GT","country":"Guatemala","zone":"America/Guatemala"},{"code":"GU","country":"Guam","zone":"Pacific/Guam"},{"code":"GW","country":"Guinea-Bissau","zone":"Africa/Bissau"},{"code":"GY","country":"Guyana","zone":"America/Guyana"},{"code":"HK","country":"Hong Kong","zone":"Asia/Hong_Kong"},{"code":"HM","country":"Heard Island and McDonald Islands","zone":"Heard Island and McDonald Islands"},{"code":"HN","country":"Honduras","zone":"America/Tegucigalpa"},{"code":"HR","country":"Croatia","zone":"Europe/Zagreb"},{"code":"HT","country":"Haiti","zone":"America/Port-au-Prince"},{"code":"HU","country":"Hungary","zone":"Europe/Budapest"},{"code":"ID","country":"Indonesia","zone":"Asia/Jakarta"},{"code":"IE","country":"Ireland","zone":"Europe/Dublin"},{"code":"IL","country":"Israel","zone":"Asia/Jerusalem"},{"code":"IM","country":"Isle of Man","zone":"Europe/Isle_of_Man"},{"code":"IN","country":"India","zone":"Asia/Kolkata"},{"code":"IO","country":"British Indian Ocean Territory","zone":"Indian/Chagos"},{"code":"IQ","country":"Iraq","zone":"Asia/Baghdad"},{"code":"IR","country":"Iran","zone":"Asia/Tehran"},{"code":"IS","country":"Iceland","zone":"Atlantic/Reykjavik"},{"code":"IT","country":"Italy","zone":"Europe/Rome"},{"code":"JE","country":"Jersey","zone":"Europe/Jersey"},{"code":"JM","country":"Jamaica","zone":"America/Jamaica"},{"code":"JO","country":"Jordan","zone":"Asia/Amman"},{"code":"JP","country":"Japan","zone":"Asia/Tokyo"},{"code":"KE","country":"Kenya","zone":"Africa/Nairobi"},{"code":"KG","country":"Kyrgyzstan","zone":"Asia/Bishkek"},{"code":"KH","country":"Cambodia","zone":"Asia/Phnom_Penh"},{"code":"KI","country":"Kiribati","zone":"Pacific/Tarawa"},{"code":"KM","country":"Comoros","zone":"Indian/Comoro"},{"code":"KN","country":"Saint Kitts and Nevis","zone":"America/St_Kitts"},{"code":"KP","country":"North Korea","zone":"Asia/Pyongyang"},{"code":"KR","country":"South Korea","zone":"Asia/Seoul"},{"code":"KW","country":"Kuwait","zone":"Asia/Kuwait"},{"code":"KY","country":"Cayman Islands","zone":"America/Cayman"},{"code":"KZ","country":"Kazakhstan","zone":"Asia/Almaty"},{"code":"LA","country":"Laos","zone":"Asia/Vientiane"},{"code":"LB","country":"Lebanon","zone":"Asia/Beirut"},{"code":"LC","country":"Saint Lucia","zone":"America/St_Lucia"},{"code":"LI","country":"Liechtenstein","zone":"Europe/Vaduz"},{"code":"LK","country":"Sri Lanka","zone":"Asia/Colombo"},{"code":"LR","country":"Liberia","zone":"Africa/Monrovia"},{"code":"LS","country":"Lesotho","zone":"Africa/Maseru"},{"code":"LT","country":"Lithuania","zone":"Europe/Vilnius"},{"code":"LU","country":"Luxembourg","zone":"Europe/Luxembourg"},{"code":"LV","country":"Latvia","zone":"Europe/Riga"},{"code":"LY","country":"Libya","zone":"Africa/Tripoli"},{"code":"MA","country":"Morocco","zone":"Africa/Casablanca"},{"code":"MC","country":"Monaco","zone":"Europe/Monaco"},{"code":"MD","country":"Moldova","zone":"Europe/Chisinau"},{"code":"ME","country":"Montenegro","zone":"Europe/Podgorica"},{"code":"MF","country":"Saint Martin","zone":"America/Marigot"},{"code":"MG","country":"Madagascar","zone":"Indian/Antananarivo"},{"code":"MH","country":"Marshall Islands","zone":"Pacific/Majuro"},{"code":"MK","country":"Macedonia","zone":"Europe/Skopje"},{"code":"ML","country":"Mali","zone":"Africa/Bamako"},{"code":"MM","country":"Myanmar","zone":"Asia/Yangon"},{"code":"MN","country":"Mongolia","zone":"Asia/Ulaanbaatar"},{"code":"MO","country":"Macao","zone":"Asia/Macau"},{"code":"MP","country":"Northern Mariana Islands","zone":"Pacific/Saipan"},{"code":"MQ","country":"Martinique","zone":"America/Martinique"},{"code":"MR","country":"Mauritania","zone":"Africa/Nouakchott"},{"code":"MS","country":"Montserrat","zone":"America/Montserrat"},{"code":"MT","country":"Malta","zone":"Europe/Malta"},{"code":"MU","country":"Mauritius","zone":"Indian/Mauritius"},{"code":"MV","country":"Maldives","zone":"Indian/Maldives"},{"code":"MW","country":"Malawi","zone":"Africa/Blantyre"},{"code":"MX","country":"Mexico","zone":"America/Mexico_City"},{"code":"MY","country":"Malaysia","zone":"Asia/Kuala_Lumpur"},{"code":"MZ","country":"Mozambique","zone":"Africa/Maputo"},{"code":"NA","country":"Namibia","zone":"Africa/Windhoek"},{"code":"NC","country":"New Caledonia","zone":"Pacific/Noumea"},{"code":"NE","country":"Niger","zone":"Africa/Niamey"},{"code":"NF","country":"Norfolk Island","zone":"Pacific/Norfolk"},{"code":"NG","country":"Nigeria","zone":"Africa/Lagos"},{"code":"NI","country":"Nicaragua","zone":"America/Managua"},{"code":"NL","country":"Netherlands","zone":"Europe/Amsterdam"},{"code":"NO","country":"Norway","zone":"Europe/Oslo"},{"code":"NP","country":"Nepal","zone":"Asia/Kathmandu"},{"code":"NR","country":"Nauru","zone":"Pacific/Nauru"},{"code":"NU","country":"Niue","zone":"Pacific/Niue"},{"code":"NZ","country":"New Zealand","zone":"Pacific/Auckland"},{"code":"OM","country":"Oman","zone":"Asia/Muscat"},{"code":"PA","country":"Panama","zone":"America/Panama"},{"code":"PE","country":"Peru","zone":"America/Lima"},{"code":"PF","country":"French Polynesia","zone":"Pacific/Tahiti"},{"code":"PG","country":"Papua New Guinea","zone":"Pacific/Port_Moresby"},{"code":"PH","country":"Philippines","zone":"Asia/Manila"},{"code":"PK","country":"Pakistan","zone":"Asia/Karachi"},{"code":"PL","country":"Poland","zone":"Europe/Warsaw"},{"code":"PM","country":"Saint Pierre and Miquelon","zone":"America/Miquelon"},{"code":"PN","country":"Pitcairn","zone":"Pacific/Pitcairn"},{"code":"PR","country":"Puerto Rico","zone":"America/Puerto_Rico"},{"code":"PS","country":"Palestinian Territory","zone":"Asia/Gaza"},{"code":"PT","country":"Portugal","zone":"Europe/Lisbon"},{"code":"PW","country":"Palau","zone":"Pacific/Palau"},{"code":"PY","country":"Paraguay","zone":"America/Asuncion"},{"code":"QA","country":"Qatar","zone":"Asia/Qatar"},{"code":"RE","country":"Reunion","zone":"Indian/Reunion"},{"code":"RO","country":"Romania","zone":"Europe/Bucharest"},{"code":"RS","country":"Serbia","zone":"Europe/Belgrade"},{"code":"RU","country":"Russia","zone":"Europe/Kaliningrad"},{"code":"RW","country":"Rwanda","zone":"Africa/Kigali"},{"code":"SA","country":"Saudi Arabia","zone":"Asia/Riyadh"},{"code":"SB","country":"Solomon Islands","zone":"Pacific/Guadalcanal"},{"code":"SC","country":"Seychelles","zone":"Indian/Mahe"},{"code":"SD","country":"Sudan","zone":"Africa/Khartoum"},{"code":"SE","country":"Sweden","zone":"Europe/Stockholm"},{"code":"SG","country":"Singapore","zone":"Asia/Singapore"},{"code":"SH","country":"Saint Helena","zone":"Atlantic/St_Helena"},{"code":"SI","country":"Slovenia","zone":"Europe/Ljubljana"},{"code":"SJ","country":"Svalbard and Jan Mayen","zone":"Arctic/Longyearbyen"},{"code":"SK","country":"Slovakia","zone":"Europe/Bratislava"},{"code":"SL","country":"Sierra Leone","zone":"Africa/Freetown"},{"code":"SM","country":"San Marino","zone":"Europe/San_Marino"},{"code":"SN","country":"Senegal","zone":"Africa/Dakar"},{"code":"SO","country":"Somalia","zone":"Africa/Mogadishu"},{"code":"SR","country":"Suriname","zone":"America/Paramaribo"},{"code":"SS","country":"South Sudan","zone":"Africa/Juba"},{"code":"ST","country":"Sao Tome and Principe","zone":"Africa/Sao_Tome"},{"code":"SV","country":"El Salvador","zone":"America/El_Salvador"},{"code":"SX","country":"Sint Maarten","zone":"America/Lower_Princes"},{"code":"SY","country":"Syria","zone":"Asia/Damascus"},{"code":"SZ","country":"Swaziland","zone":"Africa/Mbabane"},{"code":"TC","country":"Turks and Caicos Islands","zone":"America/Grand_Turk"},{"code":"TD","country":"Chad","zone":"Africa/Ndjamena"},{"code":"TF","country":"French Southern Territories","zone":"Indian/Kerguelen"},{"code":"TG","country":"Togo","zone":"Africa/Lome"},{"code":"TH","country":"Thailand","zone":"Asia/Bangkok"},{"code":"TJ","country":"Tajikistan","zone":"Asia/Dushanbe"},{"code":"TK","country":"Tokelau","zone":"Pacific/Fakaofo"},{"code":"TL","country":"East Timor","zone":"Asia/Dili"},{"code":"TM","country":"Turkmenistan","zone":"Asia/Ashgabat"},{"code":"TN","country":"Tunisia","zone":"Africa/Tunis"},{"code":"TO","country":"Tonga","zone":"Pacific/Tongatapu"},{"code":"TR","country":"Turkey","zone":"Europe/Istanbul"},{"code":"TT","country":"Trinidad and Tobago","zone":"America/Port_of_Spain"},{"code":"TV","country":"Tuvalu","zone":"Pacific/Funafuti"},{"code":"TW","country":"Taiwan","zone":"Asia/Taipei"},{"code":"TZ","country":"Tanzania","zone":"Africa/Dar_es_Salaam"},{"code":"UA","country":"Ukraine","zone":"Europe/Kiev"},{"code":"UG","country":"Uganda","zone":"Africa/Kampala"},{"code":"UM","country":"United States Minor Outlying Islands","zone":"Pacific/Midway"},{"code":"US","country":"United States","zone":"America/New_York"},{"code":"UY","country":"Uruguay","zone":"America/Montevideo"},{"code":"UZ","country":"Uzbekistan","zone":"Asia/Samarkand"},{"code":"VA","country":"Vatican","zone":"Europe/Vatican"},{"code":"VC","country":"Saint Vincent and the Grenadines","zone":"America/St_Vincent"},{"code":"VE","country":"Venezuela","zone":"America/Caracas"},{"code":"VG","country":"British Virgin Islands","zone":"America/Tortola"},{"code":"VI","country":"U.S. Virgin Islands","zone":"America/St_Thomas"},{"code":"VN","country":"Vietnam","zone":"Asia/Ho_Chi_Minh"},{"code":"VU","country":"Vanuatu","zone":"Pacific/Efate"},{"code":"WF","country":"Wallis and Futuna","zone":"Pacific/Wallis"},{"code":"WS","country":"Samoa","zone":"Pacific/Apia"},{"code":"XK","country":"Kosovo","zone":"Kosovo"},{"code":"YE","country":"Yemen","zone":"Asia/Aden"},{"code":"YT","country":"Mayotte","zone":"Indian/Mayotte"},{"code":"ZA","country":"South Africa","zone":"Africa/Johannesburg"},{"code":"ZM","country":"Zambia","zone":"Africa/Lusaka"},{"code":"ZW","country":"Zimbabwe","zone":"Africa/Harare"}]}
      """[39m

[36m@fields_definition @catalogs @searching[39m
Feature: Searching fields definition in catalog

    As a user of JsApi
    I want to search into fields definition catalog
    So I can add filter

  [36m@fields_definition @catalogs @searching[39m
  Scenario: Execute searching
  [32m✔ Given an apikey user by "require-real-apikey"[39m
  [32m✔ And an ogapi "fields definition search" util[39m
  [32m✔ Given I want to search a "fields definition"[39m
  [32m✔ When I build it[39m
  [32m✔ And I execute it[39m
RESPONSE_: {"data":{"fieldsDefinition":{"string":{"description":"Text based value","subtype":["text","password"]},"boolean":{"description":"Boolean based value","subtype":[]},"calendar":{"description":"Format is described in the ISO 8601 or in http://www.w3.org/TR/NOTE-datetime","subtype":["datetime","date","time"]},"address":{"description":"Network address value","subtype":["ip","ipv4","ipv6","mac48"]},"number":{"description":"Numeric value","subtype":["integer","float","percentage"]},"enumeration":{"description":"Choice list values","subtype":["string","number"]},"array":{"description":"Array of values","subtype":["string","number"]},"coordinates":{"description":"Object indicating coordinates and timestamp in geotime subtype","subtype":["geo","geotime","geojson"]},"topology":{"description":"Object indicating relations","subtype":["path","tree (not supported yet)"]},"object":{"description":"Not yet supported. For future uses only","subtype":[]}}},"statusCode":200}
  [32m✔ Then response code should be: 200[39m

  [36m@fields_definition @catalogs @searching[39m
  Scenario: Execute searching with parameter type
  [32m✔ Given an apikey user by "require-real-apikey"[39m
  [32m✔ And an ogapi "fields definition search" util[39m
  [32m✔ Given I want to search a "fields definition"[39m
  [32m✔ When I try to search with...[39m
      | [32mfield[39m | [32mcontent[39m |
      | [32mtype [39m | [32mstring [39m |
  [32m✔ And I build it[39m
  [32m✔ And I execute it[39m
RESPONSE_: {"data":{"fieldsDefinition":{"description":"Text based value","subtype":["text","password"]}},"statusCode":200}
  [32m✔ Then response code should be: 200[39m
  [32m✔ And the result contains:[39m
      [32m"""
      {"fieldsDefinition":{"description":"Text based value","subtype":["text","password"]}}
      """[39m

  [36m@fields_definition @catalogs @searching[39m
  Scenario: Execute searching with parameter type
  [32m✔ Given an apikey user by "require-real-apikey"[39m
  [32m✔ And an ogapi "fields definition search" util[39m
  [32m✔ Given I want to search a "fields definition"[39m
  [32m✔ When I try to search with...[39m
      | [32mfield[39m | [32mcontent[39m |
      | [32mtype [39m | [32mboolean[39m |
  [32m✔ And I build it[39m
  [32m✔ And I execute it[39m
RESPONSE_: {"data":{"fieldsDefinition":{"description":"Boolean based value","subtype":[]}},"statusCode":200}
  [32m✔ Then response code should be: 200[39m
  [32m✔ And the result contains:[39m
      [32m"""
      {"fieldsDefinition":{"description":"Boolean based value","subtype":[]}}
      """[39m

  [36m@fields_definition @catalogs @searching[39m
  Scenario: Execute searching with parameter type
  [32m✔ Given an apikey user by "require-real-apikey"[39m
  [32m✔ And an ogapi "fields definition search" util[39m
  [32m✔ Given I want to search a "fields definition"[39m
  [32m✔ When I try to search with...[39m
      | [32mfield[39m | [32mcontent [39m |
      | [32mtype [39m | [32mcalendar[39m |
  [32m✔ And I build it[39m
  [32m✔ And I execute it[39m
RESPONSE_: {"data":{"fieldsDefinition":{"description":"Format is described in the ISO 8601 or in http://www.w3.org/TR/NOTE-datetime","subtype":["datetime","date","time"]}},"statusCode":200}
  [32m✔ Then response code should be: 200[39m
  [32m✔ And the result contains:[39m
      [32m"""
      {"fieldsDefinition":{"description":"Format is described in the ISO 8601 or in http://www.w3.org/TR/NOTE-datetime","subtype":["datetime","date","time"]}}
      """[39m

  [36m@fields_definition @catalogs @searching[39m
  Scenario: Execute searching with parameter type
  [32m✔ Given an apikey user by "require-real-apikey"[39m
  [32m✔ And an ogapi "fields definition search" util[39m
  [32m✔ Given I want to search a "fields definition"[39m
  [32m✔ When I try to search with...[39m
      | [32mfield[39m | [32mcontent[39m |
      | [32mtype [39m | [32maddress[39m |
  [32m✔ And I build it[39m
  [32m✔ And I execute it[39m
RESPONSE_: {"data":{"fieldsDefinition":{"description":"Network address value","subtype":["ip","ipv4","ipv6","mac48"]}},"statusCode":200}
  [32m✔ Then response code should be: 200[39m
  [32m✔ And the result contains:[39m
      [32m"""
      {"fieldsDefinition":{"description":"Network address value","subtype":["ip","ipv4","ipv6","mac48"]}}
      """[39m

  [36m@fields_definition @catalogs @searching[39m
  Scenario: Execute searching with parameter type
  [32m✔ Given an apikey user by "require-real-apikey"[39m
  [32m✔ And an ogapi "fields definition search" util[39m
  [32m✔ Given I want to search a "fields definition"[39m
  [32m✔ When I try to search with...[39m
      | [32mfield[39m | [32mcontent[39m |
      | [32mtype [39m | [32mnumber [39m |
  [32m✔ And I build it[39m
  [32m✔ And I execute it[39m
RESPONSE_: {"data":{"fieldsDefinition":{"description":"Numeric value","subtype":["integer","float","percentage"]}},"statusCode":200}
  [32m✔ Then response code should be: 200[39m
  [32m✔ And the result contains:[39m
      [32m"""
      {"fieldsDefinition":{"description":"Numeric value","subtype":["integer","float","percentage"]}}
      """[39m

  [36m@fields_definition @catalogs @searching[39m
  Scenario: Execute searching with parameter type
  [32m✔ Given an apikey user by "require-real-apikey"[39m
  [32m✔ And an ogapi "fields definition search" util[39m
  [32m✔ Given I want to search a "fields definition"[39m
  [32m✔ When I try to search with...[39m
      | [32mfield[39m | [32mcontent    [39m |
      | [32mtype [39m | [32menumeration[39m |
  [32m✔ And I build it[39m
  [32m✔ And I execute it[39m
RESPONSE_: {"data":{"fieldsDefinition":{"description":"Choice list values","subtype":["string","number"]}},"statusCode":200}
  [32m✔ Then response code should be: 200[39m
  [32m✔ And the result contains:[39m
      [32m"""
      {"fieldsDefinition":{"description":"Choice list values","subtype":["string","number"]}}
      """[39m

  [36m@fields_definition @catalogs @searching[39m
  Scenario: Execute searching with parameter type
  [32m✔ Given an apikey user by "require-real-apikey"[39m
  [32m✔ And an ogapi "fields definition search" util[39m
  [32m✔ Given I want to search a "fields definition"[39m
  [32m✔ When I try to search with...[39m
      | [32mfield[39m | [32mcontent[39m |
      | [32mtype [39m | [32marray  [39m |
  [32m✔ And I build it[39m
  [32m✔ And I execute it[39m
RESPONSE_: {"data":{"fieldsDefinition":{"description":"Array of values","subtype":["string","number"]}},"statusCode":200}
  [32m✔ Then response code should be: 200[39m
  [32m✔ And the result contains:[39m
      [32m"""
      {"fieldsDefinition":{"description":"Array of values","subtype":["string","number"]}}
      """[39m

  [36m@fields_definition @catalogs @searching[39m
  Scenario: Execute searching with parameter type
  [32m✔ Given an apikey user by "require-real-apikey"[39m
  [32m✔ And an ogapi "fields definition search" util[39m
  [32m✔ Given I want to search a "fields definition"[39m
  [32m✔ When I try to search with...[39m
      | [32mfield[39m | [32mcontent    [39m |
      | [32mtype [39m | [32mcoordinates[39m |
  [32m✔ And I build it[39m
  [32m✔ And I execute it[39m
RESPONSE_: {"data":{"fieldsDefinition":{"description":"Object indicating coordinates and timestamp in geotime subtype","subtype":["geo","geotime","geojson"]}},"statusCode":200}
  [32m✔ Then response code should be: 200[39m
  [32m✔ And the result contains:[39m
      [32m"""
      {"fieldsDefinition":{"description":"Object indicating coordinates and timestamp in geotime subtype","subtype":["geo","geotime","geojson"]}}
      """[39m

  [36m@fields_definition @catalogs @searching[39m
  Scenario: Execute searching with parameter type
  [32m✔ Given an apikey user by "require-real-apikey"[39m
  [32m✔ And an ogapi "fields definition search" util[39m
  [32m✔ Given I want to search a "fields definition"[39m
  [32m✔ When I try to search with...[39m
      | [32mfield[39m | [32mcontent [39m |
      | [32mtype [39m | [32mtopology[39m |
  [32m✔ And I build it[39m
  [32m✔ And I execute it[39m
RESPONSE_: {"data":{"fieldsDefinition":{"description":"Object indicating relations","subtype":["path","tree (not supported yet)"]}},"statusCode":200}
  [32m✔ Then response code should be: 200[39m
  [32m✔ And the result contains:[39m
      [32m"""
      {"fieldsDefinition":{"description":"Object indicating relations","subtype":["path","tree (not supported yet)"]}}
      """[39m

  [36m@fields_definition @catalogs @searching[39m
  Scenario: Execute searching with parameter type
  [32m✔ Given an apikey user by "require-real-apikey"[39m
  [32m✔ And an ogapi "fields definition search" util[39m
  [32m✔ Given I want to search a "fields definition"[39m
  [32m✔ When I try to search with...[39m
      | [32mfield[39m | [32mcontent[39m |
      | [32mtype [39m | [32mobject [39m |
  [32m✔ And I build it[39m
  [32m✔ And I execute it[39m
RESPONSE_: {"data":{"fieldsDefinition":{"description":"Not yet supported. For future uses only","subtype":[]}},"statusCode":200}
  [32m✔ Then response code should be: 200[39m
  [32m✔ And the result contains:[39m
      [32m"""
      {"fieldsDefinition":{"description":"Not yet supported. For future uses only","subtype":[]}}
      """[39m

[36m@searching_filter_fields @searching @catalogs[39m
Feature: Searching for all filter fields

  As a user of JsApi
  I want to search for all filter fields
  So I can add filter with all filter fields to search any entity

  [36m@searching_filter_fields @searching @catalogs[39m
  Scenario: Execute all fields on devices searching
  [32m✔ Given an apikey user by "require-real-apikey"[39m
  [32m✔ And an ogapi "devices search" util[39m
  [32m✔ And I want to search a "entity"[39m
  [32m✔ When I try to search with all allow fields[39m
  [32m✔ When I build it[39m
  [32m✔ And I execute it[39m
RESPONSE_: {"data":"","statusCode":204}
  [32m✔ Then response code should be: 204[39m

  [36m@searching_filter_fields @searching @catalogs[39m
  Scenario: Execute all fields on certificates searching
  [32m✔ Given an apikey user by "require-real-apikey"[39m
  [32m✔ And an ogapi "certificates search" util[39m
  [32m✔ When I try to search with all allow fields[39m
  [32m✔ When I build it[39m
  [32m✔ And I execute it[39m
  [32m✔ Then throws an error equal to "There is a parameter with incorrect value in the filter"[39m
RESPONSE_: {"statusCode":400,"data":{"errors":[{"code":5007,"message":"There is a parameter with incorrect value in the filter"}]}}
  [32m✔ And response code should be: 400[39m

  [36m@searching_filter_fields @searching @catalogs @bug @ODMQA-1155[39m
  Scenario: Execute all fields on alarms searching
  [32m✔ Given an apikey user by "require-real-apikey"[39m
  [32m✔ And an ogapi "alarms search" util[39m
  [32m✔ And I want to search a "multiple entity"[39m
  [32m✔ And I want to search into "on devices"[39m
  [32m✔ When I build it[39m
  [32m✔ And I execute it[39m
  [32m✔ Then does not throws an error[39m

  [36m@searching_filter_fields @searching @catalogs @bug @ODMQA-1151 @execution_search[39m
  Scenario: Execute all fields on executions searching
  [32m✔ Given an apikey user by "require-real-apikey"[39m
  [32m✔ And an ogapi "executions search" util[39m
  [32m✔ And I want to search a "multiple entity"[39m
  [32m✔ And I want to search into "on devices"[39m
  [32m✔ When I build it[39m
  [32m✔ And I execute it[39m
  [32m✔ Then does not throws an error[39m

  [36m@searching_filter_fields @searching @catalogs @bug @ODMQA-1150[39m
  Scenario: Execute all fields on operations searching
  [32m✔ Given an apikey user by "require-real-apikey"[39m
  [32m✔ And an ogapi "operations search" util[39m
  [32m✔ When I try to search with all allow fields[39m
  [32m✔ When I build it[39m
  [32m✔ And I execute it[39m
  [32m✔ Then throws an error equal to "There is a parameter with incorrect value in the filter"[39m
RESPONSE_: {"statusCode":400,"data":{"errors":[{"code":5007,"message":"There is a parameter with incorrect value in the filter"}]}}
  [32m✔ And response code should be: 400[39m

  [36m@searching_filter_fields @searching @catalogs[39m
  Scenario: Execute all fields on bundles searching
  [32m✔ Given an apikey user by "require-real-apikey"[39m
  [32m✔ And an ogapi "bundles search" util[39m
  [32m✔ When I try to search with all allow fields[39m
  [32m✔ When I build it[39m
  [32m✔ And I execute it[39m
  [32m✔ Then throws an error equal to "There is a parameter with incorrect value in the filter"[39m
RESPONSE_: {"statusCode":400,"data":{"errors":[{"code":5007,"message":"There is a parameter with incorrect value in the filter"}]}}
  [32m✔ And response code should be: 400[39m

  [36m@searching_filter_fields @searching @catalogs[39m
  Scenario: Execute all fields on datapoints searching
  [32m✔ Given an apikey user by "require-real-apikey"[39m
  [32m✔ And an ogapi "datapoints search" util[39m
  [32m✔ When I try to search with all allow fields[39m
  [32m✔ When I build it[39m
  [32m✔ And I execute it[39m
RESPONSE_: {"data":"","statusCode":204}
  [32m✔ Then response code should be: 204[39m

  [36m@searching_filter_fields @searching @catalogs[39m
  Scenario: Execute all fields on datastreams searching
  [32m✔ Given an apikey user by "require-real-apikey"[39m
  [32m✔ And an ogapi "datastreams search" util[39m
  [32m✔ When I try to search with all allow fields[39m
  [32m✔ When I build it[39m
  [32m✔ And I execute it[39m
RESPONSE_: {"data":"","statusCode":204}
  [32m✔ Then response code should be: 204[39m

  [36m@searching_filter_fields @searching @catalogs @datamodel[39m
  Scenario: Execute all fields on datamodels searching
  [32m✔ Given an apikey user by "require-real-apikey"[39m
  [32m✔ And an ogapi "datamodels search" util[39m
  [32m✔ When I try to search with all allow fields[39m
  [32m✔ When I build it[39m
  [32m✔ And I execute it[39m
RESPONSE_: {"data":"","statusCode":204}
  [32m✔ Then response code should be: 204[39m

  [36m@searching_filter_fields @searching @catalogs[39m
  Scenario: Execute all fields on softwares searching
  [32m✔ Given an apikey user by "require-real-apikey"[39m
  [32m✔ And an ogapi "softwares search" util[39m
  [32m✔ When I try to search with all allow fields[39m
  [32m✔ When I build it[39m
  [32m✔ And I execute it[39m
RESPONSE_: {"data":"","statusCode":204}
  [32m✔ Then response code should be: 204[39m

  [36m@searching_filter_fields @searching @catalogs @bug @ODMQA-1146[39m
  Scenario: Execute all fields on hardwares searching
  [32m✔ Given an apikey user by "require-real-apikey"[39m
  [32m✔ And an ogapi "hardwares search" util[39m
  [32m✔ When I try to search with all allow fields[39m
  [32m✔ When I build it[39m
  [32m✔ And I execute it[39m
RESPONSE_: {"data":"","statusCode":204}
  [32m✔ Then response code should be: 204[39m

  [36m@searching_filter_fields @searching @catalogs @searching_users[39m
  Scenario: Execute all fields on users searching
  [32m✔ Given an apikey user by "require-real-apikey"[39m
  [32m✔ And an ogapi "users search" util[39m
  [32m✔ When I try to search with all allow fields[39m
  [32m✔ When I build it[39m
  [32m✔ And I execute it[39m
RESPONSE_: {"data":"","statusCode":204}
  [32m✔ Then response code should be: 204[39m

  [36m@searching_filter_fields @searching @catalogs @searching_domains[39m
  Scenario: Execute all fields on domains searching
  [32m✔ Given an apikey user by "require-real-apikey"[39m
  [32m✔ And an ogapi "domains search" util[39m
  [32m✔ When I try to search with all allow fields[39m
  [32m✔ When I build it[39m
  [32m✔ And I execute it[39m
RESPONSE_: {"data":"","statusCode":204}
  [32m✔ Then response code should be: 204[39m

[36m@iot @ioT_datastream_period_provider @searching @catalogs[39m
Feature: Searching IoT datastream period provider in catalog

    As a user of JsApi
    I want to search into IoT datastream period provider catalog

  [36m@iot @ioT_datastream_period_provider @searching @catalogs[39m
  Scenario: Execute searching
  [32m✔ Given an apikey user by "require-real-apikey"[39m
  [32m✔ And an ogapi "IoT datastream period search" util[39m
  [32m✔ Given I want to search a "IoT datastream period provider"[39m
  [32m✔ When I build it[39m
  [32m✔ And I execute it[39m
RESPONSE_: {"data":{"ioTDatastreamPeriod":["PULSE","CUMULATIVE","INSTANT"]},"statusCode":200}
  [32m✔ Then response code should be: 200[39m
  [32m✔ And the result contains:[39m
      [32m"""
      {"ioTDatastreamPeriod":["PULSE","CUMULATIVE","INSTANT"]}
      """[39m

[36m@searching @mobile_phone_provider @catalogs[39m
Feature: Searching mobile phone provider in catalog

    As a user of JsApi
    I want to search into mobile phone provider catalog
    So I can add sorting, limit to search

  [36m@searching @mobile_phone_provider @catalogs[39m
  Scenario: Execute searching
  [32m✔ Given an apikey user by "require-real-apikey"[39m
  [32m✔ And an ogapi "mobile phone provider search" util[39m
  [32m✔ Given I want to search a "mobile phone provider"[39m
  [32m✔ When I build it[39m
  [32m✔ And I execute it[39m
RESPONSE_: {"data":{"mobilePhoneProvider":["Telefónica Móviles España, SAU","Vodafone España, SAU","France Telecom España, SA","Xfera Móviles, SA","Euskaltel, SA","BT España Compañia de Servicios Globales de Telecable de Asturias, SAU","R Cable y Telecomunicaciones Galicia, SA","Cableuropa, SAU","E-Plus Móviles, SL","Fonyou Telecom, SL","Jazz Telecom, SAU","Best Spain Telecom, SL","Barablu Móvil España, SLU","Vizzavi España, SL","Lycamobile, SL","Lleida Networks Serveis Telemátics, SL","Vivo, SA"]},"statusCode":200}
  [32m✔ Then response code should be: 200[39m
  [32m✔ And the result contains:[39m
      [32m"""
      {"mobilePhoneProvider":["Telefónica Móviles España, SAU","Vodafone España, SAU","France Telecom España, SA","Xfera Móviles, SA","Euskaltel, SA","BT España Compañia de Servicios Globales de Telecable de Asturias, SAU","R Cable y Telecomunicaciones Galicia, SA","Cableuropa, SAU","E-Plus Móviles, SL","Fonyou Telecom, SL","Jazz Telecom, SAU","Best Spain Telecom, SL","Barablu Móvil España, SLU","Vizzavi España, SL","Lycamobile, SL","Lleida Networks Serveis Telemátics, SL","Vivo, SA"]}
      """[39m

[36m@searching @operational_status @catalogs[39m
Feature: Searching operational status in catalog

    As a user of JsApi
    I want to search into operational status catalog
    So I can add filter, sorting, limit to search any software

  [36m@searching @operational_status @catalogs[39m
  Scenario: Execute searching
  [32m✔ Given an apikey user by "require-real-apikey"[39m
  [32m✔ And an ogapi "operational status search" util[39m
  [32m✔ Given I want to search a "operational status"[39m
  [32m✔ When I build it[39m
  [32m✔ And I execute it[39m
RESPONSE_: {"data":{"operationalStatus":[{"entityType":"ASSET","id":"UNKNOWN"},{"entityType":"ASSET","id":"NORMAL"},{"entityType":"ASSET","id":"ALARM"},{"entityType":"ASSET","id":"DOWN"},{"entityType":"ASSET","id":"SAFE_MODE"},{"entityType":"ASSET","id":"TAMPER"},{"entityType":"ASSET","id":"TEST"},{"entityType":"GATEWAY","id":"UNKNOWN"},{"entityType":"GATEWAY","id":"NORMAL"},{"entityType":"GATEWAY","id":"ALARM"},{"entityType":"GATEWAY","id":"DOWN"},{"entityType":"GATEWAY","id":"SAFE_MODE"},{"entityType":"GATEWAY","id":"TAMPER"},{"entityType":"GATEWAY","id":"TEST"},{"entityType":"COMMUNICATIONS_MODULE","id":"UNKNOWN"},{"entityType":"COMMUNICATIONS_MODULE","id":"STOPPED"},{"entityType":"COMMUNICATIONS_MODULE","id":"STARTING"},{"entityType":"COMMUNICATIONS_MODULE","id":"RUNNING"},{"entityType":"COMMUNICATIONS_MODULE","id":"STOPPING"},{"entityType":"COMMUNICATIONS_MODULE","id":"ERROR"}]},"statusCode":200}
  [32m✔ Then response code should be: 200[39m

  [36m@searching @operational_status @catalogs[39m
  Scenario: Execute searching with parameter entityType
  [32m✔ Given an apikey user by "require-real-apikey"[39m
  [32m✔ And an ogapi "operational status search" util[39m
  [32m✔ Given I want to search a "operational status"[39m
  [32m✔ When I try to search with...[39m
      | [32mfield      [39m | [32mcontent[39m |
      | [32mentity type[39m | [32mASSET  [39m |
  [32m✔ And I build it[39m
  [32m✔ And I execute it[39m
RESPONSE_: {"data":{"operationalStatus":[{"entityType":"ASSET","id":"UNKNOWN"},{"entityType":"ASSET","id":"NORMAL"},{"entityType":"ASSET","id":"ALARM"},{"entityType":"ASSET","id":"DOWN"},{"entityType":"ASSET","id":"SAFE_MODE"},{"entityType":"ASSET","id":"TAMPER"},{"entityType":"ASSET","id":"TEST"}]},"statusCode":200}
  [32m✔ Then response code should be: 200[39m
  [32m✔ And the result contains:[39m
      [32m"""
      {"operationalStatus":[{"entityType":"ASSET","id":"UNKNOWN"},{"entityType":"ASSET","id":"NORMAL"},{"entityType":"ASSET","id":"ALARM"},{"entityType":"ASSET","id":"DOWN"},{"entityType":"ASSET","id":"SAFE_MODE"},{"entityType":"ASSET","id":"TAMPER"},{"entityType":"ASSET","id":"TEST"}]}
      """[39m

  [36m@searching @operational_status @catalogs[39m
  Scenario: Execute searching with parameters
  [32m✔ Given an apikey user by "require-real-apikey"[39m
  [32m✔ And an ogapi "operational status search" util[39m
  [32m✔ Given I want to search a "operational status"[39m
  [32m✔ When I try to search with...[39m
      | [32mfield      [39m | [32mcontent              [39m |
      | [32mentity type[39m | [32mCOMMUNICATIONS_MODULE[39m |
      | [32mid         [39m | [32mSTOPPED              [39m |
  [32m✔ And I build it[39m
  [32m✔ And I execute it[39m
RESPONSE_: {"data":{"operationalStatus":[{"entityType":"COMMUNICATIONS_MODULE","id":"STOPPED"}]},"statusCode":200}
  [32m✔ Then response code should be: 200[39m
  [32m✔ And the result contains:[39m
      [32m"""
      {"operationalStatus":[{"entityType":"COMMUNICATIONS_MODULE","id":"STOPPED"}]}
      """[39m

  [36m@searching @operational_status @catalogs[39m
  Scenario: Execute searching with parameter id
  [32m✔ Given an apikey user by "require-real-apikey"[39m
  [32m✔ And an ogapi "operational status search" util[39m
  [32m✔ Given I want to search a "operational status"[39m
  [32m✔ When I try to search with...[39m
      | [32mfield[39m | [32mcontent[39m |
      | [32mid   [39m | [32mALARM  [39m |
  [32m✔ And I build it[39m
  [32m✔ And I execute it[39m
RESPONSE_: {"data":{"operationalStatus":[{"entityType":"ASSET","id":"ALARM"},{"entityType":"GATEWAY","id":"ALARM"}]},"statusCode":200}
  [32m✔ Then response code should be: 200[39m
  [32m✔ And the result contains:[39m
      [32m"""
      {"operationalStatus":[{"entityType":"ASSET","id":"ALARM"},{"entityType":"GATEWAY","id":"ALARM"}]}
      """[39m

  [36m@searching @operational_status @catalogs[39m
  Scenario: Execute searching a non existing parameter id
  [32m✔ Given an apikey user by "require-real-apikey"[39m
  [32m✔ And an ogapi "operational status search" util[39m
  [32m✔ Given I want to search a "operational status"[39m
  [32m✔ When I try to search with...[39m
      | [32mfield[39m | [32mcontent             [39m |
      | [32mid   [39m | [32mPARAMETER NOT EXISTS[39m |
  [32m✔ And I build it[39m
  [32m✔ And I execute it[39m
RESPONSE_: {"data":{},"statusCode":204}
  [32m✔ Then response code should be: 204[39m

[36m@catalogs @searching @searching_resourceType[39m
Feature: Searching Resource Type provider in catalog

    As a user of JsApi
    I want to search into Resource Type provider catalog

  [36m@catalogs @searching @searching_resourceType[39m
  Scenario: Execute searching
  [32m✔ Given an apikey user by "require-real-apikey"[39m
  [32m✔ And an ogapi "Resource Type search" util[39m
  [32m✔ When I build it[39m
  [32m✔ And I execute it[39m
RESPONSE_: {"data":{"resourceType":["asset","device"]},"statusCode":200}
  [32m✔ Then response code should be: 200[39m
  [32m✔ And the result contains:[39m
      [32m"""
      {"resourceType":["asset","device"]}
      """[39m

[36m@select-fields @searching_select_fields @searching @catalogs[39m
Feature: Searching for all select fields

    As a user of JsApi
    I want to search for all select fields
    So I can add filter with all select fields to search any entity

  [36m@select-fields @searching_select_fields @searching @catalogs[39m
  Scenario: Execute all select fields on devices searching
  [32m✔ Given an apikey user by "require-real-apikey"[39m
  [32m✔ And an ogapi "devices search" util[39m
  [32m✔ And I want to search a "entity"[39m
  [32m✔ When I try to search with all allow select fields[39m
  [32m✔ When I build it[39m
  [32m✔ And I execute it[39m
  [31m✖ Then does not throws an error[39m

  [36m@select-fields @searching_select_fields @searching @catalogs[39m
  Scenario: Execute all select fields on devices searching with utils
  [32m✔ Given an apikey user by "require-real-apikey"[39m
  [32m✔ And an ogapi "devices search" util[39m
  [32m✔ And I want to search a "entity"[39m
  [32m✔ When I try to search with all allow select fields with utils[39m
  [32m✔ When I build it[39m
  [32m✔ And I execute it[39m
  [31m✖ Then does not throws an error[39m

[36m@searching @softwares @catalogs[39m
Feature: Searching softwares in catalog

    As a user of JsApi
    I want to search into softwares catalog
    So I can add filter, sorting, limit to search any software

  [36m@searching @softwares @catalogs[39m
  Scenario: Execute searching
  [32m✔ Given an apikey user by "require-real-apikey"[39m
  [32m✔ And an ogapi "softwares search" util[39m
  [32m✔ Given I want to search a "software"[39m
  [32m✔ Given the start limit by "1" and size limit by "500"[39m
  [32m✔ And I build it[39m
  [32m✔ And I execute it[39m
RESPONSE_: {"data":{"software":[{"id":"24e92381-a6a8-4951-b8a5-0d0ebc6cb5f4","name":"CIRWATT C 410-UT5C-10C.","version":"4. 1. 2.","type":"FIRMWARE"},{"id":"7d5a5944-d825-4733-9f36-e201e22a8a36","name":"FSU001-411","version":"V6.63 I3.11","type":"FIRMWARE"},{"id":"dbde6bc8-12f8-45e6-87a6-98f6d5af6b3c","name":"MT16LSDT464AG-662C1","version":"undefined","type":"FIRMWARE"},{"id":"03d9d094-c0f0-4c8b-b728-2232f78bd17a","name":"TC65 firmware","version":"v3.0","type":"FIRMWARE"},{"id":"02dbe7fd-1cf9-463d-9d48-409fc2af3c98","name":"b208g2","version":"v1.5","type":"FIRMWARE"},{"id":"457fe8e1-3c95-4505-b6b6-75ab8d668f00","name":"cirwatt-d-405-mt5a-14d","version":"undefined","type":"FIRMWARE"},{"id":"00679b82-8d4d-403e-870d-1124852766ce","name":"firmware-cvmk2-m9cvmk2","version":"R_222_5358","type":"FIRMWARE"},{"id":"ad309c07-5172-4e65-8d80-5caf6bc261e7","name":"firmware_name","version":"1_0","type":"FIRMWARE"},{"id":"216771d7-f37b-49f3-9d0f-dfbe2974fab9","name":"firmware_test_internal","version":"123141_c372547","type":"FIRMWARE"},{"id":"15129f7c-5907-49a0-97ae-358436d777f5","name":"opengate6-agent_test","version":"undefined","type":"SOFTWARE"},{"id":"d9e19b2b-4bee-4f4b-b632-56119856b168","name":"opengate6-agent_test","version":"6.1.1","type":"SOFTWARE"},{"id":"a7c7eadb-556b-46fd-a46a-1b9a46736d8e","name":"opengate6-agent_test","version":"6.1.0","type":"SOFTWARE"},{"id":"fb4698cd-8fc4-4add-b761-a10bbb0dd09c","name":"opengate6-agent_test","version":"6.0.0","type":"SOFTWARE"},{"id":"a34f2876-4826-4fc9-bc02-3d97638c34a5","name":"test_application","version":"1.0.0","type":"FIRMWARE"},{"id":"4b57ede4-ba12-4e9b-b0b7-2f11541d4dd3","name":"unknown","version":"v6.63c0a","type":"SOFTWARE"},{"id":"ba380684-83a1-429f-9e11-a6621bb61c91","name":"unknown","version":"641_09gg","type":"SOFTWARE"},{"id":"34194157-6013-4b57-99d8-9ce8d17a8896","name":"unknown","version":"unknown","type":"SOFTWARE"},{"id":"ec98b873-5746-486a-898e-0221bb3c1a5c","name":"unknown","version":"unknown","type":"FIRMWARE"}]},"statusCode":200}
  [32m✔ Then response code should be: 200[39m

  [36m@searching @softwares @catalogs @errors @OGODM-3274[39m
  Scenario: Execute searching with single software id filter that not exists
  [32m✔ Given an apikey user by "require-real-apikey"[39m
  [32m✔ And an ogapi "softwares search" util[39m
  [32m✔ Given I want to search a "software"[39m
  [32m✔ When I try to search with...[39m
      | [32mfield      [39m | [32mcontent          [39m |
      | [32msoftware id[39m | [32mOpenGateNotExists[39m |
  [32m✔ And I build it[39m
  [32m✔ And I execute it[39m
RESPONSE_: {"data":"","statusCode":204}
  [32m✔ Then response code should be: 204[39m

[36m@searching @searching_specific_type @catalogs @ticket_search[39m
Feature: Searching specific type in catalog

    As a user of JsApi
    I want to search into specific type catalog
    So I can add filter, sorting, limit to search any software

  [36m@searching @searching_specific_type @catalogs @ticket_search[39m
  Scenario: Execute searching
  [32m✔ Given an apikey user by "require-real-apikey"[39m
  [32m✔ And an ogapi "specific type search" util[39m
  [32m✔ Given I want to search a "specific type"[39m
  [32m✔ When I build it[39m
  [32m✔ And I execute it[39m
RESPONSE_: {"data":{"specificType":[{"entityType":"COMMUNICATIONS_MODULE","id":"ADSL"},{"entityType":"COMMUNICATIONS_MODULE","id":"CAN"},{"entityType":"COMMUNICATIONS_MODULE","id":"ETH"},{"entityType":"COMMUNICATIONS_MODULE","id":"GENERIC"},{"entityType":"COMMUNICATIONS_MODULE","id":"GSM"},{"entityType":"COMMUNICATIONS_MODULE","id":"HAN"},{"entityType":"COMMUNICATIONS_MODULE","id":"I2C"},{"entityType":"COMMUNICATIONS_MODULE","id":"LOWPAN"},{"entityType":"COMMUNICATIONS_MODULE","id":"MESH"},{"entityType":"SUBSCRIBER","id":"ADSL"},{"entityType":"SUBSCRIBER","id":"CAN"},{"entityType":"SUBSCRIBER","id":"ETH"},{"entityType":"SUBSCRIBER","id":"GENERIC"},{"entityType":"SUBSCRIBER","id":"GSM"},{"entityType":"SUBSCRIBER","id":"HAN"},{"entityType":"SUBSCRIBER","id":"I2C"},{"entityType":"SUBSCRIBER","id":"LOWPAN"},{"entityType":"SUBSCRIBER","id":"MESH"},{"entityType":"SUBSCRIPTION","id":"ADSL"},{"entityType":"SUBSCRIPTION","id":"CAN"},{"entityType":"SUBSCRIPTION","id":"ETH"},{"entityType":"SUBSCRIPTION","id":"GENERIC"},{"entityType":"SUBSCRIPTION","id":"GSM"},{"entityType":"SUBSCRIPTION","id":"HAN"},{"entityType":"SUBSCRIPTION","id":"I2C"},{"entityType":"SUBSCRIPTION","id":"LOWPAN"},{"entityType":"SUBSCRIPTION","id":"MESH"},{"entityType":"SUBSCRIPTION","id":"MOBILE"},{"entityType":"SUBSCRIPTION","id":"PLC"},{"entityType":"SUBSCRIPTION","id":"RS232"},{"entityType":"SUBSCRIPTION","id":"RS422"},{"entityType":"SUBSCRIPTION","id":"RS485"},{"entityType":"SUBSCRIPTION","id":"SIGFOX"},{"entityType":"SUBSCRIPTION","id":"UMTS"},{"entityType":"SUBSCRIPTION","id":"WIFI"},{"entityType":"SUBSCRIPTION","id":"ZIGBEE"},{"entityType":"ASSET","id":"BOX"},{"entityType":"ASSET","id":"BUILDING"},{"entityType":"ASSET","id":"CONTROL_HOUSE"},{"entityType":"ASSET","id":"CRANE"},{"entityType":"ASSET","id":"FOUNTAIN"},{"entityType":"ASSET","id":"ENGINE"},{"entityType":"ASSET","id":"HOUSE"},{"entityType":"ASSET","id":"MACHINE"},{"entityType":"ASSET","id":"OTHER"},{"entityType":"ASSET","id":"PALLET"},{"entityType":"ASSET","id":"PIPELINE"},{"entityType":"ASSET","id":"SPOOL"},{"entityType":"ASSET","id":"TOWER"},{"entityType":"ASSET","id":"VEHICLE"},{"entityType":"ASSET","id":"WIRE"},{"entityType":"ASSET","id":"WORKER"},{"entityType":"GATEWAY","id":"GATEWAY"},{"entityType":"GATEWAY","id":"BLOODPRESSURE_SENSOR"},{"entityType":"GATEWAY","id":"COMHUB"},{"entityType":"GATEWAY","id":"CONCENTRATOR"},{"entityType":"GATEWAY","id":"CONTAINER"},{"entityType":"GATEWAY","id":"COORDINATOR"},{"entityType":"GATEWAY","id":"GENERIC"},{"entityType":"GATEWAY","id":"GLUCOMETER_SENSOR"},{"entityType":"GATEWAY","id":"METER"},{"entityType":"GATEWAY","id":"MODEM"},{"entityType":"GATEWAY","id":"ROUTER"},{"entityType":"GATEWAY","id":"SENSOR"},{"entityType":"GATEWAY","id":"TPV"},{"entityType":"GATEWAY","id":"VEHICLE"},{"entityType":"GATEWAY","id":"VENDING"},{"entityType":"GATEWAY","id":"WEIGHT_SENSOR"},{"entityType":"TICKET","id":"INSTALLATION"},{"entityType":"TICKET","id":"TEST"},{"entityType":"TICKET","id":"TECHNICAL_TASK"},{"entityType":"TICKET","id":"DESINSTALLATION"}]},"statusCode":200}
  [32m✔ Then response code should be: 200[39m

  [36m@searching @searching_specific_type @catalogs @ticket_search[39m
  Scenario: Execute searching with parameter entityType
  [32m✔ Given an apikey user by "require-real-apikey"[39m
  [32m✔ And an ogapi "specific type search" util[39m
  [32m✔ Given I want to search a "specific type"[39m
  [32m✔ When I try to search with...[39m
      | [32mfield      [39m | [32mcontent[39m |
      | [32mentity type[39m | [32mASSET  [39m |
  [32m✔ And I build it[39m
  [32m✔ And I execute it[39m
RESPONSE_: {"data":{"specificType":[{"entityType":"ASSET","id":"BOX"},{"entityType":"ASSET","id":"BUILDING"},{"entityType":"ASSET","id":"CONTROL_HOUSE"},{"entityType":"ASSET","id":"CRANE"},{"entityType":"ASSET","id":"FOUNTAIN"},{"entityType":"ASSET","id":"ENGINE"},{"entityType":"ASSET","id":"HOUSE"},{"entityType":"ASSET","id":"MACHINE"},{"entityType":"ASSET","id":"OTHER"},{"entityType":"ASSET","id":"PALLET"},{"entityType":"ASSET","id":"PIPELINE"},{"entityType":"ASSET","id":"SPOOL"},{"entityType":"ASSET","id":"TOWER"},{"entityType":"ASSET","id":"VEHICLE"},{"entityType":"ASSET","id":"WIRE"},{"entityType":"ASSET","id":"WORKER"}]},"statusCode":200}
  [32m✔ Then response code should be: 200[39m
  [32m✔ And the result contains:[39m
      [32m"""
      {"specificType":[{"entityType":"ASSET","id":"BOX"},{"entityType":"ASSET","id":"BUILDING"},{"entityType":"ASSET","id":"CONTROL_HOUSE"},{"entityType":"ASSET","id":"CRANE"},{"entityType":"ASSET","id":"FOUNTAIN"},{"entityType":"ASSET","id":"ENGINE"},{"entityType":"ASSET","id":"HOUSE"},{"entityType":"ASSET","id":"MACHINE"},{"entityType":"ASSET","id":"OTHER"},{"entityType":"ASSET","id":"PALLET"},{"entityType":"ASSET","id":"PIPELINE"},{"entityType":"ASSET","id":"SPOOL"},{"entityType":"ASSET","id":"TOWER"},{"entityType":"ASSET","id":"VEHICLE"},{"entityType":"ASSET","id":"WIRE"},{"entityType":"ASSET","id":"WORKER"}]}
      """[39m

  [36m@searching @searching_specific_type @catalogs @ticket_search[39m
  Scenario: Execute searching with parameter entityType
  [32m✔ Given an apikey user by "require-real-apikey"[39m
  [32m✔ And an ogapi "specific type search" util[39m
  [32m✔ Given I want to search a "specific type"[39m
  [32m✔ When I try to search with...[39m
      | [32mfield      [39m | [32mcontent[39m |
      | [32mentity type[39m | [32mTICKET [39m |
  [32m✔ And I build it[39m
  [32m✔ And I execute it[39m
RESPONSE_: {"data":{"specificType":[{"entityType":"TICKET","id":"INSTALLATION"},{"entityType":"TICKET","id":"TEST"},{"entityType":"TICKET","id":"TECHNICAL_TASK"},{"entityType":"TICKET","id":"DESINSTALLATION"}]},"statusCode":200}
  [32m✔ Then response code should be: 200[39m
  [32m✔ And the result contains:[39m
      [32m"""
      {"specificType":[{"entityType":"TICKET","id":"INSTALLATION"},{"entityType":"TICKET","id":"TEST"},{"entityType":"TICKET","id":"TECHNICAL_TASK"},{"entityType":"TICKET","id":"DESINSTALLATION"}]}
      """[39m

  [36m@searching @searching_specific_type @catalogs @ticket_search[39m
  Scenario: Execute searching with parameters
  [32m✔ Given an apikey user by "require-real-apikey"[39m
  [32m✔ And an ogapi "specific type search" util[39m
  [32m✔ Given I want to search a "specific type"[39m
  [32m✔ When I try to search with...[39m
      | [32mfield      [39m | [32mcontent              [39m |
      | [32mentity type[39m | [32mCOMMUNICATIONS_MODULE[39m |
      | [32mid         [39m | [32mI2C                  [39m |
  [32m✔ And I build it[39m
  [32m✔ And I execute it[39m
RESPONSE_: {"data":{"specificType":[{"entityType":"COMMUNICATIONS_MODULE","id":"I2C"}]},"statusCode":200}
  [32m✔ Then response code should be: 200[39m
  [32m✔ And the result contains:[39m
      [32m"""
      {"specificType":[{"entityType":"COMMUNICATIONS_MODULE","id":"I2C"}]}
      """[39m

  [36m@searching @searching_specific_type @catalogs @ticket_search[39m
  Scenario: Execute searching with parameter id
  [32m✔ Given an apikey user by "require-real-apikey"[39m
  [32m✔ And an ogapi "specific type search" util[39m
  [32m✔ Given I want to search a "specific type"[39m
  [32m✔ When I try to search with...[39m
      | [32mfield[39m | [32mcontent[39m |
      | [32mid   [39m | [32mLOWPAN [39m |
  [32m✔ And I build it[39m
  [32m✔ And I execute it[39m
RESPONSE_: {"data":{"specificType":[{"entityType":"COMMUNICATIONS_MODULE","id":"LOWPAN"},{"entityType":"SUBSCRIBER","id":"LOWPAN"},{"entityType":"SUBSCRIPTION","id":"LOWPAN"}]},"statusCode":200}
  [32m✔ Then response code should be: 200[39m
  [32m✔ And the result contains:[39m
      [32m"""
      {"specificType":[{"entityType":"COMMUNICATIONS_MODULE","id":"LOWPAN"},{"entityType":"SUBSCRIBER","id":"LOWPAN"},{"entityType":"SUBSCRIPTION","id":"LOWPAN"}]}
      """[39m

[36m@catalogs @searching @searching_userLanguages[39m
Feature: Searching User Languages  provider in catalog

    As a user of JsApi
    I want to search into User Languages  provider catalog

  [36m@catalogs @searching @searching_userLanguages[39m
  Scenario: Execute searching
  [32m✔ Given an apikey user by "require-real-apikey"[39m
  [32m✔ And an ogapi "User Languages search" util[39m
  [32m✔ When I build it[39m
  [32m✔ And I execute it[39m
RESPONSE_: {"data":{"userLanguages":[{"code":"es","language":"Español/Spanish"},{"code":"en","language":"Inglés/English"}]},"statusCode":200}
  [32m✔ Then response code should be: 200[39m
  [32m✔ And the result contains:[39m
      [32m"""
      {"userLanguages":[{"code":"es","language":"Español/Spanish"},{"code":"en","language":"Inglés/English"}]}
      """[39m

[36m@searching_certificates @searching @fail[39m
Feature: Searching certificates

  As a user of JsApi
  I want to search into certificates collection
  So I can add filter, sorting, limit to search any datapoint

  [36m@searching_certificates @searching @fail[39m
  Scenario: Execute searching with a timeout less than expected
  [32m✔ Given an apikey user by "require-real-apikey"[39m
  [32m✔ And an ogapi "certificates search" util[39m
  [32m✔ Given I want to search a "certificates"[39m
  [32m✔ When I build it[39m
  [32m✔ And I execute it[39m
RESPONSE_: {"data":{"certificates":[{"id":"AmpliaCA","name":"AmpliaCA","description":"Amplia CA Certificate","administrativeState":"ACTIVE","usages":["CERT_SIGN"],"domains":["root"],"hardware":[],"tags":[],"version":"3","serialNumber":13591241073193603000,"valid":{"from":"2015-12-01T17:29:03Z","until":"2035-11-26T17:29:03Z"},"subject":"EMAILADDRESS=info@amplia.es,CN=amplia))),OU=amplia))),O=amplia))),L=Madrid,ST=Madrid,C=ES","issuer":"EMAILADDRESS=info@amplia.es,CN=amplia))),OU=amplia))),O=amplia))),L=Madrid,ST=Madrid,C=ES","publicKey":{"algorithm":"RSA","size":4096,"format":"X.509"},"trustChains":[]},{"id":"ossqaOpengateEs","name":"ossqa.opengate.es","description":"ossqa.opengate.es","administrativeState":"ACTIVE","usages":["CERT_SIGN"],"domains":["root"],"hardware":[],"tags":[],"version":"1","serialNumber":13848041710945796000,"valid":{"from":"2015-12-02T09:54:38Z","until":"2020-11-30T09:54:38Z"},"subject":"CN=ossqa.opengate.es,OU=amplia))),O=amplia))),L=Madrid,ST=Madrid,C=ES","issuer":"EMAILADDRESS=info@amplia.es,CN=amplia))),OU=amplia))),O=amplia))),L=Madrid,ST=Madrid,C=ES","publicKey":{"algorithm":"RSA","size":2048,"format":"X.509"},"trustChains":[["AmpliaCA"]]}]},"statusCode":200}
  [32m✔ Then response code should be: 200[39m

  [36m@searching_certificates @searching @fail[39m
  Scenario: Execute searching over assignable certificates
  [32m✔ Given an apikey user by "require-real-apikey"[39m
  [32m✔ And an ogapi "certificates search" util[39m
  [32m✔ Given I want to search a "certificates"[39m
  [32m✔ When I try to search with...[39m
      | [32mfield     [39m | [32mcontent[39m |
      | [32massignable[39m | [32m       [39m |
  [32m✔ And I build it[39m
  [32m✔ And I execute it[39m
RESPONSE_: {"data":{"certificates":[{"id":"AmpliaCA","name":"AmpliaCA","description":"Amplia CA Certificate","administrativeState":"ACTIVE","usages":["CERT_SIGN"],"domains":["root"],"hardware":[],"tags":[],"version":"3","serialNumber":13591241073193603000,"valid":{"from":"2015-12-01T17:29:03Z","until":"2035-11-26T17:29:03Z"},"subject":"EMAILADDRESS=info@amplia.es,CN=amplia))),OU=amplia))),O=amplia))),L=Madrid,ST=Madrid,C=ES","issuer":"EMAILADDRESS=info@amplia.es,CN=amplia))),OU=amplia))),O=amplia))),L=Madrid,ST=Madrid,C=ES","publicKey":{"algorithm":"RSA","size":4096,"format":"X.509"},"trustChains":[]},{"id":"ossqaOpengateEs","name":"ossqa.opengate.es","description":"ossqa.opengate.es","administrativeState":"ACTIVE","usages":["CERT_SIGN"],"domains":["root"],"hardware":[],"tags":[],"version":"1","serialNumber":13848041710945796000,"valid":{"from":"2015-12-02T09:54:38Z","until":"2020-11-30T09:54:38Z"},"subject":"CN=ossqa.opengate.es,OU=amplia))),O=amplia))),L=Madrid,ST=Madrid,C=ES","issuer":"EMAILADDRESS=info@amplia.es,CN=amplia))),OU=amplia))),O=amplia))),L=Madrid,ST=Madrid,C=ES","publicKey":{"algorithm":"RSA","size":2048,"format":"X.509"},"trustChains":[["AmpliaCA"]]}]},"statusCode":200}
  [32m✔ Then response code should be: 200[39m

  [36m@searching_certificates @searching @fail[39m
  Scenario: Execute searching over administrable certificates
  [32m✔ Given an apikey user by "require-real-apikey"[39m
  [32m✔ And an ogapi "certificates search" util[39m
  [32m✔ Given I want to search a "certificates"[39m
  [32m✔ When I try to search with...[39m
      | [32mfield        [39m | [32mcontent[39m |
      | [32massignable   [39m | [32m       [39m |
      | [32madministrable[39m | [32m       [39m |
  [32m✔ And I build it[39m
  [32m✔ And I execute it[39m
RESPONSE_: {"data":{"certificates":[{"id":"AmpliaCA","name":"AmpliaCA","description":"Amplia CA Certificate","administrativeState":"ACTIVE","usages":["CERT_SIGN"],"domains":["root"],"hardware":[],"tags":[],"version":"3","serialNumber":13591241073193603000,"valid":{"from":"2015-12-01T17:29:03Z","until":"2035-11-26T17:29:03Z"},"subject":"EMAILADDRESS=info@amplia.es,CN=amplia))),OU=amplia))),O=amplia))),L=Madrid,ST=Madrid,C=ES","issuer":"EMAILADDRESS=info@amplia.es,CN=amplia))),OU=amplia))),O=amplia))),L=Madrid,ST=Madrid,C=ES","publicKey":{"algorithm":"RSA","size":4096,"format":"X.509"},"trustChains":[]},{"id":"ossqaOpengateEs","name":"ossqa.opengate.es","description":"ossqa.opengate.es","administrativeState":"ACTIVE","usages":["CERT_SIGN"],"domains":["root"],"hardware":[],"tags":[],"version":"1","serialNumber":13848041710945796000,"valid":{"from":"2015-12-02T09:54:38Z","until":"2020-11-30T09:54:38Z"},"subject":"CN=ossqa.opengate.es,OU=amplia))),O=amplia))),L=Madrid,ST=Madrid,C=ES","issuer":"EMAILADDRESS=info@amplia.es,CN=amplia))),OU=amplia))),O=amplia))),L=Madrid,ST=Madrid,C=ES","publicKey":{"algorithm":"RSA","size":2048,"format":"X.509"},"trustChains":[["AmpliaCA"]]}]},"statusCode":200}
  [32m✔ Then response code should be: 200[39m

[36m@searching @searching_channels[39m
Feature: Searching channels

    As a user of JsApi
    I want to search into channels collection
    So I can add filter, sorting, limit to search any user

  [36m@searching @searching_channels[39m
  Scenario: Execute searching with a timeout less than expected
  [32m✔ Given an apikey user by "require-real-apikey"[39m
  [32m✔ And an ogapi "channels search" util[39m
  [32m✔ And the timeout by 10[39m
  [32m✔ When I build it[39m
  [32m✔ And I execute it[39m
RESPONSE_: {"statusCode":408,"data":"timeout of 10ms exceeded"}
  [32m✔ Then response code should be: 408[39m

  [36m@searching @searching_channels[39m
  Scenario: Execute searching with a invalid start limit
  [32m✔ Given an apikey user by "require-real-apikey"[39m
  [32m✔ And an ogapi "channels search" util[39m
  [32m✔ And the start limit by "null" and size limit by "5"[39m
  [32m✔ When I build it[39m
  [32m✔ And I execute it[39m
RESPONSE_: {"data":{"page":{"number":1},"channels":[{"resourceType":{"_current":{"value":"channel","provType":"IDENTIFIER","date":"2018-03-12T10:57:45.496Z"}},"provision":{"administration":{"identifier":{"_current":{"value":"default_channel","provType":"MONITORING","date":"2018-03-12T10:57:45.417Z"}},"organization":{"_current":{"value":"chemacorp","provType":"MONITORING","date":"2018-03-12T10:57:45.414Z"}}},"channel":{"identifier":{"_current":{"value":"default_channel","provType":"MONITORING","date":"2018-03-12T10:57:45.41Z"}},"description":{"_current":{"value":"Automatic channel","provType":"MONITORING","date":"2018-03-12T10:57:45.412Z"}},"removable":{"_current":{"value":false,"provType":"MONITORING","date":"2018-03-12T10:57:45.406Z"}}}}},{"resourceType":{"_current":{"value":"channel","provType":"IDENTIFIER","date":"2018-03-12T11:00:23.26Z"}},"provision":{"administration":{"identifier":{"_current":{"value":"default_channel","provType":"MONITORING","date":"2018-03-12T11:00:23.259Z"}},"organization":{"_current":{"value":"organization_UX","provType":"MONITORING","date":"2018-03-12T11:00:23.257Z"}}},"channel":{"identifier":{"_current":{"value":"default_channel","provType":"MONITORING","date":"2018-03-12T11:00:23.253Z"}},"removable":{"_current":{"value":false,"provType":"MONITORING","date":"2018-03-12T11:00:23.25Z"}},"description":{"_current":{"value":"Automatic channel","provType":"MONITORING","date":"2018-03-12T11:00:23.255Z"}}}}},{"resourceType":{"_current":{"value":"channel","provType":"IDENTIFIER","date":"2018-03-12T14:41:33.494Z"}},"provision":{"administration":{"identifier":{"_current":{"value":"default_channel","provType":"MONITORING","date":"2018-03-12T14:41:33.494Z"}},"organization":{"_current":{"value":"oux_tsts_organization-moni","provType":"MONITORING","date":"2018-03-12T14:41:33.492Z"}}},"channel":{"identifier":{"_current":{"value":"default_channel","provType":"MONITORING","date":"2018-03-12T14:41:33.489Z"}},"removable":{"_current":{"value":false,"provType":"MONITORING","date":"2018-03-12T14:41:33.487Z"}},"description":{"_current":{"value":"Automatic channel","provType":"MONITORING","date":"2018-03-12T14:41:33.491Z"}}}}},{"resourceType":{"_current":{"value":"channel","provType":"IDENTIFIER","date":"2018-03-12T14:54:43.269Z"}},"provision":{"administration":{"identifier":{"_current":{"value":"default_channel","provType":"MONITORING","date":"2018-03-12T14:54:43.269Z"}},"organization":{"_current":{"value":"oux_tsts_organization","provType":"MONITORING","date":"2018-03-12T14:54:43.267Z"}}},"channel":{"identifier":{"_current":{"value":"default_channel","provType":"MONITORING","date":"2018-03-12T14:54:43.265Z"}},"description":{"_current":{"value":"Automatic channel","provType":"MONITORING","date":"2018-03-12T14:54:43.266Z"}},"removable":{"_current":{"value":false,"provType":"MONITORING","date":"2018-03-12T14:54:43.262Z"}}}}}]},"statusCode":200}
  [32m✔ Then response code should be: 200[39m

  [36m@searching @searching_channels[39m
  Scenario: Execute searching
  [32m✔ Given an apikey user by "require-real-apikey"[39m
  [32m✔ And an ogapi "channels search" util[39m
  [32m✔ And I build it[39m
  [32m✔ And I execute it[39m
RESPONSE_: {"data":{"page":{"number":1},"channels":[{"resourceType":{"_current":{"value":"channel","provType":"IDENTIFIER","date":"2018-03-12T10:57:45.496Z"}},"provision":{"administration":{"identifier":{"_current":{"value":"default_channel","provType":"MONITORING","date":"2018-03-12T10:57:45.417Z"}},"organization":{"_current":{"value":"chemacorp","provType":"MONITORING","date":"2018-03-12T10:57:45.414Z"}}},"channel":{"identifier":{"_current":{"value":"default_channel","provType":"MONITORING","date":"2018-03-12T10:57:45.41Z"}},"description":{"_current":{"value":"Automatic channel","provType":"MONITORING","date":"2018-03-12T10:57:45.412Z"}},"removable":{"_current":{"value":false,"provType":"MONITORING","date":"2018-03-12T10:57:45.406Z"}}}}},{"resourceType":{"_current":{"value":"channel","provType":"IDENTIFIER","date":"2018-03-12T11:00:23.26Z"}},"provision":{"administration":{"identifier":{"_current":{"value":"default_channel","provType":"MONITORING","date":"2018-03-12T11:00:23.259Z"}},"organization":{"_current":{"value":"organization_UX","provType":"MONITORING","date":"2018-03-12T11:00:23.257Z"}}},"channel":{"identifier":{"_current":{"value":"default_channel","provType":"MONITORING","date":"2018-03-12T11:00:23.253Z"}},"removable":{"_current":{"value":false,"provType":"MONITORING","date":"2018-03-12T11:00:23.25Z"}},"description":{"_current":{"value":"Automatic channel","provType":"MONITORING","date":"2018-03-12T11:00:23.255Z"}}}}},{"resourceType":{"_current":{"value":"channel","provType":"IDENTIFIER","date":"2018-03-12T14:41:33.494Z"}},"provision":{"administration":{"identifier":{"_current":{"value":"default_channel","provType":"MONITORING","date":"2018-03-12T14:41:33.494Z"}},"organization":{"_current":{"value":"oux_tsts_organization-moni","provType":"MONITORING","date":"2018-03-12T14:41:33.492Z"}}},"channel":{"identifier":{"_current":{"value":"default_channel","provType":"MONITORING","date":"2018-03-12T14:41:33.489Z"}},"removable":{"_current":{"value":false,"provType":"MONITORING","date":"2018-03-12T14:41:33.487Z"}},"description":{"_current":{"value":"Automatic channel","provType":"MONITORING","date":"2018-03-12T14:41:33.491Z"}}}}},{"resourceType":{"_current":{"value":"channel","provType":"IDENTIFIER","date":"2018-03-12T14:54:43.269Z"}},"provision":{"administration":{"identifier":{"_current":{"value":"default_channel","provType":"MONITORING","date":"2018-03-12T14:54:43.269Z"}},"organization":{"_current":{"value":"oux_tsts_organization","provType":"MONITORING","date":"2018-03-12T14:54:43.267Z"}}},"channel":{"identifier":{"_current":{"value":"default_channel","provType":"MONITORING","date":"2018-03-12T14:54:43.265Z"}},"description":{"_current":{"value":"Automatic channel","provType":"MONITORING","date":"2018-03-12T14:54:43.266Z"}},"removable":{"_current":{"value":false,"provType":"MONITORING","date":"2018-03-12T14:54:43.262Z"}}}}}]},"statusCode":200}
  [32m✔ Then response code should be: 200[39m

[36m@searching @searching_domains[39m
Feature: Searching domains

  As a user of JsApi
  I want to search into domains collection
  So I can add filter, sorting, limit to search any user

  [36m@searching @searching_domains[39m
  Scenario: Execute searching with a timeout less than expected
  [32m✔ Given an apikey user by "require-real-apikey"[39m
  [32m✔ And an ogapi "domains search" util[39m
  [32m✔ And the timeout by 10[39m
  [32m✔ When I build it[39m
  [32m✔ And I execute it[39m
RESPONSE_: {"statusCode":408,"data":"timeout of 10ms exceeded"}
  [32m✔ Then response code should be: 408[39m

  [36m@searching @searching_domains[39m
  Scenario: Execute searching with a invalid start limit
  [32m✔ Given an apikey user by "require-real-apikey"[39m
  [32m✔ And an ogapi "domains search" util[39m
  [32m✔ And the start limit by "null" and size limit by "5"[39m
  [32m✔ When I build it[39m
  [32m✔ And I execute it[39m
RESPONSE_: {"data":{"domains":[{"name":"base_organization","description":"automatic domain from organization"},{"name":"chemacorp","description":"Automatic domain"},{"name":"domain_test_ogapi","description":"Domian created for testing ogapi"},{"name":"organization_UX","description":"Automatic domain"},{"name":"oux_tsts_organization","description":"Automatic domain"}]},"statusCode":200}
  [32m✔ Then response code should be: 200[39m

[36m@searching @asset @searching_assets @select-fields[39m
Feature: Searching asset

  As a user of JsApi
  I want to search into asset collection
  So I can add filter, sorting, limit, select to search any device

  [36m@searching @asset @searching_assets @select-fields[39m
  Scenario: Execute searching with a timeout less than expected
  [32m✔ Given an apikey user by "require-real-apikey"[39m
  [32m✔ And an ogapi "asset search" util[39m
  [32m✔ And the timeout by 10[39m
  [32m✔ When I build it[39m
  [32m✔ And I execute it[39m
RESPONSE_: {"statusCode":408,"data":"timeout of 10ms exceeded"}
  [32m✔ Then response code should be: 408[39m

  [36m@searching @asset @searching_assets @select-fields[39m
  Scenario: Creating an organization to use in create device
  [32m✔ Given an apikey user by "require-real-apikey"[39m
  [32m✔ Given an ogapi "organizations builder" util[39m
  [32m✔ Then I want to create an "organization"[39m
name
create
organization
withName
  [32m✔ And the "name" "asset_organization_searching"[39m
description
create
organization
withDescription
  [32m✔ And the "description" "asset organization"[39m
country code
create
organization
withCountryCode
  [32m✔ And the "country code" "ES"[39m
lang code
create
organization
withLangCode
  [32m✔ And the "lang code" "es"[39m
time zone
create
organization
withTimeZone
  [32m✔ And the "time zone" "Europe/Andorra"[39m
  [32m✔ And the "zoom" 10[39m
  [32m✔ And the "location" with 1 and 1[39m
  [32m✔ Then I delete it[39m
  [32m✔ Then I create it[39m
RESPONSE_: {"location":"https://172.19.18.132:8444/v80/provision/organizations/asset_organization_searching","statusCode":201}
  [32m✔ And response code should be: 201[39m

  [36m@searching @asset @searching_assets @select-fields[39m
  Scenario: I want to get the allowed datastream
  [32m✔ Given an apikey user by "require-real-apikey"[39m
  [32m✔ Given the entity of type "asset builder" with "asset_organization_searching"[39m
  [32m✔ And I get allowed Datastreams fields[39m
  [32m✔ And I can found "provision.asset.identifier" as datastream name[39m
  [32m✔ When I try to define the entity with...[39m
      | [32mdatastream                           [39m | [32mtypeFunction[39m | [32mvalue                       [39m | [32mparent[39m |
      | [32mprovision.administration.channel     [39m | [32msimple      [39m | [32mdefault_channel             [39m | [32m      [39m |
      | [32mprovision.administration.organization[39m | [32msimple      [39m | [32masset_organization_searching[39m | [32m      [39m |
      | [32mprovision.administration.serviceGroup[39m | [32msimple      [39m | [32memptyServiceGroup           [39m | [32m      [39m |
      | [32mprovision.asset.identifier           [39m | [32msimple      [39m | [32masset_ogapi_search          [39m | [32m      [39m |
CREATEOK: {"req":{"method":"POST","url":"https://172.19.18.132:8444/v80/provision/organizations/asset_organization_searching/entities?flattened=true","data":{"provision.administration.channel":{"_value":{"_current":{"value":"default_channel"}}},"provision.administration.organization":{"_value":{"_current":{"value":"asset_organization_searching"}}},"provision.administration.serviceGroup":{"_value":{"_current":{"value":"emptyServiceGroup"}}},"provision.asset.identifier":{"_value":{"_current":{"value":"asset_ogapi_search"}}},"resourceType":{"_value":{"_current":{"value":"entity.asset"}}}},"headers":{"user-agent":"node-superagent/2.3.0","content-type":"application/json","x-apikey":"2829be88-a7d7-4f51-aefc-3cc2385b6506"}},"header":{"connection":"close","date":"Mon, 12 Mar 2018 14:56:32 GMT","strict-transport-security":"max-age=2000; includeSubDomains","set-cookie":["JSESSIONID=node01qau38eja56891o84i6iok0ypx3584.node0;Path=/;Secure"],"expires":"Thu, 01 Jan 1970 00:00:00 GMT","location":"https://172.19.18.132:8444/v80/provision/organizations/asset_organization_searching/entities/asset_ogapi_search","server":"Jetty(9.4.0.v20161208)"},"status":201,"text":""}
  [32m✔ Then I create it[39m
RESPONSE_: {"location":"https://172.19.18.132:8444/v80/provision/organizations/asset_organization_searching/entities/asset_ogapi_search","statusCode":201}
  [32m✔ And response code should be: 201[39m

  [36m@searching @asset @searching_assets @select-fields[39m
  Scenario: Execute searching with a invalid start limit
  [32m✔ Given an apikey user by "require-real-apikey"[39m
  [32m✔ And an ogapi "asset search" util[39m
  [32m✔ And the start limit by "null" and size limit by "5"[39m
  [32m✔ When I build it[39m
  [32m✔ And I execute it[39m
RESPONSE_: {"data":{"page":{"number":1},"assets":[{"resourceType":{"_current":{"value":"entity.asset","provType":"IDENTIFIER","date":"2018-03-12T14:56:33.1Z"}},"provision":{"asset":{"identifier":{"_current":{"value":"asset_ogapi_search","provType":"MONITORING","date":"2018-03-12T14:56:33.032Z"}}},"administration":{"channel":{"_current":{"value":"default_channel","provType":"MONITORING","date":"2018-03-12T14:56:33.1Z"}},"serviceGroup":{"_current":{"value":"emptyServiceGroup","provType":"MONITORING","date":"2018-03-12T14:56:33.096Z"}},"identifier":{"_current":{"value":"asset_ogapi_search","provType":"MONITORING","date":"2018-03-12T14:56:33.098Z"}},"organization":{"_current":{"value":"asset_organization_searching","provType":"MONITORING","date":"2018-03-12T14:56:33.034Z"}}}}},{"resourceType":{"_current":{"value":"entity.asset","provType":"IDENTIFIER","date":"2018-03-12T11:24:57.317Z"}},"provision":{"asset":{"identifier":{"_current":{"value":"test.location","provType":"MONITORING","date":"2018-03-12T11:24:57.317Z"}},"specificType":{"_current":{"value":"WORKER","provType":"MONITORING","date":"2018-03-12T11:24:57.314Z"}}},"administration":{"channel":{"_current":{"value":"base_channel","provType":"MONITORING","date":"2018-03-12T11:24:57.301Z"}},"serviceGroup":{"_current":{"value":"emptyServiceGroup","provType":"MONITORING","date":"2018-03-12T11:24:57.308Z"}},"identifier":{"_current":{"value":"test.location","provType":"MONITORING","date":"2018-03-12T11:24:57.305Z"}},"organization":{"_current":{"value":"base_organization","provType":"MONITORING","date":"2018-03-12T11:24:57.307Z"}}}}}]},"statusCode":200}
  [32m✔ Then response code should be: 200[39m
  [32m✔ Then does not throws an error[39m

  [36m@searching @asset @searching_assets @select-fields[39m
  Scenario: Execute searching with a flattened response
  [32m✔ Given an apikey user by "require-real-apikey"[39m
  [32m✔ And an ogapi "asset search" util[39m
  [32m✔ When I build it with flattened response[39m
  [32m✔ And I execute it[39m
RESPONSE_: {"data":{"page":{"number":1},"assets":[{"provision.administration.channel":{"_value":{"_current":{"value":"default_channel","provType":"MONITORING","date":"2018-03-12T14:56:33.1Z"}}},"provision.administration.identifier":{"_value":{"_current":{"value":"asset_ogapi_search","provType":"MONITORING","date":"2018-03-12T14:56:33.098Z"}}},"provision.administration.organization":{"_value":{"_current":{"value":"asset_organization_searching","provType":"MONITORING","date":"2018-03-12T14:56:33.034Z"}}},"provision.administration.serviceGroup":{"_value":{"_current":{"value":"emptyServiceGroup","provType":"MONITORING","date":"2018-03-12T14:56:33.096Z"}}},"provision.asset.identifier":{"_value":{"_current":{"value":"asset_ogapi_search","provType":"MONITORING","date":"2018-03-12T14:56:33.032Z"}}},"resourceType":{"_value":{"_current":{"value":"entity.asset","provType":"IDENTIFIER","date":"2018-03-12T14:56:33.1Z"}}}},{"provision.administration.channel":{"_value":{"_current":{"value":"base_channel","provType":"MONITORING","date":"2018-03-12T11:24:57.301Z"}}},"provision.administration.identifier":{"_value":{"_current":{"value":"test.location","provType":"MONITORING","date":"2018-03-12T11:24:57.305Z"}}},"provision.administration.organization":{"_value":{"_current":{"value":"base_organization","provType":"MONITORING","date":"2018-03-12T11:24:57.307Z"}}},"provision.administration.serviceGroup":{"_value":{"_current":{"value":"emptyServiceGroup","provType":"MONITORING","date":"2018-03-12T11:24:57.308Z"}}},"provision.asset.identifier":{"_value":{"_current":{"value":"test.location","provType":"MONITORING","date":"2018-03-12T11:24:57.317Z"}}},"provision.asset.specificType":{"_value":{"_current":{"value":"WORKER","provType":"MONITORING","date":"2018-03-12T11:24:57.314Z"}}},"resourceType":{"_value":{"_current":{"value":"entity.asset","provType":"IDENTIFIER","date":"2018-03-12T11:24:57.317Z"}}}}]},"statusCode":200}
  [32m✔ Then response code should be: 200[39m
  [32m✔ Then does not throws an error[39m

  [36m@searching @asset @searching_assets @select-fields[39m
  Scenario: I want to obtain the summary
  [32m✔ Given an apikey user by "require-real-apikey"[39m
  [32m✔ And an ogapi "asset search" util[39m
  [32m✔ When I build it with summary response[39m
  [32m✔ And I execute it[39m
RESPONSE_: {"data":{"summary":{"count":2,"summaryGroup":[{"provision.administration.channel":{"count":2,"list":[{"count":1,"name":"base_channel"},{"count":1,"name":"default_channel"}]}},{"provision.administration.organization":{"count":2,"list":[{"count":1,"name":"base_organization"},{"count":1,"name":"asset_organization_searching"}]}}]}},"statusCode":200}
  [32m✔ Then response code should be: 200[39m
  [32m✔ Then does not throws an error[39m

  [36m@searching @asset @searching_assets @select-fields[39m
  Scenario: I want to download csv
  [32m✔ Given an apikey user by "require-real-apikey"[39m
  [32m✔ And an ogapi "asset search" util with "asset_organization_searching"[39m
  [32m✔ When I add a filter and with[39m
      | [32moperator[39m | [32mkey                                  [39m | [32mvalue                       [39m |
      | [32meq      [39m | [32mprovision.administration.organization[39m | [32masset_organization_searching[39m |
  [32m✔ When I build it with select...[39m
      | [32mdatastreamId              [39m | [32mfields                                  [39m |
      | [32mprovision.asset.identifier[39m | [32m[{"field" : "value", "alias": "state"} ][39m |
  [32m✔ And I download csv it[39m
RESPONSE_: {"data":{"req":{"method":"POST","url":"https://172.19.18.132:8444/v80/search/entities","data":{"filter":{"and":[{"exists":{"provision.asset.identifier":true}},{"and":[{"eq":{"provision.administration.organization":"asset_organization_searching"}}]}]},"select":[{"name":"provision.asset.identifier","fields":[{"field":"value","alias":"state"}]}]},"headers":{"user-agent":"node-superagent/2.3.0","content-type":"application/json","x-apikey":"2829be88-a7d7-4f51-aefc-3cc2385b6506","accept":"text/plain"}},"header":{"connection":"close","date":"Mon, 12 Mar 2018 14:56:33 GMT","strict-transport-security":"max-age=2000; includeSubDomains","set-cookie":["JSESSIONID=node010sff708usj0any4uge6q4oit3588.node0;Path=/;Secure"],"expires":"Thu, 01 Jan 1970 00:00:00 GMT","content-disposition":"attachment; filename=result.csv","content-type":"text/plain","content-length":"25","server":"Jetty(9.4.0.v20161208)"},"status":200,"text":"state\nasset_ogapi_search\n"},"statusCode":200}
  [32m✔ Then response code should be: 200[39m
  [32m✔ Then does not throws an error[39m
  [32m✔ Then the content of file "search.csv" must be:[39m
      [32m"""
      state
      asset_ogapi_search

      """[39m

  [36m@searching @asset @searching_assets @select-fields[39m
  Scenario: I want to delete the entity
  [32m✔ Given an apikey user by "require-real-apikey"[39m
  [32m✔ Given the entity of type "asset builder" with "asset_organization_searching"[39m
  [32m✔ When I try to define the entity with...[39m
      | [32mdatastream                [39m | [32mtypeFunction[39m | [32mvalue             [39m | [32mparent[39m |
      | [32mprovision.asset.identifier[39m | [32msimple      [39m | [32masset_ogapi_search[39m | [32m      [39m |
  [32m✔ And I delete it[39m
RESPONSE_: {"statusCode":200}
  [32m✔ Then response code should be: 200[39m

  [36m@searching @asset @searching_assets @select-fields[39m
  Scenario: Deleting an organization
  [32m✔ Given an apikey user by "require-real-apikey"[39m
  [32m✔ Given an ogapi "organizations builder" util[39m
  [32m✔ Then I want to delete an "organization"[39m
name
delete
organization
withName
  [32m✔ And the "name" "asset_organization_searching"[39m
  [32m✔ Then I delete it[39m
RESPONSE_: {"statusCode":200}
  [32m✔ And response code should be: 200[39m

[36m@searching @searching_devices @select-fields[39m
Feature: Searching devices

  As a user of JsApi
  I want to search into devices collection
  So I can add filter, sorting, limit, select to search any device

  [36m@searching @searching_devices @select-fields[39m
  Scenario: Execute searching with a timeout less than expected
  [32m✔ Given an apikey user by "require-real-apikey"[39m
  [32m✔ And an ogapi "devices search" util[39m
  [32m✔ And the timeout by 10[39m
  [32m✔ When I build it[39m
  [32m✔ And I execute it[39m
RESPONSE_: {"statusCode":408,"data":"timeout of 10ms exceeded"}
  [32m✔ Then response code should be: 408[39m

  [36m@searching @searching_devices @select-fields[39m
  Scenario: Creating an organization to use in create device
  [32m✔ Given an apikey user by "require-real-apikey"[39m
  [32m✔ Given an ogapi "organizations builder" util[39m
  [32m✔ Then I want to create an "organization"[39m
name
create
organization
withName
  [32m✔ And the "name" "devices_organization_searching"[39m
description
create
organization
withDescription
  [32m✔ And the "description" "devices organization"[39m
country code
create
organization
withCountryCode
  [32m✔ And the "country code" "ES"[39m
lang code
create
organization
withLangCode
  [32m✔ And the "lang code" "es"[39m
time zone
create
organization
withTimeZone
  [32m✔ And the "time zone" "Europe/Andorra"[39m
  [32m✔ And the "zoom" 10[39m
  [32m✔ And the "location" with 1 and 1[39m
  [32m✔ Then I delete it[39m
  [32m✔ Then I create it[39m
RESPONSE_: {"location":"https://172.19.18.132:8444/v80/provision/organizations/devices_organization_searching","statusCode":201}
  [32m✔ And response code should be: 201[39m

  [36m@searching @searching_devices @select-fields[39m
  Scenario: I want to get the allowed datastream
  [32m✔ Given an apikey user by "require-real-apikey"[39m
  [32m✔ Given the entity of type "devices builder" with "devices_organization_searching"[39m
  [32m✔ And I get allowed Datastreams fields[39m
  [32m✔ And I can found "provision.device.identifier" as datastream name[39m
  [32m✔ When I try to define the entity with...[39m
      | [32mdatastream                           [39m | [32mtypeFunction[39m | [32mvalue                         [39m | [32mparent[39m |
      | [32mprovision.administration.channel     [39m | [32msimple      [39m | [32mdefault_channel               [39m | [32m      [39m |
      | [32mprovision.administration.organization[39m | [32msimple      [39m | [32mdevices_organization_searching[39m | [32m      [39m |
      | [32mprovision.administration.serviceGroup[39m | [32msimple      [39m | [32memptyServiceGroup             [39m | [32m      [39m |
      | [32mprovision.device.identifier          [39m | [32msimple      [39m | [32mdevice_ogapi_0                [39m | [32m      [39m |
      | [32mprovision.device.operationalStatus   [39m | [32msimple      [39m | [32mNORMAL                        [39m | [32m      [39m |
      | [32mprovision.device.administrativeState [39m | [32msimple      [39m | [32mACTIVE                        [39m | [32m      [39m |
CREATEOK: {"req":{"method":"POST","url":"https://172.19.18.132:8444/v80/provision/organizations/devices_organization_searching/devices?flattened=true","data":{"provision.administration.channel":{"_value":{"_current":{"value":"default_channel"}}},"provision.administration.organization":{"_value":{"_current":{"value":"devices_organization_searching"}}},"provision.administration.serviceGroup":{"_value":{"_current":{"value":"emptyServiceGroup"}}},"provision.device.identifier":{"_value":{"_current":{"value":"device_ogapi_0"}}},"provision.device.operationalStatus":{"_value":{"_current":{"value":"NORMAL"}}},"provision.device.administrativeState":{"_value":{"_current":{"value":"ACTIVE"}}}},"headers":{"user-agent":"node-superagent/2.3.0","content-type":"application/json","x-apikey":"2829be88-a7d7-4f51-aefc-3cc2385b6506"}},"header":{"connection":"close","date":"Mon, 12 Mar 2018 14:56:42 GMT","strict-transport-security":"max-age=2000; includeSubDomains","set-cookie":["JSESSIONID=node0tbob1xymyyfz1xcr1gz8904rm3595.node0;Path=/;Secure"],"expires":"Thu, 01 Jan 1970 00:00:00 GMT","location":"https://172.19.18.132:8444/v80/provision/organizations/devices_organization_searching/devices/device_ogapi_0","server":"Jetty(9.4.0.v20161208)"},"status":201,"text":""}
  [32m✔ Then I create it[39m
RESPONSE_: {"location":"https://172.19.18.132:8444/v80/provision/organizations/devices_organization_searching/devices/device_ogapi_0","statusCode":201}
  [32m✔ And response code should be: 201[39m

  [36m@searching @searching_devices @select-fields[39m
  Scenario: Execute searching with a invalid start limit
  [32m✔ Given an apikey user by "require-real-apikey"[39m
  [32m✔ And an ogapi "devices search" util[39m
  [32m✔ And the start limit by "null" and size limit by "5"[39m
  [32m✔ When I build it[39m
  [32m✔ And I execute it[39m
RESPONSE_: {"data":{"page":{"number":1},"devices":[{"resourceType":{"_current":{"value":"entity.device","provType":"IDENTIFIER","date":"2018-03-12T10:59:01.011Z"}},"provision":{"device":{"identifier":{"_current":{"value":"CHD_DEV_1","provType":"MONITORING","date":"2018-03-12T10:59:00.018Z"}},"model":{"_current":{"value":{"name":"OpenGate","version":"1.0","manufacturer":"OpenGate"},"provType":"MONITORING","date":"2018-03-12T10:59:00.905Z"}},"location":{"_current":{"value":{"position":{"type":"Point","coordinates":[39.62467550256621,3.1096776465796636]},"postal":"28033","source":"GPS"},"provType":"MONITORING","date":"2018-03-12T10:59:00.099Z"}},"image":{"_current":{"value":"data:image/jpeg;base64,/9j/4AAQSkZJRgABAQEASABIAAD/2wBDAAMCAgICAgMCAgIDAwMDBAYEBAQEBAgGBgUGCQgKCgkICQkKDA8MCgsOCwkJDRENDg8QEBEQCgwSExIQEw8QEBD/2wBDAQMDAwQDBAgEBAgQCwkLEBAQEBAQEBAQEBAQEBAQEBAQEBAQEBAQEBAQEBAQEBAQEBAQEBAQEBAQEBAQEBAQEBD/wgARCAGQAZADASIAAhEBAxEB/8QAHAABAAEFAQEAAAAAAAAAAAAAAAYCAwQFBwgB/8QAGQEBAQEBAQEAAAAAAAAAAAAAAAEEBQMG/9oADAMBAAIQAxAAAAH1SAAAAAAAAAAAAAAAAAAAAAAAAAAAAAAAAAAAAAAAAAAAAAAAAAAAAAAAAAAAAAAAAAAAAAAAAAAAAAAAAAAAAAAAAAAAAAAAAAAAAAAAAAAAAAAQUnTlnUwAAAAAAAAAAAAAAAAAAAAAAB499hcLPP8A7z8s+pwAAAAAAAAAAAAAAAAAAAAAABxjs/GCG+mfM3pkAAAAAAAAAAAAAAAAAAAAAAAcY7PxghvpnzN6ZAAAAAAAAAAILpuIQ096Pn0AAAAAAAAAAAcX7Rw8h/qDyh6vAAAAAAAAAAOFwzoENPTIAAAAAAAAAAAHBO9+eiC+v/GnssAAAAAAAAAA4xDZlDT0yAAAAAAAAAAAxcgq87+iPO5zz2X409lgAAAAAAAAAHGIbMYOeoAAAAAAAACOkio4tGTsUIs/DS5mrHQYFb+kQ9fefJedURmRFwAAAAAAAAHD4BNOdnr8AAAAAxjJc7gh2vm0KlxDL0/05sMeK2i/Y+gfQ+Wy79xfhmZun+nQJZxX6ejr3neVHXkRk5fAAAAAB565z0Pnh7LAAAWeQnYo7yvVkxjGNcN5fitJINPjgUFX3BpM3GtCtjWjM+4X0zWJUZCzUXftuouV2qi9ma+om0v45UeicrzrJjsiEykzQAAed+edD54eywACg1XmjsUFOMTKYRElX3kW5OhsS2Z9nVVl/wCY+MbDFs1D79+ipUPv36KlQqVCpUKlQqVCpUKlQvW6iRyvmX07xm8A3p2JBpWcF550Lnp7LAA0W9hxz+J7jTi5R9M+DSy2cJwZNgkU10u1hocuzryVb7mw7fLvMV49SVcH6cSyr5WPv2o+VqhUqFSo+Vfaj5V9rKaqvp8+tQbjTwLZFGv6zLU4bt+1Xl5Rn9RjR0rZeV+wHSAIXNI0cY11usrqVC9brOJ4tVmS9XifLdjYx7ho470W4cpdB1xD7/Tpscz7VgcrO4VYWeKlwpqyskwsjKrLN25WU11VlP1AjM18t6ERST7PKTVZu3xS7HoZzMkfPZTG1k3ZY9ITpgGv2GKeWYz6P42WNvzbKOj1x3eHE95o8PJi2+FizPNmiFMljWvZ9y8XJ06usdR5b1oh3NumcHKIbpcAnfoHyJ6tNzmXKyzYt0cnjZv3X53N5mwu67bd/wCipXYhp1aybWuhlvMyc1Me7qOZLPOUauRGhkt60cz6RqOhFOxw8w6WADH00h+HKuZendUePa/R/NDgX2QQ4233X5hd+qinKsZJ1XrHKOsEN4j27hxroROxyvvPLOunWbnEpeSrXynI5PGj1O9zsHP12bXV3/o9doc/pXt7XNzTEyRwKB4xTn7S6U3KPh9fai5MYVYOg67mPWTo/wBt3AAAC3rdsOfc29D4B4rg/ufnZ5dzptADYZWg251/rPJetkL4f3Hh5rqvn0v+ivN/oQmUBmtaed913aODL4x8XtVWu25ur8IgBJIxuNiWshSV0qj5V9zjHytTBTf6WV9YIn0rMyh9AAAAACnDzhEIB23FPIHP/ccFOQ9n5ptjM4j1HkJR9ouD0T539HpvqlYqfbLuBm2l88ZG7kUun3qs+vn0VLpbyrkeN/BLPQSCdclcgMDZ1gAAAAAAAAD5YyBHoV1W0eaeSe3IgeLc/uHKDD9L+TfRZ0arXbFPtfyuxh5uGvIJNo97L9fLh8rvVlWLqss0e9nkxI5Lsu4fPoAAAAAAAAAAAALdwamK9AoPPMK9Wxs89TLfQw6JteKSNOm4WDfrl0hjcnl+5ON8LNyZyki0s22WWb/0AAAAAAAAAAAAAAAAKahiavf/AAgsO7PjnnDXelomcAnuz6eQ2Z7PKMXMrAAAAAAAAAAAAAAAAAAAAAHyi4LFdwfPoAAAAAAAAf/EADMQAAAGAQIDBwMDBAMAAAAAAAABAgMEBQYHERIgQBATFCEzNTYwMVAiIzQVFiQyJWCA/9oACAEBAAEFAv8A2vkeWwMdFBn8C5lfkM677+54fe+LL7fj9UYcfwem0KPKvPyGqPs+l3vH5DVH2fS73j8hqj7Ppd7x0uR5bAx0UGfwLmV1OqPs+l3vHS51339zw+98WX26jVI9qbStW930uqMOP4PTaFHlXnU6sq4aTSNfFfdLqj7Ppd7x1OsSuGh0aXxZB0uqPs+l3vHU61Hw4/op55D0uqPs+l3vHU62fH9E/kHS6o+z6Xe8dMqVHQojJRDWz4/on8g6XVI9qbStW930alpQU7KqiEHr62tDdNaXI9nNjCNlbpDUwzyWi0dhSoeRdLqyrhpNI18V90Nhf1NYU3PX3h3V9cqi4/FhplWLaS5I8t+K5FymQgRsgr5AQ424XRaxK4aHRpfFkH1plnAgJn6gRkCTb5JcnDxd102qqurkv3SEE6+8+r6DMuSwcbJ5bYjZFBfDbzTxfX1qPhx/RTzyH6b0liMmdmtbHEvIshsw1jsqUqNjkZgjk1UISL19YccW6rl3IgbrZDxDY8QO+WO8dHG8ON4Mzpsc4uVTWxFyaA+Gn2Xi+prZ8f0T+QfQUpKCl38CMJeSWb5/0+RYON19XEH9ThMBy6lqDkh57lUtCQclI45Ch3bpju2SG8ch3yCHiFDv1jvXB3ix3ix3ix3ix3qw1NkMnGyiY0IuTwXgzKjvl9HWz4/on8g5nnm47SNRqyxXIs5kobmCVsDfdMuVS0oBydxwvrHAwgeIQkG+4Y3Uf123nWji5FPYEbKIrgZmRpBc2tnx/RP5BzWDzRtZBp5WLUdhlGOHXZPV2IIyPlW8hsd4+6O6bSDkJSFOrV0yFrQca9nxxGydlYYmRpJdutnx/RP5ByrUSEyZRmcmWtS0yCUVjh9LZhcLLMbOuzKDINMuMtK58NseNS+CciNhUviG+/VoWtBsX82KImVRXwzOiyBrZ8f0T+QctxJ8PElu/oPzMEoyCJJkLmprrE/6LHSTlXGQFsIbCuJI8VJSG7eyaDWTW7QYzR8hHy2sdJiVGkp6WXbwYQfyOY+fg7OebNRJjhqfaxTkzWb2LiNRWYxaMWMORy5Me0SSrdPITBLOSg/EqhpUF1CFB2jfDkCW0DIy5G3nWVQcqsoorMjgWAL6mw4THCobH2TrWJAJ+0s7Q4GNOunCxtpsM1sdsigtLCaSMoHWwIyZ1hEbTIyRht7EpUp7kyo9oLp7p5EHsJjn+Z3w70E6OMjDkZh8n6VJh+HIj8iGXViqyGfVqiymJjXMTajBMgmkgkkNhsNgeySnW5rOJjpTFwscjMEiGlsEgw2wZhLaWymXjLRXGTNsOWq5ckY/WoiNYp/L7chY8RVFJTsSiPlm/wAwm1nyEowTg4ScD1D4g/7anoVDxYzEXHmGhLpq2QwTkzFp0OWzOY7CSZhLIJBENhsNhsNhsFrQ0iXMfsnKujJIYjIaIiCGjMJZISJbEYry8XHbORcXQebg49DpYL1jMXHSxFxT+X2yT/Re18qBJZsjI2JyFhLiVdsvymtLQ4U8myCIr6yNCkH2MH+5UElYZiRlNWMZpgSromzlZAJtr4lOK3CoE0ghkEnYKUhtKHnXh/nDvloCTSothsDMklLku2b9VUJbJtskklBmEMhx1mOmbbfplZKqYqNUGayIW/HOsqCEllub6GK/y+15HEVnWd8VpjZ8TkaXENixUkR7BKg26lQm/wAzsiymHEWbkdTfYx6lOIx/t3J+VsymSqXGfjrBHseOySn1Ow2Bd3xOSX3jSkwk1EGPJ7YbC2lKdXT1ZJJtrhJDI4UNlJtCSLTJY7LhRrO0NlhphBIGxBFeXiYMc0osEmljFf5fItolCRXIcE7H0OCxxjYPQZcQ2LBbZvSCVJJRGC7duxj1KcR/TuvtMP8AdcaQ8idXrjGMBsYqIJeY2EiI5uhbe5GgG82RxIjjJ7CY/wCGj1MFT7saJwJQ0RCROZji2vmIyXJ1xcqhVsSCRJMxuSR9+xpXAqBIjqFwlPg8YcLxpHvzKbJQfgoWJtE24LHGBY4xIZUtD8ZSHwlZHyMepTiP6d19pvqgyJRWFWbYoNOo17jLxZpiKqnNKqwCFJWSiQ4PCV4bNLJfcbCW0ubKrK1MZt15mMmdb7IlZFKnLj1DSXSLcbJSDMz7NuwyMg682wkrJ+xXQxERUI+3OaCMPQ0LEykbcFli6FlY4m40bzEqIaHwlwj7GP8AemEf07r7TfV7CMYo4TVAbhLFzg1BdB6hzPFFVWfQZCmH2JLew2GxivgtRkyLTYrTJmmXTr5VmtCENp4dhvyNtLcPdiOLG9QhTFdOtXaqiJoo0YmyLy+kaSMOxULEunbcKxxlKys8RNByIUyEaHxGdI10xiP6d1/rN9Xtxv2YEEuGQtsZo70pGC5HQLg567Dcg2UCyaLyFvfRq9t561vCiQo8Jsi3G+3IRGoyZQ0J9szGbclWFsqpxokiDUoaJthKC+qaSMOR0qEqpbcFhjaFi0w8t11s2C5RyBEeI27kyNM31e3Hi2p+QlGQn1tbatXWFpqnqmzzKS3CqmYp/ceRD79m3YhgzJclthMu7W6qBQvy3a2iQ2TENDZEki6HbcLYSoSaxtwT8dQsP0j8JcS1Q2LaTumU+Rukoj7aIv8AiOV0+Fu6dWtxtPAjlQ2pw/2mROt22j8NPtV1eOpQIlahokNknpdgppKhIrkOCdj6HBPx95BWVLOZWTq0GiQRglkYpPaeWX6MlHHP7dgRGYJpKBJmoaQt6ZOOvx/zhVCGw1HSgiLbqVNkYfgoWJtE24LfEW3im41LiBK3Urp7MmojMttwEZHyS/Rf/TOGxn2IaMwbyGyXLceVGplurh1CSDENKAlBF1poIw9DQsTKRtwWGLoM3a6ZENiyeYOHdkYYnNuBKiPsmei952ASk1H+20H5fmzVyZZxKpKCjwUpCGiT+BNJGHYqViVUNuCZjqFCRjzrZ8U+CcO8EexacEtxJsKPexLYLeS2liJMniFTMxwzCIg2wSQRbfhDIjC2EqDsBCg9VIMTMUjuiRWW9YHLxRN10k5Nk33slcHHkINuMQQwRAkkX4k0EYUwRhUYhZ4rV2aYGAohSo0BmMhLQJH43YcI4ASf+i//xAAkEQABAwIGAgMAAAAAAAAAAAABAgMEABEFBhMhIjESQCBwgP/aAAgBAwEBPwH9KEgd+zLhiUBvan1vYcwkNjyqHIVJa1FC3znYuiKrTSLmhmNYPJFRJSJjQdR683B25StRJsaRlvfmumGERmw2319Qf//EACMRAAICAQMEAwEAAAAAAAAAAAECAwQABRESISIxQAYgcID/2gAIAQIBAT8B/pQkDz7NqqLIHXbJ3loQqIxyypObEXNht97mqpWbgo3ODX3B7lyrZW3GJU9e5pKWW5qdjifH+ve+QQpXQRp4/IP/xABIEAABAgMDBwcJBgQEBwAAAAABAAIDBBESITEQEyJBUXTCICMyQFJhcQUUMDNCYoGhsVByc5HB0QYkY4IVQ2ThNDVTYICSk//aAAgBAQAGPwL/AM12w4rHRo77xDadXehJRpd0rFf0KuqHfH7Rm873Wfu0UHMeszjbPjX7RlZ8Q+fzuate7QlPiR4doy8HOM7nVH2jK7zwlTW7cQ+0ZXeeEqa3biH2jK7zwlTW7cQ6s2HFY6NHfeIbTq70JKNLulYr+hV1Q749ald54SprduIdWm873Wfu0UHMeszjbPjXrUrvPCVNj/S8Q6tKz4h8/nc1a92hKfEjw7Rl4OcZ3OqOtSu88JU5uvG3q0rvPCVNbtxDrUpvXA5Tu6cberSu88JU1u3EOtSW98DlPbnxt6tK7zwlTW7cQ61Jb5wOU7ufG3q0rvPCVNbtxDq9h8dgdsqqg1ySW+cDlO7nxt6tK7zwlTY/0vEOqWnuAHeizP52J2Yd6pAYZeF3YogvJOs1XNx3KkzCDu8KWg+TGF8WFMZxzO6yVPNmYDoZ801j329Wld54SpzdeNvUv5qcYD2ReUYfkmS/vifsqzk1ELT7OAWdmXAeKzMk2y3tcnOwX2XYVVJhger32D3qsN4d4dTlN64HKd3Tjb6e3NzTIfiUYfkyWdHd2jcFZfGMJh9mHcrcap8VajuaFYkYVPeKtRYhcfQ1hRXBUjARAqPObPerUKIHeHUJLe+Byntz42+ktx4zGD3irEo10y/3cEWQP5aGexis5Mve87XFWotAqNo8+6rMu0Qh81aiPLj38q8rpLWrmFXQivVr1a9WqwiWqkeFbCpErDPeqwojXeB9LJb5wOU7ufG30NpxoFc4xXbGKzKtZBbtOKtzUy6KfFc7FbXuX8vLV8VRllngFzkVzvjyb3LRBK0WUWnFWk+qubVXQ10RkxXSXSXSWOSsN5CpFFsKkWsMqsKK13x9FJb5wOU7ufG3lvjxnWWMFpx2BPheSogdZ1uuK5yMaZMKqzbu2DlaRoqQ2Fy0n2VpGpWgxbFefT1hxC1Ue7ODvVI7CwqsKM08uS3zgcp3c+NvLdLPAdbFHA7EZnyLGMnGxs10f9lY8pSxmIA9sfug0Rs3E7L7ldybytAWRtVqK6p71SG1Xnq1WOIVM5bHeqTEOz3hVgxWnkSW+cDlO7nxt5RedQqnRCcVirMQAg7UYkFvmsXtQ8PyVqE7z2WGy+5ZqcaZaJ72CtNjsIPetKYZ+a0IzGt8VXOtJ8VoEBXnrdWOIWnFq33lzgp3tNVzUZpUlvnA5Tu58beVSnrNHk3ouiy4D+224ojzmKKE6166J+a0Y7/zV0Z35rRmYn/sVoTsX8168P8AvBfzEq133Sudtwj3hW4EZrx3Hq3OxgXdlt5VmRl7A2lVmYr3dytQnOae5aWmmyPlaXe+G02gHaio3lCAYliPBzVk6rwf0XNxh8eTCP8AU/TlxmVuER31XrHL1zh8FVkVrlpQT8FeORahRHMPcVSK4Rm+9igy3movZd6bArArDJzr6v1NGKzcEZqH3K1EBK0mroBdBVMNWntY0d6LIDG07RXm0jWYj9liiw5lxqGh1Ca0PIhn+p+nLj/iO+vIvWlDa5VgPp3Fc4z48jQaUIE61z4PvYhCNLvDmn0F5WCw5FTcjAkhU63rOx4dSdaFGrRAWGSrrkWSwtO26lZiPfHjOwYy9N/xCM6Hb6MtDN/9yzrYQbVTP4bfryIwA0mi0FQ8qP8AiO+qqGHk3qgv7lWCwsd8lSLDNNq0mrSARgx2DuOxUa/OSzz8k2YgOq12W5aSuHLMSIaALMwKiF9UHParhyKYu2IxJ2MGQtQC/lB5pLf9R3SPgjFay3Hdg517nFGZmDacTVUaFM/ht+vIIOtRHwmWoJNRTUqFYrHLGP8AVd9VVpQI6StNhkhUe2hyhAPaCr4LSi6Xu91FpNCrnIsfeEJaI7mIxp4HJpK5WnuAHeqyspFiDtdEfNf8Iz/7Bc/Lvh9+IVWmoy2nXALNQqiEPmgS1UAy1iOoiQ/NsGtOlvIrM9EwMU9Bq858pxzNxsRXot8ArlY9iFcFWi+Kmfw2/Xkm5FzW0KvBIVCrysVH/Ed9coFoAgYFANILu7KEMhRDjR2pwVIt/fqyVCgTJvdZo7xyvmY7M5YdZhMOHiVzkQ5MVYb7V9MvmUE/fQcWqgGS04gBWZf80YLXmYmThDZerflmLZhaoEP9ShDgw2saNQCq80Vyc6mJqqAK/apj8Nv15XRR0ES1qwJCo5RTtefQDIclh7agq2zSh/TI+Tix2tiW6taTqy52ALW1qo42TsNy6QVkG044NbeUZmaFl7hZhw+yNpyOia8As468m9AUyUbpOWcnZgNGpqsw2mSlO0fWO/ZcxD0ji83uK7lo/nlqRVUtgeKLmkYhTAB9hvoOiugiQxF8Gu2hVmMwt5QQyHLQhGPLjR1jYpbynCnHy848uNcWm+5UnIJmpYe0NIIQ4rsxFOpytMcCO5UjQYcT7zV/y6D81SXhQ4X3G0V+Rsuzosx8ULr1V5+CLnPEKGMb0ZfyJBtDXMPuaP3Xnc48zMz236vBUCvvKvyX5LwrcR4aAsxKlwha3LQbecTt9FguijzdUXQKt7tSpGhkd/ICGQ8mXhsuAr9VR4qCjEEHzWMf8yFd8kYvk6KZ6VGoX/JZjynDdKRcNLBCLAite04EHLcs9FpU31VmAKe8V5vKMdNzJ9lurxQmPLMa1sgN6A/dBjGhoGAC0lQXDLctEfFXc4/5BZuFz0bYNSESccSNTRgho+lwXRR0EXQQWH5LnYZptGQIZDyZfw5B8+k25w/5jbnJ0z/DHlIxoeOadj+xXmf8SeT4kvEF1sN/RZ6SmYcVvulVVuZi1Psw24laZdIyvZHTd+yzcvDsjWdZWwLR/PkUCrHP9oXOPDG6mjWrEAGDB+ZQJYhorD0+C6KOgi6G2we5abKt2hDIUeRLfd5Wa8oycOM33hejN/w75SiQHj2C79U+Umwxgp69wv8A91nYj3R45xiRLyrltV+S/JaebLVzeiNbijC8nttu1vOCz80S9x2oaKw6nguijoLOQB8FmpkGE7vwVQa8mV/D5RKsA4mia3YOVohdt3yVmuciamhc+S1nYCGguj1fBdFHQREMmmxF7W2grLwQe/LK/hjlFQx72W7LWMfgtJwYzYrEu0w4fa1lVLanaUNFYdb6KOijWHftCJhEupqWbLTawooMBx6DQFjySof3sl+S064bVzd3vFWJVtt3a1LOTBMR3yXRWHX8F0VbbDv20WjUhUfUK8rHKVDHvZKBdpys3vfqaFamjZb2AgGsoFh9h4LoroKsElq5xhptVHFYq4qH4q9Y2QubbmoXaOJWi2rtbjisFh9jYLBdFF0KsJ+1uCtWDFhj2mKy4pt+FSs1Jw847bqCEWcOdibNQWH2ZgsFz0Cy7tsuKdEM1bhHVrQhwYYaP+9//8QALBABAAIBAwIGAgMBAQADAAAAAQARITFBUWFxECBAgZGhscEwUPDR4WCA8f/aAAgBAQABPyH/AO65oBUwrktpg0FXdxgZ/sdx65+hU3/tOuKpel61/YDCCsOrhH3IGpi3Siv7f7H6yf3n9j/WT+8/sf6yf3nps0AqYVyW0waCru4wM+q+sn956b3Hrn6FTf8AtOuKpel616m4dE+7D02MIKw6uEfcgamLdKK/t9VZ+mdM6/TH1k/vPVdt6YUJd/pj6yf3nqu1dMGoeXpj6yf3nqv66H33pj6yf3np/rcIblcQdx8ProffemLh0T7sPSbcC1VUfoljmd4vcdtU7wsx5DcVEgbXiVpTsMOEFGuP+Ul/aTS9MWfpnTOv0JdZYo6hfoI+scSPBbD9Mr6zLCHbjXL2muXxLMjLAqcGtcSmObphlIM+01qTyv0dt6YUJd/84rBHc+IxsM138ziBqpUM2jqu2Caxs6vtKlOh/BO+tH+DTSCqLwyr5YdZWK+FK6Lq9BaumDUPL+Qaie4kdfY5bvEqGgBo7y7p6qWFEI5xCcJ2FwN5J1hYgbq/M6YO7NWMdi3tKOvlkF2k9NDgS9S6Mp+rt5Rs/jiAyj/KfXQ++/hFIy1VgKd8H3GS31I6kxdwh4vG2TEFIzfGDtL7kavvHlaLE0bs2p3zinaf9un/ACibSnAEt4PbwvXTqocqE50PiXiPRleTrayk7oyShc6fxProffecCiunQNWPiHVNnUHaPN9bDFNVl+6LrmZkHaE6vlCsYsWjmbOHBNb35jgfqmiJ2R1qypUCBAgQIECBAgQIELMjhlJRdpqeYjJDlp2vPn+uh995wgvUVltmA3rQJv03jSLXWx2fuGBN1kAtCeXmvg1j8j2s+yZDIODeDxqVKgQIECBAgQIECBAgQIECW4vRlIqG2crkKAG67XnyfXQ++8xomsplVNY5p1Ny9gWMuCXPI6xeF1KvZqQdoq83fb3gzTwhhFn4K5mg5lW2Zt18LNIRzeYp3YyvCpUCBAgQIECBAgQIECBAgQJUDyW6pwwCxLZwoB7AhY2m10z6aH33mLjWefEpVMVj4aWwuoX59n/9IY96rRhSZzS3jSvUXL+ehoX2hoQ73/MvBucLGaE5omfOBcfUNrkCBAgQIECBAgQIECBKgSoHkxUACr3hswFnlj4gfVZJBphOSma7HPFdWPZYVNYZN0uCTLdlTLHJ5P8AWdURfEJUyM1mZYIV3TVwuaD8xA2M+5eKQ3yiNIPXyFjjeqKm8Z+yFoU1evh3lEsgQIECBAgQIECBBcMP/Gh/5Uq3So30TdqXhttrfeAnDzABCAg+CYavxEKbKRhvGzYEypVFrR+92ji1vmLU8nSQ/lBevAgQJZuUv/u0FCdwahpnxK57RmW1nBDLXDJ5GolWZ5U9GAdexIECBAgQL0m2V3h/8IXlB6GEkEWjgMqzbDlH4mQLWrWJFDCaitVhNUJbYBqsp2eL6IMY9Zy+0f3KqKcqOKQ1qf5HLyMDPwrX6jLE0ZhAgQJ/n8odYnaaa+Au0BLcZQw7LdL5D6ZTGItAYZQPzQQYka7Oo+SXSVlu/wCjCrm+HiBAjNC5uKbQQkgggggkJ7VlOhtde6EZCDQScJNghNSJAnGm8MS1jIKuoYeiEGxPnjG5WRYbqUk/yOXkKksFJGaIrqHDL2/MEBgjEECUWLBPvAoq44i1W+tcSzuaMu04k8WIBd4CV4lNElTymr/UrwGozUjrao4/Kj7bBekRz8IQoVGRnqqE9S59sAcvbzza9/pZCZE3IQQ3QBaszKPB+UzNoOg2Sb6ShDo3Y4KNa2sRPPWU77wTbsMAFCiHVXFdd5oJYafZP8jl5LUj8hLJ+QmPo3I4KkoyFOkf4/KaZGbxEVYtW0vVfDw8o0+HhTkJDJoOh1eCElJkY41trowwkhs8tjqalvECngvEdAavKiFVaNMQggmytx+JmLQwgZ1Jg0N2XdCmr0mCE2YvrxF5brdRX3TQzhSIIYHjdlKt88sdmvCKCmmyf5nLyJcGyQJsQqg+Iqo3kmHgS0SJzLk6n7ZvnlKZpQz+Lweb3jQ22iwFN/28Atp1O+iAFkIttSste5LWs65RCH7YY2IFnsS6bti1Nep0hBcQp5ZXlTZYRkC2wTHxmkY7DLl7G8ZOT0HoQj5XNPVmd05MNPt5RVWtspglQTVEdsJdg4mHIOt8soX5UGHaQdsQxofENwT2iHWVULs7qYgOrNwgw8QZ/F4fV7wYoAjqMPsNe/8A+JswuAC0aneC0fv1d9T3i+mzTL6MMPGRUDpvSX5hddv+dZSKutC+dZlWrhAerAEkYZlMd7DViDfWmmJsRz4ji5na5TtbRVRcPoLaaq9vA7HSXijBNQCJd8SzPEsu/Yhm7d9Yv52sP0g7ZhDj8Q1SHZJYiciKHQ9k5WbhBHxyMO0Mxn38Bh1TAUMKG2UvCYiJYzdAVOTy6GcpBBh1edOIMsi3L3294Qh7thIQRdjVESDIUJiAg63T9+5tKqQbXXdgwxUCggMnXTeLqjoHgC9DmFH7Svd5aRPoDdgvyGDTiyIL0WaO66Q2BBSv4tsgjZijGY5o9J0QQPwiEoesTnZmaE4s/H4XV7yvAlw+r8wIkmoTBTMHW9zX3l1C5VPgr/hLfvsqscrruYhBa3tTuakyHCWHPyE4CFr43dj6sUQamonK7xRfuMBpe7WdWGcBcoNcsowr0get21mIqX1UWWzfa/UzTLlXVmCkIBABp/LsEHbEBcITQ/ECm5Tj4l3YmTGbAudpnGfa8anzv9wIECE3yI2Y6Ls6kyZ9vHsD8MwNwPmCsQ61274OICqFwNfP6iqtTSex0nQ0nf02N8Q6qN1bGif9gDL69B2lmH4hCjNp9CnVCciCOEJoPiJaFbjDCNi71feAoQmoxBmbxDwq7aBAgeATthLS9JDN2jwvFGDjwLdPmFGnzK57kOmfwlyODCFjpo+8CuSukCYQfBNPSIdYZkQJsQqg+ILT8EfPvhrK2FqCprDCdZWm5BA8AhFUbaMVfjwqXbQthyyxCgtgftTqxQktBqy3Bbj4IQGJlyLDMHxDwQGj1CDD9IO2IZQ/Ew4bNQlZzuGZU/tkM3Cz2rACjALGBAgQwVo6JoXDgDiHAQWzroyCU1gxfvLRD3XHR2JWrB5RgOnrT9IO2YA4xiE95MRAgf3SUZMMowPD4rIpqU5uH+KiYOQjCK2f3w4gbBBSQsEANP6DZIE2YI4y0ofEQNONoaFe3JCxCKYx8w1Po36hWqiMLH5Y3m3D+AhZnOQpUXAUD/SNkmoCXuMvSqPSVZ2X6Ebe8B8kstHhm24pMrdz8hm4VCMQBUJtM2z+oQZsniQkwLxnk4JSq8XC5/g1hm0I2lV/WIYmV4gm0AP/AIJ//9oADAMBAAIAAwAAABDzzzzzzzzzzzzzzzzzzzzzzzzzzzzzzzzzzzzzzzzzzzzzzzzzzzzzzzzzzzzzzzzzzzzzzzzzzzzzzzzzzzzzzzzzzzzzzzzzzzzzzzzzzzzzzzzzzzzzzzzzzzzzzzzzzzzzzziTzzzzzzzzzzzzzzzzzzzzzzzxTzzzzzzzzzzzzzzzzzzzzzzzxTzzzzzzzzzzzTzzzzzzzzzzzzzzzzzzzzzzwjzzzzzzzzzzzyxzzzzzzzzzzyjzzzzzzzzzzzyhTzzzzzzzzzyzzzzzzzzzTRDDTzjzzzzzzzzzDzzzzzzjDSTQhCyRBjDzzzzzzDzzzQChRgCRDiSzBDCCBDzTzwDzzxwTTCjRxSBTzzzzzwARTTAjzyzgTwQBRywQhCAADDizji8AwzyzTChjTDTTyAQhTRwwQRmFEQzyhigTE5yTjCzjRGItTyGxDxSjyzyDxxTDAARTwznyKyQAzghCRTzyxjQDjSixhxe8zgTARiAQwRzzzzzxxQBAzS1tVRCAAgRjBTzzzzzzzzyzihjAqlyQAgCSBzzzzzzzzzzzzwyCTzuxyBhxzzzzzzzzzzzzzzzzzyxxjQwRzzzzzzzzzzzzzzzzzzzzxyzzzzzzzzzz/8QAJREAAQMDAgYDAAAAAAAAAAAAAQARITFAQVFhECAwUICBkaHB/9oACAEDAQE/EPIt+iFcmuayQ9j4UYa7kvGkDHuEBuZhv0bc5Sy66BQcI2JURYODgiotytx1yCqt8bCfsoeTBalUT25VOAuRcMm77//EACMRAAEDAwQCAwAAAAAAAAAAAAEAESExQFEwQVBhgaEggMH/2gAIAQIBAT8Q+xbaMqTWD6NdAefShiHcl4xA28wgZ6x+jr5mDZrgKBJHRUFAOx2ItyZ5VwVVujoT7QWWDkKJs24QCNw6J53/xAAtEAEAAgEEAQIFBQEAAwEAAAABABEhMUFRYXGBkRAgQKHBMLHR4fBQYHDxgP/aAAgBAQABPxD/APa9/wAfZ0Lt1dsK8Rp70cDdg4CZ/wCjxHv1bL1rPcUfAa7qeDl+a/6Bzc4RXaKGnbM1NfHpGu6FXD/6s8+fPnz5v+Ps6F26u2FeI096OBuwcBM/V+WV/TTxHv1bL1rPcUfAa7qeDl+a+pJaSZjov02c3OEV2ihp2zNTXx6RruhVw/VZz1KeR7p/+iefOR9SgufB6/6P58qDqmTcG1/8J/z5fv8Ayyv6eSzpoZ7IIPVgkfU+pfvyWkmY6L9JhB6xQerDxdAF8MCMExwlMva2ekeEeRputhV8q7aeGG4qDpkwbFsIsmzFVznsC6Y7/TZz1KeR7p/oRAUANViwFwFd4yV6y7B4yL7B+WGUpqwOKYg8W2Iz43YdKi9Qv2eYql1VtXea5dJV5Y1sD1L5RfgVxs8WGOojccpYIRrqDgfJBJSsRw9Po8j6lBc+D1+v7EPjt4GZXdFF9hqiBIuQy2Uyx+88onq5jFMWU+hqY9LmKl/45jBSb1g8GhA3Z50lXA5+IXC1lTHJ6ulr2hJt1CveQZragu3mEkfcX6BQdUybg2v6n5orJH7w5AsK19mQGUUUWuXv4qGXnaC94DILVg+8scHVTLt0iBzgOh50IkTrWKdGsD4hUzHhwmEX4zBP2MHpgh98G/4h+UXBP7/5g2/3P5hEU56ipg4aJTzMRHWWW8zLGYQft9O/flBm6YIOVWBGXaomOchVX5cEUm5G16QwRAAU4p7DSGX4mAvZVsMF+mYerHt+2avbSZXqdE0wawPeC5/hc+0u+PiiaAd31feOWo3P9I5KLfn7Q1ovV+8AUatLoimkerHRPiizh4CH9IQfX7c/+Ahs/sIfVXmBYRu5DSfhvo8wEz9UZPMGr3Fft9E/fsA3mgbTwERX0oqtbktmKiQowA4iFqe2YKZpWntLuGbGp8BFVUtdVi38NZ4lRt25YPcgKI5qHyy92TI+xAPeJSYszpHL82wg/VAAAAOCixclf2BqNeZdzMLZJRhl0J7Jrk/Wfv0klNKVIOtm0Zwh8NeV6nCnUCLCiJrgQsc42w485csxouHLswU8aI38Fv4l0TtzKYUW8omtKZXA+kolxopR7S3FF0EC4HtCCD9EAAHR+gAAHDXIsVP9oLZgC/och7Tbmsk9uv6b9+jAMDwFx0u8dOCCtQ8x0RKOB2Os0hMAC1WmMu5TFmVzoDLa9/MHckMZ7ujwIUhrVCe8ucksGfAuWrB30HvKBU0VD0XMjqAVFzW1VuEBCD9MAAAdHzgAEIwAIECGtDSxUJh+qFAdsWVLVfsU1jFnQz7DGLjZrnz7+pLUVq0KvsMre3HdbthiPC8shZUdOa0LXdTHquMCiZBYRwYcEbqroQfZrnMWaLd1/uJhbeGh/eYsg0pfmXeYKpPzQ8AV6Z4qpgWRlu98I/vBmRg/clocjxs1L2TZgHT5QDo+B0fOAAfAEKwAKIECssDTMUQTrGnrCAI0H64aENzOph9GJTrzdnmoaF8ylZwkDIG1KZNvQ03jRIFavZtldxEaV4h7wAII6J8jiNYERa7x8A+AYSgXWmJqcNiRK9ISomqzooB6ShZW5s/ptN2ABr5xOmJCn5HAFYxX6S2gcHA6EH0OEs+xFEoiWJ8Do/SAAAfo3pF6N6p0rylDJeRgtyCxZyrG18esW4E56u9UUydrdWX+ZW0VCSBh0PEHrFyRyXbQCCUgQAnR+ZuKKAHnRHbKct4yEB4KPkBq/s42suyBvBKJyQTBvGzmWkjaI6kMSwNxph9E94P9xreDVAfG/tGVsjrngZWw6/yvxBWgtYLtt4QSGqUC1pLW7DicR0RdJs/MADqgr1KPSjUK9CpS/ebmmHwQuJ1ToiCZqFAQ27Ky1f7vCKs1lntjwSppLhVauCmBF/ojIrEh7tFBHA2KFJycxDyNWWhTQg4rXpZDodGYuDpRm33q/LAyi37VOf7kqV4yzMm+sI5uWfAzEFhK4CCjbiKQImo/A7lFdWMAQ96+8MR7gjf4Y9tw1ezs29IFp6lnxMt8b4QR6uSBfVDK2icxmUgYcmaLwQZamxzRlcJOj4FgKmn6EhYB6MwuJ1zpnXOmdMsk0bAR3TSqzt/hLrmC2Sl8GxHaJIl4QwrYacGHunviClS6UtjlYjX68l9nG7GXOkChqosDVqajbT76HBAiEOCBLPkBhV1BhEpJnxcWhujqBHiOTBgAbe4aSblUsZmIrJnHIYI17TcX0SUy9C9di9wMMLoqzq41JNaT8DqZk3IchxvVNeYhEfeGrJUNPq/EdE1MBIrXm0Z4zVzTsxJwOgJgeLaGYOq9K3lBiP8AMwYEdQAy3SBOG2hXsYs7LgQMdn2QYckoH7tawk4WJYzrm7UR6JbAEJPQw38vxAvYDkgoiuCOhnAKi0tKwZ8BHrOEpGqu0A3FCRWLd44IHE3Gi8Pg8uYCIGACggQoBslZXmGiEDNQcDT935cGCNSAZejtMtyWmo3EHQbj8wcjDwLeWAhNxCwyhVYHkagqFy3vBZYIITUWgmOd4UQ3Lks3eXbFf/YZyQnE3J+KAGYz40g5hbNYjJ0m5EC5Nq/wvXwSMsBqJoymYztv4y/WdU64sKGT93RgviBExQaArYMVEBRvjiUtqOFsqIgYsBhtQ2nROiBGFHdu384GjQ5IYIoqUrAU1CLRC9Hg8PEYl63T4sHtiUJcnCAyujEJk1DF6EN3HTV4iVcA+RnKmVa3BWiDSLan88ZX8gAKSJgW4HIvqJSLuGKFaBTHSp8N1DKspMIy/wAmaA4Ep6yrYEo5MPMA1zKonMq9k0IaVcMwLyhigpRp2cMVsC0M9f5fARcwkgWh2uvWEHEdEnXFa/q6/PI9S0PFO+WMudl64VNGvkm8FjAnUqqXi4GAGydEtmesnSDqqUtVbWEmKC8QgAAascuDRsPLB/jfl2ByppS4KfZhN3MGSGVLDVXLCKUWuIP5mC6v08EeOTVWCFhjS4OXcN/SUXJVaUCGuDvGyiQHR/uhD8rUCLBLe0NEX1FdF3D9MWiUZXfMairbTtKpU1eR4dJVENHEJ0fgIB8hG0Z0lKm8D2mOn7Tah9noFiR2p4Oe05/ZCqCmUusKTBg+kq6mec1rlrGFEX7Tt2oyaOO6hXkB6JyJBYJgpR933hLVXeSvtjFAOq2DvU94jGJyq2s6ImnLoYV/BGsmLVKkVdx6EcUAFg5Zmd6ao3zLXjEMGm6SNzTPG8LLXBMnUNjj5d4+OA0GA8E0hmX03P8AEW0ug3ioMpZZVkEXltaBGUiX/bmDRiHJbtmDfHzoCkjARnmAWZ1F8dYu7VYUZW6lbCvyRarKoK/XaE0fch40zDLEn3UH7JrRGhOzKrzdDXEqZgARKRMJAMJR0BSiUm1TgOyOGBZl0Fn/ACKj0EvOB3FUGtghdWECtNBgPZAEFFYlzwmpOiBxAKFIxMlUl5ljgh4OiIkZK4fOiYhm41wBja84gOzFgGgBDLB1Dq/iKrvePLvA50gNlcjSJKOd3r/UtVQ4A8sY4VnWvzD/AH8oNMBHCEWR6O75jUiggdOCCA/RQdSDtjMJEX1M2l9QMDDY3GWr2tWLzs9Imemg+ruespo+7DpGpvD+hNCo+0Yb8qHCBWYkmvFL+7m5G8NTFK4524DUlDxNixCGC0pDUeXLtBdBht6Lym7ZHpAEvdDkdhjIQ4ARXnSLjhTOOHlj4MhS6poeNYG10DyCsp7l8p/irmYLN6jxxMrYq8wKyHEMrxtj+YfWsAIdva0X5OIuFlJ9LGVli+0jHlbJegqitOV3mHJA2gAAOobQ/VApg0dfUstl6lpC7i4X11DzognQ+Vovc1JQeKGjBgBozOjlAqBvCKImv3l8kFjRjwWlV+Ak7p2nDHq4EZjOpIoYEgkIDZndhmd4qZeaWQ9XB6JdMjXg8sylB9v8y3B4lmrXYgktPRr/AFLxRXAlaRZca+CHdPyS3i9I8RkBV6d0fA1svQNCK4kCCYiHEEAGPoSsI8ED1LPS+oluu4yky2xAACFM6dbfWWmCFgTpgOnVgoglHMepXA3fu/IAGxKpm+qUyeDC91qaJQvoVAvUxLNI2RpADLBlFHL8EGjy6rWWbpusB5Yjs3JdX8xwp4z6fBgI/YMpKdt4xAUogzArqGQSoAKCvpC6EdCLlnC+pdQu4QR7wV9m0LklQUTxvHSTpRHoyoBmCCY5b4oBsSqCIo3GPewbfa/xAvLCBYBa1oeWANs+0QG5dAIHrLld+TiByDL93dmiV7gXTaNHfVl2sakqqDBldQah9RqBEwluWIL6iMq7gmULTV4ma+fFdG+dGEBPNDoqanpRuGYvXnuVpN/GLPE9oqUiy/cEilwXxELbwHL5YAAAGxKaD1w34hMgc704izw1fv5XeOhLcoaXitoNArqBgGJpg+rQSkjARnmATL6jeMt7QzEugKesYqjgrMKKrUDBD/Vmdk9wUmj3CqxFS9RGaD+DCDC06uxBqUe29+ZQW1otvsaRVmRRqd/xBq6BQjYgrqGgSoBQ+vQdSFojMPEX1Fmy+oRdQCi5EKpbXvovq8RH3lhNme4Tlsd4Qi37oi2cOC1jkb1Lz5cwipsKAS4G47PlgCD2gKhjqBUB/wAQSmAUVfUK3XUEYAiNhiCiyDJ70+1RUtNBYbOqfePCKxwIxHbJV6Af3NWloPfgww6RqdG8NJiAFBCjGAEaYP8Aj6oQpwm1Iq6HtNMX1AvdYfUmpTg+y0U7wI41RD2XeUCwWXANB/zNSIzYjZGwCCYP/BP/2Q==","provType":"MONITORING","date":"2018-03-12T10:59:00.125Z"}},"communicationModules":[{"identifier":{"_current":{"value":"COMMS1_SN_CHD_DEV_1","provType":"MONITORING","date":"2018-03-12T10:59:00.618Z"}},"subscription":{"identifier":{"_current":{"value":"SUBT1_SN_CHD_DEV_1","provType":"MONITORING","date":"2018-03-12T10:59:00.72Z"}},"address":{"_current":{"value":{"type":"IPV4","value":"172.18.19.24","apn":"movistar.es"},"provType":"REFERENCE","date":"2018-03-12T10:59:00.702Z"}},"mobile":{"imsi":{"_current":{"value":"SUBT1_SN_CHD_DEV_1_IMSI","provType":"IDENTIFIER","date":"2018-03-12T10:59:00.71Z"}},"registeredOperator":{"_current":{"value":"Telefónica Móviles España, SAU","provType":"MONITORING","date":"2018-03-12T10:59:00.712Z"}},"homeOperator":{"_current":{"value":"Telefónica Móviles España, SAU","provType":"MONITORING","date":"2018-03-12T10:59:00.717Z"}},"msisdn":{"_current":{"value":"MSISDN_FAKE","provType":"MONITORING","date":"2018-03-12T10:59:00.715Z"}}},"name":{"_current":{"value":"SUBT1_SN_CHD_DEV_1 name","provType":"MONITORING","date":"2018-03-12T10:59:00.627Z"}},"description":{"_current":{"value":"SUBT1_SN_CHD_DEV_1 desc","provType":"MONITORING","date":"2018-03-12T10:59:00.704Z"}},"administrativeState":{"_current":{"value":"ACTIVE","provType":"MONITORING","date":"2018-03-12T10:59:00.708Z"}},"specificType":{"_current":{"value":"MOBILE","provType":"MONITORING","date":"2018-03-12T10:59:00.625Z"}}},"subscriber":{"identifier":{"_current":{"value":"SUBS1_SN_CHD_DEV_1","provType":"MONITORING","date":"2018-03-12T10:59:00.723Z"}},"serialNumber":{"_current":{"value":"SUBS1_SN_CHD_DEV_1ICC","provType":"IDENTIFIER","date":"2018-03-12T10:59:00.805Z"}},"model":{"_current":{"value":{"name":"TEST","version":"1.0","manufacturer":"sb-HD"},"provType":"MONITORING","date":"2018-03-12T10:59:00.799Z"}},"software":{"_current":{"value":{"name":"software","version":"1.0","type":"SOFTWARE"},"provType":"MONITORING","date":"2018-03-12T10:59:00.814Z"}},"administrativeState":{"_current":{"value":"ACTIVE","provType":"MONITORING","date":"2018-03-12T10:59:00.818Z"}},"specificType":{"_current":{"value":"GENERIC","provType":"MONITORING","date":"2018-03-12T10:59:00.809Z"}},"name":{"_current":{"value":"SUBS1_SN_CHD_DEV_1 name","provType":"MONITORING","date":"2018-03-12T10:59:00.803Z"}},"description":{"_current":{"value":"SUBS1_SN_CHD_DEV_1 desc","provType":"MONITORING","date":"2018-03-12T10:59:00.801Z"}}},"name":{"_current":{"value":"COMMS1_SN_CHD_DEV_1 name","provType":"MONITORING","date":"2018-03-12T10:59:00.614Z"}},"description":{"_current":{"value":"COMMS1_SN_CHD_DEV_1 desc","provType":"MONITORING","date":"2018-03-12T10:59:00.616Z"}}},{"identifier":{"_current":{"value":"COMMS2_SN_CHD_DEV_1","provType":"MONITORING","date":"2018-03-12T10:59:00.605Z"}},"subscription":{"identifier":{"_current":{"value":"SUBT2_SN_CHD_DEV_1","provType":"MONITORING","date":"2018-03-12T10:59:00.523Z"}},"address":{"_current":{"value":{"type":"IPV4","value":"172.18.19.24","apn":"movistar.es"},"provType":"REFERENCE","date":"2018-03-12T10:59:00.428Z"}},"mobile":{"imsi":{"_current":{"value":"SUBT2_SN_CHD_DEV_1_IMSI","provType":"IDENTIFIER","date":"2018-03-12T10:59:00.505Z"}},"msisdn":{"_current":{"value":"MSISDN_FAKE","provType":"MONITORING","date":"2018-03-12T10:59:00.51Z"}},"homeOperator":{"_current":{"value":"Telefónica Móviles España, SAU","provType":"MONITORING","date":"2018-03-12T10:59:00.511Z"}},"registeredOperator":{"_current":{"value":"Telefónica Móviles España, SAU","provType":"MONITORING","date":"2018-03-12T10:59:00.507Z"}}},"description":{"_current":{"value":"SUBT2_SN_CHD_DEV_1 desc","provType":"MONITORING","date":"2018-03-12T10:59:00.422Z"}},"specificType":{"_current":{"value":"MOBILE","provType":"MONITORING","date":"2018-03-12T10:59:00.421Z"}},"name":{"_current":{"value":"SUBT2_SN_CHD_DEV_1 name","provType":"MONITORING","date":"2018-03-12T10:59:00.525Z"}},"administrativeState":{"_current":{"value":"ACTIVE","provType":"MONITORING","date":"2018-03-12T10:59:00.431Z"}}},"subscriber":{"identifier":{"_current":{"value":"SUBS2_SN_CHD_DEV_1","provType":"MONITORING","date":"2018-03-12T10:59:00.323Z"}},"serialNumber":{"_current":{"value":"SUBS2_SN_CHD_DEV_1ICC","provType":"IDENTIFIER","date":"2018-03-12T10:59:00.22Z"}},"model":{"_current":{"value":{"name":"TEST","version":"1.0","manufacturer":"sb-HD"},"provType":"MONITORING","date":"2018-03-12T10:59:00.227Z"}},"software":{"_current":{"value":{"name":"software","version":"1.0","type":"SOFTWARE"},"provType":"MONITORING","date":"2018-03-12T10:59:00.412Z"}},"administrativeState":{"_current":{"value":"ACTIVE","provType":"MONITORING","date":"2018-03-12T10:59:00.416Z"}},"description":{"_current":{"value":"SUBS2_SN_CHD_DEV_1 desc","provType":"MONITORING","date":"2018-03-12T10:59:00.297Z"}},"specificType":{"_current":{"value":"GENERIC","provType":"MONITORING","date":"2018-03-12T10:59:00.327Z"}},"name":{"_current":{"value":"SUBS2_SN_CHD_DEV_1 name","provType":"MONITORING","date":"2018-03-12T10:59:00.222Z"}}},"name":{"_current":{"value":"COMMS2_SN_CHD_DEV_1 name","provType":"MONITORING","date":"2018-03-12T10:59:00.529Z"}},"description":{"_current":{"value":"COMMS2_SN_CHD_DEV_1 desc","provType":"MONITORING","date":"2018-03-12T10:59:00.527Z"}}}],"description":{"_current":{"value":"CHD_DEV_1 desc","provType":"MONITORING","date":"2018-03-12T10:59:00.02Z"}},"name":{"_current":{"value":"CHD_DEV_1 name","provType":"MONITORING","date":"2018-03-12T10:59:00.82Z"}},"specificType":{"_current":{"value":"SENSOR","provType":"MONITORING","date":"2018-03-12T10:59:00.122Z"}},"administrativeState":{"_current":{"value":"ACTIVE","provType":"MONITORING","date":"2018-03-12T10:59:00.21Z"}}},"administration":{"channel":{"_current":{"value":"default_channel","provType":"MONITORING","date":"2018-03-12T10:59:00.918Z"}},"serviceGroup":{"_current":{"value":"emptyServiceGroup","provType":"MONITORING","date":"2018-03-12T10:59:00.914Z"}},"plan":{"_current":{"value":"FLOW_RATE_100","provType":"MONITORING","date":"2018-03-12T10:59:00.908Z"}},"identifier":{"_current":{"value":"CHD_DEV_1","provType":"MONITORING","date":"2018-03-12T10:59:00.912Z"}},"organization":{"_current":{"value":"chemacorp","provType":"MONITORING","date":"2018-03-12T10:59:00.916Z"}}}}},{"resourceType":{"_current":{"value":"entity.device","provType":"IDENTIFIER","date":"2018-03-12T11:00:01.619Z"}},"provision":{"device":{"identifier":{"_current":{"value":"CHD_DEV_10","provType":"MONITORING","date":"2018-03-12T11:00:01.214Z"}},"model":{"_current":{"value":{"name":"OpenGate","version":"1.0","manufacturer":"OpenGate"},"provType":"MONITORING","date":"2018-03-12T11:00:01.618Z"}},"location":{"_current":{"value":{"position":{"type":"Point","coordinates":[40.78375249031102,5.90943812094679]},"postal":"28033","source":"GPS"},"provType":"MONITORING","date":"2018-03-12T11:00:01.613Z"}},"image":{"_current":{"value":"data:image/jpeg;base64,/9j/4AAQSkZJRgABAQEASABIAAD/2wBDAAMCAgICAgMCAgIDAwMDBAYEBAQEBAgGBgUGCQgKCgkICQkKDA8MCgsOCwkJDRENDg8QEBEQCgwSExIQEw8QEBD/2wBDAQMDAwQDBAgEBAgQCwkLEBAQEBAQEBAQEBAQEBAQEBAQEBAQEBAQEBAQEBAQEBAQEBAQEBAQEBAQEBAQEBAQEBD/wgARCAGQAZADASIAAhEBAxEB/8QAHAABAAEFAQEAAAAAAAAAAAAAAAYCAwQFBwgB/8QAGQEBAQEBAQEAAAAAAAAAAAAAAAEEBQMG/9oADAMBAAIQAxAAAAH1SAAAAAAAAAAAAAAAAAAAAAAAAAAAAAAAAAAAAAAAAAAAAAAAAAAAAAAAAAAAAAAAAAAAAAAAAAAAAAAAAAAAAAAAAAAAAAAAAAAAAAAAAAAAAAAQUnTlnUwAAAAAAAAAAAAAAAAAAAAAAB499hcLPP8A7z8s+pwAAAAAAAAAAAAAAAAAAAAAABxjs/GCG+mfM3pkAAAAAAAAAAAAAAAAAAAAAAAcY7PxghvpnzN6ZAAAAAAAAAAILpuIQ096Pn0AAAAAAAAAAAcX7Rw8h/qDyh6vAAAAAAAAAAOFwzoENPTIAAAAAAAAAAAHBO9+eiC+v/GnssAAAAAAAAAA4xDZlDT0yAAAAAAAAAAAxcgq87+iPO5zz2X409lgAAAAAAAAAHGIbMYOeoAAAAAAAACOkio4tGTsUIs/DS5mrHQYFb+kQ9fefJedURmRFwAAAAAAAAHD4BNOdnr8AAAAAxjJc7gh2vm0KlxDL0/05sMeK2i/Y+gfQ+Wy79xfhmZun+nQJZxX6ejr3neVHXkRk5fAAAAAB565z0Pnh7LAAAWeQnYo7yvVkxjGNcN5fitJINPjgUFX3BpM3GtCtjWjM+4X0zWJUZCzUXftuouV2qi9ma+om0v45UeicrzrJjsiEykzQAAed+edD54eywACg1XmjsUFOMTKYRElX3kW5OhsS2Z9nVVl/wCY+MbDFs1D79+ipUPv36KlQqVCpUKlQqVCpUKlQvW6iRyvmX07xm8A3p2JBpWcF550Lnp7LAA0W9hxz+J7jTi5R9M+DSy2cJwZNgkU10u1hocuzryVb7mw7fLvMV49SVcH6cSyr5WPv2o+VqhUqFSo+Vfaj5V9rKaqvp8+tQbjTwLZFGv6zLU4bt+1Xl5Rn9RjR0rZeV+wHSAIXNI0cY11usrqVC9brOJ4tVmS9XifLdjYx7ho470W4cpdB1xD7/Tpscz7VgcrO4VYWeKlwpqyskwsjKrLN25WU11VlP1AjM18t6ERST7PKTVZu3xS7HoZzMkfPZTG1k3ZY9ITpgGv2GKeWYz6P42WNvzbKOj1x3eHE95o8PJi2+FizPNmiFMljWvZ9y8XJ06usdR5b1oh3NumcHKIbpcAnfoHyJ6tNzmXKyzYt0cnjZv3X53N5mwu67bd/wCipXYhp1aybWuhlvMyc1Me7qOZLPOUauRGhkt60cz6RqOhFOxw8w6WADH00h+HKuZendUePa/R/NDgX2QQ4233X5hd+qinKsZJ1XrHKOsEN4j27hxroROxyvvPLOunWbnEpeSrXynI5PGj1O9zsHP12bXV3/o9doc/pXt7XNzTEyRwKB4xTn7S6U3KPh9fai5MYVYOg67mPWTo/wBt3AAAC3rdsOfc29D4B4rg/ufnZ5dzptADYZWg251/rPJetkL4f3Hh5rqvn0v+ivN/oQmUBmtaed913aODL4x8XtVWu25ur8IgBJIxuNiWshSV0qj5V9zjHytTBTf6WV9YIn0rMyh9AAAAACnDzhEIB23FPIHP/ccFOQ9n5ptjM4j1HkJR9ouD0T539HpvqlYqfbLuBm2l88ZG7kUun3qs+vn0VLpbyrkeN/BLPQSCdclcgMDZ1gAAAAAAAAD5YyBHoV1W0eaeSe3IgeLc/uHKDD9L+TfRZ0arXbFPtfyuxh5uGvIJNo97L9fLh8rvVlWLqss0e9nkxI5Lsu4fPoAAAAAAAAAAAALdwamK9AoPPMK9Wxs89TLfQw6JteKSNOm4WDfrl0hjcnl+5ON8LNyZyki0s22WWb/0AAAAAAAAAAAAAAAAKahiavf/AAgsO7PjnnDXelomcAnuz6eQ2Z7PKMXMrAAAAAAAAAAAAAAAAAAAAAHyi4LFdwfPoAAAAAAAAf/EADMQAAAGAQIDBwMDBAMAAAAAAAABAgMEBQYHERIgQBATFCEzNTYwMVAiIzQVFiQyJWCA/9oACAEBAAEFAv8A2vkeWwMdFBn8C5lfkM677+54fe+LL7fj9UYcfwem0KPKvPyGqPs+l3vH5DVH2fS73j8hqj7Ppd7x0uR5bAx0UGfwLmV1OqPs+l3vHS51339zw+98WX26jVI9qbStW930uqMOP4PTaFHlXnU6sq4aTSNfFfdLqj7Ppd7x1OsSuGh0aXxZB0uqPs+l3vHU61Hw4/op55D0uqPs+l3vHU62fH9E/kHS6o+z6Xe8dMqVHQojJRDWz4/on8g6XVI9qbStW930alpQU7KqiEHr62tDdNaXI9nNjCNlbpDUwzyWi0dhSoeRdLqyrhpNI18V90Nhf1NYU3PX3h3V9cqi4/FhplWLaS5I8t+K5FymQgRsgr5AQ424XRaxK4aHRpfFkH1plnAgJn6gRkCTb5JcnDxd102qqurkv3SEE6+8+r6DMuSwcbJ5bYjZFBfDbzTxfX1qPhx/RTzyH6b0liMmdmtbHEvIshsw1jsqUqNjkZgjk1UISL19YccW6rl3IgbrZDxDY8QO+WO8dHG8ON4Mzpsc4uVTWxFyaA+Gn2Xi+prZ8f0T+QfQUpKCl38CMJeSWb5/0+RYON19XEH9ThMBy6lqDkh57lUtCQclI45Ch3bpju2SG8ch3yCHiFDv1jvXB3ix3ix3ix3ix3qw1NkMnGyiY0IuTwXgzKjvl9HWz4/on8g5nnm47SNRqyxXIs5kobmCVsDfdMuVS0oBydxwvrHAwgeIQkG+4Y3Uf123nWji5FPYEbKIrgZmRpBc2tnx/RP5BzWDzRtZBp5WLUdhlGOHXZPV2IIyPlW8hsd4+6O6bSDkJSFOrV0yFrQca9nxxGydlYYmRpJdutnx/RP5ByrUSEyZRmcmWtS0yCUVjh9LZhcLLMbOuzKDINMuMtK58NseNS+CciNhUviG+/VoWtBsX82KImVRXwzOiyBrZ8f0T+QctxJ8PElu/oPzMEoyCJJkLmprrE/6LHSTlXGQFsIbCuJI8VJSG7eyaDWTW7QYzR8hHy2sdJiVGkp6WXbwYQfyOY+fg7OebNRJjhqfaxTkzWb2LiNRWYxaMWMORy5Me0SSrdPITBLOSg/EqhpUF1CFB2jfDkCW0DIy5G3nWVQcqsoorMjgWAL6mw4THCobH2TrWJAJ+0s7Q4GNOunCxtpsM1sdsigtLCaSMoHWwIyZ1hEbTIyRht7EpUp7kyo9oLp7p5EHsJjn+Z3w70E6OMjDkZh8n6VJh+HIj8iGXViqyGfVqiymJjXMTajBMgmkgkkNhsNgeySnW5rOJjpTFwscjMEiGlsEgw2wZhLaWymXjLRXGTNsOWq5ckY/WoiNYp/L7chY8RVFJTsSiPlm/wAwm1nyEowTg4ScD1D4g/7anoVDxYzEXHmGhLpq2QwTkzFp0OWzOY7CSZhLIJBENhsNhsNhsFrQ0iXMfsnKujJIYjIaIiCGjMJZISJbEYry8XHbORcXQebg49DpYL1jMXHSxFxT+X2yT/Re18qBJZsjI2JyFhLiVdsvymtLQ4U8myCIr6yNCkH2MH+5UElYZiRlNWMZpgSromzlZAJtr4lOK3CoE0ghkEnYKUhtKHnXh/nDvloCTSothsDMklLku2b9VUJbJtskklBmEMhx1mOmbbfplZKqYqNUGayIW/HOsqCEllub6GK/y+15HEVnWd8VpjZ8TkaXENixUkR7BKg26lQm/wAzsiymHEWbkdTfYx6lOIx/t3J+VsymSqXGfjrBHseOySn1Ow2Bd3xOSX3jSkwk1EGPJ7YbC2lKdXT1ZJJtrhJDI4UNlJtCSLTJY7LhRrO0NlhphBIGxBFeXiYMc0osEmljFf5fItolCRXIcE7H0OCxxjYPQZcQ2LBbZvSCVJJRGC7duxj1KcR/TuvtMP8AdcaQ8idXrjGMBsYqIJeY2EiI5uhbe5GgG82RxIjjJ7CY/wCGj1MFT7saJwJQ0RCROZji2vmIyXJ1xcqhVsSCRJMxuSR9+xpXAqBIjqFwlPg8YcLxpHvzKbJQfgoWJtE24LHGBY4xIZUtD8ZSHwlZHyMepTiP6d19pvqgyJRWFWbYoNOo17jLxZpiKqnNKqwCFJWSiQ4PCV4bNLJfcbCW0ubKrK1MZt15mMmdb7IlZFKnLj1DSXSLcbJSDMz7NuwyMg682wkrJ+xXQxERUI+3OaCMPQ0LEykbcFli6FlY4m40bzEqIaHwlwj7GP8AemEf07r7TfV7CMYo4TVAbhLFzg1BdB6hzPFFVWfQZCmH2JLew2GxivgtRkyLTYrTJmmXTr5VmtCENp4dhvyNtLcPdiOLG9QhTFdOtXaqiJoo0YmyLy+kaSMOxULEunbcKxxlKys8RNByIUyEaHxGdI10xiP6d1/rN9Xtxv2YEEuGQtsZo70pGC5HQLg567Dcg2UCyaLyFvfRq9t561vCiQo8Jsi3G+3IRGoyZQ0J9szGbclWFsqpxokiDUoaJthKC+qaSMOR0qEqpbcFhjaFi0w8t11s2C5RyBEeI27kyNM31e3Hi2p+QlGQn1tbatXWFpqnqmzzKS3CqmYp/ceRD79m3YhgzJclthMu7W6qBQvy3a2iQ2TENDZEki6HbcLYSoSaxtwT8dQsP0j8JcS1Q2LaTumU+Rukoj7aIv8AiOV0+Fu6dWtxtPAjlQ2pw/2mROt22j8NPtV1eOpQIlahokNknpdgppKhIrkOCdj6HBPx95BWVLOZWTq0GiQRglkYpPaeWX6MlHHP7dgRGYJpKBJmoaQt6ZOOvx/zhVCGw1HSgiLbqVNkYfgoWJtE24LfEW3im41LiBK3Urp7MmojMttwEZHyS/Rf/TOGxn2IaMwbyGyXLceVGplurh1CSDENKAlBF1poIw9DQsTKRtwWGLoM3a6ZENiyeYOHdkYYnNuBKiPsmei952ASk1H+20H5fmzVyZZxKpKCjwUpCGiT+BNJGHYqViVUNuCZjqFCRjzrZ8U+CcO8EexacEtxJsKPexLYLeS2liJMniFTMxwzCIg2wSQRbfhDIjC2EqDsBCg9VIMTMUjuiRWW9YHLxRN10k5Nk33slcHHkINuMQQwRAkkX4k0EYUwRhUYhZ4rV2aYGAohSo0BmMhLQJH43YcI4ASf+i//xAAkEQABAwIGAgMAAAAAAAAAAAABAgMEABEFBhMhIjESQCBwgP/aAAgBAwEBPwH9KEgd+zLhiUBvan1vYcwkNjyqHIVJa1FC3znYuiKrTSLmhmNYPJFRJSJjQdR683B25StRJsaRlvfmumGERmw2319Qf//EACMRAAICAQMEAwEAAAAAAAAAAAECAwQABRESISIxQAYgcID/2gAIAQIBAT8B/pQkDz7NqqLIHXbJ3loQqIxyypObEXNht97mqpWbgo3ODX3B7lyrZW3GJU9e5pKWW5qdjifH+ve+QQpXQRp4/IP/xABIEAABAgMDBwcJBgQEBwAAAAABAAIDBBESITEQEyJBUXTCICMyQFJhcQUUMDNCYoGhsVByc5HB0QYkY4IVQ2ThNDVTYICSk//aAAgBAQAGPwL/AM12w4rHRo77xDadXehJRpd0rFf0KuqHfH7Rm873Wfu0UHMeszjbPjX7RlZ8Q+fzuate7QlPiR4doy8HOM7nVH2jK7zwlTW7cQ+0ZXeeEqa3biH2jK7zwlTW7cQ6s2HFY6NHfeIbTq70JKNLulYr+hV1Q749ald54SprduIdWm873Wfu0UHMeszjbPjXrUrvPCVNj/S8Q6tKz4h8/nc1a92hKfEjw7Rl4OcZ3OqOtSu88JU5uvG3q0rvPCVNbtxDrUpvXA5Tu6cberSu88JU1u3EOtSW98DlPbnxt6tK7zwlTW7cQ61Jb5wOU7ufG3q0rvPCVNbtxDq9h8dgdsqqg1ySW+cDlO7nxt6tK7zwlTY/0vEOqWnuAHeizP52J2Yd6pAYZeF3YogvJOs1XNx3KkzCDu8KWg+TGF8WFMZxzO6yVPNmYDoZ801j329Wld54SpzdeNvUv5qcYD2ReUYfkmS/vifsqzk1ELT7OAWdmXAeKzMk2y3tcnOwX2XYVVJhger32D3qsN4d4dTlN64HKd3Tjb6e3NzTIfiUYfkyWdHd2jcFZfGMJh9mHcrcap8VajuaFYkYVPeKtRYhcfQ1hRXBUjARAqPObPerUKIHeHUJLe+Byntz42+ktx4zGD3irEo10y/3cEWQP5aGexis5Mve87XFWotAqNo8+6rMu0Qh81aiPLj38q8rpLWrmFXQivVr1a9WqwiWqkeFbCpErDPeqwojXeB9LJb5wOU7ufG30NpxoFc4xXbGKzKtZBbtOKtzUy6KfFc7FbXuX8vLV8VRllngFzkVzvjyb3LRBK0WUWnFWk+qubVXQ10RkxXSXSXSWOSsN5CpFFsKkWsMqsKK13x9FJb5wOU7ufG3lvjxnWWMFpx2BPheSogdZ1uuK5yMaZMKqzbu2DlaRoqQ2Fy0n2VpGpWgxbFefT1hxC1Ue7ODvVI7CwqsKM08uS3zgcp3c+NvLdLPAdbFHA7EZnyLGMnGxs10f9lY8pSxmIA9sfug0Rs3E7L7ldybytAWRtVqK6p71SG1Xnq1WOIVM5bHeqTEOz3hVgxWnkSW+cDlO7nxt5RedQqnRCcVirMQAg7UYkFvmsXtQ8PyVqE7z2WGy+5ZqcaZaJ72CtNjsIPetKYZ+a0IzGt8VXOtJ8VoEBXnrdWOIWnFq33lzgp3tNVzUZpUlvnA5Tu58beVSnrNHk3ouiy4D+224ojzmKKE6166J+a0Y7/zV0Z35rRmYn/sVoTsX8168P8AvBfzEq133Sudtwj3hW4EZrx3Hq3OxgXdlt5VmRl7A2lVmYr3dytQnOae5aWmmyPlaXe+G02gHaio3lCAYliPBzVk6rwf0XNxh8eTCP8AU/TlxmVuER31XrHL1zh8FVkVrlpQT8FeORahRHMPcVSK4Rm+9igy3movZd6bArArDJzr6v1NGKzcEZqH3K1EBK0mroBdBVMNWntY0d6LIDG07RXm0jWYj9liiw5lxqGh1Ca0PIhn+p+nLj/iO+vIvWlDa5VgPp3Fc4z48jQaUIE61z4PvYhCNLvDmn0F5WCw5FTcjAkhU63rOx4dSdaFGrRAWGSrrkWSwtO26lZiPfHjOwYy9N/xCM6Hb6MtDN/9yzrYQbVTP4bfryIwA0mi0FQ8qP8AiO+qqGHk3qgv7lWCwsd8lSLDNNq0mrSARgx2DuOxUa/OSzz8k2YgOq12W5aSuHLMSIaALMwKiF9UHParhyKYu2IxJ2MGQtQC/lB5pLf9R3SPgjFay3Hdg517nFGZmDacTVUaFM/ht+vIIOtRHwmWoJNRTUqFYrHLGP8AVd9VVpQI6StNhkhUe2hyhAPaCr4LSi6Xu91FpNCrnIsfeEJaI7mIxp4HJpK5WnuAHeqyspFiDtdEfNf8Iz/7Bc/Lvh9+IVWmoy2nXALNQqiEPmgS1UAy1iOoiQ/NsGtOlvIrM9EwMU9Bq858pxzNxsRXot8ArlY9iFcFWi+Kmfw2/Xkm5FzW0KvBIVCrysVH/Ed9coFoAgYFANILu7KEMhRDjR2pwVIt/fqyVCgTJvdZo7xyvmY7M5YdZhMOHiVzkQ5MVYb7V9MvmUE/fQcWqgGS04gBWZf80YLXmYmThDZerflmLZhaoEP9ShDgw2saNQCq80Vyc6mJqqAK/apj8Nv15XRR0ES1qwJCo5RTtefQDIclh7agq2zSh/TI+Tix2tiW6taTqy52ALW1qo42TsNy6QVkG044NbeUZmaFl7hZhw+yNpyOia8As468m9AUyUbpOWcnZgNGpqsw2mSlO0fWO/ZcxD0ji83uK7lo/nlqRVUtgeKLmkYhTAB9hvoOiugiQxF8Gu2hVmMwt5QQyHLQhGPLjR1jYpbynCnHy848uNcWm+5UnIJmpYe0NIIQ4rsxFOpytMcCO5UjQYcT7zV/y6D81SXhQ4X3G0V+Rsuzosx8ULr1V5+CLnPEKGMb0ZfyJBtDXMPuaP3Xnc48zMz236vBUCvvKvyX5LwrcR4aAsxKlwha3LQbecTt9FguijzdUXQKt7tSpGhkd/ICGQ8mXhsuAr9VR4qCjEEHzWMf8yFd8kYvk6KZ6VGoX/JZjynDdKRcNLBCLAite04EHLcs9FpU31VmAKe8V5vKMdNzJ9lurxQmPLMa1sgN6A/dBjGhoGAC0lQXDLctEfFXc4/5BZuFz0bYNSESccSNTRgho+lwXRR0EXQQWH5LnYZptGQIZDyZfw5B8+k25w/5jbnJ0z/DHlIxoeOadj+xXmf8SeT4kvEF1sN/RZ6SmYcVvulVVuZi1Psw24laZdIyvZHTd+yzcvDsjWdZWwLR/PkUCrHP9oXOPDG6mjWrEAGDB+ZQJYhorD0+C6KOgi6G2we5abKt2hDIUeRLfd5Wa8oycOM33hejN/w75SiQHj2C79U+Umwxgp69wv8A91nYj3R45xiRLyrltV+S/JaebLVzeiNbijC8nttu1vOCz80S9x2oaKw6nguijoLOQB8FmpkGE7vwVQa8mV/D5RKsA4mia3YOVohdt3yVmuciamhc+S1nYCGguj1fBdFHQREMmmxF7W2grLwQe/LK/hjlFQx72W7LWMfgtJwYzYrEu0w4fa1lVLanaUNFYdb6KOijWHftCJhEupqWbLTawooMBx6DQFjySof3sl+S064bVzd3vFWJVtt3a1LOTBMR3yXRWHX8F0VbbDv20WjUhUfUK8rHKVDHvZKBdpys3vfqaFamjZb2AgGsoFh9h4LoroKsElq5xhptVHFYq4qH4q9Y2QubbmoXaOJWi2rtbjisFh9jYLBdFF0KsJ+1uCtWDFhj2mKy4pt+FSs1Jw847bqCEWcOdibNQWH2ZgsFz0Cy7tsuKdEM1bhHVrQhwYYaP+9//8QALBABAAIBAwIGAgMBAQADAAAAAQARITFBUWFxECBAgZGhscEwUPDR4WCA8f/aAAgBAQABPyH/AO65oBUwrktpg0FXdxgZ/sdx65+hU3/tOuKpel61/YDCCsOrhH3IGpi3Siv7f7H6yf3n9j/WT+8/sf6yf3nps0AqYVyW0waCru4wM+q+sn956b3Hrn6FTf8AtOuKpel616m4dE+7D02MIKw6uEfcgamLdKK/t9VZ+mdM6/TH1k/vPVdt6YUJd/pj6yf3nqu1dMGoeXpj6yf3nqv66H33pj6yf3np/rcIblcQdx8ProffemLh0T7sPSbcC1VUfoljmd4vcdtU7wsx5DcVEgbXiVpTsMOEFGuP+Ul/aTS9MWfpnTOv0JdZYo6hfoI+scSPBbD9Mr6zLCHbjXL2muXxLMjLAqcGtcSmObphlIM+01qTyv0dt6YUJd/84rBHc+IxsM138ziBqpUM2jqu2Caxs6vtKlOh/BO+tH+DTSCqLwyr5YdZWK+FK6Lq9BaumDUPL+Qaie4kdfY5bvEqGgBo7y7p6qWFEI5xCcJ2FwN5J1hYgbq/M6YO7NWMdi3tKOvlkF2k9NDgS9S6Mp+rt5Rs/jiAyj/KfXQ++/hFIy1VgKd8H3GS31I6kxdwh4vG2TEFIzfGDtL7kavvHlaLE0bs2p3zinaf9un/ACibSnAEt4PbwvXTqocqE50PiXiPRleTrayk7oyShc6fxProffecCiunQNWPiHVNnUHaPN9bDFNVl+6LrmZkHaE6vlCsYsWjmbOHBNb35jgfqmiJ2R1qypUCBAgQIECBAgQIELMjhlJRdpqeYjJDlp2vPn+uh995wgvUVltmA3rQJv03jSLXWx2fuGBN1kAtCeXmvg1j8j2s+yZDIODeDxqVKgQIECBAgQIECBAgQIECW4vRlIqG2crkKAG67XnyfXQ++8xomsplVNY5p1Ny9gWMuCXPI6xeF1KvZqQdoq83fb3gzTwhhFn4K5mg5lW2Zt18LNIRzeYp3YyvCpUCBAgQIECBAgQIECBAgQJUDyW6pwwCxLZwoB7AhY2m10z6aH33mLjWefEpVMVj4aWwuoX59n/9IY96rRhSZzS3jSvUXL+ehoX2hoQ73/MvBucLGaE5omfOBcfUNrkCBAgQIECBAgQIECBKgSoHkxUACr3hswFnlj4gfVZJBphOSma7HPFdWPZYVNYZN0uCTLdlTLHJ5P8AWdURfEJUyM1mZYIV3TVwuaD8xA2M+5eKQ3yiNIPXyFjjeqKm8Z+yFoU1evh3lEsgQIECBAgQIECBBcMP/Gh/5Uq3So30TdqXhttrfeAnDzABCAg+CYavxEKbKRhvGzYEypVFrR+92ji1vmLU8nSQ/lBevAgQJZuUv/u0FCdwahpnxK57RmW1nBDLXDJ5GolWZ5U9GAdexIECBAgQL0m2V3h/8IXlB6GEkEWjgMqzbDlH4mQLWrWJFDCaitVhNUJbYBqsp2eL6IMY9Zy+0f3KqKcqOKQ1qf5HLyMDPwrX6jLE0ZhAgQJ/n8odYnaaa+Au0BLcZQw7LdL5D6ZTGItAYZQPzQQYka7Oo+SXSVlu/wCjCrm+HiBAjNC5uKbQQkgggggkJ7VlOhtde6EZCDQScJNghNSJAnGm8MS1jIKuoYeiEGxPnjG5WRYbqUk/yOXkKksFJGaIrqHDL2/MEBgjEECUWLBPvAoq44i1W+tcSzuaMu04k8WIBd4CV4lNElTymr/UrwGozUjrao4/Kj7bBekRz8IQoVGRnqqE9S59sAcvbzza9/pZCZE3IQQ3QBaszKPB+UzNoOg2Sb6ShDo3Y4KNa2sRPPWU77wTbsMAFCiHVXFdd5oJYafZP8jl5LUj8hLJ+QmPo3I4KkoyFOkf4/KaZGbxEVYtW0vVfDw8o0+HhTkJDJoOh1eCElJkY41trowwkhs8tjqalvECngvEdAavKiFVaNMQggmytx+JmLQwgZ1Jg0N2XdCmr0mCE2YvrxF5brdRX3TQzhSIIYHjdlKt88sdmvCKCmmyf5nLyJcGyQJsQqg+Iqo3kmHgS0SJzLk6n7ZvnlKZpQz+Lweb3jQ22iwFN/28Atp1O+iAFkIttSste5LWs65RCH7YY2IFnsS6bti1Nep0hBcQp5ZXlTZYRkC2wTHxmkY7DLl7G8ZOT0HoQj5XNPVmd05MNPt5RVWtspglQTVEdsJdg4mHIOt8soX5UGHaQdsQxofENwT2iHWVULs7qYgOrNwgw8QZ/F4fV7wYoAjqMPsNe/8A+JswuAC0aneC0fv1d9T3i+mzTL6MMPGRUDpvSX5hddv+dZSKutC+dZlWrhAerAEkYZlMd7DViDfWmmJsRz4ji5na5TtbRVRcPoLaaq9vA7HSXijBNQCJd8SzPEsu/Yhm7d9Yv52sP0g7ZhDj8Q1SHZJYiciKHQ9k5WbhBHxyMO0Mxn38Bh1TAUMKG2UvCYiJYzdAVOTy6GcpBBh1edOIMsi3L3294Qh7thIQRdjVESDIUJiAg63T9+5tKqQbXXdgwxUCggMnXTeLqjoHgC9DmFH7Svd5aRPoDdgvyGDTiyIL0WaO66Q2BBSv4tsgjZijGY5o9J0QQPwiEoesTnZmaE4s/H4XV7yvAlw+r8wIkmoTBTMHW9zX3l1C5VPgr/hLfvsqscrruYhBa3tTuakyHCWHPyE4CFr43dj6sUQamonK7xRfuMBpe7WdWGcBcoNcsowr0get21mIqX1UWWzfa/UzTLlXVmCkIBABp/LsEHbEBcITQ/ECm5Tj4l3YmTGbAudpnGfa8anzv9wIECE3yI2Y6Ls6kyZ9vHsD8MwNwPmCsQ61274OICqFwNfP6iqtTSex0nQ0nf02N8Q6qN1bGif9gDL69B2lmH4hCjNp9CnVCciCOEJoPiJaFbjDCNi71feAoQmoxBmbxDwq7aBAgeATthLS9JDN2jwvFGDjwLdPmFGnzK57kOmfwlyODCFjpo+8CuSukCYQfBNPSIdYZkQJsQqg+ILT8EfPvhrK2FqCprDCdZWm5BA8AhFUbaMVfjwqXbQthyyxCgtgftTqxQktBqy3Bbj4IQGJlyLDMHxDwQGj1CDD9IO2IZQ/Ew4bNQlZzuGZU/tkM3Cz2rACjALGBAgQwVo6JoXDgDiHAQWzroyCU1gxfvLRD3XHR2JWrB5RgOnrT9IO2YA4xiE95MRAgf3SUZMMowPD4rIpqU5uH+KiYOQjCK2f3w4gbBBSQsEANP6DZIE2YI4y0ofEQNONoaFe3JCxCKYx8w1Po36hWqiMLH5Y3m3D+AhZnOQpUXAUD/SNkmoCXuMvSqPSVZ2X6Ebe8B8kstHhm24pMrdz8hm4VCMQBUJtM2z+oQZsniQkwLxnk4JSq8XC5/g1hm0I2lV/WIYmV4gm0AP/AIJ//9oADAMBAAIAAwAAABDzzzzzzzzzzzzzzzzzzzzzzzzzzzzzzzzzzzzzzzzzzzzzzzzzzzzzzzzzzzzzzzzzzzzzzzzzzzzzzzzzzzzzzzzzzzzzzzzzzzzzzzzzzzzzzzzzzzzzzzzzzzzzzzzzzzzzzziTzzzzzzzzzzzzzzzzzzzzzzzxTzzzzzzzzzzzzzzzzzzzzzzzxTzzzzzzzzzzzTzzzzzzzzzzzzzzzzzzzzzzwjzzzzzzzzzzzyxzzzzzzzzzzyjzzzzzzzzzzzyhTzzzzzzzzzyzzzzzzzzzTRDDTzjzzzzzzzzzDzzzzzzjDSTQhCyRBjDzzzzzzDzzzQChRgCRDiSzBDCCBDzTzwDzzxwTTCjRxSBTzzzzzwARTTAjzyzgTwQBRywQhCAADDizji8AwzyzTChjTDTTyAQhTRwwQRmFEQzyhigTE5yTjCzjRGItTyGxDxSjyzyDxxTDAARTwznyKyQAzghCRTzyxjQDjSixhxe8zgTARiAQwRzzzzzxxQBAzS1tVRCAAgRjBTzzzzzzzzyzihjAqlyQAgCSBzzzzzzzzzzzzwyCTzuxyBhxzzzzzzzzzzzzzzzzzyxxjQwRzzzzzzzzzzzzzzzzzzzzxyzzzzzzzzzz/8QAJREAAQMDAgYDAAAAAAAAAAAAAQARITFAQVFhECAwUICBkaHB/9oACAEDAQE/EPIt+iFcmuayQ9j4UYa7kvGkDHuEBuZhv0bc5Sy66BQcI2JURYODgiotytx1yCqt8bCfsoeTBalUT25VOAuRcMm77//EACMRAAEDAwQCAwAAAAAAAAAAAAEAESExQFEwQVBhgaEggMH/2gAIAQIBAT8Q+xbaMqTWD6NdAefShiHcl4xA28wgZ6x+jr5mDZrgKBJHRUFAOx2ItyZ5VwVVujoT7QWWDkKJs24QCNw6J53/xAAtEAEAAgEEAQIFBQEAAwEAAAABABEhMUFRYXGBkRAgQKHBMLHR4fBQYHDxgP/aAAgBAQABPxD/APa9/wAfZ0Lt1dsK8Rp70cDdg4CZ/wCjxHv1bL1rPcUfAa7qeDl+a/6Bzc4RXaKGnbM1NfHpGu6FXD/6s8+fPnz5v+Ps6F26u2FeI096OBuwcBM/V+WV/TTxHv1bL1rPcUfAa7qeDl+a+pJaSZjov02c3OEV2ihp2zNTXx6RruhVw/VZz1KeR7p/+iefOR9SgufB6/6P58qDqmTcG1/8J/z5fv8Ayyv6eSzpoZ7IIPVgkfU+pfvyWkmY6L9JhB6xQerDxdAF8MCMExwlMva2ekeEeRputhV8q7aeGG4qDpkwbFsIsmzFVznsC6Y7/TZz1KeR7p/oRAUANViwFwFd4yV6y7B4yL7B+WGUpqwOKYg8W2Iz43YdKi9Qv2eYql1VtXea5dJV5Y1sD1L5RfgVxs8WGOojccpYIRrqDgfJBJSsRw9Po8j6lBc+D1+v7EPjt4GZXdFF9hqiBIuQy2Uyx+88onq5jFMWU+hqY9LmKl/45jBSb1g8GhA3Z50lXA5+IXC1lTHJ6ulr2hJt1CveQZragu3mEkfcX6BQdUybg2v6n5orJH7w5AsK19mQGUUUWuXv4qGXnaC94DILVg+8scHVTLt0iBzgOh50IkTrWKdGsD4hUzHhwmEX4zBP2MHpgh98G/4h+UXBP7/5g2/3P5hEU56ipg4aJTzMRHWWW8zLGYQft9O/flBm6YIOVWBGXaomOchVX5cEUm5G16QwRAAU4p7DSGX4mAvZVsMF+mYerHt+2avbSZXqdE0wawPeC5/hc+0u+PiiaAd31feOWo3P9I5KLfn7Q1ovV+8AUatLoimkerHRPiizh4CH9IQfX7c/+Ahs/sIfVXmBYRu5DSfhvo8wEz9UZPMGr3Fft9E/fsA3mgbTwERX0oqtbktmKiQowA4iFqe2YKZpWntLuGbGp8BFVUtdVi38NZ4lRt25YPcgKI5qHyy92TI+xAPeJSYszpHL82wg/VAAAAOCixclf2BqNeZdzMLZJRhl0J7Jrk/Wfv0klNKVIOtm0Zwh8NeV6nCnUCLCiJrgQsc42w485csxouHLswU8aI38Fv4l0TtzKYUW8omtKZXA+kolxopR7S3FF0EC4HtCCD9EAAHR+gAAHDXIsVP9oLZgC/och7Tbmsk9uv6b9+jAMDwFx0u8dOCCtQ8x0RKOB2Os0hMAC1WmMu5TFmVzoDLa9/MHckMZ7ujwIUhrVCe8ucksGfAuWrB30HvKBU0VD0XMjqAVFzW1VuEBCD9MAAAdHzgAEIwAIECGtDSxUJh+qFAdsWVLVfsU1jFnQz7DGLjZrnz7+pLUVq0KvsMre3HdbthiPC8shZUdOa0LXdTHquMCiZBYRwYcEbqroQfZrnMWaLd1/uJhbeGh/eYsg0pfmXeYKpPzQ8AV6Z4qpgWRlu98I/vBmRg/clocjxs1L2TZgHT5QDo+B0fOAAfAEKwAKIECssDTMUQTrGnrCAI0H64aENzOph9GJTrzdnmoaF8ylZwkDIG1KZNvQ03jRIFavZtldxEaV4h7wAII6J8jiNYERa7x8A+AYSgXWmJqcNiRK9ISomqzooB6ShZW5s/ptN2ABr5xOmJCn5HAFYxX6S2gcHA6EH0OEs+xFEoiWJ8Do/SAAAfo3pF6N6p0rylDJeRgtyCxZyrG18esW4E56u9UUydrdWX+ZW0VCSBh0PEHrFyRyXbQCCUgQAnR+ZuKKAHnRHbKct4yEB4KPkBq/s42suyBvBKJyQTBvGzmWkjaI6kMSwNxph9E94P9xreDVAfG/tGVsjrngZWw6/yvxBWgtYLtt4QSGqUC1pLW7DicR0RdJs/MADqgr1KPSjUK9CpS/ebmmHwQuJ1ToiCZqFAQ27Ky1f7vCKs1lntjwSppLhVauCmBF/ojIrEh7tFBHA2KFJycxDyNWWhTQg4rXpZDodGYuDpRm33q/LAyi37VOf7kqV4yzMm+sI5uWfAzEFhK4CCjbiKQImo/A7lFdWMAQ96+8MR7gjf4Y9tw1ezs29IFp6lnxMt8b4QR6uSBfVDK2icxmUgYcmaLwQZamxzRlcJOj4FgKmn6EhYB6MwuJ1zpnXOmdMsk0bAR3TSqzt/hLrmC2Sl8GxHaJIl4QwrYacGHunviClS6UtjlYjX68l9nG7GXOkChqosDVqajbT76HBAiEOCBLPkBhV1BhEpJnxcWhujqBHiOTBgAbe4aSblUsZmIrJnHIYI17TcX0SUy9C9di9wMMLoqzq41JNaT8DqZk3IchxvVNeYhEfeGrJUNPq/EdE1MBIrXm0Z4zVzTsxJwOgJgeLaGYOq9K3lBiP8AMwYEdQAy3SBOG2hXsYs7LgQMdn2QYckoH7tawk4WJYzrm7UR6JbAEJPQw38vxAvYDkgoiuCOhnAKi0tKwZ8BHrOEpGqu0A3FCRWLd44IHE3Gi8Pg8uYCIGACggQoBslZXmGiEDNQcDT935cGCNSAZejtMtyWmo3EHQbj8wcjDwLeWAhNxCwyhVYHkagqFy3vBZYIITUWgmOd4UQ3Lks3eXbFf/YZyQnE3J+KAGYz40g5hbNYjJ0m5EC5Nq/wvXwSMsBqJoymYztv4y/WdU64sKGT93RgviBExQaArYMVEBRvjiUtqOFsqIgYsBhtQ2nROiBGFHdu384GjQ5IYIoqUrAU1CLRC9Hg8PEYl63T4sHtiUJcnCAyujEJk1DF6EN3HTV4iVcA+RnKmVa3BWiDSLan88ZX8gAKSJgW4HIvqJSLuGKFaBTHSp8N1DKspMIy/wAmaA4Ep6yrYEo5MPMA1zKonMq9k0IaVcMwLyhigpRp2cMVsC0M9f5fARcwkgWh2uvWEHEdEnXFa/q6/PI9S0PFO+WMudl64VNGvkm8FjAnUqqXi4GAGydEtmesnSDqqUtVbWEmKC8QgAAascuDRsPLB/jfl2ByppS4KfZhN3MGSGVLDVXLCKUWuIP5mC6v08EeOTVWCFhjS4OXcN/SUXJVaUCGuDvGyiQHR/uhD8rUCLBLe0NEX1FdF3D9MWiUZXfMairbTtKpU1eR4dJVENHEJ0fgIB8hG0Z0lKm8D2mOn7Tah9noFiR2p4Oe05/ZCqCmUusKTBg+kq6mec1rlrGFEX7Tt2oyaOO6hXkB6JyJBYJgpR933hLVXeSvtjFAOq2DvU94jGJyq2s6ImnLoYV/BGsmLVKkVdx6EcUAFg5Zmd6ao3zLXjEMGm6SNzTPG8LLXBMnUNjj5d4+OA0GA8E0hmX03P8AEW0ug3ioMpZZVkEXltaBGUiX/bmDRiHJbtmDfHzoCkjARnmAWZ1F8dYu7VYUZW6lbCvyRarKoK/XaE0fch40zDLEn3UH7JrRGhOzKrzdDXEqZgARKRMJAMJR0BSiUm1TgOyOGBZl0Fn/ACKj0EvOB3FUGtghdWECtNBgPZAEFFYlzwmpOiBxAKFIxMlUl5ljgh4OiIkZK4fOiYhm41wBja84gOzFgGgBDLB1Dq/iKrvePLvA50gNlcjSJKOd3r/UtVQ4A8sY4VnWvzD/AH8oNMBHCEWR6O75jUiggdOCCA/RQdSDtjMJEX1M2l9QMDDY3GWr2tWLzs9Imemg+ruespo+7DpGpvD+hNCo+0Yb8qHCBWYkmvFL+7m5G8NTFK4524DUlDxNixCGC0pDUeXLtBdBht6Lym7ZHpAEvdDkdhjIQ4ARXnSLjhTOOHlj4MhS6poeNYG10DyCsp7l8p/irmYLN6jxxMrYq8wKyHEMrxtj+YfWsAIdva0X5OIuFlJ9LGVli+0jHlbJegqitOV3mHJA2gAAOobQ/VApg0dfUstl6lpC7i4X11DzognQ+Vovc1JQeKGjBgBozOjlAqBvCKImv3l8kFjRjwWlV+Ak7p2nDHq4EZjOpIoYEgkIDZndhmd4qZeaWQ9XB6JdMjXg8sylB9v8y3B4lmrXYgktPRr/AFLxRXAlaRZca+CHdPyS3i9I8RkBV6d0fA1svQNCK4kCCYiHEEAGPoSsI8ED1LPS+oluu4yky2xAACFM6dbfWWmCFgTpgOnVgoglHMepXA3fu/IAGxKpm+qUyeDC91qaJQvoVAvUxLNI2RpADLBlFHL8EGjy6rWWbpusB5Yjs3JdX8xwp4z6fBgI/YMpKdt4xAUogzArqGQSoAKCvpC6EdCLlnC+pdQu4QR7wV9m0LklQUTxvHSTpRHoyoBmCCY5b4oBsSqCIo3GPewbfa/xAvLCBYBa1oeWANs+0QG5dAIHrLld+TiByDL93dmiV7gXTaNHfVl2sakqqDBldQah9RqBEwluWIL6iMq7gmULTV4ma+fFdG+dGEBPNDoqanpRuGYvXnuVpN/GLPE9oqUiy/cEilwXxELbwHL5YAAAGxKaD1w34hMgc704izw1fv5XeOhLcoaXitoNArqBgGJpg+rQSkjARnmATL6jeMt7QzEugKesYqjgrMKKrUDBD/Vmdk9wUmj3CqxFS9RGaD+DCDC06uxBqUe29+ZQW1otvsaRVmRRqd/xBq6BQjYgrqGgSoBQ+vQdSFojMPEX1Fmy+oRdQCi5EKpbXvovq8RH3lhNme4Tlsd4Qi37oi2cOC1jkb1Lz5cwipsKAS4G47PlgCD2gKhjqBUB/wAQSmAUVfUK3XUEYAiNhiCiyDJ70+1RUtNBYbOqfePCKxwIxHbJV6Af3NWloPfgww6RqdG8NJiAFBCjGAEaYP8Aj6oQpwm1Iq6HtNMX1AvdYfUmpTg+y0U7wI41RD2XeUCwWXANB/zNSIzYjZGwCCYP/BP/2Q==","provType":"MONITORING","date":"2018-03-12T11:00:01.216Z"}},"communicationModules":[{"identifier":{"_current":{"value":"COMMS1_SN_CHD_DEV_10","provType":"MONITORING","date":"2018-03-12T11:00:01.411Z"}},"subscription":{"identifier":{"_current":{"value":"SUBT1_SN_CHD_DEV_10","provType":"MONITORING","date":"2018-03-12T11:00:01.509Z"}},"address":{"_current":{"value":{"type":"IPV4","value":"172.18.19.24","apn":"movistar.es"},"provType":"REFERENCE","date":"2018-03-12T11:00:01.512Z"}},"mobile":{"imsi":{"_current":{"value":"SUBT1_SN_CHD_DEV_10_IMSI","provType":"IDENTIFIER","date":"2018-03-12T11:00:01.516Z"}},"msisdn":{"_current":{"value":"MSISDN_FAKE","provType":"MONITORING","date":"2018-03-12T11:00:01.52Z"}},"homeOperator":{"_current":{"value":"Telefónica Móviles España, SAU","provType":"MONITORING","date":"2018-03-12T11:00:01.522Z"}},"registeredOperator":{"_current":{"value":"Telefónica Móviles España, SAU","provType":"MONITORING","date":"2018-03-12T11:00:01.518Z"}}},"specificType":{"_current":{"value":"MOBILE","provType":"MONITORING","date":"2018-03-12T11:00:01.506Z"}},"administrativeState":{"_current":{"value":"ACTIVE","provType":"MONITORING","date":"2018-03-12T11:00:01.515Z"}},"name":{"_current":{"value":"SUBT1_SN_CHD_DEV_10 name","provType":"MONITORING","date":"2018-03-12T11:00:01.524Z"}},"description":{"_current":{"value":"SUBT1_SN_CHD_DEV_10 desc","provType":"MONITORING","date":"2018-03-12T11:00:01.523Z"}}},"subscriber":{"identifier":{"_current":{"value":"SUBS1_SN_CHD_DEV_10","provType":"MONITORING","date":"2018-03-12T11:00:01.423Z"}},"serialNumber":{"_current":{"value":"SUBS1_SN_CHD_DEV_10ICC","provType":"IDENTIFIER","date":"2018-03-12T11:00:01.414Z"}},"model":{"_current":{"value":{"name":"TEST","version":"1.0","manufacturer":"sb-HD"},"provType":"MONITORING","date":"2018-03-12T11:00:01.417Z"}},"software":{"_current":{"value":{"name":"software","version":"1.0","type":"SOFTWARE"},"provType":"MONITORING","date":"2018-03-12T11:00:01.5Z"}},"description":{"_current":{"value":"SUBS1_SN_CHD_DEV_10 desc","provType":"MONITORING","date":"2018-03-12T11:00:01.42Z"}},"name":{"_current":{"value":"SUBS1_SN_CHD_DEV_10 name","provType":"MONITORING","date":"2018-03-12T11:00:01.419Z"}},"specificType":{"_current":{"value":"GENERIC","provType":"MONITORING","date":"2018-03-12T11:00:01.496Z"}},"administrativeState":{"_current":{"value":"ACTIVE","provType":"MONITORING","date":"2018-03-12T11:00:01.503Z"}}},"name":{"_current":{"value":"COMMS1_SN_CHD_DEV_10 name","provType":"MONITORING","date":"2018-03-12T11:00:01.412Z"}},"description":{"_current":{"value":"COMMS1_SN_CHD_DEV_10 desc","provType":"MONITORING","date":"2018-03-12T11:00:01.596Z"}}},{"identifier":{"_current":{"value":"COMMS2_SN_CHD_DEV_10","provType":"MONITORING","date":"2018-03-12T11:00:01.409Z"}},"subscription":{"identifier":{"_current":{"value":"SUBT2_SN_CHD_DEV_10","provType":"MONITORING","date":"2018-03-12T11:00:01.406Z"}},"address":{"_current":{"value":{"type":"IPV4","value":"172.18.19.24","apn":"movistar.es"},"provType":"REFERENCE","date":"2018-03-12T11:00:01.319Z"}},"mobile":{"imsi":{"_current":{"value":"SUBT2_SN_CHD_DEV_10_IMSI","provType":"IDENTIFIER","date":"2018-03-12T11:00:01.324Z"}},"homeOperator":{"_current":{"value":"Telefónica Móviles España, SAU","provType":"MONITORING","date":"2018-03-12T11:00:01.403Z"}},"msisdn":{"_current":{"value":"MSISDN_FAKE","provType":"MONITORING","date":"2018-03-12T11:00:01.401Z"}},"registeredOperator":{"_current":{"value":"Telefónica Móviles España, SAU","provType":"MONITORING","date":"2018-03-12T11:00:01.397Z"}}},"name":{"_current":{"value":"SUBT2_SN_CHD_DEV_10 name","provType":"MONITORING","date":"2018-03-12T11:00:01.408Z"}},"specificType":{"_current":{"value":"MOBILE","provType":"MONITORING","date":"2018-03-12T11:00:01.314Z"}},"description":{"_current":{"value":"SUBT2_SN_CHD_DEV_10 desc","provType":"MONITORING","date":"2018-03-12T11:00:01.316Z"}},"administrativeState":{"_current":{"value":"ACTIVE","provType":"MONITORING","date":"2018-03-12T11:00:01.322Z"}}},"subscriber":{"identifier":{"_current":{"value":"SUBS2_SN_CHD_DEV_10","provType":"MONITORING","date":"2018-03-12T11:00:01.219Z"}},"serialNumber":{"_current":{"value":"SUBS2_SN_CHD_DEV_10ICC","provType":"IDENTIFIER","date":"2018-03-12T11:00:01.299Z"}},"model":{"_current":{"value":{"name":"TEST","version":"1.0","manufacturer":"sb-HD"},"provType":"MONITORING","date":"2018-03-12T11:00:01.221Z"}},"software":{"_current":{"value":{"name":"software","version":"1.0","type":"SOFTWARE"},"provType":"MONITORING","date":"2018-03-12T11:00:01.303Z"}},"name":{"_current":{"value":"SUBS2_SN_CHD_DEV_10 name","provType":"MONITORING","date":"2018-03-12T11:00:01.305Z"}},"description":{"_current":{"value":"SUBS2_SN_CHD_DEV_10 desc","provType":"MONITORING","date":"2018-03-12T11:00:01.297Z"}},"specificType":{"_current":{"value":"GENERIC","provType":"MONITORING","date":"2018-03-12T11:00:01.223Z"}},"administrativeState":{"_current":{"value":"ACTIVE","provType":"MONITORING","date":"2018-03-12T11:00:01.308Z"}}},"description":{"_current":{"value":"COMMS2_SN_CHD_DEV_10 desc","provType":"MONITORING","date":"2018-03-12T11:00:01.309Z"}},"name":{"_current":{"value":"COMMS2_SN_CHD_DEV_10 name","provType":"MONITORING","date":"2018-03-12T11:00:01.311Z"}}}],"name":{"_current":{"value":"CHD_DEV_10 name","provType":"MONITORING","date":"2018-03-12T11:00:01.606Z"}},"description":{"_current":{"value":"CHD_DEV_10 desc","provType":"MONITORING","date":"2018-03-12T11:00:01.211Z"}},"administrativeState":{"_current":{"value":"ACTIVE","provType":"MONITORING","date":"2018-03-12T11:00:01.603Z"}},"specificType":{"_current":{"value":"CONCENTRATOR","provType":"MONITORING","date":"2018-03-12T11:00:01.601Z"}}},"administration":{"channel":{"_current":{"value":"default_channel","provType":"MONITORING","date":"2018-03-12T11:00:01.207Z"}},"serviceGroup":{"_current":{"value":"emptyServiceGroup","provType":"MONITORING","date":"2018-03-12T11:00:01.204Z"}},"plan":{"_current":{"value":"FLOW_RATE_100","provType":"MONITORING","date":"2018-03-12T11:00:01.203Z"}},"identifier":{"_current":{"value":"CHD_DEV_10","provType":"MONITORING","date":"2018-03-12T11:00:01.21Z"}},"organization":{"_current":{"value":"chemacorp","provType":"MONITORING","date":"2018-03-12T11:00:01.206Z"}}}}},{"resourceType":{"_current":{"value":"entity.device","provType":"IDENTIFIER","date":"2018-03-12T11:00:06.713Z"}},"provision":{"device":{"identifier":{"_current":{"value":"CHD_DEV_11","provType":"MONITORING","date":"2018-03-12T11:00:06.332Z"}},"model":{"_current":{"value":{"name":"OpenGate","version":"1.0","manufacturer":"OpenGate"},"provType":"MONITORING","date":"2018-03-12T11:00:06.703Z"}},"location":{"_current":{"value":{"position":{"type":"Point","coordinates":[40.33856521658566,6.626322979152751]},"postal":"28033","source":"GPS"},"provType":"MONITORING","date":"2018-03-12T11:00:06.396Z"}},"image":{"_current":{"value":"data:image/jpeg;base64,/9j/4AAQSkZJRgABAQEASABIAAD/2wBDAAMCAgICAgMCAgIDAwMDBAYEBAQEBAgGBgUGCQgKCgkICQkKDA8MCgsOCwkJDRENDg8QEBEQCgwSExIQEw8QEBD/2wBDAQMDAwQDBAgEBAgQCwkLEBAQEBAQEBAQEBAQEBAQEBAQEBAQEBAQEBAQEBAQEBAQEBAQEBAQEBAQEBAQEBAQEBD/wgARCAGQAZADASIAAhEBAxEB/8QAHAABAAEFAQEAAAAAAAAAAAAAAAYCAwQFBwgB/8QAGQEBAQEBAQEAAAAAAAAAAAAAAAEEBQMG/9oADAMBAAIQAxAAAAH1SAAAAAAAAAAAAAAAAAAAAAAAAAAAAAAAAAAAAAAAAAAAAAAAAAAAAAAAAAAAAAAAAAAAAAAAAAAAAAAAAAAAAAAAAAAAAAAAAAAAAAAAAAAAAAAQUnTlnUwAAAAAAAAAAAAAAAAAAAAAAB499hcLPP8A7z8s+pwAAAAAAAAAAAAAAAAAAAAAABxjs/GCG+mfM3pkAAAAAAAAAAAAAAAAAAAAAAAcY7PxghvpnzN6ZAAAAAAAAAAILpuIQ096Pn0AAAAAAAAAAAcX7Rw8h/qDyh6vAAAAAAAAAAOFwzoENPTIAAAAAAAAAAAHBO9+eiC+v/GnssAAAAAAAAAA4xDZlDT0yAAAAAAAAAAAxcgq87+iPO5zz2X409lgAAAAAAAAAHGIbMYOeoAAAAAAAACOkio4tGTsUIs/DS5mrHQYFb+kQ9fefJedURmRFwAAAAAAAAHD4BNOdnr8AAAAAxjJc7gh2vm0KlxDL0/05sMeK2i/Y+gfQ+Wy79xfhmZun+nQJZxX6ejr3neVHXkRk5fAAAAAB565z0Pnh7LAAAWeQnYo7yvVkxjGNcN5fitJINPjgUFX3BpM3GtCtjWjM+4X0zWJUZCzUXftuouV2qi9ma+om0v45UeicrzrJjsiEykzQAAed+edD54eywACg1XmjsUFOMTKYRElX3kW5OhsS2Z9nVVl/wCY+MbDFs1D79+ipUPv36KlQqVCpUKlQqVCpUKlQvW6iRyvmX07xm8A3p2JBpWcF550Lnp7LAA0W9hxz+J7jTi5R9M+DSy2cJwZNgkU10u1hocuzryVb7mw7fLvMV49SVcH6cSyr5WPv2o+VqhUqFSo+Vfaj5V9rKaqvp8+tQbjTwLZFGv6zLU4bt+1Xl5Rn9RjR0rZeV+wHSAIXNI0cY11usrqVC9brOJ4tVmS9XifLdjYx7ho470W4cpdB1xD7/Tpscz7VgcrO4VYWeKlwpqyskwsjKrLN25WU11VlP1AjM18t6ERST7PKTVZu3xS7HoZzMkfPZTG1k3ZY9ITpgGv2GKeWYz6P42WNvzbKOj1x3eHE95o8PJi2+FizPNmiFMljWvZ9y8XJ06usdR5b1oh3NumcHKIbpcAnfoHyJ6tNzmXKyzYt0cnjZv3X53N5mwu67bd/wCipXYhp1aybWuhlvMyc1Me7qOZLPOUauRGhkt60cz6RqOhFOxw8w6WADH00h+HKuZendUePa/R/NDgX2QQ4233X5hd+qinKsZJ1XrHKOsEN4j27hxroROxyvvPLOunWbnEpeSrXynI5PGj1O9zsHP12bXV3/o9doc/pXt7XNzTEyRwKB4xTn7S6U3KPh9fai5MYVYOg67mPWTo/wBt3AAAC3rdsOfc29D4B4rg/ufnZ5dzptADYZWg251/rPJetkL4f3Hh5rqvn0v+ivN/oQmUBmtaed913aODL4x8XtVWu25ur8IgBJIxuNiWshSV0qj5V9zjHytTBTf6WV9YIn0rMyh9AAAAACnDzhEIB23FPIHP/ccFOQ9n5ptjM4j1HkJR9ouD0T539HpvqlYqfbLuBm2l88ZG7kUun3qs+vn0VLpbyrkeN/BLPQSCdclcgMDZ1gAAAAAAAAD5YyBHoV1W0eaeSe3IgeLc/uHKDD9L+TfRZ0arXbFPtfyuxh5uGvIJNo97L9fLh8rvVlWLqss0e9nkxI5Lsu4fPoAAAAAAAAAAAALdwamK9AoPPMK9Wxs89TLfQw6JteKSNOm4WDfrl0hjcnl+5ON8LNyZyki0s22WWb/0AAAAAAAAAAAAAAAAKahiavf/AAgsO7PjnnDXelomcAnuz6eQ2Z7PKMXMrAAAAAAAAAAAAAAAAAAAAAHyi4LFdwfPoAAAAAAAAf/EADMQAAAGAQIDBwMDBAMAAAAAAAABAgMEBQYHERIgQBATFCEzNTYwMVAiIzQVFiQyJWCA/9oACAEBAAEFAv8A2vkeWwMdFBn8C5lfkM677+54fe+LL7fj9UYcfwem0KPKvPyGqPs+l3vH5DVH2fS73j8hqj7Ppd7x0uR5bAx0UGfwLmV1OqPs+l3vHS51339zw+98WX26jVI9qbStW930uqMOP4PTaFHlXnU6sq4aTSNfFfdLqj7Ppd7x1OsSuGh0aXxZB0uqPs+l3vHU61Hw4/op55D0uqPs+l3vHU62fH9E/kHS6o+z6Xe8dMqVHQojJRDWz4/on8g6XVI9qbStW930alpQU7KqiEHr62tDdNaXI9nNjCNlbpDUwzyWi0dhSoeRdLqyrhpNI18V90Nhf1NYU3PX3h3V9cqi4/FhplWLaS5I8t+K5FymQgRsgr5AQ424XRaxK4aHRpfFkH1plnAgJn6gRkCTb5JcnDxd102qqurkv3SEE6+8+r6DMuSwcbJ5bYjZFBfDbzTxfX1qPhx/RTzyH6b0liMmdmtbHEvIshsw1jsqUqNjkZgjk1UISL19YccW6rl3IgbrZDxDY8QO+WO8dHG8ON4Mzpsc4uVTWxFyaA+Gn2Xi+prZ8f0T+QfQUpKCl38CMJeSWb5/0+RYON19XEH9ThMBy6lqDkh57lUtCQclI45Ch3bpju2SG8ch3yCHiFDv1jvXB3ix3ix3ix3ix3qw1NkMnGyiY0IuTwXgzKjvl9HWz4/on8g5nnm47SNRqyxXIs5kobmCVsDfdMuVS0oBydxwvrHAwgeIQkG+4Y3Uf123nWji5FPYEbKIrgZmRpBc2tnx/RP5BzWDzRtZBp5WLUdhlGOHXZPV2IIyPlW8hsd4+6O6bSDkJSFOrV0yFrQca9nxxGydlYYmRpJdutnx/RP5ByrUSEyZRmcmWtS0yCUVjh9LZhcLLMbOuzKDINMuMtK58NseNS+CciNhUviG+/VoWtBsX82KImVRXwzOiyBrZ8f0T+QctxJ8PElu/oPzMEoyCJJkLmprrE/6LHSTlXGQFsIbCuJI8VJSG7eyaDWTW7QYzR8hHy2sdJiVGkp6WXbwYQfyOY+fg7OebNRJjhqfaxTkzWb2LiNRWYxaMWMORy5Me0SSrdPITBLOSg/EqhpUF1CFB2jfDkCW0DIy5G3nWVQcqsoorMjgWAL6mw4THCobH2TrWJAJ+0s7Q4GNOunCxtpsM1sdsigtLCaSMoHWwIyZ1hEbTIyRht7EpUp7kyo9oLp7p5EHsJjn+Z3w70E6OMjDkZh8n6VJh+HIj8iGXViqyGfVqiymJjXMTajBMgmkgkkNhsNgeySnW5rOJjpTFwscjMEiGlsEgw2wZhLaWymXjLRXGTNsOWq5ckY/WoiNYp/L7chY8RVFJTsSiPlm/wAwm1nyEowTg4ScD1D4g/7anoVDxYzEXHmGhLpq2QwTkzFp0OWzOY7CSZhLIJBENhsNhsNhsFrQ0iXMfsnKujJIYjIaIiCGjMJZISJbEYry8XHbORcXQebg49DpYL1jMXHSxFxT+X2yT/Re18qBJZsjI2JyFhLiVdsvymtLQ4U8myCIr6yNCkH2MH+5UElYZiRlNWMZpgSromzlZAJtr4lOK3CoE0ghkEnYKUhtKHnXh/nDvloCTSothsDMklLku2b9VUJbJtskklBmEMhx1mOmbbfplZKqYqNUGayIW/HOsqCEllub6GK/y+15HEVnWd8VpjZ8TkaXENixUkR7BKg26lQm/wAzsiymHEWbkdTfYx6lOIx/t3J+VsymSqXGfjrBHseOySn1Ow2Bd3xOSX3jSkwk1EGPJ7YbC2lKdXT1ZJJtrhJDI4UNlJtCSLTJY7LhRrO0NlhphBIGxBFeXiYMc0osEmljFf5fItolCRXIcE7H0OCxxjYPQZcQ2LBbZvSCVJJRGC7duxj1KcR/TuvtMP8AdcaQ8idXrjGMBsYqIJeY2EiI5uhbe5GgG82RxIjjJ7CY/wCGj1MFT7saJwJQ0RCROZji2vmIyXJ1xcqhVsSCRJMxuSR9+xpXAqBIjqFwlPg8YcLxpHvzKbJQfgoWJtE24LHGBY4xIZUtD8ZSHwlZHyMepTiP6d19pvqgyJRWFWbYoNOo17jLxZpiKqnNKqwCFJWSiQ4PCV4bNLJfcbCW0ubKrK1MZt15mMmdb7IlZFKnLj1DSXSLcbJSDMz7NuwyMg682wkrJ+xXQxERUI+3OaCMPQ0LEykbcFli6FlY4m40bzEqIaHwlwj7GP8AemEf07r7TfV7CMYo4TVAbhLFzg1BdB6hzPFFVWfQZCmH2JLew2GxivgtRkyLTYrTJmmXTr5VmtCENp4dhvyNtLcPdiOLG9QhTFdOtXaqiJoo0YmyLy+kaSMOxULEunbcKxxlKys8RNByIUyEaHxGdI10xiP6d1/rN9Xtxv2YEEuGQtsZo70pGC5HQLg567Dcg2UCyaLyFvfRq9t561vCiQo8Jsi3G+3IRGoyZQ0J9szGbclWFsqpxokiDUoaJthKC+qaSMOR0qEqpbcFhjaFi0w8t11s2C5RyBEeI27kyNM31e3Hi2p+QlGQn1tbatXWFpqnqmzzKS3CqmYp/ceRD79m3YhgzJclthMu7W6qBQvy3a2iQ2TENDZEki6HbcLYSoSaxtwT8dQsP0j8JcS1Q2LaTumU+Rukoj7aIv8AiOV0+Fu6dWtxtPAjlQ2pw/2mROt22j8NPtV1eOpQIlahokNknpdgppKhIrkOCdj6HBPx95BWVLOZWTq0GiQRglkYpPaeWX6MlHHP7dgRGYJpKBJmoaQt6ZOOvx/zhVCGw1HSgiLbqVNkYfgoWJtE24LfEW3im41LiBK3Urp7MmojMttwEZHyS/Rf/TOGxn2IaMwbyGyXLceVGplurh1CSDENKAlBF1poIw9DQsTKRtwWGLoM3a6ZENiyeYOHdkYYnNuBKiPsmei952ASk1H+20H5fmzVyZZxKpKCjwUpCGiT+BNJGHYqViVUNuCZjqFCRjzrZ8U+CcO8EexacEtxJsKPexLYLeS2liJMniFTMxwzCIg2wSQRbfhDIjC2EqDsBCg9VIMTMUjuiRWW9YHLxRN10k5Nk33slcHHkINuMQQwRAkkX4k0EYUwRhUYhZ4rV2aYGAohSo0BmMhLQJH43YcI4ASf+i//xAAkEQABAwIGAgMAAAAAAAAAAAABAgMEABEFBhMhIjESQCBwgP/aAAgBAwEBPwH9KEgd+zLhiUBvan1vYcwkNjyqHIVJa1FC3znYuiKrTSLmhmNYPJFRJSJjQdR683B25StRJsaRlvfmumGERmw2319Qf//EACMRAAICAQMEAwEAAAAAAAAAAAECAwQABRESISIxQAYgcID/2gAIAQIBAT8B/pQkDz7NqqLIHXbJ3loQqIxyypObEXNht97mqpWbgo3ODX3B7lyrZW3GJU9e5pKWW5qdjifH+ve+QQpXQRp4/IP/xABIEAABAgMDBwcJBgQEBwAAAAABAAIDBBESITEQEyJBUXTCICMyQFJhcQUUMDNCYoGhsVByc5HB0QYkY4IVQ2ThNDVTYICSk//aAAgBAQAGPwL/AM12w4rHRo77xDadXehJRpd0rFf0KuqHfH7Rm873Wfu0UHMeszjbPjX7RlZ8Q+fzuate7QlPiR4doy8HOM7nVH2jK7zwlTW7cQ+0ZXeeEqa3biH2jK7zwlTW7cQ6s2HFY6NHfeIbTq70JKNLulYr+hV1Q749ald54SprduIdWm873Wfu0UHMeszjbPjXrUrvPCVNj/S8Q6tKz4h8/nc1a92hKfEjw7Rl4OcZ3OqOtSu88JU5uvG3q0rvPCVNbtxDrUpvXA5Tu6cberSu88JU1u3EOtSW98DlPbnxt6tK7zwlTW7cQ61Jb5wOU7ufG3q0rvPCVNbtxDq9h8dgdsqqg1ySW+cDlO7nxt6tK7zwlTY/0vEOqWnuAHeizP52J2Yd6pAYZeF3YogvJOs1XNx3KkzCDu8KWg+TGF8WFMZxzO6yVPNmYDoZ801j329Wld54SpzdeNvUv5qcYD2ReUYfkmS/vifsqzk1ELT7OAWdmXAeKzMk2y3tcnOwX2XYVVJhger32D3qsN4d4dTlN64HKd3Tjb6e3NzTIfiUYfkyWdHd2jcFZfGMJh9mHcrcap8VajuaFYkYVPeKtRYhcfQ1hRXBUjARAqPObPerUKIHeHUJLe+Byntz42+ktx4zGD3irEo10y/3cEWQP5aGexis5Mve87XFWotAqNo8+6rMu0Qh81aiPLj38q8rpLWrmFXQivVr1a9WqwiWqkeFbCpErDPeqwojXeB9LJb5wOU7ufG30NpxoFc4xXbGKzKtZBbtOKtzUy6KfFc7FbXuX8vLV8VRllngFzkVzvjyb3LRBK0WUWnFWk+qubVXQ10RkxXSXSXSWOSsN5CpFFsKkWsMqsKK13x9FJb5wOU7ufG3lvjxnWWMFpx2BPheSogdZ1uuK5yMaZMKqzbu2DlaRoqQ2Fy0n2VpGpWgxbFefT1hxC1Ue7ODvVI7CwqsKM08uS3zgcp3c+NvLdLPAdbFHA7EZnyLGMnGxs10f9lY8pSxmIA9sfug0Rs3E7L7ldybytAWRtVqK6p71SG1Xnq1WOIVM5bHeqTEOz3hVgxWnkSW+cDlO7nxt5RedQqnRCcVirMQAg7UYkFvmsXtQ8PyVqE7z2WGy+5ZqcaZaJ72CtNjsIPetKYZ+a0IzGt8VXOtJ8VoEBXnrdWOIWnFq33lzgp3tNVzUZpUlvnA5Tu58beVSnrNHk3ouiy4D+224ojzmKKE6166J+a0Y7/zV0Z35rRmYn/sVoTsX8168P8AvBfzEq133Sudtwj3hW4EZrx3Hq3OxgXdlt5VmRl7A2lVmYr3dytQnOae5aWmmyPlaXe+G02gHaio3lCAYliPBzVk6rwf0XNxh8eTCP8AU/TlxmVuER31XrHL1zh8FVkVrlpQT8FeORahRHMPcVSK4Rm+9igy3movZd6bArArDJzr6v1NGKzcEZqH3K1EBK0mroBdBVMNWntY0d6LIDG07RXm0jWYj9liiw5lxqGh1Ca0PIhn+p+nLj/iO+vIvWlDa5VgPp3Fc4z48jQaUIE61z4PvYhCNLvDmn0F5WCw5FTcjAkhU63rOx4dSdaFGrRAWGSrrkWSwtO26lZiPfHjOwYy9N/xCM6Hb6MtDN/9yzrYQbVTP4bfryIwA0mi0FQ8qP8AiO+qqGHk3qgv7lWCwsd8lSLDNNq0mrSARgx2DuOxUa/OSzz8k2YgOq12W5aSuHLMSIaALMwKiF9UHParhyKYu2IxJ2MGQtQC/lB5pLf9R3SPgjFay3Hdg517nFGZmDacTVUaFM/ht+vIIOtRHwmWoJNRTUqFYrHLGP8AVd9VVpQI6StNhkhUe2hyhAPaCr4LSi6Xu91FpNCrnIsfeEJaI7mIxp4HJpK5WnuAHeqyspFiDtdEfNf8Iz/7Bc/Lvh9+IVWmoy2nXALNQqiEPmgS1UAy1iOoiQ/NsGtOlvIrM9EwMU9Bq858pxzNxsRXot8ArlY9iFcFWi+Kmfw2/Xkm5FzW0KvBIVCrysVH/Ed9coFoAgYFANILu7KEMhRDjR2pwVIt/fqyVCgTJvdZo7xyvmY7M5YdZhMOHiVzkQ5MVYb7V9MvmUE/fQcWqgGS04gBWZf80YLXmYmThDZerflmLZhaoEP9ShDgw2saNQCq80Vyc6mJqqAK/apj8Nv15XRR0ES1qwJCo5RTtefQDIclh7agq2zSh/TI+Tix2tiW6taTqy52ALW1qo42TsNy6QVkG044NbeUZmaFl7hZhw+yNpyOia8As468m9AUyUbpOWcnZgNGpqsw2mSlO0fWO/ZcxD0ji83uK7lo/nlqRVUtgeKLmkYhTAB9hvoOiugiQxF8Gu2hVmMwt5QQyHLQhGPLjR1jYpbynCnHy848uNcWm+5UnIJmpYe0NIIQ4rsxFOpytMcCO5UjQYcT7zV/y6D81SXhQ4X3G0V+Rsuzosx8ULr1V5+CLnPEKGMb0ZfyJBtDXMPuaP3Xnc48zMz236vBUCvvKvyX5LwrcR4aAsxKlwha3LQbecTt9FguijzdUXQKt7tSpGhkd/ICGQ8mXhsuAr9VR4qCjEEHzWMf8yFd8kYvk6KZ6VGoX/JZjynDdKRcNLBCLAite04EHLcs9FpU31VmAKe8V5vKMdNzJ9lurxQmPLMa1sgN6A/dBjGhoGAC0lQXDLctEfFXc4/5BZuFz0bYNSESccSNTRgho+lwXRR0EXQQWH5LnYZptGQIZDyZfw5B8+k25w/5jbnJ0z/DHlIxoeOadj+xXmf8SeT4kvEF1sN/RZ6SmYcVvulVVuZi1Psw24laZdIyvZHTd+yzcvDsjWdZWwLR/PkUCrHP9oXOPDG6mjWrEAGDB+ZQJYhorD0+C6KOgi6G2we5abKt2hDIUeRLfd5Wa8oycOM33hejN/w75SiQHj2C79U+Umwxgp69wv8A91nYj3R45xiRLyrltV+S/JaebLVzeiNbijC8nttu1vOCz80S9x2oaKw6nguijoLOQB8FmpkGE7vwVQa8mV/D5RKsA4mia3YOVohdt3yVmuciamhc+S1nYCGguj1fBdFHQREMmmxF7W2grLwQe/LK/hjlFQx72W7LWMfgtJwYzYrEu0w4fa1lVLanaUNFYdb6KOijWHftCJhEupqWbLTawooMBx6DQFjySof3sl+S064bVzd3vFWJVtt3a1LOTBMR3yXRWHX8F0VbbDv20WjUhUfUK8rHKVDHvZKBdpys3vfqaFamjZb2AgGsoFh9h4LoroKsElq5xhptVHFYq4qH4q9Y2QubbmoXaOJWi2rtbjisFh9jYLBdFF0KsJ+1uCtWDFhj2mKy4pt+FSs1Jw847bqCEWcOdibNQWH2ZgsFz0Cy7tsuKdEM1bhHVrQhwYYaP+9//8QALBABAAIBAwIGAgMBAQADAAAAAQARITFBUWFxECBAgZGhscEwUPDR4WCA8f/aAAgBAQABPyH/AO65oBUwrktpg0FXdxgZ/sdx65+hU3/tOuKpel61/YDCCsOrhH3IGpi3Siv7f7H6yf3n9j/WT+8/sf6yf3nps0AqYVyW0waCru4wM+q+sn956b3Hrn6FTf8AtOuKpel616m4dE+7D02MIKw6uEfcgamLdKK/t9VZ+mdM6/TH1k/vPVdt6YUJd/pj6yf3nqu1dMGoeXpj6yf3nqv66H33pj6yf3np/rcIblcQdx8ProffemLh0T7sPSbcC1VUfoljmd4vcdtU7wsx5DcVEgbXiVpTsMOEFGuP+Ul/aTS9MWfpnTOv0JdZYo6hfoI+scSPBbD9Mr6zLCHbjXL2muXxLMjLAqcGtcSmObphlIM+01qTyv0dt6YUJd/84rBHc+IxsM138ziBqpUM2jqu2Caxs6vtKlOh/BO+tH+DTSCqLwyr5YdZWK+FK6Lq9BaumDUPL+Qaie4kdfY5bvEqGgBo7y7p6qWFEI5xCcJ2FwN5J1hYgbq/M6YO7NWMdi3tKOvlkF2k9NDgS9S6Mp+rt5Rs/jiAyj/KfXQ++/hFIy1VgKd8H3GS31I6kxdwh4vG2TEFIzfGDtL7kavvHlaLE0bs2p3zinaf9un/ACibSnAEt4PbwvXTqocqE50PiXiPRleTrayk7oyShc6fxProffecCiunQNWPiHVNnUHaPN9bDFNVl+6LrmZkHaE6vlCsYsWjmbOHBNb35jgfqmiJ2R1qypUCBAgQIECBAgQIELMjhlJRdpqeYjJDlp2vPn+uh995wgvUVltmA3rQJv03jSLXWx2fuGBN1kAtCeXmvg1j8j2s+yZDIODeDxqVKgQIECBAgQIECBAgQIECW4vRlIqG2crkKAG67XnyfXQ++8xomsplVNY5p1Ny9gWMuCXPI6xeF1KvZqQdoq83fb3gzTwhhFn4K5mg5lW2Zt18LNIRzeYp3YyvCpUCBAgQIECBAgQIECBAgQJUDyW6pwwCxLZwoB7AhY2m10z6aH33mLjWefEpVMVj4aWwuoX59n/9IY96rRhSZzS3jSvUXL+ehoX2hoQ73/MvBucLGaE5omfOBcfUNrkCBAgQIECBAgQIECBKgSoHkxUACr3hswFnlj4gfVZJBphOSma7HPFdWPZYVNYZN0uCTLdlTLHJ5P8AWdURfEJUyM1mZYIV3TVwuaD8xA2M+5eKQ3yiNIPXyFjjeqKm8Z+yFoU1evh3lEsgQIECBAgQIECBBcMP/Gh/5Uq3So30TdqXhttrfeAnDzABCAg+CYavxEKbKRhvGzYEypVFrR+92ji1vmLU8nSQ/lBevAgQJZuUv/u0FCdwahpnxK57RmW1nBDLXDJ5GolWZ5U9GAdexIECBAgQL0m2V3h/8IXlB6GEkEWjgMqzbDlH4mQLWrWJFDCaitVhNUJbYBqsp2eL6IMY9Zy+0f3KqKcqOKQ1qf5HLyMDPwrX6jLE0ZhAgQJ/n8odYnaaa+Au0BLcZQw7LdL5D6ZTGItAYZQPzQQYka7Oo+SXSVlu/wCjCrm+HiBAjNC5uKbQQkgggggkJ7VlOhtde6EZCDQScJNghNSJAnGm8MS1jIKuoYeiEGxPnjG5WRYbqUk/yOXkKksFJGaIrqHDL2/MEBgjEECUWLBPvAoq44i1W+tcSzuaMu04k8WIBd4CV4lNElTymr/UrwGozUjrao4/Kj7bBekRz8IQoVGRnqqE9S59sAcvbzza9/pZCZE3IQQ3QBaszKPB+UzNoOg2Sb6ShDo3Y4KNa2sRPPWU77wTbsMAFCiHVXFdd5oJYafZP8jl5LUj8hLJ+QmPo3I4KkoyFOkf4/KaZGbxEVYtW0vVfDw8o0+HhTkJDJoOh1eCElJkY41trowwkhs8tjqalvECngvEdAavKiFVaNMQggmytx+JmLQwgZ1Jg0N2XdCmr0mCE2YvrxF5brdRX3TQzhSIIYHjdlKt88sdmvCKCmmyf5nLyJcGyQJsQqg+Iqo3kmHgS0SJzLk6n7ZvnlKZpQz+Lweb3jQ22iwFN/28Atp1O+iAFkIttSste5LWs65RCH7YY2IFnsS6bti1Nep0hBcQp5ZXlTZYRkC2wTHxmkY7DLl7G8ZOT0HoQj5XNPVmd05MNPt5RVWtspglQTVEdsJdg4mHIOt8soX5UGHaQdsQxofENwT2iHWVULs7qYgOrNwgw8QZ/F4fV7wYoAjqMPsNe/8A+JswuAC0aneC0fv1d9T3i+mzTL6MMPGRUDpvSX5hddv+dZSKutC+dZlWrhAerAEkYZlMd7DViDfWmmJsRz4ji5na5TtbRVRcPoLaaq9vA7HSXijBNQCJd8SzPEsu/Yhm7d9Yv52sP0g7ZhDj8Q1SHZJYiciKHQ9k5WbhBHxyMO0Mxn38Bh1TAUMKG2UvCYiJYzdAVOTy6GcpBBh1edOIMsi3L3294Qh7thIQRdjVESDIUJiAg63T9+5tKqQbXXdgwxUCggMnXTeLqjoHgC9DmFH7Svd5aRPoDdgvyGDTiyIL0WaO66Q2BBSv4tsgjZijGY5o9J0QQPwiEoesTnZmaE4s/H4XV7yvAlw+r8wIkmoTBTMHW9zX3l1C5VPgr/hLfvsqscrruYhBa3tTuakyHCWHPyE4CFr43dj6sUQamonK7xRfuMBpe7WdWGcBcoNcsowr0get21mIqX1UWWzfa/UzTLlXVmCkIBABp/LsEHbEBcITQ/ECm5Tj4l3YmTGbAudpnGfa8anzv9wIECE3yI2Y6Ls6kyZ9vHsD8MwNwPmCsQ61274OICqFwNfP6iqtTSex0nQ0nf02N8Q6qN1bGif9gDL69B2lmH4hCjNp9CnVCciCOEJoPiJaFbjDCNi71feAoQmoxBmbxDwq7aBAgeATthLS9JDN2jwvFGDjwLdPmFGnzK57kOmfwlyODCFjpo+8CuSukCYQfBNPSIdYZkQJsQqg+ILT8EfPvhrK2FqCprDCdZWm5BA8AhFUbaMVfjwqXbQthyyxCgtgftTqxQktBqy3Bbj4IQGJlyLDMHxDwQGj1CDD9IO2IZQ/Ew4bNQlZzuGZU/tkM3Cz2rACjALGBAgQwVo6JoXDgDiHAQWzroyCU1gxfvLRD3XHR2JWrB5RgOnrT9IO2YA4xiE95MRAgf3SUZMMowPD4rIpqU5uH+KiYOQjCK2f3w4gbBBSQsEANP6DZIE2YI4y0ofEQNONoaFe3JCxCKYx8w1Po36hWqiMLH5Y3m3D+AhZnOQpUXAUD/SNkmoCXuMvSqPSVZ2X6Ebe8B8kstHhm24pMrdz8hm4VCMQBUJtM2z+oQZsniQkwLxnk4JSq8XC5/g1hm0I2lV/WIYmV4gm0AP/AIJ//9oADAMBAAIAAwAAABDzzzzzzzzzzzzzzzzzzzzzzzzzzzzzzzzzzzzzzzzzzzzzzzzzzzzzzzzzzzzzzzzzzzzzzzzzzzzzzzzzzzzzzzzzzzzzzzzzzzzzzzzzzzzzzzzzzzzzzzzzzzzzzzzzzzzzzziTzzzzzzzzzzzzzzzzzzzzzzzxTzzzzzzzzzzzzzzzzzzzzzzzxTzzzzzzzzzzzTzzzzzzzzzzzzzzzzzzzzzzwjzzzzzzzzzzzyxzzzzzzzzzzyjzzzzzzzzzzzyhTzzzzzzzzzyzzzzzzzzzTRDDTzjzzzzzzzzzDzzzzzzjDSTQhCyRBjDzzzzzzDzzzQChRgCRDiSzBDCCBDzTzwDzzxwTTCjRxSBTzzzzzwARTTAjzyzgTwQBRywQhCAADDizji8AwzyzTChjTDTTyAQhTRwwQRmFEQzyhigTE5yTjCzjRGItTyGxDxSjyzyDxxTDAARTwznyKyQAzghCRTzyxjQDjSixhxe8zgTARiAQwRzzzzzxxQBAzS1tVRCAAgRjBTzzzzzzzzyzihjAqlyQAgCSBzzzzzzzzzzzzwyCTzuxyBhxzzzzzzzzzzzzzzzzzyxxjQwRzzzzzzzzzzzzzzzzzzzzxyzzzzzzzzzz/8QAJREAAQMDAgYDAAAAAAAAAAAAAQARITFAQVFhECAwUICBkaHB/9oACAEDAQE/EPIt+iFcmuayQ9j4UYa7kvGkDHuEBuZhv0bc5Sy66BQcI2JURYODgiotytx1yCqt8bCfsoeTBalUT25VOAuRcMm77//EACMRAAEDAwQCAwAAAAAAAAAAAAEAESExQFEwQVBhgaEggMH/2gAIAQIBAT8Q+xbaMqTWD6NdAefShiHcl4xA28wgZ6x+jr5mDZrgKBJHRUFAOx2ItyZ5VwVVujoT7QWWDkKJs24QCNw6J53/xAAtEAEAAgEEAQIFBQEAAwEAAAABABEhMUFRYXGBkRAgQKHBMLHR4fBQYHDxgP/aAAgBAQABPxD/APa9/wAfZ0Lt1dsK8Rp70cDdg4CZ/wCjxHv1bL1rPcUfAa7qeDl+a/6Bzc4RXaKGnbM1NfHpGu6FXD/6s8+fPnz5v+Ps6F26u2FeI096OBuwcBM/V+WV/TTxHv1bL1rPcUfAa7qeDl+a+pJaSZjov02c3OEV2ihp2zNTXx6RruhVw/VZz1KeR7p/+iefOR9SgufB6/6P58qDqmTcG1/8J/z5fv8Ayyv6eSzpoZ7IIPVgkfU+pfvyWkmY6L9JhB6xQerDxdAF8MCMExwlMva2ekeEeRputhV8q7aeGG4qDpkwbFsIsmzFVznsC6Y7/TZz1KeR7p/oRAUANViwFwFd4yV6y7B4yL7B+WGUpqwOKYg8W2Iz43YdKi9Qv2eYql1VtXea5dJV5Y1sD1L5RfgVxs8WGOojccpYIRrqDgfJBJSsRw9Po8j6lBc+D1+v7EPjt4GZXdFF9hqiBIuQy2Uyx+88onq5jFMWU+hqY9LmKl/45jBSb1g8GhA3Z50lXA5+IXC1lTHJ6ulr2hJt1CveQZragu3mEkfcX6BQdUybg2v6n5orJH7w5AsK19mQGUUUWuXv4qGXnaC94DILVg+8scHVTLt0iBzgOh50IkTrWKdGsD4hUzHhwmEX4zBP2MHpgh98G/4h+UXBP7/5g2/3P5hEU56ipg4aJTzMRHWWW8zLGYQft9O/flBm6YIOVWBGXaomOchVX5cEUm5G16QwRAAU4p7DSGX4mAvZVsMF+mYerHt+2avbSZXqdE0wawPeC5/hc+0u+PiiaAd31feOWo3P9I5KLfn7Q1ovV+8AUatLoimkerHRPiizh4CH9IQfX7c/+Ahs/sIfVXmBYRu5DSfhvo8wEz9UZPMGr3Fft9E/fsA3mgbTwERX0oqtbktmKiQowA4iFqe2YKZpWntLuGbGp8BFVUtdVi38NZ4lRt25YPcgKI5qHyy92TI+xAPeJSYszpHL82wg/VAAAAOCixclf2BqNeZdzMLZJRhl0J7Jrk/Wfv0klNKVIOtm0Zwh8NeV6nCnUCLCiJrgQsc42w485csxouHLswU8aI38Fv4l0TtzKYUW8omtKZXA+kolxopR7S3FF0EC4HtCCD9EAAHR+gAAHDXIsVP9oLZgC/och7Tbmsk9uv6b9+jAMDwFx0u8dOCCtQ8x0RKOB2Os0hMAC1WmMu5TFmVzoDLa9/MHckMZ7ujwIUhrVCe8ucksGfAuWrB30HvKBU0VD0XMjqAVFzW1VuEBCD9MAAAdHzgAEIwAIECGtDSxUJh+qFAdsWVLVfsU1jFnQz7DGLjZrnz7+pLUVq0KvsMre3HdbthiPC8shZUdOa0LXdTHquMCiZBYRwYcEbqroQfZrnMWaLd1/uJhbeGh/eYsg0pfmXeYKpPzQ8AV6Z4qpgWRlu98I/vBmRg/clocjxs1L2TZgHT5QDo+B0fOAAfAEKwAKIECssDTMUQTrGnrCAI0H64aENzOph9GJTrzdnmoaF8ylZwkDIG1KZNvQ03jRIFavZtldxEaV4h7wAII6J8jiNYERa7x8A+AYSgXWmJqcNiRK9ISomqzooB6ShZW5s/ptN2ABr5xOmJCn5HAFYxX6S2gcHA6EH0OEs+xFEoiWJ8Do/SAAAfo3pF6N6p0rylDJeRgtyCxZyrG18esW4E56u9UUydrdWX+ZW0VCSBh0PEHrFyRyXbQCCUgQAnR+ZuKKAHnRHbKct4yEB4KPkBq/s42suyBvBKJyQTBvGzmWkjaI6kMSwNxph9E94P9xreDVAfG/tGVsjrngZWw6/yvxBWgtYLtt4QSGqUC1pLW7DicR0RdJs/MADqgr1KPSjUK9CpS/ebmmHwQuJ1ToiCZqFAQ27Ky1f7vCKs1lntjwSppLhVauCmBF/ojIrEh7tFBHA2KFJycxDyNWWhTQg4rXpZDodGYuDpRm33q/LAyi37VOf7kqV4yzMm+sI5uWfAzEFhK4CCjbiKQImo/A7lFdWMAQ96+8MR7gjf4Y9tw1ezs29IFp6lnxMt8b4QR6uSBfVDK2icxmUgYcmaLwQZamxzRlcJOj4FgKmn6EhYB6MwuJ1zpnXOmdMsk0bAR3TSqzt/hLrmC2Sl8GxHaJIl4QwrYacGHunviClS6UtjlYjX68l9nG7GXOkChqosDVqajbT76HBAiEOCBLPkBhV1BhEpJnxcWhujqBHiOTBgAbe4aSblUsZmIrJnHIYI17TcX0SUy9C9di9wMMLoqzq41JNaT8DqZk3IchxvVNeYhEfeGrJUNPq/EdE1MBIrXm0Z4zVzTsxJwOgJgeLaGYOq9K3lBiP8AMwYEdQAy3SBOG2hXsYs7LgQMdn2QYckoH7tawk4WJYzrm7UR6JbAEJPQw38vxAvYDkgoiuCOhnAKi0tKwZ8BHrOEpGqu0A3FCRWLd44IHE3Gi8Pg8uYCIGACggQoBslZXmGiEDNQcDT935cGCNSAZejtMtyWmo3EHQbj8wcjDwLeWAhNxCwyhVYHkagqFy3vBZYIITUWgmOd4UQ3Lks3eXbFf/YZyQnE3J+KAGYz40g5hbNYjJ0m5EC5Nq/wvXwSMsBqJoymYztv4y/WdU64sKGT93RgviBExQaArYMVEBRvjiUtqOFsqIgYsBhtQ2nROiBGFHdu384GjQ5IYIoqUrAU1CLRC9Hg8PEYl63T4sHtiUJcnCAyujEJk1DF6EN3HTV4iVcA+RnKmVa3BWiDSLan88ZX8gAKSJgW4HIvqJSLuGKFaBTHSp8N1DKspMIy/wAmaA4Ep6yrYEo5MPMA1zKonMq9k0IaVcMwLyhigpRp2cMVsC0M9f5fARcwkgWh2uvWEHEdEnXFa/q6/PI9S0PFO+WMudl64VNGvkm8FjAnUqqXi4GAGydEtmesnSDqqUtVbWEmKC8QgAAascuDRsPLB/jfl2ByppS4KfZhN3MGSGVLDVXLCKUWuIP5mC6v08EeOTVWCFhjS4OXcN/SUXJVaUCGuDvGyiQHR/uhD8rUCLBLe0NEX1FdF3D9MWiUZXfMairbTtKpU1eR4dJVENHEJ0fgIB8hG0Z0lKm8D2mOn7Tah9noFiR2p4Oe05/ZCqCmUusKTBg+kq6mec1rlrGFEX7Tt2oyaOO6hXkB6JyJBYJgpR933hLVXeSvtjFAOq2DvU94jGJyq2s6ImnLoYV/BGsmLVKkVdx6EcUAFg5Zmd6ao3zLXjEMGm6SNzTPG8LLXBMnUNjj5d4+OA0GA8E0hmX03P8AEW0ug3ioMpZZVkEXltaBGUiX/bmDRiHJbtmDfHzoCkjARnmAWZ1F8dYu7VYUZW6lbCvyRarKoK/XaE0fch40zDLEn3UH7JrRGhOzKrzdDXEqZgARKRMJAMJR0BSiUm1TgOyOGBZl0Fn/ACKj0EvOB3FUGtghdWECtNBgPZAEFFYlzwmpOiBxAKFIxMlUl5ljgh4OiIkZK4fOiYhm41wBja84gOzFgGgBDLB1Dq/iKrvePLvA50gNlcjSJKOd3r/UtVQ4A8sY4VnWvzD/AH8oNMBHCEWR6O75jUiggdOCCA/RQdSDtjMJEX1M2l9QMDDY3GWr2tWLzs9Imemg+ruespo+7DpGpvD+hNCo+0Yb8qHCBWYkmvFL+7m5G8NTFK4524DUlDxNixCGC0pDUeXLtBdBht6Lym7ZHpAEvdDkdhjIQ4ARXnSLjhTOOHlj4MhS6poeNYG10DyCsp7l8p/irmYLN6jxxMrYq8wKyHEMrxtj+YfWsAIdva0X5OIuFlJ9LGVli+0jHlbJegqitOV3mHJA2gAAOobQ/VApg0dfUstl6lpC7i4X11DzognQ+Vovc1JQeKGjBgBozOjlAqBvCKImv3l8kFjRjwWlV+Ak7p2nDHq4EZjOpIoYEgkIDZndhmd4qZeaWQ9XB6JdMjXg8sylB9v8y3B4lmrXYgktPRr/AFLxRXAlaRZca+CHdPyS3i9I8RkBV6d0fA1svQNCK4kCCYiHEEAGPoSsI8ED1LPS+oluu4yky2xAACFM6dbfWWmCFgTpgOnVgoglHMepXA3fu/IAGxKpm+qUyeDC91qaJQvoVAvUxLNI2RpADLBlFHL8EGjy6rWWbpusB5Yjs3JdX8xwp4z6fBgI/YMpKdt4xAUogzArqGQSoAKCvpC6EdCLlnC+pdQu4QR7wV9m0LklQUTxvHSTpRHoyoBmCCY5b4oBsSqCIo3GPewbfa/xAvLCBYBa1oeWANs+0QG5dAIHrLld+TiByDL93dmiV7gXTaNHfVl2sakqqDBldQah9RqBEwluWIL6iMq7gmULTV4ma+fFdG+dGEBPNDoqanpRuGYvXnuVpN/GLPE9oqUiy/cEilwXxELbwHL5YAAAGxKaD1w34hMgc704izw1fv5XeOhLcoaXitoNArqBgGJpg+rQSkjARnmATL6jeMt7QzEugKesYqjgrMKKrUDBD/Vmdk9wUmj3CqxFS9RGaD+DCDC06uxBqUe29+ZQW1otvsaRVmRRqd/xBq6BQjYgrqGgSoBQ+vQdSFojMPEX1Fmy+oRdQCi5EKpbXvovq8RH3lhNme4Tlsd4Qi37oi2cOC1jkb1Lz5cwipsKAS4G47PlgCD2gKhjqBUB/wAQSmAUVfUK3XUEYAiNhiCiyDJ70+1RUtNBYbOqfePCKxwIxHbJV6Af3NWloPfgww6RqdG8NJiAFBCjGAEaYP8Aj6oQpwm1Iq6HtNMX1AvdYfUmpTg+y0U7wI41RD2XeUCwWXANB/zNSIzYjZGwCCYP/BP/2Q==","provType":"MONITORING","date":"2018-03-12T11:00:06.33Z"}},"communicationModules":[{"identifier":{"_current":{"value":"COMMS1_SN_CHD_DEV_11","provType":"MONITORING","date":"2018-03-12T11:00:06.605Z"}},"subscription":{"identifier":{"_current":{"value":"SUBT1_SN_CHD_DEV_11","provType":"MONITORING","date":"2018-03-12T11:00:06.625Z"}},"address":{"_current":{"value":{"type":"IPV4","value":"172.18.19.24","apn":"movistar.es"},"provType":"REFERENCE","date":"2018-03-12T11:00:06.622Z"}},"mobile":{"imsi":{"_current":{"value":"SUBT1_SN_CHD_DEV_11_IMSI","provType":"IDENTIFIER","date":"2018-03-12T11:00:06.611Z"}},"registeredOperator":{"_current":{"value":"Telefónica Móviles España, SAU","provType":"MONITORING","date":"2018-03-12T11:00:06.612Z"}},"msisdn":{"_current":{"value":"MSISDN_FAKE","provType":"MONITORING","date":"2018-03-12T11:00:06.615Z"}},"homeOperator":{"_current":{"value":"Telefónica Móviles España, SAU","provType":"MONITORING","date":"2018-03-12T11:00:06.616Z"}}},"name":{"_current":{"value":"SUBT1_SN_CHD_DEV_11 name","provType":"MONITORING","date":"2018-03-12T11:00:06.7Z"}},"administrativeState":{"_current":{"value":"ACTIVE","provType":"MONITORING","date":"2018-03-12T11:00:06.698Z"}},"description":{"_current":{"value":"SUBT1_SN_CHD_DEV_11 desc","provType":"MONITORING","date":"2018-03-12T11:00:06.609Z"}},"specificType":{"_current":{"value":"MOBILE","provType":"MONITORING","date":"2018-03-12T11:00:06.619Z"}}},"subscriber":{"identifier":{"_current":{"value":"SUBS1_SN_CHD_DEV_11","provType":"MONITORING","date":"2018-03-12T11:00:06.519Z"}},"serialNumber":{"_current":{"value":"SUBS1_SN_CHD_DEV_11ICC","provType":"IDENTIFIER","date":"2018-03-12T11:00:06.513Z"}},"model":{"_current":{"value":{"name":"TEST","version":"1.0","manufacturer":"sb-HD"},"provType":"MONITORING","date":"2018-03-12T11:00:06.516Z"}},"software":{"_current":{"value":{"name":"software","version":"1.0","type":"SOFTWARE"},"provType":"MONITORING","date":"2018-03-12T11:00:06.598Z"}},"specificType":{"_current":{"value":"GENERIC","provType":"MONITORING","date":"2018-03-12T11:00:06.521Z"}},"description":{"_current":{"value":"SUBS1_SN_CHD_DEV_11 desc","provType":"MONITORING","date":"2018-03-12T11:00:06.512Z"}},"administrativeState":{"_current":{"value":"ACTIVE","provType":"MONITORING","date":"2018-03-12T11:00:06.603Z"}},"name":{"_current":{"value":"SUBS1_SN_CHD_DEV_11 name","provType":"MONITORING","date":"2018-03-12T11:00:06.6Z"}}},"name":{"_current":{"value":"COMMS1_SN_CHD_DEV_11 name","provType":"MONITORING","date":"2018-03-12T11:00:06.606Z"}},"description":{"_current":{"value":"COMMS1_SN_CHD_DEV_11 desc","provType":"MONITORING","date":"2018-03-12T11:00:06.608Z"}}},{"identifier":{"_current":{"value":"COMMS2_SN_CHD_DEV_11","provType":"MONITORING","date":"2018-03-12T11:00:06.511Z"}},"subscription":{"identifier":{"_current":{"value":"SUBT2_SN_CHD_DEV_11","provType":"MONITORING","date":"2018-03-12T11:00:06.419Z"}},"address":{"_current":{"value":{"type":"IPV4","value":"172.18.19.24","apn":"movistar.es"},"provType":"REFERENCE","date":"2018-03-12T11:00:06.413Z"}},"mobile":{"imsi":{"_current":{"value":"SUBT2_SN_CHD_DEV_11_IMSI","provType":"IDENTIFIER","date":"2018-03-12T11:00:06.403Z"}},"homeOperator":{"_current":{"value":"Telefónica Móviles España, SAU","provType":"MONITORING","date":"2018-03-12T11:00:06.409Z"}},"registeredOperator":{"_current":{"value":"Telefónica Móviles España, SAU","provType":"MONITORING","date":"2018-03-12T11:00:06.405Z"}},"msisdn":{"_current":{"value":"MSISDN_FAKE","provType":"MONITORING","date":"2018-03-12T11:00:06.407Z"}}},"specificType":{"_current":{"value":"MOBILE","provType":"MONITORING","date":"2018-03-12T11:00:06.4Z"}},"description":{"_current":{"value":"SUBT2_SN_CHD_DEV_11 desc","provType":"MONITORING","date":"2018-03-12T11:00:06.414Z"}},"name":{"_current":{"value":"SUBT2_SN_CHD_DEV_11 name","provType":"MONITORING","date":"2018-03-12T11:00:06.402Z"}},"administrativeState":{"_current":{"value":"ACTIVE","provType":"MONITORING","date":"2018-03-12T11:00:06.417Z"}}},"subscriber":{"identifier":{"_current":{"value":"SUBS2_SN_CHD_DEV_11","provType":"MONITORING","date":"2018-03-12T11:00:06.507Z"}},"serialNumber":{"_current":{"value":"SUBS2_SN_CHD_DEV_11ICC","provType":"IDENTIFIER","date":"2018-03-12T11:00:06.502Z"}},"model":{"_current":{"value":{"name":"TEST","version":"1.0","manufacturer":"sb-HD"},"provType":"MONITORING","date":"2018-03-12T11:00:06.425Z"}},"software":{"_current":{"value":{"name":"software","version":"1.0","type":"SOFTWARE"},"provType":"MONITORING","date":"2018-03-12T11:00:06.501Z"}},"name":{"_current":{"value":"SUBS2_SN_CHD_DEV_11 name","provType":"MONITORING","date":"2018-03-12T11:00:06.421Z"}},"administrativeState":{"_current":{"value":"ACTIVE","provType":"MONITORING","date":"2018-03-12T11:00:06.504Z"}},"specificType":{"_current":{"value":"GENERIC","provType":"MONITORING","date":"2018-03-12T11:00:06.498Z"}},"description":{"_current":{"value":"SUBS2_SN_CHD_DEV_11 desc","provType":"MONITORING","date":"2018-03-12T11:00:06.422Z"}}},"description":{"_current":{"value":"COMMS2_SN_CHD_DEV_11 desc","provType":"MONITORING","date":"2018-03-12T11:00:06.508Z"}},"name":{"_current":{"value":"COMMS2_SN_CHD_DEV_11 name","provType":"MONITORING","date":"2018-03-12T11:00:06.509Z"}}}],"name":{"_current":{"value":"CHD_DEV_11 name","provType":"MONITORING","date":"2018-03-12T11:00:06.335Z"}},"specificType":{"_current":{"value":"SENSOR","provType":"MONITORING","date":"2018-03-12T11:00:06.328Z"}},"administrativeState":{"_current":{"value":"ACTIVE","provType":"MONITORING","date":"2018-03-12T11:00:06.338Z"}},"description":{"_current":{"value":"CHD_DEV_11 desc","provType":"MONITORING","date":"2018-03-12T11:00:06.334Z"}}},"administration":{"channel":{"_current":{"value":"default_channel","provType":"MONITORING","date":"2018-03-12T11:00:06.712Z"}},"serviceGroup":{"_current":{"value":"emptyServiceGroup","provType":"MONITORING","date":"2018-03-12T11:00:06.709Z"}},"plan":{"_current":{"value":"FLOW_RATE_100","provType":"MONITORING","date":"2018-03-12T11:00:06.705Z"}},"identifier":{"_current":{"value":"CHD_DEV_11","provType":"MONITORING","date":"2018-03-12T11:00:06.708Z"}},"organization":{"_current":{"value":"chemacorp","provType":"MONITORING","date":"2018-03-12T11:00:06.711Z"}}}}},{"resourceType":{"_current":{"value":"entity.device","provType":"IDENTIFIER","date":"2018-03-12T11:00:12.407Z"}},"provision":{"device":{"identifier":{"_current":{"value":"CHD_DEV_12","provType":"MONITORING","date":"2018-03-12T11:00:11.9Z"}},"model":{"_current":{"value":{"name":"OpenGate","version":"1.0","manufacturer":"OpenGate"},"provType":"MONITORING","date":"2018-03-12T11:00:12.406Z"}},"location":{"_current":{"value":{"position":{"type":"Point","coordinates":[40.888357464612,6.765541515806426]},"postal":"28033","source":"GPS"},"provType":"MONITORING","date":"2018-03-12T11:00:11.909Z"}},"image":{"_current":{"value":"data:image/jpeg;base64,/9j/4AAQSkZJRgABAQEASABIAAD/2wBDAAMCAgICAgMCAgIDAwMDBAYEBAQEBAgGBgUGCQgKCgkICQkKDA8MCgsOCwkJDRENDg8QEBEQCgwSExIQEw8QEBD/2wBDAQMDAwQDBAgEBAgQCwkLEBAQEBAQEBAQEBAQEBAQEBAQEBAQEBAQEBAQEBAQEBAQEBAQEBAQEBAQEBAQEBAQEBD/wgARCAGQAZADASIAAhEBAxEB/8QAHAABAAEFAQEAAAAAAAAAAAAAAAYCAwQFBwgB/8QAGQEBAQEBAQEAAAAAAAAAAAAAAAEEBQMG/9oADAMBAAIQAxAAAAH1SAAAAAAAAAAAAAAAAAAAAAAAAAAAAAAAAAAAAAAAAAAAAAAAAAAAAAAAAAAAAAAAAAAAAAAAAAAAAAAAAAAAAAAAAAAAAAAAAAAAAAAAAAAAAAAQUnTlnUwAAAAAAAAAAAAAAAAAAAAAAB499hcLPP8A7z8s+pwAAAAAAAAAAAAAAAAAAAAAABxjs/GCG+mfM3pkAAAAAAAAAAAAAAAAAAAAAAAcY7PxghvpnzN6ZAAAAAAAAAAILpuIQ096Pn0AAAAAAAAAAAcX7Rw8h/qDyh6vAAAAAAAAAAOFwzoENPTIAAAAAAAAAAAHBO9+eiC+v/GnssAAAAAAAAAA4xDZlDT0yAAAAAAAAAAAxcgq87+iPO5zz2X409lgAAAAAAAAAHGIbMYOeoAAAAAAAACOkio4tGTsUIs/DS5mrHQYFb+kQ9fefJedURmRFwAAAAAAAAHD4BNOdnr8AAAAAxjJc7gh2vm0KlxDL0/05sMeK2i/Y+gfQ+Wy79xfhmZun+nQJZxX6ejr3neVHXkRk5fAAAAAB565z0Pnh7LAAAWeQnYo7yvVkxjGNcN5fitJINPjgUFX3BpM3GtCtjWjM+4X0zWJUZCzUXftuouV2qi9ma+om0v45UeicrzrJjsiEykzQAAed+edD54eywACg1XmjsUFOMTKYRElX3kW5OhsS2Z9nVVl/wCY+MbDFs1D79+ipUPv36KlQqVCpUKlQqVCpUKlQvW6iRyvmX07xm8A3p2JBpWcF550Lnp7LAA0W9hxz+J7jTi5R9M+DSy2cJwZNgkU10u1hocuzryVb7mw7fLvMV49SVcH6cSyr5WPv2o+VqhUqFSo+Vfaj5V9rKaqvp8+tQbjTwLZFGv6zLU4bt+1Xl5Rn9RjR0rZeV+wHSAIXNI0cY11usrqVC9brOJ4tVmS9XifLdjYx7ho470W4cpdB1xD7/Tpscz7VgcrO4VYWeKlwpqyskwsjKrLN25WU11VlP1AjM18t6ERST7PKTVZu3xS7HoZzMkfPZTG1k3ZY9ITpgGv2GKeWYz6P42WNvzbKOj1x3eHE95o8PJi2+FizPNmiFMljWvZ9y8XJ06usdR5b1oh3NumcHKIbpcAnfoHyJ6tNzmXKyzYt0cnjZv3X53N5mwu67bd/wCipXYhp1aybWuhlvMyc1Me7qOZLPOUauRGhkt60cz6RqOhFOxw8w6WADH00h+HKuZendUePa/R/NDgX2QQ4233X5hd+qinKsZJ1XrHKOsEN4j27hxroROxyvvPLOunWbnEpeSrXynI5PGj1O9zsHP12bXV3/o9doc/pXt7XNzTEyRwKB4xTn7S6U3KPh9fai5MYVYOg67mPWTo/wBt3AAAC3rdsOfc29D4B4rg/ufnZ5dzptADYZWg251/rPJetkL4f3Hh5rqvn0v+ivN/oQmUBmtaed913aODL4x8XtVWu25ur8IgBJIxuNiWshSV0qj5V9zjHytTBTf6WV9YIn0rMyh9AAAAACnDzhEIB23FPIHP/ccFOQ9n5ptjM4j1HkJR9ouD0T539HpvqlYqfbLuBm2l88ZG7kUun3qs+vn0VLpbyrkeN/BLPQSCdclcgMDZ1gAAAAAAAAD5YyBHoV1W0eaeSe3IgeLc/uHKDD9L+TfRZ0arXbFPtfyuxh5uGvIJNo97L9fLh8rvVlWLqss0e9nkxI5Lsu4fPoAAAAAAAAAAAALdwamK9AoPPMK9Wxs89TLfQw6JteKSNOm4WDfrl0hjcnl+5ON8LNyZyki0s22WWb/0AAAAAAAAAAAAAAAAKahiavf/AAgsO7PjnnDXelomcAnuz6eQ2Z7PKMXMrAAAAAAAAAAAAAAAAAAAAAHyi4LFdwfPoAAAAAAAAf/EADMQAAAGAQIDBwMDBAMAAAAAAAABAgMEBQYHERIgQBATFCEzNTYwMVAiIzQVFiQyJWCA/9oACAEBAAEFAv8A2vkeWwMdFBn8C5lfkM677+54fe+LL7fj9UYcfwem0KPKvPyGqPs+l3vH5DVH2fS73j8hqj7Ppd7x0uR5bAx0UGfwLmV1OqPs+l3vHS51339zw+98WX26jVI9qbStW930uqMOP4PTaFHlXnU6sq4aTSNfFfdLqj7Ppd7x1OsSuGh0aXxZB0uqPs+l3vHU61Hw4/op55D0uqPs+l3vHU62fH9E/kHS6o+z6Xe8dMqVHQojJRDWz4/on8g6XVI9qbStW930alpQU7KqiEHr62tDdNaXI9nNjCNlbpDUwzyWi0dhSoeRdLqyrhpNI18V90Nhf1NYU3PX3h3V9cqi4/FhplWLaS5I8t+K5FymQgRsgr5AQ424XRaxK4aHRpfFkH1plnAgJn6gRkCTb5JcnDxd102qqurkv3SEE6+8+r6DMuSwcbJ5bYjZFBfDbzTxfX1qPhx/RTzyH6b0liMmdmtbHEvIshsw1jsqUqNjkZgjk1UISL19YccW6rl3IgbrZDxDY8QO+WO8dHG8ON4Mzpsc4uVTWxFyaA+Gn2Xi+prZ8f0T+QfQUpKCl38CMJeSWb5/0+RYON19XEH9ThMBy6lqDkh57lUtCQclI45Ch3bpju2SG8ch3yCHiFDv1jvXB3ix3ix3ix3ix3qw1NkMnGyiY0IuTwXgzKjvl9HWz4/on8g5nnm47SNRqyxXIs5kobmCVsDfdMuVS0oBydxwvrHAwgeIQkG+4Y3Uf123nWji5FPYEbKIrgZmRpBc2tnx/RP5BzWDzRtZBp5WLUdhlGOHXZPV2IIyPlW8hsd4+6O6bSDkJSFOrV0yFrQca9nxxGydlYYmRpJdutnx/RP5ByrUSEyZRmcmWtS0yCUVjh9LZhcLLMbOuzKDINMuMtK58NseNS+CciNhUviG+/VoWtBsX82KImVRXwzOiyBrZ8f0T+QctxJ8PElu/oPzMEoyCJJkLmprrE/6LHSTlXGQFsIbCuJI8VJSG7eyaDWTW7QYzR8hHy2sdJiVGkp6WXbwYQfyOY+fg7OebNRJjhqfaxTkzWb2LiNRWYxaMWMORy5Me0SSrdPITBLOSg/EqhpUF1CFB2jfDkCW0DIy5G3nWVQcqsoorMjgWAL6mw4THCobH2TrWJAJ+0s7Q4GNOunCxtpsM1sdsigtLCaSMoHWwIyZ1hEbTIyRht7EpUp7kyo9oLp7p5EHsJjn+Z3w70E6OMjDkZh8n6VJh+HIj8iGXViqyGfVqiymJjXMTajBMgmkgkkNhsNgeySnW5rOJjpTFwscjMEiGlsEgw2wZhLaWymXjLRXGTNsOWq5ckY/WoiNYp/L7chY8RVFJTsSiPlm/wAwm1nyEowTg4ScD1D4g/7anoVDxYzEXHmGhLpq2QwTkzFp0OWzOY7CSZhLIJBENhsNhsNhsFrQ0iXMfsnKujJIYjIaIiCGjMJZISJbEYry8XHbORcXQebg49DpYL1jMXHSxFxT+X2yT/Re18qBJZsjI2JyFhLiVdsvymtLQ4U8myCIr6yNCkH2MH+5UElYZiRlNWMZpgSromzlZAJtr4lOK3CoE0ghkEnYKUhtKHnXh/nDvloCTSothsDMklLku2b9VUJbJtskklBmEMhx1mOmbbfplZKqYqNUGayIW/HOsqCEllub6GK/y+15HEVnWd8VpjZ8TkaXENixUkR7BKg26lQm/wAzsiymHEWbkdTfYx6lOIx/t3J+VsymSqXGfjrBHseOySn1Ow2Bd3xOSX3jSkwk1EGPJ7YbC2lKdXT1ZJJtrhJDI4UNlJtCSLTJY7LhRrO0NlhphBIGxBFeXiYMc0osEmljFf5fItolCRXIcE7H0OCxxjYPQZcQ2LBbZvSCVJJRGC7duxj1KcR/TuvtMP8AdcaQ8idXrjGMBsYqIJeY2EiI5uhbe5GgG82RxIjjJ7CY/wCGj1MFT7saJwJQ0RCROZji2vmIyXJ1xcqhVsSCRJMxuSR9+xpXAqBIjqFwlPg8YcLxpHvzKbJQfgoWJtE24LHGBY4xIZUtD8ZSHwlZHyMepTiP6d19pvqgyJRWFWbYoNOo17jLxZpiKqnNKqwCFJWSiQ4PCV4bNLJfcbCW0ubKrK1MZt15mMmdb7IlZFKnLj1DSXSLcbJSDMz7NuwyMg682wkrJ+xXQxERUI+3OaCMPQ0LEykbcFli6FlY4m40bzEqIaHwlwj7GP8AemEf07r7TfV7CMYo4TVAbhLFzg1BdB6hzPFFVWfQZCmH2JLew2GxivgtRkyLTYrTJmmXTr5VmtCENp4dhvyNtLcPdiOLG9QhTFdOtXaqiJoo0YmyLy+kaSMOxULEunbcKxxlKys8RNByIUyEaHxGdI10xiP6d1/rN9Xtxv2YEEuGQtsZo70pGC5HQLg567Dcg2UCyaLyFvfRq9t561vCiQo8Jsi3G+3IRGoyZQ0J9szGbclWFsqpxokiDUoaJthKC+qaSMOR0qEqpbcFhjaFi0w8t11s2C5RyBEeI27kyNM31e3Hi2p+QlGQn1tbatXWFpqnqmzzKS3CqmYp/ceRD79m3YhgzJclthMu7W6qBQvy3a2iQ2TENDZEki6HbcLYSoSaxtwT8dQsP0j8JcS1Q2LaTumU+Rukoj7aIv8AiOV0+Fu6dWtxtPAjlQ2pw/2mROt22j8NPtV1eOpQIlahokNknpdgppKhIrkOCdj6HBPx95BWVLOZWTq0GiQRglkYpPaeWX6MlHHP7dgRGYJpKBJmoaQt6ZOOvx/zhVCGw1HSgiLbqVNkYfgoWJtE24LfEW3im41LiBK3Urp7MmojMttwEZHyS/Rf/TOGxn2IaMwbyGyXLceVGplurh1CSDENKAlBF1poIw9DQsTKRtwWGLoM3a6ZENiyeYOHdkYYnNuBKiPsmei952ASk1H+20H5fmzVyZZxKpKCjwUpCGiT+BNJGHYqViVUNuCZjqFCRjzrZ8U+CcO8EexacEtxJsKPexLYLeS2liJMniFTMxwzCIg2wSQRbfhDIjC2EqDsBCg9VIMTMUjuiRWW9YHLxRN10k5Nk33slcHHkINuMQQwRAkkX4k0EYUwRhUYhZ4rV2aYGAohSo0BmMhLQJH43YcI4ASf+i//xAAkEQABAwIGAgMAAAAAAAAAAAABAgMEABEFBhMhIjESQCBwgP/aAAgBAwEBPwH9KEgd+zLhiUBvan1vYcwkNjyqHIVJa1FC3znYuiKrTSLmhmNYPJFRJSJjQdR683B25StRJsaRlvfmumGERmw2319Qf//EACMRAAICAQMEAwEAAAAAAAAAAAECAwQABRESISIxQAYgcID/2gAIAQIBAT8B/pQkDz7NqqLIHXbJ3loQqIxyypObEXNht97mqpWbgo3ODX3B7lyrZW3GJU9e5pKWW5qdjifH+ve+QQpXQRp4/IP/xABIEAABAgMDBwcJBgQEBwAAAAABAAIDBBESITEQEyJBUXTCICMyQFJhcQUUMDNCYoGhsVByc5HB0QYkY4IVQ2ThNDVTYICSk//aAAgBAQAGPwL/AM12w4rHRo77xDadXehJRpd0rFf0KuqHfH7Rm873Wfu0UHMeszjbPjX7RlZ8Q+fzuate7QlPiR4doy8HOM7nVH2jK7zwlTW7cQ+0ZXeeEqa3biH2jK7zwlTW7cQ6s2HFY6NHfeIbTq70JKNLulYr+hV1Q749ald54SprduIdWm873Wfu0UHMeszjbPjXrUrvPCVNj/S8Q6tKz4h8/nc1a92hKfEjw7Rl4OcZ3OqOtSu88JU5uvG3q0rvPCVNbtxDrUpvXA5Tu6cberSu88JU1u3EOtSW98DlPbnxt6tK7zwlTW7cQ61Jb5wOU7ufG3q0rvPCVNbtxDq9h8dgdsqqg1ySW+cDlO7nxt6tK7zwlTY/0vEOqWnuAHeizP52J2Yd6pAYZeF3YogvJOs1XNx3KkzCDu8KWg+TGF8WFMZxzO6yVPNmYDoZ801j329Wld54SpzdeNvUv5qcYD2ReUYfkmS/vifsqzk1ELT7OAWdmXAeKzMk2y3tcnOwX2XYVVJhger32D3qsN4d4dTlN64HKd3Tjb6e3NzTIfiUYfkyWdHd2jcFZfGMJh9mHcrcap8VajuaFYkYVPeKtRYhcfQ1hRXBUjARAqPObPerUKIHeHUJLe+Byntz42+ktx4zGD3irEo10y/3cEWQP5aGexis5Mve87XFWotAqNo8+6rMu0Qh81aiPLj38q8rpLWrmFXQivVr1a9WqwiWqkeFbCpErDPeqwojXeB9LJb5wOU7ufG30NpxoFc4xXbGKzKtZBbtOKtzUy6KfFc7FbXuX8vLV8VRllngFzkVzvjyb3LRBK0WUWnFWk+qubVXQ10RkxXSXSXSWOSsN5CpFFsKkWsMqsKK13x9FJb5wOU7ufG3lvjxnWWMFpx2BPheSogdZ1uuK5yMaZMKqzbu2DlaRoqQ2Fy0n2VpGpWgxbFefT1hxC1Ue7ODvVI7CwqsKM08uS3zgcp3c+NvLdLPAdbFHA7EZnyLGMnGxs10f9lY8pSxmIA9sfug0Rs3E7L7ldybytAWRtVqK6p71SG1Xnq1WOIVM5bHeqTEOz3hVgxWnkSW+cDlO7nxt5RedQqnRCcVirMQAg7UYkFvmsXtQ8PyVqE7z2WGy+5ZqcaZaJ72CtNjsIPetKYZ+a0IzGt8VXOtJ8VoEBXnrdWOIWnFq33lzgp3tNVzUZpUlvnA5Tu58beVSnrNHk3ouiy4D+224ojzmKKE6166J+a0Y7/zV0Z35rRmYn/sVoTsX8168P8AvBfzEq133Sudtwj3hW4EZrx3Hq3OxgXdlt5VmRl7A2lVmYr3dytQnOae5aWmmyPlaXe+G02gHaio3lCAYliPBzVk6rwf0XNxh8eTCP8AU/TlxmVuER31XrHL1zh8FVkVrlpQT8FeORahRHMPcVSK4Rm+9igy3movZd6bArArDJzr6v1NGKzcEZqH3K1EBK0mroBdBVMNWntY0d6LIDG07RXm0jWYj9liiw5lxqGh1Ca0PIhn+p+nLj/iO+vIvWlDa5VgPp3Fc4z48jQaUIE61z4PvYhCNLvDmn0F5WCw5FTcjAkhU63rOx4dSdaFGrRAWGSrrkWSwtO26lZiPfHjOwYy9N/xCM6Hb6MtDN/9yzrYQbVTP4bfryIwA0mi0FQ8qP8AiO+qqGHk3qgv7lWCwsd8lSLDNNq0mrSARgx2DuOxUa/OSzz8k2YgOq12W5aSuHLMSIaALMwKiF9UHParhyKYu2IxJ2MGQtQC/lB5pLf9R3SPgjFay3Hdg517nFGZmDacTVUaFM/ht+vIIOtRHwmWoJNRTUqFYrHLGP8AVd9VVpQI6StNhkhUe2hyhAPaCr4LSi6Xu91FpNCrnIsfeEJaI7mIxp4HJpK5WnuAHeqyspFiDtdEfNf8Iz/7Bc/Lvh9+IVWmoy2nXALNQqiEPmgS1UAy1iOoiQ/NsGtOlvIrM9EwMU9Bq858pxzNxsRXot8ArlY9iFcFWi+Kmfw2/Xkm5FzW0KvBIVCrysVH/Ed9coFoAgYFANILu7KEMhRDjR2pwVIt/fqyVCgTJvdZo7xyvmY7M5YdZhMOHiVzkQ5MVYb7V9MvmUE/fQcWqgGS04gBWZf80YLXmYmThDZerflmLZhaoEP9ShDgw2saNQCq80Vyc6mJqqAK/apj8Nv15XRR0ES1qwJCo5RTtefQDIclh7agq2zSh/TI+Tix2tiW6taTqy52ALW1qo42TsNy6QVkG044NbeUZmaFl7hZhw+yNpyOia8As468m9AUyUbpOWcnZgNGpqsw2mSlO0fWO/ZcxD0ji83uK7lo/nlqRVUtgeKLmkYhTAB9hvoOiugiQxF8Gu2hVmMwt5QQyHLQhGPLjR1jYpbynCnHy848uNcWm+5UnIJmpYe0NIIQ4rsxFOpytMcCO5UjQYcT7zV/y6D81SXhQ4X3G0V+Rsuzosx8ULr1V5+CLnPEKGMb0ZfyJBtDXMPuaP3Xnc48zMz236vBUCvvKvyX5LwrcR4aAsxKlwha3LQbecTt9FguijzdUXQKt7tSpGhkd/ICGQ8mXhsuAr9VR4qCjEEHzWMf8yFd8kYvk6KZ6VGoX/JZjynDdKRcNLBCLAite04EHLcs9FpU31VmAKe8V5vKMdNzJ9lurxQmPLMa1sgN6A/dBjGhoGAC0lQXDLctEfFXc4/5BZuFz0bYNSESccSNTRgho+lwXRR0EXQQWH5LnYZptGQIZDyZfw5B8+k25w/5jbnJ0z/DHlIxoeOadj+xXmf8SeT4kvEF1sN/RZ6SmYcVvulVVuZi1Psw24laZdIyvZHTd+yzcvDsjWdZWwLR/PkUCrHP9oXOPDG6mjWrEAGDB+ZQJYhorD0+C6KOgi6G2we5abKt2hDIUeRLfd5Wa8oycOM33hejN/w75SiQHj2C79U+Umwxgp69wv8A91nYj3R45xiRLyrltV+S/JaebLVzeiNbijC8nttu1vOCz80S9x2oaKw6nguijoLOQB8FmpkGE7vwVQa8mV/D5RKsA4mia3YOVohdt3yVmuciamhc+S1nYCGguj1fBdFHQREMmmxF7W2grLwQe/LK/hjlFQx72W7LWMfgtJwYzYrEu0w4fa1lVLanaUNFYdb6KOijWHftCJhEupqWbLTawooMBx6DQFjySof3sl+S064bVzd3vFWJVtt3a1LOTBMR3yXRWHX8F0VbbDv20WjUhUfUK8rHKVDHvZKBdpys3vfqaFamjZb2AgGsoFh9h4LoroKsElq5xhptVHFYq4qH4q9Y2QubbmoXaOJWi2rtbjisFh9jYLBdFF0KsJ+1uCtWDFhj2mKy4pt+FSs1Jw847bqCEWcOdibNQWH2ZgsFz0Cy7tsuKdEM1bhHVrQhwYYaP+9//8QALBABAAIBAwIGAgMBAQADAAAAAQARITFBUWFxECBAgZGhscEwUPDR4WCA8f/aAAgBAQABPyH/AO65oBUwrktpg0FXdxgZ/sdx65+hU3/tOuKpel61/YDCCsOrhH3IGpi3Siv7f7H6yf3n9j/WT+8/sf6yf3nps0AqYVyW0waCru4wM+q+sn956b3Hrn6FTf8AtOuKpel616m4dE+7D02MIKw6uEfcgamLdKK/t9VZ+mdM6/TH1k/vPVdt6YUJd/pj6yf3nqu1dMGoeXpj6yf3nqv66H33pj6yf3np/rcIblcQdx8ProffemLh0T7sPSbcC1VUfoljmd4vcdtU7wsx5DcVEgbXiVpTsMOEFGuP+Ul/aTS9MWfpnTOv0JdZYo6hfoI+scSPBbD9Mr6zLCHbjXL2muXxLMjLAqcGtcSmObphlIM+01qTyv0dt6YUJd/84rBHc+IxsM138ziBqpUM2jqu2Caxs6vtKlOh/BO+tH+DTSCqLwyr5YdZWK+FK6Lq9BaumDUPL+Qaie4kdfY5bvEqGgBo7y7p6qWFEI5xCcJ2FwN5J1hYgbq/M6YO7NWMdi3tKOvlkF2k9NDgS9S6Mp+rt5Rs/jiAyj/KfXQ++/hFIy1VgKd8H3GS31I6kxdwh4vG2TEFIzfGDtL7kavvHlaLE0bs2p3zinaf9un/ACibSnAEt4PbwvXTqocqE50PiXiPRleTrayk7oyShc6fxProffecCiunQNWPiHVNnUHaPN9bDFNVl+6LrmZkHaE6vlCsYsWjmbOHBNb35jgfqmiJ2R1qypUCBAgQIECBAgQIELMjhlJRdpqeYjJDlp2vPn+uh995wgvUVltmA3rQJv03jSLXWx2fuGBN1kAtCeXmvg1j8j2s+yZDIODeDxqVKgQIECBAgQIECBAgQIECW4vRlIqG2crkKAG67XnyfXQ++8xomsplVNY5p1Ny9gWMuCXPI6xeF1KvZqQdoq83fb3gzTwhhFn4K5mg5lW2Zt18LNIRzeYp3YyvCpUCBAgQIECBAgQIECBAgQJUDyW6pwwCxLZwoB7AhY2m10z6aH33mLjWefEpVMVj4aWwuoX59n/9IY96rRhSZzS3jSvUXL+ehoX2hoQ73/MvBucLGaE5omfOBcfUNrkCBAgQIECBAgQIECBKgSoHkxUACr3hswFnlj4gfVZJBphOSma7HPFdWPZYVNYZN0uCTLdlTLHJ5P8AWdURfEJUyM1mZYIV3TVwuaD8xA2M+5eKQ3yiNIPXyFjjeqKm8Z+yFoU1evh3lEsgQIECBAgQIECBBcMP/Gh/5Uq3So30TdqXhttrfeAnDzABCAg+CYavxEKbKRhvGzYEypVFrR+92ji1vmLU8nSQ/lBevAgQJZuUv/u0FCdwahpnxK57RmW1nBDLXDJ5GolWZ5U9GAdexIECBAgQL0m2V3h/8IXlB6GEkEWjgMqzbDlH4mQLWrWJFDCaitVhNUJbYBqsp2eL6IMY9Zy+0f3KqKcqOKQ1qf5HLyMDPwrX6jLE0ZhAgQJ/n8odYnaaa+Au0BLcZQw7LdL5D6ZTGItAYZQPzQQYka7Oo+SXSVlu/wCjCrm+HiBAjNC5uKbQQkgggggkJ7VlOhtde6EZCDQScJNghNSJAnGm8MS1jIKuoYeiEGxPnjG5WRYbqUk/yOXkKksFJGaIrqHDL2/MEBgjEECUWLBPvAoq44i1W+tcSzuaMu04k8WIBd4CV4lNElTymr/UrwGozUjrao4/Kj7bBekRz8IQoVGRnqqE9S59sAcvbzza9/pZCZE3IQQ3QBaszKPB+UzNoOg2Sb6ShDo3Y4KNa2sRPPWU77wTbsMAFCiHVXFdd5oJYafZP8jl5LUj8hLJ+QmPo3I4KkoyFOkf4/KaZGbxEVYtW0vVfDw8o0+HhTkJDJoOh1eCElJkY41trowwkhs8tjqalvECngvEdAavKiFVaNMQggmytx+JmLQwgZ1Jg0N2XdCmr0mCE2YvrxF5brdRX3TQzhSIIYHjdlKt88sdmvCKCmmyf5nLyJcGyQJsQqg+Iqo3kmHgS0SJzLk6n7ZvnlKZpQz+Lweb3jQ22iwFN/28Atp1O+iAFkIttSste5LWs65RCH7YY2IFnsS6bti1Nep0hBcQp5ZXlTZYRkC2wTHxmkY7DLl7G8ZOT0HoQj5XNPVmd05MNPt5RVWtspglQTVEdsJdg4mHIOt8soX5UGHaQdsQxofENwT2iHWVULs7qYgOrNwgw8QZ/F4fV7wYoAjqMPsNe/8A+JswuAC0aneC0fv1d9T3i+mzTL6MMPGRUDpvSX5hddv+dZSKutC+dZlWrhAerAEkYZlMd7DViDfWmmJsRz4ji5na5TtbRVRcPoLaaq9vA7HSXijBNQCJd8SzPEsu/Yhm7d9Yv52sP0g7ZhDj8Q1SHZJYiciKHQ9k5WbhBHxyMO0Mxn38Bh1TAUMKG2UvCYiJYzdAVOTy6GcpBBh1edOIMsi3L3294Qh7thIQRdjVESDIUJiAg63T9+5tKqQbXXdgwxUCggMnXTeLqjoHgC9DmFH7Svd5aRPoDdgvyGDTiyIL0WaO66Q2BBSv4tsgjZijGY5o9J0QQPwiEoesTnZmaE4s/H4XV7yvAlw+r8wIkmoTBTMHW9zX3l1C5VPgr/hLfvsqscrruYhBa3tTuakyHCWHPyE4CFr43dj6sUQamonK7xRfuMBpe7WdWGcBcoNcsowr0get21mIqX1UWWzfa/UzTLlXVmCkIBABp/LsEHbEBcITQ/ECm5Tj4l3YmTGbAudpnGfa8anzv9wIECE3yI2Y6Ls6kyZ9vHsD8MwNwPmCsQ61274OICqFwNfP6iqtTSex0nQ0nf02N8Q6qN1bGif9gDL69B2lmH4hCjNp9CnVCciCOEJoPiJaFbjDCNi71feAoQmoxBmbxDwq7aBAgeATthLS9JDN2jwvFGDjwLdPmFGnzK57kOmfwlyODCFjpo+8CuSukCYQfBNPSIdYZkQJsQqg+ILT8EfPvhrK2FqCprDCdZWm5BA8AhFUbaMVfjwqXbQthyyxCgtgftTqxQktBqy3Bbj4IQGJlyLDMHxDwQGj1CDD9IO2IZQ/Ew4bNQlZzuGZU/tkM3Cz2rACjALGBAgQwVo6JoXDgDiHAQWzroyCU1gxfvLRD3XHR2JWrB5RgOnrT9IO2YA4xiE95MRAgf3SUZMMowPD4rIpqU5uH+KiYOQjCK2f3w4gbBBSQsEANP6DZIE2YI4y0ofEQNONoaFe3JCxCKYx8w1Po36hWqiMLH5Y3m3D+AhZnOQpUXAUD/SNkmoCXuMvSqPSVZ2X6Ebe8B8kstHhm24pMrdz8hm4VCMQBUJtM2z+oQZsniQkwLxnk4JSq8XC5/g1hm0I2lV/WIYmV4gm0AP/AIJ//9oADAMBAAIAAwAAABDzzzzzzzzzzzzzzzzzzzzzzzzzzzzzzzzzzzzzzzzzzzzzzzzzzzzzzzzzzzzzzzzzzzzzzzzzzzzzzzzzzzzzzzzzzzzzzzzzzzzzzzzzzzzzzzzzzzzzzzzzzzzzzzzzzzzzzziTzzzzzzzzzzzzzzzzzzzzzzzxTzzzzzzzzzzzzzzzzzzzzzzzxTzzzzzzzzzzzTzzzzzzzzzzzzzzzzzzzzzzwjzzzzzzzzzzzyxzzzzzzzzzzyjzzzzzzzzzzzyhTzzzzzzzzzyzzzzzzzzzTRDDTzjzzzzzzzzzDzzzzzzjDSTQhCyRBjDzzzzzzDzzzQChRgCRDiSzBDCCBDzTzwDzzxwTTCjRxSBTzzzzzwARTTAjzyzgTwQBRywQhCAADDizji8AwzyzTChjTDTTyAQhTRwwQRmFEQzyhigTE5yTjCzjRGItTyGxDxSjyzyDxxTDAARTwznyKyQAzghCRTzyxjQDjSixhxe8zgTARiAQwRzzzzzxxQBAzS1tVRCAAgRjBTzzzzzzzzyzihjAqlyQAgCSBzzzzzzzzzzzzwyCTzuxyBhxzzzzzzzzzzzzzzzzzyxxjQwRzzzzzzzzzzzzzzzzzzzzxyzzzzzzzzzz/8QAJREAAQMDAgYDAAAAAAAAAAAAAQARITFAQVFhECAwUICBkaHB/9oACAEDAQE/EPIt+iFcmuayQ9j4UYa7kvGkDHuEBuZhv0bc5Sy66BQcI2JURYODgiotytx1yCqt8bCfsoeTBalUT25VOAuRcMm77//EACMRAAEDAwQCAwAAAAAAAAAAAAEAESExQFEwQVBhgaEggMH/2gAIAQIBAT8Q+xbaMqTWD6NdAefShiHcl4xA28wgZ6x+jr5mDZrgKBJHRUFAOx2ItyZ5VwVVujoT7QWWDkKJs24QCNw6J53/xAAtEAEAAgEEAQIFBQEAAwEAAAABABEhMUFRYXGBkRAgQKHBMLHR4fBQYHDxgP/aAAgBAQABPxD/APa9/wAfZ0Lt1dsK8Rp70cDdg4CZ/wCjxHv1bL1rPcUfAa7qeDl+a/6Bzc4RXaKGnbM1NfHpGu6FXD/6s8+fPnz5v+Ps6F26u2FeI096OBuwcBM/V+WV/TTxHv1bL1rPcUfAa7qeDl+a+pJaSZjov02c3OEV2ihp2zNTXx6RruhVw/VZz1KeR7p/+iefOR9SgufB6/6P58qDqmTcG1/8J/z5fv8Ayyv6eSzpoZ7IIPVgkfU+pfvyWkmY6L9JhB6xQerDxdAF8MCMExwlMva2ekeEeRputhV8q7aeGG4qDpkwbFsIsmzFVznsC6Y7/TZz1KeR7p/oRAUANViwFwFd4yV6y7B4yL7B+WGUpqwOKYg8W2Iz43YdKi9Qv2eYql1VtXea5dJV5Y1sD1L5RfgVxs8WGOojccpYIRrqDgfJBJSsRw9Po8j6lBc+D1+v7EPjt4GZXdFF9hqiBIuQy2Uyx+88onq5jFMWU+hqY9LmKl/45jBSb1g8GhA3Z50lXA5+IXC1lTHJ6ulr2hJt1CveQZragu3mEkfcX6BQdUybg2v6n5orJH7w5AsK19mQGUUUWuXv4qGXnaC94DILVg+8scHVTLt0iBzgOh50IkTrWKdGsD4hUzHhwmEX4zBP2MHpgh98G/4h+UXBP7/5g2/3P5hEU56ipg4aJTzMRHWWW8zLGYQft9O/flBm6YIOVWBGXaomOchVX5cEUm5G16QwRAAU4p7DSGX4mAvZVsMF+mYerHt+2avbSZXqdE0wawPeC5/hc+0u+PiiaAd31feOWo3P9I5KLfn7Q1ovV+8AUatLoimkerHRPiizh4CH9IQfX7c/+Ahs/sIfVXmBYRu5DSfhvo8wEz9UZPMGr3Fft9E/fsA3mgbTwERX0oqtbktmKiQowA4iFqe2YKZpWntLuGbGp8BFVUtdVi38NZ4lRt25YPcgKI5qHyy92TI+xAPeJSYszpHL82wg/VAAAAOCixclf2BqNeZdzMLZJRhl0J7Jrk/Wfv0klNKVIOtm0Zwh8NeV6nCnUCLCiJrgQsc42w485csxouHLswU8aI38Fv4l0TtzKYUW8omtKZXA+kolxopR7S3FF0EC4HtCCD9EAAHR+gAAHDXIsVP9oLZgC/och7Tbmsk9uv6b9+jAMDwFx0u8dOCCtQ8x0RKOB2Os0hMAC1WmMu5TFmVzoDLa9/MHckMZ7ujwIUhrVCe8ucksGfAuWrB30HvKBU0VD0XMjqAVFzW1VuEBCD9MAAAdHzgAEIwAIECGtDSxUJh+qFAdsWVLVfsU1jFnQz7DGLjZrnz7+pLUVq0KvsMre3HdbthiPC8shZUdOa0LXdTHquMCiZBYRwYcEbqroQfZrnMWaLd1/uJhbeGh/eYsg0pfmXeYKpPzQ8AV6Z4qpgWRlu98I/vBmRg/clocjxs1L2TZgHT5QDo+B0fOAAfAEKwAKIECssDTMUQTrGnrCAI0H64aENzOph9GJTrzdnmoaF8ylZwkDIG1KZNvQ03jRIFavZtldxEaV4h7wAII6J8jiNYERa7x8A+AYSgXWmJqcNiRK9ISomqzooB6ShZW5s/ptN2ABr5xOmJCn5HAFYxX6S2gcHA6EH0OEs+xFEoiWJ8Do/SAAAfo3pF6N6p0rylDJeRgtyCxZyrG18esW4E56u9UUydrdWX+ZW0VCSBh0PEHrFyRyXbQCCUgQAnR+ZuKKAHnRHbKct4yEB4KPkBq/s42suyBvBKJyQTBvGzmWkjaI6kMSwNxph9E94P9xreDVAfG/tGVsjrngZWw6/yvxBWgtYLtt4QSGqUC1pLW7DicR0RdJs/MADqgr1KPSjUK9CpS/ebmmHwQuJ1ToiCZqFAQ27Ky1f7vCKs1lntjwSppLhVauCmBF/ojIrEh7tFBHA2KFJycxDyNWWhTQg4rXpZDodGYuDpRm33q/LAyi37VOf7kqV4yzMm+sI5uWfAzEFhK4CCjbiKQImo/A7lFdWMAQ96+8MR7gjf4Y9tw1ezs29IFp6lnxMt8b4QR6uSBfVDK2icxmUgYcmaLwQZamxzRlcJOj4FgKmn6EhYB6MwuJ1zpnXOmdMsk0bAR3TSqzt/hLrmC2Sl8GxHaJIl4QwrYacGHunviClS6UtjlYjX68l9nG7GXOkChqosDVqajbT76HBAiEOCBLPkBhV1BhEpJnxcWhujqBHiOTBgAbe4aSblUsZmIrJnHIYI17TcX0SUy9C9di9wMMLoqzq41JNaT8DqZk3IchxvVNeYhEfeGrJUNPq/EdE1MBIrXm0Z4zVzTsxJwOgJgeLaGYOq9K3lBiP8AMwYEdQAy3SBOG2hXsYs7LgQMdn2QYckoH7tawk4WJYzrm7UR6JbAEJPQw38vxAvYDkgoiuCOhnAKi0tKwZ8BHrOEpGqu0A3FCRWLd44IHE3Gi8Pg8uYCIGACggQoBslZXmGiEDNQcDT935cGCNSAZejtMtyWmo3EHQbj8wcjDwLeWAhNxCwyhVYHkagqFy3vBZYIITUWgmOd4UQ3Lks3eXbFf/YZyQnE3J+KAGYz40g5hbNYjJ0m5EC5Nq/wvXwSMsBqJoymYztv4y/WdU64sKGT93RgviBExQaArYMVEBRvjiUtqOFsqIgYsBhtQ2nROiBGFHdu384GjQ5IYIoqUrAU1CLRC9Hg8PEYl63T4sHtiUJcnCAyujEJk1DF6EN3HTV4iVcA+RnKmVa3BWiDSLan88ZX8gAKSJgW4HIvqJSLuGKFaBTHSp8N1DKspMIy/wAmaA4Ep6yrYEo5MPMA1zKonMq9k0IaVcMwLyhigpRp2cMVsC0M9f5fARcwkgWh2uvWEHEdEnXFa/q6/PI9S0PFO+WMudl64VNGvkm8FjAnUqqXi4GAGydEtmesnSDqqUtVbWEmKC8QgAAascuDRsPLB/jfl2ByppS4KfZhN3MGSGVLDVXLCKUWuIP5mC6v08EeOTVWCFhjS4OXcN/SUXJVaUCGuDvGyiQHR/uhD8rUCLBLe0NEX1FdF3D9MWiUZXfMairbTtKpU1eR4dJVENHEJ0fgIB8hG0Z0lKm8D2mOn7Tah9noFiR2p4Oe05/ZCqCmUusKTBg+kq6mec1rlrGFEX7Tt2oyaOO6hXkB6JyJBYJgpR933hLVXeSvtjFAOq2DvU94jGJyq2s6ImnLoYV/BGsmLVKkVdx6EcUAFg5Zmd6ao3zLXjEMGm6SNzTPG8LLXBMnUNjj5d4+OA0GA8E0hmX03P8AEW0ug3ioMpZZVkEXltaBGUiX/bmDRiHJbtmDfHzoCkjARnmAWZ1F8dYu7VYUZW6lbCvyRarKoK/XaE0fch40zDLEn3UH7JrRGhOzKrzdDXEqZgARKRMJAMJR0BSiUm1TgOyOGBZl0Fn/ACKj0EvOB3FUGtghdWECtNBgPZAEFFYlzwmpOiBxAKFIxMlUl5ljgh4OiIkZK4fOiYhm41wBja84gOzFgGgBDLB1Dq/iKrvePLvA50gNlcjSJKOd3r/UtVQ4A8sY4VnWvzD/AH8oNMBHCEWR6O75jUiggdOCCA/RQdSDtjMJEX1M2l9QMDDY3GWr2tWLzs9Imemg+ruespo+7DpGpvD+hNCo+0Yb8qHCBWYkmvFL+7m5G8NTFK4524DUlDxNixCGC0pDUeXLtBdBht6Lym7ZHpAEvdDkdhjIQ4ARXnSLjhTOOHlj4MhS6poeNYG10DyCsp7l8p/irmYLN6jxxMrYq8wKyHEMrxtj+YfWsAIdva0X5OIuFlJ9LGVli+0jHlbJegqitOV3mHJA2gAAOobQ/VApg0dfUstl6lpC7i4X11DzognQ+Vovc1JQeKGjBgBozOjlAqBvCKImv3l8kFjRjwWlV+Ak7p2nDHq4EZjOpIoYEgkIDZndhmd4qZeaWQ9XB6JdMjXg8sylB9v8y3B4lmrXYgktPRr/AFLxRXAlaRZca+CHdPyS3i9I8RkBV6d0fA1svQNCK4kCCYiHEEAGPoSsI8ED1LPS+oluu4yky2xAACFM6dbfWWmCFgTpgOnVgoglHMepXA3fu/IAGxKpm+qUyeDC91qaJQvoVAvUxLNI2RpADLBlFHL8EGjy6rWWbpusB5Yjs3JdX8xwp4z6fBgI/YMpKdt4xAUogzArqGQSoAKCvpC6EdCLlnC+pdQu4QR7wV9m0LklQUTxvHSTpRHoyoBmCCY5b4oBsSqCIo3GPewbfa/xAvLCBYBa1oeWANs+0QG5dAIHrLld+TiByDL93dmiV7gXTaNHfVl2sakqqDBldQah9RqBEwluWIL6iMq7gmULTV4ma+fFdG+dGEBPNDoqanpRuGYvXnuVpN/GLPE9oqUiy/cEilwXxELbwHL5YAAAGxKaD1w34hMgc704izw1fv5XeOhLcoaXitoNArqBgGJpg+rQSkjARnmATL6jeMt7QzEugKesYqjgrMKKrUDBD/Vmdk9wUmj3CqxFS9RGaD+DCDC06uxBqUe29+ZQW1otvsaRVmRRqd/xBq6BQjYgrqGgSoBQ+vQdSFojMPEX1Fmy+oRdQCi5EKpbXvovq8RH3lhNme4Tlsd4Qi37oi2cOC1jkb1Lz5cwipsKAS4G47PlgCD2gKhjqBUB/wAQSmAUVfUK3XUEYAiNhiCiyDJ70+1RUtNBYbOqfePCKxwIxHbJV6Af3NWloPfgww6RqdG8NJiAFBCjGAEaYP8Aj6oQpwm1Iq6HtNMX1AvdYfUmpTg+y0U7wI41RD2XeUCwWXANB/zNSIzYjZGwCCYP/BP/2Q==","provType":"MONITORING","date":"2018-03-12T11:00:11.897Z"}},"communicationModules":[{"identifier":{"_current":{"value":"COMMS2_SN_CHD_DEV_12","provType":"MONITORING","date":"2018-03-12T11:00:12.198Z"}},"subscription":{"identifier":{"_current":{"value":"SUBT2_SN_CHD_DEV_12","provType":"MONITORING","date":"2018-03-12T11:00:12.1Z"}},"address":{"_current":{"value":{"type":"IPV4","value":"172.18.19.24","apn":"movistar.es"},"provType":"REFERENCE","date":"2018-03-12T11:00:12.105Z"}},"mobile":{"imsi":{"_current":{"value":"SUBT2_SN_CHD_DEV_12_IMSI","provType":"IDENTIFIER","date":"2018-03-12T11:00:12.01Z"}},"homeOperator":{"_current":{"value":"Telefónica Móviles España, SAU","provType":"MONITORING","date":"2018-03-12T11:00:12.016Z"}},"msisdn":{"_current":{"value":"MSISDN_FAKE","provType":"MONITORING","date":"2018-03-12T11:00:12.015Z"}},"registeredOperator":{"_current":{"value":"Telefónica Móviles España, SAU","provType":"MONITORING","date":"2018-03-12T11:00:12.011Z"}}},"specificType":{"_current":{"value":"MOBILE","provType":"MONITORING","date":"2018-03-12T11:00:12.096Z"}},"description":{"_current":{"value":"SUBT2_SN_CHD_DEV_12 desc","provType":"MONITORING","date":"2018-03-12T11:00:12.119Z"}},"administrativeState":{"_current":{"value":"ACTIVE","provType":"MONITORING","date":"2018-03-12T11:00:12.118Z"}},"name":{"_current":{"value":"SUBT2_SN_CHD_DEV_12 name","provType":"MONITORING","date":"2018-03-12T11:00:12.102Z"}}},"subscriber":{"identifier":{"_current":{"value":"SUBS2_SN_CHD_DEV_12","provType":"MONITORING","date":"2018-03-12T11:00:12.003Z"}},"serialNumber":{"_current":{"value":"SUBS2_SN_CHD_DEV_12ICC","provType":"IDENTIFIER","date":"2018-03-12T11:00:11.916Z"}},"model":{"_current":{"value":{"name":"TEST","version":"1.0","manufacturer":"sb-HD"},"provType":"MONITORING","date":"2018-03-12T11:00:11.913Z"}},"software":{"_current":{"value":{"name":"software","version":"1.0","type":"SOFTWARE"},"provType":"MONITORING","date":"2018-03-12T11:00:12Z"}},"description":{"_current":{"value":"SUBS2_SN_CHD_DEV_12 desc","provType":"MONITORING","date":"2018-03-12T11:00:11.915Z"}},"name":{"_current":{"value":"SUBS2_SN_CHD_DEV_12 name","provType":"MONITORING","date":"2018-03-12T11:00:11.911Z"}},"administrativeState":{"_current":{"value":"ACTIVE","provType":"MONITORING","date":"2018-03-12T11:00:12.005Z"}},"specificType":{"_current":{"value":"GENERIC","provType":"MONITORING","date":"2018-03-12T11:00:11.918Z"}}},"name":{"_current":{"value":"COMMS2_SN_CHD_DEV_12 name","provType":"MONITORING","date":"2018-03-12T11:00:12.007Z"}},"description":{"_current":{"value":"COMMS2_SN_CHD_DEV_12 desc","provType":"MONITORING","date":"2018-03-12T11:00:12.008Z"}}},{"identifier":{"_current":{"value":"COMMS1_SN_CHD_DEV_12","provType":"MONITORING","date":"2018-03-12T11:00:12.2Z"}},"subscription":{"identifier":{"_current":{"value":"SUBT1_SN_CHD_DEV_12","provType":"MONITORING","date":"2018-03-12T11:00:12.206Z"}},"address":{"_current":{"value":{"type":"IPV4","value":"172.18.19.24","apn":"movistar.es"},"provType":"REFERENCE","date":"2018-03-12T11:00:12.209Z"}},"mobile":{"imsi":{"_current":{"value":"SUBT1_SN_CHD_DEV_12_IMSI","provType":"IDENTIFIER","date":"2018-03-12T11:00:12.213Z"}},"registeredOperator":{"_current":{"value":"Telefónica Móviles España, SAU","provType":"MONITORING","date":"2018-03-12T11:00:12.215Z"}},"msisdn":{"_current":{"value":"MSISDN_FAKE","provType":"MONITORING","date":"2018-03-12T11:00:12.217Z"}},"homeOperator":{"_current":{"value":"Telefónica Móviles España, SAU","provType":"MONITORING","date":"2018-03-12T11:00:12.218Z"}}},"description":{"_current":{"value":"SUBT1_SN_CHD_DEV_12 desc","provType":"MONITORING","date":"2018-03-12T11:00:12.212Z"}},"specificType":{"_current":{"value":"MOBILE","provType":"MONITORING","date":"2018-03-12T11:00:12.203Z"}},"administrativeState":{"_current":{"value":"ACTIVE","provType":"MONITORING","date":"2018-03-12T11:00:12.211Z"}},"name":{"_current":{"value":"SUBT1_SN_CHD_DEV_12 name","provType":"MONITORING","date":"2018-03-12T11:00:12.201Z"}}},"subscriber":{"identifier":{"_current":{"value":"SUBS1_SN_CHD_DEV_12","provType":"MONITORING","date":"2018-03-12T11:00:12.299Z"}},"serialNumber":{"_current":{"value":"SUBS1_SN_CHD_DEV_12ICC","provType":"IDENTIFIER","date":"2018-03-12T11:00:12.31Z"}},"model":{"_current":{"value":{"name":"TEST","version":"1.0","manufacturer":"sb-HD"},"provType":"MONITORING","date":"2018-03-12T11:00:12.305Z"}},"software":{"_current":{"value":{"name":"software","version":"1.0","type":"SOFTWARE"},"provType":"MONITORING","date":"2018-03-12T11:00:12.397Z"}},"name":{"_current":{"value":"SUBS1_SN_CHD_DEV_12 name","provType":"MONITORING","date":"2018-03-12T11:00:12.221Z"}},"description":{"_current":{"value":"SUBS1_SN_CHD_DEV_12 desc","provType":"MONITORING","date":"2018-03-12T11:00:12.301Z"}},"specificType":{"_current":{"value":"GENERIC","provType":"MONITORING","date":"2018-03-12T11:00:12.308Z"}},"administrativeState":{"_current":{"value":"ACTIVE","provType":"MONITORING","date":"2018-03-12T11:00:12.401Z"}}},"name":{"_current":{"value":"COMMS1_SN_CHD_DEV_12 name","provType":"MONITORING","date":"2018-03-12T11:00:12.219Z"}},"description":{"_current":{"value":"COMMS1_SN_CHD_DEV_12 desc","provType":"MONITORING","date":"2018-03-12T11:00:12.22Z"}}}],"administrativeState":{"_current":{"value":"ACTIVE","provType":"MONITORING","date":"2018-03-12T11:00:11.905Z"}},"specificType":{"_current":{"value":"CONCENTRATOR","provType":"MONITORING","date":"2018-03-12T11:00:11.902Z"}},"name":{"_current":{"value":"CHD_DEV_12 name","provType":"MONITORING","date":"2018-03-12T11:00:11.822Z"}},"description":{"_current":{"value":"CHD_DEV_12 desc","provType":"MONITORING","date":"2018-03-12T11:00:12.403Z"}}},"administration":{"channel":{"_current":{"value":"default_channel","provType":"MONITORING","date":"2018-03-12T11:00:11.821Z"}},"serviceGroup":{"_current":{"value":"emptyServiceGroup","provType":"MONITORING","date":"2018-03-12T11:00:11.818Z"}},"plan":{"_current":{"value":"FLOW_RATE_100","provType":"MONITORING","date":"2018-03-12T11:00:11.814Z"}},"identifier":{"_current":{"value":"CHD_DEV_12","provType":"MONITORING","date":"2018-03-12T11:00:11.817Z"}},"organization":{"_current":{"value":"chemacorp","provType":"MONITORING","date":"2018-03-12T11:00:11.82Z"}}}}},{"resourceType":{"_current":{"value":"entity.device","provType":"IDENTIFIER","date":"2018-03-12T10:59:09.91Z"}},"provision":{"device":{"identifier":{"_current":{"value":"CHD_DEV_2","provType":"MONITORING","date":"2018-03-12T10:59:09.811Z"}},"model":{"_current":{"value":{"name":"OpenGate","version":"1.0","manufacturer":"OpenGate"},"provType":"MONITORING","date":"2018-03-12T10:59:09.815Z"}},"location":{"_current":{"value":{"position":{"type":"Point","coordinates":[39.6173538785486,3.5535692655892546]},"postal":"28033","source":"GPS"},"provType":"MONITORING","date":"2018-03-12T10:59:09.82Z"}},"image":{"_current":{"value":"data:image/jpeg;base64,/9j/4AAQSkZJRgABAQEASABIAAD/2wBDAAMCAgICAgMCAgIDAwMDBAYEBAQEBAgGBgUGCQgKCgkICQkKDA8MCgsOCwkJDRENDg8QEBEQCgwSExIQEw8QEBD/2wBDAQMDAwQDBAgEBAgQCwkLEBAQEBAQEBAQEBAQEBAQEBAQEBAQEBAQEBAQEBAQEBAQEBAQEBAQEBAQEBAQEBAQEBD/wgARCAGQAZADASIAAhEBAxEB/8QAHAABAAEFAQEAAAAAAAAAAAAAAAYCAwQFBwgB/8QAGQEBAQEBAQEAAAAAAAAAAAAAAAEEBQMG/9oADAMBAAIQAxAAAAH1SAAAAAAAAAAAAAAAAAAAAAAAAAAAAAAAAAAAAAAAAAAAAAAAAAAAAAAAAAAAAAAAAAAAAAAAAAAAAAAAAAAAAAAAAAAAAAAAAAAAAAAAAAAAAAAQUnTlnUwAAAAAAAAAAAAAAAAAAAAAAB499hcLPP8A7z8s+pwAAAAAAAAAAAAAAAAAAAAAABxjs/GCG+mfM3pkAAAAAAAAAAAAAAAAAAAAAAAcY7PxghvpnzN6ZAAAAAAAAAAILpuIQ096Pn0AAAAAAAAAAAcX7Rw8h/qDyh6vAAAAAAAAAAOFwzoENPTIAAAAAAAAAAAHBO9+eiC+v/GnssAAAAAAAAAA4xDZlDT0yAAAAAAAAAAAxcgq87+iPO5zz2X409lgAAAAAAAAAHGIbMYOeoAAAAAAAACOkio4tGTsUIs/DS5mrHQYFb+kQ9fefJedURmRFwAAAAAAAAHD4BNOdnr8AAAAAxjJc7gh2vm0KlxDL0/05sMeK2i/Y+gfQ+Wy79xfhmZun+nQJZxX6ejr3neVHXkRk5fAAAAAB565z0Pnh7LAAAWeQnYo7yvVkxjGNcN5fitJINPjgUFX3BpM3GtCtjWjM+4X0zWJUZCzUXftuouV2qi9ma+om0v45UeicrzrJjsiEykzQAAed+edD54eywACg1XmjsUFOMTKYRElX3kW5OhsS2Z9nVVl/wCY+MbDFs1D79+ipUPv36KlQqVCpUKlQqVCpUKlQvW6iRyvmX07xm8A3p2JBpWcF550Lnp7LAA0W9hxz+J7jTi5R9M+DSy2cJwZNgkU10u1hocuzryVb7mw7fLvMV49SVcH6cSyr5WPv2o+VqhUqFSo+Vfaj5V9rKaqvp8+tQbjTwLZFGv6zLU4bt+1Xl5Rn9RjR0rZeV+wHSAIXNI0cY11usrqVC9brOJ4tVmS9XifLdjYx7ho470W4cpdB1xD7/Tpscz7VgcrO4VYWeKlwpqyskwsjKrLN25WU11VlP1AjM18t6ERST7PKTVZu3xS7HoZzMkfPZTG1k3ZY9ITpgGv2GKeWYz6P42WNvzbKOj1x3eHE95o8PJi2+FizPNmiFMljWvZ9y8XJ06usdR5b1oh3NumcHKIbpcAnfoHyJ6tNzmXKyzYt0cnjZv3X53N5mwu67bd/wCipXYhp1aybWuhlvMyc1Me7qOZLPOUauRGhkt60cz6RqOhFOxw8w6WADH00h+HKuZendUePa/R/NDgX2QQ4233X5hd+qinKsZJ1XrHKOsEN4j27hxroROxyvvPLOunWbnEpeSrXynI5PGj1O9zsHP12bXV3/o9doc/pXt7XNzTEyRwKB4xTn7S6U3KPh9fai5MYVYOg67mPWTo/wBt3AAAC3rdsOfc29D4B4rg/ufnZ5dzptADYZWg251/rPJetkL4f3Hh5rqvn0v+ivN/oQmUBmtaed913aODL4x8XtVWu25ur8IgBJIxuNiWshSV0qj5V9zjHytTBTf6WV9YIn0rMyh9AAAAACnDzhEIB23FPIHP/ccFOQ9n5ptjM4j1HkJR9ouD0T539HpvqlYqfbLuBm2l88ZG7kUun3qs+vn0VLpbyrkeN/BLPQSCdclcgMDZ1gAAAAAAAAD5YyBHoV1W0eaeSe3IgeLc/uHKDD9L+TfRZ0arXbFPtfyuxh5uGvIJNo97L9fLh8rvVlWLqss0e9nkxI5Lsu4fPoAAAAAAAAAAAALdwamK9AoPPMK9Wxs89TLfQw6JteKSNOm4WDfrl0hjcnl+5ON8LNyZyki0s22WWb/0AAAAAAAAAAAAAAAAKahiavf/AAgsO7PjnnDXelomcAnuz6eQ2Z7PKMXMrAAAAAAAAAAAAAAAAAAAAAHyi4LFdwfPoAAAAAAAAf/EADMQAAAGAQIDBwMDBAMAAAAAAAABAgMEBQYHERIgQBATFCEzNTYwMVAiIzQVFiQyJWCA/9oACAEBAAEFAv8A2vkeWwMdFBn8C5lfkM677+54fe+LL7fj9UYcfwem0KPKvPyGqPs+l3vH5DVH2fS73j8hqj7Ppd7x0uR5bAx0UGfwLmV1OqPs+l3vHS51339zw+98WX26jVI9qbStW930uqMOP4PTaFHlXnU6sq4aTSNfFfdLqj7Ppd7x1OsSuGh0aXxZB0uqPs+l3vHU61Hw4/op55D0uqPs+l3vHU62fH9E/kHS6o+z6Xe8dMqVHQojJRDWz4/on8g6XVI9qbStW930alpQU7KqiEHr62tDdNaXI9nNjCNlbpDUwzyWi0dhSoeRdLqyrhpNI18V90Nhf1NYU3PX3h3V9cqi4/FhplWLaS5I8t+K5FymQgRsgr5AQ424XRaxK4aHRpfFkH1plnAgJn6gRkCTb5JcnDxd102qqurkv3SEE6+8+r6DMuSwcbJ5bYjZFBfDbzTxfX1qPhx/RTzyH6b0liMmdmtbHEvIshsw1jsqUqNjkZgjk1UISL19YccW6rl3IgbrZDxDY8QO+WO8dHG8ON4Mzpsc4uVTWxFyaA+Gn2Xi+prZ8f0T+QfQUpKCl38CMJeSWb5/0+RYON19XEH9ThMBy6lqDkh57lUtCQclI45Ch3bpju2SG8ch3yCHiFDv1jvXB3ix3ix3ix3ix3qw1NkMnGyiY0IuTwXgzKjvl9HWz4/on8g5nnm47SNRqyxXIs5kobmCVsDfdMuVS0oBydxwvrHAwgeIQkG+4Y3Uf123nWji5FPYEbKIrgZmRpBc2tnx/RP5BzWDzRtZBp5WLUdhlGOHXZPV2IIyPlW8hsd4+6O6bSDkJSFOrV0yFrQca9nxxGydlYYmRpJdutnx/RP5ByrUSEyZRmcmWtS0yCUVjh9LZhcLLMbOuzKDINMuMtK58NseNS+CciNhUviG+/VoWtBsX82KImVRXwzOiyBrZ8f0T+QctxJ8PElu/oPzMEoyCJJkLmprrE/6LHSTlXGQFsIbCuJI8VJSG7eyaDWTW7QYzR8hHy2sdJiVGkp6WXbwYQfyOY+fg7OebNRJjhqfaxTkzWb2LiNRWYxaMWMORy5Me0SSrdPITBLOSg/EqhpUF1CFB2jfDkCW0DIy5G3nWVQcqsoorMjgWAL6mw4THCobH2TrWJAJ+0s7Q4GNOunCxtpsM1sdsigtLCaSMoHWwIyZ1hEbTIyRht7EpUp7kyo9oLp7p5EHsJjn+Z3w70E6OMjDkZh8n6VJh+HIj8iGXViqyGfVqiymJjXMTajBMgmkgkkNhsNgeySnW5rOJjpTFwscjMEiGlsEgw2wZhLaWymXjLRXGTNsOWq5ckY/WoiNYp/L7chY8RVFJTsSiPlm/wAwm1nyEowTg4ScD1D4g/7anoVDxYzEXHmGhLpq2QwTkzFp0OWzOY7CSZhLIJBENhsNhsNhsFrQ0iXMfsnKujJIYjIaIiCGjMJZISJbEYry8XHbORcXQebg49DpYL1jMXHSxFxT+X2yT/Re18qBJZsjI2JyFhLiVdsvymtLQ4U8myCIr6yNCkH2MH+5UElYZiRlNWMZpgSromzlZAJtr4lOK3CoE0ghkEnYKUhtKHnXh/nDvloCTSothsDMklLku2b9VUJbJtskklBmEMhx1mOmbbfplZKqYqNUGayIW/HOsqCEllub6GK/y+15HEVnWd8VpjZ8TkaXENixUkR7BKg26lQm/wAzsiymHEWbkdTfYx6lOIx/t3J+VsymSqXGfjrBHseOySn1Ow2Bd3xOSX3jSkwk1EGPJ7YbC2lKdXT1ZJJtrhJDI4UNlJtCSLTJY7LhRrO0NlhphBIGxBFeXiYMc0osEmljFf5fItolCRXIcE7H0OCxxjYPQZcQ2LBbZvSCVJJRGC7duxj1KcR/TuvtMP8AdcaQ8idXrjGMBsYqIJeY2EiI5uhbe5GgG82RxIjjJ7CY/wCGj1MFT7saJwJQ0RCROZji2vmIyXJ1xcqhVsSCRJMxuSR9+xpXAqBIjqFwlPg8YcLxpHvzKbJQfgoWJtE24LHGBY4xIZUtD8ZSHwlZHyMepTiP6d19pvqgyJRWFWbYoNOo17jLxZpiKqnNKqwCFJWSiQ4PCV4bNLJfcbCW0ubKrK1MZt15mMmdb7IlZFKnLj1DSXSLcbJSDMz7NuwyMg682wkrJ+xXQxERUI+3OaCMPQ0LEykbcFli6FlY4m40bzEqIaHwlwj7GP8AemEf07r7TfV7CMYo4TVAbhLFzg1BdB6hzPFFVWfQZCmH2JLew2GxivgtRkyLTYrTJmmXTr5VmtCENp4dhvyNtLcPdiOLG9QhTFdOtXaqiJoo0YmyLy+kaSMOxULEunbcKxxlKys8RNByIUyEaHxGdI10xiP6d1/rN9Xtxv2YEEuGQtsZo70pGC5HQLg567Dcg2UCyaLyFvfRq9t561vCiQo8Jsi3G+3IRGoyZQ0J9szGbclWFsqpxokiDUoaJthKC+qaSMOR0qEqpbcFhjaFi0w8t11s2C5RyBEeI27kyNM31e3Hi2p+QlGQn1tbatXWFpqnqmzzKS3CqmYp/ceRD79m3YhgzJclthMu7W6qBQvy3a2iQ2TENDZEki6HbcLYSoSaxtwT8dQsP0j8JcS1Q2LaTumU+Rukoj7aIv8AiOV0+Fu6dWtxtPAjlQ2pw/2mROt22j8NPtV1eOpQIlahokNknpdgppKhIrkOCdj6HBPx95BWVLOZWTq0GiQRglkYpPaeWX6MlHHP7dgRGYJpKBJmoaQt6ZOOvx/zhVCGw1HSgiLbqVNkYfgoWJtE24LfEW3im41LiBK3Urp7MmojMttwEZHyS/Rf/TOGxn2IaMwbyGyXLceVGplurh1CSDENKAlBF1poIw9DQsTKRtwWGLoM3a6ZENiyeYOHdkYYnNuBKiPsmei952ASk1H+20H5fmzVyZZxKpKCjwUpCGiT+BNJGHYqViVUNuCZjqFCRjzrZ8U+CcO8EexacEtxJsKPexLYLeS2liJMniFTMxwzCIg2wSQRbfhDIjC2EqDsBCg9VIMTMUjuiRWW9YHLxRN10k5Nk33slcHHkINuMQQwRAkkX4k0EYUwRhUYhZ4rV2aYGAohSo0BmMhLQJH43YcI4ASf+i//xAAkEQABAwIGAgMAAAAAAAAAAAABAgMEABEFBhMhIjESQCBwgP/aAAgBAwEBPwH9KEgd+zLhiUBvan1vYcwkNjyqHIVJa1FC3znYuiKrTSLmhmNYPJFRJSJjQdR683B25StRJsaRlvfmumGERmw2319Qf//EACMRAAICAQMEAwEAAAAAAAAAAAECAwQABRESISIxQAYgcID/2gAIAQIBAT8B/pQkDz7NqqLIHXbJ3loQqIxyypObEXNht97mqpWbgo3ODX3B7lyrZW3GJU9e5pKWW5qdjifH+ve+QQpXQRp4/IP/xABIEAABAgMDBwcJBgQEBwAAAAABAAIDBBESITEQEyJBUXTCICMyQFJhcQUUMDNCYoGhsVByc5HB0QYkY4IVQ2ThNDVTYICSk//aAAgBAQAGPwL/AM12w4rHRo77xDadXehJRpd0rFf0KuqHfH7Rm873Wfu0UHMeszjbPjX7RlZ8Q+fzuate7QlPiR4doy8HOM7nVH2jK7zwlTW7cQ+0ZXeeEqa3biH2jK7zwlTW7cQ6s2HFY6NHfeIbTq70JKNLulYr+hV1Q749ald54SprduIdWm873Wfu0UHMeszjbPjXrUrvPCVNj/S8Q6tKz4h8/nc1a92hKfEjw7Rl4OcZ3OqOtSu88JU5uvG3q0rvPCVNbtxDrUpvXA5Tu6cberSu88JU1u3EOtSW98DlPbnxt6tK7zwlTW7cQ61Jb5wOU7ufG3q0rvPCVNbtxDq9h8dgdsqqg1ySW+cDlO7nxt6tK7zwlTY/0vEOqWnuAHeizP52J2Yd6pAYZeF3YogvJOs1XNx3KkzCDu8KWg+TGF8WFMZxzO6yVPNmYDoZ801j329Wld54SpzdeNvUv5qcYD2ReUYfkmS/vifsqzk1ELT7OAWdmXAeKzMk2y3tcnOwX2XYVVJhger32D3qsN4d4dTlN64HKd3Tjb6e3NzTIfiUYfkyWdHd2jcFZfGMJh9mHcrcap8VajuaFYkYVPeKtRYhcfQ1hRXBUjARAqPObPerUKIHeHUJLe+Byntz42+ktx4zGD3irEo10y/3cEWQP5aGexis5Mve87XFWotAqNo8+6rMu0Qh81aiPLj38q8rpLWrmFXQivVr1a9WqwiWqkeFbCpErDPeqwojXeB9LJb5wOU7ufG30NpxoFc4xXbGKzKtZBbtOKtzUy6KfFc7FbXuX8vLV8VRllngFzkVzvjyb3LRBK0WUWnFWk+qubVXQ10RkxXSXSXSWOSsN5CpFFsKkWsMqsKK13x9FJb5wOU7ufG3lvjxnWWMFpx2BPheSogdZ1uuK5yMaZMKqzbu2DlaRoqQ2Fy0n2VpGpWgxbFefT1hxC1Ue7ODvVI7CwqsKM08uS3zgcp3c+NvLdLPAdbFHA7EZnyLGMnGxs10f9lY8pSxmIA9sfug0Rs3E7L7ldybytAWRtVqK6p71SG1Xnq1WOIVM5bHeqTEOz3hVgxWnkSW+cDlO7nxt5RedQqnRCcVirMQAg7UYkFvmsXtQ8PyVqE7z2WGy+5ZqcaZaJ72CtNjsIPetKYZ+a0IzGt8VXOtJ8VoEBXnrdWOIWnFq33lzgp3tNVzUZpUlvnA5Tu58beVSnrNHk3ouiy4D+224ojzmKKE6166J+a0Y7/zV0Z35rRmYn/sVoTsX8168P8AvBfzEq133Sudtwj3hW4EZrx3Hq3OxgXdlt5VmRl7A2lVmYr3dytQnOae5aWmmyPlaXe+G02gHaio3lCAYliPBzVk6rwf0XNxh8eTCP8AU/TlxmVuER31XrHL1zh8FVkVrlpQT8FeORahRHMPcVSK4Rm+9igy3movZd6bArArDJzr6v1NGKzcEZqH3K1EBK0mroBdBVMNWntY0d6LIDG07RXm0jWYj9liiw5lxqGh1Ca0PIhn+p+nLj/iO+vIvWlDa5VgPp3Fc4z48jQaUIE61z4PvYhCNLvDmn0F5WCw5FTcjAkhU63rOx4dSdaFGrRAWGSrrkWSwtO26lZiPfHjOwYy9N/xCM6Hb6MtDN/9yzrYQbVTP4bfryIwA0mi0FQ8qP8AiO+qqGHk3qgv7lWCwsd8lSLDNNq0mrSARgx2DuOxUa/OSzz8k2YgOq12W5aSuHLMSIaALMwKiF9UHParhyKYu2IxJ2MGQtQC/lB5pLf9R3SPgjFay3Hdg517nFGZmDacTVUaFM/ht+vIIOtRHwmWoJNRTUqFYrHLGP8AVd9VVpQI6StNhkhUe2hyhAPaCr4LSi6Xu91FpNCrnIsfeEJaI7mIxp4HJpK5WnuAHeqyspFiDtdEfNf8Iz/7Bc/Lvh9+IVWmoy2nXALNQqiEPmgS1UAy1iOoiQ/NsGtOlvIrM9EwMU9Bq858pxzNxsRXot8ArlY9iFcFWi+Kmfw2/Xkm5FzW0KvBIVCrysVH/Ed9coFoAgYFANILu7KEMhRDjR2pwVIt/fqyVCgTJvdZo7xyvmY7M5YdZhMOHiVzkQ5MVYb7V9MvmUE/fQcWqgGS04gBWZf80YLXmYmThDZerflmLZhaoEP9ShDgw2saNQCq80Vyc6mJqqAK/apj8Nv15XRR0ES1qwJCo5RTtefQDIclh7agq2zSh/TI+Tix2tiW6taTqy52ALW1qo42TsNy6QVkG044NbeUZmaFl7hZhw+yNpyOia8As468m9AUyUbpOWcnZgNGpqsw2mSlO0fWO/ZcxD0ji83uK7lo/nlqRVUtgeKLmkYhTAB9hvoOiugiQxF8Gu2hVmMwt5QQyHLQhGPLjR1jYpbynCnHy848uNcWm+5UnIJmpYe0NIIQ4rsxFOpytMcCO5UjQYcT7zV/y6D81SXhQ4X3G0V+Rsuzosx8ULr1V5+CLnPEKGMb0ZfyJBtDXMPuaP3Xnc48zMz236vBUCvvKvyX5LwrcR4aAsxKlwha3LQbecTt9FguijzdUXQKt7tSpGhkd/ICGQ8mXhsuAr9VR4qCjEEHzWMf8yFd8kYvk6KZ6VGoX/JZjynDdKRcNLBCLAite04EHLcs9FpU31VmAKe8V5vKMdNzJ9lurxQmPLMa1sgN6A/dBjGhoGAC0lQXDLctEfFXc4/5BZuFz0bYNSESccSNTRgho+lwXRR0EXQQWH5LnYZptGQIZDyZfw5B8+k25w/5jbnJ0z/DHlIxoeOadj+xXmf8SeT4kvEF1sN/RZ6SmYcVvulVVuZi1Psw24laZdIyvZHTd+yzcvDsjWdZWwLR/PkUCrHP9oXOPDG6mjWrEAGDB+ZQJYhorD0+C6KOgi6G2we5abKt2hDIUeRLfd5Wa8oycOM33hejN/w75SiQHj2C79U+Umwxgp69wv8A91nYj3R45xiRLyrltV+S/JaebLVzeiNbijC8nttu1vOCz80S9x2oaKw6nguijoLOQB8FmpkGE7vwVQa8mV/D5RKsA4mia3YOVohdt3yVmuciamhc+S1nYCGguj1fBdFHQREMmmxF7W2grLwQe/LK/hjlFQx72W7LWMfgtJwYzYrEu0w4fa1lVLanaUNFYdb6KOijWHftCJhEupqWbLTawooMBx6DQFjySof3sl+S064bVzd3vFWJVtt3a1LOTBMR3yXRWHX8F0VbbDv20WjUhUfUK8rHKVDHvZKBdpys3vfqaFamjZb2AgGsoFh9h4LoroKsElq5xhptVHFYq4qH4q9Y2QubbmoXaOJWi2rtbjisFh9jYLBdFF0KsJ+1uCtWDFhj2mKy4pt+FSs1Jw847bqCEWcOdibNQWH2ZgsFz0Cy7tsuKdEM1bhHVrQhwYYaP+9//8QALBABAAIBAwIGAgMBAQADAAAAAQARITFBUWFxECBAgZGhscEwUPDR4WCA8f/aAAgBAQABPyH/AO65oBUwrktpg0FXdxgZ/sdx65+hU3/tOuKpel61/YDCCsOrhH3IGpi3Siv7f7H6yf3n9j/WT+8/sf6yf3nps0AqYVyW0waCru4wM+q+sn956b3Hrn6FTf8AtOuKpel616m4dE+7D02MIKw6uEfcgamLdKK/t9VZ+mdM6/TH1k/vPVdt6YUJd/pj6yf3nqu1dMGoeXpj6yf3nqv66H33pj6yf3np/rcIblcQdx8ProffemLh0T7sPSbcC1VUfoljmd4vcdtU7wsx5DcVEgbXiVpTsMOEFGuP+Ul/aTS9MWfpnTOv0JdZYo6hfoI+scSPBbD9Mr6zLCHbjXL2muXxLMjLAqcGtcSmObphlIM+01qTyv0dt6YUJd/84rBHc+IxsM138ziBqpUM2jqu2Caxs6vtKlOh/BO+tH+DTSCqLwyr5YdZWK+FK6Lq9BaumDUPL+Qaie4kdfY5bvEqGgBo7y7p6qWFEI5xCcJ2FwN5J1hYgbq/M6YO7NWMdi3tKOvlkF2k9NDgS9S6Mp+rt5Rs/jiAyj/KfXQ++/hFIy1VgKd8H3GS31I6kxdwh4vG2TEFIzfGDtL7kavvHlaLE0bs2p3zinaf9un/ACibSnAEt4PbwvXTqocqE50PiXiPRleTrayk7oyShc6fxProffecCiunQNWPiHVNnUHaPN9bDFNVl+6LrmZkHaE6vlCsYsWjmbOHBNb35jgfqmiJ2R1qypUCBAgQIECBAgQIELMjhlJRdpqeYjJDlp2vPn+uh995wgvUVltmA3rQJv03jSLXWx2fuGBN1kAtCeXmvg1j8j2s+yZDIODeDxqVKgQIECBAgQIECBAgQIECW4vRlIqG2crkKAG67XnyfXQ++8xomsplVNY5p1Ny9gWMuCXPI6xeF1KvZqQdoq83fb3gzTwhhFn4K5mg5lW2Zt18LNIRzeYp3YyvCpUCBAgQIECBAgQIECBAgQJUDyW6pwwCxLZwoB7AhY2m10z6aH33mLjWefEpVMVj4aWwuoX59n/9IY96rRhSZzS3jSvUXL+ehoX2hoQ73/MvBucLGaE5omfOBcfUNrkCBAgQIECBAgQIECBKgSoHkxUACr3hswFnlj4gfVZJBphOSma7HPFdWPZYVNYZN0uCTLdlTLHJ5P8AWdURfEJUyM1mZYIV3TVwuaD8xA2M+5eKQ3yiNIPXyFjjeqKm8Z+yFoU1evh3lEsgQIECBAgQIECBBcMP/Gh/5Uq3So30TdqXhttrfeAnDzABCAg+CYavxEKbKRhvGzYEypVFrR+92ji1vmLU8nSQ/lBevAgQJZuUv/u0FCdwahpnxK57RmW1nBDLXDJ5GolWZ5U9GAdexIECBAgQL0m2V3h/8IXlB6GEkEWjgMqzbDlH4mQLWrWJFDCaitVhNUJbYBqsp2eL6IMY9Zy+0f3KqKcqOKQ1qf5HLyMDPwrX6jLE0ZhAgQJ/n8odYnaaa+Au0BLcZQw7LdL5D6ZTGItAYZQPzQQYka7Oo+SXSVlu/wCjCrm+HiBAjNC5uKbQQkgggggkJ7VlOhtde6EZCDQScJNghNSJAnGm8MS1jIKuoYeiEGxPnjG5WRYbqUk/yOXkKksFJGaIrqHDL2/MEBgjEECUWLBPvAoq44i1W+tcSzuaMu04k8WIBd4CV4lNElTymr/UrwGozUjrao4/Kj7bBekRz8IQoVGRnqqE9S59sAcvbzza9/pZCZE3IQQ3QBaszKPB+UzNoOg2Sb6ShDo3Y4KNa2sRPPWU77wTbsMAFCiHVXFdd5oJYafZP8jl5LUj8hLJ+QmPo3I4KkoyFOkf4/KaZGbxEVYtW0vVfDw8o0+HhTkJDJoOh1eCElJkY41trowwkhs8tjqalvECngvEdAavKiFVaNMQggmytx+JmLQwgZ1Jg0N2XdCmr0mCE2YvrxF5brdRX3TQzhSIIYHjdlKt88sdmvCKCmmyf5nLyJcGyQJsQqg+Iqo3kmHgS0SJzLk6n7ZvnlKZpQz+Lweb3jQ22iwFN/28Atp1O+iAFkIttSste5LWs65RCH7YY2IFnsS6bti1Nep0hBcQp5ZXlTZYRkC2wTHxmkY7DLl7G8ZOT0HoQj5XNPVmd05MNPt5RVWtspglQTVEdsJdg4mHIOt8soX5UGHaQdsQxofENwT2iHWVULs7qYgOrNwgw8QZ/F4fV7wYoAjqMPsNe/8A+JswuAC0aneC0fv1d9T3i+mzTL6MMPGRUDpvSX5hddv+dZSKutC+dZlWrhAerAEkYZlMd7DViDfWmmJsRz4ji5na5TtbRVRcPoLaaq9vA7HSXijBNQCJd8SzPEsu/Yhm7d9Yv52sP0g7ZhDj8Q1SHZJYiciKHQ9k5WbhBHxyMO0Mxn38Bh1TAUMKG2UvCYiJYzdAVOTy6GcpBBh1edOIMsi3L3294Qh7thIQRdjVESDIUJiAg63T9+5tKqQbXXdgwxUCggMnXTeLqjoHgC9DmFH7Svd5aRPoDdgvyGDTiyIL0WaO66Q2BBSv4tsgjZijGY5o9J0QQPwiEoesTnZmaE4s/H4XV7yvAlw+r8wIkmoTBTMHW9zX3l1C5VPgr/hLfvsqscrruYhBa3tTuakyHCWHPyE4CFr43dj6sUQamonK7xRfuMBpe7WdWGcBcoNcsowr0get21mIqX1UWWzfa/UzTLlXVmCkIBABp/LsEHbEBcITQ/ECm5Tj4l3YmTGbAudpnGfa8anzv9wIECE3yI2Y6Ls6kyZ9vHsD8MwNwPmCsQ61274OICqFwNfP6iqtTSex0nQ0nf02N8Q6qN1bGif9gDL69B2lmH4hCjNp9CnVCciCOEJoPiJaFbjDCNi71feAoQmoxBmbxDwq7aBAgeATthLS9JDN2jwvFGDjwLdPmFGnzK57kOmfwlyODCFjpo+8CuSukCYQfBNPSIdYZkQJsQqg+ILT8EfPvhrK2FqCprDCdZWm5BA8AhFUbaMVfjwqXbQthyyxCgtgftTqxQktBqy3Bbj4IQGJlyLDMHxDwQGj1CDD9IO2IZQ/Ew4bNQlZzuGZU/tkM3Cz2rACjALGBAgQwVo6JoXDgDiHAQWzroyCU1gxfvLRD3XHR2JWrB5RgOnrT9IO2YA4xiE95MRAgf3SUZMMowPD4rIpqU5uH+KiYOQjCK2f3w4gbBBSQsEANP6DZIE2YI4y0ofEQNONoaFe3JCxCKYx8w1Po36hWqiMLH5Y3m3D+AhZnOQpUXAUD/SNkmoCXuMvSqPSVZ2X6Ebe8B8kstHhm24pMrdz8hm4VCMQBUJtM2z+oQZsniQkwLxnk4JSq8XC5/g1hm0I2lV/WIYmV4gm0AP/AIJ//9oADAMBAAIAAwAAABDzzzzzzzzzzzzzzzzzzzzzzzzzzzzzzzzzzzzzzzzzzzzzzzzzzzzzzzzzzzzzzzzzzzzzzzzzzzzzzzzzzzzzzzzzzzzzzzzzzzzzzzzzzzzzzzzzzzzzzzzzzzzzzzzzzzzzzziTzzzzzzzzzzzzzzzzzzzzzzzxTzzzzzzzzzzzzzzzzzzzzzzzxTzzzzzzzzzzzTzzzzzzzzzzzzzzzzzzzzzzwjzzzzzzzzzzzyxzzzzzzzzzzyjzzzzzzzzzzzyhTzzzzzzzzzyzzzzzzzzzTRDDTzjzzzzzzzzzDzzzzzzjDSTQhCyRBjDzzzzzzDzzzQChRgCRDiSzBDCCBDzTzwDzzxwTTCjRxSBTzzzzzwARTTAjzyzgTwQBRywQhCAADDizji8AwzyzTChjTDTTyAQhTRwwQRmFEQzyhigTE5yTjCzjRGItTyGxDxSjyzyDxxTDAARTwznyKyQAzghCRTzyxjQDjSixhxe8zgTARiAQwRzzzzzxxQBAzS1tVRCAAgRjBTzzzzzzzzyzihjAqlyQAgCSBzzzzzzzzzzzzwyCTzuxyBhxzzzzzzzzzzzzzzzzzyxxjQwRzzzzzzzzzzzzzzzzzzzzxyzzzzzzzzzz/8QAJREAAQMDAgYDAAAAAAAAAAAAAQARITFAQVFhECAwUICBkaHB/9oACAEDAQE/EPIt+iFcmuayQ9j4UYa7kvGkDHuEBuZhv0bc5Sy66BQcI2JURYODgiotytx1yCqt8bCfsoeTBalUT25VOAuRcMm77//EACMRAAEDAwQCAwAAAAAAAAAAAAEAESExQFEwQVBhgaEggMH/2gAIAQIBAT8Q+xbaMqTWD6NdAefShiHcl4xA28wgZ6x+jr5mDZrgKBJHRUFAOx2ItyZ5VwVVujoT7QWWDkKJs24QCNw6J53/xAAtEAEAAgEEAQIFBQEAAwEAAAABABEhMUFRYXGBkRAgQKHBMLHR4fBQYHDxgP/aAAgBAQABPxD/APa9/wAfZ0Lt1dsK8Rp70cDdg4CZ/wCjxHv1bL1rPcUfAa7qeDl+a/6Bzc4RXaKGnbM1NfHpGu6FXD/6s8+fPnz5v+Ps6F26u2FeI096OBuwcBM/V+WV/TTxHv1bL1rPcUfAa7qeDl+a+pJaSZjov02c3OEV2ihp2zNTXx6RruhVw/VZz1KeR7p/+iefOR9SgufB6/6P58qDqmTcG1/8J/z5fv8Ayyv6eSzpoZ7IIPVgkfU+pfvyWkmY6L9JhB6xQerDxdAF8MCMExwlMva2ekeEeRputhV8q7aeGG4qDpkwbFsIsmzFVznsC6Y7/TZz1KeR7p/oRAUANViwFwFd4yV6y7B4yL7B+WGUpqwOKYg8W2Iz43YdKi9Qv2eYql1VtXea5dJV5Y1sD1L5RfgVxs8WGOojccpYIRrqDgfJBJSsRw9Po8j6lBc+D1+v7EPjt4GZXdFF9hqiBIuQy2Uyx+88onq5jFMWU+hqY9LmKl/45jBSb1g8GhA3Z50lXA5+IXC1lTHJ6ulr2hJt1CveQZragu3mEkfcX6BQdUybg2v6n5orJH7w5AsK19mQGUUUWuXv4qGXnaC94DILVg+8scHVTLt0iBzgOh50IkTrWKdGsD4hUzHhwmEX4zBP2MHpgh98G/4h+UXBP7/5g2/3P5hEU56ipg4aJTzMRHWWW8zLGYQft9O/flBm6YIOVWBGXaomOchVX5cEUm5G16QwRAAU4p7DSGX4mAvZVsMF+mYerHt+2avbSZXqdE0wawPeC5/hc+0u+PiiaAd31feOWo3P9I5KLfn7Q1ovV+8AUatLoimkerHRPiizh4CH9IQfX7c/+Ahs/sIfVXmBYRu5DSfhvo8wEz9UZPMGr3Fft9E/fsA3mgbTwERX0oqtbktmKiQowA4iFqe2YKZpWntLuGbGp8BFVUtdVi38NZ4lRt25YPcgKI5qHyy92TI+xAPeJSYszpHL82wg/VAAAAOCixclf2BqNeZdzMLZJRhl0J7Jrk/Wfv0klNKVIOtm0Zwh8NeV6nCnUCLCiJrgQsc42w485csxouHLswU8aI38Fv4l0TtzKYUW8omtKZXA+kolxopR7S3FF0EC4HtCCD9EAAHR+gAAHDXIsVP9oLZgC/och7Tbmsk9uv6b9+jAMDwFx0u8dOCCtQ8x0RKOB2Os0hMAC1WmMu5TFmVzoDLa9/MHckMZ7ujwIUhrVCe8ucksGfAuWrB30HvKBU0VD0XMjqAVFzW1VuEBCD9MAAAdHzgAEIwAIECGtDSxUJh+qFAdsWVLVfsU1jFnQz7DGLjZrnz7+pLUVq0KvsMre3HdbthiPC8shZUdOa0LXdTHquMCiZBYRwYcEbqroQfZrnMWaLd1/uJhbeGh/eYsg0pfmXeYKpPzQ8AV6Z4qpgWRlu98I/vBmRg/clocjxs1L2TZgHT5QDo+B0fOAAfAEKwAKIECssDTMUQTrGnrCAI0H64aENzOph9GJTrzdnmoaF8ylZwkDIG1KZNvQ03jRIFavZtldxEaV4h7wAII6J8jiNYERa7x8A+AYSgXWmJqcNiRK9ISomqzooB6ShZW5s/ptN2ABr5xOmJCn5HAFYxX6S2gcHA6EH0OEs+xFEoiWJ8Do/SAAAfo3pF6N6p0rylDJeRgtyCxZyrG18esW4E56u9UUydrdWX+ZW0VCSBh0PEHrFyRyXbQCCUgQAnR+ZuKKAHnRHbKct4yEB4KPkBq/s42suyBvBKJyQTBvGzmWkjaI6kMSwNxph9E94P9xreDVAfG/tGVsjrngZWw6/yvxBWgtYLtt4QSGqUC1pLW7DicR0RdJs/MADqgr1KPSjUK9CpS/ebmmHwQuJ1ToiCZqFAQ27Ky1f7vCKs1lntjwSppLhVauCmBF/ojIrEh7tFBHA2KFJycxDyNWWhTQg4rXpZDodGYuDpRm33q/LAyi37VOf7kqV4yzMm+sI5uWfAzEFhK4CCjbiKQImo/A7lFdWMAQ96+8MR7gjf4Y9tw1ezs29IFp6lnxMt8b4QR6uSBfVDK2icxmUgYcmaLwQZamxzRlcJOj4FgKmn6EhYB6MwuJ1zpnXOmdMsk0bAR3TSqzt/hLrmC2Sl8GxHaJIl4QwrYacGHunviClS6UtjlYjX68l9nG7GXOkChqosDVqajbT76HBAiEOCBLPkBhV1BhEpJnxcWhujqBHiOTBgAbe4aSblUsZmIrJnHIYI17TcX0SUy9C9di9wMMLoqzq41JNaT8DqZk3IchxvVNeYhEfeGrJUNPq/EdE1MBIrXm0Z4zVzTsxJwOgJgeLaGYOq9K3lBiP8AMwYEdQAy3SBOG2hXsYs7LgQMdn2QYckoH7tawk4WJYzrm7UR6JbAEJPQw38vxAvYDkgoiuCOhnAKi0tKwZ8BHrOEpGqu0A3FCRWLd44IHE3Gi8Pg8uYCIGACggQoBslZXmGiEDNQcDT935cGCNSAZejtMtyWmo3EHQbj8wcjDwLeWAhNxCwyhVYHkagqFy3vBZYIITUWgmOd4UQ3Lks3eXbFf/YZyQnE3J+KAGYz40g5hbNYjJ0m5EC5Nq/wvXwSMsBqJoymYztv4y/WdU64sKGT93RgviBExQaArYMVEBRvjiUtqOFsqIgYsBhtQ2nROiBGFHdu384GjQ5IYIoqUrAU1CLRC9Hg8PEYl63T4sHtiUJcnCAyujEJk1DF6EN3HTV4iVcA+RnKmVa3BWiDSLan88ZX8gAKSJgW4HIvqJSLuGKFaBTHSp8N1DKspMIy/wAmaA4Ep6yrYEo5MPMA1zKonMq9k0IaVcMwLyhigpRp2cMVsC0M9f5fARcwkgWh2uvWEHEdEnXFa/q6/PI9S0PFO+WMudl64VNGvkm8FjAnUqqXi4GAGydEtmesnSDqqUtVbWEmKC8QgAAascuDRsPLB/jfl2ByppS4KfZhN3MGSGVLDVXLCKUWuIP5mC6v08EeOTVWCFhjS4OXcN/SUXJVaUCGuDvGyiQHR/uhD8rUCLBLe0NEX1FdF3D9MWiUZXfMairbTtKpU1eR4dJVENHEJ0fgIB8hG0Z0lKm8D2mOn7Tah9noFiR2p4Oe05/ZCqCmUusKTBg+kq6mec1rlrGFEX7Tt2oyaOO6hXkB6JyJBYJgpR933hLVXeSvtjFAOq2DvU94jGJyq2s6ImnLoYV/BGsmLVKkVdx6EcUAFg5Zmd6ao3zLXjEMGm6SNzTPG8LLXBMnUNjj5d4+OA0GA8E0hmX03P8AEW0ug3ioMpZZVkEXltaBGUiX/bmDRiHJbtmDfHzoCkjARnmAWZ1F8dYu7VYUZW6lbCvyRarKoK/XaE0fch40zDLEn3UH7JrRGhOzKrzdDXEqZgARKRMJAMJR0BSiUm1TgOyOGBZl0Fn/ACKj0EvOB3FUGtghdWECtNBgPZAEFFYlzwmpOiBxAKFIxMlUl5ljgh4OiIkZK4fOiYhm41wBja84gOzFgGgBDLB1Dq/iKrvePLvA50gNlcjSJKOd3r/UtVQ4A8sY4VnWvzD/AH8oNMBHCEWR6O75jUiggdOCCA/RQdSDtjMJEX1M2l9QMDDY3GWr2tWLzs9Imemg+ruespo+7DpGpvD+hNCo+0Yb8qHCBWYkmvFL+7m5G8NTFK4524DUlDxNixCGC0pDUeXLtBdBht6Lym7ZHpAEvdDkdhjIQ4ARXnSLjhTOOHlj4MhS6poeNYG10DyCsp7l8p/irmYLN6jxxMrYq8wKyHEMrxtj+YfWsAIdva0X5OIuFlJ9LGVli+0jHlbJegqitOV3mHJA2gAAOobQ/VApg0dfUstl6lpC7i4X11DzognQ+Vovc1JQeKGjBgBozOjlAqBvCKImv3l8kFjRjwWlV+Ak7p2nDHq4EZjOpIoYEgkIDZndhmd4qZeaWQ9XB6JdMjXg8sylB9v8y3B4lmrXYgktPRr/AFLxRXAlaRZca+CHdPyS3i9I8RkBV6d0fA1svQNCK4kCCYiHEEAGPoSsI8ED1LPS+oluu4yky2xAACFM6dbfWWmCFgTpgOnVgoglHMepXA3fu/IAGxKpm+qUyeDC91qaJQvoVAvUxLNI2RpADLBlFHL8EGjy6rWWbpusB5Yjs3JdX8xwp4z6fBgI/YMpKdt4xAUogzArqGQSoAKCvpC6EdCLlnC+pdQu4QR7wV9m0LklQUTxvHSTpRHoyoBmCCY5b4oBsSqCIo3GPewbfa/xAvLCBYBa1oeWANs+0QG5dAIHrLld+TiByDL93dmiV7gXTaNHfVl2sakqqDBldQah9RqBEwluWIL6iMq7gmULTV4ma+fFdG+dGEBPNDoqanpRuGYvXnuVpN/GLPE9oqUiy/cEilwXxELbwHL5YAAAGxKaD1w34hMgc704izw1fv5XeOhLcoaXitoNArqBgGJpg+rQSkjARnmATL6jeMt7QzEugKesYqjgrMKKrUDBD/Vmdk9wUmj3CqxFS9RGaD+DCDC06uxBqUe29+ZQW1otvsaRVmRRqd/xBq6BQjYgrqGgSoBQ+vQdSFojMPEX1Fmy+oRdQCi5EKpbXvovq8RH3lhNme4Tlsd4Qi37oi2cOC1jkb1Lz5cwipsKAS4G47PlgCD2gKhjqBUB/wAQSmAUVfUK3XUEYAiNhiCiyDJ70+1RUtNBYbOqfePCKxwIxHbJV6Af3NWloPfgww6RqdG8NJiAFBCjGAEaYP8Aj6oQpwm1Iq6HtNMX1AvdYfUmpTg+y0U7wI41RD2XeUCwWXANB/zNSIzYjZGwCCYP/BP/2Q==","provType":"MONITORING","date":"2018-03-12T10:59:09.716Z"}},"communicationModules":[{"identifier":{"_current":{"value":"COMMS1_SN_CHD_DEV_2","provType":"MONITORING","date":"2018-03-12T10:59:09.517Z"}},"subscription":{"identifier":{"_current":{"value":"SUBT1_SN_CHD_DEV_2","provType":"MONITORING","date":"2018-03-12T10:59:09.504Z"}},"address":{"_current":{"value":{"type":"IPV4","value":"172.18.19.24","apn":"movistar.es"},"provType":"REFERENCE","date":"2018-03-12T10:59:09.414Z"}},"mobile":{"imsi":{"_current":{"value":"SUBT1_SN_CHD_DEV_2_IMSI","provType":"IDENTIFIER","date":"2018-03-12T10:59:09.42Z"}},"homeOperator":{"_current":{"value":"Telefónica Móviles España, SAU","provType":"MONITORING","date":"2018-03-12T10:59:09.496Z"}},"msisdn":{"_current":{"value":"MSISDN_FAKE","provType":"MONITORING","date":"2018-03-12T10:59:09.419Z"}},"registeredOperator":{"_current":{"value":"Telefónica Móviles España, SAU","provType":"MONITORING","date":"2018-03-12T10:59:09.416Z"}}},"specificType":{"_current":{"value":"MOBILE","provType":"MONITORING","date":"2018-03-12T10:59:09.411Z"}},"name":{"_current":{"value":"SUBT1_SN_CHD_DEV_2 name","provType":"MONITORING","date":"2018-03-12T10:59:09.506Z"}},"description":{"_current":{"value":"SUBT1_SN_CHD_DEV_2 desc","provType":"MONITORING","date":"2018-03-12T10:59:09.515Z"}},"administrativeState":{"_current":{"value":"ACTIVE","provType":"MONITORING","date":"2018-03-12T10:59:09.513Z"}}},"subscriber":{"identifier":{"_current":{"value":"SUBS1_SN_CHD_DEV_2","provType":"MONITORING","date":"2018-03-12T10:59:09.605Z"}},"serialNumber":{"_current":{"value":"SUBS1_SN_CHD_DEV_2ICC","provType":"IDENTIFIER","date":"2018-03-12T10:59:09.617Z"}},"model":{"_current":{"value":{"name":"TEST","version":"1.0","manufacturer":"sb-HD"},"provType":"MONITORING","date":"2018-03-12T10:59:09.6Z"}},"software":{"_current":{"value":{"name":"software","version":"1.0","type":"SOFTWARE"},"provType":"MONITORING","date":"2018-03-12T10:59:09.704Z"}},"administrativeState":{"_current":{"value":"ACTIVE","provType":"MONITORING","date":"2018-03-12T10:59:09.708Z"}},"specificType":{"_current":{"value":"GENERIC","provType":"MONITORING","date":"2018-03-12T10:59:09.621Z"}},"description":{"_current":{"value":"SUBS1_SN_CHD_DEV_2 desc","provType":"MONITORING","date":"2018-03-12T10:59:09.712Z"}},"name":{"_current":{"value":"SUBS1_SN_CHD_DEV_2 name","provType":"MONITORING","date":"2018-03-12T10:59:09.71Z"}}},"name":{"_current":{"value":"COMMS1_SN_CHD_DEV_2 name","provType":"MONITORING","date":"2018-03-12T10:59:09.522Z"}},"description":{"_current":{"value":"COMMS1_SN_CHD_DEV_2 desc","provType":"MONITORING","date":"2018-03-12T10:59:09.52Z"}}},{"identifier":{"_current":{"value":"COMMS2_SN_CHD_DEV_2","provType":"MONITORING","date":"2018-03-12T10:59:09.218Z"}},"subscription":{"identifier":{"_current":{"value":"SUBT2_SN_CHD_DEV_2","provType":"MONITORING","date":"2018-03-12T10:59:09.399Z"}},"address":{"_current":{"value":{"type":"IPV4","value":"172.18.19.24","apn":"movistar.es"},"provType":"REFERENCE","date":"2018-03-12T10:59:09.318Z"}},"mobile":{"imsi":{"_current":{"value":"SUBT2_SN_CHD_DEV_2_IMSI","provType":"IDENTIFIER","date":"2018-03-12T10:59:09.3Z"}},"msisdn":{"_current":{"value":"MSISDN_FAKE","provType":"MONITORING","date":"2018-03-12T10:59:09.309Z"}},"registeredOperator":{"_current":{"value":"Telefónica Móviles España, SAU","provType":"MONITORING","date":"2018-03-12T10:59:09.305Z"}},"homeOperator":{"_current":{"value":"Telefónica Móviles España, SAU","provType":"MONITORING","date":"2018-03-12T10:59:09.311Z"}}},"description":{"_current":{"value":"SUBT2_SN_CHD_DEV_2 desc","provType":"MONITORING","date":"2018-03-12T10:59:09.313Z"}},"name":{"_current":{"value":"SUBT2_SN_CHD_DEV_2 name","provType":"MONITORING","date":"2018-03-12T10:59:09.401Z"}},"specificType":{"_current":{"value":"MOBILE","provType":"MONITORING","date":"2018-03-12T10:59:09.298Z"}},"administrativeState":{"_current":{"value":"ACTIVE","provType":"MONITORING","date":"2018-03-12T10:59:09.322Z"}}},"subscriber":{"identifier":{"_current":{"value":"SUBS2_SN_CHD_DEV_2","provType":"MONITORING","date":"2018-03-12T10:59:09.126Z"}},"serialNumber":{"_current":{"value":"SUBS2_SN_CHD_DEV_2ICC","provType":"IDENTIFIER","date":"2018-03-12T10:59:09.215Z"}},"model":{"_current":{"value":{"name":"TEST","version":"1.0","manufacturer":"sb-HD"},"provType":"MONITORING","date":"2018-03-12T10:59:09.123Z"}},"software":{"_current":{"value":{"name":"software","version":"1.0","type":"SOFTWARE"},"provType":"MONITORING","date":"2018-03-12T10:59:09.208Z"}},"specificType":{"_current":{"value":"GENERIC","provType":"MONITORING","date":"2018-03-12T10:59:09.202Z"}},"description":{"_current":{"value":"SUBS2_SN_CHD_DEV_2 desc","provType":"MONITORING","date":"2018-03-12T10:59:09.198Z"}},"administrativeState":{"_current":{"value":"ACTIVE","provType":"MONITORING","date":"2018-03-12T10:59:09.213Z"}},"name":{"_current":{"value":"SUBS2_SN_CHD_DEV_2 name","provType":"MONITORING","date":"2018-03-12T10:59:09.118Z"}}},"description":{"_current":{"value":"COMMS2_SN_CHD_DEV_2 desc","provType":"MONITORING","date":"2018-03-12T10:59:09.22Z"}},"name":{"_current":{"value":"COMMS2_SN_CHD_DEV_2 name","provType":"MONITORING","date":"2018-03-12T10:59:09.115Z"}}}],"specificType":{"_current":{"value":"SENSOR","provType":"MONITORING","date":"2018-03-12T10:59:09.113Z"}},"name":{"_current":{"value":"CHD_DEV_2 name","provType":"MONITORING","date":"2018-03-12T10:59:09.718Z"}},"description":{"_current":{"value":"CHD_DEV_2 desc","provType":"MONITORING","date":"2018-03-12T10:59:09.806Z"}},"administrativeState":{"_current":{"value":"ACTIVE","provType":"MONITORING","date":"2018-03-12T10:59:09.804Z"}}},"administration":{"channel":{"_current":{"value":"default_channel","provType":"MONITORING","date":"2018-03-12T10:59:09.909Z"}},"serviceGroup":{"_current":{"value":"emptyServiceGroup","provType":"MONITORING","date":"2018-03-12T10:59:09.905Z"}},"plan":{"_current":{"value":"FLOW_RATE_100","provType":"MONITORING","date":"2018-03-12T10:59:09.897Z"}},"identifier":{"_current":{"value":"CHD_DEV_2","provType":"MONITORING","date":"2018-03-12T10:59:09.902Z"}},"organization":{"_current":{"value":"chemacorp","provType":"MONITORING","date":"2018-03-12T10:59:09.907Z"}}}}}]},"statusCode":200}
  [32m✔ Then response code should be: 200[39m
  [32m✔ Then does not throws an error[39m

  [36m@searching @searching_devices @select-fields[39m
  Scenario: Execute searching with a flattened response
  [32m✔ Given an apikey user by "require-real-apikey"[39m
  [32m✔ And an ogapi "devices search" util[39m
  [32m✔ When I build it with flattened response[39m
  [32m✔ And I execute it[39m
RESPONSE_: {"data":{"page":{"number":1},"devices":[{"provision.administration.channel":{"_value":{"_current":{"value":"default_channel","provType":"MONITORING","date":"2018-03-12T10:59:00.918Z"}}},"provision.administration.identifier":{"_value":{"_current":{"value":"CHD_DEV_1","provType":"MONITORING","date":"2018-03-12T10:59:00.912Z"}}},"provision.administration.organization":{"_value":{"_current":{"value":"chemacorp","provType":"MONITORING","date":"2018-03-12T10:59:00.916Z"}}},"provision.administration.plan":{"_value":{"_current":{"value":"FLOW_RATE_100","provType":"MONITORING","date":"2018-03-12T10:59:00.908Z"}}},"provision.administration.serviceGroup":{"_value":{"_current":{"value":"emptyServiceGroup","provType":"MONITORING","date":"2018-03-12T10:59:00.914Z"}}},"provision.device.administrativeState":{"_value":{"_current":{"value":"ACTIVE","provType":"MONITORING","date":"2018-03-12T10:59:00.21Z"}}},"provision.device.communicationModules[].description":[{"_index":{"path":"provision.device.communicationModules[].identifier","value":{"_current":{"value":"COMMS1_SN_CHD_DEV_1","provType":"MONITORING","date":"2018-03-12T10:59:00.618Z"}}},"_value":{"_current":{"value":"COMMS1_SN_CHD_DEV_1 desc","provType":"MONITORING","date":"2018-03-12T10:59:00.616Z"}}},{"_index":{"path":"provision.device.communicationModules[].identifier","value":{"_current":{"value":"COMMS2_SN_CHD_DEV_1","provType":"MONITORING","date":"2018-03-12T10:59:00.605Z"}}},"_value":{"_current":{"value":"COMMS2_SN_CHD_DEV_1 desc","provType":"MONITORING","date":"2018-03-12T10:59:00.527Z"}}}],"provision.device.communicationModules[].identifier":[{"_index":{"path":"provision.device.communicationModules[].identifier","value":{"_current":{"value":"COMMS1_SN_CHD_DEV_1","provType":"MONITORING","date":"2018-03-12T10:59:00.618Z"}}},"_value":{"_current":{"value":"COMMS1_SN_CHD_DEV_1","provType":"MONITORING","date":"2018-03-12T10:59:00.618Z"}}},{"_index":{"path":"provision.device.communicationModules[].identifier","value":{"_current":{"value":"COMMS2_SN_CHD_DEV_1","provType":"MONITORING","date":"2018-03-12T10:59:00.605Z"}}},"_value":{"_current":{"value":"COMMS2_SN_CHD_DEV_1","provType":"MONITORING","date":"2018-03-12T10:59:00.605Z"}}}],"provision.device.communicationModules[].name":[{"_index":{"path":"provision.device.communicationModules[].identifier","value":{"_current":{"value":"COMMS1_SN_CHD_DEV_1","provType":"MONITORING","date":"2018-03-12T10:59:00.618Z"}}},"_value":{"_current":{"value":"COMMS1_SN_CHD_DEV_1 name","provType":"MONITORING","date":"2018-03-12T10:59:00.614Z"}}},{"_index":{"path":"provision.device.communicationModules[].identifier","value":{"_current":{"value":"COMMS2_SN_CHD_DEV_1","provType":"MONITORING","date":"2018-03-12T10:59:00.605Z"}}},"_value":{"_current":{"value":"COMMS2_SN_CHD_DEV_1 name","provType":"MONITORING","date":"2018-03-12T10:59:00.529Z"}}}],"provision.device.communicationModules[].subscriber.administrativeState":[{"_index":{"path":"provision.device.communicationModules[].identifier","value":{"_current":{"value":"COMMS1_SN_CHD_DEV_1","provType":"MONITORING","date":"2018-03-12T10:59:00.618Z"}}},"_value":{"_current":{"value":"ACTIVE","provType":"MONITORING","date":"2018-03-12T10:59:00.818Z"}}},{"_index":{"path":"provision.device.communicationModules[].identifier","value":{"_current":{"value":"COMMS2_SN_CHD_DEV_1","provType":"MONITORING","date":"2018-03-12T10:59:00.605Z"}}},"_value":{"_current":{"value":"ACTIVE","provType":"MONITORING","date":"2018-03-12T10:59:00.416Z"}}}],"provision.device.communicationModules[].subscriber.description":[{"_index":{"path":"provision.device.communicationModules[].identifier","value":{"_current":{"value":"COMMS1_SN_CHD_DEV_1","provType":"MONITORING","date":"2018-03-12T10:59:00.618Z"}}},"_value":{"_current":{"value":"SUBS1_SN_CHD_DEV_1 desc","provType":"MONITORING","date":"2018-03-12T10:59:00.801Z"}}},{"_index":{"path":"provision.device.communicationModules[].identifier","value":{"_current":{"value":"COMMS2_SN_CHD_DEV_1","provType":"MONITORING","date":"2018-03-12T10:59:00.605Z"}}},"_value":{"_current":{"value":"SUBS2_SN_CHD_DEV_1 desc","provType":"MONITORING","date":"2018-03-12T10:59:00.297Z"}}}],"provision.device.communicationModules[].subscriber.identifier":[{"_index":{"path":"provision.device.communicationModules[].identifier","value":{"_current":{"value":"COMMS1_SN_CHD_DEV_1","provType":"MONITORING","date":"2018-03-12T10:59:00.618Z"}}},"_value":{"_current":{"value":"SUBS1_SN_CHD_DEV_1","provType":"MONITORING","date":"2018-03-12T10:59:00.723Z"}}},{"_index":{"path":"provision.device.communicationModules[].identifier","value":{"_current":{"value":"COMMS2_SN_CHD_DEV_1","provType":"MONITORING","date":"2018-03-12T10:59:00.605Z"}}},"_value":{"_current":{"value":"SUBS2_SN_CHD_DEV_1","provType":"MONITORING","date":"2018-03-12T10:59:00.323Z"}}}],"provision.device.communicationModules[].subscriber.model":[{"_index":{"path":"provision.device.communicationModules[].identifier","value":{"_current":{"value":"COMMS1_SN_CHD_DEV_1","provType":"MONITORING","date":"2018-03-12T10:59:00.618Z"}}},"_value":{"_current":{"value":{"name":"TEST","version":"1.0","manufacturer":"sb-HD"},"provType":"MONITORING","date":"2018-03-12T10:59:00.799Z"}}},{"_index":{"path":"provision.device.communicationModules[].identifier","value":{"_current":{"value":"COMMS2_SN_CHD_DEV_1","provType":"MONITORING","date":"2018-03-12T10:59:00.605Z"}}},"_value":{"_current":{"value":{"name":"TEST","version":"1.0","manufacturer":"sb-HD"},"provType":"MONITORING","date":"2018-03-12T10:59:00.227Z"}}}],"provision.device.communicationModules[].subscriber.name":[{"_index":{"path":"provision.device.communicationModules[].identifier","value":{"_current":{"value":"COMMS1_SN_CHD_DEV_1","provType":"MONITORING","date":"2018-03-12T10:59:00.618Z"}}},"_value":{"_current":{"value":"SUBS1_SN_CHD_DEV_1 name","provType":"MONITORING","date":"2018-03-12T10:59:00.803Z"}}},{"_index":{"path":"provision.device.communicationModules[].identifier","value":{"_current":{"value":"COMMS2_SN_CHD_DEV_1","provType":"MONITORING","date":"2018-03-12T10:59:00.605Z"}}},"_value":{"_current":{"value":"SUBS2_SN_CHD_DEV_1 name","provType":"MONITORING","date":"2018-03-12T10:59:00.222Z"}}}],"provision.device.communicationModules[].subscriber.serialNumber":[{"_index":{"path":"provision.device.communicationModules[].identifier","value":{"_current":{"value":"COMMS1_SN_CHD_DEV_1","provType":"MONITORING","date":"2018-03-12T10:59:00.618Z"}}},"_value":{"_current":{"value":"SUBS1_SN_CHD_DEV_1ICC","provType":"IDENTIFIER","date":"2018-03-12T10:59:00.805Z"}}},{"_index":{"path":"provision.device.communicationModules[].identifier","value":{"_current":{"value":"COMMS2_SN_CHD_DEV_1","provType":"MONITORING","date":"2018-03-12T10:59:00.605Z"}}},"_value":{"_current":{"value":"SUBS2_SN_CHD_DEV_1ICC","provType":"IDENTIFIER","date":"2018-03-12T10:59:00.22Z"}}}],"provision.device.communicationModules[].subscriber.software":[{"_index":{"path":"provision.device.communicationModules[].identifier","value":{"_current":{"value":"COMMS1_SN_CHD_DEV_1","provType":"MONITORING","date":"2018-03-12T10:59:00.618Z"}}},"_value":{"_current":{"value":{"name":"software","version":"1.0","type":"SOFTWARE"},"provType":"MONITORING","date":"2018-03-12T10:59:00.814Z"}}},{"_index":{"path":"provision.device.communicationModules[].identifier","value":{"_current":{"value":"COMMS2_SN_CHD_DEV_1","provType":"MONITORING","date":"2018-03-12T10:59:00.605Z"}}},"_value":{"_current":{"value":{"name":"software","version":"1.0","type":"SOFTWARE"},"provType":"MONITORING","date":"2018-03-12T10:59:00.412Z"}}}],"provision.device.communicationModules[].subscriber.specificType":[{"_index":{"path":"provision.device.communicationModules[].identifier","value":{"_current":{"value":"COMMS1_SN_CHD_DEV_1","provType":"MONITORING","date":"2018-03-12T10:59:00.618Z"}}},"_value":{"_current":{"value":"GENERIC","provType":"MONITORING","date":"2018-03-12T10:59:00.809Z"}}},{"_index":{"path":"provision.device.communicationModules[].identifier","value":{"_current":{"value":"COMMS2_SN_CHD_DEV_1","provType":"MONITORING","date":"2018-03-12T10:59:00.605Z"}}},"_value":{"_current":{"value":"GENERIC","provType":"MONITORING","date":"2018-03-12T10:59:00.327Z"}}}],"provision.device.communicationModules[].subscription.address":[{"_index":{"path":"provision.device.communicationModules[].identifier","value":{"_current":{"value":"COMMS1_SN_CHD_DEV_1","provType":"MONITORING","date":"2018-03-12T10:59:00.618Z"}}},"_value":{"_current":{"value":{"type":"IPV4","value":"172.18.19.24","apn":"movistar.es"},"provType":"REFERENCE","date":"2018-03-12T10:59:00.702Z"}}},{"_index":{"path":"provision.device.communicationModules[].identifier","value":{"_current":{"value":"COMMS2_SN_CHD_DEV_1","provType":"MONITORING","date":"2018-03-12T10:59:00.605Z"}}},"_value":{"_current":{"value":{"type":"IPV4","value":"172.18.19.24","apn":"movistar.es"},"provType":"REFERENCE","date":"2018-03-12T10:59:00.428Z"}}}],"provision.device.communicationModules[].subscription.administrativeState":[{"_index":{"path":"provision.device.communicationModules[].identifier","value":{"_current":{"value":"COMMS1_SN_CHD_DEV_1","provType":"MONITORING","date":"2018-03-12T10:59:00.618Z"}}},"_value":{"_current":{"value":"ACTIVE","provType":"MONITORING","date":"2018-03-12T10:59:00.708Z"}}},{"_index":{"path":"provision.device.communicationModules[].identifier","value":{"_current":{"value":"COMMS2_SN_CHD_DEV_1","provType":"MONITORING","date":"2018-03-12T10:59:00.605Z"}}},"_value":{"_current":{"value":"ACTIVE","provType":"MONITORING","date":"2018-03-12T10:59:00.431Z"}}}],"provision.device.communicationModules[].subscription.description":[{"_index":{"path":"provision.device.communicationModules[].identifier","value":{"_current":{"value":"COMMS1_SN_CHD_DEV_1","provType":"MONITORING","date":"2018-03-12T10:59:00.618Z"}}},"_value":{"_current":{"value":"SUBT1_SN_CHD_DEV_1 desc","provType":"MONITORING","date":"2018-03-12T10:59:00.704Z"}}},{"_index":{"path":"provision.device.communicationModules[].identifier","value":{"_current":{"value":"COMMS2_SN_CHD_DEV_1","provType":"MONITORING","date":"2018-03-12T10:59:00.605Z"}}},"_value":{"_current":{"value":"SUBT2_SN_CHD_DEV_1 desc","provType":"MONITORING","date":"2018-03-12T10:59:00.422Z"}}}],"provision.device.communicationModules[].subscription.identifier":[{"_index":{"path":"provision.device.communicationModules[].identifier","value":{"_current":{"value":"COMMS1_SN_CHD_DEV_1","provType":"MONITORING","date":"2018-03-12T10:59:00.618Z"}}},"_value":{"_current":{"value":"SUBT1_SN_CHD_DEV_1","provType":"MONITORING","date":"2018-03-12T10:59:00.72Z"}}},{"_index":{"path":"provision.device.communicationModules[].identifier","value":{"_current":{"value":"COMMS2_SN_CHD_DEV_1","provType":"MONITORING","date":"2018-03-12T10:59:00.605Z"}}},"_value":{"_current":{"value":"SUBT2_SN_CHD_DEV_1","provType":"MONITORING","date":"2018-03-12T10:59:00.523Z"}}}],"provision.device.communicationModules[].subscription.mobile.homeOperator":[{"_index":{"path":"provision.device.communicationModules[].identifier","value":{"_current":{"value":"COMMS1_SN_CHD_DEV_1","provType":"MONITORING","date":"2018-03-12T10:59:00.618Z"}}},"_value":{"_current":{"value":"Telefónica Móviles España, SAU","provType":"MONITORING","date":"2018-03-12T10:59:00.717Z"}}},{"_index":{"path":"provision.device.communicationModules[].identifier","value":{"_current":{"value":"COMMS2_SN_CHD_DEV_1","provType":"MONITORING","date":"2018-03-12T10:59:00.605Z"}}},"_value":{"_current":{"value":"Telefónica Móviles España, SAU","provType":"MONITORING","date":"2018-03-12T10:59:00.511Z"}}}],"provision.device.communicationModules[].subscription.mobile.imsi":[{"_index":{"path":"provision.device.communicationModules[].identifier","value":{"_current":{"value":"COMMS1_SN_CHD_DEV_1","provType":"MONITORING","date":"2018-03-12T10:59:00.618Z"}}},"_value":{"_current":{"value":"SUBT1_SN_CHD_DEV_1_IMSI","provType":"IDENTIFIER","date":"2018-03-12T10:59:00.71Z"}}},{"_index":{"path":"provision.device.communicationModules[].identifier","value":{"_current":{"value":"COMMS2_SN_CHD_DEV_1","provType":"MONITORING","date":"2018-03-12T10:59:00.605Z"}}},"_value":{"_current":{"value":"SUBT2_SN_CHD_DEV_1_IMSI","provType":"IDENTIFIER","date":"2018-03-12T10:59:00.505Z"}}}],"provision.device.communicationModules[].subscription.mobile.msisdn":[{"_index":{"path":"provision.device.communicationModules[].identifier","value":{"_current":{"value":"COMMS1_SN_CHD_DEV_1","provType":"MONITORING","date":"2018-03-12T10:59:00.618Z"}}},"_value":{"_current":{"value":"MSISDN_FAKE","provType":"MONITORING","date":"2018-03-12T10:59:00.715Z"}}},{"_index":{"path":"provision.device.communicationModules[].identifier","value":{"_current":{"value":"COMMS2_SN_CHD_DEV_1","provType":"MONITORING","date":"2018-03-12T10:59:00.605Z"}}},"_value":{"_current":{"value":"MSISDN_FAKE","provType":"MONITORING","date":"2018-03-12T10:59:00.51Z"}}}],"provision.device.communicationModules[].subscription.mobile.registeredOperator":[{"_index":{"path":"provision.device.communicationModules[].identifier","value":{"_current":{"value":"COMMS1_SN_CHD_DEV_1","provType":"MONITORING","date":"2018-03-12T10:59:00.618Z"}}},"_value":{"_current":{"value":"Telefónica Móviles España, SAU","provType":"MONITORING","date":"2018-03-12T10:59:00.712Z"}}},{"_index":{"path":"provision.device.communicationModules[].identifier","value":{"_current":{"value":"COMMS2_SN_CHD_DEV_1","provType":"MONITORING","date":"2018-03-12T10:59:00.605Z"}}},"_value":{"_current":{"value":"Telefónica Móviles España, SAU","provType":"MONITORING","date":"2018-03-12T10:59:00.507Z"}}}],"provision.device.communicationModules[].subscription.name":[{"_index":{"path":"provision.device.communicationModules[].identifier","value":{"_current":{"value":"COMMS1_SN_CHD_DEV_1","provType":"MONITORING","date":"2018-03-12T10:59:00.618Z"}}},"_value":{"_current":{"value":"SUBT1_SN_CHD_DEV_1 name","provType":"MONITORING","date":"2018-03-12T10:59:00.627Z"}}},{"_index":{"path":"provision.device.communicationModules[].identifier","value":{"_current":{"value":"COMMS2_SN_CHD_DEV_1","provType":"MONITORING","date":"2018-03-12T10:59:00.605Z"}}},"_value":{"_current":{"value":"SUBT2_SN_CHD_DEV_1 name","provType":"MONITORING","date":"2018-03-12T10:59:00.525Z"}}}],"provision.device.communicationModules[].subscription.specificType":[{"_index":{"path":"provision.device.communicationModules[].identifier","value":{"_current":{"value":"COMMS1_SN_CHD_DEV_1","provType":"MONITORING","date":"2018-03-12T10:59:00.618Z"}}},"_value":{"_current":{"value":"MOBILE","provType":"MONITORING","date":"2018-03-12T10:59:00.625Z"}}},{"_index":{"path":"provision.device.communicationModules[].identifier","value":{"_current":{"value":"COMMS2_SN_CHD_DEV_1","provType":"MONITORING","date":"2018-03-12T10:59:00.605Z"}}},"_value":{"_current":{"value":"MOBILE","provType":"MONITORING","date":"2018-03-12T10:59:00.421Z"}}}],"provision.device.description":{"_value":{"_current":{"value":"CHD_DEV_1 desc","provType":"MONITORING","date":"2018-03-12T10:59:00.02Z"}}},"provision.device.identifier":{"_value":{"_current":{"value":"CHD_DEV_1","provType":"MONITORING","date":"2018-03-12T10:59:00.018Z"}}},"provision.device.image":{"_value":{"_current":{"value":"data:image/jpeg;base64,/9j/4AAQSkZJRgABAQEASABIAAD/2wBDAAMCAgICAgMCAgIDAwMDBAYEBAQEBAgGBgUGCQgKCgkICQkKDA8MCgsOCwkJDRENDg8QEBEQCgwSExIQEw8QEBD/2wBDAQMDAwQDBAgEBAgQCwkLEBAQEBAQEBAQEBAQEBAQEBAQEBAQEBAQEBAQEBAQEBAQEBAQEBAQEBAQEBAQEBAQEBD/wgARCAGQAZADASIAAhEBAxEB/8QAHAABAAEFAQEAAAAAAAAAAAAAAAYCAwQFBwgB/8QAGQEBAQEBAQEAAAAAAAAAAAAAAAEEBQMG/9oADAMBAAIQAxAAAAH1SAAAAAAAAAAAAAAAAAAAAAAAAAAAAAAAAAAAAAAAAAAAAAAAAAAAAAAAAAAAAAAAAAAAAAAAAAAAAAAAAAAAAAAAAAAAAAAAAAAAAAAAAAAAAAAQUnTlnUwAAAAAAAAAAAAAAAAAAAAAAB499hcLPP8A7z8s+pwAAAAAAAAAAAAAAAAAAAAAABxjs/GCG+mfM3pkAAAAAAAAAAAAAAAAAAAAAAAcY7PxghvpnzN6ZAAAAAAAAAAILpuIQ096Pn0AAAAAAAAAAAcX7Rw8h/qDyh6vAAAAAAAAAAOFwzoENPTIAAAAAAAAAAAHBO9+eiC+v/GnssAAAAAAAAAA4xDZlDT0yAAAAAAAAAAAxcgq87+iPO5zz2X409lgAAAAAAAAAHGIbMYOeoAAAAAAAACOkio4tGTsUIs/DS5mrHQYFb+kQ9fefJedURmRFwAAAAAAAAHD4BNOdnr8AAAAAxjJc7gh2vm0KlxDL0/05sMeK2i/Y+gfQ+Wy79xfhmZun+nQJZxX6ejr3neVHXkRk5fAAAAAB565z0Pnh7LAAAWeQnYo7yvVkxjGNcN5fitJINPjgUFX3BpM3GtCtjWjM+4X0zWJUZCzUXftuouV2qi9ma+om0v45UeicrzrJjsiEykzQAAed+edD54eywACg1XmjsUFOMTKYRElX3kW5OhsS2Z9nVVl/wCY+MbDFs1D79+ipUPv36KlQqVCpUKlQqVCpUKlQvW6iRyvmX07xm8A3p2JBpWcF550Lnp7LAA0W9hxz+J7jTi5R9M+DSy2cJwZNgkU10u1hocuzryVb7mw7fLvMV49SVcH6cSyr5WPv2o+VqhUqFSo+Vfaj5V9rKaqvp8+tQbjTwLZFGv6zLU4bt+1Xl5Rn9RjR0rZeV+wHSAIXNI0cY11usrqVC9brOJ4tVmS9XifLdjYx7ho470W4cpdB1xD7/Tpscz7VgcrO4VYWeKlwpqyskwsjKrLN25WU11VlP1AjM18t6ERST7PKTVZu3xS7HoZzMkfPZTG1k3ZY9ITpgGv2GKeWYz6P42WNvzbKOj1x3eHE95o8PJi2+FizPNmiFMljWvZ9y8XJ06usdR5b1oh3NumcHKIbpcAnfoHyJ6tNzmXKyzYt0cnjZv3X53N5mwu67bd/wCipXYhp1aybWuhlvMyc1Me7qOZLPOUauRGhkt60cz6RqOhFOxw8w6WADH00h+HKuZendUePa/R/NDgX2QQ4233X5hd+qinKsZJ1XrHKOsEN4j27hxroROxyvvPLOunWbnEpeSrXynI5PGj1O9zsHP12bXV3/o9doc/pXt7XNzTEyRwKB4xTn7S6U3KPh9fai5MYVYOg67mPWTo/wBt3AAAC3rdsOfc29D4B4rg/ufnZ5dzptADYZWg251/rPJetkL4f3Hh5rqvn0v+ivN/oQmUBmtaed913aODL4x8XtVWu25ur8IgBJIxuNiWshSV0qj5V9zjHytTBTf6WV9YIn0rMyh9AAAAACnDzhEIB23FPIHP/ccFOQ9n5ptjM4j1HkJR9ouD0T539HpvqlYqfbLuBm2l88ZG7kUun3qs+vn0VLpbyrkeN/BLPQSCdclcgMDZ1gAAAAAAAAD5YyBHoV1W0eaeSe3IgeLc/uHKDD9L+TfRZ0arXbFPtfyuxh5uGvIJNo97L9fLh8rvVlWLqss0e9nkxI5Lsu4fPoAAAAAAAAAAAALdwamK9AoPPMK9Wxs89TLfQw6JteKSNOm4WDfrl0hjcnl+5ON8LNyZyki0s22WWb/0AAAAAAAAAAAAAAAAKahiavf/AAgsO7PjnnDXelomcAnuz6eQ2Z7PKMXMrAAAAAAAAAAAAAAAAAAAAAHyi4LFdwfPoAAAAAAAAf/EADMQAAAGAQIDBwMDBAMAAAAAAAABAgMEBQYHERIgQBATFCEzNTYwMVAiIzQVFiQyJWCA/9oACAEBAAEFAv8A2vkeWwMdFBn8C5lfkM677+54fe+LL7fj9UYcfwem0KPKvPyGqPs+l3vH5DVH2fS73j8hqj7Ppd7x0uR5bAx0UGfwLmV1OqPs+l3vHS51339zw+98WX26jVI9qbStW930uqMOP4PTaFHlXnU6sq4aTSNfFfdLqj7Ppd7x1OsSuGh0aXxZB0uqPs+l3vHU61Hw4/op55D0uqPs+l3vHU62fH9E/kHS6o+z6Xe8dMqVHQojJRDWz4/on8g6XVI9qbStW930alpQU7KqiEHr62tDdNaXI9nNjCNlbpDUwzyWi0dhSoeRdLqyrhpNI18V90Nhf1NYU3PX3h3V9cqi4/FhplWLaS5I8t+K5FymQgRsgr5AQ424XRaxK4aHRpfFkH1plnAgJn6gRkCTb5JcnDxd102qqurkv3SEE6+8+r6DMuSwcbJ5bYjZFBfDbzTxfX1qPhx/RTzyH6b0liMmdmtbHEvIshsw1jsqUqNjkZgjk1UISL19YccW6rl3IgbrZDxDY8QO+WO8dHG8ON4Mzpsc4uVTWxFyaA+Gn2Xi+prZ8f0T+QfQUpKCl38CMJeSWb5/0+RYON19XEH9ThMBy6lqDkh57lUtCQclI45Ch3bpju2SG8ch3yCHiFDv1jvXB3ix3ix3ix3ix3qw1NkMnGyiY0IuTwXgzKjvl9HWz4/on8g5nnm47SNRqyxXIs5kobmCVsDfdMuVS0oBydxwvrHAwgeIQkG+4Y3Uf123nWji5FPYEbKIrgZmRpBc2tnx/RP5BzWDzRtZBp5WLUdhlGOHXZPV2IIyPlW8hsd4+6O6bSDkJSFOrV0yFrQca9nxxGydlYYmRpJdutnx/RP5ByrUSEyZRmcmWtS0yCUVjh9LZhcLLMbOuzKDINMuMtK58NseNS+CciNhUviG+/VoWtBsX82KImVRXwzOiyBrZ8f0T+QctxJ8PElu/oPzMEoyCJJkLmprrE/6LHSTlXGQFsIbCuJI8VJSG7eyaDWTW7QYzR8hHy2sdJiVGkp6WXbwYQfyOY+fg7OebNRJjhqfaxTkzWb2LiNRWYxaMWMORy5Me0SSrdPITBLOSg/EqhpUF1CFB2jfDkCW0DIy5G3nWVQcqsoorMjgWAL6mw4THCobH2TrWJAJ+0s7Q4GNOunCxtpsM1sdsigtLCaSMoHWwIyZ1hEbTIyRht7EpUp7kyo9oLp7p5EHsJjn+Z3w70E6OMjDkZh8n6VJh+HIj8iGXViqyGfVqiymJjXMTajBMgmkgkkNhsNgeySnW5rOJjpTFwscjMEiGlsEgw2wZhLaWymXjLRXGTNsOWq5ckY/WoiNYp/L7chY8RVFJTsSiPlm/wAwm1nyEowTg4ScD1D4g/7anoVDxYzEXHmGhLpq2QwTkzFp0OWzOY7CSZhLIJBENhsNhsNhsFrQ0iXMfsnKujJIYjIaIiCGjMJZISJbEYry8XHbORcXQebg49DpYL1jMXHSxFxT+X2yT/Re18qBJZsjI2JyFhLiVdsvymtLQ4U8myCIr6yNCkH2MH+5UElYZiRlNWMZpgSromzlZAJtr4lOK3CoE0ghkEnYKUhtKHnXh/nDvloCTSothsDMklLku2b9VUJbJtskklBmEMhx1mOmbbfplZKqYqNUGayIW/HOsqCEllub6GK/y+15HEVnWd8VpjZ8TkaXENixUkR7BKg26lQm/wAzsiymHEWbkdTfYx6lOIx/t3J+VsymSqXGfjrBHseOySn1Ow2Bd3xOSX3jSkwk1EGPJ7YbC2lKdXT1ZJJtrhJDI4UNlJtCSLTJY7LhRrO0NlhphBIGxBFeXiYMc0osEmljFf5fItolCRXIcE7H0OCxxjYPQZcQ2LBbZvSCVJJRGC7duxj1KcR/TuvtMP8AdcaQ8idXrjGMBsYqIJeY2EiI5uhbe5GgG82RxIjjJ7CY/wCGj1MFT7saJwJQ0RCROZji2vmIyXJ1xcqhVsSCRJMxuSR9+xpXAqBIjqFwlPg8YcLxpHvzKbJQfgoWJtE24LHGBY4xIZUtD8ZSHwlZHyMepTiP6d19pvqgyJRWFWbYoNOo17jLxZpiKqnNKqwCFJWSiQ4PCV4bNLJfcbCW0ubKrK1MZt15mMmdb7IlZFKnLj1DSXSLcbJSDMz7NuwyMg682wkrJ+xXQxERUI+3OaCMPQ0LEykbcFli6FlY4m40bzEqIaHwlwj7GP8AemEf07r7TfV7CMYo4TVAbhLFzg1BdB6hzPFFVWfQZCmH2JLew2GxivgtRkyLTYrTJmmXTr5VmtCENp4dhvyNtLcPdiOLG9QhTFdOtXaqiJoo0YmyLy+kaSMOxULEunbcKxxlKys8RNByIUyEaHxGdI10xiP6d1/rN9Xtxv2YEEuGQtsZo70pGC5HQLg567Dcg2UCyaLyFvfRq9t561vCiQo8Jsi3G+3IRGoyZQ0J9szGbclWFsqpxokiDUoaJthKC+qaSMOR0qEqpbcFhjaFi0w8t11s2C5RyBEeI27kyNM31e3Hi2p+QlGQn1tbatXWFpqnqmzzKS3CqmYp/ceRD79m3YhgzJclthMu7W6qBQvy3a2iQ2TENDZEki6HbcLYSoSaxtwT8dQsP0j8JcS1Q2LaTumU+Rukoj7aIv8AiOV0+Fu6dWtxtPAjlQ2pw/2mROt22j8NPtV1eOpQIlahokNknpdgppKhIrkOCdj6HBPx95BWVLOZWTq0GiQRglkYpPaeWX6MlHHP7dgRGYJpKBJmoaQt6ZOOvx/zhVCGw1HSgiLbqVNkYfgoWJtE24LfEW3im41LiBK3Urp7MmojMttwEZHyS/Rf/TOGxn2IaMwbyGyXLceVGplurh1CSDENKAlBF1poIw9DQsTKRtwWGLoM3a6ZENiyeYOHdkYYnNuBKiPsmei952ASk1H+20H5fmzVyZZxKpKCjwUpCGiT+BNJGHYqViVUNuCZjqFCRjzrZ8U+CcO8EexacEtxJsKPexLYLeS2liJMniFTMxwzCIg2wSQRbfhDIjC2EqDsBCg9VIMTMUjuiRWW9YHLxRN10k5Nk33slcHHkINuMQQwRAkkX4k0EYUwRhUYhZ4rV2aYGAohSo0BmMhLQJH43YcI4ASf+i//xAAkEQABAwIGAgMAAAAAAAAAAAABAgMEABEFBhMhIjESQCBwgP/aAAgBAwEBPwH9KEgd+zLhiUBvan1vYcwkNjyqHIVJa1FC3znYuiKrTSLmhmNYPJFRJSJjQdR683B25StRJsaRlvfmumGERmw2319Qf//EACMRAAICAQMEAwEAAAAAAAAAAAECAwQABRESISIxQAYgcID/2gAIAQIBAT8B/pQkDz7NqqLIHXbJ3loQqIxyypObEXNht97mqpWbgo3ODX3B7lyrZW3GJU9e5pKWW5qdjifH+ve+QQpXQRp4/IP/xABIEAABAgMDBwcJBgQEBwAAAAABAAIDBBESITEQEyJBUXTCICMyQFJhcQUUMDNCYoGhsVByc5HB0QYkY4IVQ2ThNDVTYICSk//aAAgBAQAGPwL/AM12w4rHRo77xDadXehJRpd0rFf0KuqHfH7Rm873Wfu0UHMeszjbPjX7RlZ8Q+fzuate7QlPiR4doy8HOM7nVH2jK7zwlTW7cQ+0ZXeeEqa3biH2jK7zwlTW7cQ6s2HFY6NHfeIbTq70JKNLulYr+hV1Q749ald54SprduIdWm873Wfu0UHMeszjbPjXrUrvPCVNj/S8Q6tKz4h8/nc1a92hKfEjw7Rl4OcZ3OqOtSu88JU5uvG3q0rvPCVNbtxDrUpvXA5Tu6cberSu88JU1u3EOtSW98DlPbnxt6tK7zwlTW7cQ61Jb5wOU7ufG3q0rvPCVNbtxDq9h8dgdsqqg1ySW+cDlO7nxt6tK7zwlTY/0vEOqWnuAHeizP52J2Yd6pAYZeF3YogvJOs1XNx3KkzCDu8KWg+TGF8WFMZxzO6yVPNmYDoZ801j329Wld54SpzdeNvUv5qcYD2ReUYfkmS/vifsqzk1ELT7OAWdmXAeKzMk2y3tcnOwX2XYVVJhger32D3qsN4d4dTlN64HKd3Tjb6e3NzTIfiUYfkyWdHd2jcFZfGMJh9mHcrcap8VajuaFYkYVPeKtRYhcfQ1hRXBUjARAqPObPerUKIHeHUJLe+Byntz42+ktx4zGD3irEo10y/3cEWQP5aGexis5Mve87XFWotAqNo8+6rMu0Qh81aiPLj38q8rpLWrmFXQivVr1a9WqwiWqkeFbCpErDPeqwojXeB9LJb5wOU7ufG30NpxoFc4xXbGKzKtZBbtOKtzUy6KfFc7FbXuX8vLV8VRllngFzkVzvjyb3LRBK0WUWnFWk+qubVXQ10RkxXSXSXSWOSsN5CpFFsKkWsMqsKK13x9FJb5wOU7ufG3lvjxnWWMFpx2BPheSogdZ1uuK5yMaZMKqzbu2DlaRoqQ2Fy0n2VpGpWgxbFefT1hxC1Ue7ODvVI7CwqsKM08uS3zgcp3c+NvLdLPAdbFHA7EZnyLGMnGxs10f9lY8pSxmIA9sfug0Rs3E7L7ldybytAWRtVqK6p71SG1Xnq1WOIVM5bHeqTEOz3hVgxWnkSW+cDlO7nxt5RedQqnRCcVirMQAg7UYkFvmsXtQ8PyVqE7z2WGy+5ZqcaZaJ72CtNjsIPetKYZ+a0IzGt8VXOtJ8VoEBXnrdWOIWnFq33lzgp3tNVzUZpUlvnA5Tu58beVSnrNHk3ouiy4D+224ojzmKKE6166J+a0Y7/zV0Z35rRmYn/sVoTsX8168P8AvBfzEq133Sudtwj3hW4EZrx3Hq3OxgXdlt5VmRl7A2lVmYr3dytQnOae5aWmmyPlaXe+G02gHaio3lCAYliPBzVk6rwf0XNxh8eTCP8AU/TlxmVuER31XrHL1zh8FVkVrlpQT8FeORahRHMPcVSK4Rm+9igy3movZd6bArArDJzr6v1NGKzcEZqH3K1EBK0mroBdBVMNWntY0d6LIDG07RXm0jWYj9liiw5lxqGh1Ca0PIhn+p+nLj/iO+vIvWlDa5VgPp3Fc4z48jQaUIE61z4PvYhCNLvDmn0F5WCw5FTcjAkhU63rOx4dSdaFGrRAWGSrrkWSwtO26lZiPfHjOwYy9N/xCM6Hb6MtDN/9yzrYQbVTP4bfryIwA0mi0FQ8qP8AiO+qqGHk3qgv7lWCwsd8lSLDNNq0mrSARgx2DuOxUa/OSzz8k2YgOq12W5aSuHLMSIaALMwKiF9UHParhyKYu2IxJ2MGQtQC/lB5pLf9R3SPgjFay3Hdg517nFGZmDacTVUaFM/ht+vIIOtRHwmWoJNRTUqFYrHLGP8AVd9VVpQI6StNhkhUe2hyhAPaCr4LSi6Xu91FpNCrnIsfeEJaI7mIxp4HJpK5WnuAHeqyspFiDtdEfNf8Iz/7Bc/Lvh9+IVWmoy2nXALNQqiEPmgS1UAy1iOoiQ/NsGtOlvIrM9EwMU9Bq858pxzNxsRXot8ArlY9iFcFWi+Kmfw2/Xkm5FzW0KvBIVCrysVH/Ed9coFoAgYFANILu7KEMhRDjR2pwVIt/fqyVCgTJvdZo7xyvmY7M5YdZhMOHiVzkQ5MVYb7V9MvmUE/fQcWqgGS04gBWZf80YLXmYmThDZerflmLZhaoEP9ShDgw2saNQCq80Vyc6mJqqAK/apj8Nv15XRR0ES1qwJCo5RTtefQDIclh7agq2zSh/TI+Tix2tiW6taTqy52ALW1qo42TsNy6QVkG044NbeUZmaFl7hZhw+yNpyOia8As468m9AUyUbpOWcnZgNGpqsw2mSlO0fWO/ZcxD0ji83uK7lo/nlqRVUtgeKLmkYhTAB9hvoOiugiQxF8Gu2hVmMwt5QQyHLQhGPLjR1jYpbynCnHy848uNcWm+5UnIJmpYe0NIIQ4rsxFOpytMcCO5UjQYcT7zV/y6D81SXhQ4X3G0V+Rsuzosx8ULr1V5+CLnPEKGMb0ZfyJBtDXMPuaP3Xnc48zMz236vBUCvvKvyX5LwrcR4aAsxKlwha3LQbecTt9FguijzdUXQKt7tSpGhkd/ICGQ8mXhsuAr9VR4qCjEEHzWMf8yFd8kYvk6KZ6VGoX/JZjynDdKRcNLBCLAite04EHLcs9FpU31VmAKe8V5vKMdNzJ9lurxQmPLMa1sgN6A/dBjGhoGAC0lQXDLctEfFXc4/5BZuFz0bYNSESccSNTRgho+lwXRR0EXQQWH5LnYZptGQIZDyZfw5B8+k25w/5jbnJ0z/DHlIxoeOadj+xXmf8SeT4kvEF1sN/RZ6SmYcVvulVVuZi1Psw24laZdIyvZHTd+yzcvDsjWdZWwLR/PkUCrHP9oXOPDG6mjWrEAGDB+ZQJYhorD0+C6KOgi6G2we5abKt2hDIUeRLfd5Wa8oycOM33hejN/w75SiQHj2C79U+Umwxgp69wv8A91nYj3R45xiRLyrltV+S/JaebLVzeiNbijC8nttu1vOCz80S9x2oaKw6nguijoLOQB8FmpkGE7vwVQa8mV/D5RKsA4mia3YOVohdt3yVmuciamhc+S1nYCGguj1fBdFHQREMmmxF7W2grLwQe/LK/hjlFQx72W7LWMfgtJwYzYrEu0w4fa1lVLanaUNFYdb6KOijWHftCJhEupqWbLTawooMBx6DQFjySof3sl+S064bVzd3vFWJVtt3a1LOTBMR3yXRWHX8F0VbbDv20WjUhUfUK8rHKVDHvZKBdpys3vfqaFamjZb2AgGsoFh9h4LoroKsElq5xhptVHFYq4qH4q9Y2QubbmoXaOJWi2rtbjisFh9jYLBdFF0KsJ+1uCtWDFhj2mKy4pt+FSs1Jw847bqCEWcOdibNQWH2ZgsFz0Cy7tsuKdEM1bhHVrQhwYYaP+9//8QALBABAAIBAwIGAgMBAQADAAAAAQARITFBUWFxECBAgZGhscEwUPDR4WCA8f/aAAgBAQABPyH/AO65oBUwrktpg0FXdxgZ/sdx65+hU3/tOuKpel61/YDCCsOrhH3IGpi3Siv7f7H6yf3n9j/WT+8/sf6yf3nps0AqYVyW0waCru4wM+q+sn956b3Hrn6FTf8AtOuKpel616m4dE+7D02MIKw6uEfcgamLdKK/t9VZ+mdM6/TH1k/vPVdt6YUJd/pj6yf3nqu1dMGoeXpj6yf3nqv66H33pj6yf3np/rcIblcQdx8ProffemLh0T7sPSbcC1VUfoljmd4vcdtU7wsx5DcVEgbXiVpTsMOEFGuP+Ul/aTS9MWfpnTOv0JdZYo6hfoI+scSPBbD9Mr6zLCHbjXL2muXxLMjLAqcGtcSmObphlIM+01qTyv0dt6YUJd/84rBHc+IxsM138ziBqpUM2jqu2Caxs6vtKlOh/BO+tH+DTSCqLwyr5YdZWK+FK6Lq9BaumDUPL+Qaie4kdfY5bvEqGgBo7y7p6qWFEI5xCcJ2FwN5J1hYgbq/M6YO7NWMdi3tKOvlkF2k9NDgS9S6Mp+rt5Rs/jiAyj/KfXQ++/hFIy1VgKd8H3GS31I6kxdwh4vG2TEFIzfGDtL7kavvHlaLE0bs2p3zinaf9un/ACibSnAEt4PbwvXTqocqE50PiXiPRleTrayk7oyShc6fxProffecCiunQNWPiHVNnUHaPN9bDFNVl+6LrmZkHaE6vlCsYsWjmbOHBNb35jgfqmiJ2R1qypUCBAgQIECBAgQIELMjhlJRdpqeYjJDlp2vPn+uh995wgvUVltmA3rQJv03jSLXWx2fuGBN1kAtCeXmvg1j8j2s+yZDIODeDxqVKgQIECBAgQIECBAgQIECW4vRlIqG2crkKAG67XnyfXQ++8xomsplVNY5p1Ny9gWMuCXPI6xeF1KvZqQdoq83fb3gzTwhhFn4K5mg5lW2Zt18LNIRzeYp3YyvCpUCBAgQIECBAgQIECBAgQJUDyW6pwwCxLZwoB7AhY2m10z6aH33mLjWefEpVMVj4aWwuoX59n/9IY96rRhSZzS3jSvUXL+ehoX2hoQ73/MvBucLGaE5omfOBcfUNrkCBAgQIECBAgQIECBKgSoHkxUACr3hswFnlj4gfVZJBphOSma7HPFdWPZYVNYZN0uCTLdlTLHJ5P8AWdURfEJUyM1mZYIV3TVwuaD8xA2M+5eKQ3yiNIPXyFjjeqKm8Z+yFoU1evh3lEsgQIECBAgQIECBBcMP/Gh/5Uq3So30TdqXhttrfeAnDzABCAg+CYavxEKbKRhvGzYEypVFrR+92ji1vmLU8nSQ/lBevAgQJZuUv/u0FCdwahpnxK57RmW1nBDLXDJ5GolWZ5U9GAdexIECBAgQL0m2V3h/8IXlB6GEkEWjgMqzbDlH4mQLWrWJFDCaitVhNUJbYBqsp2eL6IMY9Zy+0f3KqKcqOKQ1qf5HLyMDPwrX6jLE0ZhAgQJ/n8odYnaaa+Au0BLcZQw7LdL5D6ZTGItAYZQPzQQYka7Oo+SXSVlu/wCjCrm+HiBAjNC5uKbQQkgggggkJ7VlOhtde6EZCDQScJNghNSJAnGm8MS1jIKuoYeiEGxPnjG5WRYbqUk/yOXkKksFJGaIrqHDL2/MEBgjEECUWLBPvAoq44i1W+tcSzuaMu04k8WIBd4CV4lNElTymr/UrwGozUjrao4/Kj7bBekRz8IQoVGRnqqE9S59sAcvbzza9/pZCZE3IQQ3QBaszKPB+UzNoOg2Sb6ShDo3Y4KNa2sRPPWU77wTbsMAFCiHVXFdd5oJYafZP8jl5LUj8hLJ+QmPo3I4KkoyFOkf4/KaZGbxEVYtW0vVfDw8o0+HhTkJDJoOh1eCElJkY41trowwkhs8tjqalvECngvEdAavKiFVaNMQggmytx+JmLQwgZ1Jg0N2XdCmr0mCE2YvrxF5brdRX3TQzhSIIYHjdlKt88sdmvCKCmmyf5nLyJcGyQJsQqg+Iqo3kmHgS0SJzLk6n7ZvnlKZpQz+Lweb3jQ22iwFN/28Atp1O+iAFkIttSste5LWs65RCH7YY2IFnsS6bti1Nep0hBcQp5ZXlTZYRkC2wTHxmkY7DLl7G8ZOT0HoQj5XNPVmd05MNPt5RVWtspglQTVEdsJdg4mHIOt8soX5UGHaQdsQxofENwT2iHWVULs7qYgOrNwgw8QZ/F4fV7wYoAjqMPsNe/8A+JswuAC0aneC0fv1d9T3i+mzTL6MMPGRUDpvSX5hddv+dZSKutC+dZlWrhAerAEkYZlMd7DViDfWmmJsRz4ji5na5TtbRVRcPoLaaq9vA7HSXijBNQCJd8SzPEsu/Yhm7d9Yv52sP0g7ZhDj8Q1SHZJYiciKHQ9k5WbhBHxyMO0Mxn38Bh1TAUMKG2UvCYiJYzdAVOTy6GcpBBh1edOIMsi3L3294Qh7thIQRdjVESDIUJiAg63T9+5tKqQbXXdgwxUCggMnXTeLqjoHgC9DmFH7Svd5aRPoDdgvyGDTiyIL0WaO66Q2BBSv4tsgjZijGY5o9J0QQPwiEoesTnZmaE4s/H4XV7yvAlw+r8wIkmoTBTMHW9zX3l1C5VPgr/hLfvsqscrruYhBa3tTuakyHCWHPyE4CFr43dj6sUQamonK7xRfuMBpe7WdWGcBcoNcsowr0get21mIqX1UWWzfa/UzTLlXVmCkIBABp/LsEHbEBcITQ/ECm5Tj4l3YmTGbAudpnGfa8anzv9wIECE3yI2Y6Ls6kyZ9vHsD8MwNwPmCsQ61274OICqFwNfP6iqtTSex0nQ0nf02N8Q6qN1bGif9gDL69B2lmH4hCjNp9CnVCciCOEJoPiJaFbjDCNi71feAoQmoxBmbxDwq7aBAgeATthLS9JDN2jwvFGDjwLdPmFGnzK57kOmfwlyODCFjpo+8CuSukCYQfBNPSIdYZkQJsQqg+ILT8EfPvhrK2FqCprDCdZWm5BA8AhFUbaMVfjwqXbQthyyxCgtgftTqxQktBqy3Bbj4IQGJlyLDMHxDwQGj1CDD9IO2IZQ/Ew4bNQlZzuGZU/tkM3Cz2rACjALGBAgQwVo6JoXDgDiHAQWzroyCU1gxfvLRD3XHR2JWrB5RgOnrT9IO2YA4xiE95MRAgf3SUZMMowPD4rIpqU5uH+KiYOQjCK2f3w4gbBBSQsEANP6DZIE2YI4y0ofEQNONoaFe3JCxCKYx8w1Po36hWqiMLH5Y3m3D+AhZnOQpUXAUD/SNkmoCXuMvSqPSVZ2X6Ebe8B8kstHhm24pMrdz8hm4VCMQBUJtM2z+oQZsniQkwLxnk4JSq8XC5/g1hm0I2lV/WIYmV4gm0AP/AIJ//9oADAMBAAIAAwAAABDzzzzzzzzzzzzzzzzzzzzzzzzzzzzzzzzzzzzzzzzzzzzzzzzzzzzzzzzzzzzzzzzzzzzzzzzzzzzzzzzzzzzzzzzzzzzzzzzzzzzzzzzzzzzzzzzzzzzzzzzzzzzzzzzzzzzzzziTzzzzzzzzzzzzzzzzzzzzzzzxTzzzzzzzzzzzzzzzzzzzzzzzxTzzzzzzzzzzzTzzzzzzzzzzzzzzzzzzzzzzwjzzzzzzzzzzzyxzzzzzzzzzzyjzzzzzzzzzzzyhTzzzzzzzzzyzzzzzzzzzTRDDTzjzzzzzzzzzDzzzzzzjDSTQhCyRBjDzzzzzzDzzzQChRgCRDiSzBDCCBDzTzwDzzxwTTCjRxSBTzzzzzwARTTAjzyzgTwQBRywQhCAADDizji8AwzyzTChjTDTTyAQhTRwwQRmFEQzyhigTE5yTjCzjRGItTyGxDxSjyzyDxxTDAARTwznyKyQAzghCRTzyxjQDjSixhxe8zgTARiAQwRzzzzzxxQBAzS1tVRCAAgRjBTzzzzzzzzyzihjAqlyQAgCSBzzzzzzzzzzzzwyCTzuxyBhxzzzzzzzzzzzzzzzzzyxxjQwRzzzzzzzzzzzzzzzzzzzzxyzzzzzzzzzz/8QAJREAAQMDAgYDAAAAAAAAAAAAAQARITFAQVFhECAwUICBkaHB/9oACAEDAQE/EPIt+iFcmuayQ9j4UYa7kvGkDHuEBuZhv0bc5Sy66BQcI2JURYODgiotytx1yCqt8bCfsoeTBalUT25VOAuRcMm77//EACMRAAEDAwQCAwAAAAAAAAAAAAEAESExQFEwQVBhgaEggMH/2gAIAQIBAT8Q+xbaMqTWD6NdAefShiHcl4xA28wgZ6x+jr5mDZrgKBJHRUFAOx2ItyZ5VwVVujoT7QWWDkKJs24QCNw6J53/xAAtEAEAAgEEAQIFBQEAAwEAAAABABEhMUFRYXGBkRAgQKHBMLHR4fBQYHDxgP/aAAgBAQABPxD/APa9/wAfZ0Lt1dsK8Rp70cDdg4CZ/wCjxHv1bL1rPcUfAa7qeDl+a/6Bzc4RXaKGnbM1NfHpGu6FXD/6s8+fPnz5v+Ps6F26u2FeI096OBuwcBM/V+WV/TTxHv1bL1rPcUfAa7qeDl+a+pJaSZjov02c3OEV2ihp2zNTXx6RruhVw/VZz1KeR7p/+iefOR9SgufB6/6P58qDqmTcG1/8J/z5fv8Ayyv6eSzpoZ7IIPVgkfU+pfvyWkmY6L9JhB6xQerDxdAF8MCMExwlMva2ekeEeRputhV8q7aeGG4qDpkwbFsIsmzFVznsC6Y7/TZz1KeR7p/oRAUANViwFwFd4yV6y7B4yL7B+WGUpqwOKYg8W2Iz43YdKi9Qv2eYql1VtXea5dJV5Y1sD1L5RfgVxs8WGOojccpYIRrqDgfJBJSsRw9Po8j6lBc+D1+v7EPjt4GZXdFF9hqiBIuQy2Uyx+88onq5jFMWU+hqY9LmKl/45jBSb1g8GhA3Z50lXA5+IXC1lTHJ6ulr2hJt1CveQZragu3mEkfcX6BQdUybg2v6n5orJH7w5AsK19mQGUUUWuXv4qGXnaC94DILVg+8scHVTLt0iBzgOh50IkTrWKdGsD4hUzHhwmEX4zBP2MHpgh98G/4h+UXBP7/5g2/3P5hEU56ipg4aJTzMRHWWW8zLGYQft9O/flBm6YIOVWBGXaomOchVX5cEUm5G16QwRAAU4p7DSGX4mAvZVsMF+mYerHt+2avbSZXqdE0wawPeC5/hc+0u+PiiaAd31feOWo3P9I5KLfn7Q1ovV+8AUatLoimkerHRPiizh4CH9IQfX7c/+Ahs/sIfVXmBYRu5DSfhvo8wEz9UZPMGr3Fft9E/fsA3mgbTwERX0oqtbktmKiQowA4iFqe2YKZpWntLuGbGp8BFVUtdVi38NZ4lRt25YPcgKI5qHyy92TI+xAPeJSYszpHL82wg/VAAAAOCixclf2BqNeZdzMLZJRhl0J7Jrk/Wfv0klNKVIOtm0Zwh8NeV6nCnUCLCiJrgQsc42w485csxouHLswU8aI38Fv4l0TtzKYUW8omtKZXA+kolxopR7S3FF0EC4HtCCD9EAAHR+gAAHDXIsVP9oLZgC/och7Tbmsk9uv6b9+jAMDwFx0u8dOCCtQ8x0RKOB2Os0hMAC1WmMu5TFmVzoDLa9/MHckMZ7ujwIUhrVCe8ucksGfAuWrB30HvKBU0VD0XMjqAVFzW1VuEBCD9MAAAdHzgAEIwAIECGtDSxUJh+qFAdsWVLVfsU1jFnQz7DGLjZrnz7+pLUVq0KvsMre3HdbthiPC8shZUdOa0LXdTHquMCiZBYRwYcEbqroQfZrnMWaLd1/uJhbeGh/eYsg0pfmXeYKpPzQ8AV6Z4qpgWRlu98I/vBmRg/clocjxs1L2TZgHT5QDo+B0fOAAfAEKwAKIECssDTMUQTrGnrCAI0H64aENzOph9GJTrzdnmoaF8ylZwkDIG1KZNvQ03jRIFavZtldxEaV4h7wAII6J8jiNYERa7x8A+AYSgXWmJqcNiRK9ISomqzooB6ShZW5s/ptN2ABr5xOmJCn5HAFYxX6S2gcHA6EH0OEs+xFEoiWJ8Do/SAAAfo3pF6N6p0rylDJeRgtyCxZyrG18esW4E56u9UUydrdWX+ZW0VCSBh0PEHrFyRyXbQCCUgQAnR+ZuKKAHnRHbKct4yEB4KPkBq/s42suyBvBKJyQTBvGzmWkjaI6kMSwNxph9E94P9xreDVAfG/tGVsjrngZWw6/yvxBWgtYLtt4QSGqUC1pLW7DicR0RdJs/MADqgr1KPSjUK9CpS/ebmmHwQuJ1ToiCZqFAQ27Ky1f7vCKs1lntjwSppLhVauCmBF/ojIrEh7tFBHA2KFJycxDyNWWhTQg4rXpZDodGYuDpRm33q/LAyi37VOf7kqV4yzMm+sI5uWfAzEFhK4CCjbiKQImo/A7lFdWMAQ96+8MR7gjf4Y9tw1ezs29IFp6lnxMt8b4QR6uSBfVDK2icxmUgYcmaLwQZamxzRlcJOj4FgKmn6EhYB6MwuJ1zpnXOmdMsk0bAR3TSqzt/hLrmC2Sl8GxHaJIl4QwrYacGHunviClS6UtjlYjX68l9nG7GXOkChqosDVqajbT76HBAiEOCBLPkBhV1BhEpJnxcWhujqBHiOTBgAbe4aSblUsZmIrJnHIYI17TcX0SUy9C9di9wMMLoqzq41JNaT8DqZk3IchxvVNeYhEfeGrJUNPq/EdE1MBIrXm0Z4zVzTsxJwOgJgeLaGYOq9K3lBiP8AMwYEdQAy3SBOG2hXsYs7LgQMdn2QYckoH7tawk4WJYzrm7UR6JbAEJPQw38vxAvYDkgoiuCOhnAKi0tKwZ8BHrOEpGqu0A3FCRWLd44IHE3Gi8Pg8uYCIGACggQoBslZXmGiEDNQcDT935cGCNSAZejtMtyWmo3EHQbj8wcjDwLeWAhNxCwyhVYHkagqFy3vBZYIITUWgmOd4UQ3Lks3eXbFf/YZyQnE3J+KAGYz40g5hbNYjJ0m5EC5Nq/wvXwSMsBqJoymYztv4y/WdU64sKGT93RgviBExQaArYMVEBRvjiUtqOFsqIgYsBhtQ2nROiBGFHdu384GjQ5IYIoqUrAU1CLRC9Hg8PEYl63T4sHtiUJcnCAyujEJk1DF6EN3HTV4iVcA+RnKmVa3BWiDSLan88ZX8gAKSJgW4HIvqJSLuGKFaBTHSp8N1DKspMIy/wAmaA4Ep6yrYEo5MPMA1zKonMq9k0IaVcMwLyhigpRp2cMVsC0M9f5fARcwkgWh2uvWEHEdEnXFa/q6/PI9S0PFO+WMudl64VNGvkm8FjAnUqqXi4GAGydEtmesnSDqqUtVbWEmKC8QgAAascuDRsPLB/jfl2ByppS4KfZhN3MGSGVLDVXLCKUWuIP5mC6v08EeOTVWCFhjS4OXcN/SUXJVaUCGuDvGyiQHR/uhD8rUCLBLe0NEX1FdF3D9MWiUZXfMairbTtKpU1eR4dJVENHEJ0fgIB8hG0Z0lKm8D2mOn7Tah9noFiR2p4Oe05/ZCqCmUusKTBg+kq6mec1rlrGFEX7Tt2oyaOO6hXkB6JyJBYJgpR933hLVXeSvtjFAOq2DvU94jGJyq2s6ImnLoYV/BGsmLVKkVdx6EcUAFg5Zmd6ao3zLXjEMGm6SNzTPG8LLXBMnUNjj5d4+OA0GA8E0hmX03P8AEW0ug3ioMpZZVkEXltaBGUiX/bmDRiHJbtmDfHzoCkjARnmAWZ1F8dYu7VYUZW6lbCvyRarKoK/XaE0fch40zDLEn3UH7JrRGhOzKrzdDXEqZgARKRMJAMJR0BSiUm1TgOyOGBZl0Fn/ACKj0EvOB3FUGtghdWECtNBgPZAEFFYlzwmpOiBxAKFIxMlUl5ljgh4OiIkZK4fOiYhm41wBja84gOzFgGgBDLB1Dq/iKrvePLvA50gNlcjSJKOd3r/UtVQ4A8sY4VnWvzD/AH8oNMBHCEWR6O75jUiggdOCCA/RQdSDtjMJEX1M2l9QMDDY3GWr2tWLzs9Imemg+ruespo+7DpGpvD+hNCo+0Yb8qHCBWYkmvFL+7m5G8NTFK4524DUlDxNixCGC0pDUeXLtBdBht6Lym7ZHpAEvdDkdhjIQ4ARXnSLjhTOOHlj4MhS6poeNYG10DyCsp7l8p/irmYLN6jxxMrYq8wKyHEMrxtj+YfWsAIdva0X5OIuFlJ9LGVli+0jHlbJegqitOV3mHJA2gAAOobQ/VApg0dfUstl6lpC7i4X11DzognQ+Vovc1JQeKGjBgBozOjlAqBvCKImv3l8kFjRjwWlV+Ak7p2nDHq4EZjOpIoYEgkIDZndhmd4qZeaWQ9XB6JdMjXg8sylB9v8y3B4lmrXYgktPRr/AFLxRXAlaRZca+CHdPyS3i9I8RkBV6d0fA1svQNCK4kCCYiHEEAGPoSsI8ED1LPS+oluu4yky2xAACFM6dbfWWmCFgTpgOnVgoglHMepXA3fu/IAGxKpm+qUyeDC91qaJQvoVAvUxLNI2RpADLBlFHL8EGjy6rWWbpusB5Yjs3JdX8xwp4z6fBgI/YMpKdt4xAUogzArqGQSoAKCvpC6EdCLlnC+pdQu4QR7wV9m0LklQUTxvHSTpRHoyoBmCCY5b4oBsSqCIo3GPewbfa/xAvLCBYBa1oeWANs+0QG5dAIHrLld+TiByDL93dmiV7gXTaNHfVl2sakqqDBldQah9RqBEwluWIL6iMq7gmULTV4ma+fFdG+dGEBPNDoqanpRuGYvXnuVpN/GLPE9oqUiy/cEilwXxELbwHL5YAAAGxKaD1w34hMgc704izw1fv5XeOhLcoaXitoNArqBgGJpg+rQSkjARnmATL6jeMt7QzEugKesYqjgrMKKrUDBD/Vmdk9wUmj3CqxFS9RGaD+DCDC06uxBqUe29+ZQW1otvsaRVmRRqd/xBq6BQjYgrqGgSoBQ+vQdSFojMPEX1Fmy+oRdQCi5EKpbXvovq8RH3lhNme4Tlsd4Qi37oi2cOC1jkb1Lz5cwipsKAS4G47PlgCD2gKhjqBUB/wAQSmAUVfUK3XUEYAiNhiCiyDJ70+1RUtNBYbOqfePCKxwIxHbJV6Af3NWloPfgww6RqdG8NJiAFBCjGAEaYP8Aj6oQpwm1Iq6HtNMX1AvdYfUmpTg+y0U7wI41RD2XeUCwWXANB/zNSIzYjZGwCCYP/BP/2Q==","provType":"MONITORING","date":"2018-03-12T10:59:00.125Z"}}},"provision.device.location":{"_value":{"_current":{"value":{"position":{"type":"Point","coordinates":[39.62467550256621,3.1096776465796636]},"postal":"28033","source":"GPS"},"provType":"MONITORING","date":"2018-03-12T10:59:00.099Z"}}},"provision.device.model":{"_value":{"_current":{"value":{"name":"OpenGate","version":"1.0","manufacturer":"OpenGate"},"provType":"MONITORING","date":"2018-03-12T10:59:00.905Z"}}},"provision.device.name":{"_value":{"_current":{"value":"CHD_DEV_1 name","provType":"MONITORING","date":"2018-03-12T10:59:00.82Z"}}},"provision.device.specificType":{"_value":{"_current":{"value":"SENSOR","provType":"MONITORING","date":"2018-03-12T10:59:00.122Z"}}},"resourceType":{"_value":{"_current":{"value":"entity.device","provType":"IDENTIFIER","date":"2018-03-12T10:59:01.011Z"}}}},{"provision.administration.channel":{"_value":{"_current":{"value":"default_channel","provType":"MONITORING","date":"2018-03-12T11:00:01.207Z"}}},"provision.administration.identifier":{"_value":{"_current":{"value":"CHD_DEV_10","provType":"MONITORING","date":"2018-03-12T11:00:01.21Z"}}},"provision.administration.organization":{"_value":{"_current":{"value":"chemacorp","provType":"MONITORING","date":"2018-03-12T11:00:01.206Z"}}},"provision.administration.plan":{"_value":{"_current":{"value":"FLOW_RATE_100","provType":"MONITORING","date":"2018-03-12T11:00:01.203Z"}}},"provision.administration.serviceGroup":{"_value":{"_current":{"value":"emptyServiceGroup","provType":"MONITORING","date":"2018-03-12T11:00:01.204Z"}}},"provision.device.administrativeState":{"_value":{"_current":{"value":"ACTIVE","provType":"MONITORING","date":"2018-03-12T11:00:01.603Z"}}},"provision.device.communicationModules[].description":[{"_index":{"path":"provision.device.communicationModules[].identifier","value":{"_current":{"value":"COMMS1_SN_CHD_DEV_10","provType":"MONITORING","date":"2018-03-12T11:00:01.411Z"}}},"_value":{"_current":{"value":"COMMS1_SN_CHD_DEV_10 desc","provType":"MONITORING","date":"2018-03-12T11:00:01.596Z"}}},{"_index":{"path":"provision.device.communicationModules[].identifier","value":{"_current":{"value":"COMMS2_SN_CHD_DEV_10","provType":"MONITORING","date":"2018-03-12T11:00:01.409Z"}}},"_value":{"_current":{"value":"COMMS2_SN_CHD_DEV_10 desc","provType":"MONITORING","date":"2018-03-12T11:00:01.309Z"}}}],"provision.device.communicationModules[].identifier":[{"_index":{"path":"provision.device.communicationModules[].identifier","value":{"_current":{"value":"COMMS1_SN_CHD_DEV_10","provType":"MONITORING","date":"2018-03-12T11:00:01.411Z"}}},"_value":{"_current":{"value":"COMMS1_SN_CHD_DEV_10","provType":"MONITORING","date":"2018-03-12T11:00:01.411Z"}}},{"_index":{"path":"provision.device.communicationModules[].identifier","value":{"_current":{"value":"COMMS2_SN_CHD_DEV_10","provType":"MONITORING","date":"2018-03-12T11:00:01.409Z"}}},"_value":{"_current":{"value":"COMMS2_SN_CHD_DEV_10","provType":"MONITORING","date":"2018-03-12T11:00:01.409Z"}}}],"provision.device.communicationModules[].name":[{"_index":{"path":"provision.device.communicationModules[].identifier","value":{"_current":{"value":"COMMS1_SN_CHD_DEV_10","provType":"MONITORING","date":"2018-03-12T11:00:01.411Z"}}},"_value":{"_current":{"value":"COMMS1_SN_CHD_DEV_10 name","provType":"MONITORING","date":"2018-03-12T11:00:01.412Z"}}},{"_index":{"path":"provision.device.communicationModules[].identifier","value":{"_current":{"value":"COMMS2_SN_CHD_DEV_10","provType":"MONITORING","date":"2018-03-12T11:00:01.409Z"}}},"_value":{"_current":{"value":"COMMS2_SN_CHD_DEV_10 name","provType":"MONITORING","date":"2018-03-12T11:00:01.311Z"}}}],"provision.device.communicationModules[].subscriber.administrativeState":[{"_index":{"path":"provision.device.communicationModules[].identifier","value":{"_current":{"value":"COMMS1_SN_CHD_DEV_10","provType":"MONITORING","date":"2018-03-12T11:00:01.411Z"}}},"_value":{"_current":{"value":"ACTIVE","provType":"MONITORING","date":"2018-03-12T11:00:01.503Z"}}},{"_index":{"path":"provision.device.communicationModules[].identifier","value":{"_current":{"value":"COMMS2_SN_CHD_DEV_10","provType":"MONITORING","date":"2018-03-12T11:00:01.409Z"}}},"_value":{"_current":{"value":"ACTIVE","provType":"MONITORING","date":"2018-03-12T11:00:01.308Z"}}}],"provision.device.communicationModules[].subscriber.description":[{"_index":{"path":"provision.device.communicationModules[].identifier","value":{"_current":{"value":"COMMS1_SN_CHD_DEV_10","provType":"MONITORING","date":"2018-03-12T11:00:01.411Z"}}},"_value":{"_current":{"value":"SUBS1_SN_CHD_DEV_10 desc","provType":"MONITORING","date":"2018-03-12T11:00:01.42Z"}}},{"_index":{"path":"provision.device.communicationModules[].identifier","value":{"_current":{"value":"COMMS2_SN_CHD_DEV_10","provType":"MONITORING","date":"2018-03-12T11:00:01.409Z"}}},"_value":{"_current":{"value":"SUBS2_SN_CHD_DEV_10 desc","provType":"MONITORING","date":"2018-03-12T11:00:01.297Z"}}}],"provision.device.communicationModules[].subscriber.identifier":[{"_index":{"path":"provision.device.communicationModules[].identifier","value":{"_current":{"value":"COMMS1_SN_CHD_DEV_10","provType":"MONITORING","date":"2018-03-12T11:00:01.411Z"}}},"_value":{"_current":{"value":"SUBS1_SN_CHD_DEV_10","provType":"MONITORING","date":"2018-03-12T11:00:01.423Z"}}},{"_index":{"path":"provision.device.communicationModules[].identifier","value":{"_current":{"value":"COMMS2_SN_CHD_DEV_10","provType":"MONITORING","date":"2018-03-12T11:00:01.409Z"}}},"_value":{"_current":{"value":"SUBS2_SN_CHD_DEV_10","provType":"MONITORING","date":"2018-03-12T11:00:01.219Z"}}}],"provision.device.communicationModules[].subscriber.model":[{"_index":{"path":"provision.device.communicationModules[].identifier","value":{"_current":{"value":"COMMS1_SN_CHD_DEV_10","provType":"MONITORING","date":"2018-03-12T11:00:01.411Z"}}},"_value":{"_current":{"value":{"name":"TEST","version":"1.0","manufacturer":"sb-HD"},"provType":"MONITORING","date":"2018-03-12T11:00:01.417Z"}}},{"_index":{"path":"provision.device.communicationModules[].identifier","value":{"_current":{"value":"COMMS2_SN_CHD_DEV_10","provType":"MONITORING","date":"2018-03-12T11:00:01.409Z"}}},"_value":{"_current":{"value":{"name":"TEST","version":"1.0","manufacturer":"sb-HD"},"provType":"MONITORING","date":"2018-03-12T11:00:01.221Z"}}}],"provision.device.communicationModules[].subscriber.name":[{"_index":{"path":"provision.device.communicationModules[].identifier","value":{"_current":{"value":"COMMS1_SN_CHD_DEV_10","provType":"MONITORING","date":"2018-03-12T11:00:01.411Z"}}},"_value":{"_current":{"value":"SUBS1_SN_CHD_DEV_10 name","provType":"MONITORING","date":"2018-03-12T11:00:01.419Z"}}},{"_index":{"path":"provision.device.communicationModules[].identifier","value":{"_current":{"value":"COMMS2_SN_CHD_DEV_10","provType":"MONITORING","date":"2018-03-12T11:00:01.409Z"}}},"_value":{"_current":{"value":"SUBS2_SN_CHD_DEV_10 name","provType":"MONITORING","date":"2018-03-12T11:00:01.305Z"}}}],"provision.device.communicationModules[].subscriber.serialNumber":[{"_index":{"path":"provision.device.communicationModules[].identifier","value":{"_current":{"value":"COMMS1_SN_CHD_DEV_10","provType":"MONITORING","date":"2018-03-12T11:00:01.411Z"}}},"_value":{"_current":{"value":"SUBS1_SN_CHD_DEV_10ICC","provType":"IDENTIFIER","date":"2018-03-12T11:00:01.414Z"}}},{"_index":{"path":"provision.device.communicationModules[].identifier","value":{"_current":{"value":"COMMS2_SN_CHD_DEV_10","provType":"MONITORING","date":"2018-03-12T11:00:01.409Z"}}},"_value":{"_current":{"value":"SUBS2_SN_CHD_DEV_10ICC","provType":"IDENTIFIER","date":"2018-03-12T11:00:01.299Z"}}}],"provision.device.communicationModules[].subscriber.software":[{"_index":{"path":"provision.device.communicationModules[].identifier","value":{"_current":{"value":"COMMS1_SN_CHD_DEV_10","provType":"MONITORING","date":"2018-03-12T11:00:01.411Z"}}},"_value":{"_current":{"value":{"name":"software","version":"1.0","type":"SOFTWARE"},"provType":"MONITORING","date":"2018-03-12T11:00:01.5Z"}}},{"_index":{"path":"provision.device.communicationModules[].identifier","value":{"_current":{"value":"COMMS2_SN_CHD_DEV_10","provType":"MONITORING","date":"2018-03-12T11:00:01.409Z"}}},"_value":{"_current":{"value":{"name":"software","version":"1.0","type":"SOFTWARE"},"provType":"MONITORING","date":"2018-03-12T11:00:01.303Z"}}}],"provision.device.communicationModules[].subscriber.specificType":[{"_index":{"path":"provision.device.communicationModules[].identifier","value":{"_current":{"value":"COMMS1_SN_CHD_DEV_10","provType":"MONITORING","date":"2018-03-12T11:00:01.411Z"}}},"_value":{"_current":{"value":"GENERIC","provType":"MONITORING","date":"2018-03-12T11:00:01.496Z"}}},{"_index":{"path":"provision.device.communicationModules[].identifier","value":{"_current":{"value":"COMMS2_SN_CHD_DEV_10","provType":"MONITORING","date":"2018-03-12T11:00:01.409Z"}}},"_value":{"_current":{"value":"GENERIC","provType":"MONITORING","date":"2018-03-12T11:00:01.223Z"}}}],"provision.device.communicationModules[].subscription.address":[{"_index":{"path":"provision.device.communicationModules[].identifier","value":{"_current":{"value":"COMMS1_SN_CHD_DEV_10","provType":"MONITORING","date":"2018-03-12T11:00:01.411Z"}}},"_value":{"_current":{"value":{"type":"IPV4","value":"172.18.19.24","apn":"movistar.es"},"provType":"REFERENCE","date":"2018-03-12T11:00:01.512Z"}}},{"_index":{"path":"provision.device.communicationModules[].identifier","value":{"_current":{"value":"COMMS2_SN_CHD_DEV_10","provType":"MONITORING","date":"2018-03-12T11:00:01.409Z"}}},"_value":{"_current":{"value":{"type":"IPV4","value":"172.18.19.24","apn":"movistar.es"},"provType":"REFERENCE","date":"2018-03-12T11:00:01.319Z"}}}],"provision.device.communicationModules[].subscription.administrativeState":[{"_index":{"path":"provision.device.communicationModules[].identifier","value":{"_current":{"value":"COMMS1_SN_CHD_DEV_10","provType":"MONITORING","date":"2018-03-12T11:00:01.411Z"}}},"_value":{"_current":{"value":"ACTIVE","provType":"MONITORING","date":"2018-03-12T11:00:01.515Z"}}},{"_index":{"path":"provision.device.communicationModules[].identifier","value":{"_current":{"value":"COMMS2_SN_CHD_DEV_10","provType":"MONITORING","date":"2018-03-12T11:00:01.409Z"}}},"_value":{"_current":{"value":"ACTIVE","provType":"MONITORING","date":"2018-03-12T11:00:01.322Z"}}}],"provision.device.communicationModules[].subscription.description":[{"_index":{"path":"provision.device.communicationModules[].identifier","value":{"_current":{"value":"COMMS1_SN_CHD_DEV_10","provType":"MONITORING","date":"2018-03-12T11:00:01.411Z"}}},"_value":{"_current":{"value":"SUBT1_SN_CHD_DEV_10 desc","provType":"MONITORING","date":"2018-03-12T11:00:01.523Z"}}},{"_index":{"path":"provision.device.communicationModules[].identifier","value":{"_current":{"value":"COMMS2_SN_CHD_DEV_10","provType":"MONITORING","date":"2018-03-12T11:00:01.409Z"}}},"_value":{"_current":{"value":"SUBT2_SN_CHD_DEV_10 desc","provType":"MONITORING","date":"2018-03-12T11:00:01.316Z"}}}],"provision.device.communicationModules[].subscription.identifier":[{"_index":{"path":"provision.device.communicationModules[].identifier","value":{"_current":{"value":"COMMS1_SN_CHD_DEV_10","provType":"MONITORING","date":"2018-03-12T11:00:01.411Z"}}},"_value":{"_current":{"value":"SUBT1_SN_CHD_DEV_10","provType":"MONITORING","date":"2018-03-12T11:00:01.509Z"}}},{"_index":{"path":"provision.device.communicationModules[].identifier","value":{"_current":{"value":"COMMS2_SN_CHD_DEV_10","provType":"MONITORING","date":"2018-03-12T11:00:01.409Z"}}},"_value":{"_current":{"value":"SUBT2_SN_CHD_DEV_10","provType":"MONITORING","date":"2018-03-12T11:00:01.406Z"}}}],"provision.device.communicationModules[].subscription.mobile.homeOperator":[{"_index":{"path":"provision.device.communicationModules[].identifier","value":{"_current":{"value":"COMMS1_SN_CHD_DEV_10","provType":"MONITORING","date":"2018-03-12T11:00:01.411Z"}}},"_value":{"_current":{"value":"Telefónica Móviles España, SAU","provType":"MONITORING","date":"2018-03-12T11:00:01.522Z"}}},{"_index":{"path":"provision.device.communicationModules[].identifier","value":{"_current":{"value":"COMMS2_SN_CHD_DEV_10","provType":"MONITORING","date":"2018-03-12T11:00:01.409Z"}}},"_value":{"_current":{"value":"Telefónica Móviles España, SAU","provType":"MONITORING","date":"2018-03-12T11:00:01.403Z"}}}],"provision.device.communicationModules[].subscription.mobile.imsi":[{"_index":{"path":"provision.device.communicationModules[].identifier","value":{"_current":{"value":"COMMS1_SN_CHD_DEV_10","provType":"MONITORING","date":"2018-03-12T11:00:01.411Z"}}},"_value":{"_current":{"value":"SUBT1_SN_CHD_DEV_10_IMSI","provType":"IDENTIFIER","date":"2018-03-12T11:00:01.516Z"}}},{"_index":{"path":"provision.device.communicationModules[].identifier","value":{"_current":{"value":"COMMS2_SN_CHD_DEV_10","provType":"MONITORING","date":"2018-03-12T11:00:01.409Z"}}},"_value":{"_current":{"value":"SUBT2_SN_CHD_DEV_10_IMSI","provType":"IDENTIFIER","date":"2018-03-12T11:00:01.324Z"}}}],"provision.device.communicationModules[].subscription.mobile.msisdn":[{"_index":{"path":"provision.device.communicationModules[].identifier","value":{"_current":{"value":"COMMS1_SN_CHD_DEV_10","provType":"MONITORING","date":"2018-03-12T11:00:01.411Z"}}},"_value":{"_current":{"value":"MSISDN_FAKE","provType":"MONITORING","date":"2018-03-12T11:00:01.52Z"}}},{"_index":{"path":"provision.device.communicationModules[].identifier","value":{"_current":{"value":"COMMS2_SN_CHD_DEV_10","provType":"MONITORING","date":"2018-03-12T11:00:01.409Z"}}},"_value":{"_current":{"value":"MSISDN_FAKE","provType":"MONITORING","date":"2018-03-12T11:00:01.401Z"}}}],"provision.device.communicationModules[].subscription.mobile.registeredOperator":[{"_index":{"path":"provision.device.communicationModules[].identifier","value":{"_current":{"value":"COMMS1_SN_CHD_DEV_10","provType":"MONITORING","date":"2018-03-12T11:00:01.411Z"}}},"_value":{"_current":{"value":"Telefónica Móviles España, SAU","provType":"MONITORING","date":"2018-03-12T11:00:01.518Z"}}},{"_index":{"path":"provision.device.communicationModules[].identifier","value":{"_current":{"value":"COMMS2_SN_CHD_DEV_10","provType":"MONITORING","date":"2018-03-12T11:00:01.409Z"}}},"_value":{"_current":{"value":"Telefónica Móviles España, SAU","provType":"MONITORING","date":"2018-03-12T11:00:01.397Z"}}}],"provision.device.communicationModules[].subscription.name":[{"_index":{"path":"provision.device.communicationModules[].identifier","value":{"_current":{"value":"COMMS1_SN_CHD_DEV_10","provType":"MONITORING","date":"2018-03-12T11:00:01.411Z"}}},"_value":{"_current":{"value":"SUBT1_SN_CHD_DEV_10 name","provType":"MONITORING","date":"2018-03-12T11:00:01.524Z"}}},{"_index":{"path":"provision.device.communicationModules[].identifier","value":{"_current":{"value":"COMMS2_SN_CHD_DEV_10","provType":"MONITORING","date":"2018-03-12T11:00:01.409Z"}}},"_value":{"_current":{"value":"SUBT2_SN_CHD_DEV_10 name","provType":"MONITORING","date":"2018-03-12T11:00:01.408Z"}}}],"provision.device.communicationModules[].subscription.specificType":[{"_index":{"path":"provision.device.communicationModules[].identifier","value":{"_current":{"value":"COMMS1_SN_CHD_DEV_10","provType":"MONITORING","date":"2018-03-12T11:00:01.411Z"}}},"_value":{"_current":{"value":"MOBILE","provType":"MONITORING","date":"2018-03-12T11:00:01.506Z"}}},{"_index":{"path":"provision.device.communicationModules[].identifier","value":{"_current":{"value":"COMMS2_SN_CHD_DEV_10","provType":"MONITORING","date":"2018-03-12T11:00:01.409Z"}}},"_value":{"_current":{"value":"MOBILE","provType":"MONITORING","date":"2018-03-12T11:00:01.314Z"}}}],"provision.device.description":{"_value":{"_current":{"value":"CHD_DEV_10 desc","provType":"MONITORING","date":"2018-03-12T11:00:01.211Z"}}},"provision.device.identifier":{"_value":{"_current":{"value":"CHD_DEV_10","provType":"MONITORING","date":"2018-03-12T11:00:01.214Z"}}},"provision.device.image":{"_value":{"_current":{"value":"data:image/jpeg;base64,/9j/4AAQSkZJRgABAQEASABIAAD/2wBDAAMCAgICAgMCAgIDAwMDBAYEBAQEBAgGBgUGCQgKCgkICQkKDA8MCgsOCwkJDRENDg8QEBEQCgwSExIQEw8QEBD/2wBDAQMDAwQDBAgEBAgQCwkLEBAQEBAQEBAQEBAQEBAQEBAQEBAQEBAQEBAQEBAQEBAQEBAQEBAQEBAQEBAQEBAQEBD/wgARCAGQAZADASIAAhEBAxEB/8QAHAABAAEFAQEAAAAAAAAAAAAAAAYCAwQFBwgB/8QAGQEBAQEBAQEAAAAAAAAAAAAAAAEEBQMG/9oADAMBAAIQAxAAAAH1SAAAAAAAAAAAAAAAAAAAAAAAAAAAAAAAAAAAAAAAAAAAAAAAAAAAAAAAAAAAAAAAAAAAAAAAAAAAAAAAAAAAAAAAAAAAAAAAAAAAAAAAAAAAAAAQUnTlnUwAAAAAAAAAAAAAAAAAAAAAAB499hcLPP8A7z8s+pwAAAAAAAAAAAAAAAAAAAAAABxjs/GCG+mfM3pkAAAAAAAAAAAAAAAAAAAAAAAcY7PxghvpnzN6ZAAAAAAAAAAILpuIQ096Pn0AAAAAAAAAAAcX7Rw8h/qDyh6vAAAAAAAAAAOFwzoENPTIAAAAAAAAAAAHBO9+eiC+v/GnssAAAAAAAAAA4xDZlDT0yAAAAAAAAAAAxcgq87+iPO5zz2X409lgAAAAAAAAAHGIbMYOeoAAAAAAAACOkio4tGTsUIs/DS5mrHQYFb+kQ9fefJedURmRFwAAAAAAAAHD4BNOdnr8AAAAAxjJc7gh2vm0KlxDL0/05sMeK2i/Y+gfQ+Wy79xfhmZun+nQJZxX6ejr3neVHXkRk5fAAAAAB565z0Pnh7LAAAWeQnYo7yvVkxjGNcN5fitJINPjgUFX3BpM3GtCtjWjM+4X0zWJUZCzUXftuouV2qi9ma+om0v45UeicrzrJjsiEykzQAAed+edD54eywACg1XmjsUFOMTKYRElX3kW5OhsS2Z9nVVl/wCY+MbDFs1D79+ipUPv36KlQqVCpUKlQqVCpUKlQvW6iRyvmX07xm8A3p2JBpWcF550Lnp7LAA0W9hxz+J7jTi5R9M+DSy2cJwZNgkU10u1hocuzryVb7mw7fLvMV49SVcH6cSyr5WPv2o+VqhUqFSo+Vfaj5V9rKaqvp8+tQbjTwLZFGv6zLU4bt+1Xl5Rn9RjR0rZeV+wHSAIXNI0cY11usrqVC9brOJ4tVmS9XifLdjYx7ho470W4cpdB1xD7/Tpscz7VgcrO4VYWeKlwpqyskwsjKrLN25WU11VlP1AjM18t6ERST7PKTVZu3xS7HoZzMkfPZTG1k3ZY9ITpgGv2GKeWYz6P42WNvzbKOj1x3eHE95o8PJi2+FizPNmiFMljWvZ9y8XJ06usdR5b1oh3NumcHKIbpcAnfoHyJ6tNzmXKyzYt0cnjZv3X53N5mwu67bd/wCipXYhp1aybWuhlvMyc1Me7qOZLPOUauRGhkt60cz6RqOhFOxw8w6WADH00h+HKuZendUePa/R/NDgX2QQ4233X5hd+qinKsZJ1XrHKOsEN4j27hxroROxyvvPLOunWbnEpeSrXynI5PGj1O9zsHP12bXV3/o9doc/pXt7XNzTEyRwKB4xTn7S6U3KPh9fai5MYVYOg67mPWTo/wBt3AAAC3rdsOfc29D4B4rg/ufnZ5dzptADYZWg251/rPJetkL4f3Hh5rqvn0v+ivN/oQmUBmtaed913aODL4x8XtVWu25ur8IgBJIxuNiWshSV0qj5V9zjHytTBTf6WV9YIn0rMyh9AAAAACnDzhEIB23FPIHP/ccFOQ9n5ptjM4j1HkJR9ouD0T539HpvqlYqfbLuBm2l88ZG7kUun3qs+vn0VLpbyrkeN/BLPQSCdclcgMDZ1gAAAAAAAAD5YyBHoV1W0eaeSe3IgeLc/uHKDD9L+TfRZ0arXbFPtfyuxh5uGvIJNo97L9fLh8rvVlWLqss0e9nkxI5Lsu4fPoAAAAAAAAAAAALdwamK9AoPPMK9Wxs89TLfQw6JteKSNOm4WDfrl0hjcnl+5ON8LNyZyki0s22WWb/0AAAAAAAAAAAAAAAAKahiavf/AAgsO7PjnnDXelomcAnuz6eQ2Z7PKMXMrAAAAAAAAAAAAAAAAAAAAAHyi4LFdwfPoAAAAAAAAf/EADMQAAAGAQIDBwMDBAMAAAAAAAABAgMEBQYHERIgQBATFCEzNTYwMVAiIzQVFiQyJWCA/9oACAEBAAEFAv8A2vkeWwMdFBn8C5lfkM677+54fe+LL7fj9UYcfwem0KPKvPyGqPs+l3vH5DVH2fS73j8hqj7Ppd7x0uR5bAx0UGfwLmV1OqPs+l3vHS51339zw+98WX26jVI9qbStW930uqMOP4PTaFHlXnU6sq4aTSNfFfdLqj7Ppd7x1OsSuGh0aXxZB0uqPs+l3vHU61Hw4/op55D0uqPs+l3vHU62fH9E/kHS6o+z6Xe8dMqVHQojJRDWz4/on8g6XVI9qbStW930alpQU7KqiEHr62tDdNaXI9nNjCNlbpDUwzyWi0dhSoeRdLqyrhpNI18V90Nhf1NYU3PX3h3V9cqi4/FhplWLaS5I8t+K5FymQgRsgr5AQ424XRaxK4aHRpfFkH1plnAgJn6gRkCTb5JcnDxd102qqurkv3SEE6+8+r6DMuSwcbJ5bYjZFBfDbzTxfX1qPhx/RTzyH6b0liMmdmtbHEvIshsw1jsqUqNjkZgjk1UISL19YccW6rl3IgbrZDxDY8QO+WO8dHG8ON4Mzpsc4uVTWxFyaA+Gn2Xi+prZ8f0T+QfQUpKCl38CMJeSWb5/0+RYON19XEH9ThMBy6lqDkh57lUtCQclI45Ch3bpju2SG8ch3yCHiFDv1jvXB3ix3ix3ix3ix3qw1NkMnGyiY0IuTwXgzKjvl9HWz4/on8g5nnm47SNRqyxXIs5kobmCVsDfdMuVS0oBydxwvrHAwgeIQkG+4Y3Uf123nWji5FPYEbKIrgZmRpBc2tnx/RP5BzWDzRtZBp5WLUdhlGOHXZPV2IIyPlW8hsd4+6O6bSDkJSFOrV0yFrQca9nxxGydlYYmRpJdutnx/RP5ByrUSEyZRmcmWtS0yCUVjh9LZhcLLMbOuzKDINMuMtK58NseNS+CciNhUviG+/VoWtBsX82KImVRXwzOiyBrZ8f0T+QctxJ8PElu/oPzMEoyCJJkLmprrE/6LHSTlXGQFsIbCuJI8VJSG7eyaDWTW7QYzR8hHy2sdJiVGkp6WXbwYQfyOY+fg7OebNRJjhqfaxTkzWb2LiNRWYxaMWMORy5Me0SSrdPITBLOSg/EqhpUF1CFB2jfDkCW0DIy5G3nWVQcqsoorMjgWAL6mw4THCobH2TrWJAJ+0s7Q4GNOunCxtpsM1sdsigtLCaSMoHWwIyZ1hEbTIyRht7EpUp7kyo9oLp7p5EHsJjn+Z3w70E6OMjDkZh8n6VJh+HIj8iGXViqyGfVqiymJjXMTajBMgmkgkkNhsNgeySnW5rOJjpTFwscjMEiGlsEgw2wZhLaWymXjLRXGTNsOWq5ckY/WoiNYp/L7chY8RVFJTsSiPlm/wAwm1nyEowTg4ScD1D4g/7anoVDxYzEXHmGhLpq2QwTkzFp0OWzOY7CSZhLIJBENhsNhsNhsFrQ0iXMfsnKujJIYjIaIiCGjMJZISJbEYry8XHbORcXQebg49DpYL1jMXHSxFxT+X2yT/Re18qBJZsjI2JyFhLiVdsvymtLQ4U8myCIr6yNCkH2MH+5UElYZiRlNWMZpgSromzlZAJtr4lOK3CoE0ghkEnYKUhtKHnXh/nDvloCTSothsDMklLku2b9VUJbJtskklBmEMhx1mOmbbfplZKqYqNUGayIW/HOsqCEllub6GK/y+15HEVnWd8VpjZ8TkaXENixUkR7BKg26lQm/wAzsiymHEWbkdTfYx6lOIx/t3J+VsymSqXGfjrBHseOySn1Ow2Bd3xOSX3jSkwk1EGPJ7YbC2lKdXT1ZJJtrhJDI4UNlJtCSLTJY7LhRrO0NlhphBIGxBFeXiYMc0osEmljFf5fItolCRXIcE7H0OCxxjYPQZcQ2LBbZvSCVJJRGC7duxj1KcR/TuvtMP8AdcaQ8idXrjGMBsYqIJeY2EiI5uhbe5GgG82RxIjjJ7CY/wCGj1MFT7saJwJQ0RCROZji2vmIyXJ1xcqhVsSCRJMxuSR9+xpXAqBIjqFwlPg8YcLxpHvzKbJQfgoWJtE24LHGBY4xIZUtD8ZSHwlZHyMepTiP6d19pvqgyJRWFWbYoNOo17jLxZpiKqnNKqwCFJWSiQ4PCV4bNLJfcbCW0ubKrK1MZt15mMmdb7IlZFKnLj1DSXSLcbJSDMz7NuwyMg682wkrJ+xXQxERUI+3OaCMPQ0LEykbcFli6FlY4m40bzEqIaHwlwj7GP8AemEf07r7TfV7CMYo4TVAbhLFzg1BdB6hzPFFVWfQZCmH2JLew2GxivgtRkyLTYrTJmmXTr5VmtCENp4dhvyNtLcPdiOLG9QhTFdOtXaqiJoo0YmyLy+kaSMOxULEunbcKxxlKys8RNByIUyEaHxGdI10xiP6d1/rN9Xtxv2YEEuGQtsZo70pGC5HQLg567Dcg2UCyaLyFvfRq9t561vCiQo8Jsi3G+3IRGoyZQ0J9szGbclWFsqpxokiDUoaJthKC+qaSMOR0qEqpbcFhjaFi0w8t11s2C5RyBEeI27kyNM31e3Hi2p+QlGQn1tbatXWFpqnqmzzKS3CqmYp/ceRD79m3YhgzJclthMu7W6qBQvy3a2iQ2TENDZEki6HbcLYSoSaxtwT8dQsP0j8JcS1Q2LaTumU+Rukoj7aIv8AiOV0+Fu6dWtxtPAjlQ2pw/2mROt22j8NPtV1eOpQIlahokNknpdgppKhIrkOCdj6HBPx95BWVLOZWTq0GiQRglkYpPaeWX6MlHHP7dgRGYJpKBJmoaQt6ZOOvx/zhVCGw1HSgiLbqVNkYfgoWJtE24LfEW3im41LiBK3Urp7MmojMttwEZHyS/Rf/TOGxn2IaMwbyGyXLceVGplurh1CSDENKAlBF1poIw9DQsTKRtwWGLoM3a6ZENiyeYOHdkYYnNuBKiPsmei952ASk1H+20H5fmzVyZZxKpKCjwUpCGiT+BNJGHYqViVUNuCZjqFCRjzrZ8U+CcO8EexacEtxJsKPexLYLeS2liJMniFTMxwzCIg2wSQRbfhDIjC2EqDsBCg9VIMTMUjuiRWW9YHLxRN10k5Nk33slcHHkINuMQQwRAkkX4k0EYUwRhUYhZ4rV2aYGAohSo0BmMhLQJH43YcI4ASf+i//xAAkEQABAwIGAgMAAAAAAAAAAAABAgMEABEFBhMhIjESQCBwgP/aAAgBAwEBPwH9KEgd+zLhiUBvan1vYcwkNjyqHIVJa1FC3znYuiKrTSLmhmNYPJFRJSJjQdR683B25StRJsaRlvfmumGERmw2319Qf//EACMRAAICAQMEAwEAAAAAAAAAAAECAwQABRESISIxQAYgcID/2gAIAQIBAT8B/pQkDz7NqqLIHXbJ3loQqIxyypObEXNht97mqpWbgo3ODX3B7lyrZW3GJU9e5pKWW5qdjifH+ve+QQpXQRp4/IP/xABIEAABAgMDBwcJBgQEBwAAAAABAAIDBBESITEQEyJBUXTCICMyQFJhcQUUMDNCYoGhsVByc5HB0QYkY4IVQ2ThNDVTYICSk//aAAgBAQAGPwL/AM12w4rHRo77xDadXehJRpd0rFf0KuqHfH7Rm873Wfu0UHMeszjbPjX7RlZ8Q+fzuate7QlPiR4doy8HOM7nVH2jK7zwlTW7cQ+0ZXeeEqa3biH2jK7zwlTW7cQ6s2HFY6NHfeIbTq70JKNLulYr+hV1Q749ald54SprduIdWm873Wfu0UHMeszjbPjXrUrvPCVNj/S8Q6tKz4h8/nc1a92hKfEjw7Rl4OcZ3OqOtSu88JU5uvG3q0rvPCVNbtxDrUpvXA5Tu6cberSu88JU1u3EOtSW98DlPbnxt6tK7zwlTW7cQ61Jb5wOU7ufG3q0rvPCVNbtxDq9h8dgdsqqg1ySW+cDlO7nxt6tK7zwlTY/0vEOqWnuAHeizP52J2Yd6pAYZeF3YogvJOs1XNx3KkzCDu8KWg+TGF8WFMZxzO6yVPNmYDoZ801j329Wld54SpzdeNvUv5qcYD2ReUYfkmS/vifsqzk1ELT7OAWdmXAeKzMk2y3tcnOwX2XYVVJhger32D3qsN4d4dTlN64HKd3Tjb6e3NzTIfiUYfkyWdHd2jcFZfGMJh9mHcrcap8VajuaFYkYVPeKtRYhcfQ1hRXBUjARAqPObPerUKIHeHUJLe+Byntz42+ktx4zGD3irEo10y/3cEWQP5aGexis5Mve87XFWotAqNo8+6rMu0Qh81aiPLj38q8rpLWrmFXQivVr1a9WqwiWqkeFbCpErDPeqwojXeB9LJb5wOU7ufG30NpxoFc4xXbGKzKtZBbtOKtzUy6KfFc7FbXuX8vLV8VRllngFzkVzvjyb3LRBK0WUWnFWk+qubVXQ10RkxXSXSXSWOSsN5CpFFsKkWsMqsKK13x9FJb5wOU7ufG3lvjxnWWMFpx2BPheSogdZ1uuK5yMaZMKqzbu2DlaRoqQ2Fy0n2VpGpWgxbFefT1hxC1Ue7ODvVI7CwqsKM08uS3zgcp3c+NvLdLPAdbFHA7EZnyLGMnGxs10f9lY8pSxmIA9sfug0Rs3E7L7ldybytAWRtVqK6p71SG1Xnq1WOIVM5bHeqTEOz3hVgxWnkSW+cDlO7nxt5RedQqnRCcVirMQAg7UYkFvmsXtQ8PyVqE7z2WGy+5ZqcaZaJ72CtNjsIPetKYZ+a0IzGt8VXOtJ8VoEBXnrdWOIWnFq33lzgp3tNVzUZpUlvnA5Tu58beVSnrNHk3ouiy4D+224ojzmKKE6166J+a0Y7/zV0Z35rRmYn/sVoTsX8168P8AvBfzEq133Sudtwj3hW4EZrx3Hq3OxgXdlt5VmRl7A2lVmYr3dytQnOae5aWmmyPlaXe+G02gHaio3lCAYliPBzVk6rwf0XNxh8eTCP8AU/TlxmVuER31XrHL1zh8FVkVrlpQT8FeORahRHMPcVSK4Rm+9igy3movZd6bArArDJzr6v1NGKzcEZqH3K1EBK0mroBdBVMNWntY0d6LIDG07RXm0jWYj9liiw5lxqGh1Ca0PIhn+p+nLj/iO+vIvWlDa5VgPp3Fc4z48jQaUIE61z4PvYhCNLvDmn0F5WCw5FTcjAkhU63rOx4dSdaFGrRAWGSrrkWSwtO26lZiPfHjOwYy9N/xCM6Hb6MtDN/9yzrYQbVTP4bfryIwA0mi0FQ8qP8AiO+qqGHk3qgv7lWCwsd8lSLDNNq0mrSARgx2DuOxUa/OSzz8k2YgOq12W5aSuHLMSIaALMwKiF9UHParhyKYu2IxJ2MGQtQC/lB5pLf9R3SPgjFay3Hdg517nFGZmDacTVUaFM/ht+vIIOtRHwmWoJNRTUqFYrHLGP8AVd9VVpQI6StNhkhUe2hyhAPaCr4LSi6Xu91FpNCrnIsfeEJaI7mIxp4HJpK5WnuAHeqyspFiDtdEfNf8Iz/7Bc/Lvh9+IVWmoy2nXALNQqiEPmgS1UAy1iOoiQ/NsGtOlvIrM9EwMU9Bq858pxzNxsRXot8ArlY9iFcFWi+Kmfw2/Xkm5FzW0KvBIVCrysVH/Ed9coFoAgYFANILu7KEMhRDjR2pwVIt/fqyVCgTJvdZo7xyvmY7M5YdZhMOHiVzkQ5MVYb7V9MvmUE/fQcWqgGS04gBWZf80YLXmYmThDZerflmLZhaoEP9ShDgw2saNQCq80Vyc6mJqqAK/apj8Nv15XRR0ES1qwJCo5RTtefQDIclh7agq2zSh/TI+Tix2tiW6taTqy52ALW1qo42TsNy6QVkG044NbeUZmaFl7hZhw+yNpyOia8As468m9AUyUbpOWcnZgNGpqsw2mSlO0fWO/ZcxD0ji83uK7lo/nlqRVUtgeKLmkYhTAB9hvoOiugiQxF8Gu2hVmMwt5QQyHLQhGPLjR1jYpbynCnHy848uNcWm+5UnIJmpYe0NIIQ4rsxFOpytMcCO5UjQYcT7zV/y6D81SXhQ4X3G0V+Rsuzosx8ULr1V5+CLnPEKGMb0ZfyJBtDXMPuaP3Xnc48zMz236vBUCvvKvyX5LwrcR4aAsxKlwha3LQbecTt9FguijzdUXQKt7tSpGhkd/ICGQ8mXhsuAr9VR4qCjEEHzWMf8yFd8kYvk6KZ6VGoX/JZjynDdKRcNLBCLAite04EHLcs9FpU31VmAKe8V5vKMdNzJ9lurxQmPLMa1sgN6A/dBjGhoGAC0lQXDLctEfFXc4/5BZuFz0bYNSESccSNTRgho+lwXRR0EXQQWH5LnYZptGQIZDyZfw5B8+k25w/5jbnJ0z/DHlIxoeOadj+xXmf8SeT4kvEF1sN/RZ6SmYcVvulVVuZi1Psw24laZdIyvZHTd+yzcvDsjWdZWwLR/PkUCrHP9oXOPDG6mjWrEAGDB+ZQJYhorD0+C6KOgi6G2we5abKt2hDIUeRLfd5Wa8oycOM33hejN/w75SiQHj2C79U+Umwxgp69wv8A91nYj3R45xiRLyrltV+S/JaebLVzeiNbijC8nttu1vOCz80S9x2oaKw6nguijoLOQB8FmpkGE7vwVQa8mV/D5RKsA4mia3YOVohdt3yVmuciamhc+S1nYCGguj1fBdFHQREMmmxF7W2grLwQe/LK/hjlFQx72W7LWMfgtJwYzYrEu0w4fa1lVLanaUNFYdb6KOijWHftCJhEupqWbLTawooMBx6DQFjySof3sl+S064bVzd3vFWJVtt3a1LOTBMR3yXRWHX8F0VbbDv20WjUhUfUK8rHKVDHvZKBdpys3vfqaFamjZb2AgGsoFh9h4LoroKsElq5xhptVHFYq4qH4q9Y2QubbmoXaOJWi2rtbjisFh9jYLBdFF0KsJ+1uCtWDFhj2mKy4pt+FSs1Jw847bqCEWcOdibNQWH2ZgsFz0Cy7tsuKdEM1bhHVrQhwYYaP+9//8QALBABAAIBAwIGAgMBAQADAAAAAQARITFBUWFxECBAgZGhscEwUPDR4WCA8f/aAAgBAQABPyH/AO65oBUwrktpg0FXdxgZ/sdx65+hU3/tOuKpel61/YDCCsOrhH3IGpi3Siv7f7H6yf3n9j/WT+8/sf6yf3nps0AqYVyW0waCru4wM+q+sn956b3Hrn6FTf8AtOuKpel616m4dE+7D02MIKw6uEfcgamLdKK/t9VZ+mdM6/TH1k/vPVdt6YUJd/pj6yf3nqu1dMGoeXpj6yf3nqv66H33pj6yf3np/rcIblcQdx8ProffemLh0T7sPSbcC1VUfoljmd4vcdtU7wsx5DcVEgbXiVpTsMOEFGuP+Ul/aTS9MWfpnTOv0JdZYo6hfoI+scSPBbD9Mr6zLCHbjXL2muXxLMjLAqcGtcSmObphlIM+01qTyv0dt6YUJd/84rBHc+IxsM138ziBqpUM2jqu2Caxs6vtKlOh/BO+tH+DTSCqLwyr5YdZWK+FK6Lq9BaumDUPL+Qaie4kdfY5bvEqGgBo7y7p6qWFEI5xCcJ2FwN5J1hYgbq/M6YO7NWMdi3tKOvlkF2k9NDgS9S6Mp+rt5Rs/jiAyj/KfXQ++/hFIy1VgKd8H3GS31I6kxdwh4vG2TEFIzfGDtL7kavvHlaLE0bs2p3zinaf9un/ACibSnAEt4PbwvXTqocqE50PiXiPRleTrayk7oyShc6fxProffecCiunQNWPiHVNnUHaPN9bDFNVl+6LrmZkHaE6vlCsYsWjmbOHBNb35jgfqmiJ2R1qypUCBAgQIECBAgQIELMjhlJRdpqeYjJDlp2vPn+uh995wgvUVltmA3rQJv03jSLXWx2fuGBN1kAtCeXmvg1j8j2s+yZDIODeDxqVKgQIECBAgQIECBAgQIECW4vRlIqG2crkKAG67XnyfXQ++8xomsplVNY5p1Ny9gWMuCXPI6xeF1KvZqQdoq83fb3gzTwhhFn4K5mg5lW2Zt18LNIRzeYp3YyvCpUCBAgQIECBAgQIECBAgQJUDyW6pwwCxLZwoB7AhY2m10z6aH33mLjWefEpVMVj4aWwuoX59n/9IY96rRhSZzS3jSvUXL+ehoX2hoQ73/MvBucLGaE5omfOBcfUNrkCBAgQIECBAgQIECBKgSoHkxUACr3hswFnlj4gfVZJBphOSma7HPFdWPZYVNYZN0uCTLdlTLHJ5P8AWdURfEJUyM1mZYIV3TVwuaD8xA2M+5eKQ3yiNIPXyFjjeqKm8Z+yFoU1evh3lEsgQIECBAgQIECBBcMP/Gh/5Uq3So30TdqXhttrfeAnDzABCAg+CYavxEKbKRhvGzYEypVFrR+92ji1vmLU8nSQ/lBevAgQJZuUv/u0FCdwahpnxK57RmW1nBDLXDJ5GolWZ5U9GAdexIECBAgQL0m2V3h/8IXlB6GEkEWjgMqzbDlH4mQLWrWJFDCaitVhNUJbYBqsp2eL6IMY9Zy+0f3KqKcqOKQ1qf5HLyMDPwrX6jLE0ZhAgQJ/n8odYnaaa+Au0BLcZQw7LdL5D6ZTGItAYZQPzQQYka7Oo+SXSVlu/wCjCrm+HiBAjNC5uKbQQkgggggkJ7VlOhtde6EZCDQScJNghNSJAnGm8MS1jIKuoYeiEGxPnjG5WRYbqUk/yOXkKksFJGaIrqHDL2/MEBgjEECUWLBPvAoq44i1W+tcSzuaMu04k8WIBd4CV4lNElTymr/UrwGozUjrao4/Kj7bBekRz8IQoVGRnqqE9S59sAcvbzza9/pZCZE3IQQ3QBaszKPB+UzNoOg2Sb6ShDo3Y4KNa2sRPPWU77wTbsMAFCiHVXFdd5oJYafZP8jl5LUj8hLJ+QmPo3I4KkoyFOkf4/KaZGbxEVYtW0vVfDw8o0+HhTkJDJoOh1eCElJkY41trowwkhs8tjqalvECngvEdAavKiFVaNMQggmytx+JmLQwgZ1Jg0N2XdCmr0mCE2YvrxF5brdRX3TQzhSIIYHjdlKt88sdmvCKCmmyf5nLyJcGyQJsQqg+Iqo3kmHgS0SJzLk6n7ZvnlKZpQz+Lweb3jQ22iwFN/28Atp1O+iAFkIttSste5LWs65RCH7YY2IFnsS6bti1Nep0hBcQp5ZXlTZYRkC2wTHxmkY7DLl7G8ZOT0HoQj5XNPVmd05MNPt5RVWtspglQTVEdsJdg4mHIOt8soX5UGHaQdsQxofENwT2iHWVULs7qYgOrNwgw8QZ/F4fV7wYoAjqMPsNe/8A+JswuAC0aneC0fv1d9T3i+mzTL6MMPGRUDpvSX5hddv+dZSKutC+dZlWrhAerAEkYZlMd7DViDfWmmJsRz4ji5na5TtbRVRcPoLaaq9vA7HSXijBNQCJd8SzPEsu/Yhm7d9Yv52sP0g7ZhDj8Q1SHZJYiciKHQ9k5WbhBHxyMO0Mxn38Bh1TAUMKG2UvCYiJYzdAVOTy6GcpBBh1edOIMsi3L3294Qh7thIQRdjVESDIUJiAg63T9+5tKqQbXXdgwxUCggMnXTeLqjoHgC9DmFH7Svd5aRPoDdgvyGDTiyIL0WaO66Q2BBSv4tsgjZijGY5o9J0QQPwiEoesTnZmaE4s/H4XV7yvAlw+r8wIkmoTBTMHW9zX3l1C5VPgr/hLfvsqscrruYhBa3tTuakyHCWHPyE4CFr43dj6sUQamonK7xRfuMBpe7WdWGcBcoNcsowr0get21mIqX1UWWzfa/UzTLlXVmCkIBABp/LsEHbEBcITQ/ECm5Tj4l3YmTGbAudpnGfa8anzv9wIECE3yI2Y6Ls6kyZ9vHsD8MwNwPmCsQ61274OICqFwNfP6iqtTSex0nQ0nf02N8Q6qN1bGif9gDL69B2lmH4hCjNp9CnVCciCOEJoPiJaFbjDCNi71feAoQmoxBmbxDwq7aBAgeATthLS9JDN2jwvFGDjwLdPmFGnzK57kOmfwlyODCFjpo+8CuSukCYQfBNPSIdYZkQJsQqg+ILT8EfPvhrK2FqCprDCdZWm5BA8AhFUbaMVfjwqXbQthyyxCgtgftTqxQktBqy3Bbj4IQGJlyLDMHxDwQGj1CDD9IO2IZQ/Ew4bNQlZzuGZU/tkM3Cz2rACjALGBAgQwVo6JoXDgDiHAQWzroyCU1gxfvLRD3XHR2JWrB5RgOnrT9IO2YA4xiE95MRAgf3SUZMMowPD4rIpqU5uH+KiYOQjCK2f3w4gbBBSQsEANP6DZIE2YI4y0ofEQNONoaFe3JCxCKYx8w1Po36hWqiMLH5Y3m3D+AhZnOQpUXAUD/SNkmoCXuMvSqPSVZ2X6Ebe8B8kstHhm24pMrdz8hm4VCMQBUJtM2z+oQZsniQkwLxnk4JSq8XC5/g1hm0I2lV/WIYmV4gm0AP/AIJ//9oADAMBAAIAAwAAABDzzzzzzzzzzzzzzzzzzzzzzzzzzzzzzzzzzzzzzzzzzzzzzzzzzzzzzzzzzzzzzzzzzzzzzzzzzzzzzzzzzzzzzzzzzzzzzzzzzzzzzzzzzzzzzzzzzzzzzzzzzzzzzzzzzzzzzziTzzzzzzzzzzzzzzzzzzzzzzzxTzzzzzzzzzzzzzzzzzzzzzzzxTzzzzzzzzzzzTzzzzzzzzzzzzzzzzzzzzzzwjzzzzzzzzzzzyxzzzzzzzzzzyjzzzzzzzzzzzyhTzzzzzzzzzyzzzzzzzzzTRDDTzjzzzzzzzzzDzzzzzzjDSTQhCyRBjDzzzzzzDzzzQChRgCRDiSzBDCCBDzTzwDzzxwTTCjRxSBTzzzzzwARTTAjzyzgTwQBRywQhCAADDizji8AwzyzTChjTDTTyAQhTRwwQRmFEQzyhigTE5yTjCzjRGItTyGxDxSjyzyDxxTDAARTwznyKyQAzghCRTzyxjQDjSixhxe8zgTARiAQwRzzzzzxxQBAzS1tVRCAAgRjBTzzzzzzzzyzihjAqlyQAgCSBzzzzzzzzzzzzwyCTzuxyBhxzzzzzzzzzzzzzzzzzyxxjQwRzzzzzzzzzzzzzzzzzzzzxyzzzzzzzzzz/8QAJREAAQMDAgYDAAAAAAAAAAAAAQARITFAQVFhECAwUICBkaHB/9oACAEDAQE/EPIt+iFcmuayQ9j4UYa7kvGkDHuEBuZhv0bc5Sy66BQcI2JURYODgiotytx1yCqt8bCfsoeTBalUT25VOAuRcMm77//EACMRAAEDAwQCAwAAAAAAAAAAAAEAESExQFEwQVBhgaEggMH/2gAIAQIBAT8Q+xbaMqTWD6NdAefShiHcl4xA28wgZ6x+jr5mDZrgKBJHRUFAOx2ItyZ5VwVVujoT7QWWDkKJs24QCNw6J53/xAAtEAEAAgEEAQIFBQEAAwEAAAABABEhMUFRYXGBkRAgQKHBMLHR4fBQYHDxgP/aAAgBAQABPxD/APa9/wAfZ0Lt1dsK8Rp70cDdg4CZ/wCjxHv1bL1rPcUfAa7qeDl+a/6Bzc4RXaKGnbM1NfHpGu6FXD/6s8+fPnz5v+Ps6F26u2FeI096OBuwcBM/V+WV/TTxHv1bL1rPcUfAa7qeDl+a+pJaSZjov02c3OEV2ihp2zNTXx6RruhVw/VZz1KeR7p/+iefOR9SgufB6/6P58qDqmTcG1/8J/z5fv8Ayyv6eSzpoZ7IIPVgkfU+pfvyWkmY6L9JhB6xQerDxdAF8MCMExwlMva2ekeEeRputhV8q7aeGG4qDpkwbFsIsmzFVznsC6Y7/TZz1KeR7p/oRAUANViwFwFd4yV6y7B4yL7B+WGUpqwOKYg8W2Iz43YdKi9Qv2eYql1VtXea5dJV5Y1sD1L5RfgVxs8WGOojccpYIRrqDgfJBJSsRw9Po8j6lBc+D1+v7EPjt4GZXdFF9hqiBIuQy2Uyx+88onq5jFMWU+hqY9LmKl/45jBSb1g8GhA3Z50lXA5+IXC1lTHJ6ulr2hJt1CveQZragu3mEkfcX6BQdUybg2v6n5orJH7w5AsK19mQGUUUWuXv4qGXnaC94DILVg+8scHVTLt0iBzgOh50IkTrWKdGsD4hUzHhwmEX4zBP2MHpgh98G/4h+UXBP7/5g2/3P5hEU56ipg4aJTzMRHWWW8zLGYQft9O/flBm6YIOVWBGXaomOchVX5cEUm5G16QwRAAU4p7DSGX4mAvZVsMF+mYerHt+2avbSZXqdE0wawPeC5/hc+0u+PiiaAd31feOWo3P9I5KLfn7Q1ovV+8AUatLoimkerHRPiizh4CH9IQfX7c/+Ahs/sIfVXmBYRu5DSfhvo8wEz9UZPMGr3Fft9E/fsA3mgbTwERX0oqtbktmKiQowA4iFqe2YKZpWntLuGbGp8BFVUtdVi38NZ4lRt25YPcgKI5qHyy92TI+xAPeJSYszpHL82wg/VAAAAOCixclf2BqNeZdzMLZJRhl0J7Jrk/Wfv0klNKVIOtm0Zwh8NeV6nCnUCLCiJrgQsc42w485csxouHLswU8aI38Fv4l0TtzKYUW8omtKZXA+kolxopR7S3FF0EC4HtCCD9EAAHR+gAAHDXIsVP9oLZgC/och7Tbmsk9uv6b9+jAMDwFx0u8dOCCtQ8x0RKOB2Os0hMAC1WmMu5TFmVzoDLa9/MHckMZ7ujwIUhrVCe8ucksGfAuWrB30HvKBU0VD0XMjqAVFzW1VuEBCD9MAAAdHzgAEIwAIECGtDSxUJh+qFAdsWVLVfsU1jFnQz7DGLjZrnz7+pLUVq0KvsMre3HdbthiPC8shZUdOa0LXdTHquMCiZBYRwYcEbqroQfZrnMWaLd1/uJhbeGh/eYsg0pfmXeYKpPzQ8AV6Z4qpgWRlu98I/vBmRg/clocjxs1L2TZgHT5QDo+B0fOAAfAEKwAKIECssDTMUQTrGnrCAI0H64aENzOph9GJTrzdnmoaF8ylZwkDIG1KZNvQ03jRIFavZtldxEaV4h7wAII6J8jiNYERa7x8A+AYSgXWmJqcNiRK9ISomqzooB6ShZW5s/ptN2ABr5xOmJCn5HAFYxX6S2gcHA6EH0OEs+xFEoiWJ8Do/SAAAfo3pF6N6p0rylDJeRgtyCxZyrG18esW4E56u9UUydrdWX+ZW0VCSBh0PEHrFyRyXbQCCUgQAnR+ZuKKAHnRHbKct4yEB4KPkBq/s42suyBvBKJyQTBvGzmWkjaI6kMSwNxph9E94P9xreDVAfG/tGVsjrngZWw6/yvxBWgtYLtt4QSGqUC1pLW7DicR0RdJs/MADqgr1KPSjUK9CpS/ebmmHwQuJ1ToiCZqFAQ27Ky1f7vCKs1lntjwSppLhVauCmBF/ojIrEh7tFBHA2KFJycxDyNWWhTQg4rXpZDodGYuDpRm33q/LAyi37VOf7kqV4yzMm+sI5uWfAzEFhK4CCjbiKQImo/A7lFdWMAQ96+8MR7gjf4Y9tw1ezs29IFp6lnxMt8b4QR6uSBfVDK2icxmUgYcmaLwQZamxzRlcJOj4FgKmn6EhYB6MwuJ1zpnXOmdMsk0bAR3TSqzt/hLrmC2Sl8GxHaJIl4QwrYacGHunviClS6UtjlYjX68l9nG7GXOkChqosDVqajbT76HBAiEOCBLPkBhV1BhEpJnxcWhujqBHiOTBgAbe4aSblUsZmIrJnHIYI17TcX0SUy9C9di9wMMLoqzq41JNaT8DqZk3IchxvVNeYhEfeGrJUNPq/EdE1MBIrXm0Z4zVzTsxJwOgJgeLaGYOq9K3lBiP8AMwYEdQAy3SBOG2hXsYs7LgQMdn2QYckoH7tawk4WJYzrm7UR6JbAEJPQw38vxAvYDkgoiuCOhnAKi0tKwZ8BHrOEpGqu0A3FCRWLd44IHE3Gi8Pg8uYCIGACggQoBslZXmGiEDNQcDT935cGCNSAZejtMtyWmo3EHQbj8wcjDwLeWAhNxCwyhVYHkagqFy3vBZYIITUWgmOd4UQ3Lks3eXbFf/YZyQnE3J+KAGYz40g5hbNYjJ0m5EC5Nq/wvXwSMsBqJoymYztv4y/WdU64sKGT93RgviBExQaArYMVEBRvjiUtqOFsqIgYsBhtQ2nROiBGFHdu384GjQ5IYIoqUrAU1CLRC9Hg8PEYl63T4sHtiUJcnCAyujEJk1DF6EN3HTV4iVcA+RnKmVa3BWiDSLan88ZX8gAKSJgW4HIvqJSLuGKFaBTHSp8N1DKspMIy/wAmaA4Ep6yrYEo5MPMA1zKonMq9k0IaVcMwLyhigpRp2cMVsC0M9f5fARcwkgWh2uvWEHEdEnXFa/q6/PI9S0PFO+WMudl64VNGvkm8FjAnUqqXi4GAGydEtmesnSDqqUtVbWEmKC8QgAAascuDRsPLB/jfl2ByppS4KfZhN3MGSGVLDVXLCKUWuIP5mC6v08EeOTVWCFhjS4OXcN/SUXJVaUCGuDvGyiQHR/uhD8rUCLBLe0NEX1FdF3D9MWiUZXfMairbTtKpU1eR4dJVENHEJ0fgIB8hG0Z0lKm8D2mOn7Tah9noFiR2p4Oe05/ZCqCmUusKTBg+kq6mec1rlrGFEX7Tt2oyaOO6hXkB6JyJBYJgpR933hLVXeSvtjFAOq2DvU94jGJyq2s6ImnLoYV/BGsmLVKkVdx6EcUAFg5Zmd6ao3zLXjEMGm6SNzTPG8LLXBMnUNjj5d4+OA0GA8E0hmX03P8AEW0ug3ioMpZZVkEXltaBGUiX/bmDRiHJbtmDfHzoCkjARnmAWZ1F8dYu7VYUZW6lbCvyRarKoK/XaE0fch40zDLEn3UH7JrRGhOzKrzdDXEqZgARKRMJAMJR0BSiUm1TgOyOGBZl0Fn/ACKj0EvOB3FUGtghdWECtNBgPZAEFFYlzwmpOiBxAKFIxMlUl5ljgh4OiIkZK4fOiYhm41wBja84gOzFgGgBDLB1Dq/iKrvePLvA50gNlcjSJKOd3r/UtVQ4A8sY4VnWvzD/AH8oNMBHCEWR6O75jUiggdOCCA/RQdSDtjMJEX1M2l9QMDDY3GWr2tWLzs9Imemg+ruespo+7DpGpvD+hNCo+0Yb8qHCBWYkmvFL+7m5G8NTFK4524DUlDxNixCGC0pDUeXLtBdBht6Lym7ZHpAEvdDkdhjIQ4ARXnSLjhTOOHlj4MhS6poeNYG10DyCsp7l8p/irmYLN6jxxMrYq8wKyHEMrxtj+YfWsAIdva0X5OIuFlJ9LGVli+0jHlbJegqitOV3mHJA2gAAOobQ/VApg0dfUstl6lpC7i4X11DzognQ+Vovc1JQeKGjBgBozOjlAqBvCKImv3l8kFjRjwWlV+Ak7p2nDHq4EZjOpIoYEgkIDZndhmd4qZeaWQ9XB6JdMjXg8sylB9v8y3B4lmrXYgktPRr/AFLxRXAlaRZca+CHdPyS3i9I8RkBV6d0fA1svQNCK4kCCYiHEEAGPoSsI8ED1LPS+oluu4yky2xAACFM6dbfWWmCFgTpgOnVgoglHMepXA3fu/IAGxKpm+qUyeDC91qaJQvoVAvUxLNI2RpADLBlFHL8EGjy6rWWbpusB5Yjs3JdX8xwp4z6fBgI/YMpKdt4xAUogzArqGQSoAKCvpC6EdCLlnC+pdQu4QR7wV9m0LklQUTxvHSTpRHoyoBmCCY5b4oBsSqCIo3GPewbfa/xAvLCBYBa1oeWANs+0QG5dAIHrLld+TiByDL93dmiV7gXTaNHfVl2sakqqDBldQah9RqBEwluWIL6iMq7gmULTV4ma+fFdG+dGEBPNDoqanpRuGYvXnuVpN/GLPE9oqUiy/cEilwXxELbwHL5YAAAGxKaD1w34hMgc704izw1fv5XeOhLcoaXitoNArqBgGJpg+rQSkjARnmATL6jeMt7QzEugKesYqjgrMKKrUDBD/Vmdk9wUmj3CqxFS9RGaD+DCDC06uxBqUe29+ZQW1otvsaRVmRRqd/xBq6BQjYgrqGgSoBQ+vQdSFojMPEX1Fmy+oRdQCi5EKpbXvovq8RH3lhNme4Tlsd4Qi37oi2cOC1jkb1Lz5cwipsKAS4G47PlgCD2gKhjqBUB/wAQSmAUVfUK3XUEYAiNhiCiyDJ70+1RUtNBYbOqfePCKxwIxHbJV6Af3NWloPfgww6RqdG8NJiAFBCjGAEaYP8Aj6oQpwm1Iq6HtNMX1AvdYfUmpTg+y0U7wI41RD2XeUCwWXANB/zNSIzYjZGwCCYP/BP/2Q==","provType":"MONITORING","date":"2018-03-12T11:00:01.216Z"}}},"provision.device.location":{"_value":{"_current":{"value":{"position":{"type":"Point","coordinates":[40.78375249031102,5.90943812094679]},"postal":"28033","source":"GPS"},"provType":"MONITORING","date":"2018-03-12T11:00:01.613Z"}}},"provision.device.model":{"_value":{"_current":{"value":{"name":"OpenGate","version":"1.0","manufacturer":"OpenGate"},"provType":"MONITORING","date":"2018-03-12T11:00:01.618Z"}}},"provision.device.name":{"_value":{"_current":{"value":"CHD_DEV_10 name","provType":"MONITORING","date":"2018-03-12T11:00:01.606Z"}}},"provision.device.specificType":{"_value":{"_current":{"value":"CONCENTRATOR","provType":"MONITORING","date":"2018-03-12T11:00:01.601Z"}}},"resourceType":{"_value":{"_current":{"value":"entity.device","provType":"IDENTIFIER","date":"2018-03-12T11:00:01.619Z"}}}},{"provision.administration.channel":{"_value":{"_current":{"value":"default_channel","provType":"MONITORING","date":"2018-03-12T11:00:06.712Z"}}},"provision.administration.identifier":{"_value":{"_current":{"value":"CHD_DEV_11","provType":"MONITORING","date":"2018-03-12T11:00:06.708Z"}}},"provision.administration.organization":{"_value":{"_current":{"value":"chemacorp","provType":"MONITORING","date":"2018-03-12T11:00:06.711Z"}}},"provision.administration.plan":{"_value":{"_current":{"value":"FLOW_RATE_100","provType":"MONITORING","date":"2018-03-12T11:00:06.705Z"}}},"provision.administration.serviceGroup":{"_value":{"_current":{"value":"emptyServiceGroup","provType":"MONITORING","date":"2018-03-12T11:00:06.709Z"}}},"provision.device.administrativeState":{"_value":{"_current":{"value":"ACTIVE","provType":"MONITORING","date":"2018-03-12T11:00:06.338Z"}}},"provision.device.communicationModules[].description":[{"_index":{"path":"provision.device.communicationModules[].identifier","value":{"_current":{"value":"COMMS1_SN_CHD_DEV_11","provType":"MONITORING","date":"2018-03-12T11:00:06.605Z"}}},"_value":{"_current":{"value":"COMMS1_SN_CHD_DEV_11 desc","provType":"MONITORING","date":"2018-03-12T11:00:06.608Z"}}},{"_index":{"path":"provision.device.communicationModules[].identifier","value":{"_current":{"value":"COMMS2_SN_CHD_DEV_11","provType":"MONITORING","date":"2018-03-12T11:00:06.511Z"}}},"_value":{"_current":{"value":"COMMS2_SN_CHD_DEV_11 desc","provType":"MONITORING","date":"2018-03-12T11:00:06.508Z"}}}],"provision.device.communicationModules[].identifier":[{"_index":{"path":"provision.device.communicationModules[].identifier","value":{"_current":{"value":"COMMS1_SN_CHD_DEV_11","provType":"MONITORING","date":"2018-03-12T11:00:06.605Z"}}},"_value":{"_current":{"value":"COMMS1_SN_CHD_DEV_11","provType":"MONITORING","date":"2018-03-12T11:00:06.605Z"}}},{"_index":{"path":"provision.device.communicationModules[].identifier","value":{"_current":{"value":"COMMS2_SN_CHD_DEV_11","provType":"MONITORING","date":"2018-03-12T11:00:06.511Z"}}},"_value":{"_current":{"value":"COMMS2_SN_CHD_DEV_11","provType":"MONITORING","date":"2018-03-12T11:00:06.511Z"}}}],"provision.device.communicationModules[].name":[{"_index":{"path":"provision.device.communicationModules[].identifier","value":{"_current":{"value":"COMMS1_SN_CHD_DEV_11","provType":"MONITORING","date":"2018-03-12T11:00:06.605Z"}}},"_value":{"_current":{"value":"COMMS1_SN_CHD_DEV_11 name","provType":"MONITORING","date":"2018-03-12T11:00:06.606Z"}}},{"_index":{"path":"provision.device.communicationModules[].identifier","value":{"_current":{"value":"COMMS2_SN_CHD_DEV_11","provType":"MONITORING","date":"2018-03-12T11:00:06.511Z"}}},"_value":{"_current":{"value":"COMMS2_SN_CHD_DEV_11 name","provType":"MONITORING","date":"2018-03-12T11:00:06.509Z"}}}],"provision.device.communicationModules[].subscriber.administrativeState":[{"_index":{"path":"provision.device.communicationModules[].identifier","value":{"_current":{"value":"COMMS1_SN_CHD_DEV_11","provType":"MONITORING","date":"2018-03-12T11:00:06.605Z"}}},"_value":{"_current":{"value":"ACTIVE","provType":"MONITORING","date":"2018-03-12T11:00:06.603Z"}}},{"_index":{"path":"provision.device.communicationModules[].identifier","value":{"_current":{"value":"COMMS2_SN_CHD_DEV_11","provType":"MONITORING","date":"2018-03-12T11:00:06.511Z"}}},"_value":{"_current":{"value":"ACTIVE","provType":"MONITORING","date":"2018-03-12T11:00:06.504Z"}}}],"provision.device.communicationModules[].subscriber.description":[{"_index":{"path":"provision.device.communicationModules[].identifier","value":{"_current":{"value":"COMMS1_SN_CHD_DEV_11","provType":"MONITORING","date":"2018-03-12T11:00:06.605Z"}}},"_value":{"_current":{"value":"SUBS1_SN_CHD_DEV_11 desc","provType":"MONITORING","date":"2018-03-12T11:00:06.512Z"}}},{"_index":{"path":"provision.device.communicationModules[].identifier","value":{"_current":{"value":"COMMS2_SN_CHD_DEV_11","provType":"MONITORING","date":"2018-03-12T11:00:06.511Z"}}},"_value":{"_current":{"value":"SUBS2_SN_CHD_DEV_11 desc","provType":"MONITORING","date":"2018-03-12T11:00:06.422Z"}}}],"provision.device.communicationModules[].subscriber.identifier":[{"_index":{"path":"provision.device.communicationModules[].identifier","value":{"_current":{"value":"COMMS1_SN_CHD_DEV_11","provType":"MONITORING","date":"2018-03-12T11:00:06.605Z"}}},"_value":{"_current":{"value":"SUBS1_SN_CHD_DEV_11","provType":"MONITORING","date":"2018-03-12T11:00:06.519Z"}}},{"_index":{"path":"provision.device.communicationModules[].identifier","value":{"_current":{"value":"COMMS2_SN_CHD_DEV_11","provType":"MONITORING","date":"2018-03-12T11:00:06.511Z"}}},"_value":{"_current":{"value":"SUBS2_SN_CHD_DEV_11","provType":"MONITORING","date":"2018-03-12T11:00:06.507Z"}}}],"provision.device.communicationModules[].subscriber.model":[{"_index":{"path":"provision.device.communicationModules[].identifier","value":{"_current":{"value":"COMMS1_SN_CHD_DEV_11","provType":"MONITORING","date":"2018-03-12T11:00:06.605Z"}}},"_value":{"_current":{"value":{"name":"TEST","version":"1.0","manufacturer":"sb-HD"},"provType":"MONITORING","date":"2018-03-12T11:00:06.516Z"}}},{"_index":{"path":"provision.device.communicationModules[].identifier","value":{"_current":{"value":"COMMS2_SN_CHD_DEV_11","provType":"MONITORING","date":"2018-03-12T11:00:06.511Z"}}},"_value":{"_current":{"value":{"name":"TEST","version":"1.0","manufacturer":"sb-HD"},"provType":"MONITORING","date":"2018-03-12T11:00:06.425Z"}}}],"provision.device.communicationModules[].subscriber.name":[{"_index":{"path":"provision.device.communicationModules[].identifier","value":{"_current":{"value":"COMMS1_SN_CHD_DEV_11","provType":"MONITORING","date":"2018-03-12T11:00:06.605Z"}}},"_value":{"_current":{"value":"SUBS1_SN_CHD_DEV_11 name","provType":"MONITORING","date":"2018-03-12T11:00:06.6Z"}}},{"_index":{"path":"provision.device.communicationModules[].identifier","value":{"_current":{"value":"COMMS2_SN_CHD_DEV_11","provType":"MONITORING","date":"2018-03-12T11:00:06.511Z"}}},"_value":{"_current":{"value":"SUBS2_SN_CHD_DEV_11 name","provType":"MONITORING","date":"2018-03-12T11:00:06.421Z"}}}],"provision.device.communicationModules[].subscriber.serialNumber":[{"_index":{"path":"provision.device.communicationModules[].identifier","value":{"_current":{"value":"COMMS1_SN_CHD_DEV_11","provType":"MONITORING","date":"2018-03-12T11:00:06.605Z"}}},"_value":{"_current":{"value":"SUBS1_SN_CHD_DEV_11ICC","provType":"IDENTIFIER","date":"2018-03-12T11:00:06.513Z"}}},{"_index":{"path":"provision.device.communicationModules[].identifier","value":{"_current":{"value":"COMMS2_SN_CHD_DEV_11","provType":"MONITORING","date":"2018-03-12T11:00:06.511Z"}}},"_value":{"_current":{"value":"SUBS2_SN_CHD_DEV_11ICC","provType":"IDENTIFIER","date":"2018-03-12T11:00:06.502Z"}}}],"provision.device.communicationModules[].subscriber.software":[{"_index":{"path":"provision.device.communicationModules[].identifier","value":{"_current":{"value":"COMMS1_SN_CHD_DEV_11","provType":"MONITORING","date":"2018-03-12T11:00:06.605Z"}}},"_value":{"_current":{"value":{"name":"software","version":"1.0","type":"SOFTWARE"},"provType":"MONITORING","date":"2018-03-12T11:00:06.598Z"}}},{"_index":{"path":"provision.device.communicationModules[].identifier","value":{"_current":{"value":"COMMS2_SN_CHD_DEV_11","provType":"MONITORING","date":"2018-03-12T11:00:06.511Z"}}},"_value":{"_current":{"value":{"name":"software","version":"1.0","type":"SOFTWARE"},"provType":"MONITORING","date":"2018-03-12T11:00:06.501Z"}}}],"provision.device.communicationModules[].subscriber.specificType":[{"_index":{"path":"provision.device.communicationModules[].identifier","value":{"_current":{"value":"COMMS1_SN_CHD_DEV_11","provType":"MONITORING","date":"2018-03-12T11:00:06.605Z"}}},"_value":{"_current":{"value":"GENERIC","provType":"MONITORING","date":"2018-03-12T11:00:06.521Z"}}},{"_index":{"path":"provision.device.communicationModules[].identifier","value":{"_current":{"value":"COMMS2_SN_CHD_DEV_11","provType":"MONITORING","date":"2018-03-12T11:00:06.511Z"}}},"_value":{"_current":{"value":"GENERIC","provType":"MONITORING","date":"2018-03-12T11:00:06.498Z"}}}],"provision.device.communicationModules[].subscription.address":[{"_index":{"path":"provision.device.communicationModules[].identifier","value":{"_current":{"value":"COMMS1_SN_CHD_DEV_11","provType":"MONITORING","date":"2018-03-12T11:00:06.605Z"}}},"_value":{"_current":{"value":{"type":"IPV4","value":"172.18.19.24","apn":"movistar.es"},"provType":"REFERENCE","date":"2018-03-12T11:00:06.622Z"}}},{"_index":{"path":"provision.device.communicationModules[].identifier","value":{"_current":{"value":"COMMS2_SN_CHD_DEV_11","provType":"MONITORING","date":"2018-03-12T11:00:06.511Z"}}},"_value":{"_current":{"value":{"type":"IPV4","value":"172.18.19.24","apn":"movistar.es"},"provType":"REFERENCE","date":"2018-03-12T11:00:06.413Z"}}}],"provision.device.communicationModules[].subscription.administrativeState":[{"_index":{"path":"provision.device.communicationModules[].identifier","value":{"_current":{"value":"COMMS1_SN_CHD_DEV_11","provType":"MONITORING","date":"2018-03-12T11:00:06.605Z"}}},"_value":{"_current":{"value":"ACTIVE","provType":"MONITORING","date":"2018-03-12T11:00:06.698Z"}}},{"_index":{"path":"provision.device.communicationModules[].identifier","value":{"_current":{"value":"COMMS2_SN_CHD_DEV_11","provType":"MONITORING","date":"2018-03-12T11:00:06.511Z"}}},"_value":{"_current":{"value":"ACTIVE","provType":"MONITORING","date":"2018-03-12T11:00:06.417Z"}}}],"provision.device.communicationModules[].subscription.description":[{"_index":{"path":"provision.device.communicationModules[].identifier","value":{"_current":{"value":"COMMS1_SN_CHD_DEV_11","provType":"MONITORING","date":"2018-03-12T11:00:06.605Z"}}},"_value":{"_current":{"value":"SUBT1_SN_CHD_DEV_11 desc","provType":"MONITORING","date":"2018-03-12T11:00:06.609Z"}}},{"_index":{"path":"provision.device.communicationModules[].identifier","value":{"_current":{"value":"COMMS2_SN_CHD_DEV_11","provType":"MONITORING","date":"2018-03-12T11:00:06.511Z"}}},"_value":{"_current":{"value":"SUBT2_SN_CHD_DEV_11 desc","provType":"MONITORING","date":"2018-03-12T11:00:06.414Z"}}}],"provision.device.communicationModules[].subscription.identifier":[{"_index":{"path":"provision.device.communicationModules[].identifier","value":{"_current":{"value":"COMMS1_SN_CHD_DEV_11","provType":"MONITORING","date":"2018-03-12T11:00:06.605Z"}}},"_value":{"_current":{"value":"SUBT1_SN_CHD_DEV_11","provType":"MONITORING","date":"2018-03-12T11:00:06.625Z"}}},{"_index":{"path":"provision.device.communicationModules[].identifier","value":{"_current":{"value":"COMMS2_SN_CHD_DEV_11","provType":"MONITORING","date":"2018-03-12T11:00:06.511Z"}}},"_value":{"_current":{"value":"SUBT2_SN_CHD_DEV_11","provType":"MONITORING","date":"2018-03-12T11:00:06.419Z"}}}],"provision.device.communicationModules[].subscription.mobile.homeOperator":[{"_index":{"path":"provision.device.communicationModules[].identifier","value":{"_current":{"value":"COMMS1_SN_CHD_DEV_11","provType":"MONITORING","date":"2018-03-12T11:00:06.605Z"}}},"_value":{"_current":{"value":"Telefónica Móviles España, SAU","provType":"MONITORING","date":"2018-03-12T11:00:06.616Z"}}},{"_index":{"path":"provision.device.communicationModules[].identifier","value":{"_current":{"value":"COMMS2_SN_CHD_DEV_11","provType":"MONITORING","date":"2018-03-12T11:00:06.511Z"}}},"_value":{"_current":{"value":"Telefónica Móviles España, SAU","provType":"MONITORING","date":"2018-03-12T11:00:06.409Z"}}}],"provision.device.communicationModules[].subscription.mobile.imsi":[{"_index":{"path":"provision.device.communicationModules[].identifier","value":{"_current":{"value":"COMMS1_SN_CHD_DEV_11","provType":"MONITORING","date":"2018-03-12T11:00:06.605Z"}}},"_value":{"_current":{"value":"SUBT1_SN_CHD_DEV_11_IMSI","provType":"IDENTIFIER","date":"2018-03-12T11:00:06.611Z"}}},{"_index":{"path":"provision.device.communicationModules[].identifier","value":{"_current":{"value":"COMMS2_SN_CHD_DEV_11","provType":"MONITORING","date":"2018-03-12T11:00:06.511Z"}}},"_value":{"_current":{"value":"SUBT2_SN_CHD_DEV_11_IMSI","provType":"IDENTIFIER","date":"2018-03-12T11:00:06.403Z"}}}],"provision.device.communicationModules[].subscription.mobile.msisdn":[{"_index":{"path":"provision.device.communicationModules[].identifier","value":{"_current":{"value":"COMMS1_SN_CHD_DEV_11","provType":"MONITORING","date":"2018-03-12T11:00:06.605Z"}}},"_value":{"_current":{"value":"MSISDN_FAKE","provType":"MONITORING","date":"2018-03-12T11:00:06.615Z"}}},{"_index":{"path":"provision.device.communicationModules[].identifier","value":{"_current":{"value":"COMMS2_SN_CHD_DEV_11","provType":"MONITORING","date":"2018-03-12T11:00:06.511Z"}}},"_value":{"_current":{"value":"MSISDN_FAKE","provType":"MONITORING","date":"2018-03-12T11:00:06.407Z"}}}],"provision.device.communicationModules[].subscription.mobile.registeredOperator":[{"_index":{"path":"provision.device.communicationModules[].identifier","value":{"_current":{"value":"COMMS1_SN_CHD_DEV_11","provType":"MONITORING","date":"2018-03-12T11:00:06.605Z"}}},"_value":{"_current":{"value":"Telefónica Móviles España, SAU","provType":"MONITORING","date":"2018-03-12T11:00:06.612Z"}}},{"_index":{"path":"provision.device.communicationModules[].identifier","value":{"_current":{"value":"COMMS2_SN_CHD_DEV_11","provType":"MONITORING","date":"2018-03-12T11:00:06.511Z"}}},"_value":{"_current":{"value":"Telefónica Móviles España, SAU","provType":"MONITORING","date":"2018-03-12T11:00:06.405Z"}}}],"provision.device.communicationModules[].subscription.name":[{"_index":{"path":"provision.device.communicationModules[].identifier","value":{"_current":{"value":"COMMS1_SN_CHD_DEV_11","provType":"MONITORING","date":"2018-03-12T11:00:06.605Z"}}},"_value":{"_current":{"value":"SUBT1_SN_CHD_DEV_11 name","provType":"MONITORING","date":"2018-03-12T11:00:06.7Z"}}},{"_index":{"path":"provision.device.communicationModules[].identifier","value":{"_current":{"value":"COMMS2_SN_CHD_DEV_11","provType":"MONITORING","date":"2018-03-12T11:00:06.511Z"}}},"_value":{"_current":{"value":"SUBT2_SN_CHD_DEV_11 name","provType":"MONITORING","date":"2018-03-12T11:00:06.402Z"}}}],"provision.device.communicationModules[].subscription.specificType":[{"_index":{"path":"provision.device.communicationModules[].identifier","value":{"_current":{"value":"COMMS1_SN_CHD_DEV_11","provType":"MONITORING","date":"2018-03-12T11:00:06.605Z"}}},"_value":{"_current":{"value":"MOBILE","provType":"MONITORING","date":"2018-03-12T11:00:06.619Z"}}},{"_index":{"path":"provision.device.communicationModules[].identifier","value":{"_current":{"value":"COMMS2_SN_CHD_DEV_11","provType":"MONITORING","date":"2018-03-12T11:00:06.511Z"}}},"_value":{"_current":{"value":"MOBILE","provType":"MONITORING","date":"2018-03-12T11:00:06.4Z"}}}],"provision.device.description":{"_value":{"_current":{"value":"CHD_DEV_11 desc","provType":"MONITORING","date":"2018-03-12T11:00:06.334Z"}}},"provision.device.identifier":{"_value":{"_current":{"value":"CHD_DEV_11","provType":"MONITORING","date":"2018-03-12T11:00:06.332Z"}}},"provision.device.image":{"_value":{"_current":{"value":"data:image/jpeg;base64,/9j/4AAQSkZJRgABAQEASABIAAD/2wBDAAMCAgICAgMCAgIDAwMDBAYEBAQEBAgGBgUGCQgKCgkICQkKDA8MCgsOCwkJDRENDg8QEBEQCgwSExIQEw8QEBD/2wBDAQMDAwQDBAgEBAgQCwkLEBAQEBAQEBAQEBAQEBAQEBAQEBAQEBAQEBAQEBAQEBAQEBAQEBAQEBAQEBAQEBAQEBD/wgARCAGQAZADASIAAhEBAxEB/8QAHAABAAEFAQEAAAAAAAAAAAAAAAYCAwQFBwgB/8QAGQEBAQEBAQEAAAAAAAAAAAAAAAEEBQMG/9oADAMBAAIQAxAAAAH1SAAAAAAAAAAAAAAAAAAAAAAAAAAAAAAAAAAAAAAAAAAAAAAAAAAAAAAAAAAAAAAAAAAAAAAAAAAAAAAAAAAAAAAAAAAAAAAAAAAAAAAAAAAAAAAQUnTlnUwAAAAAAAAAAAAAAAAAAAAAAB499hcLPP8A7z8s+pwAAAAAAAAAAAAAAAAAAAAAABxjs/GCG+mfM3pkAAAAAAAAAAAAAAAAAAAAAAAcY7PxghvpnzN6ZAAAAAAAAAAILpuIQ096Pn0AAAAAAAAAAAcX7Rw8h/qDyh6vAAAAAAAAAAOFwzoENPTIAAAAAAAAAAAHBO9+eiC+v/GnssAAAAAAAAAA4xDZlDT0yAAAAAAAAAAAxcgq87+iPO5zz2X409lgAAAAAAAAAHGIbMYOeoAAAAAAAACOkio4tGTsUIs/DS5mrHQYFb+kQ9fefJedURmRFwAAAAAAAAHD4BNOdnr8AAAAAxjJc7gh2vm0KlxDL0/05sMeK2i/Y+gfQ+Wy79xfhmZun+nQJZxX6ejr3neVHXkRk5fAAAAAB565z0Pnh7LAAAWeQnYo7yvVkxjGNcN5fitJINPjgUFX3BpM3GtCtjWjM+4X0zWJUZCzUXftuouV2qi9ma+om0v45UeicrzrJjsiEykzQAAed+edD54eywACg1XmjsUFOMTKYRElX3kW5OhsS2Z9nVVl/wCY+MbDFs1D79+ipUPv36KlQqVCpUKlQqVCpUKlQvW6iRyvmX07xm8A3p2JBpWcF550Lnp7LAA0W9hxz+J7jTi5R9M+DSy2cJwZNgkU10u1hocuzryVb7mw7fLvMV49SVcH6cSyr5WPv2o+VqhUqFSo+Vfaj5V9rKaqvp8+tQbjTwLZFGv6zLU4bt+1Xl5Rn9RjR0rZeV+wHSAIXNI0cY11usrqVC9brOJ4tVmS9XifLdjYx7ho470W4cpdB1xD7/Tpscz7VgcrO4VYWeKlwpqyskwsjKrLN25WU11VlP1AjM18t6ERST7PKTVZu3xS7HoZzMkfPZTG1k3ZY9ITpgGv2GKeWYz6P42WNvzbKOj1x3eHE95o8PJi2+FizPNmiFMljWvZ9y8XJ06usdR5b1oh3NumcHKIbpcAnfoHyJ6tNzmXKyzYt0cnjZv3X53N5mwu67bd/wCipXYhp1aybWuhlvMyc1Me7qOZLPOUauRGhkt60cz6RqOhFOxw8w6WADH00h+HKuZendUePa/R/NDgX2QQ4233X5hd+qinKsZJ1XrHKOsEN4j27hxroROxyvvPLOunWbnEpeSrXynI5PGj1O9zsHP12bXV3/o9doc/pXt7XNzTEyRwKB4xTn7S6U3KPh9fai5MYVYOg67mPWTo/wBt3AAAC3rdsOfc29D4B4rg/ufnZ5dzptADYZWg251/rPJetkL4f3Hh5rqvn0v+ivN/oQmUBmtaed913aODL4x8XtVWu25ur8IgBJIxuNiWshSV0qj5V9zjHytTBTf6WV9YIn0rMyh9AAAAACnDzhEIB23FPIHP/ccFOQ9n5ptjM4j1HkJR9ouD0T539HpvqlYqfbLuBm2l88ZG7kUun3qs+vn0VLpbyrkeN/BLPQSCdclcgMDZ1gAAAAAAAAD5YyBHoV1W0eaeSe3IgeLc/uHKDD9L+TfRZ0arXbFPtfyuxh5uGvIJNo97L9fLh8rvVlWLqss0e9nkxI5Lsu4fPoAAAAAAAAAAAALdwamK9AoPPMK9Wxs89TLfQw6JteKSNOm4WDfrl0hjcnl+5ON8LNyZyki0s22WWb/0AAAAAAAAAAAAAAAAKahiavf/AAgsO7PjnnDXelomcAnuz6eQ2Z7PKMXMrAAAAAAAAAAAAAAAAAAAAAHyi4LFdwfPoAAAAAAAAf/EADMQAAAGAQIDBwMDBAMAAAAAAAABAgMEBQYHERIgQBATFCEzNTYwMVAiIzQVFiQyJWCA/9oACAEBAAEFAv8A2vkeWwMdFBn8C5lfkM677+54fe+LL7fj9UYcfwem0KPKvPyGqPs+l3vH5DVH2fS73j8hqj7Ppd7x0uR5bAx0UGfwLmV1OqPs+l3vHS51339zw+98WX26jVI9qbStW930uqMOP4PTaFHlXnU6sq4aTSNfFfdLqj7Ppd7x1OsSuGh0aXxZB0uqPs+l3vHU61Hw4/op55D0uqPs+l3vHU62fH9E/kHS6o+z6Xe8dMqVHQojJRDWz4/on8g6XVI9qbStW930alpQU7KqiEHr62tDdNaXI9nNjCNlbpDUwzyWi0dhSoeRdLqyrhpNI18V90Nhf1NYU3PX3h3V9cqi4/FhplWLaS5I8t+K5FymQgRsgr5AQ424XRaxK4aHRpfFkH1plnAgJn6gRkCTb5JcnDxd102qqurkv3SEE6+8+r6DMuSwcbJ5bYjZFBfDbzTxfX1qPhx/RTzyH6b0liMmdmtbHEvIshsw1jsqUqNjkZgjk1UISL19YccW6rl3IgbrZDxDY8QO+WO8dHG8ON4Mzpsc4uVTWxFyaA+Gn2Xi+prZ8f0T+QfQUpKCl38CMJeSWb5/0+RYON19XEH9ThMBy6lqDkh57lUtCQclI45Ch3bpju2SG8ch3yCHiFDv1jvXB3ix3ix3ix3ix3qw1NkMnGyiY0IuTwXgzKjvl9HWz4/on8g5nnm47SNRqyxXIs5kobmCVsDfdMuVS0oBydxwvrHAwgeIQkG+4Y3Uf123nWji5FPYEbKIrgZmRpBc2tnx/RP5BzWDzRtZBp5WLUdhlGOHXZPV2IIyPlW8hsd4+6O6bSDkJSFOrV0yFrQca9nxxGydlYYmRpJdutnx/RP5ByrUSEyZRmcmWtS0yCUVjh9LZhcLLMbOuzKDINMuMtK58NseNS+CciNhUviG+/VoWtBsX82KImVRXwzOiyBrZ8f0T+QctxJ8PElu/oPzMEoyCJJkLmprrE/6LHSTlXGQFsIbCuJI8VJSG7eyaDWTW7QYzR8hHy2sdJiVGkp6WXbwYQfyOY+fg7OebNRJjhqfaxTkzWb2LiNRWYxaMWMORy5Me0SSrdPITBLOSg/EqhpUF1CFB2jfDkCW0DIy5G3nWVQcqsoorMjgWAL6mw4THCobH2TrWJAJ+0s7Q4GNOunCxtpsM1sdsigtLCaSMoHWwIyZ1hEbTIyRht7EpUp7kyo9oLp7p5EHsJjn+Z3w70E6OMjDkZh8n6VJh+HIj8iGXViqyGfVqiymJjXMTajBMgmkgkkNhsNgeySnW5rOJjpTFwscjMEiGlsEgw2wZhLaWymXjLRXGTNsOWq5ckY/WoiNYp/L7chY8RVFJTsSiPlm/wAwm1nyEowTg4ScD1D4g/7anoVDxYzEXHmGhLpq2QwTkzFp0OWzOY7CSZhLIJBENhsNhsNhsFrQ0iXMfsnKujJIYjIaIiCGjMJZISJbEYry8XHbORcXQebg49DpYL1jMXHSxFxT+X2yT/Re18qBJZsjI2JyFhLiVdsvymtLQ4U8myCIr6yNCkH2MH+5UElYZiRlNWMZpgSromzlZAJtr4lOK3CoE0ghkEnYKUhtKHnXh/nDvloCTSothsDMklLku2b9VUJbJtskklBmEMhx1mOmbbfplZKqYqNUGayIW/HOsqCEllub6GK/y+15HEVnWd8VpjZ8TkaXENixUkR7BKg26lQm/wAzsiymHEWbkdTfYx6lOIx/t3J+VsymSqXGfjrBHseOySn1Ow2Bd3xOSX3jSkwk1EGPJ7YbC2lKdXT1ZJJtrhJDI4UNlJtCSLTJY7LhRrO0NlhphBIGxBFeXiYMc0osEmljFf5fItolCRXIcE7H0OCxxjYPQZcQ2LBbZvSCVJJRGC7duxj1KcR/TuvtMP8AdcaQ8idXrjGMBsYqIJeY2EiI5uhbe5GgG82RxIjjJ7CY/wCGj1MFT7saJwJQ0RCROZji2vmIyXJ1xcqhVsSCRJMxuSR9+xpXAqBIjqFwlPg8YcLxpHvzKbJQfgoWJtE24LHGBY4xIZUtD8ZSHwlZHyMepTiP6d19pvqgyJRWFWbYoNOo17jLxZpiKqnNKqwCFJWSiQ4PCV4bNLJfcbCW0ubKrK1MZt15mMmdb7IlZFKnLj1DSXSLcbJSDMz7NuwyMg682wkrJ+xXQxERUI+3OaCMPQ0LEykbcFli6FlY4m40bzEqIaHwlwj7GP8AemEf07r7TfV7CMYo4TVAbhLFzg1BdB6hzPFFVWfQZCmH2JLew2GxivgtRkyLTYrTJmmXTr5VmtCENp4dhvyNtLcPdiOLG9QhTFdOtXaqiJoo0YmyLy+kaSMOxULEunbcKxxlKys8RNByIUyEaHxGdI10xiP6d1/rN9Xtxv2YEEuGQtsZo70pGC5HQLg567Dcg2UCyaLyFvfRq9t561vCiQo8Jsi3G+3IRGoyZQ0J9szGbclWFsqpxokiDUoaJthKC+qaSMOR0qEqpbcFhjaFi0w8t11s2C5RyBEeI27kyNM31e3Hi2p+QlGQn1tbatXWFpqnqmzzKS3CqmYp/ceRD79m3YhgzJclthMu7W6qBQvy3a2iQ2TENDZEki6HbcLYSoSaxtwT8dQsP0j8JcS1Q2LaTumU+Rukoj7aIv8AiOV0+Fu6dWtxtPAjlQ2pw/2mROt22j8NPtV1eOpQIlahokNknpdgppKhIrkOCdj6HBPx95BWVLOZWTq0GiQRglkYpPaeWX6MlHHP7dgRGYJpKBJmoaQt6ZOOvx/zhVCGw1HSgiLbqVNkYfgoWJtE24LfEW3im41LiBK3Urp7MmojMttwEZHyS/Rf/TOGxn2IaMwbyGyXLceVGplurh1CSDENKAlBF1poIw9DQsTKRtwWGLoM3a6ZENiyeYOHdkYYnNuBKiPsmei952ASk1H+20H5fmzVyZZxKpKCjwUpCGiT+BNJGHYqViVUNuCZjqFCRjzrZ8U+CcO8EexacEtxJsKPexLYLeS2liJMniFTMxwzCIg2wSQRbfhDIjC2EqDsBCg9VIMTMUjuiRWW9YHLxRN10k5Nk33slcHHkINuMQQwRAkkX4k0EYUwRhUYhZ4rV2aYGAohSo0BmMhLQJH43YcI4ASf+i//xAAkEQABAwIGAgMAAAAAAAAAAAABAgMEABEFBhMhIjESQCBwgP/aAAgBAwEBPwH9KEgd+zLhiUBvan1vYcwkNjyqHIVJa1FC3znYuiKrTSLmhmNYPJFRJSJjQdR683B25StRJsaRlvfmumGERmw2319Qf//EACMRAAICAQMEAwEAAAAAAAAAAAECAwQABRESISIxQAYgcID/2gAIAQIBAT8B/pQkDz7NqqLIHXbJ3loQqIxyypObEXNht97mqpWbgo3ODX3B7lyrZW3GJU9e5pKWW5qdjifH+ve+QQpXQRp4/IP/xABIEAABAgMDBwcJBgQEBwAAAAABAAIDBBESITEQEyJBUXTCICMyQFJhcQUUMDNCYoGhsVByc5HB0QYkY4IVQ2ThNDVTYICSk//aAAgBAQAGPwL/AM12w4rHRo77xDadXehJRpd0rFf0KuqHfH7Rm873Wfu0UHMeszjbPjX7RlZ8Q+fzuate7QlPiR4doy8HOM7nVH2jK7zwlTW7cQ+0ZXeeEqa3biH2jK7zwlTW7cQ6s2HFY6NHfeIbTq70JKNLulYr+hV1Q749ald54SprduIdWm873Wfu0UHMeszjbPjXrUrvPCVNj/S8Q6tKz4h8/nc1a92hKfEjw7Rl4OcZ3OqOtSu88JU5uvG3q0rvPCVNbtxDrUpvXA5Tu6cberSu88JU1u3EOtSW98DlPbnxt6tK7zwlTW7cQ61Jb5wOU7ufG3q0rvPCVNbtxDq9h8dgdsqqg1ySW+cDlO7nxt6tK7zwlTY/0vEOqWnuAHeizP52J2Yd6pAYZeF3YogvJOs1XNx3KkzCDu8KWg+TGF8WFMZxzO6yVPNmYDoZ801j329Wld54SpzdeNvUv5qcYD2ReUYfkmS/vifsqzk1ELT7OAWdmXAeKzMk2y3tcnOwX2XYVVJhger32D3qsN4d4dTlN64HKd3Tjb6e3NzTIfiUYfkyWdHd2jcFZfGMJh9mHcrcap8VajuaFYkYVPeKtRYhcfQ1hRXBUjARAqPObPerUKIHeHUJLe+Byntz42+ktx4zGD3irEo10y/3cEWQP5aGexis5Mve87XFWotAqNo8+6rMu0Qh81aiPLj38q8rpLWrmFXQivVr1a9WqwiWqkeFbCpErDPeqwojXeB9LJb5wOU7ufG30NpxoFc4xXbGKzKtZBbtOKtzUy6KfFc7FbXuX8vLV8VRllngFzkVzvjyb3LRBK0WUWnFWk+qubVXQ10RkxXSXSXSWOSsN5CpFFsKkWsMqsKK13x9FJb5wOU7ufG3lvjxnWWMFpx2BPheSogdZ1uuK5yMaZMKqzbu2DlaRoqQ2Fy0n2VpGpWgxbFefT1hxC1Ue7ODvVI7CwqsKM08uS3zgcp3c+NvLdLPAdbFHA7EZnyLGMnGxs10f9lY8pSxmIA9sfug0Rs3E7L7ldybytAWRtVqK6p71SG1Xnq1WOIVM5bHeqTEOz3hVgxWnkSW+cDlO7nxt5RedQqnRCcVirMQAg7UYkFvmsXtQ8PyVqE7z2WGy+5ZqcaZaJ72CtNjsIPetKYZ+a0IzGt8VXOtJ8VoEBXnrdWOIWnFq33lzgp3tNVzUZpUlvnA5Tu58beVSnrNHk3ouiy4D+224ojzmKKE6166J+a0Y7/zV0Z35rRmYn/sVoTsX8168P8AvBfzEq133Sudtwj3hW4EZrx3Hq3OxgXdlt5VmRl7A2lVmYr3dytQnOae5aWmmyPlaXe+G02gHaio3lCAYliPBzVk6rwf0XNxh8eTCP8AU/TlxmVuER31XrHL1zh8FVkVrlpQT8FeORahRHMPcVSK4Rm+9igy3movZd6bArArDJzr6v1NGKzcEZqH3K1EBK0mroBdBVMNWntY0d6LIDG07RXm0jWYj9liiw5lxqGh1Ca0PIhn+p+nLj/iO+vIvWlDa5VgPp3Fc4z48jQaUIE61z4PvYhCNLvDmn0F5WCw5FTcjAkhU63rOx4dSdaFGrRAWGSrrkWSwtO26lZiPfHjOwYy9N/xCM6Hb6MtDN/9yzrYQbVTP4bfryIwA0mi0FQ8qP8AiO+qqGHk3qgv7lWCwsd8lSLDNNq0mrSARgx2DuOxUa/OSzz8k2YgOq12W5aSuHLMSIaALMwKiF9UHParhyKYu2IxJ2MGQtQC/lB5pLf9R3SPgjFay3Hdg517nFGZmDacTVUaFM/ht+vIIOtRHwmWoJNRTUqFYrHLGP8AVd9VVpQI6StNhkhUe2hyhAPaCr4LSi6Xu91FpNCrnIsfeEJaI7mIxp4HJpK5WnuAHeqyspFiDtdEfNf8Iz/7Bc/Lvh9+IVWmoy2nXALNQqiEPmgS1UAy1iOoiQ/NsGtOlvIrM9EwMU9Bq858pxzNxsRXot8ArlY9iFcFWi+Kmfw2/Xkm5FzW0KvBIVCrysVH/Ed9coFoAgYFANILu7KEMhRDjR2pwVIt/fqyVCgTJvdZo7xyvmY7M5YdZhMOHiVzkQ5MVYb7V9MvmUE/fQcWqgGS04gBWZf80YLXmYmThDZerflmLZhaoEP9ShDgw2saNQCq80Vyc6mJqqAK/apj8Nv15XRR0ES1qwJCo5RTtefQDIclh7agq2zSh/TI+Tix2tiW6taTqy52ALW1qo42TsNy6QVkG044NbeUZmaFl7hZhw+yNpyOia8As468m9AUyUbpOWcnZgNGpqsw2mSlO0fWO/ZcxD0ji83uK7lo/nlqRVUtgeKLmkYhTAB9hvoOiugiQxF8Gu2hVmMwt5QQyHLQhGPLjR1jYpbynCnHy848uNcWm+5UnIJmpYe0NIIQ4rsxFOpytMcCO5UjQYcT7zV/y6D81SXhQ4X3G0V+Rsuzosx8ULr1V5+CLnPEKGMb0ZfyJBtDXMPuaP3Xnc48zMz236vBUCvvKvyX5LwrcR4aAsxKlwha3LQbecTt9FguijzdUXQKt7tSpGhkd/ICGQ8mXhsuAr9VR4qCjEEHzWMf8yFd8kYvk6KZ6VGoX/JZjynDdKRcNLBCLAite04EHLcs9FpU31VmAKe8V5vKMdNzJ9lurxQmPLMa1sgN6A/dBjGhoGAC0lQXDLctEfFXc4/5BZuFz0bYNSESccSNTRgho+lwXRR0EXQQWH5LnYZptGQIZDyZfw5B8+k25w/5jbnJ0z/DHlIxoeOadj+xXmf8SeT4kvEF1sN/RZ6SmYcVvulVVuZi1Psw24laZdIyvZHTd+yzcvDsjWdZWwLR/PkUCrHP9oXOPDG6mjWrEAGDB+ZQJYhorD0+C6KOgi6G2we5abKt2hDIUeRLfd5Wa8oycOM33hejN/w75SiQHj2C79U+Umwxgp69wv8A91nYj3R45xiRLyrltV+S/JaebLVzeiNbijC8nttu1vOCz80S9x2oaKw6nguijoLOQB8FmpkGE7vwVQa8mV/D5RKsA4mia3YOVohdt3yVmuciamhc+S1nYCGguj1fBdFHQREMmmxF7W2grLwQe/LK/hjlFQx72W7LWMfgtJwYzYrEu0w4fa1lVLanaUNFYdb6KOijWHftCJhEupqWbLTawooMBx6DQFjySof3sl+S064bVzd3vFWJVtt3a1LOTBMR3yXRWHX8F0VbbDv20WjUhUfUK8rHKVDHvZKBdpys3vfqaFamjZb2AgGsoFh9h4LoroKsElq5xhptVHFYq4qH4q9Y2QubbmoXaOJWi2rtbjisFh9jYLBdFF0KsJ+1uCtWDFhj2mKy4pt+FSs1Jw847bqCEWcOdibNQWH2ZgsFz0Cy7tsuKdEM1bhHVrQhwYYaP+9//8QALBABAAIBAwIGAgMBAQADAAAAAQARITFBUWFxECBAgZGhscEwUPDR4WCA8f/aAAgBAQABPyH/AO65oBUwrktpg0FXdxgZ/sdx65+hU3/tOuKpel61/YDCCsOrhH3IGpi3Siv7f7H6yf3n9j/WT+8/sf6yf3nps0AqYVyW0waCru4wM+q+sn956b3Hrn6FTf8AtOuKpel616m4dE+7D02MIKw6uEfcgamLdKK/t9VZ+mdM6/TH1k/vPVdt6YUJd/pj6yf3nqu1dMGoeXpj6yf3nqv66H33pj6yf3np/rcIblcQdx8ProffemLh0T7sPSbcC1VUfoljmd4vcdtU7wsx5DcVEgbXiVpTsMOEFGuP+Ul/aTS9MWfpnTOv0JdZYo6hfoI+scSPBbD9Mr6zLCHbjXL2muXxLMjLAqcGtcSmObphlIM+01qTyv0dt6YUJd/84rBHc+IxsM138ziBqpUM2jqu2Caxs6vtKlOh/BO+tH+DTSCqLwyr5YdZWK+FK6Lq9BaumDUPL+Qaie4kdfY5bvEqGgBo7y7p6qWFEI5xCcJ2FwN5J1hYgbq/M6YO7NWMdi3tKOvlkF2k9NDgS9S6Mp+rt5Rs/jiAyj/KfXQ++/hFIy1VgKd8H3GS31I6kxdwh4vG2TEFIzfGDtL7kavvHlaLE0bs2p3zinaf9un/ACibSnAEt4PbwvXTqocqE50PiXiPRleTrayk7oyShc6fxProffecCiunQNWPiHVNnUHaPN9bDFNVl+6LrmZkHaE6vlCsYsWjmbOHBNb35jgfqmiJ2R1qypUCBAgQIECBAgQIELMjhlJRdpqeYjJDlp2vPn+uh995wgvUVltmA3rQJv03jSLXWx2fuGBN1kAtCeXmvg1j8j2s+yZDIODeDxqVKgQIECBAgQIECBAgQIECW4vRlIqG2crkKAG67XnyfXQ++8xomsplVNY5p1Ny9gWMuCXPI6xeF1KvZqQdoq83fb3gzTwhhFn4K5mg5lW2Zt18LNIRzeYp3YyvCpUCBAgQIECBAgQIECBAgQJUDyW6pwwCxLZwoB7AhY2m10z6aH33mLjWefEpVMVj4aWwuoX59n/9IY96rRhSZzS3jSvUXL+ehoX2hoQ73/MvBucLGaE5omfOBcfUNrkCBAgQIECBAgQIECBKgSoHkxUACr3hswFnlj4gfVZJBphOSma7HPFdWPZYVNYZN0uCTLdlTLHJ5P8AWdURfEJUyM1mZYIV3TVwuaD8xA2M+5eKQ3yiNIPXyFjjeqKm8Z+yFoU1evh3lEsgQIECBAgQIECBBcMP/Gh/5Uq3So30TdqXhttrfeAnDzABCAg+CYavxEKbKRhvGzYEypVFrR+92ji1vmLU8nSQ/lBevAgQJZuUv/u0FCdwahpnxK57RmW1nBDLXDJ5GolWZ5U9GAdexIECBAgQL0m2V3h/8IXlB6GEkEWjgMqzbDlH4mQLWrWJFDCaitVhNUJbYBqsp2eL6IMY9Zy+0f3KqKcqOKQ1qf5HLyMDPwrX6jLE0ZhAgQJ/n8odYnaaa+Au0BLcZQw7LdL5D6ZTGItAYZQPzQQYka7Oo+SXSVlu/wCjCrm+HiBAjNC5uKbQQkgggggkJ7VlOhtde6EZCDQScJNghNSJAnGm8MS1jIKuoYeiEGxPnjG5WRYbqUk/yOXkKksFJGaIrqHDL2/MEBgjEECUWLBPvAoq44i1W+tcSzuaMu04k8WIBd4CV4lNElTymr/UrwGozUjrao4/Kj7bBekRz8IQoVGRnqqE9S59sAcvbzza9/pZCZE3IQQ3QBaszKPB+UzNoOg2Sb6ShDo3Y4KNa2sRPPWU77wTbsMAFCiHVXFdd5oJYafZP8jl5LUj8hLJ+QmPo3I4KkoyFOkf4/KaZGbxEVYtW0vVfDw8o0+HhTkJDJoOh1eCElJkY41trowwkhs8tjqalvECngvEdAavKiFVaNMQggmytx+JmLQwgZ1Jg0N2XdCmr0mCE2YvrxF5brdRX3TQzhSIIYHjdlKt88sdmvCKCmmyf5nLyJcGyQJsQqg+Iqo3kmHgS0SJzLk6n7ZvnlKZpQz+Lweb3jQ22iwFN/28Atp1O+iAFkIttSste5LWs65RCH7YY2IFnsS6bti1Nep0hBcQp5ZXlTZYRkC2wTHxmkY7DLl7G8ZOT0HoQj5XNPVmd05MNPt5RVWtspglQTVEdsJdg4mHIOt8soX5UGHaQdsQxofENwT2iHWVULs7qYgOrNwgw8QZ/F4fV7wYoAjqMPsNe/8A+JswuAC0aneC0fv1d9T3i+mzTL6MMPGRUDpvSX5hddv+dZSKutC+dZlWrhAerAEkYZlMd7DViDfWmmJsRz4ji5na5TtbRVRcPoLaaq9vA7HSXijBNQCJd8SzPEsu/Yhm7d9Yv52sP0g7ZhDj8Q1SHZJYiciKHQ9k5WbhBHxyMO0Mxn38Bh1TAUMKG2UvCYiJYzdAVOTy6GcpBBh1edOIMsi3L3294Qh7thIQRdjVESDIUJiAg63T9+5tKqQbXXdgwxUCggMnXTeLqjoHgC9DmFH7Svd5aRPoDdgvyGDTiyIL0WaO66Q2BBSv4tsgjZijGY5o9J0QQPwiEoesTnZmaE4s/H4XV7yvAlw+r8wIkmoTBTMHW9zX3l1C5VPgr/hLfvsqscrruYhBa3tTuakyHCWHPyE4CFr43dj6sUQamonK7xRfuMBpe7WdWGcBcoNcsowr0get21mIqX1UWWzfa/UzTLlXVmCkIBABp/LsEHbEBcITQ/ECm5Tj4l3YmTGbAudpnGfa8anzv9wIECE3yI2Y6Ls6kyZ9vHsD8MwNwPmCsQ61274OICqFwNfP6iqtTSex0nQ0nf02N8Q6qN1bGif9gDL69B2lmH4hCjNp9CnVCciCOEJoPiJaFbjDCNi71feAoQmoxBmbxDwq7aBAgeATthLS9JDN2jwvFGDjwLdPmFGnzK57kOmfwlyODCFjpo+8CuSukCYQfBNPSIdYZkQJsQqg+ILT8EfPvhrK2FqCprDCdZWm5BA8AhFUbaMVfjwqXbQthyyxCgtgftTqxQktBqy3Bbj4IQGJlyLDMHxDwQGj1CDD9IO2IZQ/Ew4bNQlZzuGZU/tkM3Cz2rACjALGBAgQwVo6JoXDgDiHAQWzroyCU1gxfvLRD3XHR2JWrB5RgOnrT9IO2YA4xiE95MRAgf3SUZMMowPD4rIpqU5uH+KiYOQjCK2f3w4gbBBSQsEANP6DZIE2YI4y0ofEQNONoaFe3JCxCKYx8w1Po36hWqiMLH5Y3m3D+AhZnOQpUXAUD/SNkmoCXuMvSqPSVZ2X6Ebe8B8kstHhm24pMrdz8hm4VCMQBUJtM2z+oQZsniQkwLxnk4JSq8XC5/g1hm0I2lV/WIYmV4gm0AP/AIJ//9oADAMBAAIAAwAAABDzzzzzzzzzzzzzzzzzzzzzzzzzzzzzzzzzzzzzzzzzzzzzzzzzzzzzzzzzzzzzzzzzzzzzzzzzzzzzzzzzzzzzzzzzzzzzzzzzzzzzzzzzzzzzzzzzzzzzzzzzzzzzzzzzzzzzzziTzzzzzzzzzzzzzzzzzzzzzzzxTzzzzzzzzzzzzzzzzzzzzzzzxTzzzzzzzzzzzTzzzzzzzzzzzzzzzzzzzzzzwjzzzzzzzzzzzyxzzzzzzzzzzyjzzzzzzzzzzzyhTzzzzzzzzzyzzzzzzzzzTRDDTzjzzzzzzzzzDzzzzzzjDSTQhCyRBjDzzzzzzDzzzQChRgCRDiSzBDCCBDzTzwDzzxwTTCjRxSBTzzzzzwARTTAjzyzgTwQBRywQhCAADDizji8AwzyzTChjTDTTyAQhTRwwQRmFEQzyhigTE5yTjCzjRGItTyGxDxSjyzyDxxTDAARTwznyKyQAzghCRTzyxjQDjSixhxe8zgTARiAQwRzzzzzxxQBAzS1tVRCAAgRjBTzzzzzzzzyzihjAqlyQAgCSBzzzzzzzzzzzzwyCTzuxyBhxzzzzzzzzzzzzzzzzzyxxjQwRzzzzzzzzzzzzzzzzzzzzxyzzzzzzzzzz/8QAJREAAQMDAgYDAAAAAAAAAAAAAQARITFAQVFhECAwUICBkaHB/9oACAEDAQE/EPIt+iFcmuayQ9j4UYa7kvGkDHuEBuZhv0bc5Sy66BQcI2JURYODgiotytx1yCqt8bCfsoeTBalUT25VOAuRcMm77//EACMRAAEDAwQCAwAAAAAAAAAAAAEAESExQFEwQVBhgaEggMH/2gAIAQIBAT8Q+xbaMqTWD6NdAefShiHcl4xA28wgZ6x+jr5mDZrgKBJHRUFAOx2ItyZ5VwVVujoT7QWWDkKJs24QCNw6J53/xAAtEAEAAgEEAQIFBQEAAwEAAAABABEhMUFRYXGBkRAgQKHBMLHR4fBQYHDxgP/aAAgBAQABPxD/APa9/wAfZ0Lt1dsK8Rp70cDdg4CZ/wCjxHv1bL1rPcUfAa7qeDl+a/6Bzc4RXaKGnbM1NfHpGu6FXD/6s8+fPnz5v+Ps6F26u2FeI096OBuwcBM/V+WV/TTxHv1bL1rPcUfAa7qeDl+a+pJaSZjov02c3OEV2ihp2zNTXx6RruhVw/VZz1KeR7p/+iefOR9SgufB6/6P58qDqmTcG1/8J/z5fv8Ayyv6eSzpoZ7IIPVgkfU+pfvyWkmY6L9JhB6xQerDxdAF8MCMExwlMva2ekeEeRputhV8q7aeGG4qDpkwbFsIsmzFVznsC6Y7/TZz1KeR7p/oRAUANViwFwFd4yV6y7B4yL7B+WGUpqwOKYg8W2Iz43YdKi9Qv2eYql1VtXea5dJV5Y1sD1L5RfgVxs8WGOojccpYIRrqDgfJBJSsRw9Po8j6lBc+D1+v7EPjt4GZXdFF9hqiBIuQy2Uyx+88onq5jFMWU+hqY9LmKl/45jBSb1g8GhA3Z50lXA5+IXC1lTHJ6ulr2hJt1CveQZragu3mEkfcX6BQdUybg2v6n5orJH7w5AsK19mQGUUUWuXv4qGXnaC94DILVg+8scHVTLt0iBzgOh50IkTrWKdGsD4hUzHhwmEX4zBP2MHpgh98G/4h+UXBP7/5g2/3P5hEU56ipg4aJTzMRHWWW8zLGYQft9O/flBm6YIOVWBGXaomOchVX5cEUm5G16QwRAAU4p7DSGX4mAvZVsMF+mYerHt+2avbSZXqdE0wawPeC5/hc+0u+PiiaAd31feOWo3P9I5KLfn7Q1ovV+8AUatLoimkerHRPiizh4CH9IQfX7c/+Ahs/sIfVXmBYRu5DSfhvo8wEz9UZPMGr3Fft9E/fsA3mgbTwERX0oqtbktmKiQowA4iFqe2YKZpWntLuGbGp8BFVUtdVi38NZ4lRt25YPcgKI5qHyy92TI+xAPeJSYszpHL82wg/VAAAAOCixclf2BqNeZdzMLZJRhl0J7Jrk/Wfv0klNKVIOtm0Zwh8NeV6nCnUCLCiJrgQsc42w485csxouHLswU8aI38Fv4l0TtzKYUW8omtKZXA+kolxopR7S3FF0EC4HtCCD9EAAHR+gAAHDXIsVP9oLZgC/och7Tbmsk9uv6b9+jAMDwFx0u8dOCCtQ8x0RKOB2Os0hMAC1WmMu5TFmVzoDLa9/MHckMZ7ujwIUhrVCe8ucksGfAuWrB30HvKBU0VD0XMjqAVFzW1VuEBCD9MAAAdHzgAEIwAIECGtDSxUJh+qFAdsWVLVfsU1jFnQz7DGLjZrnz7+pLUVq0KvsMre3HdbthiPC8shZUdOa0LXdTHquMCiZBYRwYcEbqroQfZrnMWaLd1/uJhbeGh/eYsg0pfmXeYKpPzQ8AV6Z4qpgWRlu98I/vBmRg/clocjxs1L2TZgHT5QDo+B0fOAAfAEKwAKIECssDTMUQTrGnrCAI0H64aENzOph9GJTrzdnmoaF8ylZwkDIG1KZNvQ03jRIFavZtldxEaV4h7wAII6J8jiNYERa7x8A+AYSgXWmJqcNiRK9ISomqzooB6ShZW5s/ptN2ABr5xOmJCn5HAFYxX6S2gcHA6EH0OEs+xFEoiWJ8Do/SAAAfo3pF6N6p0rylDJeRgtyCxZyrG18esW4E56u9UUydrdWX+ZW0VCSBh0PEHrFyRyXbQCCUgQAnR+ZuKKAHnRHbKct4yEB4KPkBq/s42suyBvBKJyQTBvGzmWkjaI6kMSwNxph9E94P9xreDVAfG/tGVsjrngZWw6/yvxBWgtYLtt4QSGqUC1pLW7DicR0RdJs/MADqgr1KPSjUK9CpS/ebmmHwQuJ1ToiCZqFAQ27Ky1f7vCKs1lntjwSppLhVauCmBF/ojIrEh7tFBHA2KFJycxDyNWWhTQg4rXpZDodGYuDpRm33q/LAyi37VOf7kqV4yzMm+sI5uWfAzEFhK4CCjbiKQImo/A7lFdWMAQ96+8MR7gjf4Y9tw1ezs29IFp6lnxMt8b4QR6uSBfVDK2icxmUgYcmaLwQZamxzRlcJOj4FgKmn6EhYB6MwuJ1zpnXOmdMsk0bAR3TSqzt/hLrmC2Sl8GxHaJIl4QwrYacGHunviClS6UtjlYjX68l9nG7GXOkChqosDVqajbT76HBAiEOCBLPkBhV1BhEpJnxcWhujqBHiOTBgAbe4aSblUsZmIrJnHIYI17TcX0SUy9C9di9wMMLoqzq41JNaT8DqZk3IchxvVNeYhEfeGrJUNPq/EdE1MBIrXm0Z4zVzTsxJwOgJgeLaGYOq9K3lBiP8AMwYEdQAy3SBOG2hXsYs7LgQMdn2QYckoH7tawk4WJYzrm7UR6JbAEJPQw38vxAvYDkgoiuCOhnAKi0tKwZ8BHrOEpGqu0A3FCRWLd44IHE3Gi8Pg8uYCIGACggQoBslZXmGiEDNQcDT935cGCNSAZejtMtyWmo3EHQbj8wcjDwLeWAhNxCwyhVYHkagqFy3vBZYIITUWgmOd4UQ3Lks3eXbFf/YZyQnE3J+KAGYz40g5hbNYjJ0m5EC5Nq/wvXwSMsBqJoymYztv4y/WdU64sKGT93RgviBExQaArYMVEBRvjiUtqOFsqIgYsBhtQ2nROiBGFHdu384GjQ5IYIoqUrAU1CLRC9Hg8PEYl63T4sHtiUJcnCAyujEJk1DF6EN3HTV4iVcA+RnKmVa3BWiDSLan88ZX8gAKSJgW4HIvqJSLuGKFaBTHSp8N1DKspMIy/wAmaA4Ep6yrYEo5MPMA1zKonMq9k0IaVcMwLyhigpRp2cMVsC0M9f5fARcwkgWh2uvWEHEdEnXFa/q6/PI9S0PFO+WMudl64VNGvkm8FjAnUqqXi4GAGydEtmesnSDqqUtVbWEmKC8QgAAascuDRsPLB/jfl2ByppS4KfZhN3MGSGVLDVXLCKUWuIP5mC6v08EeOTVWCFhjS4OXcN/SUXJVaUCGuDvGyiQHR/uhD8rUCLBLe0NEX1FdF3D9MWiUZXfMairbTtKpU1eR4dJVENHEJ0fgIB8hG0Z0lKm8D2mOn7Tah9noFiR2p4Oe05/ZCqCmUusKTBg+kq6mec1rlrGFEX7Tt2oyaOO6hXkB6JyJBYJgpR933hLVXeSvtjFAOq2DvU94jGJyq2s6ImnLoYV/BGsmLVKkVdx6EcUAFg5Zmd6ao3zLXjEMGm6SNzTPG8LLXBMnUNjj5d4+OA0GA8E0hmX03P8AEW0ug3ioMpZZVkEXltaBGUiX/bmDRiHJbtmDfHzoCkjARnmAWZ1F8dYu7VYUZW6lbCvyRarKoK/XaE0fch40zDLEn3UH7JrRGhOzKrzdDXEqZgARKRMJAMJR0BSiUm1TgOyOGBZl0Fn/ACKj0EvOB3FUGtghdWECtNBgPZAEFFYlzwmpOiBxAKFIxMlUl5ljgh4OiIkZK4fOiYhm41wBja84gOzFgGgBDLB1Dq/iKrvePLvA50gNlcjSJKOd3r/UtVQ4A8sY4VnWvzD/AH8oNMBHCEWR6O75jUiggdOCCA/RQdSDtjMJEX1M2l9QMDDY3GWr2tWLzs9Imemg+ruespo+7DpGpvD+hNCo+0Yb8qHCBWYkmvFL+7m5G8NTFK4524DUlDxNixCGC0pDUeXLtBdBht6Lym7ZHpAEvdDkdhjIQ4ARXnSLjhTOOHlj4MhS6poeNYG10DyCsp7l8p/irmYLN6jxxMrYq8wKyHEMrxtj+YfWsAIdva0X5OIuFlJ9LGVli+0jHlbJegqitOV3mHJA2gAAOobQ/VApg0dfUstl6lpC7i4X11DzognQ+Vovc1JQeKGjBgBozOjlAqBvCKImv3l8kFjRjwWlV+Ak7p2nDHq4EZjOpIoYEgkIDZndhmd4qZeaWQ9XB6JdMjXg8sylB9v8y3B4lmrXYgktPRr/AFLxRXAlaRZca+CHdPyS3i9I8RkBV6d0fA1svQNCK4kCCYiHEEAGPoSsI8ED1LPS+oluu4yky2xAACFM6dbfWWmCFgTpgOnVgoglHMepXA3fu/IAGxKpm+qUyeDC91qaJQvoVAvUxLNI2RpADLBlFHL8EGjy6rWWbpusB5Yjs3JdX8xwp4z6fBgI/YMpKdt4xAUogzArqGQSoAKCvpC6EdCLlnC+pdQu4QR7wV9m0LklQUTxvHSTpRHoyoBmCCY5b4oBsSqCIo3GPewbfa/xAvLCBYBa1oeWANs+0QG5dAIHrLld+TiByDL93dmiV7gXTaNHfVl2sakqqDBldQah9RqBEwluWIL6iMq7gmULTV4ma+fFdG+dGEBPNDoqanpRuGYvXnuVpN/GLPE9oqUiy/cEilwXxELbwHL5YAAAGxKaD1w34hMgc704izw1fv5XeOhLcoaXitoNArqBgGJpg+rQSkjARnmATL6jeMt7QzEugKesYqjgrMKKrUDBD/Vmdk9wUmj3CqxFS9RGaD+DCDC06uxBqUe29+ZQW1otvsaRVmRRqd/xBq6BQjYgrqGgSoBQ+vQdSFojMPEX1Fmy+oRdQCi5EKpbXvovq8RH3lhNme4Tlsd4Qi37oi2cOC1jkb1Lz5cwipsKAS4G47PlgCD2gKhjqBUB/wAQSmAUVfUK3XUEYAiNhiCiyDJ70+1RUtNBYbOqfePCKxwIxHbJV6Af3NWloPfgww6RqdG8NJiAFBCjGAEaYP8Aj6oQpwm1Iq6HtNMX1AvdYfUmpTg+y0U7wI41RD2XeUCwWXANB/zNSIzYjZGwCCYP/BP/2Q==","provType":"MONITORING","date":"2018-03-12T11:00:06.33Z"}}},"provision.device.location":{"_value":{"_current":{"value":{"position":{"type":"Point","coordinates":[40.33856521658566,6.626322979152751]},"postal":"28033","source":"GPS"},"provType":"MONITORING","date":"2018-03-12T11:00:06.396Z"}}},"provision.device.model":{"_value":{"_current":{"value":{"name":"OpenGate","version":"1.0","manufacturer":"OpenGate"},"provType":"MONITORING","date":"2018-03-12T11:00:06.703Z"}}},"provision.device.name":{"_value":{"_current":{"value":"CHD_DEV_11 name","provType":"MONITORING","date":"2018-03-12T11:00:06.335Z"}}},"provision.device.specificType":{"_value":{"_current":{"value":"SENSOR","provType":"MONITORING","date":"2018-03-12T11:00:06.328Z"}}},"resourceType":{"_value":{"_current":{"value":"entity.device","provType":"IDENTIFIER","date":"2018-03-12T11:00:06.713Z"}}}},{"provision.administration.channel":{"_value":{"_current":{"value":"default_channel","provType":"MONITORING","date":"2018-03-12T11:00:11.821Z"}}},"provision.administration.identifier":{"_value":{"_current":{"value":"CHD_DEV_12","provType":"MONITORING","date":"2018-03-12T11:00:11.817Z"}}},"provision.administration.organization":{"_value":{"_current":{"value":"chemacorp","provType":"MONITORING","date":"2018-03-12T11:00:11.82Z"}}},"provision.administration.plan":{"_value":{"_current":{"value":"FLOW_RATE_100","provType":"MONITORING","date":"2018-03-12T11:00:11.814Z"}}},"provision.administration.serviceGroup":{"_value":{"_current":{"value":"emptyServiceGroup","provType":"MONITORING","date":"2018-03-12T11:00:11.818Z"}}},"provision.device.administrativeState":{"_value":{"_current":{"value":"ACTIVE","provType":"MONITORING","date":"2018-03-12T11:00:11.905Z"}}},"provision.device.communicationModules[].description":[{"_index":{"path":"provision.device.communicationModules[].identifier","value":{"_current":{"value":"COMMS2_SN_CHD_DEV_12","provType":"MONITORING","date":"2018-03-12T11:00:12.198Z"}}},"_value":{"_current":{"value":"COMMS2_SN_CHD_DEV_12 desc","provType":"MONITORING","date":"2018-03-12T11:00:12.008Z"}}},{"_index":{"path":"provision.device.communicationModules[].identifier","value":{"_current":{"value":"COMMS1_SN_CHD_DEV_12","provType":"MONITORING","date":"2018-03-12T11:00:12.2Z"}}},"_value":{"_current":{"value":"COMMS1_SN_CHD_DEV_12 desc","provType":"MONITORING","date":"2018-03-12T11:00:12.22Z"}}}],"provision.device.communicationModules[].identifier":[{"_index":{"path":"provision.device.communicationModules[].identifier","value":{"_current":{"value":"COMMS2_SN_CHD_DEV_12","provType":"MONITORING","date":"2018-03-12T11:00:12.198Z"}}},"_value":{"_current":{"value":"COMMS2_SN_CHD_DEV_12","provType":"MONITORING","date":"2018-03-12T11:00:12.198Z"}}},{"_index":{"path":"provision.device.communicationModules[].identifier","value":{"_current":{"value":"COMMS1_SN_CHD_DEV_12","provType":"MONITORING","date":"2018-03-12T11:00:12.2Z"}}},"_value":{"_current":{"value":"COMMS1_SN_CHD_DEV_12","provType":"MONITORING","date":"2018-03-12T11:00:12.2Z"}}}],"provision.device.communicationModules[].name":[{"_index":{"path":"provision.device.communicationModules[].identifier","value":{"_current":{"value":"COMMS2_SN_CHD_DEV_12","provType":"MONITORING","date":"2018-03-12T11:00:12.198Z"}}},"_value":{"_current":{"value":"COMMS2_SN_CHD_DEV_12 name","provType":"MONITORING","date":"2018-03-12T11:00:12.007Z"}}},{"_index":{"path":"provision.device.communicationModules[].identifier","value":{"_current":{"value":"COMMS1_SN_CHD_DEV_12","provType":"MONITORING","date":"2018-03-12T11:00:12.2Z"}}},"_value":{"_current":{"value":"COMMS1_SN_CHD_DEV_12 name","provType":"MONITORING","date":"2018-03-12T11:00:12.219Z"}}}],"provision.device.communicationModules[].subscriber.administrativeState":[{"_index":{"path":"provision.device.communicationModules[].identifier","value":{"_current":{"value":"COMMS2_SN_CHD_DEV_12","provType":"MONITORING","date":"2018-03-12T11:00:12.198Z"}}},"_value":{"_current":{"value":"ACTIVE","provType":"MONITORING","date":"2018-03-12T11:00:12.005Z"}}},{"_index":{"path":"provision.device.communicationModules[].identifier","value":{"_current":{"value":"COMMS1_SN_CHD_DEV_12","provType":"MONITORING","date":"2018-03-12T11:00:12.2Z"}}},"_value":{"_current":{"value":"ACTIVE","provType":"MONITORING","date":"2018-03-12T11:00:12.401Z"}}}],"provision.device.communicationModules[].subscriber.description":[{"_index":{"path":"provision.device.communicationModules[].identifier","value":{"_current":{"value":"COMMS2_SN_CHD_DEV_12","provType":"MONITORING","date":"2018-03-12T11:00:12.198Z"}}},"_value":{"_current":{"value":"SUBS2_SN_CHD_DEV_12 desc","provType":"MONITORING","date":"2018-03-12T11:00:11.915Z"}}},{"_index":{"path":"provision.device.communicationModules[].identifier","value":{"_current":{"value":"COMMS1_SN_CHD_DEV_12","provType":"MONITORING","date":"2018-03-12T11:00:12.2Z"}}},"_value":{"_current":{"value":"SUBS1_SN_CHD_DEV_12 desc","provType":"MONITORING","date":"2018-03-12T11:00:12.301Z"}}}],"provision.device.communicationModules[].subscriber.identifier":[{"_index":{"path":"provision.device.communicationModules[].identifier","value":{"_current":{"value":"COMMS2_SN_CHD_DEV_12","provType":"MONITORING","date":"2018-03-12T11:00:12.198Z"}}},"_value":{"_current":{"value":"SUBS2_SN_CHD_DEV_12","provType":"MONITORING","date":"2018-03-12T11:00:12.003Z"}}},{"_index":{"path":"provision.device.communicationModules[].identifier","value":{"_current":{"value":"COMMS1_SN_CHD_DEV_12","provType":"MONITORING","date":"2018-03-12T11:00:12.2Z"}}},"_value":{"_current":{"value":"SUBS1_SN_CHD_DEV_12","provType":"MONITORING","date":"2018-03-12T11:00:12.299Z"}}}],"provision.device.communicationModules[].subscriber.model":[{"_index":{"path":"provision.device.communicationModules[].identifier","value":{"_current":{"value":"COMMS2_SN_CHD_DEV_12","provType":"MONITORING","date":"2018-03-12T11:00:12.198Z"}}},"_value":{"_current":{"value":{"name":"TEST","version":"1.0","manufacturer":"sb-HD"},"provType":"MONITORING","date":"2018-03-12T11:00:11.913Z"}}},{"_index":{"path":"provision.device.communicationModules[].identifier","value":{"_current":{"value":"COMMS1_SN_CHD_DEV_12","provType":"MONITORING","date":"2018-03-12T11:00:12.2Z"}}},"_value":{"_current":{"value":{"name":"TEST","version":"1.0","manufacturer":"sb-HD"},"provType":"MONITORING","date":"2018-03-12T11:00:12.305Z"}}}],"provision.device.communicationModules[].subscriber.name":[{"_index":{"path":"provision.device.communicationModules[].identifier","value":{"_current":{"value":"COMMS2_SN_CHD_DEV_12","provType":"MONITORING","date":"2018-03-12T11:00:12.198Z"}}},"_value":{"_current":{"value":"SUBS2_SN_CHD_DEV_12 name","provType":"MONITORING","date":"2018-03-12T11:00:11.911Z"}}},{"_index":{"path":"provision.device.communicationModules[].identifier","value":{"_current":{"value":"COMMS1_SN_CHD_DEV_12","provType":"MONITORING","date":"2018-03-12T11:00:12.2Z"}}},"_value":{"_current":{"value":"SUBS1_SN_CHD_DEV_12 name","provType":"MONITORING","date":"2018-03-12T11:00:12.221Z"}}}],"provision.device.communicationModules[].subscriber.serialNumber":[{"_index":{"path":"provision.device.communicationModules[].identifier","value":{"_current":{"value":"COMMS2_SN_CHD_DEV_12","provType":"MONITORING","date":"2018-03-12T11:00:12.198Z"}}},"_value":{"_current":{"value":"SUBS2_SN_CHD_DEV_12ICC","provType":"IDENTIFIER","date":"2018-03-12T11:00:11.916Z"}}},{"_index":{"path":"provision.device.communicationModules[].identifier","value":{"_current":{"value":"COMMS1_SN_CHD_DEV_12","provType":"MONITORING","date":"2018-03-12T11:00:12.2Z"}}},"_value":{"_current":{"value":"SUBS1_SN_CHD_DEV_12ICC","provType":"IDENTIFIER","date":"2018-03-12T11:00:12.31Z"}}}],"provision.device.communicationModules[].subscriber.software":[{"_index":{"path":"provision.device.communicationModules[].identifier","value":{"_current":{"value":"COMMS2_SN_CHD_DEV_12","provType":"MONITORING","date":"2018-03-12T11:00:12.198Z"}}},"_value":{"_current":{"value":{"name":"software","version":"1.0","type":"SOFTWARE"},"provType":"MONITORING","date":"2018-03-12T11:00:12Z"}}},{"_index":{"path":"provision.device.communicationModules[].identifier","value":{"_current":{"value":"COMMS1_SN_CHD_DEV_12","provType":"MONITORING","date":"2018-03-12T11:00:12.2Z"}}},"_value":{"_current":{"value":{"name":"software","version":"1.0","type":"SOFTWARE"},"provType":"MONITORING","date":"2018-03-12T11:00:12.397Z"}}}],"provision.device.communicationModules[].subscriber.specificType":[{"_index":{"path":"provision.device.communicationModules[].identifier","value":{"_current":{"value":"COMMS2_SN_CHD_DEV_12","provType":"MONITORING","date":"2018-03-12T11:00:12.198Z"}}},"_value":{"_current":{"value":"GENERIC","provType":"MONITORING","date":"2018-03-12T11:00:11.918Z"}}},{"_index":{"path":"provision.device.communicationModules[].identifier","value":{"_current":{"value":"COMMS1_SN_CHD_DEV_12","provType":"MONITORING","date":"2018-03-12T11:00:12.2Z"}}},"_value":{"_current":{"value":"GENERIC","provType":"MONITORING","date":"2018-03-12T11:00:12.308Z"}}}],"provision.device.communicationModules[].subscription.address":[{"_index":{"path":"provision.device.communicationModules[].identifier","value":{"_current":{"value":"COMMS2_SN_CHD_DEV_12","provType":"MONITORING","date":"2018-03-12T11:00:12.198Z"}}},"_value":{"_current":{"value":{"type":"IPV4","value":"172.18.19.24","apn":"movistar.es"},"provType":"REFERENCE","date":"2018-03-12T11:00:12.105Z"}}},{"_index":{"path":"provision.device.communicationModules[].identifier","value":{"_current":{"value":"COMMS1_SN_CHD_DEV_12","provType":"MONITORING","date":"2018-03-12T11:00:12.2Z"}}},"_value":{"_current":{"value":{"type":"IPV4","value":"172.18.19.24","apn":"movistar.es"},"provType":"REFERENCE","date":"2018-03-12T11:00:12.209Z"}}}],"provision.device.communicationModules[].subscription.administrativeState":[{"_index":{"path":"provision.device.communicationModules[].identifier","value":{"_current":{"value":"COMMS2_SN_CHD_DEV_12","provType":"MONITORING","date":"2018-03-12T11:00:12.198Z"}}},"_value":{"_current":{"value":"ACTIVE","provType":"MONITORING","date":"2018-03-12T11:00:12.118Z"}}},{"_index":{"path":"provision.device.communicationModules[].identifier","value":{"_current":{"value":"COMMS1_SN_CHD_DEV_12","provType":"MONITORING","date":"2018-03-12T11:00:12.2Z"}}},"_value":{"_current":{"value":"ACTIVE","provType":"MONITORING","date":"2018-03-12T11:00:12.211Z"}}}],"provision.device.communicationModules[].subscription.description":[{"_index":{"path":"provision.device.communicationModules[].identifier","value":{"_current":{"value":"COMMS2_SN_CHD_DEV_12","provType":"MONITORING","date":"2018-03-12T11:00:12.198Z"}}},"_value":{"_current":{"value":"SUBT2_SN_CHD_DEV_12 desc","provType":"MONITORING","date":"2018-03-12T11:00:12.119Z"}}},{"_index":{"path":"provision.device.communicationModules[].identifier","value":{"_current":{"value":"COMMS1_SN_CHD_DEV_12","provType":"MONITORING","date":"2018-03-12T11:00:12.2Z"}}},"_value":{"_current":{"value":"SUBT1_SN_CHD_DEV_12 desc","provType":"MONITORING","date":"2018-03-12T11:00:12.212Z"}}}],"provision.device.communicationModules[].subscription.identifier":[{"_index":{"path":"provision.device.communicationModules[].identifier","value":{"_current":{"value":"COMMS2_SN_CHD_DEV_12","provType":"MONITORING","date":"2018-03-12T11:00:12.198Z"}}},"_value":{"_current":{"value":"SUBT2_SN_CHD_DEV_12","provType":"MONITORING","date":"2018-03-12T11:00:12.1Z"}}},{"_index":{"path":"provision.device.communicationModules[].identifier","value":{"_current":{"value":"COMMS1_SN_CHD_DEV_12","provType":"MONITORING","date":"2018-03-12T11:00:12.2Z"}}},"_value":{"_current":{"value":"SUBT1_SN_CHD_DEV_12","provType":"MONITORING","date":"2018-03-12T11:00:12.206Z"}}}],"provision.device.communicationModules[].subscription.mobile.homeOperator":[{"_index":{"path":"provision.device.communicationModules[].identifier","value":{"_current":{"value":"COMMS2_SN_CHD_DEV_12","provType":"MONITORING","date":"2018-03-12T11:00:12.198Z"}}},"_value":{"_current":{"value":"Telefónica Móviles España, SAU","provType":"MONITORING","date":"2018-03-12T11:00:12.016Z"}}},{"_index":{"path":"provision.device.communicationModules[].identifier","value":{"_current":{"value":"COMMS1_SN_CHD_DEV_12","provType":"MONITORING","date":"2018-03-12T11:00:12.2Z"}}},"_value":{"_current":{"value":"Telefónica Móviles España, SAU","provType":"MONITORING","date":"2018-03-12T11:00:12.218Z"}}}],"provision.device.communicationModules[].subscription.mobile.imsi":[{"_index":{"path":"provision.device.communicationModules[].identifier","value":{"_current":{"value":"COMMS2_SN_CHD_DEV_12","provType":"MONITORING","date":"2018-03-12T11:00:12.198Z"}}},"_value":{"_current":{"value":"SUBT2_SN_CHD_DEV_12_IMSI","provType":"IDENTIFIER","date":"2018-03-12T11:00:12.01Z"}}},{"_index":{"path":"provision.device.communicationModules[].identifier","value":{"_current":{"value":"COMMS1_SN_CHD_DEV_12","provType":"MONITORING","date":"2018-03-12T11:00:12.2Z"}}},"_value":{"_current":{"value":"SUBT1_SN_CHD_DEV_12_IMSI","provType":"IDENTIFIER","date":"2018-03-12T11:00:12.213Z"}}}],"provision.device.communicationModules[].subscription.mobile.msisdn":[{"_index":{"path":"provision.device.communicationModules[].identifier","value":{"_current":{"value":"COMMS2_SN_CHD_DEV_12","provType":"MONITORING","date":"2018-03-12T11:00:12.198Z"}}},"_value":{"_current":{"value":"MSISDN_FAKE","provType":"MONITORING","date":"2018-03-12T11:00:12.015Z"}}},{"_index":{"path":"provision.device.communicationModules[].identifier","value":{"_current":{"value":"COMMS1_SN_CHD_DEV_12","provType":"MONITORING","date":"2018-03-12T11:00:12.2Z"}}},"_value":{"_current":{"value":"MSISDN_FAKE","provType":"MONITORING","date":"2018-03-12T11:00:12.217Z"}}}],"provision.device.communicationModules[].subscription.mobile.registeredOperator":[{"_index":{"path":"provision.device.communicationModules[].identifier","value":{"_current":{"value":"COMMS2_SN_CHD_DEV_12","provType":"MONITORING","date":"2018-03-12T11:00:12.198Z"}}},"_value":{"_current":{"value":"Telefónica Móviles España, SAU","provType":"MONITORING","date":"2018-03-12T11:00:12.011Z"}}},{"_index":{"path":"provision.device.communicationModules[].identifier","value":{"_current":{"value":"COMMS1_SN_CHD_DEV_12","provType":"MONITORING","date":"2018-03-12T11:00:12.2Z"}}},"_value":{"_current":{"value":"Telefónica Móviles España, SAU","provType":"MONITORING","date":"2018-03-12T11:00:12.215Z"}}}],"provision.device.communicationModules[].subscription.name":[{"_index":{"path":"provision.device.communicationModules[].identifier","value":{"_current":{"value":"COMMS2_SN_CHD_DEV_12","provType":"MONITORING","date":"2018-03-12T11:00:12.198Z"}}},"_value":{"_current":{"value":"SUBT2_SN_CHD_DEV_12 name","provType":"MONITORING","date":"2018-03-12T11:00:12.102Z"}}},{"_index":{"path":"provision.device.communicationModules[].identifier","value":{"_current":{"value":"COMMS1_SN_CHD_DEV_12","provType":"MONITORING","date":"2018-03-12T11:00:12.2Z"}}},"_value":{"_current":{"value":"SUBT1_SN_CHD_DEV_12 name","provType":"MONITORING","date":"2018-03-12T11:00:12.201Z"}}}],"provision.device.communicationModules[].subscription.specificType":[{"_index":{"path":"provision.device.communicationModules[].identifier","value":{"_current":{"value":"COMMS2_SN_CHD_DEV_12","provType":"MONITORING","date":"2018-03-12T11:00:12.198Z"}}},"_value":{"_current":{"value":"MOBILE","provType":"MONITORING","date":"2018-03-12T11:00:12.096Z"}}},{"_index":{"path":"provision.device.communicationModules[].identifier","value":{"_current":{"value":"COMMS1_SN_CHD_DEV_12","provType":"MONITORING","date":"2018-03-12T11:00:12.2Z"}}},"_value":{"_current":{"value":"MOBILE","provType":"MONITORING","date":"2018-03-12T11:00:12.203Z"}}}],"provision.device.description":{"_value":{"_current":{"value":"CHD_DEV_12 desc","provType":"MONITORING","date":"2018-03-12T11:00:12.403Z"}}},"provision.device.identifier":{"_value":{"_current":{"value":"CHD_DEV_12","provType":"MONITORING","date":"2018-03-12T11:00:11.9Z"}}},"provision.device.image":{"_value":{"_current":{"value":"data:image/jpeg;base64,/9j/4AAQSkZJRgABAQEASABIAAD/2wBDAAMCAgICAgMCAgIDAwMDBAYEBAQEBAgGBgUGCQgKCgkICQkKDA8MCgsOCwkJDRENDg8QEBEQCgwSExIQEw8QEBD/2wBDAQMDAwQDBAgEBAgQCwkLEBAQEBAQEBAQEBAQEBAQEBAQEBAQEBAQEBAQEBAQEBAQEBAQEBAQEBAQEBAQEBAQEBD/wgARCAGQAZADASIAAhEBAxEB/8QAHAABAAEFAQEAAAAAAAAAAAAAAAYCAwQFBwgB/8QAGQEBAQEBAQEAAAAAAAAAAAAAAAEEBQMG/9oADAMBAAIQAxAAAAH1SAAAAAAAAAAAAAAAAAAAAAAAAAAAAAAAAAAAAAAAAAAAAAAAAAAAAAAAAAAAAAAAAAAAAAAAAAAAAAAAAAAAAAAAAAAAAAAAAAAAAAAAAAAAAAAQUnTlnUwAAAAAAAAAAAAAAAAAAAAAAB499hcLPP8A7z8s+pwAAAAAAAAAAAAAAAAAAAAAABxjs/GCG+mfM3pkAAAAAAAAAAAAAAAAAAAAAAAcY7PxghvpnzN6ZAAAAAAAAAAILpuIQ096Pn0AAAAAAAAAAAcX7Rw8h/qDyh6vAAAAAAAAAAOFwzoENPTIAAAAAAAAAAAHBO9+eiC+v/GnssAAAAAAAAAA4xDZlDT0yAAAAAAAAAAAxcgq87+iPO5zz2X409lgAAAAAAAAAHGIbMYOeoAAAAAAAACOkio4tGTsUIs/DS5mrHQYFb+kQ9fefJedURmRFwAAAAAAAAHD4BNOdnr8AAAAAxjJc7gh2vm0KlxDL0/05sMeK2i/Y+gfQ+Wy79xfhmZun+nQJZxX6ejr3neVHXkRk5fAAAAAB565z0Pnh7LAAAWeQnYo7yvVkxjGNcN5fitJINPjgUFX3BpM3GtCtjWjM+4X0zWJUZCzUXftuouV2qi9ma+om0v45UeicrzrJjsiEykzQAAed+edD54eywACg1XmjsUFOMTKYRElX3kW5OhsS2Z9nVVl/wCY+MbDFs1D79+ipUPv36KlQqVCpUKlQqVCpUKlQvW6iRyvmX07xm8A3p2JBpWcF550Lnp7LAA0W9hxz+J7jTi5R9M+DSy2cJwZNgkU10u1hocuzryVb7mw7fLvMV49SVcH6cSyr5WPv2o+VqhUqFSo+Vfaj5V9rKaqvp8+tQbjTwLZFGv6zLU4bt+1Xl5Rn9RjR0rZeV+wHSAIXNI0cY11usrqVC9brOJ4tVmS9XifLdjYx7ho470W4cpdB1xD7/Tpscz7VgcrO4VYWeKlwpqyskwsjKrLN25WU11VlP1AjM18t6ERST7PKTVZu3xS7HoZzMkfPZTG1k3ZY9ITpgGv2GKeWYz6P42WNvzbKOj1x3eHE95o8PJi2+FizPNmiFMljWvZ9y8XJ06usdR5b1oh3NumcHKIbpcAnfoHyJ6tNzmXKyzYt0cnjZv3X53N5mwu67bd/wCipXYhp1aybWuhlvMyc1Me7qOZLPOUauRGhkt60cz6RqOhFOxw8w6WADH00h+HKuZendUePa/R/NDgX2QQ4233X5hd+qinKsZJ1XrHKOsEN4j27hxroROxyvvPLOunWbnEpeSrXynI5PGj1O9zsHP12bXV3/o9doc/pXt7XNzTEyRwKB4xTn7S6U3KPh9fai5MYVYOg67mPWTo/wBt3AAAC3rdsOfc29D4B4rg/ufnZ5dzptADYZWg251/rPJetkL4f3Hh5rqvn0v+ivN/oQmUBmtaed913aODL4x8XtVWu25ur8IgBJIxuNiWshSV0qj5V9zjHytTBTf6WV9YIn0rMyh9AAAAACnDzhEIB23FPIHP/ccFOQ9n5ptjM4j1HkJR9ouD0T539HpvqlYqfbLuBm2l88ZG7kUun3qs+vn0VLpbyrkeN/BLPQSCdclcgMDZ1gAAAAAAAAD5YyBHoV1W0eaeSe3IgeLc/uHKDD9L+TfRZ0arXbFPtfyuxh5uGvIJNo97L9fLh8rvVlWLqss0e9nkxI5Lsu4fPoAAAAAAAAAAAALdwamK9AoPPMK9Wxs89TLfQw6JteKSNOm4WDfrl0hjcnl+5ON8LNyZyki0s22WWb/0AAAAAAAAAAAAAAAAKahiavf/AAgsO7PjnnDXelomcAnuz6eQ2Z7PKMXMrAAAAAAAAAAAAAAAAAAAAAHyi4LFdwfPoAAAAAAAAf/EADMQAAAGAQIDBwMDBAMAAAAAAAABAgMEBQYHERIgQBATFCEzNTYwMVAiIzQVFiQyJWCA/9oACAEBAAEFAv8A2vkeWwMdFBn8C5lfkM677+54fe+LL7fj9UYcfwem0KPKvPyGqPs+l3vH5DVH2fS73j8hqj7Ppd7x0uR5bAx0UGfwLmV1OqPs+l3vHS51339zw+98WX26jVI9qbStW930uqMOP4PTaFHlXnU6sq4aTSNfFfdLqj7Ppd7x1OsSuGh0aXxZB0uqPs+l3vHU61Hw4/op55D0uqPs+l3vHU62fH9E/kHS6o+z6Xe8dMqVHQojJRDWz4/on8g6XVI9qbStW930alpQU7KqiEHr62tDdNaXI9nNjCNlbpDUwzyWi0dhSoeRdLqyrhpNI18V90Nhf1NYU3PX3h3V9cqi4/FhplWLaS5I8t+K5FymQgRsgr5AQ424XRaxK4aHRpfFkH1plnAgJn6gRkCTb5JcnDxd102qqurkv3SEE6+8+r6DMuSwcbJ5bYjZFBfDbzTxfX1qPhx/RTzyH6b0liMmdmtbHEvIshsw1jsqUqNjkZgjk1UISL19YccW6rl3IgbrZDxDY8QO+WO8dHG8ON4Mzpsc4uVTWxFyaA+Gn2Xi+prZ8f0T+QfQUpKCl38CMJeSWb5/0+RYON19XEH9ThMBy6lqDkh57lUtCQclI45Ch3bpju2SG8ch3yCHiFDv1jvXB3ix3ix3ix3ix3qw1NkMnGyiY0IuTwXgzKjvl9HWz4/on8g5nnm47SNRqyxXIs5kobmCVsDfdMuVS0oBydxwvrHAwgeIQkG+4Y3Uf123nWji5FPYEbKIrgZmRpBc2tnx/RP5BzWDzRtZBp5WLUdhlGOHXZPV2IIyPlW8hsd4+6O6bSDkJSFOrV0yFrQca9nxxGydlYYmRpJdutnx/RP5ByrUSEyZRmcmWtS0yCUVjh9LZhcLLMbOuzKDINMuMtK58NseNS+CciNhUviG+/VoWtBsX82KImVRXwzOiyBrZ8f0T+QctxJ8PElu/oPzMEoyCJJkLmprrE/6LHSTlXGQFsIbCuJI8VJSG7eyaDWTW7QYzR8hHy2sdJiVGkp6WXbwYQfyOY+fg7OebNRJjhqfaxTkzWb2LiNRWYxaMWMORy5Me0SSrdPITBLOSg/EqhpUF1CFB2jfDkCW0DIy5G3nWVQcqsoorMjgWAL6mw4THCobH2TrWJAJ+0s7Q4GNOunCxtpsM1sdsigtLCaSMoHWwIyZ1hEbTIyRht7EpUp7kyo9oLp7p5EHsJjn+Z3w70E6OMjDkZh8n6VJh+HIj8iGXViqyGfVqiymJjXMTajBMgmkgkkNhsNgeySnW5rOJjpTFwscjMEiGlsEgw2wZhLaWymXjLRXGTNsOWq5ckY/WoiNYp/L7chY8RVFJTsSiPlm/wAwm1nyEowTg4ScD1D4g/7anoVDxYzEXHmGhLpq2QwTkzFp0OWzOY7CSZhLIJBENhsNhsNhsFrQ0iXMfsnKujJIYjIaIiCGjMJZISJbEYry8XHbORcXQebg49DpYL1jMXHSxFxT+X2yT/Re18qBJZsjI2JyFhLiVdsvymtLQ4U8myCIr6yNCkH2MH+5UElYZiRlNWMZpgSromzlZAJtr4lOK3CoE0ghkEnYKUhtKHnXh/nDvloCTSothsDMklLku2b9VUJbJtskklBmEMhx1mOmbbfplZKqYqNUGayIW/HOsqCEllub6GK/y+15HEVnWd8VpjZ8TkaXENixUkR7BKg26lQm/wAzsiymHEWbkdTfYx6lOIx/t3J+VsymSqXGfjrBHseOySn1Ow2Bd3xOSX3jSkwk1EGPJ7YbC2lKdXT1ZJJtrhJDI4UNlJtCSLTJY7LhRrO0NlhphBIGxBFeXiYMc0osEmljFf5fItolCRXIcE7H0OCxxjYPQZcQ2LBbZvSCVJJRGC7duxj1KcR/TuvtMP8AdcaQ8idXrjGMBsYqIJeY2EiI5uhbe5GgG82RxIjjJ7CY/wCGj1MFT7saJwJQ0RCROZji2vmIyXJ1xcqhVsSCRJMxuSR9+xpXAqBIjqFwlPg8YcLxpHvzKbJQfgoWJtE24LHGBY4xIZUtD8ZSHwlZHyMepTiP6d19pvqgyJRWFWbYoNOo17jLxZpiKqnNKqwCFJWSiQ4PCV4bNLJfcbCW0ubKrK1MZt15mMmdb7IlZFKnLj1DSXSLcbJSDMz7NuwyMg682wkrJ+xXQxERUI+3OaCMPQ0LEykbcFli6FlY4m40bzEqIaHwlwj7GP8AemEf07r7TfV7CMYo4TVAbhLFzg1BdB6hzPFFVWfQZCmH2JLew2GxivgtRkyLTYrTJmmXTr5VmtCENp4dhvyNtLcPdiOLG9QhTFdOtXaqiJoo0YmyLy+kaSMOxULEunbcKxxlKys8RNByIUyEaHxGdI10xiP6d1/rN9Xtxv2YEEuGQtsZo70pGC5HQLg567Dcg2UCyaLyFvfRq9t561vCiQo8Jsi3G+3IRGoyZQ0J9szGbclWFsqpxokiDUoaJthKC+qaSMOR0qEqpbcFhjaFi0w8t11s2C5RyBEeI27kyNM31e3Hi2p+QlGQn1tbatXWFpqnqmzzKS3CqmYp/ceRD79m3YhgzJclthMu7W6qBQvy3a2iQ2TENDZEki6HbcLYSoSaxtwT8dQsP0j8JcS1Q2LaTumU+Rukoj7aIv8AiOV0+Fu6dWtxtPAjlQ2pw/2mROt22j8NPtV1eOpQIlahokNknpdgppKhIrkOCdj6HBPx95BWVLOZWTq0GiQRglkYpPaeWX6MlHHP7dgRGYJpKBJmoaQt6ZOOvx/zhVCGw1HSgiLbqVNkYfgoWJtE24LfEW3im41LiBK3Urp7MmojMttwEZHyS/Rf/TOGxn2IaMwbyGyXLceVGplurh1CSDENKAlBF1poIw9DQsTKRtwWGLoM3a6ZENiyeYOHdkYYnNuBKiPsmei952ASk1H+20H5fmzVyZZxKpKCjwUpCGiT+BNJGHYqViVUNuCZjqFCRjzrZ8U+CcO8EexacEtxJsKPexLYLeS2liJMniFTMxwzCIg2wSQRbfhDIjC2EqDsBCg9VIMTMUjuiRWW9YHLxRN10k5Nk33slcHHkINuMQQwRAkkX4k0EYUwRhUYhZ4rV2aYGAohSo0BmMhLQJH43YcI4ASf+i//xAAkEQABAwIGAgMAAAAAAAAAAAABAgMEABEFBhMhIjESQCBwgP/aAAgBAwEBPwH9KEgd+zLhiUBvan1vYcwkNjyqHIVJa1FC3znYuiKrTSLmhmNYPJFRJSJjQdR683B25StRJsaRlvfmumGERmw2319Qf//EACMRAAICAQMEAwEAAAAAAAAAAAECAwQABRESISIxQAYgcID/2gAIAQIBAT8B/pQkDz7NqqLIHXbJ3loQqIxyypObEXNht97mqpWbgo3ODX3B7lyrZW3GJU9e5pKWW5qdjifH+ve+QQpXQRp4/IP/xABIEAABAgMDBwcJBgQEBwAAAAABAAIDBBESITEQEyJBUXTCICMyQFJhcQUUMDNCYoGhsVByc5HB0QYkY4IVQ2ThNDVTYICSk//aAAgBAQAGPwL/AM12w4rHRo77xDadXehJRpd0rFf0KuqHfH7Rm873Wfu0UHMeszjbPjX7RlZ8Q+fzuate7QlPiR4doy8HOM7nVH2jK7zwlTW7cQ+0ZXeeEqa3biH2jK7zwlTW7cQ6s2HFY6NHfeIbTq70JKNLulYr+hV1Q749ald54SprduIdWm873Wfu0UHMeszjbPjXrUrvPCVNj/S8Q6tKz4h8/nc1a92hKfEjw7Rl4OcZ3OqOtSu88JU5uvG3q0rvPCVNbtxDrUpvXA5Tu6cberSu88JU1u3EOtSW98DlPbnxt6tK7zwlTW7cQ61Jb5wOU7ufG3q0rvPCVNbtxDq9h8dgdsqqg1ySW+cDlO7nxt6tK7zwlTY/0vEOqWnuAHeizP52J2Yd6pAYZeF3YogvJOs1XNx3KkzCDu8KWg+TGF8WFMZxzO6yVPNmYDoZ801j329Wld54SpzdeNvUv5qcYD2ReUYfkmS/vifsqzk1ELT7OAWdmXAeKzMk2y3tcnOwX2XYVVJhger32D3qsN4d4dTlN64HKd3Tjb6e3NzTIfiUYfkyWdHd2jcFZfGMJh9mHcrcap8VajuaFYkYVPeKtRYhcfQ1hRXBUjARAqPObPerUKIHeHUJLe+Byntz42+ktx4zGD3irEo10y/3cEWQP5aGexis5Mve87XFWotAqNo8+6rMu0Qh81aiPLj38q8rpLWrmFXQivVr1a9WqwiWqkeFbCpErDPeqwojXeB9LJb5wOU7ufG30NpxoFc4xXbGKzKtZBbtOKtzUy6KfFc7FbXuX8vLV8VRllngFzkVzvjyb3LRBK0WUWnFWk+qubVXQ10RkxXSXSXSWOSsN5CpFFsKkWsMqsKK13x9FJb5wOU7ufG3lvjxnWWMFpx2BPheSogdZ1uuK5yMaZMKqzbu2DlaRoqQ2Fy0n2VpGpWgxbFefT1hxC1Ue7ODvVI7CwqsKM08uS3zgcp3c+NvLdLPAdbFHA7EZnyLGMnGxs10f9lY8pSxmIA9sfug0Rs3E7L7ldybytAWRtVqK6p71SG1Xnq1WOIVM5bHeqTEOz3hVgxWnkSW+cDlO7nxt5RedQqnRCcVirMQAg7UYkFvmsXtQ8PyVqE7z2WGy+5ZqcaZaJ72CtNjsIPetKYZ+a0IzGt8VXOtJ8VoEBXnrdWOIWnFq33lzgp3tNVzUZpUlvnA5Tu58beVSnrNHk3ouiy4D+224ojzmKKE6166J+a0Y7/zV0Z35rRmYn/sVoTsX8168P8AvBfzEq133Sudtwj3hW4EZrx3Hq3OxgXdlt5VmRl7A2lVmYr3dytQnOae5aWmmyPlaXe+G02gHaio3lCAYliPBzVk6rwf0XNxh8eTCP8AU/TlxmVuER31XrHL1zh8FVkVrlpQT8FeORahRHMPcVSK4Rm+9igy3movZd6bArArDJzr6v1NGKzcEZqH3K1EBK0mroBdBVMNWntY0d6LIDG07RXm0jWYj9liiw5lxqGh1Ca0PIhn+p+nLj/iO+vIvWlDa5VgPp3Fc4z48jQaUIE61z4PvYhCNLvDmn0F5WCw5FTcjAkhU63rOx4dSdaFGrRAWGSrrkWSwtO26lZiPfHjOwYy9N/xCM6Hb6MtDN/9yzrYQbVTP4bfryIwA0mi0FQ8qP8AiO+qqGHk3qgv7lWCwsd8lSLDNNq0mrSARgx2DuOxUa/OSzz8k2YgOq12W5aSuHLMSIaALMwKiF9UHParhyKYu2IxJ2MGQtQC/lB5pLf9R3SPgjFay3Hdg517nFGZmDacTVUaFM/ht+vIIOtRHwmWoJNRTUqFYrHLGP8AVd9VVpQI6StNhkhUe2hyhAPaCr4LSi6Xu91FpNCrnIsfeEJaI7mIxp4HJpK5WnuAHeqyspFiDtdEfNf8Iz/7Bc/Lvh9+IVWmoy2nXALNQqiEPmgS1UAy1iOoiQ/NsGtOlvIrM9EwMU9Bq858pxzNxsRXot8ArlY9iFcFWi+Kmfw2/Xkm5FzW0KvBIVCrysVH/Ed9coFoAgYFANILu7KEMhRDjR2pwVIt/fqyVCgTJvdZo7xyvmY7M5YdZhMOHiVzkQ5MVYb7V9MvmUE/fQcWqgGS04gBWZf80YLXmYmThDZerflmLZhaoEP9ShDgw2saNQCq80Vyc6mJqqAK/apj8Nv15XRR0ES1qwJCo5RTtefQDIclh7agq2zSh/TI+Tix2tiW6taTqy52ALW1qo42TsNy6QVkG044NbeUZmaFl7hZhw+yNpyOia8As468m9AUyUbpOWcnZgNGpqsw2mSlO0fWO/ZcxD0ji83uK7lo/nlqRVUtgeKLmkYhTAB9hvoOiugiQxF8Gu2hVmMwt5QQyHLQhGPLjR1jYpbynCnHy848uNcWm+5UnIJmpYe0NIIQ4rsxFOpytMcCO5UjQYcT7zV/y6D81SXhQ4X3G0V+Rsuzosx8ULr1V5+CLnPEKGMb0ZfyJBtDXMPuaP3Xnc48zMz236vBUCvvKvyX5LwrcR4aAsxKlwha3LQbecTt9FguijzdUXQKt7tSpGhkd/ICGQ8mXhsuAr9VR4qCjEEHzWMf8yFd8kYvk6KZ6VGoX/JZjynDdKRcNLBCLAite04EHLcs9FpU31VmAKe8V5vKMdNzJ9lurxQmPLMa1sgN6A/dBjGhoGAC0lQXDLctEfFXc4/5BZuFz0bYNSESccSNTRgho+lwXRR0EXQQWH5LnYZptGQIZDyZfw5B8+k25w/5jbnJ0z/DHlIxoeOadj+xXmf8SeT4kvEF1sN/RZ6SmYcVvulVVuZi1Psw24laZdIyvZHTd+yzcvDsjWdZWwLR/PkUCrHP9oXOPDG6mjWrEAGDB+ZQJYhorD0+C6KOgi6G2we5abKt2hDIUeRLfd5Wa8oycOM33hejN/w75SiQHj2C79U+Umwxgp69wv8A91nYj3R45xiRLyrltV+S/JaebLVzeiNbijC8nttu1vOCz80S9x2oaKw6nguijoLOQB8FmpkGE7vwVQa8mV/D5RKsA4mia3YOVohdt3yVmuciamhc+S1nYCGguj1fBdFHQREMmmxF7W2grLwQe/LK/hjlFQx72W7LWMfgtJwYzYrEu0w4fa1lVLanaUNFYdb6KOijWHftCJhEupqWbLTawooMBx6DQFjySof3sl+S064bVzd3vFWJVtt3a1LOTBMR3yXRWHX8F0VbbDv20WjUhUfUK8rHKVDHvZKBdpys3vfqaFamjZb2AgGsoFh9h4LoroKsElq5xhptVHFYq4qH4q9Y2QubbmoXaOJWi2rtbjisFh9jYLBdFF0KsJ+1uCtWDFhj2mKy4pt+FSs1Jw847bqCEWcOdibNQWH2ZgsFz0Cy7tsuKdEM1bhHVrQhwYYaP+9//8QALBABAAIBAwIGAgMBAQADAAAAAQARITFBUWFxECBAgZGhscEwUPDR4WCA8f/aAAgBAQABPyH/AO65oBUwrktpg0FXdxgZ/sdx65+hU3/tOuKpel61/YDCCsOrhH3IGpi3Siv7f7H6yf3n9j/WT+8/sf6yf3nps0AqYVyW0waCru4wM+q+sn956b3Hrn6FTf8AtOuKpel616m4dE+7D02MIKw6uEfcgamLdKK/t9VZ+mdM6/TH1k/vPVdt6YUJd/pj6yf3nqu1dMGoeXpj6yf3nqv66H33pj6yf3np/rcIblcQdx8ProffemLh0T7sPSbcC1VUfoljmd4vcdtU7wsx5DcVEgbXiVpTsMOEFGuP+Ul/aTS9MWfpnTOv0JdZYo6hfoI+scSPBbD9Mr6zLCHbjXL2muXxLMjLAqcGtcSmObphlIM+01qTyv0dt6YUJd/84rBHc+IxsM138ziBqpUM2jqu2Caxs6vtKlOh/BO+tH+DTSCqLwyr5YdZWK+FK6Lq9BaumDUPL+Qaie4kdfY5bvEqGgBo7y7p6qWFEI5xCcJ2FwN5J1hYgbq/M6YO7NWMdi3tKOvlkF2k9NDgS9S6Mp+rt5Rs/jiAyj/KfXQ++/hFIy1VgKd8H3GS31I6kxdwh4vG2TEFIzfGDtL7kavvHlaLE0bs2p3zinaf9un/ACibSnAEt4PbwvXTqocqE50PiXiPRleTrayk7oyShc6fxProffecCiunQNWPiHVNnUHaPN9bDFNVl+6LrmZkHaE6vlCsYsWjmbOHBNb35jgfqmiJ2R1qypUCBAgQIECBAgQIELMjhlJRdpqeYjJDlp2vPn+uh995wgvUVltmA3rQJv03jSLXWx2fuGBN1kAtCeXmvg1j8j2s+yZDIODeDxqVKgQIECBAgQIECBAgQIECW4vRlIqG2crkKAG67XnyfXQ++8xomsplVNY5p1Ny9gWMuCXPI6xeF1KvZqQdoq83fb3gzTwhhFn4K5mg5lW2Zt18LNIRzeYp3YyvCpUCBAgQIECBAgQIECBAgQJUDyW6pwwCxLZwoB7AhY2m10z6aH33mLjWefEpVMVj4aWwuoX59n/9IY96rRhSZzS3jSvUXL+ehoX2hoQ73/MvBucLGaE5omfOBcfUNrkCBAgQIECBAgQIECBKgSoHkxUACr3hswFnlj4gfVZJBphOSma7HPFdWPZYVNYZN0uCTLdlTLHJ5P8AWdURfEJUyM1mZYIV3TVwuaD8xA2M+5eKQ3yiNIPXyFjjeqKm8Z+yFoU1evh3lEsgQIECBAgQIECBBcMP/Gh/5Uq3So30TdqXhttrfeAnDzABCAg+CYavxEKbKRhvGzYEypVFrR+92ji1vmLU8nSQ/lBevAgQJZuUv/u0FCdwahpnxK57RmW1nBDLXDJ5GolWZ5U9GAdexIECBAgQL0m2V3h/8IXlB6GEkEWjgMqzbDlH4mQLWrWJFDCaitVhNUJbYBqsp2eL6IMY9Zy+0f3KqKcqOKQ1qf5HLyMDPwrX6jLE0ZhAgQJ/n8odYnaaa+Au0BLcZQw7LdL5D6ZTGItAYZQPzQQYka7Oo+SXSVlu/wCjCrm+HiBAjNC5uKbQQkgggggkJ7VlOhtde6EZCDQScJNghNSJAnGm8MS1jIKuoYeiEGxPnjG5WRYbqUk/yOXkKksFJGaIrqHDL2/MEBgjEECUWLBPvAoq44i1W+tcSzuaMu04k8WIBd4CV4lNElTymr/UrwGozUjrao4/Kj7bBekRz8IQoVGRnqqE9S59sAcvbzza9/pZCZE3IQQ3QBaszKPB+UzNoOg2Sb6ShDo3Y4KNa2sRPPWU77wTbsMAFCiHVXFdd5oJYafZP8jl5LUj8hLJ+QmPo3I4KkoyFOkf4/KaZGbxEVYtW0vVfDw8o0+HhTkJDJoOh1eCElJkY41trowwkhs8tjqalvECngvEdAavKiFVaNMQggmytx+JmLQwgZ1Jg0N2XdCmr0mCE2YvrxF5brdRX3TQzhSIIYHjdlKt88sdmvCKCmmyf5nLyJcGyQJsQqg+Iqo3kmHgS0SJzLk6n7ZvnlKZpQz+Lweb3jQ22iwFN/28Atp1O+iAFkIttSste5LWs65RCH7YY2IFnsS6bti1Nep0hBcQp5ZXlTZYRkC2wTHxmkY7DLl7G8ZOT0HoQj5XNPVmd05MNPt5RVWtspglQTVEdsJdg4mHIOt8soX5UGHaQdsQxofENwT2iHWVULs7qYgOrNwgw8QZ/F4fV7wYoAjqMPsNe/8A+JswuAC0aneC0fv1d9T3i+mzTL6MMPGRUDpvSX5hddv+dZSKutC+dZlWrhAerAEkYZlMd7DViDfWmmJsRz4ji5na5TtbRVRcPoLaaq9vA7HSXijBNQCJd8SzPEsu/Yhm7d9Yv52sP0g7ZhDj8Q1SHZJYiciKHQ9k5WbhBHxyMO0Mxn38Bh1TAUMKG2UvCYiJYzdAVOTy6GcpBBh1edOIMsi3L3294Qh7thIQRdjVESDIUJiAg63T9+5tKqQbXXdgwxUCggMnXTeLqjoHgC9DmFH7Svd5aRPoDdgvyGDTiyIL0WaO66Q2BBSv4tsgjZijGY5o9J0QQPwiEoesTnZmaE4s/H4XV7yvAlw+r8wIkmoTBTMHW9zX3l1C5VPgr/hLfvsqscrruYhBa3tTuakyHCWHPyE4CFr43dj6sUQamonK7xRfuMBpe7WdWGcBcoNcsowr0get21mIqX1UWWzfa/UzTLlXVmCkIBABp/LsEHbEBcITQ/ECm5Tj4l3YmTGbAudpnGfa8anzv9wIECE3yI2Y6Ls6kyZ9vHsD8MwNwPmCsQ61274OICqFwNfP6iqtTSex0nQ0nf02N8Q6qN1bGif9gDL69B2lmH4hCjNp9CnVCciCOEJoPiJaFbjDCNi71feAoQmoxBmbxDwq7aBAgeATthLS9JDN2jwvFGDjwLdPmFGnzK57kOmfwlyODCFjpo+8CuSukCYQfBNPSIdYZkQJsQqg+ILT8EfPvhrK2FqCprDCdZWm5BA8AhFUbaMVfjwqXbQthyyxCgtgftTqxQktBqy3Bbj4IQGJlyLDMHxDwQGj1CDD9IO2IZQ/Ew4bNQlZzuGZU/tkM3Cz2rACjALGBAgQwVo6JoXDgDiHAQWzroyCU1gxfvLRD3XHR2JWrB5RgOnrT9IO2YA4xiE95MRAgf3SUZMMowPD4rIpqU5uH+KiYOQjCK2f3w4gbBBSQsEANP6DZIE2YI4y0ofEQNONoaFe3JCxCKYx8w1Po36hWqiMLH5Y3m3D+AhZnOQpUXAUD/SNkmoCXuMvSqPSVZ2X6Ebe8B8kstHhm24pMrdz8hm4VCMQBUJtM2z+oQZsniQkwLxnk4JSq8XC5/g1hm0I2lV/WIYmV4gm0AP/AIJ//9oADAMBAAIAAwAAABDzzzzzzzzzzzzzzzzzzzzzzzzzzzzzzzzzzzzzzzzzzzzzzzzzzzzzzzzzzzzzzzzzzzzzzzzzzzzzzzzzzzzzzzzzzzzzzzzzzzzzzzzzzzzzzzzzzzzzzzzzzzzzzzzzzzzzzziTzzzzzzzzzzzzzzzzzzzzzzzxTzzzzzzzzzzzzzzzzzzzzzzzxTzzzzzzzzzzzTzzzzzzzzzzzzzzzzzzzzzzwjzzzzzzzzzzzyxzzzzzzzzzzyjzzzzzzzzzzzyhTzzzzzzzzzyzzzzzzzzzTRDDTzjzzzzzzzzzDzzzzzzjDSTQhCyRBjDzzzzzzDzzzQChRgCRDiSzBDCCBDzTzwDzzxwTTCjRxSBTzzzzzwARTTAjzyzgTwQBRywQhCAADDizji8AwzyzTChjTDTTyAQhTRwwQRmFEQzyhigTE5yTjCzjRGItTyGxDxSjyzyDxxTDAARTwznyKyQAzghCRTzyxjQDjSixhxe8zgTARiAQwRzzzzzxxQBAzS1tVRCAAgRjBTzzzzzzzzyzihjAqlyQAgCSBzzzzzzzzzzzzwyCTzuxyBhxzzzzzzzzzzzzzzzzzyxxjQwRzzzzzzzzzzzzzzzzzzzzxyzzzzzzzzzz/8QAJREAAQMDAgYDAAAAAAAAAAAAAQARITFAQVFhECAwUICBkaHB/9oACAEDAQE/EPIt+iFcmuayQ9j4UYa7kvGkDHuEBuZhv0bc5Sy66BQcI2JURYODgiotytx1yCqt8bCfsoeTBalUT25VOAuRcMm77//EACMRAAEDAwQCAwAAAAAAAAAAAAEAESExQFEwQVBhgaEggMH/2gAIAQIBAT8Q+xbaMqTWD6NdAefShiHcl4xA28wgZ6x+jr5mDZrgKBJHRUFAOx2ItyZ5VwVVujoT7QWWDkKJs24QCNw6J53/xAAtEAEAAgEEAQIFBQEAAwEAAAABABEhMUFRYXGBkRAgQKHBMLHR4fBQYHDxgP/aAAgBAQABPxD/APa9/wAfZ0Lt1dsK8Rp70cDdg4CZ/wCjxHv1bL1rPcUfAa7qeDl+a/6Bzc4RXaKGnbM1NfHpGu6FXD/6s8+fPnz5v+Ps6F26u2FeI096OBuwcBM/V+WV/TTxHv1bL1rPcUfAa7qeDl+a+pJaSZjov02c3OEV2ihp2zNTXx6RruhVw/VZz1KeR7p/+iefOR9SgufB6/6P58qDqmTcG1/8J/z5fv8Ayyv6eSzpoZ7IIPVgkfU+pfvyWkmY6L9JhB6xQerDxdAF8MCMExwlMva2ekeEeRputhV8q7aeGG4qDpkwbFsIsmzFVznsC6Y7/TZz1KeR7p/oRAUANViwFwFd4yV6y7B4yL7B+WGUpqwOKYg8W2Iz43YdKi9Qv2eYql1VtXea5dJV5Y1sD1L5RfgVxs8WGOojccpYIRrqDgfJBJSsRw9Po8j6lBc+D1+v7EPjt4GZXdFF9hqiBIuQy2Uyx+88onq5jFMWU+hqY9LmKl/45jBSb1g8GhA3Z50lXA5+IXC1lTHJ6ulr2hJt1CveQZragu3mEkfcX6BQdUybg2v6n5orJH7w5AsK19mQGUUUWuXv4qGXnaC94DILVg+8scHVTLt0iBzgOh50IkTrWKdGsD4hUzHhwmEX4zBP2MHpgh98G/4h+UXBP7/5g2/3P5hEU56ipg4aJTzMRHWWW8zLGYQft9O/flBm6YIOVWBGXaomOchVX5cEUm5G16QwRAAU4p7DSGX4mAvZVsMF+mYerHt+2avbSZXqdE0wawPeC5/hc+0u+PiiaAd31feOWo3P9I5KLfn7Q1ovV+8AUatLoimkerHRPiizh4CH9IQfX7c/+Ahs/sIfVXmBYRu5DSfhvo8wEz9UZPMGr3Fft9E/fsA3mgbTwERX0oqtbktmKiQowA4iFqe2YKZpWntLuGbGp8BFVUtdVi38NZ4lRt25YPcgKI5qHyy92TI+xAPeJSYszpHL82wg/VAAAAOCixclf2BqNeZdzMLZJRhl0J7Jrk/Wfv0klNKVIOtm0Zwh8NeV6nCnUCLCiJrgQsc42w485csxouHLswU8aI38Fv4l0TtzKYUW8omtKZXA+kolxopR7S3FF0EC4HtCCD9EAAHR+gAAHDXIsVP9oLZgC/och7Tbmsk9uv6b9+jAMDwFx0u8dOCCtQ8x0RKOB2Os0hMAC1WmMu5TFmVzoDLa9/MHckMZ7ujwIUhrVCe8ucksGfAuWrB30HvKBU0VD0XMjqAVFzW1VuEBCD9MAAAdHzgAEIwAIECGtDSxUJh+qFAdsWVLVfsU1jFnQz7DGLjZrnz7+pLUVq0KvsMre3HdbthiPC8shZUdOa0LXdTHquMCiZBYRwYcEbqroQfZrnMWaLd1/uJhbeGh/eYsg0pfmXeYKpPzQ8AV6Z4qpgWRlu98I/vBmRg/clocjxs1L2TZgHT5QDo+B0fOAAfAEKwAKIECssDTMUQTrGnrCAI0H64aENzOph9GJTrzdnmoaF8ylZwkDIG1KZNvQ03jRIFavZtldxEaV4h7wAII6J8jiNYERa7x8A+AYSgXWmJqcNiRK9ISomqzooB6ShZW5s/ptN2ABr5xOmJCn5HAFYxX6S2gcHA6EH0OEs+xFEoiWJ8Do/SAAAfo3pF6N6p0rylDJeRgtyCxZyrG18esW4E56u9UUydrdWX+ZW0VCSBh0PEHrFyRyXbQCCUgQAnR+ZuKKAHnRHbKct4yEB4KPkBq/s42suyBvBKJyQTBvGzmWkjaI6kMSwNxph9E94P9xreDVAfG/tGVsjrngZWw6/yvxBWgtYLtt4QSGqUC1pLW7DicR0RdJs/MADqgr1KPSjUK9CpS/ebmmHwQuJ1ToiCZqFAQ27Ky1f7vCKs1lntjwSppLhVauCmBF/ojIrEh7tFBHA2KFJycxDyNWWhTQg4rXpZDodGYuDpRm33q/LAyi37VOf7kqV4yzMm+sI5uWfAzEFhK4CCjbiKQImo/A7lFdWMAQ96+8MR7gjf4Y9tw1ezs29IFp6lnxMt8b4QR6uSBfVDK2icxmUgYcmaLwQZamxzRlcJOj4FgKmn6EhYB6MwuJ1zpnXOmdMsk0bAR3TSqzt/hLrmC2Sl8GxHaJIl4QwrYacGHunviClS6UtjlYjX68l9nG7GXOkChqosDVqajbT76HBAiEOCBLPkBhV1BhEpJnxcWhujqBHiOTBgAbe4aSblUsZmIrJnHIYI17TcX0SUy9C9di9wMMLoqzq41JNaT8DqZk3IchxvVNeYhEfeGrJUNPq/EdE1MBIrXm0Z4zVzTsxJwOgJgeLaGYOq9K3lBiP8AMwYEdQAy3SBOG2hXsYs7LgQMdn2QYckoH7tawk4WJYzrm7UR6JbAEJPQw38vxAvYDkgoiuCOhnAKi0tKwZ8BHrOEpGqu0A3FCRWLd44IHE3Gi8Pg8uYCIGACggQoBslZXmGiEDNQcDT935cGCNSAZejtMtyWmo3EHQbj8wcjDwLeWAhNxCwyhVYHkagqFy3vBZYIITUWgmOd4UQ3Lks3eXbFf/YZyQnE3J+KAGYz40g5hbNYjJ0m5EC5Nq/wvXwSMsBqJoymYztv4y/WdU64sKGT93RgviBExQaArYMVEBRvjiUtqOFsqIgYsBhtQ2nROiBGFHdu384GjQ5IYIoqUrAU1CLRC9Hg8PEYl63T4sHtiUJcnCAyujEJk1DF6EN3HTV4iVcA+RnKmVa3BWiDSLan88ZX8gAKSJgW4HIvqJSLuGKFaBTHSp8N1DKspMIy/wAmaA4Ep6yrYEo5MPMA1zKonMq9k0IaVcMwLyhigpRp2cMVsC0M9f5fARcwkgWh2uvWEHEdEnXFa/q6/PI9S0PFO+WMudl64VNGvkm8FjAnUqqXi4GAGydEtmesnSDqqUtVbWEmKC8QgAAascuDRsPLB/jfl2ByppS4KfZhN3MGSGVLDVXLCKUWuIP5mC6v08EeOTVWCFhjS4OXcN/SUXJVaUCGuDvGyiQHR/uhD8rUCLBLe0NEX1FdF3D9MWiUZXfMairbTtKpU1eR4dJVENHEJ0fgIB8hG0Z0lKm8D2mOn7Tah9noFiR2p4Oe05/ZCqCmUusKTBg+kq6mec1rlrGFEX7Tt2oyaOO6hXkB6JyJBYJgpR933hLVXeSvtjFAOq2DvU94jGJyq2s6ImnLoYV/BGsmLVKkVdx6EcUAFg5Zmd6ao3zLXjEMGm6SNzTPG8LLXBMnUNjj5d4+OA0GA8E0hmX03P8AEW0ug3ioMpZZVkEXltaBGUiX/bmDRiHJbtmDfHzoCkjARnmAWZ1F8dYu7VYUZW6lbCvyRarKoK/XaE0fch40zDLEn3UH7JrRGhOzKrzdDXEqZgARKRMJAMJR0BSiUm1TgOyOGBZl0Fn/ACKj0EvOB3FUGtghdWECtNBgPZAEFFYlzwmpOiBxAKFIxMlUl5ljgh4OiIkZK4fOiYhm41wBja84gOzFgGgBDLB1Dq/iKrvePLvA50gNlcjSJKOd3r/UtVQ4A8sY4VnWvzD/AH8oNMBHCEWR6O75jUiggdOCCA/RQdSDtjMJEX1M2l9QMDDY3GWr2tWLzs9Imemg+ruespo+7DpGpvD+hNCo+0Yb8qHCBWYkmvFL+7m5G8NTFK4524DUlDxNixCGC0pDUeXLtBdBht6Lym7ZHpAEvdDkdhjIQ4ARXnSLjhTOOHlj4MhS6poeNYG10DyCsp7l8p/irmYLN6jxxMrYq8wKyHEMrxtj+YfWsAIdva0X5OIuFlJ9LGVli+0jHlbJegqitOV3mHJA2gAAOobQ/VApg0dfUstl6lpC7i4X11DzognQ+Vovc1JQeKGjBgBozOjlAqBvCKImv3l8kFjRjwWlV+Ak7p2nDHq4EZjOpIoYEgkIDZndhmd4qZeaWQ9XB6JdMjXg8sylB9v8y3B4lmrXYgktPRr/AFLxRXAlaRZca+CHdPyS3i9I8RkBV6d0fA1svQNCK4kCCYiHEEAGPoSsI8ED1LPS+oluu4yky2xAACFM6dbfWWmCFgTpgOnVgoglHMepXA3fu/IAGxKpm+qUyeDC91qaJQvoVAvUxLNI2RpADLBlFHL8EGjy6rWWbpusB5Yjs3JdX8xwp4z6fBgI/YMpKdt4xAUogzArqGQSoAKCvpC6EdCLlnC+pdQu4QR7wV9m0LklQUTxvHSTpRHoyoBmCCY5b4oBsSqCIo3GPewbfa/xAvLCBYBa1oeWANs+0QG5dAIHrLld+TiByDL93dmiV7gXTaNHfVl2sakqqDBldQah9RqBEwluWIL6iMq7gmULTV4ma+fFdG+dGEBPNDoqanpRuGYvXnuVpN/GLPE9oqUiy/cEilwXxELbwHL5YAAAGxKaD1w34hMgc704izw1fv5XeOhLcoaXitoNArqBgGJpg+rQSkjARnmATL6jeMt7QzEugKesYqjgrMKKrUDBD/Vmdk9wUmj3CqxFS9RGaD+DCDC06uxBqUe29+ZQW1otvsaRVmRRqd/xBq6BQjYgrqGgSoBQ+vQdSFojMPEX1Fmy+oRdQCi5EKpbXvovq8RH3lhNme4Tlsd4Qi37oi2cOC1jkb1Lz5cwipsKAS4G47PlgCD2gKhjqBUB/wAQSmAUVfUK3XUEYAiNhiCiyDJ70+1RUtNBYbOqfePCKxwIxHbJV6Af3NWloPfgww6RqdG8NJiAFBCjGAEaYP8Aj6oQpwm1Iq6HtNMX1AvdYfUmpTg+y0U7wI41RD2XeUCwWXANB/zNSIzYjZGwCCYP/BP/2Q==","provType":"MONITORING","date":"2018-03-12T11:00:11.897Z"}}},"provision.device.location":{"_value":{"_current":{"value":{"position":{"type":"Point","coordinates":[40.888357464612,6.765541515806426]},"postal":"28033","source":"GPS"},"provType":"MONITORING","date":"2018-03-12T11:00:11.909Z"}}},"provision.device.model":{"_value":{"_current":{"value":{"name":"OpenGate","version":"1.0","manufacturer":"OpenGate"},"provType":"MONITORING","date":"2018-03-12T11:00:12.406Z"}}},"provision.device.name":{"_value":{"_current":{"value":"CHD_DEV_12 name","provType":"MONITORING","date":"2018-03-12T11:00:11.822Z"}}},"provision.device.specificType":{"_value":{"_current":{"value":"CONCENTRATOR","provType":"MONITORING","date":"2018-03-12T11:00:11.902Z"}}},"resourceType":{"_value":{"_current":{"value":"entity.device","provType":"IDENTIFIER","date":"2018-03-12T11:00:12.407Z"}}}},{"provision.administration.channel":{"_value":{"_current":{"value":"default_channel","provType":"MONITORING","date":"2018-03-12T10:59:09.909Z"}}},"provision.administration.identifier":{"_value":{"_current":{"value":"CHD_DEV_2","provType":"MONITORING","date":"2018-03-12T10:59:09.902Z"}}},"provision.administration.organization":{"_value":{"_current":{"value":"chemacorp","provType":"MONITORING","date":"2018-03-12T10:59:09.907Z"}}},"provision.administration.plan":{"_value":{"_current":{"value":"FLOW_RATE_100","provType":"MONITORING","date":"2018-03-12T10:59:09.897Z"}}},"provision.administration.serviceGroup":{"_value":{"_current":{"value":"emptyServiceGroup","provType":"MONITORING","date":"2018-03-12T10:59:09.905Z"}}},"provision.device.administrativeState":{"_value":{"_current":{"value":"ACTIVE","provType":"MONITORING","date":"2018-03-12T10:59:09.804Z"}}},"provision.device.communicationModules[].description":[{"_index":{"path":"provision.device.communicationModules[].identifier","value":{"_current":{"value":"COMMS1_SN_CHD_DEV_2","provType":"MONITORING","date":"2018-03-12T10:59:09.517Z"}}},"_value":{"_current":{"value":"COMMS1_SN_CHD_DEV_2 desc","provType":"MONITORING","date":"2018-03-12T10:59:09.52Z"}}},{"_index":{"path":"provision.device.communicationModules[].identifier","value":{"_current":{"value":"COMMS2_SN_CHD_DEV_2","provType":"MONITORING","date":"2018-03-12T10:59:09.218Z"}}},"_value":{"_current":{"value":"COMMS2_SN_CHD_DEV_2 desc","provType":"MONITORING","date":"2018-03-12T10:59:09.22Z"}}}],"provision.device.communicationModules[].identifier":[{"_index":{"path":"provision.device.communicationModules[].identifier","value":{"_current":{"value":"COMMS1_SN_CHD_DEV_2","provType":"MONITORING","date":"2018-03-12T10:59:09.517Z"}}},"_value":{"_current":{"value":"COMMS1_SN_CHD_DEV_2","provType":"MONITORING","date":"2018-03-12T10:59:09.517Z"}}},{"_index":{"path":"provision.device.communicationModules[].identifier","value":{"_current":{"value":"COMMS2_SN_CHD_DEV_2","provType":"MONITORING","date":"2018-03-12T10:59:09.218Z"}}},"_value":{"_current":{"value":"COMMS2_SN_CHD_DEV_2","provType":"MONITORING","date":"2018-03-12T10:59:09.218Z"}}}],"provision.device.communicationModules[].name":[{"_index":{"path":"provision.device.communicationModules[].identifier","value":{"_current":{"value":"COMMS1_SN_CHD_DEV_2","provType":"MONITORING","date":"2018-03-12T10:59:09.517Z"}}},"_value":{"_current":{"value":"COMMS1_SN_CHD_DEV_2 name","provType":"MONITORING","date":"2018-03-12T10:59:09.522Z"}}},{"_index":{"path":"provision.device.communicationModules[].identifier","value":{"_current":{"value":"COMMS2_SN_CHD_DEV_2","provType":"MONITORING","date":"2018-03-12T10:59:09.218Z"}}},"_value":{"_current":{"value":"COMMS2_SN_CHD_DEV_2 name","provType":"MONITORING","date":"2018-03-12T10:59:09.115Z"}}}],"provision.device.communicationModules[].subscriber.administrativeState":[{"_index":{"path":"provision.device.communicationModules[].identifier","value":{"_current":{"value":"COMMS1_SN_CHD_DEV_2","provType":"MONITORING","date":"2018-03-12T10:59:09.517Z"}}},"_value":{"_current":{"value":"ACTIVE","provType":"MONITORING","date":"2018-03-12T10:59:09.708Z"}}},{"_index":{"path":"provision.device.communicationModules[].identifier","value":{"_current":{"value":"COMMS2_SN_CHD_DEV_2","provType":"MONITORING","date":"2018-03-12T10:59:09.218Z"}}},"_value":{"_current":{"value":"ACTIVE","provType":"MONITORING","date":"2018-03-12T10:59:09.213Z"}}}],"provision.device.communicationModules[].subscriber.description":[{"_index":{"path":"provision.device.communicationModules[].identifier","value":{"_current":{"value":"COMMS1_SN_CHD_DEV_2","provType":"MONITORING","date":"2018-03-12T10:59:09.517Z"}}},"_value":{"_current":{"value":"SUBS1_SN_CHD_DEV_2 desc","provType":"MONITORING","date":"2018-03-12T10:59:09.712Z"}}},{"_index":{"path":"provision.device.communicationModules[].identifier","value":{"_current":{"value":"COMMS2_SN_CHD_DEV_2","provType":"MONITORING","date":"2018-03-12T10:59:09.218Z"}}},"_value":{"_current":{"value":"SUBS2_SN_CHD_DEV_2 desc","provType":"MONITORING","date":"2018-03-12T10:59:09.198Z"}}}],"provision.device.communicationModules[].subscriber.identifier":[{"_index":{"path":"provision.device.communicationModules[].identifier","value":{"_current":{"value":"COMMS1_SN_CHD_DEV_2","provType":"MONITORING","date":"2018-03-12T10:59:09.517Z"}}},"_value":{"_current":{"value":"SUBS1_SN_CHD_DEV_2","provType":"MONITORING","date":"2018-03-12T10:59:09.605Z"}}},{"_index":{"path":"provision.device.communicationModules[].identifier","value":{"_current":{"value":"COMMS2_SN_CHD_DEV_2","provType":"MONITORING","date":"2018-03-12T10:59:09.218Z"}}},"_value":{"_current":{"value":"SUBS2_SN_CHD_DEV_2","provType":"MONITORING","date":"2018-03-12T10:59:09.126Z"}}}],"provision.device.communicationModules[].subscriber.model":[{"_index":{"path":"provision.device.communicationModules[].identifier","value":{"_current":{"value":"COMMS1_SN_CHD_DEV_2","provType":"MONITORING","date":"2018-03-12T10:59:09.517Z"}}},"_value":{"_current":{"value":{"name":"TEST","version":"1.0","manufacturer":"sb-HD"},"provType":"MONITORING","date":"2018-03-12T10:59:09.6Z"}}},{"_index":{"path":"provision.device.communicationModules[].identifier","value":{"_current":{"value":"COMMS2_SN_CHD_DEV_2","provType":"MONITORING","date":"2018-03-12T10:59:09.218Z"}}},"_value":{"_current":{"value":{"name":"TEST","version":"1.0","manufacturer":"sb-HD"},"provType":"MONITORING","date":"2018-03-12T10:59:09.123Z"}}}],"provision.device.communicationModules[].subscriber.name":[{"_index":{"path":"provision.device.communicationModules[].identifier","value":{"_current":{"value":"COMMS1_SN_CHD_DEV_2","provType":"MONITORING","date":"2018-03-12T10:59:09.517Z"}}},"_value":{"_current":{"value":"SUBS1_SN_CHD_DEV_2 name","provType":"MONITORING","date":"2018-03-12T10:59:09.71Z"}}},{"_index":{"path":"provision.device.communicationModules[].identifier","value":{"_current":{"value":"COMMS2_SN_CHD_DEV_2","provType":"MONITORING","date":"2018-03-12T10:59:09.218Z"}}},"_value":{"_current":{"value":"SUBS2_SN_CHD_DEV_2 name","provType":"MONITORING","date":"2018-03-12T10:59:09.118Z"}}}],"provision.device.communicationModules[].subscriber.serialNumber":[{"_index":{"path":"provision.device.communicationModules[].identifier","value":{"_current":{"value":"COMMS1_SN_CHD_DEV_2","provType":"MONITORING","date":"2018-03-12T10:59:09.517Z"}}},"_value":{"_current":{"value":"SUBS1_SN_CHD_DEV_2ICC","provType":"IDENTIFIER","date":"2018-03-12T10:59:09.617Z"}}},{"_index":{"path":"provision.device.communicationModules[].identifier","value":{"_current":{"value":"COMMS2_SN_CHD_DEV_2","provType":"MONITORING","date":"2018-03-12T10:59:09.218Z"}}},"_value":{"_current":{"value":"SUBS2_SN_CHD_DEV_2ICC","provType":"IDENTIFIER","date":"2018-03-12T10:59:09.215Z"}}}],"provision.device.communicationModules[].subscriber.software":[{"_index":{"path":"provision.device.communicationModules[].identifier","value":{"_current":{"value":"COMMS1_SN_CHD_DEV_2","provType":"MONITORING","date":"2018-03-12T10:59:09.517Z"}}},"_value":{"_current":{"value":{"name":"software","version":"1.0","type":"SOFTWARE"},"provType":"MONITORING","date":"2018-03-12T10:59:09.704Z"}}},{"_index":{"path":"provision.device.communicationModules[].identifier","value":{"_current":{"value":"COMMS2_SN_CHD_DEV_2","provType":"MONITORING","date":"2018-03-12T10:59:09.218Z"}}},"_value":{"_current":{"value":{"name":"software","version":"1.0","type":"SOFTWARE"},"provType":"MONITORING","date":"2018-03-12T10:59:09.208Z"}}}],"provision.device.communicationModules[].subscriber.specificType":[{"_index":{"path":"provision.device.communicationModules[].identifier","value":{"_current":{"value":"COMMS1_SN_CHD_DEV_2","provType":"MONITORING","date":"2018-03-12T10:59:09.517Z"}}},"_value":{"_current":{"value":"GENERIC","provType":"MONITORING","date":"2018-03-12T10:59:09.621Z"}}},{"_index":{"path":"provision.device.communicationModules[].identifier","value":{"_current":{"value":"COMMS2_SN_CHD_DEV_2","provType":"MONITORING","date":"2018-03-12T10:59:09.218Z"}}},"_value":{"_current":{"value":"GENERIC","provType":"MONITORING","date":"2018-03-12T10:59:09.202Z"}}}],"provision.device.communicationModules[].subscription.address":[{"_index":{"path":"provision.device.communicationModules[].identifier","value":{"_current":{"value":"COMMS1_SN_CHD_DEV_2","provType":"MONITORING","date":"2018-03-12T10:59:09.517Z"}}},"_value":{"_current":{"value":{"type":"IPV4","value":"172.18.19.24","apn":"movistar.es"},"provType":"REFERENCE","date":"2018-03-12T10:59:09.414Z"}}},{"_index":{"path":"provision.device.communicationModules[].identifier","value":{"_current":{"value":"COMMS2_SN_CHD_DEV_2","provType":"MONITORING","date":"2018-03-12T10:59:09.218Z"}}},"_value":{"_current":{"value":{"type":"IPV4","value":"172.18.19.24","apn":"movistar.es"},"provType":"REFERENCE","date":"2018-03-12T10:59:09.318Z"}}}],"provision.device.communicationModules[].subscription.administrativeState":[{"_index":{"path":"provision.device.communicationModules[].identifier","value":{"_current":{"value":"COMMS1_SN_CHD_DEV_2","provType":"MONITORING","date":"2018-03-12T10:59:09.517Z"}}},"_value":{"_current":{"value":"ACTIVE","provType":"MONITORING","date":"2018-03-12T10:59:09.513Z"}}},{"_index":{"path":"provision.device.communicationModules[].identifier","value":{"_current":{"value":"COMMS2_SN_CHD_DEV_2","provType":"MONITORING","date":"2018-03-12T10:59:09.218Z"}}},"_value":{"_current":{"value":"ACTIVE","provType":"MONITORING","date":"2018-03-12T10:59:09.322Z"}}}],"provision.device.communicationModules[].subscription.description":[{"_index":{"path":"provision.device.communicationModules[].identifier","value":{"_current":{"value":"COMMS1_SN_CHD_DEV_2","provType":"MONITORING","date":"2018-03-12T10:59:09.517Z"}}},"_value":{"_current":{"value":"SUBT1_SN_CHD_DEV_2 desc","provType":"MONITORING","date":"2018-03-12T10:59:09.515Z"}}},{"_index":{"path":"provision.device.communicationModules[].identifier","value":{"_current":{"value":"COMMS2_SN_CHD_DEV_2","provType":"MONITORING","date":"2018-03-12T10:59:09.218Z"}}},"_value":{"_current":{"value":"SUBT2_SN_CHD_DEV_2 desc","provType":"MONITORING","date":"2018-03-12T10:59:09.313Z"}}}],"provision.device.communicationModules[].subscription.identifier":[{"_index":{"path":"provision.device.communicationModules[].identifier","value":{"_current":{"value":"COMMS1_SN_CHD_DEV_2","provType":"MONITORING","date":"2018-03-12T10:59:09.517Z"}}},"_value":{"_current":{"value":"SUBT1_SN_CHD_DEV_2","provType":"MONITORING","date":"2018-03-12T10:59:09.504Z"}}},{"_index":{"path":"provision.device.communicationModules[].identifier","value":{"_current":{"value":"COMMS2_SN_CHD_DEV_2","provType":"MONITORING","date":"2018-03-12T10:59:09.218Z"}}},"_value":{"_current":{"value":"SUBT2_SN_CHD_DEV_2","provType":"MONITORING","date":"2018-03-12T10:59:09.399Z"}}}],"provision.device.communicationModules[].subscription.mobile.homeOperator":[{"_index":{"path":"provision.device.communicationModules[].identifier","value":{"_current":{"value":"COMMS1_SN_CHD_DEV_2","provType":"MONITORING","date":"2018-03-12T10:59:09.517Z"}}},"_value":{"_current":{"value":"Telefónica Móviles España, SAU","provType":"MONITORING","date":"2018-03-12T10:59:09.496Z"}}},{"_index":{"path":"provision.device.communicationModules[].identifier","value":{"_current":{"value":"COMMS2_SN_CHD_DEV_2","provType":"MONITORING","date":"2018-03-12T10:59:09.218Z"}}},"_value":{"_current":{"value":"Telefónica Móviles España, SAU","provType":"MONITORING","date":"2018-03-12T10:59:09.311Z"}}}],"provision.device.communicationModules[].subscription.mobile.imsi":[{"_index":{"path":"provision.device.communicationModules[].identifier","value":{"_current":{"value":"COMMS1_SN_CHD_DEV_2","provType":"MONITORING","date":"2018-03-12T10:59:09.517Z"}}},"_value":{"_current":{"value":"SUBT1_SN_CHD_DEV_2_IMSI","provType":"IDENTIFIER","date":"2018-03-12T10:59:09.42Z"}}},{"_index":{"path":"provision.device.communicationModules[].identifier","value":{"_current":{"value":"COMMS2_SN_CHD_DEV_2","provType":"MONITORING","date":"2018-03-12T10:59:09.218Z"}}},"_value":{"_current":{"value":"SUBT2_SN_CHD_DEV_2_IMSI","provType":"IDENTIFIER","date":"2018-03-12T10:59:09.3Z"}}}],"provision.device.communicationModules[].subscription.mobile.msisdn":[{"_index":{"path":"provision.device.communicationModules[].identifier","value":{"_current":{"value":"COMMS1_SN_CHD_DEV_2","provType":"MONITORING","date":"2018-03-12T10:59:09.517Z"}}},"_value":{"_current":{"value":"MSISDN_FAKE","provType":"MONITORING","date":"2018-03-12T10:59:09.419Z"}}},{"_index":{"path":"provision.device.communicationModules[].identifier","value":{"_current":{"value":"COMMS2_SN_CHD_DEV_2","provType":"MONITORING","date":"2018-03-12T10:59:09.218Z"}}},"_value":{"_current":{"value":"MSISDN_FAKE","provType":"MONITORING","date":"2018-03-12T10:59:09.309Z"}}}],"provision.device.communicationModules[].subscription.mobile.registeredOperator":[{"_index":{"path":"provision.device.communicationModules[].identifier","value":{"_current":{"value":"COMMS1_SN_CHD_DEV_2","provType":"MONITORING","date":"2018-03-12T10:59:09.517Z"}}},"_value":{"_current":{"value":"Telefónica Móviles España, SAU","provType":"MONITORING","date":"2018-03-12T10:59:09.416Z"}}},{"_index":{"path":"provision.device.communicationModules[].identifier","value":{"_current":{"value":"COMMS2_SN_CHD_DEV_2","provType":"MONITORING","date":"2018-03-12T10:59:09.218Z"}}},"_value":{"_current":{"value":"Telefónica Móviles España, SAU","provType":"MONITORING","date":"2018-03-12T10:59:09.305Z"}}}],"provision.device.communicationModules[].subscription.name":[{"_index":{"path":"provision.device.communicationModules[].identifier","value":{"_current":{"value":"COMMS1_SN_CHD_DEV_2","provType":"MONITORING","date":"2018-03-12T10:59:09.517Z"}}},"_value":{"_current":{"value":"SUBT1_SN_CHD_DEV_2 name","provType":"MONITORING","date":"2018-03-12T10:59:09.506Z"}}},{"_index":{"path":"provision.device.communicationModules[].identifier","value":{"_current":{"value":"COMMS2_SN_CHD_DEV_2","provType":"MONITORING","date":"2018-03-12T10:59:09.218Z"}}},"_value":{"_current":{"value":"SUBT2_SN_CHD_DEV_2 name","provType":"MONITORING","date":"2018-03-12T10:59:09.401Z"}}}],"provision.device.communicationModules[].subscription.specificType":[{"_index":{"path":"provision.device.communicationModules[].identifier","value":{"_current":{"value":"COMMS1_SN_CHD_DEV_2","provType":"MONITORING","date":"2018-03-12T10:59:09.517Z"}}},"_value":{"_current":{"value":"MOBILE","provType":"MONITORING","date":"2018-03-12T10:59:09.411Z"}}},{"_index":{"path":"provision.device.communicationModules[].identifier","value":{"_current":{"value":"COMMS2_SN_CHD_DEV_2","provType":"MONITORING","date":"2018-03-12T10:59:09.218Z"}}},"_value":{"_current":{"value":"MOBILE","provType":"MONITORING","date":"2018-03-12T10:59:09.298Z"}}}],"provision.device.description":{"_value":{"_current":{"value":"CHD_DEV_2 desc","provType":"MONITORING","date":"2018-03-12T10:59:09.806Z"}}},"provision.device.identifier":{"_value":{"_current":{"value":"CHD_DEV_2","provType":"MONITORING","date":"2018-03-12T10:59:09.811Z"}}},"provision.device.image":{"_value":{"_current":{"value":"data:image/jpeg;base64,/9j/4AAQSkZJRgABAQEASABIAAD/2wBDAAMCAgICAgMCAgIDAwMDBAYEBAQEBAgGBgUGCQgKCgkICQkKDA8MCgsOCwkJDRENDg8QEBEQCgwSExIQEw8QEBD/2wBDAQMDAwQDBAgEBAgQCwkLEBAQEBAQEBAQEBAQEBAQEBAQEBAQEBAQEBAQEBAQEBAQEBAQEBAQEBAQEBAQEBAQEBD/wgARCAGQAZADASIAAhEBAxEB/8QAHAABAAEFAQEAAAAAAAAAAAAAAAYCAwQFBwgB/8QAGQEBAQEBAQEAAAAAAAAAAAAAAAEEBQMG/9oADAMBAAIQAxAAAAH1SAAAAAAAAAAAAAAAAAAAAAAAAAAAAAAAAAAAAAAAAAAAAAAAAAAAAAAAAAAAAAAAAAAAAAAAAAAAAAAAAAAAAAAAAAAAAAAAAAAAAAAAAAAAAAAQUnTlnUwAAAAAAAAAAAAAAAAAAAAAAB499hcLPP8A7z8s+pwAAAAAAAAAAAAAAAAAAAAAABxjs/GCG+mfM3pkAAAAAAAAAAAAAAAAAAAAAAAcY7PxghvpnzN6ZAAAAAAAAAAILpuIQ096Pn0AAAAAAAAAAAcX7Rw8h/qDyh6vAAAAAAAAAAOFwzoENPTIAAAAAAAAAAAHBO9+eiC+v/GnssAAAAAAAAAA4xDZlDT0yAAAAAAAAAAAxcgq87+iPO5zz2X409lgAAAAAAAAAHGIbMYOeoAAAAAAAACOkio4tGTsUIs/DS5mrHQYFb+kQ9fefJedURmRFwAAAAAAAAHD4BNOdnr8AAAAAxjJc7gh2vm0KlxDL0/05sMeK2i/Y+gfQ+Wy79xfhmZun+nQJZxX6ejr3neVHXkRk5fAAAAAB565z0Pnh7LAAAWeQnYo7yvVkxjGNcN5fitJINPjgUFX3BpM3GtCtjWjM+4X0zWJUZCzUXftuouV2qi9ma+om0v45UeicrzrJjsiEykzQAAed+edD54eywACg1XmjsUFOMTKYRElX3kW5OhsS2Z9nVVl/wCY+MbDFs1D79+ipUPv36KlQqVCpUKlQqVCpUKlQvW6iRyvmX07xm8A3p2JBpWcF550Lnp7LAA0W9hxz+J7jTi5R9M+DSy2cJwZNgkU10u1hocuzryVb7mw7fLvMV49SVcH6cSyr5WPv2o+VqhUqFSo+Vfaj5V9rKaqvp8+tQbjTwLZFGv6zLU4bt+1Xl5Rn9RjR0rZeV+wHSAIXNI0cY11usrqVC9brOJ4tVmS9XifLdjYx7ho470W4cpdB1xD7/Tpscz7VgcrO4VYWeKlwpqyskwsjKrLN25WU11VlP1AjM18t6ERST7PKTVZu3xS7HoZzMkfPZTG1k3ZY9ITpgGv2GKeWYz6P42WNvzbKOj1x3eHE95o8PJi2+FizPNmiFMljWvZ9y8XJ06usdR5b1oh3NumcHKIbpcAnfoHyJ6tNzmXKyzYt0cnjZv3X53N5mwu67bd/wCipXYhp1aybWuhlvMyc1Me7qOZLPOUauRGhkt60cz6RqOhFOxw8w6WADH00h+HKuZendUePa/R/NDgX2QQ4233X5hd+qinKsZJ1XrHKOsEN4j27hxroROxyvvPLOunWbnEpeSrXynI5PGj1O9zsHP12bXV3/o9doc/pXt7XNzTEyRwKB4xTn7S6U3KPh9fai5MYVYOg67mPWTo/wBt3AAAC3rdsOfc29D4B4rg/ufnZ5dzptADYZWg251/rPJetkL4f3Hh5rqvn0v+ivN/oQmUBmtaed913aODL4x8XtVWu25ur8IgBJIxuNiWshSV0qj5V9zjHytTBTf6WV9YIn0rMyh9AAAAACnDzhEIB23FPIHP/ccFOQ9n5ptjM4j1HkJR9ouD0T539HpvqlYqfbLuBm2l88ZG7kUun3qs+vn0VLpbyrkeN/BLPQSCdclcgMDZ1gAAAAAAAAD5YyBHoV1W0eaeSe3IgeLc/uHKDD9L+TfRZ0arXbFPtfyuxh5uGvIJNo97L9fLh8rvVlWLqss0e9nkxI5Lsu4fPoAAAAAAAAAAAALdwamK9AoPPMK9Wxs89TLfQw6JteKSNOm4WDfrl0hjcnl+5ON8LNyZyki0s22WWb/0AAAAAAAAAAAAAAAAKahiavf/AAgsO7PjnnDXelomcAnuz6eQ2Z7PKMXMrAAAAAAAAAAAAAAAAAAAAAHyi4LFdwfPoAAAAAAAAf/EADMQAAAGAQIDBwMDBAMAAAAAAAABAgMEBQYHERIgQBATFCEzNTYwMVAiIzQVFiQyJWCA/9oACAEBAAEFAv8A2vkeWwMdFBn8C5lfkM677+54fe+LL7fj9UYcfwem0KPKvPyGqPs+l3vH5DVH2fS73j8hqj7Ppd7x0uR5bAx0UGfwLmV1OqPs+l3vHS51339zw+98WX26jVI9qbStW930uqMOP4PTaFHlXnU6sq4aTSNfFfdLqj7Ppd7x1OsSuGh0aXxZB0uqPs+l3vHU61Hw4/op55D0uqPs+l3vHU62fH9E/kHS6o+z6Xe8dMqVHQojJRDWz4/on8g6XVI9qbStW930alpQU7KqiEHr62tDdNaXI9nNjCNlbpDUwzyWi0dhSoeRdLqyrhpNI18V90Nhf1NYU3PX3h3V9cqi4/FhplWLaS5I8t+K5FymQgRsgr5AQ424XRaxK4aHRpfFkH1plnAgJn6gRkCTb5JcnDxd102qqurkv3SEE6+8+r6DMuSwcbJ5bYjZFBfDbzTxfX1qPhx/RTzyH6b0liMmdmtbHEvIshsw1jsqUqNjkZgjk1UISL19YccW6rl3IgbrZDxDY8QO+WO8dHG8ON4Mzpsc4uVTWxFyaA+Gn2Xi+prZ8f0T+QfQUpKCl38CMJeSWb5/0+RYON19XEH9ThMBy6lqDkh57lUtCQclI45Ch3bpju2SG8ch3yCHiFDv1jvXB3ix3ix3ix3ix3qw1NkMnGyiY0IuTwXgzKjvl9HWz4/on8g5nnm47SNRqyxXIs5kobmCVsDfdMuVS0oBydxwvrHAwgeIQkG+4Y3Uf123nWji5FPYEbKIrgZmRpBc2tnx/RP5BzWDzRtZBp5WLUdhlGOHXZPV2IIyPlW8hsd4+6O6bSDkJSFOrV0yFrQca9nxxGydlYYmRpJdutnx/RP5ByrUSEyZRmcmWtS0yCUVjh9LZhcLLMbOuzKDINMuMtK58NseNS+CciNhUviG+/VoWtBsX82KImVRXwzOiyBrZ8f0T+QctxJ8PElu/oPzMEoyCJJkLmprrE/6LHSTlXGQFsIbCuJI8VJSG7eyaDWTW7QYzR8hHy2sdJiVGkp6WXbwYQfyOY+fg7OebNRJjhqfaxTkzWb2LiNRWYxaMWMORy5Me0SSrdPITBLOSg/EqhpUF1CFB2jfDkCW0DIy5G3nWVQcqsoorMjgWAL6mw4THCobH2TrWJAJ+0s7Q4GNOunCxtpsM1sdsigtLCaSMoHWwIyZ1hEbTIyRht7EpUp7kyo9oLp7p5EHsJjn+Z3w70E6OMjDkZh8n6VJh+HIj8iGXViqyGfVqiymJjXMTajBMgmkgkkNhsNgeySnW5rOJjpTFwscjMEiGlsEgw2wZhLaWymXjLRXGTNsOWq5ckY/WoiNYp/L7chY8RVFJTsSiPlm/wAwm1nyEowTg4ScD1D4g/7anoVDxYzEXHmGhLpq2QwTkzFp0OWzOY7CSZhLIJBENhsNhsNhsFrQ0iXMfsnKujJIYjIaIiCGjMJZISJbEYry8XHbORcXQebg49DpYL1jMXHSxFxT+X2yT/Re18qBJZsjI2JyFhLiVdsvymtLQ4U8myCIr6yNCkH2MH+5UElYZiRlNWMZpgSromzlZAJtr4lOK3CoE0ghkEnYKUhtKHnXh/nDvloCTSothsDMklLku2b9VUJbJtskklBmEMhx1mOmbbfplZKqYqNUGayIW/HOsqCEllub6GK/y+15HEVnWd8VpjZ8TkaXENixUkR7BKg26lQm/wAzsiymHEWbkdTfYx6lOIx/t3J+VsymSqXGfjrBHseOySn1Ow2Bd3xOSX3jSkwk1EGPJ7YbC2lKdXT1ZJJtrhJDI4UNlJtCSLTJY7LhRrO0NlhphBIGxBFeXiYMc0osEmljFf5fItolCRXIcE7H0OCxxjYPQZcQ2LBbZvSCVJJRGC7duxj1KcR/TuvtMP8AdcaQ8idXrjGMBsYqIJeY2EiI5uhbe5GgG82RxIjjJ7CY/wCGj1MFT7saJwJQ0RCROZji2vmIyXJ1xcqhVsSCRJMxuSR9+xpXAqBIjqFwlPg8YcLxpHvzKbJQfgoWJtE24LHGBY4xIZUtD8ZSHwlZHyMepTiP6d19pvqgyJRWFWbYoNOo17jLxZpiKqnNKqwCFJWSiQ4PCV4bNLJfcbCW0ubKrK1MZt15mMmdb7IlZFKnLj1DSXSLcbJSDMz7NuwyMg682wkrJ+xXQxERUI+3OaCMPQ0LEykbcFli6FlY4m40bzEqIaHwlwj7GP8AemEf07r7TfV7CMYo4TVAbhLFzg1BdB6hzPFFVWfQZCmH2JLew2GxivgtRkyLTYrTJmmXTr5VmtCENp4dhvyNtLcPdiOLG9QhTFdOtXaqiJoo0YmyLy+kaSMOxULEunbcKxxlKys8RNByIUyEaHxGdI10xiP6d1/rN9Xtxv2YEEuGQtsZo70pGC5HQLg567Dcg2UCyaLyFvfRq9t561vCiQo8Jsi3G+3IRGoyZQ0J9szGbclWFsqpxokiDUoaJthKC+qaSMOR0qEqpbcFhjaFi0w8t11s2C5RyBEeI27kyNM31e3Hi2p+QlGQn1tbatXWFpqnqmzzKS3CqmYp/ceRD79m3YhgzJclthMu7W6qBQvy3a2iQ2TENDZEki6HbcLYSoSaxtwT8dQsP0j8JcS1Q2LaTumU+Rukoj7aIv8AiOV0+Fu6dWtxtPAjlQ2pw/2mROt22j8NPtV1eOpQIlahokNknpdgppKhIrkOCdj6HBPx95BWVLOZWTq0GiQRglkYpPaeWX6MlHHP7dgRGYJpKBJmoaQt6ZOOvx/zhVCGw1HSgiLbqVNkYfgoWJtE24LfEW3im41LiBK3Urp7MmojMttwEZHyS/Rf/TOGxn2IaMwbyGyXLceVGplurh1CSDENKAlBF1poIw9DQsTKRtwWGLoM3a6ZENiyeYOHdkYYnNuBKiPsmei952ASk1H+20H5fmzVyZZxKpKCjwUpCGiT+BNJGHYqViVUNuCZjqFCRjzrZ8U+CcO8EexacEtxJsKPexLYLeS2liJMniFTMxwzCIg2wSQRbfhDIjC2EqDsBCg9VIMTMUjuiRWW9YHLxRN10k5Nk33slcHHkINuMQQwRAkkX4k0EYUwRhUYhZ4rV2aYGAohSo0BmMhLQJH43YcI4ASf+i//xAAkEQABAwIGAgMAAAAAAAAAAAABAgMEABEFBhMhIjESQCBwgP/aAAgBAwEBPwH9KEgd+zLhiUBvan1vYcwkNjyqHIVJa1FC3znYuiKrTSLmhmNYPJFRJSJjQdR683B25StRJsaRlvfmumGERmw2319Qf//EACMRAAICAQMEAwEAAAAAAAAAAAECAwQABRESISIxQAYgcID/2gAIAQIBAT8B/pQkDz7NqqLIHXbJ3loQqIxyypObEXNht97mqpWbgo3ODX3B7lyrZW3GJU9e5pKWW5qdjifH+ve+QQpXQRp4/IP/xABIEAABAgMDBwcJBgQEBwAAAAABAAIDBBESITEQEyJBUXTCICMyQFJhcQUUMDNCYoGhsVByc5HB0QYkY4IVQ2ThNDVTYICSk//aAAgBAQAGPwL/AM12w4rHRo77xDadXehJRpd0rFf0KuqHfH7Rm873Wfu0UHMeszjbPjX7RlZ8Q+fzuate7QlPiR4doy8HOM7nVH2jK7zwlTW7cQ+0ZXeeEqa3biH2jK7zwlTW7cQ6s2HFY6NHfeIbTq70JKNLulYr+hV1Q749ald54SprduIdWm873Wfu0UHMeszjbPjXrUrvPCVNj/S8Q6tKz4h8/nc1a92hKfEjw7Rl4OcZ3OqOtSu88JU5uvG3q0rvPCVNbtxDrUpvXA5Tu6cberSu88JU1u3EOtSW98DlPbnxt6tK7zwlTW7cQ61Jb5wOU7ufG3q0rvPCVNbtxDq9h8dgdsqqg1ySW+cDlO7nxt6tK7zwlTY/0vEOqWnuAHeizP52J2Yd6pAYZeF3YogvJOs1XNx3KkzCDu8KWg+TGF8WFMZxzO6yVPNmYDoZ801j329Wld54SpzdeNvUv5qcYD2ReUYfkmS/vifsqzk1ELT7OAWdmXAeKzMk2y3tcnOwX2XYVVJhger32D3qsN4d4dTlN64HKd3Tjb6e3NzTIfiUYfkyWdHd2jcFZfGMJh9mHcrcap8VajuaFYkYVPeKtRYhcfQ1hRXBUjARAqPObPerUKIHeHUJLe+Byntz42+ktx4zGD3irEo10y/3cEWQP5aGexis5Mve87XFWotAqNo8+6rMu0Qh81aiPLj38q8rpLWrmFXQivVr1a9WqwiWqkeFbCpErDPeqwojXeB9LJb5wOU7ufG30NpxoFc4xXbGKzKtZBbtOKtzUy6KfFc7FbXuX8vLV8VRllngFzkVzvjyb3LRBK0WUWnFWk+qubVXQ10RkxXSXSXSWOSsN5CpFFsKkWsMqsKK13x9FJb5wOU7ufG3lvjxnWWMFpx2BPheSogdZ1uuK5yMaZMKqzbu2DlaRoqQ2Fy0n2VpGpWgxbFefT1hxC1Ue7ODvVI7CwqsKM08uS3zgcp3c+NvLdLPAdbFHA7EZnyLGMnGxs10f9lY8pSxmIA9sfug0Rs3E7L7ldybytAWRtVqK6p71SG1Xnq1WOIVM5bHeqTEOz3hVgxWnkSW+cDlO7nxt5RedQqnRCcVirMQAg7UYkFvmsXtQ8PyVqE7z2WGy+5ZqcaZaJ72CtNjsIPetKYZ+a0IzGt8VXOtJ8VoEBXnrdWOIWnFq33lzgp3tNVzUZpUlvnA5Tu58beVSnrNHk3ouiy4D+224ojzmKKE6166J+a0Y7/zV0Z35rRmYn/sVoTsX8168P8AvBfzEq133Sudtwj3hW4EZrx3Hq3OxgXdlt5VmRl7A2lVmYr3dytQnOae5aWmmyPlaXe+G02gHaio3lCAYliPBzVk6rwf0XNxh8eTCP8AU/TlxmVuER31XrHL1zh8FVkVrlpQT8FeORahRHMPcVSK4Rm+9igy3movZd6bArArDJzr6v1NGKzcEZqH3K1EBK0mroBdBVMNWntY0d6LIDG07RXm0jWYj9liiw5lxqGh1Ca0PIhn+p+nLj/iO+vIvWlDa5VgPp3Fc4z48jQaUIE61z4PvYhCNLvDmn0F5WCw5FTcjAkhU63rOx4dSdaFGrRAWGSrrkWSwtO26lZiPfHjOwYy9N/xCM6Hb6MtDN/9yzrYQbVTP4bfryIwA0mi0FQ8qP8AiO+qqGHk3qgv7lWCwsd8lSLDNNq0mrSARgx2DuOxUa/OSzz8k2YgOq12W5aSuHLMSIaALMwKiF9UHParhyKYu2IxJ2MGQtQC/lB5pLf9R3SPgjFay3Hdg517nFGZmDacTVUaFM/ht+vIIOtRHwmWoJNRTUqFYrHLGP8AVd9VVpQI6StNhkhUe2hyhAPaCr4LSi6Xu91FpNCrnIsfeEJaI7mIxp4HJpK5WnuAHeqyspFiDtdEfNf8Iz/7Bc/Lvh9+IVWmoy2nXALNQqiEPmgS1UAy1iOoiQ/NsGtOlvIrM9EwMU9Bq858pxzNxsRXot8ArlY9iFcFWi+Kmfw2/Xkm5FzW0KvBIVCrysVH/Ed9coFoAgYFANILu7KEMhRDjR2pwVIt/fqyVCgTJvdZo7xyvmY7M5YdZhMOHiVzkQ5MVYb7V9MvmUE/fQcWqgGS04gBWZf80YLXmYmThDZerflmLZhaoEP9ShDgw2saNQCq80Vyc6mJqqAK/apj8Nv15XRR0ES1qwJCo5RTtefQDIclh7agq2zSh/TI+Tix2tiW6taTqy52ALW1qo42TsNy6QVkG044NbeUZmaFl7hZhw+yNpyOia8As468m9AUyUbpOWcnZgNGpqsw2mSlO0fWO/ZcxD0ji83uK7lo/nlqRVUtgeKLmkYhTAB9hvoOiugiQxF8Gu2hVmMwt5QQyHLQhGPLjR1jYpbynCnHy848uNcWm+5UnIJmpYe0NIIQ4rsxFOpytMcCO5UjQYcT7zV/y6D81SXhQ4X3G0V+Rsuzosx8ULr1V5+CLnPEKGMb0ZfyJBtDXMPuaP3Xnc48zMz236vBUCvvKvyX5LwrcR4aAsxKlwha3LQbecTt9FguijzdUXQKt7tSpGhkd/ICGQ8mXhsuAr9VR4qCjEEHzWMf8yFd8kYvk6KZ6VGoX/JZjynDdKRcNLBCLAite04EHLcs9FpU31VmAKe8V5vKMdNzJ9lurxQmPLMa1sgN6A/dBjGhoGAC0lQXDLctEfFXc4/5BZuFz0bYNSESccSNTRgho+lwXRR0EXQQWH5LnYZptGQIZDyZfw5B8+k25w/5jbnJ0z/DHlIxoeOadj+xXmf8SeT4kvEF1sN/RZ6SmYcVvulVVuZi1Psw24laZdIyvZHTd+yzcvDsjWdZWwLR/PkUCrHP9oXOPDG6mjWrEAGDB+ZQJYhorD0+C6KOgi6G2we5abKt2hDIUeRLfd5Wa8oycOM33hejN/w75SiQHj2C79U+Umwxgp69wv8A91nYj3R45xiRLyrltV+S/JaebLVzeiNbijC8nttu1vOCz80S9x2oaKw6nguijoLOQB8FmpkGE7vwVQa8mV/D5RKsA4mia3YOVohdt3yVmuciamhc+S1nYCGguj1fBdFHQREMmmxF7W2grLwQe/LK/hjlFQx72W7LWMfgtJwYzYrEu0w4fa1lVLanaUNFYdb6KOijWHftCJhEupqWbLTawooMBx6DQFjySof3sl+S064bVzd3vFWJVtt3a1LOTBMR3yXRWHX8F0VbbDv20WjUhUfUK8rHKVDHvZKBdpys3vfqaFamjZb2AgGsoFh9h4LoroKsElq5xhptVHFYq4qH4q9Y2QubbmoXaOJWi2rtbjisFh9jYLBdFF0KsJ+1uCtWDFhj2mKy4pt+FSs1Jw847bqCEWcOdibNQWH2ZgsFz0Cy7tsuKdEM1bhHVrQhwYYaP+9//8QALBABAAIBAwIGAgMBAQADAAAAAQARITFBUWFxECBAgZGhscEwUPDR4WCA8f/aAAgBAQABPyH/AO65oBUwrktpg0FXdxgZ/sdx65+hU3/tOuKpel61/YDCCsOrhH3IGpi3Siv7f7H6yf3n9j/WT+8/sf6yf3nps0AqYVyW0waCru4wM+q+sn956b3Hrn6FTf8AtOuKpel616m4dE+7D02MIKw6uEfcgamLdKK/t9VZ+mdM6/TH1k/vPVdt6YUJd/pj6yf3nqu1dMGoeXpj6yf3nqv66H33pj6yf3np/rcIblcQdx8ProffemLh0T7sPSbcC1VUfoljmd4vcdtU7wsx5DcVEgbXiVpTsMOEFGuP+Ul/aTS9MWfpnTOv0JdZYo6hfoI+scSPBbD9Mr6zLCHbjXL2muXxLMjLAqcGtcSmObphlIM+01qTyv0dt6YUJd/84rBHc+IxsM138ziBqpUM2jqu2Caxs6vtKlOh/BO+tH+DTSCqLwyr5YdZWK+FK6Lq9BaumDUPL+Qaie4kdfY5bvEqGgBo7y7p6qWFEI5xCcJ2FwN5J1hYgbq/M6YO7NWMdi3tKOvlkF2k9NDgS9S6Mp+rt5Rs/jiAyj/KfXQ++/hFIy1VgKd8H3GS31I6kxdwh4vG2TEFIzfGDtL7kavvHlaLE0bs2p3zinaf9un/ACibSnAEt4PbwvXTqocqE50PiXiPRleTrayk7oyShc6fxProffecCiunQNWPiHVNnUHaPN9bDFNVl+6LrmZkHaE6vlCsYsWjmbOHBNb35jgfqmiJ2R1qypUCBAgQIECBAgQIELMjhlJRdpqeYjJDlp2vPn+uh995wgvUVltmA3rQJv03jSLXWx2fuGBN1kAtCeXmvg1j8j2s+yZDIODeDxqVKgQIECBAgQIECBAgQIECW4vRlIqG2crkKAG67XnyfXQ++8xomsplVNY5p1Ny9gWMuCXPI6xeF1KvZqQdoq83fb3gzTwhhFn4K5mg5lW2Zt18LNIRzeYp3YyvCpUCBAgQIECBAgQIECBAgQJUDyW6pwwCxLZwoB7AhY2m10z6aH33mLjWefEpVMVj4aWwuoX59n/9IY96rRhSZzS3jSvUXL+ehoX2hoQ73/MvBucLGaE5omfOBcfUNrkCBAgQIECBAgQIECBKgSoHkxUACr3hswFnlj4gfVZJBphOSma7HPFdWPZYVNYZN0uCTLdlTLHJ5P8AWdURfEJUyM1mZYIV3TVwuaD8xA2M+5eKQ3yiNIPXyFjjeqKm8Z+yFoU1evh3lEsgQIECBAgQIECBBcMP/Gh/5Uq3So30TdqXhttrfeAnDzABCAg+CYavxEKbKRhvGzYEypVFrR+92ji1vmLU8nSQ/lBevAgQJZuUv/u0FCdwahpnxK57RmW1nBDLXDJ5GolWZ5U9GAdexIECBAgQL0m2V3h/8IXlB6GEkEWjgMqzbDlH4mQLWrWJFDCaitVhNUJbYBqsp2eL6IMY9Zy+0f3KqKcqOKQ1qf5HLyMDPwrX6jLE0ZhAgQJ/n8odYnaaa+Au0BLcZQw7LdL5D6ZTGItAYZQPzQQYka7Oo+SXSVlu/wCjCrm+HiBAjNC5uKbQQkgggggkJ7VlOhtde6EZCDQScJNghNSJAnGm8MS1jIKuoYeiEGxPnjG5WRYbqUk/yOXkKksFJGaIrqHDL2/MEBgjEECUWLBPvAoq44i1W+tcSzuaMu04k8WIBd4CV4lNElTymr/UrwGozUjrao4/Kj7bBekRz8IQoVGRnqqE9S59sAcvbzza9/pZCZE3IQQ3QBaszKPB+UzNoOg2Sb6ShDo3Y4KNa2sRPPWU77wTbsMAFCiHVXFdd5oJYafZP8jl5LUj8hLJ+QmPo3I4KkoyFOkf4/KaZGbxEVYtW0vVfDw8o0+HhTkJDJoOh1eCElJkY41trowwkhs8tjqalvECngvEdAavKiFVaNMQggmytx+JmLQwgZ1Jg0N2XdCmr0mCE2YvrxF5brdRX3TQzhSIIYHjdlKt88sdmvCKCmmyf5nLyJcGyQJsQqg+Iqo3kmHgS0SJzLk6n7ZvnlKZpQz+Lweb3jQ22iwFN/28Atp1O+iAFkIttSste5LWs65RCH7YY2IFnsS6bti1Nep0hBcQp5ZXlTZYRkC2wTHxmkY7DLl7G8ZOT0HoQj5XNPVmd05MNPt5RVWtspglQTVEdsJdg4mHIOt8soX5UGHaQdsQxofENwT2iHWVULs7qYgOrNwgw8QZ/F4fV7wYoAjqMPsNe/8A+JswuAC0aneC0fv1d9T3i+mzTL6MMPGRUDpvSX5hddv+dZSKutC+dZlWrhAerAEkYZlMd7DViDfWmmJsRz4ji5na5TtbRVRcPoLaaq9vA7HSXijBNQCJd8SzPEsu/Yhm7d9Yv52sP0g7ZhDj8Q1SHZJYiciKHQ9k5WbhBHxyMO0Mxn38Bh1TAUMKG2UvCYiJYzdAVOTy6GcpBBh1edOIMsi3L3294Qh7thIQRdjVESDIUJiAg63T9+5tKqQbXXdgwxUCggMnXTeLqjoHgC9DmFH7Svd5aRPoDdgvyGDTiyIL0WaO66Q2BBSv4tsgjZijGY5o9J0QQPwiEoesTnZmaE4s/H4XV7yvAlw+r8wIkmoTBTMHW9zX3l1C5VPgr/hLfvsqscrruYhBa3tTuakyHCWHPyE4CFr43dj6sUQamonK7xRfuMBpe7WdWGcBcoNcsowr0get21mIqX1UWWzfa/UzTLlXVmCkIBABp/LsEHbEBcITQ/ECm5Tj4l3YmTGbAudpnGfa8anzv9wIECE3yI2Y6Ls6kyZ9vHsD8MwNwPmCsQ61274OICqFwNfP6iqtTSex0nQ0nf02N8Q6qN1bGif9gDL69B2lmH4hCjNp9CnVCciCOEJoPiJaFbjDCNi71feAoQmoxBmbxDwq7aBAgeATthLS9JDN2jwvFGDjwLdPmFGnzK57kOmfwlyODCFjpo+8CuSukCYQfBNPSIdYZkQJsQqg+ILT8EfPvhrK2FqCprDCdZWm5BA8AhFUbaMVfjwqXbQthyyxCgtgftTqxQktBqy3Bbj4IQGJlyLDMHxDwQGj1CDD9IO2IZQ/Ew4bNQlZzuGZU/tkM3Cz2rACjALGBAgQwVo6JoXDgDiHAQWzroyCU1gxfvLRD3XHR2JWrB5RgOnrT9IO2YA4xiE95MRAgf3SUZMMowPD4rIpqU5uH+KiYOQjCK2f3w4gbBBSQsEANP6DZIE2YI4y0ofEQNONoaFe3JCxCKYx8w1Po36hWqiMLH5Y3m3D+AhZnOQpUXAUD/SNkmoCXuMvSqPSVZ2X6Ebe8B8kstHhm24pMrdz8hm4VCMQBUJtM2z+oQZsniQkwLxnk4JSq8XC5/g1hm0I2lV/WIYmV4gm0AP/AIJ//9oADAMBAAIAAwAAABDzzzzzzzzzzzzzzzzzzzzzzzzzzzzzzzzzzzzzzzzzzzzzzzzzzzzzzzzzzzzzzzzzzzzzzzzzzzzzzzzzzzzzzzzzzzzzzzzzzzzzzzzzzzzzzzzzzzzzzzzzzzzzzzzzzzzzzziTzzzzzzzzzzzzzzzzzzzzzzzxTzzzzzzzzzzzzzzzzzzzzzzzxTzzzzzzzzzzzTzzzzzzzzzzzzzzzzzzzzzzwjzzzzzzzzzzzyxzzzzzzzzzzyjzzzzzzzzzzzyhTzzzzzzzzzyzzzzzzzzzTRDDTzjzzzzzzzzzDzzzzzzjDSTQhCyRBjDzzzzzzDzzzQChRgCRDiSzBDCCBDzTzwDzzxwTTCjRxSBTzzzzzwARTTAjzyzgTwQBRywQhCAADDizji8AwzyzTChjTDTTyAQhTRwwQRmFEQzyhigTE5yTjCzjRGItTyGxDxSjyzyDxxTDAARTwznyKyQAzghCRTzyxjQDjSixhxe8zgTARiAQwRzzzzzxxQBAzS1tVRCAAgRjBTzzzzzzzzyzihjAqlyQAgCSBzzzzzzzzzzzzwyCTzuxyBhxzzzzzzzzzzzzzzzzzyxxjQwRzzzzzzzzzzzzzzzzzzzzxyzzzzzzzzzz/8QAJREAAQMDAgYDAAAAAAAAAAAAAQARITFAQVFhECAwUICBkaHB/9oACAEDAQE/EPIt+iFcmuayQ9j4UYa7kvGkDHuEBuZhv0bc5Sy66BQcI2JURYODgiotytx1yCqt8bCfsoeTBalUT25VOAuRcMm77//EACMRAAEDAwQCAwAAAAAAAAAAAAEAESExQFEwQVBhgaEggMH/2gAIAQIBAT8Q+xbaMqTWD6NdAefShiHcl4xA28wgZ6x+jr5mDZrgKBJHRUFAOx2ItyZ5VwVVujoT7QWWDkKJs24QCNw6J53/xAAtEAEAAgEEAQIFBQEAAwEAAAABABEhMUFRYXGBkRAgQKHBMLHR4fBQYHDxgP/aAAgBAQABPxD/APa9/wAfZ0Lt1dsK8Rp70cDdg4CZ/wCjxHv1bL1rPcUfAa7qeDl+a/6Bzc4RXaKGnbM1NfHpGu6FXD/6s8+fPnz5v+Ps6F26u2FeI096OBuwcBM/V+WV/TTxHv1bL1rPcUfAa7qeDl+a+pJaSZjov02c3OEV2ihp2zNTXx6RruhVw/VZz1KeR7p/+iefOR9SgufB6/6P58qDqmTcG1/8J/z5fv8Ayyv6eSzpoZ7IIPVgkfU+pfvyWkmY6L9JhB6xQerDxdAF8MCMExwlMva2ekeEeRputhV8q7aeGG4qDpkwbFsIsmzFVznsC6Y7/TZz1KeR7p/oRAUANViwFwFd4yV6y7B4yL7B+WGUpqwOKYg8W2Iz43YdKi9Qv2eYql1VtXea5dJV5Y1sD1L5RfgVxs8WGOojccpYIRrqDgfJBJSsRw9Po8j6lBc+D1+v7EPjt4GZXdFF9hqiBIuQy2Uyx+88onq5jFMWU+hqY9LmKl/45jBSb1g8GhA3Z50lXA5+IXC1lTHJ6ulr2hJt1CveQZragu3mEkfcX6BQdUybg2v6n5orJH7w5AsK19mQGUUUWuXv4qGXnaC94DILVg+8scHVTLt0iBzgOh50IkTrWKdGsD4hUzHhwmEX4zBP2MHpgh98G/4h+UXBP7/5g2/3P5hEU56ipg4aJTzMRHWWW8zLGYQft9O/flBm6YIOVWBGXaomOchVX5cEUm5G16QwRAAU4p7DSGX4mAvZVsMF+mYerHt+2avbSZXqdE0wawPeC5/hc+0u+PiiaAd31feOWo3P9I5KLfn7Q1ovV+8AUatLoimkerHRPiizh4CH9IQfX7c/+Ahs/sIfVXmBYRu5DSfhvo8wEz9UZPMGr3Fft9E/fsA3mgbTwERX0oqtbktmKiQowA4iFqe2YKZpWntLuGbGp8BFVUtdVi38NZ4lRt25YPcgKI5qHyy92TI+xAPeJSYszpHL82wg/VAAAAOCixclf2BqNeZdzMLZJRhl0J7Jrk/Wfv0klNKVIOtm0Zwh8NeV6nCnUCLCiJrgQsc42w485csxouHLswU8aI38Fv4l0TtzKYUW8omtKZXA+kolxopR7S3FF0EC4HtCCD9EAAHR+gAAHDXIsVP9oLZgC/och7Tbmsk9uv6b9+jAMDwFx0u8dOCCtQ8x0RKOB2Os0hMAC1WmMu5TFmVzoDLa9/MHckMZ7ujwIUhrVCe8ucksGfAuWrB30HvKBU0VD0XMjqAVFzW1VuEBCD9MAAAdHzgAEIwAIECGtDSxUJh+qFAdsWVLVfsU1jFnQz7DGLjZrnz7+pLUVq0KvsMre3HdbthiPC8shZUdOa0LXdTHquMCiZBYRwYcEbqroQfZrnMWaLd1/uJhbeGh/eYsg0pfmXeYKpPzQ8AV6Z4qpgWRlu98I/vBmRg/clocjxs1L2TZgHT5QDo+B0fOAAfAEKwAKIECssDTMUQTrGnrCAI0H64aENzOph9GJTrzdnmoaF8ylZwkDIG1KZNvQ03jRIFavZtldxEaV4h7wAII6J8jiNYERa7x8A+AYSgXWmJqcNiRK9ISomqzooB6ShZW5s/ptN2ABr5xOmJCn5HAFYxX6S2gcHA6EH0OEs+xFEoiWJ8Do/SAAAfo3pF6N6p0rylDJeRgtyCxZyrG18esW4E56u9UUydrdWX+ZW0VCSBh0PEHrFyRyXbQCCUgQAnR+ZuKKAHnRHbKct4yEB4KPkBq/s42suyBvBKJyQTBvGzmWkjaI6kMSwNxph9E94P9xreDVAfG/tGVsjrngZWw6/yvxBWgtYLtt4QSGqUC1pLW7DicR0RdJs/MADqgr1KPSjUK9CpS/ebmmHwQuJ1ToiCZqFAQ27Ky1f7vCKs1lntjwSppLhVauCmBF/ojIrEh7tFBHA2KFJycxDyNWWhTQg4rXpZDodGYuDpRm33q/LAyi37VOf7kqV4yzMm+sI5uWfAzEFhK4CCjbiKQImo/A7lFdWMAQ96+8MR7gjf4Y9tw1ezs29IFp6lnxMt8b4QR6uSBfVDK2icxmUgYcmaLwQZamxzRlcJOj4FgKmn6EhYB6MwuJ1zpnXOmdMsk0bAR3TSqzt/hLrmC2Sl8GxHaJIl4QwrYacGHunviClS6UtjlYjX68l9nG7GXOkChqosDVqajbT76HBAiEOCBLPkBhV1BhEpJnxcWhujqBHiOTBgAbe4aSblUsZmIrJnHIYI17TcX0SUy9C9di9wMMLoqzq41JNaT8DqZk3IchxvVNeYhEfeGrJUNPq/EdE1MBIrXm0Z4zVzTsxJwOgJgeLaGYOq9K3lBiP8AMwYEdQAy3SBOG2hXsYs7LgQMdn2QYckoH7tawk4WJYzrm7UR6JbAEJPQw38vxAvYDkgoiuCOhnAKi0tKwZ8BHrOEpGqu0A3FCRWLd44IHE3Gi8Pg8uYCIGACggQoBslZXmGiEDNQcDT935cGCNSAZejtMtyWmo3EHQbj8wcjDwLeWAhNxCwyhVYHkagqFy3vBZYIITUWgmOd4UQ3Lks3eXbFf/YZyQnE3J+KAGYz40g5hbNYjJ0m5EC5Nq/wvXwSMsBqJoymYztv4y/WdU64sKGT93RgviBExQaArYMVEBRvjiUtqOFsqIgYsBhtQ2nROiBGFHdu384GjQ5IYIoqUrAU1CLRC9Hg8PEYl63T4sHtiUJcnCAyujEJk1DF6EN3HTV4iVcA+RnKmVa3BWiDSLan88ZX8gAKSJgW4HIvqJSLuGKFaBTHSp8N1DKspMIy/wAmaA4Ep6yrYEo5MPMA1zKonMq9k0IaVcMwLyhigpRp2cMVsC0M9f5fARcwkgWh2uvWEHEdEnXFa/q6/PI9S0PFO+WMudl64VNGvkm8FjAnUqqXi4GAGydEtmesnSDqqUtVbWEmKC8QgAAascuDRsPLB/jfl2ByppS4KfZhN3MGSGVLDVXLCKUWuIP5mC6v08EeOTVWCFhjS4OXcN/SUXJVaUCGuDvGyiQHR/uhD8rUCLBLe0NEX1FdF3D9MWiUZXfMairbTtKpU1eR4dJVENHEJ0fgIB8hG0Z0lKm8D2mOn7Tah9noFiR2p4Oe05/ZCqCmUusKTBg+kq6mec1rlrGFEX7Tt2oyaOO6hXkB6JyJBYJgpR933hLVXeSvtjFAOq2DvU94jGJyq2s6ImnLoYV/BGsmLVKkVdx6EcUAFg5Zmd6ao3zLXjEMGm6SNzTPG8LLXBMnUNjj5d4+OA0GA8E0hmX03P8AEW0ug3ioMpZZVkEXltaBGUiX/bmDRiHJbtmDfHzoCkjARnmAWZ1F8dYu7VYUZW6lbCvyRarKoK/XaE0fch40zDLEn3UH7JrRGhOzKrzdDXEqZgARKRMJAMJR0BSiUm1TgOyOGBZl0Fn/ACKj0EvOB3FUGtghdWECtNBgPZAEFFYlzwmpOiBxAKFIxMlUl5ljgh4OiIkZK4fOiYhm41wBja84gOzFgGgBDLB1Dq/iKrvePLvA50gNlcjSJKOd3r/UtVQ4A8sY4VnWvzD/AH8oNMBHCEWR6O75jUiggdOCCA/RQdSDtjMJEX1M2l9QMDDY3GWr2tWLzs9Imemg+ruespo+7DpGpvD+hNCo+0Yb8qHCBWYkmvFL+7m5G8NTFK4524DUlDxNixCGC0pDUeXLtBdBht6Lym7ZHpAEvdDkdhjIQ4ARXnSLjhTOOHlj4MhS6poeNYG10DyCsp7l8p/irmYLN6jxxMrYq8wKyHEMrxtj+YfWsAIdva0X5OIuFlJ9LGVli+0jHlbJegqitOV3mHJA2gAAOobQ/VApg0dfUstl6lpC7i4X11DzognQ+Vovc1JQeKGjBgBozOjlAqBvCKImv3l8kFjRjwWlV+Ak7p2nDHq4EZjOpIoYEgkIDZndhmd4qZeaWQ9XB6JdMjXg8sylB9v8y3B4lmrXYgktPRr/AFLxRXAlaRZca+CHdPyS3i9I8RkBV6d0fA1svQNCK4kCCYiHEEAGPoSsI8ED1LPS+oluu4yky2xAACFM6dbfWWmCFgTpgOnVgoglHMepXA3fu/IAGxKpm+qUyeDC91qaJQvoVAvUxLNI2RpADLBlFHL8EGjy6rWWbpusB5Yjs3JdX8xwp4z6fBgI/YMpKdt4xAUogzArqGQSoAKCvpC6EdCLlnC+pdQu4QR7wV9m0LklQUTxvHSTpRHoyoBmCCY5b4oBsSqCIo3GPewbfa/xAvLCBYBa1oeWANs+0QG5dAIHrLld+TiByDL93dmiV7gXTaNHfVl2sakqqDBldQah9RqBEwluWIL6iMq7gmULTV4ma+fFdG+dGEBPNDoqanpRuGYvXnuVpN/GLPE9oqUiy/cEilwXxELbwHL5YAAAGxKaD1w34hMgc704izw1fv5XeOhLcoaXitoNArqBgGJpg+rQSkjARnmATL6jeMt7QzEugKesYqjgrMKKrUDBD/Vmdk9wUmj3CqxFS9RGaD+DCDC06uxBqUe29+ZQW1otvsaRVmRRqd/xBq6BQjYgrqGgSoBQ+vQdSFojMPEX1Fmy+oRdQCi5EKpbXvovq8RH3lhNme4Tlsd4Qi37oi2cOC1jkb1Lz5cwipsKAS4G47PlgCD2gKhjqBUB/wAQSmAUVfUK3XUEYAiNhiCiyDJ70+1RUtNBYbOqfePCKxwIxHbJV6Af3NWloPfgww6RqdG8NJiAFBCjGAEaYP8Aj6oQpwm1Iq6HtNMX1AvdYfUmpTg+y0U7wI41RD2XeUCwWXANB/zNSIzYjZGwCCYP/BP/2Q==","provType":"MONITORING","date":"2018-03-12T10:59:09.716Z"}}},"provision.device.location":{"_value":{"_current":{"value":{"position":{"type":"Point","coordinates":[39.6173538785486,3.5535692655892546]},"postal":"28033","source":"GPS"},"provType":"MONITORING","date":"2018-03-12T10:59:09.82Z"}}},"provision.device.model":{"_value":{"_current":{"value":{"name":"OpenGate","version":"1.0","manufacturer":"OpenGate"},"provType":"MONITORING","date":"2018-03-12T10:59:09.815Z"}}},"provision.device.name":{"_value":{"_current":{"value":"CHD_DEV_2 name","provType":"MONITORING","date":"2018-03-12T10:59:09.718Z"}}},"provision.device.specificType":{"_value":{"_current":{"value":"SENSOR","provType":"MONITORING","date":"2018-03-12T10:59:09.113Z"}}},"resourceType":{"_value":{"_current":{"value":"entity.device","provType":"IDENTIFIER","date":"2018-03-12T10:59:09.91Z"}}}},{"provision.administration.channel":{"_value":{"_current":{"value":"default_channel","provType":"MONITORING","date":"2018-03-12T10:59:17.415Z"}}},"provision.administration.identifier":{"_value":{"_current":{"value":"CHD_DEV_3","provType":"MONITORING","date":"2018-03-12T10:59:17.399Z"}}},"provision.administration.organization":{"_value":{"_current":{"value":"chemacorp","provType":"MONITORING","date":"2018-03-12T10:59:17.413Z"}}},"provision.administration.plan":{"_value":{"_current":{"value":"FLOW_RATE_100","provType":"MONITORING","date":"2018-03-12T10:59:17.326Z"}}},"provision.administration.serviceGroup":{"_value":{"_current":{"value":"emptyServiceGroup","provType":"MONITORING","date":"2018-03-12T10:59:17.402Z"}}},"provision.device.administrativeState":{"_value":{"_current":{"value":"ACTIVE","provType":"MONITORING","date":"2018-03-12T10:59:18.218Z"}}},"provision.device.communicationModules[].description":[{"_index":{"path":"provision.device.communicationModules[].identifier","value":{"_current":{"value":"COMMS2_SN_CHD_DEV_3","provType":"MONITORING","date":"2018-03-12T10:59:17.61Z"}}},"_value":{"_current":{"value":"COMMS2_SN_CHD_DEV_3 desc","provType":"MONITORING","date":"2018-03-12T10:59:17.711Z"}}},{"_index":{"path":"provision.device.communicationModules[].identifier","value":{"_current":{"value":"COMMS1_SN_CHD_DEV_3","provType":"MONITORING","date":"2018-03-12T10:59:18.21Z"}}},"_value":{"_current":{"value":"COMMS1_SN_CHD_DEV_3 desc","provType":"MONITORING","date":"2018-03-12T10:59:17.807Z"}}}],"provision.device.communicationModules[].identifier":[{"_index":{"path":"provision.device.communicationModules[].identifier","value":{"_current":{"value":"COMMS2_SN_CHD_DEV_3","provType":"MONITORING","date":"2018-03-12T10:59:17.61Z"}}},"_value":{"_current":{"value":"COMMS2_SN_CHD_DEV_3","provType":"MONITORING","date":"2018-03-12T10:59:17.61Z"}}},{"_index":{"path":"provision.device.communicationModules[].identifier","value":{"_current":{"value":"COMMS1_SN_CHD_DEV_3","provType":"MONITORING","date":"2018-03-12T10:59:18.21Z"}}},"_value":{"_current":{"value":"COMMS1_SN_CHD_DEV_3","provType":"MONITORING","date":"2018-03-12T10:59:18.21Z"}}}],"provision.device.communicationModules[].name":[{"_index":{"path":"provision.device.communicationModules[].identifier","value":{"_current":{"value":"COMMS2_SN_CHD_DEV_3","provType":"MONITORING","date":"2018-03-12T10:59:17.61Z"}}},"_value":{"_current":{"value":"COMMS2_SN_CHD_DEV_3 name","provType":"MONITORING","date":"2018-03-12T10:59:17.709Z"}}},{"_index":{"path":"provision.device.communicationModules[].identifier","value":{"_current":{"value":"COMMS1_SN_CHD_DEV_3","provType":"MONITORING","date":"2018-03-12T10:59:18.21Z"}}},"_value":{"_current":{"value":"COMMS1_SN_CHD_DEV_3 name","provType":"MONITORING","date":"2018-03-12T10:59:17.915Z"}}}],"provision.device.communicationModules[].subscriber.administrativeState":[{"_index":{"path":"provision.device.communicationModules[].identifier","value":{"_current":{"value":"COMMS2_SN_CHD_DEV_3","provType":"MONITORING","date":"2018-03-12T10:59:17.61Z"}}},"_value":{"_current":{"value":"ACTIVE","provType":"MONITORING","date":"2018-03-12T10:59:17.606Z"}}},{"_index":{"path":"provision.device.communicationModules[].identifier","value":{"_current":{"value":"COMMS1_SN_CHD_DEV_3","provType":"MONITORING","date":"2018-03-12T10:59:18.21Z"}}},"_value":{"_current":{"value":"ACTIVE","provType":"MONITORING","date":"2018-03-12T10:59:17.804Z"}}}],"provision.device.communicationModules[].subscriber.description":[{"_index":{"path":"provision.device.communicationModules[].identifier","value":{"_current":{"value":"COMMS2_SN_CHD_DEV_3","provType":"MONITORING","date":"2018-03-12T10:59:17.61Z"}}},"_value":{"_current":{"value":"SUBS2_SN_CHD_DEV_3 desc","provType":"MONITORING","date":"2018-03-12T10:59:17.608Z"}}},{"_index":{"path":"provision.device.communicationModules[].identifier","value":{"_current":{"value":"COMMS1_SN_CHD_DEV_3","provType":"MONITORING","date":"2018-03-12T10:59:18.21Z"}}},"_value":{"_current":{"value":"SUBS1_SN_CHD_DEV_3 desc","provType":"MONITORING","date":"2018-03-12T10:59:17.714Z"}}}],"provision.device.communicationModules[].subscriber.identifier":[{"_index":{"path":"provision.device.communicationModules[].identifier","value":{"_current":{"value":"COMMS2_SN_CHD_DEV_3","provType":"MONITORING","date":"2018-03-12T10:59:17.61Z"}}},"_value":{"_current":{"value":"SUBS2_SN_CHD_DEV_3","provType":"MONITORING","date":"2018-03-12T10:59:17.526Z"}}},{"_index":{"path":"provision.device.communicationModules[].identifier","value":{"_current":{"value":"COMMS1_SN_CHD_DEV_3","provType":"MONITORING","date":"2018-03-12T10:59:18.21Z"}}},"_value":{"_current":{"value":"SUBS1_SN_CHD_DEV_3","provType":"MONITORING","date":"2018-03-12T10:59:17.721Z"}}}],"provision.device.communicationModules[].subscriber.model":[{"_index":{"path":"provision.device.communicationModules[].identifier","value":{"_current":{"value":"COMMS2_SN_CHD_DEV_3","provType":"MONITORING","date":"2018-03-12T10:59:17.61Z"}}},"_value":{"_current":{"value":{"name":"TEST","version":"1.0","manufacturer":"sb-HD"},"provType":"MONITORING","date":"2018-03-12T10:59:17.523Z"}}},{"_index":{"path":"provision.device.communicationModules[].identifier","value":{"_current":{"value":"COMMS1_SN_CHD_DEV_3","provType":"MONITORING","date":"2018-03-12T10:59:18.21Z"}}},"_value":{"_current":{"value":{"name":"TEST","version":"1.0","manufacturer":"sb-HD"},"provType":"MONITORING","date":"2018-03-12T10:59:17.718Z"}}}],"provision.device.communicationModules[].subscriber.name":[{"_index":{"path":"provision.device.communicationModules[].identifier","value":{"_current":{"value":"COMMS2_SN_CHD_DEV_3","provType":"MONITORING","date":"2018-03-12T10:59:17.61Z"}}},"_value":{"_current":{"value":"SUBS2_SN_CHD_DEV_3 name","provType":"MONITORING","date":"2018-03-12T10:59:17.603Z"}}},{"_index":{"path":"provision.device.communicationModules[].identifier","value":{"_current":{"value":"COMMS1_SN_CHD_DEV_3","provType":"MONITORING","date":"2018-03-12T10:59:18.21Z"}}},"_value":{"_current":{"value":"SUBS1_SN_CHD_DEV_3 name","provType":"MONITORING","date":"2018-03-12T10:59:17.713Z"}}}],"provision.device.communicationModules[].subscriber.serialNumber":[{"_index":{"path":"provision.device.communicationModules[].identifier","value":{"_current":{"value":"COMMS2_SN_CHD_DEV_3","provType":"MONITORING","date":"2018-03-12T10:59:17.61Z"}}},"_value":{"_current":{"value":"SUBS2_SN_CHD_DEV_3ICC","provType":"IDENTIFIER","date":"2018-03-12T10:59:17.601Z"}}},{"_index":{"path":"provision.device.communicationModules[].identifier","value":{"_current":{"value":"COMMS1_SN_CHD_DEV_3","provType":"MONITORING","date":"2018-03-12T10:59:18.21Z"}}},"_value":{"_current":{"value":"SUBS1_SN_CHD_DEV_3ICC","provType":"IDENTIFIER","date":"2018-03-12T10:59:17.723Z"}}}],"provision.device.communicationModules[].subscriber.software":[{"_index":{"path":"provision.device.communicationModules[].identifier","value":{"_current":{"value":"COMMS2_SN_CHD_DEV_3","provType":"MONITORING","date":"2018-03-12T10:59:17.61Z"}}},"_value":{"_current":{"value":{"name":"software","version":"1.0","type":"SOFTWARE"},"provType":"MONITORING","date":"2018-03-12T10:59:17.599Z"}}},{"_index":{"path":"provision.device.communicationModules[].identifier","value":{"_current":{"value":"COMMS1_SN_CHD_DEV_3","provType":"MONITORING","date":"2018-03-12T10:59:18.21Z"}}},"_value":{"_current":{"value":{"name":"software","version":"1.0","type":"SOFTWARE"},"provType":"MONITORING","date":"2018-03-12T10:59:17.8Z"}}}],"provision.device.communicationModules[].subscriber.specificType":[{"_index":{"path":"provision.device.communicationModules[].identifier","value":{"_current":{"value":"COMMS2_SN_CHD_DEV_3","provType":"MONITORING","date":"2018-03-12T10:59:17.61Z"}}},"_value":{"_current":{"value":"GENERIC","provType":"MONITORING","date":"2018-03-12T10:59:17.529Z"}}},{"_index":{"path":"provision.device.communicationModules[].identifier","value":{"_current":{"value":"COMMS1_SN_CHD_DEV_3","provType":"MONITORING","date":"2018-03-12T10:59:18.21Z"}}},"_value":{"_current":{"value":"GENERIC","provType":"MONITORING","date":"2018-03-12T10:59:17.725Z"}}}],"provision.device.communicationModules[].subscription.address":[{"_index":{"path":"provision.device.communicationModules[].identifier","value":{"_current":{"value":"COMMS2_SN_CHD_DEV_3","provType":"MONITORING","date":"2018-03-12T10:59:17.61Z"}}},"_value":{"_current":{"value":{"type":"IPV4","value":"172.18.19.24","apn":"movistar.es"},"provType":"REFERENCE","date":"2018-03-12T10:59:17.702Z"}}},{"_index":{"path":"provision.device.communicationModules[].identifier","value":{"_current":{"value":"COMMS1_SN_CHD_DEV_3","provType":"MONITORING","date":"2018-03-12T10:59:18.21Z"}}},"_value":{"_current":{"value":{"type":"IPV4","value":"172.18.19.24","apn":"movistar.es"},"provType":"REFERENCE","date":"2018-03-12T10:59:18.001Z"}}}],"provision.device.communicationModules[].subscription.administrativeState":[{"_index":{"path":"provision.device.communicationModules[].identifier","value":{"_current":{"value":"COMMS2_SN_CHD_DEV_3","provType":"MONITORING","date":"2018-03-12T10:59:17.61Z"}}},"_value":{"_current":{"value":"ACTIVE","provType":"MONITORING","date":"2018-03-12T10:59:17.705Z"}}},{"_index":{"path":"provision.device.communicationModules[].identifier","value":{"_current":{"value":"COMMS1_SN_CHD_DEV_3","provType":"MONITORING","date":"2018-03-12T10:59:18.21Z"}}},"_value":{"_current":{"value":"ACTIVE","provType":"MONITORING","date":"2018-03-12T10:59:18.017Z"}}}],"provision.device.communicationModules[].subscription.description":[{"_index":{"path":"provision.device.communicationModules[].identifier","value":{"_current":{"value":"COMMS2_SN_CHD_DEV_3","provType":"MONITORING","date":"2018-03-12T10:59:17.61Z"}}},"_value":{"_current":{"value":"SUBT2_SN_CHD_DEV_3 desc","provType":"MONITORING","date":"2018-03-12T10:59:17.707Z"}}},{"_index":{"path":"provision.device.communicationModules[].identifier","value":{"_current":{"value":"COMMS1_SN_CHD_DEV_3","provType":"MONITORING","date":"2018-03-12T10:59:18.21Z"}}},"_value":{"_current":{"value":"SUBT1_SN_CHD_DEV_3 desc","provType":"MONITORING","date":"2018-03-12T10:59:18.198Z"}}}],"provision.device.communicationModules[].subscription.identifier":[{"_index":{"path":"provision.device.communicationModules[].identifier","value":{"_current":{"value":"COMMS2_SN_CHD_DEV_3","provType":"MONITORING","date":"2018-03-12T10:59:17.61Z"}}},"_value":{"_current":{"value":"SUBT2_SN_CHD_DEV_3","provType":"MONITORING","date":"2018-03-12T10:59:17.623Z"}}},{"_index":{"path":"provision.device.communicationModules[].identifier","value":{"_current":{"value":"COMMS1_SN_CHD_DEV_3","provType":"MONITORING","date":"2018-03-12T10:59:18.21Z"}}},"_value":{"_current":{"value":"SUBT1_SN_CHD_DEV_3","provType":"MONITORING","date":"2018-03-12T10:59:17.997Z"}}}],"provision.device.communicationModules[].subscription.mobile.homeOperator":[{"_index":{"path":"provision.device.communicationModules[].identifier","value":{"_current":{"value":"COMMS2_SN_CHD_DEV_3","provType":"MONITORING","date":"2018-03-12T10:59:17.61Z"}}},"_value":{"_current":{"value":"Telefónica Móviles España, SAU","provType":"MONITORING","date":"2018-03-12T10:59:17.617Z"}}},{"_index":{"path":"provision.device.communicationModules[].identifier","value":{"_current":{"value":"COMMS1_SN_CHD_DEV_3","provType":"MONITORING","date":"2018-03-12T10:59:18.21Z"}}},"_value":{"_current":{"value":"Telefónica Móviles España, SAU","provType":"MONITORING","date":"2018-03-12T10:59:18.196Z"}}}],"provision.device.communicationModules[].subscription.mobile.imsi":[{"_index":{"path":"provision.device.communicationModules[].identifier","value":{"_current":{"value":"COMMS2_SN_CHD_DEV_3","provType":"MONITORING","date":"2018-03-12T10:59:17.61Z"}}},"_value":{"_current":{"value":"SUBT2_SN_CHD_DEV_3_IMSI","provType":"IDENTIFIER","date":"2018-03-12T10:59:17.611Z"}}},{"_index":{"path":"provision.device.communicationModules[].identifier","value":{"_current":{"value":"COMMS1_SN_CHD_DEV_3","provType":"MONITORING","date":"2018-03-12T10:59:18.21Z"}}},"_value":{"_current":{"value":"SUBT1_SN_CHD_DEV_3_IMSI","provType":"IDENTIFIER","date":"2018-03-12T10:59:18.099Z"}}}],"provision.device.communicationModules[].subscription.mobile.msisdn":[{"_index":{"path":"provision.device.communicationModules[].identifier","value":{"_current":{"value":"COMMS2_SN_CHD_DEV_3","provType":"MONITORING","date":"2018-03-12T10:59:17.61Z"}}},"_value":{"_current":{"value":"MSISDN_FAKE","provType":"MONITORING","date":"2018-03-12T10:59:17.616Z"}}},{"_index":{"path":"provision.device.communicationModules[].identifier","value":{"_current":{"value":"COMMS1_SN_CHD_DEV_3","provType":"MONITORING","date":"2018-03-12T10:59:18.21Z"}}},"_value":{"_current":{"value":"MSISDN_FAKE","provType":"MONITORING","date":"2018-03-12T10:59:18.128Z"}}}],"provision.device.communicationModules[].subscription.mobile.registeredOperator":[{"_index":{"path":"provision.device.communicationModules[].identifier","value":{"_current":{"value":"COMMS2_SN_CHD_DEV_3","provType":"MONITORING","date":"2018-03-12T10:59:17.61Z"}}},"_value":{"_current":{"value":"Telefónica Móviles España, SAU","provType":"MONITORING","date":"2018-03-12T10:59:17.613Z"}}},{"_index":{"path":"provision.device.communicationModules[].identifier","value":{"_current":{"value":"COMMS1_SN_CHD_DEV_3","provType":"MONITORING","date":"2018-03-12T10:59:18.21Z"}}},"_value":{"_current":{"value":"Telefónica Móviles España, SAU","provType":"MONITORING","date":"2018-03-12T10:59:18.101Z"}}}],"provision.device.communicationModules[].subscription.name":[{"_index":{"path":"provision.device.communicationModules[].identifier","value":{"_current":{"value":"COMMS2_SN_CHD_DEV_3","provType":"MONITORING","date":"2018-03-12T10:59:17.61Z"}}},"_value":{"_current":{"value":"SUBT2_SN_CHD_DEV_3 name","provType":"MONITORING","date":"2018-03-12T10:59:17.697Z"}}},{"_index":{"path":"provision.device.communicationModules[].identifier","value":{"_current":{"value":"COMMS1_SN_CHD_DEV_3","provType":"MONITORING","date":"2018-03-12T10:59:18.21Z"}}},"_value":{"_current":{"value":"SUBT1_SN_CHD_DEV_3 name","provType":"MONITORING","date":"2018-03-12T10:59:18.096Z"}}}],"provision.device.communicationModules[].subscription.specificType":[{"_index":{"path":"provision.device.communicationModules[].identifier","value":{"_current":{"value":"COMMS2_SN_CHD_DEV_3","provType":"MONITORING","date":"2018-03-12T10:59:17.61Z"}}},"_value":{"_current":{"value":"MOBILE","provType":"MONITORING","date":"2018-03-12T10:59:17.62Z"}}},{"_index":{"path":"provision.device.communicationModules[].identifier","value":{"_current":{"value":"COMMS1_SN_CHD_DEV_3","provType":"MONITORING","date":"2018-03-12T10:59:18.21Z"}}},"_value":{"_current":{"value":"MOBILE","provType":"MONITORING","date":"2018-03-12T10:59:17.919Z"}}}],"provision.device.description":{"_value":{"_current":{"value":"CHD_DEV_3 desc","provType":"MONITORING","date":"2018-03-12T10:59:17.425Z"}}},"provision.device.identifier":{"_value":{"_current":{"value":"CHD_DEV_3","provType":"MONITORING","date":"2018-03-12T10:59:18.316Z"}}},"provision.device.image":{"_value":{"_current":{"value":"data:image/jpeg;base64,/9j/4AAQSkZJRgABAQEASABIAAD/2wBDAAMCAgICAgMCAgIDAwMDBAYEBAQEBAgGBgUGCQgKCgkICQkKDA8MCgsOCwkJDRENDg8QEBEQCgwSExIQEw8QEBD/2wBDAQMDAwQDBAgEBAgQCwkLEBAQEBAQEBAQEBAQEBAQEBAQEBAQEBAQEBAQEBAQEBAQEBAQEBAQEBAQEBAQEBAQEBD/wgARCAGQAZADASIAAhEBAxEB/8QAHAABAAEFAQEAAAAAAAAAAAAAAAYCAwQFBwgB/8QAGQEBAQEBAQEAAAAAAAAAAAAAAAEEBQMG/9oADAMBAAIQAxAAAAH1SAAAAAAAAAAAAAAAAAAAAAAAAAAAAAAAAAAAAAAAAAAAAAAAAAAAAAAAAAAAAAAAAAAAAAAAAAAAAAAAAAAAAAAAAAAAAAAAAAAAAAAAAAAAAAAQUnTlnUwAAAAAAAAAAAAAAAAAAAAAAB499hcLPP8A7z8s+pwAAAAAAAAAAAAAAAAAAAAAABxjs/GCG+mfM3pkAAAAAAAAAAAAAAAAAAAAAAAcY7PxghvpnzN6ZAAAAAAAAAAILpuIQ096Pn0AAAAAAAAAAAcX7Rw8h/qDyh6vAAAAAAAAAAOFwzoENPTIAAAAAAAAAAAHBO9+eiC+v/GnssAAAAAAAAAA4xDZlDT0yAAAAAAAAAAAxcgq87+iPO5zz2X409lgAAAAAAAAAHGIbMYOeoAAAAAAAACOkio4tGTsUIs/DS5mrHQYFb+kQ9fefJedURmRFwAAAAAAAAHD4BNOdnr8AAAAAxjJc7gh2vm0KlxDL0/05sMeK2i/Y+gfQ+Wy79xfhmZun+nQJZxX6ejr3neVHXkRk5fAAAAAB565z0Pnh7LAAAWeQnYo7yvVkxjGNcN5fitJINPjgUFX3BpM3GtCtjWjM+4X0zWJUZCzUXftuouV2qi9ma+om0v45UeicrzrJjsiEykzQAAed+edD54eywACg1XmjsUFOMTKYRElX3kW5OhsS2Z9nVVl/wCY+MbDFs1D79+ipUPv36KlQqVCpUKlQqVCpUKlQvW6iRyvmX07xm8A3p2JBpWcF550Lnp7LAA0W9hxz+J7jTi5R9M+DSy2cJwZNgkU10u1hocuzryVb7mw7fLvMV49SVcH6cSyr5WPv2o+VqhUqFSo+Vfaj5V9rKaqvp8+tQbjTwLZFGv6zLU4bt+1Xl5Rn9RjR0rZeV+wHSAIXNI0cY11usrqVC9brOJ4tVmS9XifLdjYx7ho470W4cpdB1xD7/Tpscz7VgcrO4VYWeKlwpqyskwsjKrLN25WU11VlP1AjM18t6ERST7PKTVZu3xS7HoZzMkfPZTG1k3ZY9ITpgGv2GKeWYz6P42WNvzbKOj1x3eHE95o8PJi2+FizPNmiFMljWvZ9y8XJ06usdR5b1oh3NumcHKIbpcAnfoHyJ6tNzmXKyzYt0cnjZv3X53N5mwu67bd/wCipXYhp1aybWuhlvMyc1Me7qOZLPOUauRGhkt60cz6RqOhFOxw8w6WADH00h+HKuZendUePa/R/NDgX2QQ4233X5hd+qinKsZJ1XrHKOsEN4j27hxroROxyvvPLOunWbnEpeSrXynI5PGj1O9zsHP12bXV3/o9doc/pXt7XNzTEyRwKB4xTn7S6U3KPh9fai5MYVYOg67mPWTo/wBt3AAAC3rdsOfc29D4B4rg/ufnZ5dzptADYZWg251/rPJetkL4f3Hh5rqvn0v+ivN/oQmUBmtaed913aODL4x8XtVWu25ur8IgBJIxuNiWshSV0qj5V9zjHytTBTf6WV9YIn0rMyh9AAAAACnDzhEIB23FPIHP/ccFOQ9n5ptjM4j1HkJR9ouD0T539HpvqlYqfbLuBm2l88ZG7kUun3qs+vn0VLpbyrkeN/BLPQSCdclcgMDZ1gAAAAAAAAD5YyBHoV1W0eaeSe3IgeLc/uHKDD9L+TfRZ0arXbFPtfyuxh5uGvIJNo97L9fLh8rvVlWLqss0e9nkxI5Lsu4fPoAAAAAAAAAAAALdwamK9AoPPMK9Wxs89TLfQw6JteKSNOm4WDfrl0hjcnl+5ON8LNyZyki0s22WWb/0AAAAAAAAAAAAAAAAKahiavf/AAgsO7PjnnDXelomcAnuz6eQ2Z7PKMXMrAAAAAAAAAAAAAAAAAAAAAHyi4LFdwfPoAAAAAAAAf/EADMQAAAGAQIDBwMDBAMAAAAAAAABAgMEBQYHERIgQBATFCEzNTYwMVAiIzQVFiQyJWCA/9oACAEBAAEFAv8A2vkeWwMdFBn8C5lfkM677+54fe+LL7fj9UYcfwem0KPKvPyGqPs+l3vH5DVH2fS73j8hqj7Ppd7x0uR5bAx0UGfwLmV1OqPs+l3vHS51339zw+98WX26jVI9qbStW930uqMOP4PTaFHlXnU6sq4aTSNfFfdLqj7Ppd7x1OsSuGh0aXxZB0uqPs+l3vHU61Hw4/op55D0uqPs+l3vHU62fH9E/kHS6o+z6Xe8dMqVHQojJRDWz4/on8g6XVI9qbStW930alpQU7KqiEHr62tDdNaXI9nNjCNlbpDUwzyWi0dhSoeRdLqyrhpNI18V90Nhf1NYU3PX3h3V9cqi4/FhplWLaS5I8t+K5FymQgRsgr5AQ424XRaxK4aHRpfFkH1plnAgJn6gRkCTb5JcnDxd102qqurkv3SEE6+8+r6DMuSwcbJ5bYjZFBfDbzTxfX1qPhx/RTzyH6b0liMmdmtbHEvIshsw1jsqUqNjkZgjk1UISL19YccW6rl3IgbrZDxDY8QO+WO8dHG8ON4Mzpsc4uVTWxFyaA+Gn2Xi+prZ8f0T+QfQUpKCl38CMJeSWb5/0+RYON19XEH9ThMBy6lqDkh57lUtCQclI45Ch3bpju2SG8ch3yCHiFDv1jvXB3ix3ix3ix3ix3qw1NkMnGyiY0IuTwXgzKjvl9HWz4/on8g5nnm47SNRqyxXIs5kobmCVsDfdMuVS0oBydxwvrHAwgeIQkG+4Y3Uf123nWji5FPYEbKIrgZmRpBc2tnx/RP5BzWDzRtZBp5WLUdhlGOHXZPV2IIyPlW8hsd4+6O6bSDkJSFOrV0yFrQca9nxxGydlYYmRpJdutnx/RP5ByrUSEyZRmcmWtS0yCUVjh9LZhcLLMbOuzKDINMuMtK58NseNS+CciNhUviG+/VoWtBsX82KImVRXwzOiyBrZ8f0T+QctxJ8PElu/oPzMEoyCJJkLmprrE/6LHSTlXGQFsIbCuJI8VJSG7eyaDWTW7QYzR8hHy2sdJiVGkp6WXbwYQfyOY+fg7OebNRJjhqfaxTkzWb2LiNRWYxaMWMORy5Me0SSrdPITBLOSg/EqhpUF1CFB2jfDkCW0DIy5G3nWVQcqsoorMjgWAL6mw4THCobH2TrWJAJ+0s7Q4GNOunCxtpsM1sdsigtLCaSMoHWwIyZ1hEbTIyRht7EpUp7kyo9oLp7p5EHsJjn+Z3w70E6OMjDkZh8n6VJh+HIj8iGXViqyGfVqiymJjXMTajBMgmkgkkNhsNgeySnW5rOJjpTFwscjMEiGlsEgw2wZhLaWymXjLRXGTNsOWq5ckY/WoiNYp/L7chY8RVFJTsSiPlm/wAwm1nyEowTg4ScD1D4g/7anoVDxYzEXHmGhLpq2QwTkzFp0OWzOY7CSZhLIJBENhsNhsNhsFrQ0iXMfsnKujJIYjIaIiCGjMJZISJbEYry8XHbORcXQebg49DpYL1jMXHSxFxT+X2yT/Re18qBJZsjI2JyFhLiVdsvymtLQ4U8myCIr6yNCkH2MH+5UElYZiRlNWMZpgSromzlZAJtr4lOK3CoE0ghkEnYKUhtKHnXh/nDvloCTSothsDMklLku2b9VUJbJtskklBmEMhx1mOmbbfplZKqYqNUGayIW/HOsqCEllub6GK/y+15HEVnWd8VpjZ8TkaXENixUkR7BKg26lQm/wAzsiymHEWbkdTfYx6lOIx/t3J+VsymSqXGfjrBHseOySn1Ow2Bd3xOSX3jSkwk1EGPJ7YbC2lKdXT1ZJJtrhJDI4UNlJtCSLTJY7LhRrO0NlhphBIGxBFeXiYMc0osEmljFf5fItolCRXIcE7H0OCxxjYPQZcQ2LBbZvSCVJJRGC7duxj1KcR/TuvtMP8AdcaQ8idXrjGMBsYqIJeY2EiI5uhbe5GgG82RxIjjJ7CY/wCGj1MFT7saJwJQ0RCROZji2vmIyXJ1xcqhVsSCRJMxuSR9+xpXAqBIjqFwlPg8YcLxpHvzKbJQfgoWJtE24LHGBY4xIZUtD8ZSHwlZHyMepTiP6d19pvqgyJRWFWbYoNOo17jLxZpiKqnNKqwCFJWSiQ4PCV4bNLJfcbCW0ubKrK1MZt15mMmdb7IlZFKnLj1DSXSLcbJSDMz7NuwyMg682wkrJ+xXQxERUI+3OaCMPQ0LEykbcFli6FlY4m40bzEqIaHwlwj7GP8AemEf07r7TfV7CMYo4TVAbhLFzg1BdB6hzPFFVWfQZCmH2JLew2GxivgtRkyLTYrTJmmXTr5VmtCENp4dhvyNtLcPdiOLG9QhTFdOtXaqiJoo0YmyLy+kaSMOxULEunbcKxxlKys8RNByIUyEaHxGdI10xiP6d1/rN9Xtxv2YEEuGQtsZo70pGC5HQLg567Dcg2UCyaLyFvfRq9t561vCiQo8Jsi3G+3IRGoyZQ0J9szGbclWFsqpxokiDUoaJthKC+qaSMOR0qEqpbcFhjaFi0w8t11s2C5RyBEeI27kyNM31e3Hi2p+QlGQn1tbatXWFpqnqmzzKS3CqmYp/ceRD79m3YhgzJclthMu7W6qBQvy3a2iQ2TENDZEki6HbcLYSoSaxtwT8dQsP0j8JcS1Q2LaTumU+Rukoj7aIv8AiOV0+Fu6dWtxtPAjlQ2pw/2mROt22j8NPtV1eOpQIlahokNknpdgppKhIrkOCdj6HBPx95BWVLOZWTq0GiQRglkYpPaeWX6MlHHP7dgRGYJpKBJmoaQt6ZOOvx/zhVCGw1HSgiLbqVNkYfgoWJtE24LfEW3im41LiBK3Urp7MmojMttwEZHyS/Rf/TOGxn2IaMwbyGyXLceVGplurh1CSDENKAlBF1poIw9DQsTKRtwWGLoM3a6ZENiyeYOHdkYYnNuBKiPsmei952ASk1H+20H5fmzVyZZxKpKCjwUpCGiT+BNJGHYqViVUNuCZjqFCRjzrZ8U+CcO8EexacEtxJsKPexLYLeS2liJMniFTMxwzCIg2wSQRbfhDIjC2EqDsBCg9VIMTMUjuiRWW9YHLxRN10k5Nk33slcHHkINuMQQwRAkkX4k0EYUwRhUYhZ4rV2aYGAohSo0BmMhLQJH43YcI4ASf+i//xAAkEQABAwIGAgMAAAAAAAAAAAABAgMEABEFBhMhIjESQCBwgP/aAAgBAwEBPwH9KEgd+zLhiUBvan1vYcwkNjyqHIVJa1FC3znYuiKrTSLmhmNYPJFRJSJjQdR683B25StRJsaRlvfmumGERmw2319Qf//EACMRAAICAQMEAwEAAAAAAAAAAAECAwQABRESISIxQAYgcID/2gAIAQIBAT8B/pQkDz7NqqLIHXbJ3loQqIxyypObEXNht97mqpWbgo3ODX3B7lyrZW3GJU9e5pKWW5qdjifH+ve+QQpXQRp4/IP/xABIEAABAgMDBwcJBgQEBwAAAAABAAIDBBESITEQEyJBUXTCICMyQFJhcQUUMDNCYoGhsVByc5HB0QYkY4IVQ2ThNDVTYICSk//aAAgBAQAGPwL/AM12w4rHRo77xDadXehJRpd0rFf0KuqHfH7Rm873Wfu0UHMeszjbPjX7RlZ8Q+fzuate7QlPiR4doy8HOM7nVH2jK7zwlTW7cQ+0ZXeeEqa3biH2jK7zwlTW7cQ6s2HFY6NHfeIbTq70JKNLulYr+hV1Q749ald54SprduIdWm873Wfu0UHMeszjbPjXrUrvPCVNj/S8Q6tKz4h8/nc1a92hKfEjw7Rl4OcZ3OqOtSu88JU5uvG3q0rvPCVNbtxDrUpvXA5Tu6cberSu88JU1u3EOtSW98DlPbnxt6tK7zwlTW7cQ61Jb5wOU7ufG3q0rvPCVNbtxDq9h8dgdsqqg1ySW+cDlO7nxt6tK7zwlTY/0vEOqWnuAHeizP52J2Yd6pAYZeF3YogvJOs1XNx3KkzCDu8KWg+TGF8WFMZxzO6yVPNmYDoZ801j329Wld54SpzdeNvUv5qcYD2ReUYfkmS/vifsqzk1ELT7OAWdmXAeKzMk2y3tcnOwX2XYVVJhger32D3qsN4d4dTlN64HKd3Tjb6e3NzTIfiUYfkyWdHd2jcFZfGMJh9mHcrcap8VajuaFYkYVPeKtRYhcfQ1hRXBUjARAqPObPerUKIHeHUJLe+Byntz42+ktx4zGD3irEo10y/3cEWQP5aGexis5Mve87XFWotAqNo8+6rMu0Qh81aiPLj38q8rpLWrmFXQivVr1a9WqwiWqkeFbCpErDPeqwojXeB9LJb5wOU7ufG30NpxoFc4xXbGKzKtZBbtOKtzUy6KfFc7FbXuX8vLV8VRllngFzkVzvjyb3LRBK0WUWnFWk+qubVXQ10RkxXSXSXSWOSsN5CpFFsKkWsMqsKK13x9FJb5wOU7ufG3lvjxnWWMFpx2BPheSogdZ1uuK5yMaZMKqzbu2DlaRoqQ2Fy0n2VpGpWgxbFefT1hxC1Ue7ODvVI7CwqsKM08uS3zgcp3c+NvLdLPAdbFHA7EZnyLGMnGxs10f9lY8pSxmIA9sfug0Rs3E7L7ldybytAWRtVqK6p71SG1Xnq1WOIVM5bHeqTEOz3hVgxWnkSW+cDlO7nxt5RedQqnRCcVirMQAg7UYkFvmsXtQ8PyVqE7z2WGy+5ZqcaZaJ72CtNjsIPetKYZ+a0IzGt8VXOtJ8VoEBXnrdWOIWnFq33lzgp3tNVzUZpUlvnA5Tu58beVSnrNHk3ouiy4D+224ojzmKKE6166J+a0Y7/zV0Z35rRmYn/sVoTsX8168P8AvBfzEq133Sudtwj3hW4EZrx3Hq3OxgXdlt5VmRl7A2lVmYr3dytQnOae5aWmmyPlaXe+G02gHaio3lCAYliPBzVk6rwf0XNxh8eTCP8AU/TlxmVuER31XrHL1zh8FVkVrlpQT8FeORahRHMPcVSK4Rm+9igy3movZd6bArArDJzr6v1NGKzcEZqH3K1EBK0mroBdBVMNWntY0d6LIDG07RXm0jWYj9liiw5lxqGh1Ca0PIhn+p+nLj/iO+vIvWlDa5VgPp3Fc4z48jQaUIE61z4PvYhCNLvDmn0F5WCw5FTcjAkhU63rOx4dSdaFGrRAWGSrrkWSwtO26lZiPfHjOwYy9N/xCM6Hb6MtDN/9yzrYQbVTP4bfryIwA0mi0FQ8qP8AiO+qqGHk3qgv7lWCwsd8lSLDNNq0mrSARgx2DuOxUa/OSzz8k2YgOq12W5aSuHLMSIaALMwKiF9UHParhyKYu2IxJ2MGQtQC/lB5pLf9R3SPgjFay3Hdg517nFGZmDacTVUaFM/ht+vIIOtRHwmWoJNRTUqFYrHLGP8AVd9VVpQI6StNhkhUe2hyhAPaCr4LSi6Xu91FpNCrnIsfeEJaI7mIxp4HJpK5WnuAHeqyspFiDtdEfNf8Iz/7Bc/Lvh9+IVWmoy2nXALNQqiEPmgS1UAy1iOoiQ/NsGtOlvIrM9EwMU9Bq858pxzNxsRXot8ArlY9iFcFWi+Kmfw2/Xkm5FzW0KvBIVCrysVH/Ed9coFoAgYFANILu7KEMhRDjR2pwVIt/fqyVCgTJvdZo7xyvmY7M5YdZhMOHiVzkQ5MVYb7V9MvmUE/fQcWqgGS04gBWZf80YLXmYmThDZerflmLZhaoEP9ShDgw2saNQCq80Vyc6mJqqAK/apj8Nv15XRR0ES1qwJCo5RTtefQDIclh7agq2zSh/TI+Tix2tiW6taTqy52ALW1qo42TsNy6QVkG044NbeUZmaFl7hZhw+yNpyOia8As468m9AUyUbpOWcnZgNGpqsw2mSlO0fWO/ZcxD0ji83uK7lo/nlqRVUtgeKLmkYhTAB9hvoOiugiQxF8Gu2hVmMwt5QQyHLQhGPLjR1jYpbynCnHy848uNcWm+5UnIJmpYe0NIIQ4rsxFOpytMcCO5UjQYcT7zV/y6D81SXhQ4X3G0V+Rsuzosx8ULr1V5+CLnPEKGMb0ZfyJBtDXMPuaP3Xnc48zMz236vBUCvvKvyX5LwrcR4aAsxKlwha3LQbecTt9FguijzdUXQKt7tSpGhkd/ICGQ8mXhsuAr9VR4qCjEEHzWMf8yFd8kYvk6KZ6VGoX/JZjynDdKRcNLBCLAite04EHLcs9FpU31VmAKe8V5vKMdNzJ9lurxQmPLMa1sgN6A/dBjGhoGAC0lQXDLctEfFXc4/5BZuFz0bYNSESccSNTRgho+lwXRR0EXQQWH5LnYZptGQIZDyZfw5B8+k25w/5jbnJ0z/DHlIxoeOadj+xXmf8SeT4kvEF1sN/RZ6SmYcVvulVVuZi1Psw24laZdIyvZHTd+yzcvDsjWdZWwLR/PkUCrHP9oXOPDG6mjWrEAGDB+ZQJYhorD0+C6KOgi6G2we5abKt2hDIUeRLfd5Wa8oycOM33hejN/w75SiQHj2C79U+Umwxgp69wv8A91nYj3R45xiRLyrltV+S/JaebLVzeiNbijC8nttu1vOCz80S9x2oaKw6nguijoLOQB8FmpkGE7vwVQa8mV/D5RKsA4mia3YOVohdt3yVmuciamhc+S1nYCGguj1fBdFHQREMmmxF7W2grLwQe/LK/hjlFQx72W7LWMfgtJwYzYrEu0w4fa1lVLanaUNFYdb6KOijWHftCJhEupqWbLTawooMBx6DQFjySof3sl+S064bVzd3vFWJVtt3a1LOTBMR3yXRWHX8F0VbbDv20WjUhUfUK8rHKVDHvZKBdpys3vfqaFamjZb2AgGsoFh9h4LoroKsElq5xhptVHFYq4qH4q9Y2QubbmoXaOJWi2rtbjisFh9jYLBdFF0KsJ+1uCtWDFhj2mKy4pt+FSs1Jw847bqCEWcOdibNQWH2ZgsFz0Cy7tsuKdEM1bhHVrQhwYYaP+9//8QALBABAAIBAwIGAgMBAQADAAAAAQARITFBUWFxECBAgZGhscEwUPDR4WCA8f/aAAgBAQABPyH/AO65oBUwrktpg0FXdxgZ/sdx65+hU3/tOuKpel61/YDCCsOrhH3IGpi3Siv7f7H6yf3n9j/WT+8/sf6yf3nps0AqYVyW0waCru4wM+q+sn956b3Hrn6FTf8AtOuKpel616m4dE+7D02MIKw6uEfcgamLdKK/t9VZ+mdM6/TH1k/vPVdt6YUJd/pj6yf3nqu1dMGoeXpj6yf3nqv66H33pj6yf3np/rcIblcQdx8ProffemLh0T7sPSbcC1VUfoljmd4vcdtU7wsx5DcVEgbXiVpTsMOEFGuP+Ul/aTS9MWfpnTOv0JdZYo6hfoI+scSPBbD9Mr6zLCHbjXL2muXxLMjLAqcGtcSmObphlIM+01qTyv0dt6YUJd/84rBHc+IxsM138ziBqpUM2jqu2Caxs6vtKlOh/BO+tH+DTSCqLwyr5YdZWK+FK6Lq9BaumDUPL+Qaie4kdfY5bvEqGgBo7y7p6qWFEI5xCcJ2FwN5J1hYgbq/M6YO7NWMdi3tKOvlkF2k9NDgS9S6Mp+rt5Rs/jiAyj/KfXQ++/hFIy1VgKd8H3GS31I6kxdwh4vG2TEFIzfGDtL7kavvHlaLE0bs2p3zinaf9un/ACibSnAEt4PbwvXTqocqE50PiXiPRleTrayk7oyShc6fxProffecCiunQNWPiHVNnUHaPN9bDFNVl+6LrmZkHaE6vlCsYsWjmbOHBNb35jgfqmiJ2R1qypUCBAgQIECBAgQIELMjhlJRdpqeYjJDlp2vPn+uh995wgvUVltmA3rQJv03jSLXWx2fuGBN1kAtCeXmvg1j8j2s+yZDIODeDxqVKgQIECBAgQIECBAgQIECW4vRlIqG2crkKAG67XnyfXQ++8xomsplVNY5p1Ny9gWMuCXPI6xeF1KvZqQdoq83fb3gzTwhhFn4K5mg5lW2Zt18LNIRzeYp3YyvCpUCBAgQIECBAgQIECBAgQJUDyW6pwwCxLZwoB7AhY2m10z6aH33mLjWefEpVMVj4aWwuoX59n/9IY96rRhSZzS3jSvUXL+ehoX2hoQ73/MvBucLGaE5omfOBcfUNrkCBAgQIECBAgQIECBKgSoHkxUACr3hswFnlj4gfVZJBphOSma7HPFdWPZYVNYZN0uCTLdlTLHJ5P8AWdURfEJUyM1mZYIV3TVwuaD8xA2M+5eKQ3yiNIPXyFjjeqKm8Z+yFoU1evh3lEsgQIECBAgQIECBBcMP/Gh/5Uq3So30TdqXhttrfeAnDzABCAg+CYavxEKbKRhvGzYEypVFrR+92ji1vmLU8nSQ/lBevAgQJZuUv/u0FCdwahpnxK57RmW1nBDLXDJ5GolWZ5U9GAdexIECBAgQL0m2V3h/8IXlB6GEkEWjgMqzbDlH4mQLWrWJFDCaitVhNUJbYBqsp2eL6IMY9Zy+0f3KqKcqOKQ1qf5HLyMDPwrX6jLE0ZhAgQJ/n8odYnaaa+Au0BLcZQw7LdL5D6ZTGItAYZQPzQQYka7Oo+SXSVlu/wCjCrm+HiBAjNC5uKbQQkgggggkJ7VlOhtde6EZCDQScJNghNSJAnGm8MS1jIKuoYeiEGxPnjG5WRYbqUk/yOXkKksFJGaIrqHDL2/MEBgjEECUWLBPvAoq44i1W+tcSzuaMu04k8WIBd4CV4lNElTymr/UrwGozUjrao4/Kj7bBekRz8IQoVGRnqqE9S59sAcvbzza9/pZCZE3IQQ3QBaszKPB+UzNoOg2Sb6ShDo3Y4KNa2sRPPWU77wTbsMAFCiHVXFdd5oJYafZP8jl5LUj8hLJ+QmPo3I4KkoyFOkf4/KaZGbxEVYtW0vVfDw8o0+HhTkJDJoOh1eCElJkY41trowwkhs8tjqalvECngvEdAavKiFVaNMQggmytx+JmLQwgZ1Jg0N2XdCmr0mCE2YvrxF5brdRX3TQzhSIIYHjdlKt88sdmvCKCmmyf5nLyJcGyQJsQqg+Iqo3kmHgS0SJzLk6n7ZvnlKZpQz+Lweb3jQ22iwFN/28Atp1O+iAFkIttSste5LWs65RCH7YY2IFnsS6bti1Nep0hBcQp5ZXlTZYRkC2wTHxmkY7DLl7G8ZOT0HoQj5XNPVmd05MNPt5RVWtspglQTVEdsJdg4mHIOt8soX5UGHaQdsQxofENwT2iHWVULs7qYgOrNwgw8QZ/F4fV7wYoAjqMPsNe/8A+JswuAC0aneC0fv1d9T3i+mzTL6MMPGRUDpvSX5hddv+dZSKutC+dZlWrhAerAEkYZlMd7DViDfWmmJsRz4ji5na5TtbRVRcPoLaaq9vA7HSXijBNQCJd8SzPEsu/Yhm7d9Yv52sP0g7ZhDj8Q1SHZJYiciKHQ9k5WbhBHxyMO0Mxn38Bh1TAUMKG2UvCYiJYzdAVOTy6GcpBBh1edOIMsi3L3294Qh7thIQRdjVESDIUJiAg63T9+5tKqQbXXdgwxUCggMnXTeLqjoHgC9DmFH7Svd5aRPoDdgvyGDTiyIL0WaO66Q2BBSv4tsgjZijGY5o9J0QQPwiEoesTnZmaE4s/H4XV7yvAlw+r8wIkmoTBTMHW9zX3l1C5VPgr/hLfvsqscrruYhBa3tTuakyHCWHPyE4CFr43dj6sUQamonK7xRfuMBpe7WdWGcBcoNcsowr0get21mIqX1UWWzfa/UzTLlXVmCkIBABp/LsEHbEBcITQ/ECm5Tj4l3YmTGbAudpnGfa8anzv9wIECE3yI2Y6Ls6kyZ9vHsD8MwNwPmCsQ61274OICqFwNfP6iqtTSex0nQ0nf02N8Q6qN1bGif9gDL69B2lmH4hCjNp9CnVCciCOEJoPiJaFbjDCNi71feAoQmoxBmbxDwq7aBAgeATthLS9JDN2jwvFGDjwLdPmFGnzK57kOmfwlyODCFjpo+8CuSukCYQfBNPSIdYZkQJsQqg+ILT8EfPvhrK2FqCprDCdZWm5BA8AhFUbaMVfjwqXbQthyyxCgtgftTqxQktBqy3Bbj4IQGJlyLDMHxDwQGj1CDD9IO2IZQ/Ew4bNQlZzuGZU/tkM3Cz2rACjALGBAgQwVo6JoXDgDiHAQWzroyCU1gxfvLRD3XHR2JWrB5RgOnrT9IO2YA4xiE95MRAgf3SUZMMowPD4rIpqU5uH+KiYOQjCK2f3w4gbBBSQsEANP6DZIE2YI4y0ofEQNONoaFe3JCxCKYx8w1Po36hWqiMLH5Y3m3D+AhZnOQpUXAUD/SNkmoCXuMvSqPSVZ2X6Ebe8B8kstHhm24pMrdz8hm4VCMQBUJtM2z+oQZsniQkwLxnk4JSq8XC5/g1hm0I2lV/WIYmV4gm0AP/AIJ//9oADAMBAAIAAwAAABDzzzzzzzzzzzzzzzzzzzzzzzzzzzzzzzzzzzzzzzzzzzzzzzzzzzzzzzzzzzzzzzzzzzzzzzzzzzzzzzzzzzzzzzzzzzzzzzzzzzzzzzzzzzzzzzzzzzzzzzzzzzzzzzzzzzzzzziTzzzzzzzzzzzzzzzzzzzzzzzxTzzzzzzzzzzzzzzzzzzzzzzzxTzzzzzzzzzzzTzzzzzzzzzzzzzzzzzzzzzzwjzzzzzzzzzzzyxzzzzzzzzzzyjzzzzzzzzzzzyhTzzzzzzzzzyzzzzzzzzzTRDDTzjzzzzzzzzzDzzzzzzjDSTQhCyRBjDzzzzzzDzzzQChRgCRDiSzBDCCBDzTzwDzzxwTTCjRxSBTzzzzzwARTTAjzyzgTwQBRywQhCAADDizji8AwzyzTChjTDTTyAQhTRwwQRmFEQzyhigTE5yTjCzjRGItTyGxDxSjyzyDxxTDAARTwznyKyQAzghCRTzyxjQDjSixhxe8zgTARiAQwRzzzzzxxQBAzS1tVRCAAgRjBTzzzzzzzzyzihjAqlyQAgCSBzzzzzzzzzzzzwyCTzuxyBhxzzzzzzzzzzzzzzzzzyxxjQwRzzzzzzzzzzzzzzzzzzzzxyzzzzzzzzzz/8QAJREAAQMDAgYDAAAAAAAAAAAAAQARITFAQVFhECAwUICBkaHB/9oACAEDAQE/EPIt+iFcmuayQ9j4UYa7kvGkDHuEBuZhv0bc5Sy66BQcI2JURYODgiotytx1yCqt8bCfsoeTBalUT25VOAuRcMm77//EACMRAAEDAwQCAwAAAAAAAAAAAAEAESExQFEwQVBhgaEggMH/2gAIAQIBAT8Q+xbaMqTWD6NdAefShiHcl4xA28wgZ6x+jr5mDZrgKBJHRUFAOx2ItyZ5VwVVujoT7QWWDkKJs24QCNw6J53/xAAtEAEAAgEEAQIFBQEAAwEAAAABABEhMUFRYXGBkRAgQKHBMLHR4fBQYHDxgP/aAAgBAQABPxD/APa9/wAfZ0Lt1dsK8Rp70cDdg4CZ/wCjxHv1bL1rPcUfAa7qeDl+a/6Bzc4RXaKGnbM1NfHpGu6FXD/6s8+fPnz5v+Ps6F26u2FeI096OBuwcBM/V+WV/TTxHv1bL1rPcUfAa7qeDl+a+pJaSZjov02c3OEV2ihp2zNTXx6RruhVw/VZz1KeR7p/+iefOR9SgufB6/6P58qDqmTcG1/8J/z5fv8Ayyv6eSzpoZ7IIPVgkfU+pfvyWkmY6L9JhB6xQerDxdAF8MCMExwlMva2ekeEeRputhV8q7aeGG4qDpkwbFsIsmzFVznsC6Y7/TZz1KeR7p/oRAUANViwFwFd4yV6y7B4yL7B+WGUpqwOKYg8W2Iz43YdKi9Qv2eYql1VtXea5dJV5Y1sD1L5RfgVxs8WGOojccpYIRrqDgfJBJSsRw9Po8j6lBc+D1+v7EPjt4GZXdFF9hqiBIuQy2Uyx+88onq5jFMWU+hqY9LmKl/45jBSb1g8GhA3Z50lXA5+IXC1lTHJ6ulr2hJt1CveQZragu3mEkfcX6BQdUybg2v6n5orJH7w5AsK19mQGUUUWuXv4qGXnaC94DILVg+8scHVTLt0iBzgOh50IkTrWKdGsD4hUzHhwmEX4zBP2MHpgh98G/4h+UXBP7/5g2/3P5hEU56ipg4aJTzMRHWWW8zLGYQft9O/flBm6YIOVWBGXaomOchVX5cEUm5G16QwRAAU4p7DSGX4mAvZVsMF+mYerHt+2avbSZXqdE0wawPeC5/hc+0u+PiiaAd31feOWo3P9I5KLfn7Q1ovV+8AUatLoimkerHRPiizh4CH9IQfX7c/+Ahs/sIfVXmBYRu5DSfhvo8wEz9UZPMGr3Fft9E/fsA3mgbTwERX0oqtbktmKiQowA4iFqe2YKZpWntLuGbGp8BFVUtdVi38NZ4lRt25YPcgKI5qHyy92TI+xAPeJSYszpHL82wg/VAAAAOCixclf2BqNeZdzMLZJRhl0J7Jrk/Wfv0klNKVIOtm0Zwh8NeV6nCnUCLCiJrgQsc42w485csxouHLswU8aI38Fv4l0TtzKYUW8omtKZXA+kolxopR7S3FF0EC4HtCCD9EAAHR+gAAHDXIsVP9oLZgC/och7Tbmsk9uv6b9+jAMDwFx0u8dOCCtQ8x0RKOB2Os0hMAC1WmMu5TFmVzoDLa9/MHckMZ7ujwIUhrVCe8ucksGfAuWrB30HvKBU0VD0XMjqAVFzW1VuEBCD9MAAAdHzgAEIwAIECGtDSxUJh+qFAdsWVLVfsU1jFnQz7DGLjZrnz7+pLUVq0KvsMre3HdbthiPC8shZUdOa0LXdTHquMCiZBYRwYcEbqroQfZrnMWaLd1/uJhbeGh/eYsg0pfmXeYKpPzQ8AV6Z4qpgWRlu98I/vBmRg/clocjxs1L2TZgHT5QDo+B0fOAAfAEKwAKIECssDTMUQTrGnrCAI0H64aENzOph9GJTrzdnmoaF8ylZwkDIG1KZNvQ03jRIFavZtldxEaV4h7wAII6J8jiNYERa7x8A+AYSgXWmJqcNiRK9ISomqzooB6ShZW5s/ptN2ABr5xOmJCn5HAFYxX6S2gcHA6EH0OEs+xFEoiWJ8Do/SAAAfo3pF6N6p0rylDJeRgtyCxZyrG18esW4E56u9UUydrdWX+ZW0VCSBh0PEHrFyRyXbQCCUgQAnR+ZuKKAHnRHbKct4yEB4KPkBq/s42suyBvBKJyQTBvGzmWkjaI6kMSwNxph9E94P9xreDVAfG/tGVsjrngZWw6/yvxBWgtYLtt4QSGqUC1pLW7DicR0RdJs/MADqgr1KPSjUK9CpS/ebmmHwQuJ1ToiCZqFAQ27Ky1f7vCKs1lntjwSppLhVauCmBF/ojIrEh7tFBHA2KFJycxDyNWWhTQg4rXpZDodGYuDpRm33q/LAyi37VOf7kqV4yzMm+sI5uWfAzEFhK4CCjbiKQImo/A7lFdWMAQ96+8MR7gjf4Y9tw1ezs29IFp6lnxMt8b4QR6uSBfVDK2icxmUgYcmaLwQZamxzRlcJOj4FgKmn6EhYB6MwuJ1zpnXOmdMsk0bAR3TSqzt/hLrmC2Sl8GxHaJIl4QwrYacGHunviClS6UtjlYjX68l9nG7GXOkChqosDVqajbT76HBAiEOCBLPkBhV1BhEpJnxcWhujqBHiOTBgAbe4aSblUsZmIrJnHIYI17TcX0SUy9C9di9wMMLoqzq41JNaT8DqZk3IchxvVNeYhEfeGrJUNPq/EdE1MBIrXm0Z4zVzTsxJwOgJgeLaGYOq9K3lBiP8AMwYEdQAy3SBOG2hXsYs7LgQMdn2QYckoH7tawk4WJYzrm7UR6JbAEJPQw38vxAvYDkgoiuCOhnAKi0tKwZ8BHrOEpGqu0A3FCRWLd44IHE3Gi8Pg8uYCIGACggQoBslZXmGiEDNQcDT935cGCNSAZejtMtyWmo3EHQbj8wcjDwLeWAhNxCwyhVYHkagqFy3vBZYIITUWgmOd4UQ3Lks3eXbFf/YZyQnE3J+KAGYz40g5hbNYjJ0m5EC5Nq/wvXwSMsBqJoymYztv4y/WdU64sKGT93RgviBExQaArYMVEBRvjiUtqOFsqIgYsBhtQ2nROiBGFHdu384GjQ5IYIoqUrAU1CLRC9Hg8PEYl63T4sHtiUJcnCAyujEJk1DF6EN3HTV4iVcA+RnKmVa3BWiDSLan88ZX8gAKSJgW4HIvqJSLuGKFaBTHSp8N1DKspMIy/wAmaA4Ep6yrYEo5MPMA1zKonMq9k0IaVcMwLyhigpRp2cMVsC0M9f5fARcwkgWh2uvWEHEdEnXFa/q6/PI9S0PFO+WMudl64VNGvkm8FjAnUqqXi4GAGydEtmesnSDqqUtVbWEmKC8QgAAascuDRsPLB/jfl2ByppS4KfZhN3MGSGVLDVXLCKUWuIP5mC6v08EeOTVWCFhjS4OXcN/SUXJVaUCGuDvGyiQHR/uhD8rUCLBLe0NEX1FdF3D9MWiUZXfMairbTtKpU1eR4dJVENHEJ0fgIB8hG0Z0lKm8D2mOn7Tah9noFiR2p4Oe05/ZCqCmUusKTBg+kq6mec1rlrGFEX7Tt2oyaOO6hXkB6JyJBYJgpR933hLVXeSvtjFAOq2DvU94jGJyq2s6ImnLoYV/BGsmLVKkVdx6EcUAFg5Zmd6ao3zLXjEMGm6SNzTPG8LLXBMnUNjj5d4+OA0GA8E0hmX03P8AEW0ug3ioMpZZVkEXltaBGUiX/bmDRiHJbtmDfHzoCkjARnmAWZ1F8dYu7VYUZW6lbCvyRarKoK/XaE0fch40zDLEn3UH7JrRGhOzKrzdDXEqZgARKRMJAMJR0BSiUm1TgOyOGBZl0Fn/ACKj0EvOB3FUGtghdWECtNBgPZAEFFYlzwmpOiBxAKFIxMlUl5ljgh4OiIkZK4fOiYhm41wBja84gOzFgGgBDLB1Dq/iKrvePLvA50gNlcjSJKOd3r/UtVQ4A8sY4VnWvzD/AH8oNMBHCEWR6O75jUiggdOCCA/RQdSDtjMJEX1M2l9QMDDY3GWr2tWLzs9Imemg+ruespo+7DpGpvD+hNCo+0Yb8qHCBWYkmvFL+7m5G8NTFK4524DUlDxNixCGC0pDUeXLtBdBht6Lym7ZHpAEvdDkdhjIQ4ARXnSLjhTOOHlj4MhS6poeNYG10DyCsp7l8p/irmYLN6jxxMrYq8wKyHEMrxtj+YfWsAIdva0X5OIuFlJ9LGVli+0jHlbJegqitOV3mHJA2gAAOobQ/VApg0dfUstl6lpC7i4X11DzognQ+Vovc1JQeKGjBgBozOjlAqBvCKImv3l8kFjRjwWlV+Ak7p2nDHq4EZjOpIoYEgkIDZndhmd4qZeaWQ9XB6JdMjXg8sylB9v8y3B4lmrXYgktPRr/AFLxRXAlaRZca+CHdPyS3i9I8RkBV6d0fA1svQNCK4kCCYiHEEAGPoSsI8ED1LPS+oluu4yky2xAACFM6dbfWWmCFgTpgOnVgoglHMepXA3fu/IAGxKpm+qUyeDC91qaJQvoVAvUxLNI2RpADLBlFHL8EGjy6rWWbpusB5Yjs3JdX8xwp4z6fBgI/YMpKdt4xAUogzArqGQSoAKCvpC6EdCLlnC+pdQu4QR7wV9m0LklQUTxvHSTpRHoyoBmCCY5b4oBsSqCIo3GPewbfa/xAvLCBYBa1oeWANs+0QG5dAIHrLld+TiByDL93dmiV7gXTaNHfVl2sakqqDBldQah9RqBEwluWIL6iMq7gmULTV4ma+fFdG+dGEBPNDoqanpRuGYvXnuVpN/GLPE9oqUiy/cEilwXxELbwHL5YAAAGxKaD1w34hMgc704izw1fv5XeOhLcoaXitoNArqBgGJpg+rQSkjARnmATL6jeMt7QzEugKesYqjgrMKKrUDBD/Vmdk9wUmj3CqxFS9RGaD+DCDC06uxBqUe29+ZQW1otvsaRVmRRqd/xBq6BQjYgrqGgSoBQ+vQdSFojMPEX1Fmy+oRdQCi5EKpbXvovq8RH3lhNme4Tlsd4Qi37oi2cOC1jkb1Lz5cwipsKAS4G47PlgCD2gKhjqBUB/wAQSmAUVfUK3XUEYAiNhiCiyDJ70+1RUtNBYbOqfePCKxwIxHbJV6Af3NWloPfgww6RqdG8NJiAFBCjGAEaYP8Aj6oQpwm1Iq6HtNMX1AvdYfUmpTg+y0U7wI41RD2XeUCwWXANB/zNSIzYjZGwCCYP/BP/2Q==","provType":"MONITORING","date":"2018-03-12T10:59:18.214Z"}}},"provision.device.location":{"_value":{"_current":{"value":{"position":{"type":"Point","coordinates":[39.37005197639519,4.385554361886237]},"postal":"28033","source":"GPS"},"provType":"MONITORING","date":"2018-03-12T10:59:18.301Z"}}},"provision.device.model":{"_value":{"_current":{"value":{"name":"OpenGate","version":"1.0","manufacturer":"OpenGate"},"provType":"MONITORING","date":"2018-03-12T10:59:18.397Z"}}},"provision.device.name":{"_value":{"_current":{"value":"CHD_DEV_3 name","provType":"MONITORING","date":"2018-03-12T10:59:17.417Z"}}},"provision.device.specificType":{"_value":{"_current":{"value":"SENSOR","provType":"MONITORING","date":"2018-03-12T10:59:17.42Z"}}},"resourceType":{"_value":{"_current":{"value":"entity.device","provType":"IDENTIFIER","date":"2018-03-12T10:59:18.398Z"}}}},{"provision.administration.channel":{"_value":{"_current":{"value":"default_channel","provType":"MONITORING","date":"2018-03-12T10:59:24.715Z"}}},"provision.administration.identifier":{"_value":{"_current":{"value":"CHD_DEV_4","provType":"MONITORING","date":"2018-03-12T10:59:24.718Z"}}},"provision.administration.organization":{"_value":{"_current":{"value":"chemacorp","provType":"MONITORING","date":"2018-03-12T10:59:24.713Z"}}},"provision.administration.plan":{"_value":{"_current":{"value":"FLOW_RATE_100","provType":"MONITORING","date":"2018-03-12T10:59:24.709Z"}}},"provision.administration.serviceGroup":{"_value":{"_current":{"value":"emptyServiceGroup","provType":"MONITORING","date":"2018-03-12T10:59:24.711Z"}}},"provision.device.administrativeState":{"_value":{"_current":{"value":"ACTIVE","provType":"MONITORING","date":"2018-03-12T10:59:25.311Z"}}},"provision.device.communicationModules[].description":[{"_index":{"path":"provision.device.communicationModules[].identifier","value":{"_current":{"value":"COMMS2_SN_CHD_DEV_4","provType":"MONITORING","date":"2018-03-12T10:59:25.007Z"}}},"_value":{"_current":{"value":"COMMS2_SN_CHD_DEV_4 desc","provType":"MONITORING","date":"2018-03-12T10:59:25.008Z"}}},{"_index":{"path":"provision.device.communicationModules[].identifier","value":{"_current":{"value":"COMMS1_SN_CHD_DEV_4","provType":"MONITORING","date":"2018-03-12T10:59:24.797Z"}}},"_value":{"_current":{"value":"COMMS1_SN_CHD_DEV_4 desc","provType":"MONITORING","date":"2018-03-12T10:59:24.721Z"}}}],"provision.device.communicationModules[].identifier":[{"_index":{"path":"provision.device.communicationModules[].identifier","value":{"_current":{"value":"COMMS2_SN_CHD_DEV_4","provType":"MONITORING","date":"2018-03-12T10:59:25.007Z"}}},"_value":{"_current":{"value":"COMMS2_SN_CHD_DEV_4","provType":"MONITORING","date":"2018-03-12T10:59:25.007Z"}}},{"_index":{"path":"provision.device.communicationModules[].identifier","value":{"_current":{"value":"COMMS1_SN_CHD_DEV_4","provType":"MONITORING","date":"2018-03-12T10:59:24.797Z"}}},"_value":{"_current":{"value":"COMMS1_SN_CHD_DEV_4","provType":"MONITORING","date":"2018-03-12T10:59:24.797Z"}}}],"provision.device.communicationModules[].name":[{"_index":{"path":"provision.device.communicationModules[].identifier","value":{"_current":{"value":"COMMS2_SN_CHD_DEV_4","provType":"MONITORING","date":"2018-03-12T10:59:25.007Z"}}},"_value":{"_current":{"value":"COMMS2_SN_CHD_DEV_4 name","provType":"MONITORING","date":"2018-03-12T10:59:25.01Z"}}},{"_index":{"path":"provision.device.communicationModules[].identifier","value":{"_current":{"value":"COMMS1_SN_CHD_DEV_4","provType":"MONITORING","date":"2018-03-12T10:59:24.797Z"}}},"_value":{"_current":{"value":"COMMS1_SN_CHD_DEV_4 name","provType":"MONITORING","date":"2018-03-12T10:59:24.72Z"}}}],"provision.device.communicationModules[].subscriber.administrativeState":[{"_index":{"path":"provision.device.communicationModules[].identifier","value":{"_current":{"value":"COMMS2_SN_CHD_DEV_4","provType":"MONITORING","date":"2018-03-12T10:59:25.007Z"}}},"_value":{"_current":{"value":"ACTIVE","provType":"MONITORING","date":"2018-03-12T10:59:25.212Z"}}},{"_index":{"path":"provision.device.communicationModules[].identifier","value":{"_current":{"value":"COMMS1_SN_CHD_DEV_4","provType":"MONITORING","date":"2018-03-12T10:59:24.797Z"}}},"_value":{"_current":{"value":"ACTIVE","provType":"MONITORING","date":"2018-03-12T10:59:24.899Z"}}}],"provision.device.communicationModules[].subscriber.description":[{"_index":{"path":"provision.device.communicationModules[].identifier","value":{"_current":{"value":"COMMS2_SN_CHD_DEV_4","provType":"MONITORING","date":"2018-03-12T10:59:25.007Z"}}},"_value":{"_current":{"value":"SUBS2_SN_CHD_DEV_4 desc","provType":"MONITORING","date":"2018-03-12T10:59:25.112Z"}}},{"_index":{"path":"provision.device.communicationModules[].identifier","value":{"_current":{"value":"COMMS1_SN_CHD_DEV_4","provType":"MONITORING","date":"2018-03-12T10:59:24.797Z"}}},"_value":{"_current":{"value":"SUBS1_SN_CHD_DEV_4 desc","provType":"MONITORING","date":"2018-03-12T10:59:24.806Z"}}}],"provision.device.communicationModules[].subscriber.identifier":[{"_index":{"path":"provision.device.communicationModules[].identifier","value":{"_current":{"value":"COMMS2_SN_CHD_DEV_4","provType":"MONITORING","date":"2018-03-12T10:59:25.007Z"}}},"_value":{"_current":{"value":"SUBS2_SN_CHD_DEV_4","provType":"MONITORING","date":"2018-03-12T10:59:25.115Z"}}},{"_index":{"path":"provision.device.communicationModules[].identifier","value":{"_current":{"value":"COMMS1_SN_CHD_DEV_4","provType":"MONITORING","date":"2018-03-12T10:59:24.797Z"}}},"_value":{"_current":{"value":"SUBS1_SN_CHD_DEV_4","provType":"MONITORING","date":"2018-03-12T10:59:24.81Z"}}}],"provision.device.communicationModules[].subscriber.model":[{"_index":{"path":"provision.device.communicationModules[].identifier","value":{"_current":{"value":"COMMS2_SN_CHD_DEV_4","provType":"MONITORING","date":"2018-03-12T10:59:25.007Z"}}},"_value":{"_current":{"value":{"name":"TEST","version":"1.0","manufacturer":"sb-HD"},"provType":"MONITORING","date":"2018-03-12T10:59:25.199Z"}}},{"_index":{"path":"provision.device.communicationModules[].identifier","value":{"_current":{"value":"COMMS1_SN_CHD_DEV_4","provType":"MONITORING","date":"2018-03-12T10:59:24.797Z"}}},"_value":{"_current":{"value":{"name":"TEST","version":"1.0","manufacturer":"sb-HD"},"provType":"MONITORING","date":"2018-03-12T10:59:24.801Z"}}}],"provision.device.communicationModules[].subscriber.name":[{"_index":{"path":"provision.device.communicationModules[].identifier","value":{"_current":{"value":"COMMS2_SN_CHD_DEV_4","provType":"MONITORING","date":"2018-03-12T10:59:25.007Z"}}},"_value":{"_current":{"value":"SUBS2_SN_CHD_DEV_4 name","provType":"MONITORING","date":"2018-03-12T10:59:25.111Z"}}},{"_index":{"path":"provision.device.communicationModules[].identifier","value":{"_current":{"value":"COMMS1_SN_CHD_DEV_4","provType":"MONITORING","date":"2018-03-12T10:59:24.797Z"}}},"_value":{"_current":{"value":"SUBS1_SN_CHD_DEV_4 name","provType":"MONITORING","date":"2018-03-12T10:59:24.804Z"}}}],"provision.device.communicationModules[].subscriber.serialNumber":[{"_index":{"path":"provision.device.communicationModules[].identifier","value":{"_current":{"value":"COMMS2_SN_CHD_DEV_4","provType":"MONITORING","date":"2018-03-12T10:59:25.007Z"}}},"_value":{"_current":{"value":"SUBS2_SN_CHD_DEV_4ICC","provType":"IDENTIFIER","date":"2018-03-12T10:59:25.204Z"}}},{"_index":{"path":"provision.device.communicationModules[].identifier","value":{"_current":{"value":"COMMS1_SN_CHD_DEV_4","provType":"MONITORING","date":"2018-03-12T10:59:24.797Z"}}},"_value":{"_current":{"value":"SUBS1_SN_CHD_DEV_4ICC","provType":"IDENTIFIER","date":"2018-03-12T10:59:24.815Z"}}}],"provision.device.communicationModules[].subscriber.software":[{"_index":{"path":"provision.device.communicationModules[].identifier","value":{"_current":{"value":"COMMS2_SN_CHD_DEV_4","provType":"MONITORING","date":"2018-03-12T10:59:25.007Z"}}},"_value":{"_current":{"value":{"name":"software","version":"1.0","type":"SOFTWARE"},"provType":"MONITORING","date":"2018-03-12T10:59:25.209Z"}}},{"_index":{"path":"provision.device.communicationModules[].identifier","value":{"_current":{"value":"COMMS1_SN_CHD_DEV_4","provType":"MONITORING","date":"2018-03-12T10:59:24.797Z"}}},"_value":{"_current":{"value":{"name":"software","version":"1.0","type":"SOFTWARE"},"provType":"MONITORING","date":"2018-03-12T10:59:24.819Z"}}}],"provision.device.communicationModules[].subscriber.specificType":[{"_index":{"path":"provision.device.communicationModules[].identifier","value":{"_current":{"value":"COMMS2_SN_CHD_DEV_4","provType":"MONITORING","date":"2018-03-12T10:59:25.007Z"}}},"_value":{"_current":{"value":"GENERIC","provType":"MONITORING","date":"2018-03-12T10:59:25.203Z"}}},{"_index":{"path":"provision.device.communicationModules[].identifier","value":{"_current":{"value":"COMMS1_SN_CHD_DEV_4","provType":"MONITORING","date":"2018-03-12T10:59:24.797Z"}}},"_value":{"_current":{"value":"GENERIC","provType":"MONITORING","date":"2018-03-12T10:59:24.813Z"}}}],"provision.device.communicationModules[].subscription.address":[{"_index":{"path":"provision.device.communicationModules[].identifier","value":{"_current":{"value":"COMMS2_SN_CHD_DEV_4","provType":"MONITORING","date":"2018-03-12T10:59:25.007Z"}}},"_value":{"_current":{"value":{"type":"IPV4","value":"172.18.19.24","apn":"movistar.es"},"provType":"REFERENCE","date":"2018-03-12T10:59:25.097Z"}}},{"_index":{"path":"provision.device.communicationModules[].identifier","value":{"_current":{"value":"COMMS1_SN_CHD_DEV_4","provType":"MONITORING","date":"2018-03-12T10:59:24.797Z"}}},"_value":{"_current":{"value":{"type":"IPV4","value":"172.18.19.24","apn":"movistar.es"},"provType":"REFERENCE","date":"2018-03-12T10:59:24.91Z"}}}],"provision.device.communicationModules[].subscription.administrativeState":[{"_index":{"path":"provision.device.communicationModules[].identifier","value":{"_current":{"value":"COMMS2_SN_CHD_DEV_4","provType":"MONITORING","date":"2018-03-12T10:59:25.007Z"}}},"_value":{"_current":{"value":"ACTIVE","provType":"MONITORING","date":"2018-03-12T10:59:25.1Z"}}},{"_index":{"path":"provision.device.communicationModules[].identifier","value":{"_current":{"value":"COMMS1_SN_CHD_DEV_4","provType":"MONITORING","date":"2018-03-12T10:59:24.797Z"}}},"_value":{"_current":{"value":"ACTIVE","provType":"MONITORING","date":"2018-03-12T10:59:24.914Z"}}}],"provision.device.communicationModules[].subscription.description":[{"_index":{"path":"provision.device.communicationModules[].identifier","value":{"_current":{"value":"COMMS2_SN_CHD_DEV_4","provType":"MONITORING","date":"2018-03-12T10:59:25.007Z"}}},"_value":{"_current":{"value":"SUBT2_SN_CHD_DEV_4 desc","provType":"MONITORING","date":"2018-03-12T10:59:25.11Z"}}},{"_index":{"path":"provision.device.communicationModules[].identifier","value":{"_current":{"value":"COMMS1_SN_CHD_DEV_4","provType":"MONITORING","date":"2018-03-12T10:59:24.797Z"}}},"_value":{"_current":{"value":"SUBT1_SN_CHD_DEV_4 desc","provType":"MONITORING","date":"2018-03-12T10:59:25.003Z"}}}],"provision.device.communicationModules[].subscription.identifier":[{"_index":{"path":"provision.device.communicationModules[].identifier","value":{"_current":{"value":"COMMS2_SN_CHD_DEV_4","provType":"MONITORING","date":"2018-03-12T10:59:25.007Z"}}},"_value":{"_current":{"value":"SUBT2_SN_CHD_DEV_4","provType":"MONITORING","date":"2018-03-12T10:59:25.017Z"}}},{"_index":{"path":"provision.device.communicationModules[].identifier","value":{"_current":{"value":"COMMS1_SN_CHD_DEV_4","provType":"MONITORING","date":"2018-03-12T10:59:24.797Z"}}},"_value":{"_current":{"value":"SUBT1_SN_CHD_DEV_4","provType":"MONITORING","date":"2018-03-12T10:59:24.906Z"}}}],"provision.device.communicationModules[].subscription.mobile.homeOperator":[{"_index":{"path":"provision.device.communicationModules[].identifier","value":{"_current":{"value":"COMMS2_SN_CHD_DEV_4","provType":"MONITORING","date":"2018-03-12T10:59:25.007Z"}}},"_value":{"_current":{"value":"Telefónica Móviles España, SAU","provType":"MONITORING","date":"2018-03-12T10:59:25.106Z"}}},{"_index":{"path":"provision.device.communicationModules[].identifier","value":{"_current":{"value":"COMMS1_SN_CHD_DEV_4","provType":"MONITORING","date":"2018-03-12T10:59:24.797Z"}}},"_value":{"_current":{"value":"Telefónica Móviles España, SAU","provType":"MONITORING","date":"2018-03-12T10:59:25.001Z"}}}],"provision.device.communicationModules[].subscription.mobile.imsi":[{"_index":{"path":"provision.device.communicationModules[].identifier","value":{"_current":{"value":"COMMS2_SN_CHD_DEV_4","provType":"MONITORING","date":"2018-03-12T10:59:25.007Z"}}},"_value":{"_current":{"value":"SUBT2_SN_CHD_DEV_4_IMSI","provType":"IDENTIFIER","date":"2018-03-12T10:59:25.101Z"}}},{"_index":{"path":"provision.device.communicationModules[].identifier","value":{"_current":{"value":"COMMS1_SN_CHD_DEV_4","provType":"MONITORING","date":"2018-03-12T10:59:24.797Z"}}},"_value":{"_current":{"value":"SUBT1_SN_CHD_DEV_4_IMSI","provType":"IDENTIFIER","date":"2018-03-12T10:59:24.916Z"}}}],"provision.device.communicationModules[].subscription.mobile.msisdn":[{"_index":{"path":"provision.device.communicationModules[].identifier","value":{"_current":{"value":"COMMS2_SN_CHD_DEV_4","provType":"MONITORING","date":"2018-03-12T10:59:25.007Z"}}},"_value":{"_current":{"value":"MSISDN_FAKE","provType":"MONITORING","date":"2018-03-12T10:59:25.105Z"}}},{"_index":{"path":"provision.device.communicationModules[].identifier","value":{"_current":{"value":"COMMS1_SN_CHD_DEV_4","provType":"MONITORING","date":"2018-03-12T10:59:24.797Z"}}},"_value":{"_current":{"value":"MSISDN_FAKE","provType":"MONITORING","date":"2018-03-12T10:59:24.998Z"}}}],"provision.device.communicationModules[].subscription.mobile.registeredOperator":[{"_index":{"path":"provision.device.communicationModules[].identifier","value":{"_current":{"value":"COMMS2_SN_CHD_DEV_4","provType":"MONITORING","date":"2018-03-12T10:59:25.007Z"}}},"_value":{"_current":{"value":"Telefónica Móviles España, SAU","provType":"MONITORING","date":"2018-03-12T10:59:25.103Z"}}},{"_index":{"path":"provision.device.communicationModules[].identifier","value":{"_current":{"value":"COMMS1_SN_CHD_DEV_4","provType":"MONITORING","date":"2018-03-12T10:59:24.797Z"}}},"_value":{"_current":{"value":"Telefónica Móviles España, SAU","provType":"MONITORING","date":"2018-03-12T10:59:24.918Z"}}}],"provision.device.communicationModules[].subscription.name":[{"_index":{"path":"provision.device.communicationModules[].identifier","value":{"_current":{"value":"COMMS2_SN_CHD_DEV_4","provType":"MONITORING","date":"2018-03-12T10:59:25.007Z"}}},"_value":{"_current":{"value":"SUBT2_SN_CHD_DEV_4 name","provType":"MONITORING","date":"2018-03-12T10:59:25.108Z"}}},{"_index":{"path":"provision.device.communicationModules[].identifier","value":{"_current":{"value":"COMMS1_SN_CHD_DEV_4","provType":"MONITORING","date":"2018-03-12T10:59:24.797Z"}}},"_value":{"_current":{"value":"SUBT1_SN_CHD_DEV_4 name","provType":"MONITORING","date":"2018-03-12T10:59:25.005Z"}}}],"provision.device.communicationModules[].subscription.specificType":[{"_index":{"path":"provision.device.communicationModules[].identifier","value":{"_current":{"value":"COMMS2_SN_CHD_DEV_4","provType":"MONITORING","date":"2018-03-12T10:59:25.007Z"}}},"_value":{"_current":{"value":"MOBILE","provType":"MONITORING","date":"2018-03-12T10:59:25.013Z"}}},{"_index":{"path":"provision.device.communicationModules[].identifier","value":{"_current":{"value":"COMMS1_SN_CHD_DEV_4","provType":"MONITORING","date":"2018-03-12T10:59:24.797Z"}}},"_value":{"_current":{"value":"MOBILE","provType":"MONITORING","date":"2018-03-12T10:59:24.903Z"}}}],"provision.device.description":{"_value":{"_current":{"value":"CHD_DEV_4 desc","provType":"MONITORING","date":"2018-03-12T10:59:25.305Z"}}},"provision.device.identifier":{"_value":{"_current":{"value":"CHD_DEV_4","provType":"MONITORING","date":"2018-03-12T10:59:25.315Z"}}},"provision.device.image":{"_value":{"_current":{"value":"data:image/jpeg;base64,/9j/4AAQSkZJRgABAQEASABIAAD/2wBDAAMCAgICAgMCAgIDAwMDBAYEBAQEBAgGBgUGCQgKCgkICQkKDA8MCgsOCwkJDRENDg8QEBEQCgwSExIQEw8QEBD/2wBDAQMDAwQDBAgEBAgQCwkLEBAQEBAQEBAQEBAQEBAQEBAQEBAQEBAQEBAQEBAQEBAQEBAQEBAQEBAQEBAQEBAQEBD/wgARCAGQAZADASIAAhEBAxEB/8QAHAABAAEFAQEAAAAAAAAAAAAAAAYCAwQFBwgB/8QAGQEBAQEBAQEAAAAAAAAAAAAAAAEEBQMG/9oADAMBAAIQAxAAAAH1SAAAAAAAAAAAAAAAAAAAAAAAAAAAAAAAAAAAAAAAAAAAAAAAAAAAAAAAAAAAAAAAAAAAAAAAAAAAAAAAAAAAAAAAAAAAAAAAAAAAAAAAAAAAAAAQUnTlnUwAAAAAAAAAAAAAAAAAAAAAAB499hcLPP8A7z8s+pwAAAAAAAAAAAAAAAAAAAAAABxjs/GCG+mfM3pkAAAAAAAAAAAAAAAAAAAAAAAcY7PxghvpnzN6ZAAAAAAAAAAILpuIQ096Pn0AAAAAAAAAAAcX7Rw8h/qDyh6vAAAAAAAAAAOFwzoENPTIAAAAAAAAAAAHBO9+eiC+v/GnssAAAAAAAAAA4xDZlDT0yAAAAAAAAAAAxcgq87+iPO5zz2X409lgAAAAAAAAAHGIbMYOeoAAAAAAAACOkio4tGTsUIs/DS5mrHQYFb+kQ9fefJedURmRFwAAAAAAAAHD4BNOdnr8AAAAAxjJc7gh2vm0KlxDL0/05sMeK2i/Y+gfQ+Wy79xfhmZun+nQJZxX6ejr3neVHXkRk5fAAAAAB565z0Pnh7LAAAWeQnYo7yvVkxjGNcN5fitJINPjgUFX3BpM3GtCtjWjM+4X0zWJUZCzUXftuouV2qi9ma+om0v45UeicrzrJjsiEykzQAAed+edD54eywACg1XmjsUFOMTKYRElX3kW5OhsS2Z9nVVl/wCY+MbDFs1D79+ipUPv36KlQqVCpUKlQqVCpUKlQvW6iRyvmX07xm8A3p2JBpWcF550Lnp7LAA0W9hxz+J7jTi5R9M+DSy2cJwZNgkU10u1hocuzryVb7mw7fLvMV49SVcH6cSyr5WPv2o+VqhUqFSo+Vfaj5V9rKaqvp8+tQbjTwLZFGv6zLU4bt+1Xl5Rn9RjR0rZeV+wHSAIXNI0cY11usrqVC9brOJ4tVmS9XifLdjYx7ho470W4cpdB1xD7/Tpscz7VgcrO4VYWeKlwpqyskwsjKrLN25WU11VlP1AjM18t6ERST7PKTVZu3xS7HoZzMkfPZTG1k3ZY9ITpgGv2GKeWYz6P42WNvzbKOj1x3eHE95o8PJi2+FizPNmiFMljWvZ9y8XJ06usdR5b1oh3NumcHKIbpcAnfoHyJ6tNzmXKyzYt0cnjZv3X53N5mwu67bd/wCipXYhp1aybWuhlvMyc1Me7qOZLPOUauRGhkt60cz6RqOhFOxw8w6WADH00h+HKuZendUePa/R/NDgX2QQ4233X5hd+qinKsZJ1XrHKOsEN4j27hxroROxyvvPLOunWbnEpeSrXynI5PGj1O9zsHP12bXV3/o9doc/pXt7XNzTEyRwKB4xTn7S6U3KPh9fai5MYVYOg67mPWTo/wBt3AAAC3rdsOfc29D4B4rg/ufnZ5dzptADYZWg251/rPJetkL4f3Hh5rqvn0v+ivN/oQmUBmtaed913aODL4x8XtVWu25ur8IgBJIxuNiWshSV0qj5V9zjHytTBTf6WV9YIn0rMyh9AAAAACnDzhEIB23FPIHP/ccFOQ9n5ptjM4j1HkJR9ouD0T539HpvqlYqfbLuBm2l88ZG7kUun3qs+vn0VLpbyrkeN/BLPQSCdclcgMDZ1gAAAAAAAAD5YyBHoV1W0eaeSe3IgeLc/uHKDD9L+TfRZ0arXbFPtfyuxh5uGvIJNo97L9fLh8rvVlWLqss0e9nkxI5Lsu4fPoAAAAAAAAAAAALdwamK9AoPPMK9Wxs89TLfQw6JteKSNOm4WDfrl0hjcnl+5ON8LNyZyki0s22WWb/0AAAAAAAAAAAAAAAAKahiavf/AAgsO7PjnnDXelomcAnuz6eQ2Z7PKMXMrAAAAAAAAAAAAAAAAAAAAAHyi4LFdwfPoAAAAAAAAf/EADMQAAAGAQIDBwMDBAMAAAAAAAABAgMEBQYHERIgQBATFCEzNTYwMVAiIzQVFiQyJWCA/9oACAEBAAEFAv8A2vkeWwMdFBn8C5lfkM677+54fe+LL7fj9UYcfwem0KPKvPyGqPs+l3vH5DVH2fS73j8hqj7Ppd7x0uR5bAx0UGfwLmV1OqPs+l3vHS51339zw+98WX26jVI9qbStW930uqMOP4PTaFHlXnU6sq4aTSNfFfdLqj7Ppd7x1OsSuGh0aXxZB0uqPs+l3vHU61Hw4/op55D0uqPs+l3vHU62fH9E/kHS6o+z6Xe8dMqVHQojJRDWz4/on8g6XVI9qbStW930alpQU7KqiEHr62tDdNaXI9nNjCNlbpDUwzyWi0dhSoeRdLqyrhpNI18V90Nhf1NYU3PX3h3V9cqi4/FhplWLaS5I8t+K5FymQgRsgr5AQ424XRaxK4aHRpfFkH1plnAgJn6gRkCTb5JcnDxd102qqurkv3SEE6+8+r6DMuSwcbJ5bYjZFBfDbzTxfX1qPhx/RTzyH6b0liMmdmtbHEvIshsw1jsqUqNjkZgjk1UISL19YccW6rl3IgbrZDxDY8QO+WO8dHG8ON4Mzpsc4uVTWxFyaA+Gn2Xi+prZ8f0T+QfQUpKCl38CMJeSWb5/0+RYON19XEH9ThMBy6lqDkh57lUtCQclI45Ch3bpju2SG8ch3yCHiFDv1jvXB3ix3ix3ix3ix3qw1NkMnGyiY0IuTwXgzKjvl9HWz4/on8g5nnm47SNRqyxXIs5kobmCVsDfdMuVS0oBydxwvrHAwgeIQkG+4Y3Uf123nWji5FPYEbKIrgZmRpBc2tnx/RP5BzWDzRtZBp5WLUdhlGOHXZPV2IIyPlW8hsd4+6O6bSDkJSFOrV0yFrQca9nxxGydlYYmRpJdutnx/RP5ByrUSEyZRmcmWtS0yCUVjh9LZhcLLMbOuzKDINMuMtK58NseNS+CciNhUviG+/VoWtBsX82KImVRXwzOiyBrZ8f0T+QctxJ8PElu/oPzMEoyCJJkLmprrE/6LHSTlXGQFsIbCuJI8VJSG7eyaDWTW7QYzR8hHy2sdJiVGkp6WXbwYQfyOY+fg7OebNRJjhqfaxTkzWb2LiNRWYxaMWMORy5Me0SSrdPITBLOSg/EqhpUF1CFB2jfDkCW0DIy5G3nWVQcqsoorMjgWAL6mw4THCobH2TrWJAJ+0s7Q4GNOunCxtpsM1sdsigtLCaSMoHWwIyZ1hEbTIyRht7EpUp7kyo9oLp7p5EHsJjn+Z3w70E6OMjDkZh8n6VJh+HIj8iGXViqyGfVqiymJjXMTajBMgmkgkkNhsNgeySnW5rOJjpTFwscjMEiGlsEgw2wZhLaWymXjLRXGTNsOWq5ckY/WoiNYp/L7chY8RVFJTsSiPlm/wAwm1nyEowTg4ScD1D4g/7anoVDxYzEXHmGhLpq2QwTkzFp0OWzOY7CSZhLIJBENhsNhsNhsFrQ0iXMfsnKujJIYjIaIiCGjMJZISJbEYry8XHbORcXQebg49DpYL1jMXHSxFxT+X2yT/Re18qBJZsjI2JyFhLiVdsvymtLQ4U8myCIr6yNCkH2MH+5UElYZiRlNWMZpgSromzlZAJtr4lOK3CoE0ghkEnYKUhtKHnXh/nDvloCTSothsDMklLku2b9VUJbJtskklBmEMhx1mOmbbfplZKqYqNUGayIW/HOsqCEllub6GK/y+15HEVnWd8VpjZ8TkaXENixUkR7BKg26lQm/wAzsiymHEWbkdTfYx6lOIx/t3J+VsymSqXGfjrBHseOySn1Ow2Bd3xOSX3jSkwk1EGPJ7YbC2lKdXT1ZJJtrhJDI4UNlJtCSLTJY7LhRrO0NlhphBIGxBFeXiYMc0osEmljFf5fItolCRXIcE7H0OCxxjYPQZcQ2LBbZvSCVJJRGC7duxj1KcR/TuvtMP8AdcaQ8idXrjGMBsYqIJeY2EiI5uhbe5GgG82RxIjjJ7CY/wCGj1MFT7saJwJQ0RCROZji2vmIyXJ1xcqhVsSCRJMxuSR9+xpXAqBIjqFwlPg8YcLxpHvzKbJQfgoWJtE24LHGBY4xIZUtD8ZSHwlZHyMepTiP6d19pvqgyJRWFWbYoNOo17jLxZpiKqnNKqwCFJWSiQ4PCV4bNLJfcbCW0ubKrK1MZt15mMmdb7IlZFKnLj1DSXSLcbJSDMz7NuwyMg682wkrJ+xXQxERUI+3OaCMPQ0LEykbcFli6FlY4m40bzEqIaHwlwj7GP8AemEf07r7TfV7CMYo4TVAbhLFzg1BdB6hzPFFVWfQZCmH2JLew2GxivgtRkyLTYrTJmmXTr5VmtCENp4dhvyNtLcPdiOLG9QhTFdOtXaqiJoo0YmyLy+kaSMOxULEunbcKxxlKys8RNByIUyEaHxGdI10xiP6d1/rN9Xtxv2YEEuGQtsZo70pGC5HQLg567Dcg2UCyaLyFvfRq9t561vCiQo8Jsi3G+3IRGoyZQ0J9szGbclWFsqpxokiDUoaJthKC+qaSMOR0qEqpbcFhjaFi0w8t11s2C5RyBEeI27kyNM31e3Hi2p+QlGQn1tbatXWFpqnqmzzKS3CqmYp/ceRD79m3YhgzJclthMu7W6qBQvy3a2iQ2TENDZEki6HbcLYSoSaxtwT8dQsP0j8JcS1Q2LaTumU+Rukoj7aIv8AiOV0+Fu6dWtxtPAjlQ2pw/2mROt22j8NPtV1eOpQIlahokNknpdgppKhIrkOCdj6HBPx95BWVLOZWTq0GiQRglkYpPaeWX6MlHHP7dgRGYJpKBJmoaQt6ZOOvx/zhVCGw1HSgiLbqVNkYfgoWJtE24LfEW3im41LiBK3Urp7MmojMttwEZHyS/Rf/TOGxn2IaMwbyGyXLceVGplurh1CSDENKAlBF1poIw9DQsTKRtwWGLoM3a6ZENiyeYOHdkYYnNuBKiPsmei952ASk1H+20H5fmzVyZZxKpKCjwUpCGiT+BNJGHYqViVUNuCZjqFCRjzrZ8U+CcO8EexacEtxJsKPexLYLeS2liJMniFTMxwzCIg2wSQRbfhDIjC2EqDsBCg9VIMTMUjuiRWW9YHLxRN10k5Nk33slcHHkINuMQQwRAkkX4k0EYUwRhUYhZ4rV2aYGAohSo0BmMhLQJH43YcI4ASf+i//xAAkEQABAwIGAgMAAAAAAAAAAAABAgMEABEFBhMhIjESQCBwgP/aAAgBAwEBPwH9KEgd+zLhiUBvan1vYcwkNjyqHIVJa1FC3znYuiKrTSLmhmNYPJFRJSJjQdR683B25StRJsaRlvfmumGERmw2319Qf//EACMRAAICAQMEAwEAAAAAAAAAAAECAwQABRESISIxQAYgcID/2gAIAQIBAT8B/pQkDz7NqqLIHXbJ3loQqIxyypObEXNht97mqpWbgo3ODX3B7lyrZW3GJU9e5pKWW5qdjifH+ve+QQpXQRp4/IP/xABIEAABAgMDBwcJBgQEBwAAAAABAAIDBBESITEQEyJBUXTCICMyQFJhcQUUMDNCYoGhsVByc5HB0QYkY4IVQ2ThNDVTYICSk//aAAgBAQAGPwL/AM12w4rHRo77xDadXehJRpd0rFf0KuqHfH7Rm873Wfu0UHMeszjbPjX7RlZ8Q+fzuate7QlPiR4doy8HOM7nVH2jK7zwlTW7cQ+0ZXeeEqa3biH2jK7zwlTW7cQ6s2HFY6NHfeIbTq70JKNLulYr+hV1Q749ald54SprduIdWm873Wfu0UHMeszjbPjXrUrvPCVNj/S8Q6tKz4h8/nc1a92hKfEjw7Rl4OcZ3OqOtSu88JU5uvG3q0rvPCVNbtxDrUpvXA5Tu6cberSu88JU1u3EOtSW98DlPbnxt6tK7zwlTW7cQ61Jb5wOU7ufG3q0rvPCVNbtxDq9h8dgdsqqg1ySW+cDlO7nxt6tK7zwlTY/0vEOqWnuAHeizP52J2Yd6pAYZeF3YogvJOs1XNx3KkzCDu8KWg+TGF8WFMZxzO6yVPNmYDoZ801j329Wld54SpzdeNvUv5qcYD2ReUYfkmS/vifsqzk1ELT7OAWdmXAeKzMk2y3tcnOwX2XYVVJhger32D3qsN4d4dTlN64HKd3Tjb6e3NzTIfiUYfkyWdHd2jcFZfGMJh9mHcrcap8VajuaFYkYVPeKtRYhcfQ1hRXBUjARAqPObPerUKIHeHUJLe+Byntz42+ktx4zGD3irEo10y/3cEWQP5aGexis5Mve87XFWotAqNo8+6rMu0Qh81aiPLj38q8rpLWrmFXQivVr1a9WqwiWqkeFbCpErDPeqwojXeB9LJb5wOU7ufG30NpxoFc4xXbGKzKtZBbtOKtzUy6KfFc7FbXuX8vLV8VRllngFzkVzvjyb3LRBK0WUWnFWk+qubVXQ10RkxXSXSXSWOSsN5CpFFsKkWsMqsKK13x9FJb5wOU7ufG3lvjxnWWMFpx2BPheSogdZ1uuK5yMaZMKqzbu2DlaRoqQ2Fy0n2VpGpWgxbFefT1hxC1Ue7ODvVI7CwqsKM08uS3zgcp3c+NvLdLPAdbFHA7EZnyLGMnGxs10f9lY8pSxmIA9sfug0Rs3E7L7ldybytAWRtVqK6p71SG1Xnq1WOIVM5bHeqTEOz3hVgxWnkSW+cDlO7nxt5RedQqnRCcVirMQAg7UYkFvmsXtQ8PyVqE7z2WGy+5ZqcaZaJ72CtNjsIPetKYZ+a0IzGt8VXOtJ8VoEBXnrdWOIWnFq33lzgp3tNVzUZpUlvnA5Tu58beVSnrNHk3ouiy4D+224ojzmKKE6166J+a0Y7/zV0Z35rRmYn/sVoTsX8168P8AvBfzEq133Sudtwj3hW4EZrx3Hq3OxgXdlt5VmRl7A2lVmYr3dytQnOae5aWmmyPlaXe+G02gHaio3lCAYliPBzVk6rwf0XNxh8eTCP8AU/TlxmVuER31XrHL1zh8FVkVrlpQT8FeORahRHMPcVSK4Rm+9igy3movZd6bArArDJzr6v1NGKzcEZqH3K1EBK0mroBdBVMNWntY0d6LIDG07RXm0jWYj9liiw5lxqGh1Ca0PIhn+p+nLj/iO+vIvWlDa5VgPp3Fc4z48jQaUIE61z4PvYhCNLvDmn0F5WCw5FTcjAkhU63rOx4dSdaFGrRAWGSrrkWSwtO26lZiPfHjOwYy9N/xCM6Hb6MtDN/9yzrYQbVTP4bfryIwA0mi0FQ8qP8AiO+qqGHk3qgv7lWCwsd8lSLDNNq0mrSARgx2DuOxUa/OSzz8k2YgOq12W5aSuHLMSIaALMwKiF9UHParhyKYu2IxJ2MGQtQC/lB5pLf9R3SPgjFay3Hdg517nFGZmDacTVUaFM/ht+vIIOtRHwmWoJNRTUqFYrHLGP8AVd9VVpQI6StNhkhUe2hyhAPaCr4LSi6Xu91FpNCrnIsfeEJaI7mIxp4HJpK5WnuAHeqyspFiDtdEfNf8Iz/7Bc/Lvh9+IVWmoy2nXALNQqiEPmgS1UAy1iOoiQ/NsGtOlvIrM9EwMU9Bq858pxzNxsRXot8ArlY9iFcFWi+Kmfw2/Xkm5FzW0KvBIVCrysVH/Ed9coFoAgYFANILu7KEMhRDjR2pwVIt/fqyVCgTJvdZo7xyvmY7M5YdZhMOHiVzkQ5MVYb7V9MvmUE/fQcWqgGS04gBWZf80YLXmYmThDZerflmLZhaoEP9ShDgw2saNQCq80Vyc6mJqqAK/apj8Nv15XRR0ES1qwJCo5RTtefQDIclh7agq2zSh/TI+Tix2tiW6taTqy52ALW1qo42TsNy6QVkG044NbeUZmaFl7hZhw+yNpyOia8As468m9AUyUbpOWcnZgNGpqsw2mSlO0fWO/ZcxD0ji83uK7lo/nlqRVUtgeKLmkYhTAB9hvoOiugiQxF8Gu2hVmMwt5QQyHLQhGPLjR1jYpbynCnHy848uNcWm+5UnIJmpYe0NIIQ4rsxFOpytMcCO5UjQYcT7zV/y6D81SXhQ4X3G0V+Rsuzosx8ULr1V5+CLnPEKGMb0ZfyJBtDXMPuaP3Xnc48zMz236vBUCvvKvyX5LwrcR4aAsxKlwha3LQbecTt9FguijzdUXQKt7tSpGhkd/ICGQ8mXhsuAr9VR4qCjEEHzWMf8yFd8kYvk6KZ6VGoX/JZjynDdKRcNLBCLAite04EHLcs9FpU31VmAKe8V5vKMdNzJ9lurxQmPLMa1sgN6A/dBjGhoGAC0lQXDLctEfFXc4/5BZuFz0bYNSESccSNTRgho+lwXRR0EXQQWH5LnYZptGQIZDyZfw5B8+k25w/5jbnJ0z/DHlIxoeOadj+xXmf8SeT4kvEF1sN/RZ6SmYcVvulVVuZi1Psw24laZdIyvZHTd+yzcvDsjWdZWwLR/PkUCrHP9oXOPDG6mjWrEAGDB+ZQJYhorD0+C6KOgi6G2we5abKt2hDIUeRLfd5Wa8oycOM33hejN/w75SiQHj2C79U+Umwxgp69wv8A91nYj3R45xiRLyrltV+S/JaebLVzeiNbijC8nttu1vOCz80S9x2oaKw6nguijoLOQB8FmpkGE7vwVQa8mV/D5RKsA4mia3YOVohdt3yVmuciamhc+S1nYCGguj1fBdFHQREMmmxF7W2grLwQe/LK/hjlFQx72W7LWMfgtJwYzYrEu0w4fa1lVLanaUNFYdb6KOijWHftCJhEupqWbLTawooMBx6DQFjySof3sl+S064bVzd3vFWJVtt3a1LOTBMR3yXRWHX8F0VbbDv20WjUhUfUK8rHKVDHvZKBdpys3vfqaFamjZb2AgGsoFh9h4LoroKsElq5xhptVHFYq4qH4q9Y2QubbmoXaOJWi2rtbjisFh9jYLBdFF0KsJ+1uCtWDFhj2mKy4pt+FSs1Jw847bqCEWcOdibNQWH2ZgsFz0Cy7tsuKdEM1bhHVrQhwYYaP+9//8QALBABAAIBAwIGAgMBAQADAAAAAQARITFBUWFxECBAgZGhscEwUPDR4WCA8f/aAAgBAQABPyH/AO65oBUwrktpg0FXdxgZ/sdx65+hU3/tOuKpel61/YDCCsOrhH3IGpi3Siv7f7H6yf3n9j/WT+8/sf6yf3nps0AqYVyW0waCru4wM+q+sn956b3Hrn6FTf8AtOuKpel616m4dE+7D02MIKw6uEfcgamLdKK/t9VZ+mdM6/TH1k/vPVdt6YUJd/pj6yf3nqu1dMGoeXpj6yf3nqv66H33pj6yf3np/rcIblcQdx8ProffemLh0T7sPSbcC1VUfoljmd4vcdtU7wsx5DcVEgbXiVpTsMOEFGuP+Ul/aTS9MWfpnTOv0JdZYo6hfoI+scSPBbD9Mr6zLCHbjXL2muXxLMjLAqcGtcSmObphlIM+01qTyv0dt6YUJd/84rBHc+IxsM138ziBqpUM2jqu2Caxs6vtKlOh/BO+tH+DTSCqLwyr5YdZWK+FK6Lq9BaumDUPL+Qaie4kdfY5bvEqGgBo7y7p6qWFEI5xCcJ2FwN5J1hYgbq/M6YO7NWMdi3tKOvlkF2k9NDgS9S6Mp+rt5Rs/jiAyj/KfXQ++/hFIy1VgKd8H3GS31I6kxdwh4vG2TEFIzfGDtL7kavvHlaLE0bs2p3zinaf9un/ACibSnAEt4PbwvXTqocqE50PiXiPRleTrayk7oyShc6fxProffecCiunQNWPiHVNnUHaPN9bDFNVl+6LrmZkHaE6vlCsYsWjmbOHBNb35jgfqmiJ2R1qypUCBAgQIECBAgQIELMjhlJRdpqeYjJDlp2vPn+uh995wgvUVltmA3rQJv03jSLXWx2fuGBN1kAtCeXmvg1j8j2s+yZDIODeDxqVKgQIECBAgQIECBAgQIECW4vRlIqG2crkKAG67XnyfXQ++8xomsplVNY5p1Ny9gWMuCXPI6xeF1KvZqQdoq83fb3gzTwhhFn4K5mg5lW2Zt18LNIRzeYp3YyvCpUCBAgQIECBAgQIECBAgQJUDyW6pwwCxLZwoB7AhY2m10z6aH33mLjWefEpVMVj4aWwuoX59n/9IY96rRhSZzS3jSvUXL+ehoX2hoQ73/MvBucLGaE5omfOBcfUNrkCBAgQIECBAgQIECBKgSoHkxUACr3hswFnlj4gfVZJBphOSma7HPFdWPZYVNYZN0uCTLdlTLHJ5P8AWdURfEJUyM1mZYIV3TVwuaD8xA2M+5eKQ3yiNIPXyFjjeqKm8Z+yFoU1evh3lEsgQIECBAgQIECBBcMP/Gh/5Uq3So30TdqXhttrfeAnDzABCAg+CYavxEKbKRhvGzYEypVFrR+92ji1vmLU8nSQ/lBevAgQJZuUv/u0FCdwahpnxK57RmW1nBDLXDJ5GolWZ5U9GAdexIECBAgQL0m2V3h/8IXlB6GEkEWjgMqzbDlH4mQLWrWJFDCaitVhNUJbYBqsp2eL6IMY9Zy+0f3KqKcqOKQ1qf5HLyMDPwrX6jLE0ZhAgQJ/n8odYnaaa+Au0BLcZQw7LdL5D6ZTGItAYZQPzQQYka7Oo+SXSVlu/wCjCrm+HiBAjNC5uKbQQkgggggkJ7VlOhtde6EZCDQScJNghNSJAnGm8MS1jIKuoYeiEGxPnjG5WRYbqUk/yOXkKksFJGaIrqHDL2/MEBgjEECUWLBPvAoq44i1W+tcSzuaMu04k8WIBd4CV4lNElTymr/UrwGozUjrao4/Kj7bBekRz8IQoVGRnqqE9S59sAcvbzza9/pZCZE3IQQ3QBaszKPB+UzNoOg2Sb6ShDo3Y4KNa2sRPPWU77wTbsMAFCiHVXFdd5oJYafZP8jl5LUj8hLJ+QmPo3I4KkoyFOkf4/KaZGbxEVYtW0vVfDw8o0+HhTkJDJoOh1eCElJkY41trowwkhs8tjqalvECngvEdAavKiFVaNMQggmytx+JmLQwgZ1Jg0N2XdCmr0mCE2YvrxF5brdRX3TQzhSIIYHjdlKt88sdmvCKCmmyf5nLyJcGyQJsQqg+Iqo3kmHgS0SJzLk6n7ZvnlKZpQz+Lweb3jQ22iwFN/28Atp1O+iAFkIttSste5LWs65RCH7YY2IFnsS6bti1Nep0hBcQp5ZXlTZYRkC2wTHxmkY7DLl7G8ZOT0HoQj5XNPVmd05MNPt5RVWtspglQTVEdsJdg4mHIOt8soX5UGHaQdsQxofENwT2iHWVULs7qYgOrNwgw8QZ/F4fV7wYoAjqMPsNe/8A+JswuAC0aneC0fv1d9T3i+mzTL6MMPGRUDpvSX5hddv+dZSKutC+dZlWrhAerAEkYZlMd7DViDfWmmJsRz4ji5na5TtbRVRcPoLaaq9vA7HSXijBNQCJd8SzPEsu/Yhm7d9Yv52sP0g7ZhDj8Q1SHZJYiciKHQ9k5WbhBHxyMO0Mxn38Bh1TAUMKG2UvCYiJYzdAVOTy6GcpBBh1edOIMsi3L3294Qh7thIQRdjVESDIUJiAg63T9+5tKqQbXXdgwxUCggMnXTeLqjoHgC9DmFH7Svd5aRPoDdgvyGDTiyIL0WaO66Q2BBSv4tsgjZijGY5o9J0QQPwiEoesTnZmaE4s/H4XV7yvAlw+r8wIkmoTBTMHW9zX3l1C5VPgr/hLfvsqscrruYhBa3tTuakyHCWHPyE4CFr43dj6sUQamonK7xRfuMBpe7WdWGcBcoNcsowr0get21mIqX1UWWzfa/UzTLlXVmCkIBABp/LsEHbEBcITQ/ECm5Tj4l3YmTGbAudpnGfa8anzv9wIECE3yI2Y6Ls6kyZ9vHsD8MwNwPmCsQ61274OICqFwNfP6iqtTSex0nQ0nf02N8Q6qN1bGif9gDL69B2lmH4hCjNp9CnVCciCOEJoPiJaFbjDCNi71feAoQmoxBmbxDwq7aBAgeATthLS9JDN2jwvFGDjwLdPmFGnzK57kOmfwlyODCFjpo+8CuSukCYQfBNPSIdYZkQJsQqg+ILT8EfPvhrK2FqCprDCdZWm5BA8AhFUbaMVfjwqXbQthyyxCgtgftTqxQktBqy3Bbj4IQGJlyLDMHxDwQGj1CDD9IO2IZQ/Ew4bNQlZzuGZU/tkM3Cz2rACjALGBAgQwVo6JoXDgDiHAQWzroyCU1gxfvLRD3XHR2JWrB5RgOnrT9IO2YA4xiE95MRAgf3SUZMMowPD4rIpqU5uH+KiYOQjCK2f3w4gbBBSQsEANP6DZIE2YI4y0ofEQNONoaFe3JCxCKYx8w1Po36hWqiMLH5Y3m3D+AhZnOQpUXAUD/SNkmoCXuMvSqPSVZ2X6Ebe8B8kstHhm24pMrdz8hm4VCMQBUJtM2z+oQZsniQkwLxnk4JSq8XC5/g1hm0I2lV/WIYmV4gm0AP/AIJ//9oADAMBAAIAAwAAABDzzzzzzzzzzzzzzzzzzzzzzzzzzzzzzzzzzzzzzzzzzzzzzzzzzzzzzzzzzzzzzzzzzzzzzzzzzzzzzzzzzzzzzzzzzzzzzzzzzzzzzzzzzzzzzzzzzzzzzzzzzzzzzzzzzzzzzziTzzzzzzzzzzzzzzzzzzzzzzzxTzzzzzzzzzzzzzzzzzzzzzzzxTzzzzzzzzzzzTzzzzzzzzzzzzzzzzzzzzzzwjzzzzzzzzzzzyxzzzzzzzzzzyjzzzzzzzzzzzyhTzzzzzzzzzyzzzzzzzzzTRDDTzjzzzzzzzzzDzzzzzzjDSTQhCyRBjDzzzzzzDzzzQChRgCRDiSzBDCCBDzTzwDzzxwTTCjRxSBTzzzzzwARTTAjzyzgTwQBRywQhCAADDizji8AwzyzTChjTDTTyAQhTRwwQRmFEQzyhigTE5yTjCzjRGItTyGxDxSjyzyDxxTDAARTwznyKyQAzghCRTzyxjQDjSixhxe8zgTARiAQwRzzzzzxxQBAzS1tVRCAAgRjBTzzzzzzzzyzihjAqlyQAgCSBzzzzzzzzzzzzwyCTzuxyBhxzzzzzzzzzzzzzzzzzyxxjQwRzzzzzzzzzzzzzzzzzzzzxyzzzzzzzzzz/8QAJREAAQMDAgYDAAAAAAAAAAAAAQARITFAQVFhECAwUICBkaHB/9oACAEDAQE/EPIt+iFcmuayQ9j4UYa7kvGkDHuEBuZhv0bc5Sy66BQcI2JURYODgiotytx1yCqt8bCfsoeTBalUT25VOAuRcMm77//EACMRAAEDAwQCAwAAAAAAAAAAAAEAESExQFEwQVBhgaEggMH/2gAIAQIBAT8Q+xbaMqTWD6NdAefShiHcl4xA28wgZ6x+jr5mDZrgKBJHRUFAOx2ItyZ5VwVVujoT7QWWDkKJs24QCNw6J53/xAAtEAEAAgEEAQIFBQEAAwEAAAABABEhMUFRYXGBkRAgQKHBMLHR4fBQYHDxgP/aAAgBAQABPxD/APa9/wAfZ0Lt1dsK8Rp70cDdg4CZ/wCjxHv1bL1rPcUfAa7qeDl+a/6Bzc4RXaKGnbM1NfHpGu6FXD/6s8+fPnz5v+Ps6F26u2FeI096OBuwcBM/V+WV/TTxHv1bL1rPcUfAa7qeDl+a+pJaSZjov02c3OEV2ihp2zNTXx6RruhVw/VZz1KeR7p/+iefOR9SgufB6/6P58qDqmTcG1/8J/z5fv8Ayyv6eSzpoZ7IIPVgkfU+pfvyWkmY6L9JhB6xQerDxdAF8MCMExwlMva2ekeEeRputhV8q7aeGG4qDpkwbFsIsmzFVznsC6Y7/TZz1KeR7p/oRAUANViwFwFd4yV6y7B4yL7B+WGUpqwOKYg8W2Iz43YdKi9Qv2eYql1VtXea5dJV5Y1sD1L5RfgVxs8WGOojccpYIRrqDgfJBJSsRw9Po8j6lBc+D1+v7EPjt4GZXdFF9hqiBIuQy2Uyx+88onq5jFMWU+hqY9LmKl/45jBSb1g8GhA3Z50lXA5+IXC1lTHJ6ulr2hJt1CveQZragu3mEkfcX6BQdUybg2v6n5orJH7w5AsK19mQGUUUWuXv4qGXnaC94DILVg+8scHVTLt0iBzgOh50IkTrWKdGsD4hUzHhwmEX4zBP2MHpgh98G/4h+UXBP7/5g2/3P5hEU56ipg4aJTzMRHWWW8zLGYQft9O/flBm6YIOVWBGXaomOchVX5cEUm5G16QwRAAU4p7DSGX4mAvZVsMF+mYerHt+2avbSZXqdE0wawPeC5/hc+0u+PiiaAd31feOWo3P9I5KLfn7Q1ovV+8AUatLoimkerHRPiizh4CH9IQfX7c/+Ahs/sIfVXmBYRu5DSfhvo8wEz9UZPMGr3Fft9E/fsA3mgbTwERX0oqtbktmKiQowA4iFqe2YKZpWntLuGbGp8BFVUtdVi38NZ4lRt25YPcgKI5qHyy92TI+xAPeJSYszpHL82wg/VAAAAOCixclf2BqNeZdzMLZJRhl0J7Jrk/Wfv0klNKVIOtm0Zwh8NeV6nCnUCLCiJrgQsc42w485csxouHLswU8aI38Fv4l0TtzKYUW8omtKZXA+kolxopR7S3FF0EC4HtCCD9EAAHR+gAAHDXIsVP9oLZgC/och7Tbmsk9uv6b9+jAMDwFx0u8dOCCtQ8x0RKOB2Os0hMAC1WmMu5TFmVzoDLa9/MHckMZ7ujwIUhrVCe8ucksGfAuWrB30HvKBU0VD0XMjqAVFzW1VuEBCD9MAAAdHzgAEIwAIECGtDSxUJh+qFAdsWVLVfsU1jFnQz7DGLjZrnz7+pLUVq0KvsMre3HdbthiPC8shZUdOa0LXdTHquMCiZBYRwYcEbqroQfZrnMWaLd1/uJhbeGh/eYsg0pfmXeYKpPzQ8AV6Z4qpgWRlu98I/vBmRg/clocjxs1L2TZgHT5QDo+B0fOAAfAEKwAKIECssDTMUQTrGnrCAI0H64aENzOph9GJTrzdnmoaF8ylZwkDIG1KZNvQ03jRIFavZtldxEaV4h7wAII6J8jiNYERa7x8A+AYSgXWmJqcNiRK9ISomqzooB6ShZW5s/ptN2ABr5xOmJCn5HAFYxX6S2gcHA6EH0OEs+xFEoiWJ8Do/SAAAfo3pF6N6p0rylDJeRgtyCxZyrG18esW4E56u9UUydrdWX+ZW0VCSBh0PEHrFyRyXbQCCUgQAnR+ZuKKAHnRHbKct4yEB4KPkBq/s42suyBvBKJyQTBvGzmWkjaI6kMSwNxph9E94P9xreDVAfG/tGVsjrngZWw6/yvxBWgtYLtt4QSGqUC1pLW7DicR0RdJs/MADqgr1KPSjUK9CpS/ebmmHwQuJ1ToiCZqFAQ27Ky1f7vCKs1lntjwSppLhVauCmBF/ojIrEh7tFBHA2KFJycxDyNWWhTQg4rXpZDodGYuDpRm33q/LAyi37VOf7kqV4yzMm+sI5uWfAzEFhK4CCjbiKQImo/A7lFdWMAQ96+8MR7gjf4Y9tw1ezs29IFp6lnxMt8b4QR6uSBfVDK2icxmUgYcmaLwQZamxzRlcJOj4FgKmn6EhYB6MwuJ1zpnXOmdMsk0bAR3TSqzt/hLrmC2Sl8GxHaJIl4QwrYacGHunviClS6UtjlYjX68l9nG7GXOkChqosDVqajbT76HBAiEOCBLPkBhV1BhEpJnxcWhujqBHiOTBgAbe4aSblUsZmIrJnHIYI17TcX0SUy9C9di9wMMLoqzq41JNaT8DqZk3IchxvVNeYhEfeGrJUNPq/EdE1MBIrXm0Z4zVzTsxJwOgJgeLaGYOq9K3lBiP8AMwYEdQAy3SBOG2hXsYs7LgQMdn2QYckoH7tawk4WJYzrm7UR6JbAEJPQw38vxAvYDkgoiuCOhnAKi0tKwZ8BHrOEpGqu0A3FCRWLd44IHE3Gi8Pg8uYCIGACggQoBslZXmGiEDNQcDT935cGCNSAZejtMtyWmo3EHQbj8wcjDwLeWAhNxCwyhVYHkagqFy3vBZYIITUWgmOd4UQ3Lks3eXbFf/YZyQnE3J+KAGYz40g5hbNYjJ0m5EC5Nq/wvXwSMsBqJoymYztv4y/WdU64sKGT93RgviBExQaArYMVEBRvjiUtqOFsqIgYsBhtQ2nROiBGFHdu384GjQ5IYIoqUrAU1CLRC9Hg8PEYl63T4sHtiUJcnCAyujEJk1DF6EN3HTV4iVcA+RnKmVa3BWiDSLan88ZX8gAKSJgW4HIvqJSLuGKFaBTHSp8N1DKspMIy/wAmaA4Ep6yrYEo5MPMA1zKonMq9k0IaVcMwLyhigpRp2cMVsC0M9f5fARcwkgWh2uvWEHEdEnXFa/q6/PI9S0PFO+WMudl64VNGvkm8FjAnUqqXi4GAGydEtmesnSDqqUtVbWEmKC8QgAAascuDRsPLB/jfl2ByppS4KfZhN3MGSGVLDVXLCKUWuIP5mC6v08EeOTVWCFhjS4OXcN/SUXJVaUCGuDvGyiQHR/uhD8rUCLBLe0NEX1FdF3D9MWiUZXfMairbTtKpU1eR4dJVENHEJ0fgIB8hG0Z0lKm8D2mOn7Tah9noFiR2p4Oe05/ZCqCmUusKTBg+kq6mec1rlrGFEX7Tt2oyaOO6hXkB6JyJBYJgpR933hLVXeSvtjFAOq2DvU94jGJyq2s6ImnLoYV/BGsmLVKkVdx6EcUAFg5Zmd6ao3zLXjEMGm6SNzTPG8LLXBMnUNjj5d4+OA0GA8E0hmX03P8AEW0ug3ioMpZZVkEXltaBGUiX/bmDRiHJbtmDfHzoCkjARnmAWZ1F8dYu7VYUZW6lbCvyRarKoK/XaE0fch40zDLEn3UH7JrRGhOzKrzdDXEqZgARKRMJAMJR0BSiUm1TgOyOGBZl0Fn/ACKj0EvOB3FUGtghdWECtNBgPZAEFFYlzwmpOiBxAKFIxMlUl5ljgh4OiIkZK4fOiYhm41wBja84gOzFgGgBDLB1Dq/iKrvePLvA50gNlcjSJKOd3r/UtVQ4A8sY4VnWvzD/AH8oNMBHCEWR6O75jUiggdOCCA/RQdSDtjMJEX1M2l9QMDDY3GWr2tWLzs9Imemg+ruespo+7DpGpvD+hNCo+0Yb8qHCBWYkmvFL+7m5G8NTFK4524DUlDxNixCGC0pDUeXLtBdBht6Lym7ZHpAEvdDkdhjIQ4ARXnSLjhTOOHlj4MhS6poeNYG10DyCsp7l8p/irmYLN6jxxMrYq8wKyHEMrxtj+YfWsAIdva0X5OIuFlJ9LGVli+0jHlbJegqitOV3mHJA2gAAOobQ/VApg0dfUstl6lpC7i4X11DzognQ+Vovc1JQeKGjBgBozOjlAqBvCKImv3l8kFjRjwWlV+Ak7p2nDHq4EZjOpIoYEgkIDZndhmd4qZeaWQ9XB6JdMjXg8sylB9v8y3B4lmrXYgktPRr/AFLxRXAlaRZca+CHdPyS3i9I8RkBV6d0fA1svQNCK4kCCYiHEEAGPoSsI8ED1LPS+oluu4yky2xAACFM6dbfWWmCFgTpgOnVgoglHMepXA3fu/IAGxKpm+qUyeDC91qaJQvoVAvUxLNI2RpADLBlFHL8EGjy6rWWbpusB5Yjs3JdX8xwp4z6fBgI/YMpKdt4xAUogzArqGQSoAKCvpC6EdCLlnC+pdQu4QR7wV9m0LklQUTxvHSTpRHoyoBmCCY5b4oBsSqCIo3GPewbfa/xAvLCBYBa1oeWANs+0QG5dAIHrLld+TiByDL93dmiV7gXTaNHfVl2sakqqDBldQah9RqBEwluWIL6iMq7gmULTV4ma+fFdG+dGEBPNDoqanpRuGYvXnuVpN/GLPE9oqUiy/cEilwXxELbwHL5YAAAGxKaD1w34hMgc704izw1fv5XeOhLcoaXitoNArqBgGJpg+rQSkjARnmATL6jeMt7QzEugKesYqjgrMKKrUDBD/Vmdk9wUmj3CqxFS9RGaD+DCDC06uxBqUe29+ZQW1otvsaRVmRRqd/xBq6BQjYgrqGgSoBQ+vQdSFojMPEX1Fmy+oRdQCi5EKpbXvovq8RH3lhNme4Tlsd4Qi37oi2cOC1jkb1Lz5cwipsKAS4G47PlgCD2gKhjqBUB/wAQSmAUVfUK3XUEYAiNhiCiyDJ70+1RUtNBYbOqfePCKxwIxHbJV6Af3NWloPfgww6RqdG8NJiAFBCjGAEaYP8Aj6oQpwm1Iq6HtNMX1AvdYfUmpTg+y0U7wI41RD2XeUCwWXANB/zNSIzYjZGwCCYP/BP/2Q==","provType":"MONITORING","date":"2018-03-12T10:59:25.302Z"}}},"provision.device.location":{"_value":{"_current":{"value":{"position":{"type":"Point","coordinates":[40.22611192102566,5.162197233730281]},"postal":"28033","source":"GPS"},"provType":"MONITORING","date":"2018-03-12T10:59:25.217Z"}}},"provision.device.model":{"_value":{"_current":{"value":{"name":"OpenGate","version":"1.0","manufacturer":"OpenGate"},"provType":"MONITORING","date":"2018-03-12T10:59:25.32Z"}}},"provision.device.name":{"_value":{"_current":{"value":"CHD_DEV_4 name","provType":"MONITORING","date":"2018-03-12T10:59:25.316Z"}}},"provision.device.specificType":{"_value":{"_current":{"value":"CONCENTRATOR","provType":"MONITORING","date":"2018-03-12T10:59:25.308Z"}}},"resourceType":{"_value":{"_current":{"value":"entity.device","provType":"IDENTIFIER","date":"2018-03-12T10:59:25.321Z"}}}},{"provision.administration.channel":{"_value":{"_current":{"value":"default_channel","provType":"MONITORING","date":"2018-03-12T10:59:31.603Z"}}},"provision.administration.identifier":{"_value":{"_current":{"value":"CHD_DEV_5","provType":"MONITORING","date":"2018-03-12T10:59:31.611Z"}}},"provision.administration.organization":{"_value":{"_current":{"value":"chemacorp","provType":"MONITORING","date":"2018-03-12T10:59:31.601Z"}}},"provision.administration.plan":{"_value":{"_current":{"value":"FLOW_RATE_100","provType":"MONITORING","date":"2018-03-12T10:59:31.517Z"}}},"provision.administration.serviceGroup":{"_value":{"_current":{"value":"emptyServiceGroup","provType":"MONITORING","date":"2018-03-12T10:59:31.519Z"}}},"provision.device.administrativeState":{"_value":{"_current":{"value":"ACTIVE","provType":"MONITORING","date":"2018-03-12T10:59:31.71Z"}}},"provision.device.communicationModules[].description":[{"_index":{"path":"provision.device.communicationModules[].identifier","value":{"_current":{"value":"COMMS1_SN_CHD_DEV_5","provType":"MONITORING","date":"2018-03-12T10:59:32.209Z"}}},"_value":{"_current":{"value":"COMMS1_SN_CHD_DEV_5 desc","provType":"MONITORING","date":"2018-03-12T10:59:32.212Z"}}},{"_index":{"path":"provision.device.communicationModules[].identifier","value":{"_current":{"value":"COMMS2_SN_CHD_DEV_5","provType":"MONITORING","date":"2018-03-12T10:59:31.722Z"}}},"_value":{"_current":{"value":"COMMS2_SN_CHD_DEV_5 desc","provType":"MONITORING","date":"2018-03-12T10:59:31.924Z"}}}],"provision.device.communicationModules[].identifier":[{"_index":{"path":"provision.device.communicationModules[].identifier","value":{"_current":{"value":"COMMS1_SN_CHD_DEV_5","provType":"MONITORING","date":"2018-03-12T10:59:32.209Z"}}},"_value":{"_current":{"value":"COMMS1_SN_CHD_DEV_5","provType":"MONITORING","date":"2018-03-12T10:59:32.209Z"}}},{"_index":{"path":"provision.device.communicationModules[].identifier","value":{"_current":{"value":"COMMS2_SN_CHD_DEV_5","provType":"MONITORING","date":"2018-03-12T10:59:31.722Z"}}},"_value":{"_current":{"value":"COMMS2_SN_CHD_DEV_5","provType":"MONITORING","date":"2018-03-12T10:59:31.722Z"}}}],"provision.device.communicationModules[].name":[{"_index":{"path":"provision.device.communicationModules[].identifier","value":{"_current":{"value":"COMMS1_SN_CHD_DEV_5","provType":"MONITORING","date":"2018-03-12T10:59:32.209Z"}}},"_value":{"_current":{"value":"COMMS1_SN_CHD_DEV_5 name","provType":"MONITORING","date":"2018-03-12T10:59:32.21Z"}}},{"_index":{"path":"provision.device.communicationModules[].identifier","value":{"_current":{"value":"COMMS2_SN_CHD_DEV_5","provType":"MONITORING","date":"2018-03-12T10:59:31.722Z"}}},"_value":{"_current":{"value":"COMMS2_SN_CHD_DEV_5 name","provType":"MONITORING","date":"2018-03-12T10:59:31.723Z"}}}],"provision.device.communicationModules[].subscriber.administrativeState":[{"_index":{"path":"provision.device.communicationModules[].identifier","value":{"_current":{"value":"COMMS1_SN_CHD_DEV_5","provType":"MONITORING","date":"2018-03-12T10:59:32.209Z"}}},"_value":{"_current":{"value":"ACTIVE","provType":"MONITORING","date":"2018-03-12T10:59:32.208Z"}}},{"_index":{"path":"provision.device.communicationModules[].identifier","value":{"_current":{"value":"COMMS2_SN_CHD_DEV_5","provType":"MONITORING","date":"2018-03-12T10:59:31.722Z"}}},"_value":{"_current":{"value":"ACTIVE","provType":"MONITORING","date":"2018-03-12T10:59:32.012Z"}}}],"provision.device.communicationModules[].subscriber.description":[{"_index":{"path":"provision.device.communicationModules[].identifier","value":{"_current":{"value":"COMMS1_SN_CHD_DEV_5","provType":"MONITORING","date":"2018-03-12T10:59:32.209Z"}}},"_value":{"_current":{"value":"SUBS1_SN_CHD_DEV_5 desc","provType":"MONITORING","date":"2018-03-12T10:59:32.115Z"}}},{"_index":{"path":"provision.device.communicationModules[].identifier","value":{"_current":{"value":"COMMS2_SN_CHD_DEV_5","provType":"MONITORING","date":"2018-03-12T10:59:31.722Z"}}},"_value":{"_current":{"value":"SUBS2_SN_CHD_DEV_5 desc","provType":"MONITORING","date":"2018-03-12T10:59:32.002Z"}}}],"provision.device.communicationModules[].subscriber.identifier":[{"_index":{"path":"provision.device.communicationModules[].identifier","value":{"_current":{"value":"COMMS1_SN_CHD_DEV_5","provType":"MONITORING","date":"2018-03-12T10:59:32.209Z"}}},"_value":{"_current":{"value":"SUBS1_SN_CHD_DEV_5","provType":"MONITORING","date":"2018-03-12T10:59:32.198Z"}}},{"_index":{"path":"provision.device.communicationModules[].identifier","value":{"_current":{"value":"COMMS2_SN_CHD_DEV_5","provType":"MONITORING","date":"2018-03-12T10:59:31.722Z"}}},"_value":{"_current":{"value":"SUBS2_SN_CHD_DEV_5","provType":"MONITORING","date":"2018-03-12T10:59:32Z"}}}],"provision.device.communicationModules[].subscriber.model":[{"_index":{"path":"provision.device.communicationModules[].identifier","value":{"_current":{"value":"COMMS1_SN_CHD_DEV_5","provType":"MONITORING","date":"2018-03-12T10:59:32.209Z"}}},"_value":{"_current":{"value":{"name":"TEST","version":"1.0","manufacturer":"sb-HD"},"provType":"MONITORING","date":"2018-03-12T10:59:32.12Z"}}},{"_index":{"path":"provision.device.communicationModules[].identifier","value":{"_current":{"value":"COMMS2_SN_CHD_DEV_5","provType":"MONITORING","date":"2018-03-12T10:59:31.722Z"}}},"_value":{"_current":{"value":{"name":"TEST","version":"1.0","manufacturer":"sb-HD"},"provType":"MONITORING","date":"2018-03-12T10:59:31.997Z"}}}],"provision.device.communicationModules[].subscriber.name":[{"_index":{"path":"provision.device.communicationModules[].identifier","value":{"_current":{"value":"COMMS1_SN_CHD_DEV_5","provType":"MONITORING","date":"2018-03-12T10:59:32.209Z"}}},"_value":{"_current":{"value":"SUBS1_SN_CHD_DEV_5 name","provType":"MONITORING","date":"2018-03-12T10:59:32.116Z"}}},{"_index":{"path":"provision.device.communicationModules[].identifier","value":{"_current":{"value":"COMMS2_SN_CHD_DEV_5","provType":"MONITORING","date":"2018-03-12T10:59:31.722Z"}}},"_value":{"_current":{"value":"SUBS2_SN_CHD_DEV_5 name","provType":"MONITORING","date":"2018-03-12T10:59:31.926Z"}}}],"provision.device.communicationModules[].subscriber.serialNumber":[{"_index":{"path":"provision.device.communicationModules[].identifier","value":{"_current":{"value":"COMMS1_SN_CHD_DEV_5","provType":"MONITORING","date":"2018-03-12T10:59:32.209Z"}}},"_value":{"_current":{"value":"SUBS1_SN_CHD_DEV_5ICC","provType":"IDENTIFIER","date":"2018-03-12T10:59:32.205Z"}}},{"_index":{"path":"provision.device.communicationModules[].identifier","value":{"_current":{"value":"COMMS2_SN_CHD_DEV_5","provType":"MONITORING","date":"2018-03-12T10:59:31.722Z"}}},"_value":{"_current":{"value":"SUBS2_SN_CHD_DEV_5ICC","provType":"IDENTIFIER","date":"2018-03-12T10:59:32.004Z"}}}],"provision.device.communicationModules[].subscriber.software":[{"_index":{"path":"provision.device.communicationModules[].identifier","value":{"_current":{"value":"COMMS1_SN_CHD_DEV_5","provType":"MONITORING","date":"2018-03-12T10:59:32.209Z"}}},"_value":{"_current":{"value":{"name":"software","version":"1.0","type":"SOFTWARE"},"provType":"MONITORING","date":"2018-03-12T10:59:32.204Z"}}},{"_index":{"path":"provision.device.communicationModules[].identifier","value":{"_current":{"value":"COMMS2_SN_CHD_DEV_5","provType":"MONITORING","date":"2018-03-12T10:59:31.722Z"}}},"_value":{"_current":{"value":{"name":"software","version":"1.0","type":"SOFTWARE"},"provType":"MONITORING","date":"2018-03-12T10:59:32.009Z"}}}],"provision.device.communicationModules[].subscriber.specificType":[{"_index":{"path":"provision.device.communicationModules[].identifier","value":{"_current":{"value":"COMMS1_SN_CHD_DEV_5","provType":"MONITORING","date":"2018-03-12T10:59:32.209Z"}}},"_value":{"_current":{"value":"GENERIC","provType":"MONITORING","date":"2018-03-12T10:59:32.2Z"}}},{"_index":{"path":"provision.device.communicationModules[].identifier","value":{"_current":{"value":"COMMS2_SN_CHD_DEV_5","provType":"MONITORING","date":"2018-03-12T10:59:31.722Z"}}},"_value":{"_current":{"value":"GENERIC","provType":"MONITORING","date":"2018-03-12T10:59:32.006Z"}}}],"provision.device.communicationModules[].subscription.address":[{"_index":{"path":"provision.device.communicationModules[].identifier","value":{"_current":{"value":"COMMS1_SN_CHD_DEV_5","provType":"MONITORING","date":"2018-03-12T10:59:32.209Z"}}},"_value":{"_current":{"value":{"type":"IPV4","value":"172.18.19.24","apn":"movistar.es"},"provType":"REFERENCE","date":"2018-03-12T10:59:32.097Z"}}},{"_index":{"path":"provision.device.communicationModules[].identifier","value":{"_current":{"value":"COMMS2_SN_CHD_DEV_5","provType":"MONITORING","date":"2018-03-12T10:59:31.722Z"}}},"_value":{"_current":{"value":{"type":"IPV4","value":"172.18.19.24","apn":"movistar.es"},"provType":"REFERENCE","date":"2018-03-12T10:59:31.901Z"}}}],"provision.device.communicationModules[].subscription.administrativeState":[{"_index":{"path":"provision.device.communicationModules[].identifier","value":{"_current":{"value":"COMMS1_SN_CHD_DEV_5","provType":"MONITORING","date":"2018-03-12T10:59:32.209Z"}}},"_value":{"_current":{"value":"ACTIVE","provType":"MONITORING","date":"2018-03-12T10:59:32.103Z"}}},{"_index":{"path":"provision.device.communicationModules[].identifier","value":{"_current":{"value":"COMMS2_SN_CHD_DEV_5","provType":"MONITORING","date":"2018-03-12T10:59:31.722Z"}}},"_value":{"_current":{"value":"ACTIVE","provType":"MONITORING","date":"2018-03-12T10:59:31.914Z"}}}],"provision.device.communicationModules[].subscription.description":[{"_index":{"path":"provision.device.communicationModules[].identifier","value":{"_current":{"value":"COMMS1_SN_CHD_DEV_5","provType":"MONITORING","date":"2018-03-12T10:59:32.209Z"}}},"_value":{"_current":{"value":"SUBT1_SN_CHD_DEV_5 desc","provType":"MONITORING","date":"2018-03-12T10:59:32.099Z"}}},{"_index":{"path":"provision.device.communicationModules[].identifier","value":{"_current":{"value":"COMMS2_SN_CHD_DEV_5","provType":"MONITORING","date":"2018-03-12T10:59:31.722Z"}}},"_value":{"_current":{"value":"SUBT2_SN_CHD_DEV_5 desc","provType":"MONITORING","date":"2018-03-12T10:59:31.916Z"}}}],"provision.device.communicationModules[].subscription.identifier":[{"_index":{"path":"provision.device.communicationModules[].identifier","value":{"_current":{"value":"COMMS1_SN_CHD_DEV_5","provType":"MONITORING","date":"2018-03-12T10:59:32.209Z"}}},"_value":{"_current":{"value":"SUBT1_SN_CHD_DEV_5","provType":"MONITORING","date":"2018-03-12T10:59:32.017Z"}}},{"_index":{"path":"provision.device.communicationModules[].identifier","value":{"_current":{"value":"COMMS2_SN_CHD_DEV_5","provType":"MONITORING","date":"2018-03-12T10:59:31.722Z"}}},"_value":{"_current":{"value":"SUBT2_SN_CHD_DEV_5","provType":"MONITORING","date":"2018-03-12T10:59:31.905Z"}}}],"provision.device.communicationModules[].subscription.mobile.homeOperator":[{"_index":{"path":"provision.device.communicationModules[].identifier","value":{"_current":{"value":"COMMS1_SN_CHD_DEV_5","provType":"MONITORING","date":"2018-03-12T10:59:32.209Z"}}},"_value":{"_current":{"value":"Telefónica Móviles España, SAU","provType":"MONITORING","date":"2018-03-12T10:59:32.113Z"}}},{"_index":{"path":"provision.device.communicationModules[].identifier","value":{"_current":{"value":"COMMS2_SN_CHD_DEV_5","provType":"MONITORING","date":"2018-03-12T10:59:31.722Z"}}},"_value":{"_current":{"value":"Telefónica Móviles España, SAU","provType":"MONITORING","date":"2018-03-12T10:59:31.824Z"}}}],"provision.device.communicationModules[].subscription.mobile.imsi":[{"_index":{"path":"provision.device.communicationModules[].identifier","value":{"_current":{"value":"COMMS1_SN_CHD_DEV_5","provType":"MONITORING","date":"2018-03-12T10:59:32.209Z"}}},"_value":{"_current":{"value":"SUBT1_SN_CHD_DEV_5_IMSI","provType":"IDENTIFIER","date":"2018-03-12T10:59:32.106Z"}}},{"_index":{"path":"provision.device.communicationModules[].identifier","value":{"_current":{"value":"COMMS2_SN_CHD_DEV_5","provType":"MONITORING","date":"2018-03-12T10:59:31.722Z"}}},"_value":{"_current":{"value":"SUBT2_SN_CHD_DEV_5_IMSI","provType":"IDENTIFIER","date":"2018-03-12T10:59:31.725Z"}}}],"provision.device.communicationModules[].subscription.mobile.msisdn":[{"_index":{"path":"provision.device.communicationModules[].identifier","value":{"_current":{"value":"COMMS1_SN_CHD_DEV_5","provType":"MONITORING","date":"2018-03-12T10:59:32.209Z"}}},"_value":{"_current":{"value":"MSISDN_FAKE","provType":"MONITORING","date":"2018-03-12T10:59:32.111Z"}}},{"_index":{"path":"provision.device.communicationModules[].identifier","value":{"_current":{"value":"COMMS2_SN_CHD_DEV_5","provType":"MONITORING","date":"2018-03-12T10:59:31.722Z"}}},"_value":{"_current":{"value":"MSISDN_FAKE","provType":"MONITORING","date":"2018-03-12T10:59:31.819Z"}}}],"provision.device.communicationModules[].subscription.mobile.registeredOperator":[{"_index":{"path":"provision.device.communicationModules[].identifier","value":{"_current":{"value":"COMMS1_SN_CHD_DEV_5","provType":"MONITORING","date":"2018-03-12T10:59:32.209Z"}}},"_value":{"_current":{"value":"Telefónica Móviles España, SAU","provType":"MONITORING","date":"2018-03-12T10:59:32.108Z"}}},{"_index":{"path":"provision.device.communicationModules[].identifier","value":{"_current":{"value":"COMMS2_SN_CHD_DEV_5","provType":"MONITORING","date":"2018-03-12T10:59:31.722Z"}}},"_value":{"_current":{"value":"Telefónica Móviles España, SAU","provType":"MONITORING","date":"2018-03-12T10:59:31.816Z"}}}],"provision.device.communicationModules[].subscription.name":[{"_index":{"path":"provision.device.communicationModules[].identifier","value":{"_current":{"value":"COMMS1_SN_CHD_DEV_5","provType":"MONITORING","date":"2018-03-12T10:59:32.209Z"}}},"_value":{"_current":{"value":"SUBT1_SN_CHD_DEV_5 name","provType":"MONITORING","date":"2018-03-12T10:59:32.105Z"}}},{"_index":{"path":"provision.device.communicationModules[].identifier","value":{"_current":{"value":"COMMS2_SN_CHD_DEV_5","provType":"MONITORING","date":"2018-03-12T10:59:31.722Z"}}},"_value":{"_current":{"value":"SUBT2_SN_CHD_DEV_5 name","provType":"MONITORING","date":"2018-03-12T10:59:31.917Z"}}}],"provision.device.communicationModules[].subscription.specificType":[{"_index":{"path":"provision.device.communicationModules[].identifier","value":{"_current":{"value":"COMMS1_SN_CHD_DEV_5","provType":"MONITORING","date":"2018-03-12T10:59:32.209Z"}}},"_value":{"_current":{"value":"MOBILE","provType":"MONITORING","date":"2018-03-12T10:59:32.014Z"}}},{"_index":{"path":"provision.device.communicationModules[].identifier","value":{"_current":{"value":"COMMS2_SN_CHD_DEV_5","provType":"MONITORING","date":"2018-03-12T10:59:31.722Z"}}},"_value":{"_current":{"value":"MOBILE","provType":"MONITORING","date":"2018-03-12T10:59:31.827Z"}}}],"provision.device.description":{"_value":{"_current":{"value":"CHD_DEV_5 desc","provType":"MONITORING","date":"2018-03-12T10:59:31.625Z"}}},"provision.device.identifier":{"_value":{"_current":{"value":"CHD_DEV_5","provType":"MONITORING","date":"2018-03-12T10:59:31.713Z"}}},"provision.device.image":{"_value":{"_current":{"value":"data:image/jpeg;base64,/9j/4AAQSkZJRgABAQEASABIAAD/2wBDAAMCAgICAgMCAgIDAwMDBAYEBAQEBAgGBgUGCQgKCgkICQkKDA8MCgsOCwkJDRENDg8QEBEQCgwSExIQEw8QEBD/2wBDAQMDAwQDBAgEBAgQCwkLEBAQEBAQEBAQEBAQEBAQEBAQEBAQEBAQEBAQEBAQEBAQEBAQEBAQEBAQEBAQEBAQEBD/wgARCAGQAZADASIAAhEBAxEB/8QAHAABAAEFAQEAAAAAAAAAAAAAAAYCAwQFBwgB/8QAGQEBAQEBAQEAAAAAAAAAAAAAAAEEBQMG/9oADAMBAAIQAxAAAAH1SAAAAAAAAAAAAAAAAAAAAAAAAAAAAAAAAAAAAAAAAAAAAAAAAAAAAAAAAAAAAAAAAAAAAAAAAAAAAAAAAAAAAAAAAAAAAAAAAAAAAAAAAAAAAAAQUnTlnUwAAAAAAAAAAAAAAAAAAAAAAB499hcLPP8A7z8s+pwAAAAAAAAAAAAAAAAAAAAAABxjs/GCG+mfM3pkAAAAAAAAAAAAAAAAAAAAAAAcY7PxghvpnzN6ZAAAAAAAAAAILpuIQ096Pn0AAAAAAAAAAAcX7Rw8h/qDyh6vAAAAAAAAAAOFwzoENPTIAAAAAAAAAAAHBO9+eiC+v/GnssAAAAAAAAAA4xDZlDT0yAAAAAAAAAAAxcgq87+iPO5zz2X409lgAAAAAAAAAHGIbMYOeoAAAAAAAACOkio4tGTsUIs/DS5mrHQYFb+kQ9fefJedURmRFwAAAAAAAAHD4BNOdnr8AAAAAxjJc7gh2vm0KlxDL0/05sMeK2i/Y+gfQ+Wy79xfhmZun+nQJZxX6ejr3neVHXkRk5fAAAAAB565z0Pnh7LAAAWeQnYo7yvVkxjGNcN5fitJINPjgUFX3BpM3GtCtjWjM+4X0zWJUZCzUXftuouV2qi9ma+om0v45UeicrzrJjsiEykzQAAed+edD54eywACg1XmjsUFOMTKYRElX3kW5OhsS2Z9nVVl/wCY+MbDFs1D79+ipUPv36KlQqVCpUKlQqVCpUKlQvW6iRyvmX07xm8A3p2JBpWcF550Lnp7LAA0W9hxz+J7jTi5R9M+DSy2cJwZNgkU10u1hocuzryVb7mw7fLvMV49SVcH6cSyr5WPv2o+VqhUqFSo+Vfaj5V9rKaqvp8+tQbjTwLZFGv6zLU4bt+1Xl5Rn9RjR0rZeV+wHSAIXNI0cY11usrqVC9brOJ4tVmS9XifLdjYx7ho470W4cpdB1xD7/Tpscz7VgcrO4VYWeKlwpqyskwsjKrLN25WU11VlP1AjM18t6ERST7PKTVZu3xS7HoZzMkfPZTG1k3ZY9ITpgGv2GKeWYz6P42WNvzbKOj1x3eHE95o8PJi2+FizPNmiFMljWvZ9y8XJ06usdR5b1oh3NumcHKIbpcAnfoHyJ6tNzmXKyzYt0cnjZv3X53N5mwu67bd/wCipXYhp1aybWuhlvMyc1Me7qOZLPOUauRGhkt60cz6RqOhFOxw8w6WADH00h+HKuZendUePa/R/NDgX2QQ4233X5hd+qinKsZJ1XrHKOsEN4j27hxroROxyvvPLOunWbnEpeSrXynI5PGj1O9zsHP12bXV3/o9doc/pXt7XNzTEyRwKB4xTn7S6U3KPh9fai5MYVYOg67mPWTo/wBt3AAAC3rdsOfc29D4B4rg/ufnZ5dzptADYZWg251/rPJetkL4f3Hh5rqvn0v+ivN/oQmUBmtaed913aODL4x8XtVWu25ur8IgBJIxuNiWshSV0qj5V9zjHytTBTf6WV9YIn0rMyh9AAAAACnDzhEIB23FPIHP/ccFOQ9n5ptjM4j1HkJR9ouD0T539HpvqlYqfbLuBm2l88ZG7kUun3qs+vn0VLpbyrkeN/BLPQSCdclcgMDZ1gAAAAAAAAD5YyBHoV1W0eaeSe3IgeLc/uHKDD9L+TfRZ0arXbFPtfyuxh5uGvIJNo97L9fLh8rvVlWLqss0e9nkxI5Lsu4fPoAAAAAAAAAAAALdwamK9AoPPMK9Wxs89TLfQw6JteKSNOm4WDfrl0hjcnl+5ON8LNyZyki0s22WWb/0AAAAAAAAAAAAAAAAKahiavf/AAgsO7PjnnDXelomcAnuz6eQ2Z7PKMXMrAAAAAAAAAAAAAAAAAAAAAHyi4LFdwfPoAAAAAAAAf/EADMQAAAGAQIDBwMDBAMAAAAAAAABAgMEBQYHERIgQBATFCEzNTYwMVAiIzQVFiQyJWCA/9oACAEBAAEFAv8A2vkeWwMdFBn8C5lfkM677+54fe+LL7fj9UYcfwem0KPKvPyGqPs+l3vH5DVH2fS73j8hqj7Ppd7x0uR5bAx0UGfwLmV1OqPs+l3vHS51339zw+98WX26jVI9qbStW930uqMOP4PTaFHlXnU6sq4aTSNfFfdLqj7Ppd7x1OsSuGh0aXxZB0uqPs+l3vHU61Hw4/op55D0uqPs+l3vHU62fH9E/kHS6o+z6Xe8dMqVHQojJRDWz4/on8g6XVI9qbStW930alpQU7KqiEHr62tDdNaXI9nNjCNlbpDUwzyWi0dhSoeRdLqyrhpNI18V90Nhf1NYU3PX3h3V9cqi4/FhplWLaS5I8t+K5FymQgRsgr5AQ424XRaxK4aHRpfFkH1plnAgJn6gRkCTb5JcnDxd102qqurkv3SEE6+8+r6DMuSwcbJ5bYjZFBfDbzTxfX1qPhx/RTzyH6b0liMmdmtbHEvIshsw1jsqUqNjkZgjk1UISL19YccW6rl3IgbrZDxDY8QO+WO8dHG8ON4Mzpsc4uVTWxFyaA+Gn2Xi+prZ8f0T+QfQUpKCl38CMJeSWb5/0+RYON19XEH9ThMBy6lqDkh57lUtCQclI45Ch3bpju2SG8ch3yCHiFDv1jvXB3ix3ix3ix3ix3qw1NkMnGyiY0IuTwXgzKjvl9HWz4/on8g5nnm47SNRqyxXIs5kobmCVsDfdMuVS0oBydxwvrHAwgeIQkG+4Y3Uf123nWji5FPYEbKIrgZmRpBc2tnx/RP5BzWDzRtZBp5WLUdhlGOHXZPV2IIyPlW8hsd4+6O6bSDkJSFOrV0yFrQca9nxxGydlYYmRpJdutnx/RP5ByrUSEyZRmcmWtS0yCUVjh9LZhcLLMbOuzKDINMuMtK58NseNS+CciNhUviG+/VoWtBsX82KImVRXwzOiyBrZ8f0T+QctxJ8PElu/oPzMEoyCJJkLmprrE/6LHSTlXGQFsIbCuJI8VJSG7eyaDWTW7QYzR8hHy2sdJiVGkp6WXbwYQfyOY+fg7OebNRJjhqfaxTkzWb2LiNRWYxaMWMORy5Me0SSrdPITBLOSg/EqhpUF1CFB2jfDkCW0DIy5G3nWVQcqsoorMjgWAL6mw4THCobH2TrWJAJ+0s7Q4GNOunCxtpsM1sdsigtLCaSMoHWwIyZ1hEbTIyRht7EpUp7kyo9oLp7p5EHsJjn+Z3w70E6OMjDkZh8n6VJh+HIj8iGXViqyGfVqiymJjXMTajBMgmkgkkNhsNgeySnW5rOJjpTFwscjMEiGlsEgw2wZhLaWymXjLRXGTNsOWq5ckY/WoiNYp/L7chY8RVFJTsSiPlm/wAwm1nyEowTg4ScD1D4g/7anoVDxYzEXHmGhLpq2QwTkzFp0OWzOY7CSZhLIJBENhsNhsNhsFrQ0iXMfsnKujJIYjIaIiCGjMJZISJbEYry8XHbORcXQebg49DpYL1jMXHSxFxT+X2yT/Re18qBJZsjI2JyFhLiVdsvymtLQ4U8myCIr6yNCkH2MH+5UElYZiRlNWMZpgSromzlZAJtr4lOK3CoE0ghkEnYKUhtKHnXh/nDvloCTSothsDMklLku2b9VUJbJtskklBmEMhx1mOmbbfplZKqYqNUGayIW/HOsqCEllub6GK/y+15HEVnWd8VpjZ8TkaXENixUkR7BKg26lQm/wAzsiymHEWbkdTfYx6lOIx/t3J+VsymSqXGfjrBHseOySn1Ow2Bd3xOSX3jSkwk1EGPJ7YbC2lKdXT1ZJJtrhJDI4UNlJtCSLTJY7LhRrO0NlhphBIGxBFeXiYMc0osEmljFf5fItolCRXIcE7H0OCxxjYPQZcQ2LBbZvSCVJJRGC7duxj1KcR/TuvtMP8AdcaQ8idXrjGMBsYqIJeY2EiI5uhbe5GgG82RxIjjJ7CY/wCGj1MFT7saJwJQ0RCROZji2vmIyXJ1xcqhVsSCRJMxuSR9+xpXAqBIjqFwlPg8YcLxpHvzKbJQfgoWJtE24LHGBY4xIZUtD8ZSHwlZHyMepTiP6d19pvqgyJRWFWbYoNOo17jLxZpiKqnNKqwCFJWSiQ4PCV4bNLJfcbCW0ubKrK1MZt15mMmdb7IlZFKnLj1DSXSLcbJSDMz7NuwyMg682wkrJ+xXQxERUI+3OaCMPQ0LEykbcFli6FlY4m40bzEqIaHwlwj7GP8AemEf07r7TfV7CMYo4TVAbhLFzg1BdB6hzPFFVWfQZCmH2JLew2GxivgtRkyLTYrTJmmXTr5VmtCENp4dhvyNtLcPdiOLG9QhTFdOtXaqiJoo0YmyLy+kaSMOxULEunbcKxxlKys8RNByIUyEaHxGdI10xiP6d1/rN9Xtxv2YEEuGQtsZo70pGC5HQLg567Dcg2UCyaLyFvfRq9t561vCiQo8Jsi3G+3IRGoyZQ0J9szGbclWFsqpxokiDUoaJthKC+qaSMOR0qEqpbcFhjaFi0w8t11s2C5RyBEeI27kyNM31e3Hi2p+QlGQn1tbatXWFpqnqmzzKS3CqmYp/ceRD79m3YhgzJclthMu7W6qBQvy3a2iQ2TENDZEki6HbcLYSoSaxtwT8dQsP0j8JcS1Q2LaTumU+Rukoj7aIv8AiOV0+Fu6dWtxtPAjlQ2pw/2mROt22j8NPtV1eOpQIlahokNknpdgppKhIrkOCdj6HBPx95BWVLOZWTq0GiQRglkYpPaeWX6MlHHP7dgRGYJpKBJmoaQt6ZOOvx/zhVCGw1HSgiLbqVNkYfgoWJtE24LfEW3im41LiBK3Urp7MmojMttwEZHyS/Rf/TOGxn2IaMwbyGyXLceVGplurh1CSDENKAlBF1poIw9DQsTKRtwWGLoM3a6ZENiyeYOHdkYYnNuBKiPsmei952ASk1H+20H5fmzVyZZxKpKCjwUpCGiT+BNJGHYqViVUNuCZjqFCRjzrZ8U+CcO8EexacEtxJsKPexLYLeS2liJMniFTMxwzCIg2wSQRbfhDIjC2EqDsBCg9VIMTMUjuiRWW9YHLxRN10k5Nk33slcHHkINuMQQwRAkkX4k0EYUwRhUYhZ4rV2aYGAohSo0BmMhLQJH43YcI4ASf+i//xAAkEQABAwIGAgMAAAAAAAAAAAABAgMEABEFBhMhIjESQCBwgP/aAAgBAwEBPwH9KEgd+zLhiUBvan1vYcwkNjyqHIVJa1FC3znYuiKrTSLmhmNYPJFRJSJjQdR683B25StRJsaRlvfmumGERmw2319Qf//EACMRAAICAQMEAwEAAAAAAAAAAAECAwQABRESISIxQAYgcID/2gAIAQIBAT8B/pQkDz7NqqLIHXbJ3loQqIxyypObEXNht97mqpWbgo3ODX3B7lyrZW3GJU9e5pKWW5qdjifH+ve+QQpXQRp4/IP/xABIEAABAgMDBwcJBgQEBwAAAAABAAIDBBESITEQEyJBUXTCICMyQFJhcQUUMDNCYoGhsVByc5HB0QYkY4IVQ2ThNDVTYICSk//aAAgBAQAGPwL/AM12w4rHRo77xDadXehJRpd0rFf0KuqHfH7Rm873Wfu0UHMeszjbPjX7RlZ8Q+fzuate7QlPiR4doy8HOM7nVH2jK7zwlTW7cQ+0ZXeeEqa3biH2jK7zwlTW7cQ6s2HFY6NHfeIbTq70JKNLulYr+hV1Q749ald54SprduIdWm873Wfu0UHMeszjbPjXrUrvPCVNj/S8Q6tKz4h8/nc1a92hKfEjw7Rl4OcZ3OqOtSu88JU5uvG3q0rvPCVNbtxDrUpvXA5Tu6cberSu88JU1u3EOtSW98DlPbnxt6tK7zwlTW7cQ61Jb5wOU7ufG3q0rvPCVNbtxDq9h8dgdsqqg1ySW+cDlO7nxt6tK7zwlTY/0vEOqWnuAHeizP52J2Yd6pAYZeF3YogvJOs1XNx3KkzCDu8KWg+TGF8WFMZxzO6yVPNmYDoZ801j329Wld54SpzdeNvUv5qcYD2ReUYfkmS/vifsqzk1ELT7OAWdmXAeKzMk2y3tcnOwX2XYVVJhger32D3qsN4d4dTlN64HKd3Tjb6e3NzTIfiUYfkyWdHd2jcFZfGMJh9mHcrcap8VajuaFYkYVPeKtRYhcfQ1hRXBUjARAqPObPerUKIHeHUJLe+Byntz42+ktx4zGD3irEo10y/3cEWQP5aGexis5Mve87XFWotAqNo8+6rMu0Qh81aiPLj38q8rpLWrmFXQivVr1a9WqwiWqkeFbCpErDPeqwojXeB9LJb5wOU7ufG30NpxoFc4xXbGKzKtZBbtOKtzUy6KfFc7FbXuX8vLV8VRllngFzkVzvjyb3LRBK0WUWnFWk+qubVXQ10RkxXSXSXSWOSsN5CpFFsKkWsMqsKK13x9FJb5wOU7ufG3lvjxnWWMFpx2BPheSogdZ1uuK5yMaZMKqzbu2DlaRoqQ2Fy0n2VpGpWgxbFefT1hxC1Ue7ODvVI7CwqsKM08uS3zgcp3c+NvLdLPAdbFHA7EZnyLGMnGxs10f9lY8pSxmIA9sfug0Rs3E7L7ldybytAWRtVqK6p71SG1Xnq1WOIVM5bHeqTEOz3hVgxWnkSW+cDlO7nxt5RedQqnRCcVirMQAg7UYkFvmsXtQ8PyVqE7z2WGy+5ZqcaZaJ72CtNjsIPetKYZ+a0IzGt8VXOtJ8VoEBXnrdWOIWnFq33lzgp3tNVzUZpUlvnA5Tu58beVSnrNHk3ouiy4D+224ojzmKKE6166J+a0Y7/zV0Z35rRmYn/sVoTsX8168P8AvBfzEq133Sudtwj3hW4EZrx3Hq3OxgXdlt5VmRl7A2lVmYr3dytQnOae5aWmmyPlaXe+G02gHaio3lCAYliPBzVk6rwf0XNxh8eTCP8AU/TlxmVuER31XrHL1zh8FVkVrlpQT8FeORahRHMPcVSK4Rm+9igy3movZd6bArArDJzr6v1NGKzcEZqH3K1EBK0mroBdBVMNWntY0d6LIDG07RXm0jWYj9liiw5lxqGh1Ca0PIhn+p+nLj/iO+vIvWlDa5VgPp3Fc4z48jQaUIE61z4PvYhCNLvDmn0F5WCw5FTcjAkhU63rOx4dSdaFGrRAWGSrrkWSwtO26lZiPfHjOwYy9N/xCM6Hb6MtDN/9yzrYQbVTP4bfryIwA0mi0FQ8qP8AiO+qqGHk3qgv7lWCwsd8lSLDNNq0mrSARgx2DuOxUa/OSzz8k2YgOq12W5aSuHLMSIaALMwKiF9UHParhyKYu2IxJ2MGQtQC/lB5pLf9R3SPgjFay3Hdg517nFGZmDacTVUaFM/ht+vIIOtRHwmWoJNRTUqFYrHLGP8AVd9VVpQI6StNhkhUe2hyhAPaCr4LSi6Xu91FpNCrnIsfeEJaI7mIxp4HJpK5WnuAHeqyspFiDtdEfNf8Iz/7Bc/Lvh9+IVWmoy2nXALNQqiEPmgS1UAy1iOoiQ/NsGtOlvIrM9EwMU9Bq858pxzNxsRXot8ArlY9iFcFWi+Kmfw2/Xkm5FzW0KvBIVCrysVH/Ed9coFoAgYFANILu7KEMhRDjR2pwVIt/fqyVCgTJvdZo7xyvmY7M5YdZhMOHiVzkQ5MVYb7V9MvmUE/fQcWqgGS04gBWZf80YLXmYmThDZerflmLZhaoEP9ShDgw2saNQCq80Vyc6mJqqAK/apj8Nv15XRR0ES1qwJCo5RTtefQDIclh7agq2zSh/TI+Tix2tiW6taTqy52ALW1qo42TsNy6QVkG044NbeUZmaFl7hZhw+yNpyOia8As468m9AUyUbpOWcnZgNGpqsw2mSlO0fWO/ZcxD0ji83uK7lo/nlqRVUtgeKLmkYhTAB9hvoOiugiQxF8Gu2hVmMwt5QQyHLQhGPLjR1jYpbynCnHy848uNcWm+5UnIJmpYe0NIIQ4rsxFOpytMcCO5UjQYcT7zV/y6D81SXhQ4X3G0V+Rsuzosx8ULr1V5+CLnPEKGMb0ZfyJBtDXMPuaP3Xnc48zMz236vBUCvvKvyX5LwrcR4aAsxKlwha3LQbecTt9FguijzdUXQKt7tSpGhkd/ICGQ8mXhsuAr9VR4qCjEEHzWMf8yFd8kYvk6KZ6VGoX/JZjynDdKRcNLBCLAite04EHLcs9FpU31VmAKe8V5vKMdNzJ9lurxQmPLMa1sgN6A/dBjGhoGAC0lQXDLctEfFXc4/5BZuFz0bYNSESccSNTRgho+lwXRR0EXQQWH5LnYZptGQIZDyZfw5B8+k25w/5jbnJ0z/DHlIxoeOadj+xXmf8SeT4kvEF1sN/RZ6SmYcVvulVVuZi1Psw24laZdIyvZHTd+yzcvDsjWdZWwLR/PkUCrHP9oXOPDG6mjWrEAGDB+ZQJYhorD0+C6KOgi6G2we5abKt2hDIUeRLfd5Wa8oycOM33hejN/w75SiQHj2C79U+Umwxgp69wv8A91nYj3R45xiRLyrltV+S/JaebLVzeiNbijC8nttu1vOCz80S9x2oaKw6nguijoLOQB8FmpkGE7vwVQa8mV/D5RKsA4mia3YOVohdt3yVmuciamhc+S1nYCGguj1fBdFHQREMmmxF7W2grLwQe/LK/hjlFQx72W7LWMfgtJwYzYrEu0w4fa1lVLanaUNFYdb6KOijWHftCJhEupqWbLTawooMBx6DQFjySof3sl+S064bVzd3vFWJVtt3a1LOTBMR3yXRWHX8F0VbbDv20WjUhUfUK8rHKVDHvZKBdpys3vfqaFamjZb2AgGsoFh9h4LoroKsElq5xhptVHFYq4qH4q9Y2QubbmoXaOJWi2rtbjisFh9jYLBdFF0KsJ+1uCtWDFhj2mKy4pt+FSs1Jw847bqCEWcOdibNQWH2ZgsFz0Cy7tsuKdEM1bhHVrQhwYYaP+9//8QALBABAAIBAwIGAgMBAQADAAAAAQARITFBUWFxECBAgZGhscEwUPDR4WCA8f/aAAgBAQABPyH/AO65oBUwrktpg0FXdxgZ/sdx65+hU3/tOuKpel61/YDCCsOrhH3IGpi3Siv7f7H6yf3n9j/WT+8/sf6yf3nps0AqYVyW0waCru4wM+q+sn956b3Hrn6FTf8AtOuKpel616m4dE+7D02MIKw6uEfcgamLdKK/t9VZ+mdM6/TH1k/vPVdt6YUJd/pj6yf3nqu1dMGoeXpj6yf3nqv66H33pj6yf3np/rcIblcQdx8ProffemLh0T7sPSbcC1VUfoljmd4vcdtU7wsx5DcVEgbXiVpTsMOEFGuP+Ul/aTS9MWfpnTOv0JdZYo6hfoI+scSPBbD9Mr6zLCHbjXL2muXxLMjLAqcGtcSmObphlIM+01qTyv0dt6YUJd/84rBHc+IxsM138ziBqpUM2jqu2Caxs6vtKlOh/BO+tH+DTSCqLwyr5YdZWK+FK6Lq9BaumDUPL+Qaie4kdfY5bvEqGgBo7y7p6qWFEI5xCcJ2FwN5J1hYgbq/M6YO7NWMdi3tKOvlkF2k9NDgS9S6Mp+rt5Rs/jiAyj/KfXQ++/hFIy1VgKd8H3GS31I6kxdwh4vG2TEFIzfGDtL7kavvHlaLE0bs2p3zinaf9un/ACibSnAEt4PbwvXTqocqE50PiXiPRleTrayk7oyShc6fxProffecCiunQNWPiHVNnUHaPN9bDFNVl+6LrmZkHaE6vlCsYsWjmbOHBNb35jgfqmiJ2R1qypUCBAgQIECBAgQIELMjhlJRdpqeYjJDlp2vPn+uh995wgvUVltmA3rQJv03jSLXWx2fuGBN1kAtCeXmvg1j8j2s+yZDIODeDxqVKgQIECBAgQIECBAgQIECW4vRlIqG2crkKAG67XnyfXQ++8xomsplVNY5p1Ny9gWMuCXPI6xeF1KvZqQdoq83fb3gzTwhhFn4K5mg5lW2Zt18LNIRzeYp3YyvCpUCBAgQIECBAgQIECBAgQJUDyW6pwwCxLZwoB7AhY2m10z6aH33mLjWefEpVMVj4aWwuoX59n/9IY96rRhSZzS3jSvUXL+ehoX2hoQ73/MvBucLGaE5omfOBcfUNrkCBAgQIECBAgQIECBKgSoHkxUACr3hswFnlj4gfVZJBphOSma7HPFdWPZYVNYZN0uCTLdlTLHJ5P8AWdURfEJUyM1mZYIV3TVwuaD8xA2M+5eKQ3yiNIPXyFjjeqKm8Z+yFoU1evh3lEsgQIECBAgQIECBBcMP/Gh/5Uq3So30TdqXhttrfeAnDzABCAg+CYavxEKbKRhvGzYEypVFrR+92ji1vmLU8nSQ/lBevAgQJZuUv/u0FCdwahpnxK57RmW1nBDLXDJ5GolWZ5U9GAdexIECBAgQL0m2V3h/8IXlB6GEkEWjgMqzbDlH4mQLWrWJFDCaitVhNUJbYBqsp2eL6IMY9Zy+0f3KqKcqOKQ1qf5HLyMDPwrX6jLE0ZhAgQJ/n8odYnaaa+Au0BLcZQw7LdL5D6ZTGItAYZQPzQQYka7Oo+SXSVlu/wCjCrm+HiBAjNC5uKbQQkgggggkJ7VlOhtde6EZCDQScJNghNSJAnGm8MS1jIKuoYeiEGxPnjG5WRYbqUk/yOXkKksFJGaIrqHDL2/MEBgjEECUWLBPvAoq44i1W+tcSzuaMu04k8WIBd4CV4lNElTymr/UrwGozUjrao4/Kj7bBekRz8IQoVGRnqqE9S59sAcvbzza9/pZCZE3IQQ3QBaszKPB+UzNoOg2Sb6ShDo3Y4KNa2sRPPWU77wTbsMAFCiHVXFdd5oJYafZP8jl5LUj8hLJ+QmPo3I4KkoyFOkf4/KaZGbxEVYtW0vVfDw8o0+HhTkJDJoOh1eCElJkY41trowwkhs8tjqalvECngvEdAavKiFVaNMQggmytx+JmLQwgZ1Jg0N2XdCmr0mCE2YvrxF5brdRX3TQzhSIIYHjdlKt88sdmvCKCmmyf5nLyJcGyQJsQqg+Iqo3kmHgS0SJzLk6n7ZvnlKZpQz+Lweb3jQ22iwFN/28Atp1O+iAFkIttSste5LWs65RCH7YY2IFnsS6bti1Nep0hBcQp5ZXlTZYRkC2wTHxmkY7DLl7G8ZOT0HoQj5XNPVmd05MNPt5RVWtspglQTVEdsJdg4mHIOt8soX5UGHaQdsQxofENwT2iHWVULs7qYgOrNwgw8QZ/F4fV7wYoAjqMPsNe/8A+JswuAC0aneC0fv1d9T3i+mzTL6MMPGRUDpvSX5hddv+dZSKutC+dZlWrhAerAEkYZlMd7DViDfWmmJsRz4ji5na5TtbRVRcPoLaaq9vA7HSXijBNQCJd8SzPEsu/Yhm7d9Yv52sP0g7ZhDj8Q1SHZJYiciKHQ9k5WbhBHxyMO0Mxn38Bh1TAUMKG2UvCYiJYzdAVOTy6GcpBBh1edOIMsi3L3294Qh7thIQRdjVESDIUJiAg63T9+5tKqQbXXdgwxUCggMnXTeLqjoHgC9DmFH7Svd5aRPoDdgvyGDTiyIL0WaO66Q2BBSv4tsgjZijGY5o9J0QQPwiEoesTnZmaE4s/H4XV7yvAlw+r8wIkmoTBTMHW9zX3l1C5VPgr/hLfvsqscrruYhBa3tTuakyHCWHPyE4CFr43dj6sUQamonK7xRfuMBpe7WdWGcBcoNcsowr0get21mIqX1UWWzfa/UzTLlXVmCkIBABp/LsEHbEBcITQ/ECm5Tj4l3YmTGbAudpnGfa8anzv9wIECE3yI2Y6Ls6kyZ9vHsD8MwNwPmCsQ61274OICqFwNfP6iqtTSex0nQ0nf02N8Q6qN1bGif9gDL69B2lmH4hCjNp9CnVCciCOEJoPiJaFbjDCNi71feAoQmoxBmbxDwq7aBAgeATthLS9JDN2jwvFGDjwLdPmFGnzK57kOmfwlyODCFjpo+8CuSukCYQfBNPSIdYZkQJsQqg+ILT8EfPvhrK2FqCprDCdZWm5BA8AhFUbaMVfjwqXbQthyyxCgtgftTqxQktBqy3Bbj4IQGJlyLDMHxDwQGj1CDD9IO2IZQ/Ew4bNQlZzuGZU/tkM3Cz2rACjALGBAgQwVo6JoXDgDiHAQWzroyCU1gxfvLRD3XHR2JWrB5RgOnrT9IO2YA4xiE95MRAgf3SUZMMowPD4rIpqU5uH+KiYOQjCK2f3w4gbBBSQsEANP6DZIE2YI4y0ofEQNONoaFe3JCxCKYx8w1Po36hWqiMLH5Y3m3D+AhZnOQpUXAUD/SNkmoCXuMvSqPSVZ2X6Ebe8B8kstHhm24pMrdz8hm4VCMQBUJtM2z+oQZsniQkwLxnk4JSq8XC5/g1hm0I2lV/WIYmV4gm0AP/AIJ//9oADAMBAAIAAwAAABDzzzzzzzzzzzzzzzzzzzzzzzzzzzzzzzzzzzzzzzzzzzzzzzzzzzzzzzzzzzzzzzzzzzzzzzzzzzzzzzzzzzzzzzzzzzzzzzzzzzzzzzzzzzzzzzzzzzzzzzzzzzzzzzzzzzzzzziTzzzzzzzzzzzzzzzzzzzzzzzxTzzzzzzzzzzzzzzzzzzzzzzzxTzzzzzzzzzzzTzzzzzzzzzzzzzzzzzzzzzzwjzzzzzzzzzzzyxzzzzzzzzzzyjzzzzzzzzzzzyhTzzzzzzzzzyzzzzzzzzzTRDDTzjzzzzzzzzzDzzzzzzjDSTQhCyRBjDzzzzzzDzzzQChRgCRDiSzBDCCBDzTzwDzzxwTTCjRxSBTzzzzzwARTTAjzyzgTwQBRywQhCAADDizji8AwzyzTChjTDTTyAQhTRwwQRmFEQzyhigTE5yTjCzjRGItTyGxDxSjyzyDxxTDAARTwznyKyQAzghCRTzyxjQDjSixhxe8zgTARiAQwRzzzzzxxQBAzS1tVRCAAgRjBTzzzzzzzzyzihjAqlyQAgCSBzzzzzzzzzzzzwyCTzuxyBhxzzzzzzzzzzzzzzzzzyxxjQwRzzzzzzzzzzzzzzzzzzzzxyzzzzzzzzzz/8QAJREAAQMDAgYDAAAAAAAAAAAAAQARITFAQVFhECAwUICBkaHB/9oACAEDAQE/EPIt+iFcmuayQ9j4UYa7kvGkDHuEBuZhv0bc5Sy66BQcI2JURYODgiotytx1yCqt8bCfsoeTBalUT25VOAuRcMm77//EACMRAAEDAwQCAwAAAAAAAAAAAAEAESExQFEwQVBhgaEggMH/2gAIAQIBAT8Q+xbaMqTWD6NdAefShiHcl4xA28wgZ6x+jr5mDZrgKBJHRUFAOx2ItyZ5VwVVujoT7QWWDkKJs24QCNw6J53/xAAtEAEAAgEEAQIFBQEAAwEAAAABABEhMUFRYXGBkRAgQKHBMLHR4fBQYHDxgP/aAAgBAQABPxD/APa9/wAfZ0Lt1dsK8Rp70cDdg4CZ/wCjxHv1bL1rPcUfAa7qeDl+a/6Bzc4RXaKGnbM1NfHpGu6FXD/6s8+fPnz5v+Ps6F26u2FeI096OBuwcBM/V+WV/TTxHv1bL1rPcUfAa7qeDl+a+pJaSZjov02c3OEV2ihp2zNTXx6RruhVw/VZz1KeR7p/+iefOR9SgufB6/6P58qDqmTcG1/8J/z5fv8Ayyv6eSzpoZ7IIPVgkfU+pfvyWkmY6L9JhB6xQerDxdAF8MCMExwlMva2ekeEeRputhV8q7aeGG4qDpkwbFsIsmzFVznsC6Y7/TZz1KeR7p/oRAUANViwFwFd4yV6y7B4yL7B+WGUpqwOKYg8W2Iz43YdKi9Qv2eYql1VtXea5dJV5Y1sD1L5RfgVxs8WGOojccpYIRrqDgfJBJSsRw9Po8j6lBc+D1+v7EPjt4GZXdFF9hqiBIuQy2Uyx+88onq5jFMWU+hqY9LmKl/45jBSb1g8GhA3Z50lXA5+IXC1lTHJ6ulr2hJt1CveQZragu3mEkfcX6BQdUybg2v6n5orJH7w5AsK19mQGUUUWuXv4qGXnaC94DILVg+8scHVTLt0iBzgOh50IkTrWKdGsD4hUzHhwmEX4zBP2MHpgh98G/4h+UXBP7/5g2/3P5hEU56ipg4aJTzMRHWWW8zLGYQft9O/flBm6YIOVWBGXaomOchVX5cEUm5G16QwRAAU4p7DSGX4mAvZVsMF+mYerHt+2avbSZXqdE0wawPeC5/hc+0u+PiiaAd31feOWo3P9I5KLfn7Q1ovV+8AUatLoimkerHRPiizh4CH9IQfX7c/+Ahs/sIfVXmBYRu5DSfhvo8wEz9UZPMGr3Fft9E/fsA3mgbTwERX0oqtbktmKiQowA4iFqe2YKZpWntLuGbGp8BFVUtdVi38NZ4lRt25YPcgKI5qHyy92TI+xAPeJSYszpHL82wg/VAAAAOCixclf2BqNeZdzMLZJRhl0J7Jrk/Wfv0klNKVIOtm0Zwh8NeV6nCnUCLCiJrgQsc42w485csxouHLswU8aI38Fv4l0TtzKYUW8omtKZXA+kolxopR7S3FF0EC4HtCCD9EAAHR+gAAHDXIsVP9oLZgC/och7Tbmsk9uv6b9+jAMDwFx0u8dOCCtQ8x0RKOB2Os0hMAC1WmMu5TFmVzoDLa9/MHckMZ7ujwIUhrVCe8ucksGfAuWrB30HvKBU0VD0XMjqAVFzW1VuEBCD9MAAAdHzgAEIwAIECGtDSxUJh+qFAdsWVLVfsU1jFnQz7DGLjZrnz7+pLUVq0KvsMre3HdbthiPC8shZUdOa0LXdTHquMCiZBYRwYcEbqroQfZrnMWaLd1/uJhbeGh/eYsg0pfmXeYKpPzQ8AV6Z4qpgWRlu98I/vBmRg/clocjxs1L2TZgHT5QDo+B0fOAAfAEKwAKIECssDTMUQTrGnrCAI0H64aENzOph9GJTrzdnmoaF8ylZwkDIG1KZNvQ03jRIFavZtldxEaV4h7wAII6J8jiNYERa7x8A+AYSgXWmJqcNiRK9ISomqzooB6ShZW5s/ptN2ABr5xOmJCn5HAFYxX6S2gcHA6EH0OEs+xFEoiWJ8Do/SAAAfo3pF6N6p0rylDJeRgtyCxZyrG18esW4E56u9UUydrdWX+ZW0VCSBh0PEHrFyRyXbQCCUgQAnR+ZuKKAHnRHbKct4yEB4KPkBq/s42suyBvBKJyQTBvGzmWkjaI6kMSwNxph9E94P9xreDVAfG/tGVsjrngZWw6/yvxBWgtYLtt4QSGqUC1pLW7DicR0RdJs/MADqgr1KPSjUK9CpS/ebmmHwQuJ1ToiCZqFAQ27Ky1f7vCKs1lntjwSppLhVauCmBF/ojIrEh7tFBHA2KFJycxDyNWWhTQg4rXpZDodGYuDpRm33q/LAyi37VOf7kqV4yzMm+sI5uWfAzEFhK4CCjbiKQImo/A7lFdWMAQ96+8MR7gjf4Y9tw1ezs29IFp6lnxMt8b4QR6uSBfVDK2icxmUgYcmaLwQZamxzRlcJOj4FgKmn6EhYB6MwuJ1zpnXOmdMsk0bAR3TSqzt/hLrmC2Sl8GxHaJIl4QwrYacGHunviClS6UtjlYjX68l9nG7GXOkChqosDVqajbT76HBAiEOCBLPkBhV1BhEpJnxcWhujqBHiOTBgAbe4aSblUsZmIrJnHIYI17TcX0SUy9C9di9wMMLoqzq41JNaT8DqZk3IchxvVNeYhEfeGrJUNPq/EdE1MBIrXm0Z4zVzTsxJwOgJgeLaGYOq9K3lBiP8AMwYEdQAy3SBOG2hXsYs7LgQMdn2QYckoH7tawk4WJYzrm7UR6JbAEJPQw38vxAvYDkgoiuCOhnAKi0tKwZ8BHrOEpGqu0A3FCRWLd44IHE3Gi8Pg8uYCIGACggQoBslZXmGiEDNQcDT935cGCNSAZejtMtyWmo3EHQbj8wcjDwLeWAhNxCwyhVYHkagqFy3vBZYIITUWgmOd4UQ3Lks3eXbFf/YZyQnE3J+KAGYz40g5hbNYjJ0m5EC5Nq/wvXwSMsBqJoymYztv4y/WdU64sKGT93RgviBExQaArYMVEBRvjiUtqOFsqIgYsBhtQ2nROiBGFHdu384GjQ5IYIoqUrAU1CLRC9Hg8PEYl63T4sHtiUJcnCAyujEJk1DF6EN3HTV4iVcA+RnKmVa3BWiDSLan88ZX8gAKSJgW4HIvqJSLuGKFaBTHSp8N1DKspMIy/wAmaA4Ep6yrYEo5MPMA1zKonMq9k0IaVcMwLyhigpRp2cMVsC0M9f5fARcwkgWh2uvWEHEdEnXFa/q6/PI9S0PFO+WMudl64VNGvkm8FjAnUqqXi4GAGydEtmesnSDqqUtVbWEmKC8QgAAascuDRsPLB/jfl2ByppS4KfZhN3MGSGVLDVXLCKUWuIP5mC6v08EeOTVWCFhjS4OXcN/SUXJVaUCGuDvGyiQHR/uhD8rUCLBLe0NEX1FdF3D9MWiUZXfMairbTtKpU1eR4dJVENHEJ0fgIB8hG0Z0lKm8D2mOn7Tah9noFiR2p4Oe05/ZCqCmUusKTBg+kq6mec1rlrGFEX7Tt2oyaOO6hXkB6JyJBYJgpR933hLVXeSvtjFAOq2DvU94jGJyq2s6ImnLoYV/BGsmLVKkVdx6EcUAFg5Zmd6ao3zLXjEMGm6SNzTPG8LLXBMnUNjj5d4+OA0GA8E0hmX03P8AEW0ug3ioMpZZVkEXltaBGUiX/bmDRiHJbtmDfHzoCkjARnmAWZ1F8dYu7VYUZW6lbCvyRarKoK/XaE0fch40zDLEn3UH7JrRGhOzKrzdDXEqZgARKRMJAMJR0BSiUm1TgOyOGBZl0Fn/ACKj0EvOB3FUGtghdWECtNBgPZAEFFYlzwmpOiBxAKFIxMlUl5ljgh4OiIkZK4fOiYhm41wBja84gOzFgGgBDLB1Dq/iKrvePLvA50gNlcjSJKOd3r/UtVQ4A8sY4VnWvzD/AH8oNMBHCEWR6O75jUiggdOCCA/RQdSDtjMJEX1M2l9QMDDY3GWr2tWLzs9Imemg+ruespo+7DpGpvD+hNCo+0Yb8qHCBWYkmvFL+7m5G8NTFK4524DUlDxNixCGC0pDUeXLtBdBht6Lym7ZHpAEvdDkdhjIQ4ARXnSLjhTOOHlj4MhS6poeNYG10DyCsp7l8p/irmYLN6jxxMrYq8wKyHEMrxtj+YfWsAIdva0X5OIuFlJ9LGVli+0jHlbJegqitOV3mHJA2gAAOobQ/VApg0dfUstl6lpC7i4X11DzognQ+Vovc1JQeKGjBgBozOjlAqBvCKImv3l8kFjRjwWlV+Ak7p2nDHq4EZjOpIoYEgkIDZndhmd4qZeaWQ9XB6JdMjXg8sylB9v8y3B4lmrXYgktPRr/AFLxRXAlaRZca+CHdPyS3i9I8RkBV6d0fA1svQNCK4kCCYiHEEAGPoSsI8ED1LPS+oluu4yky2xAACFM6dbfWWmCFgTpgOnVgoglHMepXA3fu/IAGxKpm+qUyeDC91qaJQvoVAvUxLNI2RpADLBlFHL8EGjy6rWWbpusB5Yjs3JdX8xwp4z6fBgI/YMpKdt4xAUogzArqGQSoAKCvpC6EdCLlnC+pdQu4QR7wV9m0LklQUTxvHSTpRHoyoBmCCY5b4oBsSqCIo3GPewbfa/xAvLCBYBa1oeWANs+0QG5dAIHrLld+TiByDL93dmiV7gXTaNHfVl2sakqqDBldQah9RqBEwluWIL6iMq7gmULTV4ma+fFdG+dGEBPNDoqanpRuGYvXnuVpN/GLPE9oqUiy/cEilwXxELbwHL5YAAAGxKaD1w34hMgc704izw1fv5XeOhLcoaXitoNArqBgGJpg+rQSkjARnmATL6jeMt7QzEugKesYqjgrMKKrUDBD/Vmdk9wUmj3CqxFS9RGaD+DCDC06uxBqUe29+ZQW1otvsaRVmRRqd/xBq6BQjYgrqGgSoBQ+vQdSFojMPEX1Fmy+oRdQCi5EKpbXvovq8RH3lhNme4Tlsd4Qi37oi2cOC1jkb1Lz5cwipsKAS4G47PlgCD2gKhjqBUB/wAQSmAUVfUK3XUEYAiNhiCiyDJ70+1RUtNBYbOqfePCKxwIxHbJV6Af3NWloPfgww6RqdG8NJiAFBCjGAEaYP8Aj6oQpwm1Iq6HtNMX1AvdYfUmpTg+y0U7wI41RD2XeUCwWXANB/zNSIzYjZGwCCYP/BP/2Q==","provType":"MONITORING","date":"2018-03-12T10:59:31.62Z"}}},"provision.device.location":{"_value":{"_current":{"value":{"position":{"type":"Point","coordinates":[39.84875207924851,4.408543204833256]},"postal":"28033","source":"GPS"},"provType":"MONITORING","date":"2018-03-12T10:59:31.718Z"}}},"provision.device.model":{"_value":{"_current":{"value":{"name":"OpenGate","version":"1.0","manufacturer":"OpenGate"},"provType":"MONITORING","date":"2018-03-12T10:59:32.216Z"}}},"provision.device.name":{"_value":{"_current":{"value":"CHD_DEV_5 name","provType":"MONITORING","date":"2018-03-12T10:59:31.72Z"}}},"provision.device.specificType":{"_value":{"_current":{"value":"CONCENTRATOR","provType":"MONITORING","date":"2018-03-12T10:59:31.624Z"}}},"resourceType":{"_value":{"_current":{"value":"entity.device","provType":"IDENTIFIER","date":"2018-03-12T10:59:32.217Z"}}}},{"provision.administration.channel":{"_value":{"_current":{"value":"default_channel","provType":"MONITORING","date":"2018-03-12T10:59:38.412Z"}}},"provision.administration.identifier":{"_value":{"_current":{"value":"CHD_DEV_6","provType":"MONITORING","date":"2018-03-12T10:59:38.414Z"}}},"provision.administration.organization":{"_value":{"_current":{"value":"chemacorp","provType":"MONITORING","date":"2018-03-12T10:59:38.411Z"}}},"provision.administration.plan":{"_value":{"_current":{"value":"FLOW_RATE_100","provType":"MONITORING","date":"2018-03-12T10:59:38.408Z"}}},"provision.administration.serviceGroup":{"_value":{"_current":{"value":"emptyServiceGroup","provType":"MONITORING","date":"2018-03-12T10:59:38.409Z"}}},"provision.device.administrativeState":{"_value":{"_current":{"value":"ACTIVE","provType":"MONITORING","date":"2018-03-12T10:59:38.398Z"}}},"provision.device.communicationModules[].description":[{"_index":{"path":"provision.device.communicationModules[].identifier","value":{"_current":{"value":"COMMS1_SN_CHD_DEV_6","provType":"MONITORING","date":"2018-03-12T10:59:37.999Z"}}},"_value":{"_current":{"value":"COMMS1_SN_CHD_DEV_6 desc","provType":"MONITORING","date":"2018-03-12T10:59:38.305Z"}}},{"_index":{"path":"provision.device.communicationModules[].identifier","value":{"_current":{"value":"COMMS2_SN_CHD_DEV_6","provType":"MONITORING","date":"2018-03-12T10:59:37.81Z"}}},"_value":{"_current":{"value":"COMMS2_SN_CHD_DEV_6 desc","provType":"MONITORING","date":"2018-03-12T10:59:37.911Z"}}}],"provision.device.communicationModules[].identifier":[{"_index":{"path":"provision.device.communicationModules[].identifier","value":{"_current":{"value":"COMMS1_SN_CHD_DEV_6","provType":"MONITORING","date":"2018-03-12T10:59:37.999Z"}}},"_value":{"_current":{"value":"COMMS1_SN_CHD_DEV_6","provType":"MONITORING","date":"2018-03-12T10:59:37.999Z"}}},{"_index":{"path":"provision.device.communicationModules[].identifier","value":{"_current":{"value":"COMMS2_SN_CHD_DEV_6","provType":"MONITORING","date":"2018-03-12T10:59:37.81Z"}}},"_value":{"_current":{"value":"COMMS2_SN_CHD_DEV_6","provType":"MONITORING","date":"2018-03-12T10:59:37.81Z"}}}],"provision.device.communicationModules[].name":[{"_index":{"path":"provision.device.communicationModules[].identifier","value":{"_current":{"value":"COMMS1_SN_CHD_DEV_6","provType":"MONITORING","date":"2018-03-12T10:59:37.999Z"}}},"_value":{"_current":{"value":"COMMS1_SN_CHD_DEV_6 name","provType":"MONITORING","date":"2018-03-12T10:59:38.112Z"}}},{"_index":{"path":"provision.device.communicationModules[].identifier","value":{"_current":{"value":"COMMS2_SN_CHD_DEV_6","provType":"MONITORING","date":"2018-03-12T10:59:37.81Z"}}},"_value":{"_current":{"value":"COMMS2_SN_CHD_DEV_6 name","provType":"MONITORING","date":"2018-03-12T10:59:37.996Z"}}}],"provision.device.communicationModules[].subscriber.administrativeState":[{"_index":{"path":"provision.device.communicationModules[].identifier","value":{"_current":{"value":"COMMS1_SN_CHD_DEV_6","provType":"MONITORING","date":"2018-03-12T10:59:37.999Z"}}},"_value":{"_current":{"value":"ACTIVE","provType":"MONITORING","date":"2018-03-12T10:59:38.106Z"}}},{"_index":{"path":"provision.device.communicationModules[].identifier","value":{"_current":{"value":"COMMS2_SN_CHD_DEV_6","provType":"MONITORING","date":"2018-03-12T10:59:37.81Z"}}},"_value":{"_current":{"value":"ACTIVE","provType":"MONITORING","date":"2018-03-12T10:59:37.808Z"}}}],"provision.device.communicationModules[].subscriber.description":[{"_index":{"path":"provision.device.communicationModules[].identifier","value":{"_current":{"value":"COMMS1_SN_CHD_DEV_6","provType":"MONITORING","date":"2018-03-12T10:59:37.999Z"}}},"_value":{"_current":{"value":"SUBS1_SN_CHD_DEV_6 desc","provType":"MONITORING","date":"2018-03-12T10:59:38.109Z"}}},{"_index":{"path":"provision.device.communicationModules[].identifier","value":{"_current":{"value":"COMMS2_SN_CHD_DEV_6","provType":"MONITORING","date":"2018-03-12T10:59:37.81Z"}}},"_value":{"_current":{"value":"SUBS2_SN_CHD_DEV_6 desc","provType":"MONITORING","date":"2018-03-12T10:59:37.713Z"}}}],"provision.device.communicationModules[].subscriber.identifier":[{"_index":{"path":"provision.device.communicationModules[].identifier","value":{"_current":{"value":"COMMS1_SN_CHD_DEV_6","provType":"MONITORING","date":"2018-03-12T10:59:37.999Z"}}},"_value":{"_current":{"value":"SUBS1_SN_CHD_DEV_6","provType":"MONITORING","date":"2018-03-12T10:59:38.008Z"}}},{"_index":{"path":"provision.device.communicationModules[].identifier","value":{"_current":{"value":"COMMS2_SN_CHD_DEV_6","provType":"MONITORING","date":"2018-03-12T10:59:37.81Z"}}},"_value":{"_current":{"value":"SUBS2_SN_CHD_DEV_6","provType":"MONITORING","date":"2018-03-12T10:59:37.716Z"}}}],"provision.device.communicationModules[].subscriber.model":[{"_index":{"path":"provision.device.communicationModules[].identifier","value":{"_current":{"value":"COMMS1_SN_CHD_DEV_6","provType":"MONITORING","date":"2018-03-12T10:59:37.999Z"}}},"_value":{"_current":{"value":{"name":"TEST","version":"1.0","manufacturer":"sb-HD"},"provType":"MONITORING","date":"2018-03-12T10:59:38.005Z"}}},{"_index":{"path":"provision.device.communicationModules[].identifier","value":{"_current":{"value":"COMMS2_SN_CHD_DEV_6","provType":"MONITORING","date":"2018-03-12T10:59:37.81Z"}}},"_value":{"_current":{"value":{"name":"TEST","version":"1.0","manufacturer":"sb-HD"},"provType":"MONITORING","date":"2018-03-12T10:59:37.798Z"}}}],"provision.device.communicationModules[].subscriber.name":[{"_index":{"path":"provision.device.communicationModules[].identifier","value":{"_current":{"value":"COMMS1_SN_CHD_DEV_6","provType":"MONITORING","date":"2018-03-12T10:59:37.999Z"}}},"_value":{"_current":{"value":"SUBS1_SN_CHD_DEV_6 name","provType":"MONITORING","date":"2018-03-12T10:59:38.1Z"}}},{"_index":{"path":"provision.device.communicationModules[].identifier","value":{"_current":{"value":"COMMS2_SN_CHD_DEV_6","provType":"MONITORING","date":"2018-03-12T10:59:37.81Z"}}},"_value":{"_current":{"value":"SUBS2_SN_CHD_DEV_6 name","provType":"MONITORING","date":"2018-03-12T10:59:37.718Z"}}}],"provision.device.communicationModules[].subscriber.serialNumber":[{"_index":{"path":"provision.device.communicationModules[].identifier","value":{"_current":{"value":"COMMS1_SN_CHD_DEV_6","provType":"MONITORING","date":"2018-03-12T10:59:37.999Z"}}},"_value":{"_current":{"value":"SUBS1_SN_CHD_DEV_6ICC","provType":"IDENTIFIER","date":"2018-03-12T10:59:38Z"}}},{"_index":{"path":"provision.device.communicationModules[].identifier","value":{"_current":{"value":"COMMS2_SN_CHD_DEV_6","provType":"MONITORING","date":"2018-03-12T10:59:37.81Z"}}},"_value":{"_current":{"value":"SUBS2_SN_CHD_DEV_6ICC","provType":"IDENTIFIER","date":"2018-03-12T10:59:37.799Z"}}}],"provision.device.communicationModules[].subscriber.software":[{"_index":{"path":"provision.device.communicationModules[].identifier","value":{"_current":{"value":"COMMS1_SN_CHD_DEV_6","provType":"MONITORING","date":"2018-03-12T10:59:37.999Z"}}},"_value":{"_current":{"value":{"name":"software","version":"1.0","type":"SOFTWARE"},"provType":"MONITORING","date":"2018-03-12T10:59:38.015Z"}}},{"_index":{"path":"provision.device.communicationModules[].identifier","value":{"_current":{"value":"COMMS2_SN_CHD_DEV_6","provType":"MONITORING","date":"2018-03-12T10:59:37.81Z"}}},"_value":{"_current":{"value":{"name":"software","version":"1.0","type":"SOFTWARE"},"provType":"MONITORING","date":"2018-03-12T10:59:37.806Z"}}}],"provision.device.communicationModules[].subscriber.specificType":[{"_index":{"path":"provision.device.communicationModules[].identifier","value":{"_current":{"value":"COMMS1_SN_CHD_DEV_6","provType":"MONITORING","date":"2018-03-12T10:59:37.999Z"}}},"_value":{"_current":{"value":"GENERIC","provType":"MONITORING","date":"2018-03-12T10:59:38.011Z"}}},{"_index":{"path":"provision.device.communicationModules[].identifier","value":{"_current":{"value":"COMMS2_SN_CHD_DEV_6","provType":"MONITORING","date":"2018-03-12T10:59:37.81Z"}}},"_value":{"_current":{"value":"GENERIC","provType":"MONITORING","date":"2018-03-12T10:59:37.802Z"}}}],"provision.device.communicationModules[].subscription.address":[{"_index":{"path":"provision.device.communicationModules[].identifier","value":{"_current":{"value":"COMMS1_SN_CHD_DEV_6","provType":"MONITORING","date":"2018-03-12T10:59:37.999Z"}}},"_value":{"_current":{"value":{"type":"IPV4","value":"172.18.19.24","apn":"movistar.es"},"provType":"REFERENCE","date":"2018-03-12T10:59:38.301Z"}}},{"_index":{"path":"provision.device.communicationModules[].identifier","value":{"_current":{"value":"COMMS2_SN_CHD_DEV_6","provType":"MONITORING","date":"2018-03-12T10:59:37.81Z"}}},"_value":{"_current":{"value":{"type":"IPV4","value":"172.18.19.24","apn":"movistar.es"},"provType":"REFERENCE","date":"2018-03-12T10:59:37.906Z"}}}],"provision.device.communicationModules[].subscription.administrativeState":[{"_index":{"path":"provision.device.communicationModules[].identifier","value":{"_current":{"value":"COMMS1_SN_CHD_DEV_6","provType":"MONITORING","date":"2018-03-12T10:59:37.999Z"}}},"_value":{"_current":{"value":"ACTIVE","provType":"MONITORING","date":"2018-03-12T10:59:38.304Z"}}},{"_index":{"path":"provision.device.communicationModules[].identifier","value":{"_current":{"value":"COMMS2_SN_CHD_DEV_6","provType":"MONITORING","date":"2018-03-12T10:59:37.81Z"}}},"_value":{"_current":{"value":"ACTIVE","provType":"MONITORING","date":"2018-03-12T10:59:37.908Z"}}}],"provision.device.communicationModules[].subscription.description":[{"_index":{"path":"provision.device.communicationModules[].identifier","value":{"_current":{"value":"COMMS1_SN_CHD_DEV_6","provType":"MONITORING","date":"2018-03-12T10:59:37.999Z"}}},"_value":{"_current":{"value":"SUBT1_SN_CHD_DEV_6 desc","provType":"MONITORING","date":"2018-03-12T10:59:38.204Z"}}},{"_index":{"path":"provision.device.communicationModules[].identifier","value":{"_current":{"value":"COMMS2_SN_CHD_DEV_6","provType":"MONITORING","date":"2018-03-12T10:59:37.81Z"}}},"_value":{"_current":{"value":"SUBT2_SN_CHD_DEV_6 desc","provType":"MONITORING","date":"2018-03-12T10:59:37.902Z"}}}],"provision.device.communicationModules[].subscription.identifier":[{"_index":{"path":"provision.device.communicationModules[].identifier","value":{"_current":{"value":"COMMS1_SN_CHD_DEV_6","provType":"MONITORING","date":"2018-03-12T10:59:37.999Z"}}},"_value":{"_current":{"value":"SUBT1_SN_CHD_DEV_6","provType":"MONITORING","date":"2018-03-12T10:59:38.208Z"}}},{"_index":{"path":"provision.device.communicationModules[].identifier","value":{"_current":{"value":"COMMS2_SN_CHD_DEV_6","provType":"MONITORING","date":"2018-03-12T10:59:37.81Z"}}},"_value":{"_current":{"value":"SUBT2_SN_CHD_DEV_6","provType":"MONITORING","date":"2018-03-12T10:59:37.9Z"}}}],"provision.device.communicationModules[].subscription.mobile.homeOperator":[{"_index":{"path":"provision.device.communicationModules[].identifier","value":{"_current":{"value":"COMMS1_SN_CHD_DEV_6","provType":"MONITORING","date":"2018-03-12T10:59:37.999Z"}}},"_value":{"_current":{"value":"Telefónica Móviles España, SAU","provType":"MONITORING","date":"2018-03-12T10:59:38.296Z"}}},{"_index":{"path":"provision.device.communicationModules[].identifier","value":{"_current":{"value":"COMMS2_SN_CHD_DEV_6","provType":"MONITORING","date":"2018-03-12T10:59:37.81Z"}}},"_value":{"_current":{"value":"Telefónica Móviles España, SAU","provType":"MONITORING","date":"2018-03-12T10:59:37.817Z"}}}],"provision.device.communicationModules[].subscription.mobile.imsi":[{"_index":{"path":"provision.device.communicationModules[].identifier","value":{"_current":{"value":"COMMS1_SN_CHD_DEV_6","provType":"MONITORING","date":"2018-03-12T10:59:37.999Z"}}},"_value":{"_current":{"value":"SUBT1_SN_CHD_DEV_6_IMSI","provType":"IDENTIFIER","date":"2018-03-12T10:59:38.212Z"}}},{"_index":{"path":"provision.device.communicationModules[].identifier","value":{"_current":{"value":"COMMS2_SN_CHD_DEV_6","provType":"MONITORING","date":"2018-03-12T10:59:37.81Z"}}},"_value":{"_current":{"value":"SUBT2_SN_CHD_DEV_6_IMSI","provType":"IDENTIFIER","date":"2018-03-12T10:59:37.811Z"}}}],"provision.device.communicationModules[].subscription.mobile.msisdn":[{"_index":{"path":"provision.device.communicationModules[].identifier","value":{"_current":{"value":"COMMS1_SN_CHD_DEV_6","provType":"MONITORING","date":"2018-03-12T10:59:37.999Z"}}},"_value":{"_current":{"value":"MSISDN_FAKE","provType":"MONITORING","date":"2018-03-12T10:59:38.216Z"}}},{"_index":{"path":"provision.device.communicationModules[].identifier","value":{"_current":{"value":"COMMS2_SN_CHD_DEV_6","provType":"MONITORING","date":"2018-03-12T10:59:37.81Z"}}},"_value":{"_current":{"value":"MSISDN_FAKE","provType":"MONITORING","date":"2018-03-12T10:59:37.815Z"}}}],"provision.device.communicationModules[].subscription.mobile.registeredOperator":[{"_index":{"path":"provision.device.communicationModules[].identifier","value":{"_current":{"value":"COMMS1_SN_CHD_DEV_6","provType":"MONITORING","date":"2018-03-12T10:59:37.999Z"}}},"_value":{"_current":{"value":"Telefónica Móviles España, SAU","provType":"MONITORING","date":"2018-03-12T10:59:38.214Z"}}},{"_index":{"path":"provision.device.communicationModules[].identifier","value":{"_current":{"value":"COMMS2_SN_CHD_DEV_6","provType":"MONITORING","date":"2018-03-12T10:59:37.81Z"}}},"_value":{"_current":{"value":"Telefónica Móviles España, SAU","provType":"MONITORING","date":"2018-03-12T10:59:37.813Z"}}}],"provision.device.communicationModules[].subscription.name":[{"_index":{"path":"provision.device.communicationModules[].identifier","value":{"_current":{"value":"COMMS1_SN_CHD_DEV_6","provType":"MONITORING","date":"2018-03-12T10:59:37.999Z"}}},"_value":{"_current":{"value":"SUBT1_SN_CHD_DEV_6 name","provType":"MONITORING","date":"2018-03-12T10:59:38.298Z"}}},{"_index":{"path":"provision.device.communicationModules[].identifier","value":{"_current":{"value":"COMMS2_SN_CHD_DEV_6","provType":"MONITORING","date":"2018-03-12T10:59:37.81Z"}}},"_value":{"_current":{"value":"SUBT2_SN_CHD_DEV_6 name","provType":"MONITORING","date":"2018-03-12T10:59:37.91Z"}}}],"provision.device.communicationModules[].subscription.specificType":[{"_index":{"path":"provision.device.communicationModules[].identifier","value":{"_current":{"value":"COMMS1_SN_CHD_DEV_6","provType":"MONITORING","date":"2018-03-12T10:59:37.999Z"}}},"_value":{"_current":{"value":"MOBILE","provType":"MONITORING","date":"2018-03-12T10:59:38.21Z"}}},{"_index":{"path":"provision.device.communicationModules[].identifier","value":{"_current":{"value":"COMMS2_SN_CHD_DEV_6","provType":"MONITORING","date":"2018-03-12T10:59:37.81Z"}}},"_value":{"_current":{"value":"MOBILE","provType":"MONITORING","date":"2018-03-12T10:59:37.897Z"}}}],"provision.device.description":{"_value":{"_current":{"value":"CHD_DEV_6 desc","provType":"MONITORING","date":"2018-03-12T10:59:38.403Z"}}},"provision.device.identifier":{"_value":{"_current":{"value":"CHD_DEV_6","provType":"MONITORING","date":"2018-03-12T10:59:38.402Z"}}},"provision.device.image":{"_value":{"_current":{"value":"data:image/jpeg;base64,/9j/4AAQSkZJRgABAQEASABIAAD/2wBDAAMCAgICAgMCAgIDAwMDBAYEBAQEBAgGBgUGCQgKCgkICQkKDA8MCgsOCwkJDRENDg8QEBEQCgwSExIQEw8QEBD/2wBDAQMDAwQDBAgEBAgQCwkLEBAQEBAQEBAQEBAQEBAQEBAQEBAQEBAQEBAQEBAQEBAQEBAQEBAQEBAQEBAQEBAQEBD/wgARCAGQAZADASIAAhEBAxEB/8QAHAABAAEFAQEAAAAAAAAAAAAAAAYCAwQFBwgB/8QAGQEBAQEBAQEAAAAAAAAAAAAAAAEEBQMG/9oADAMBAAIQAxAAAAH1SAAAAAAAAAAAAAAAAAAAAAAAAAAAAAAAAAAAAAAAAAAAAAAAAAAAAAAAAAAAAAAAAAAAAAAAAAAAAAAAAAAAAAAAAAAAAAAAAAAAAAAAAAAAAAAQUnTlnUwAAAAAAAAAAAAAAAAAAAAAAB499hcLPP8A7z8s+pwAAAAAAAAAAAAAAAAAAAAAABxjs/GCG+mfM3pkAAAAAAAAAAAAAAAAAAAAAAAcY7PxghvpnzN6ZAAAAAAAAAAILpuIQ096Pn0AAAAAAAAAAAcX7Rw8h/qDyh6vAAAAAAAAAAOFwzoENPTIAAAAAAAAAAAHBO9+eiC+v/GnssAAAAAAAAAA4xDZlDT0yAAAAAAAAAAAxcgq87+iPO5zz2X409lgAAAAAAAAAHGIbMYOeoAAAAAAAACOkio4tGTsUIs/DS5mrHQYFb+kQ9fefJedURmRFwAAAAAAAAHD4BNOdnr8AAAAAxjJc7gh2vm0KlxDL0/05sMeK2i/Y+gfQ+Wy79xfhmZun+nQJZxX6ejr3neVHXkRk5fAAAAAB565z0Pnh7LAAAWeQnYo7yvVkxjGNcN5fitJINPjgUFX3BpM3GtCtjWjM+4X0zWJUZCzUXftuouV2qi9ma+om0v45UeicrzrJjsiEykzQAAed+edD54eywACg1XmjsUFOMTKYRElX3kW5OhsS2Z9nVVl/wCY+MbDFs1D79+ipUPv36KlQqVCpUKlQqVCpUKlQvW6iRyvmX07xm8A3p2JBpWcF550Lnp7LAA0W9hxz+J7jTi5R9M+DSy2cJwZNgkU10u1hocuzryVb7mw7fLvMV49SVcH6cSyr5WPv2o+VqhUqFSo+Vfaj5V9rKaqvp8+tQbjTwLZFGv6zLU4bt+1Xl5Rn9RjR0rZeV+wHSAIXNI0cY11usrqVC9brOJ4tVmS9XifLdjYx7ho470W4cpdB1xD7/Tpscz7VgcrO4VYWeKlwpqyskwsjKrLN25WU11VlP1AjM18t6ERST7PKTVZu3xS7HoZzMkfPZTG1k3ZY9ITpgGv2GKeWYz6P42WNvzbKOj1x3eHE95o8PJi2+FizPNmiFMljWvZ9y8XJ06usdR5b1oh3NumcHKIbpcAnfoHyJ6tNzmXKyzYt0cnjZv3X53N5mwu67bd/wCipXYhp1aybWuhlvMyc1Me7qOZLPOUauRGhkt60cz6RqOhFOxw8w6WADH00h+HKuZendUePa/R/NDgX2QQ4233X5hd+qinKsZJ1XrHKOsEN4j27hxroROxyvvPLOunWbnEpeSrXynI5PGj1O9zsHP12bXV3/o9doc/pXt7XNzTEyRwKB4xTn7S6U3KPh9fai5MYVYOg67mPWTo/wBt3AAAC3rdsOfc29D4B4rg/ufnZ5dzptADYZWg251/rPJetkL4f3Hh5rqvn0v+ivN/oQmUBmtaed913aODL4x8XtVWu25ur8IgBJIxuNiWshSV0qj5V9zjHytTBTf6WV9YIn0rMyh9AAAAACnDzhEIB23FPIHP/ccFOQ9n5ptjM4j1HkJR9ouD0T539HpvqlYqfbLuBm2l88ZG7kUun3qs+vn0VLpbyrkeN/BLPQSCdclcgMDZ1gAAAAAAAAD5YyBHoV1W0eaeSe3IgeLc/uHKDD9L+TfRZ0arXbFPtfyuxh5uGvIJNo97L9fLh8rvVlWLqss0e9nkxI5Lsu4fPoAAAAAAAAAAAALdwamK9AoPPMK9Wxs89TLfQw6JteKSNOm4WDfrl0hjcnl+5ON8LNyZyki0s22WWb/0AAAAAAAAAAAAAAAAKahiavf/AAgsO7PjnnDXelomcAnuz6eQ2Z7PKMXMrAAAAAAAAAAAAAAAAAAAAAHyi4LFdwfPoAAAAAAAAf/EADMQAAAGAQIDBwMDBAMAAAAAAAABAgMEBQYHERIgQBATFCEzNTYwMVAiIzQVFiQyJWCA/9oACAEBAAEFAv8A2vkeWwMdFBn8C5lfkM677+54fe+LL7fj9UYcfwem0KPKvPyGqPs+l3vH5DVH2fS73j8hqj7Ppd7x0uR5bAx0UGfwLmV1OqPs+l3vHS51339zw+98WX26jVI9qbStW930uqMOP4PTaFHlXnU6sq4aTSNfFfdLqj7Ppd7x1OsSuGh0aXxZB0uqPs+l3vHU61Hw4/op55D0uqPs+l3vHU62fH9E/kHS6o+z6Xe8dMqVHQojJRDWz4/on8g6XVI9qbStW930alpQU7KqiEHr62tDdNaXI9nNjCNlbpDUwzyWi0dhSoeRdLqyrhpNI18V90Nhf1NYU3PX3h3V9cqi4/FhplWLaS5I8t+K5FymQgRsgr5AQ424XRaxK4aHRpfFkH1plnAgJn6gRkCTb5JcnDxd102qqurkv3SEE6+8+r6DMuSwcbJ5bYjZFBfDbzTxfX1qPhx/RTzyH6b0liMmdmtbHEvIshsw1jsqUqNjkZgjk1UISL19YccW6rl3IgbrZDxDY8QO+WO8dHG8ON4Mzpsc4uVTWxFyaA+Gn2Xi+prZ8f0T+QfQUpKCl38CMJeSWb5/0+RYON19XEH9ThMBy6lqDkh57lUtCQclI45Ch3bpju2SG8ch3yCHiFDv1jvXB3ix3ix3ix3ix3qw1NkMnGyiY0IuTwXgzKjvl9HWz4/on8g5nnm47SNRqyxXIs5kobmCVsDfdMuVS0oBydxwvrHAwgeIQkG+4Y3Uf123nWji5FPYEbKIrgZmRpBc2tnx/RP5BzWDzRtZBp5WLUdhlGOHXZPV2IIyPlW8hsd4+6O6bSDkJSFOrV0yFrQca9nxxGydlYYmRpJdutnx/RP5ByrUSEyZRmcmWtS0yCUVjh9LZhcLLMbOuzKDINMuMtK58NseNS+CciNhUviG+/VoWtBsX82KImVRXwzOiyBrZ8f0T+QctxJ8PElu/oPzMEoyCJJkLmprrE/6LHSTlXGQFsIbCuJI8VJSG7eyaDWTW7QYzR8hHy2sdJiVGkp6WXbwYQfyOY+fg7OebNRJjhqfaxTkzWb2LiNRWYxaMWMORy5Me0SSrdPITBLOSg/EqhpUF1CFB2jfDkCW0DIy5G3nWVQcqsoorMjgWAL6mw4THCobH2TrWJAJ+0s7Q4GNOunCxtpsM1sdsigtLCaSMoHWwIyZ1hEbTIyRht7EpUp7kyo9oLp7p5EHsJjn+Z3w70E6OMjDkZh8n6VJh+HIj8iGXViqyGfVqiymJjXMTajBMgmkgkkNhsNgeySnW5rOJjpTFwscjMEiGlsEgw2wZhLaWymXjLRXGTNsOWq5ckY/WoiNYp/L7chY8RVFJTsSiPlm/wAwm1nyEowTg4ScD1D4g/7anoVDxYzEXHmGhLpq2QwTkzFp0OWzOY7CSZhLIJBENhsNhsNhsFrQ0iXMfsnKujJIYjIaIiCGjMJZISJbEYry8XHbORcXQebg49DpYL1jMXHSxFxT+X2yT/Re18qBJZsjI2JyFhLiVdsvymtLQ4U8myCIr6yNCkH2MH+5UElYZiRlNWMZpgSromzlZAJtr4lOK3CoE0ghkEnYKUhtKHnXh/nDvloCTSothsDMklLku2b9VUJbJtskklBmEMhx1mOmbbfplZKqYqNUGayIW/HOsqCEllub6GK/y+15HEVnWd8VpjZ8TkaXENixUkR7BKg26lQm/wAzsiymHEWbkdTfYx6lOIx/t3J+VsymSqXGfjrBHseOySn1Ow2Bd3xOSX3jSkwk1EGPJ7YbC2lKdXT1ZJJtrhJDI4UNlJtCSLTJY7LhRrO0NlhphBIGxBFeXiYMc0osEmljFf5fItolCRXIcE7H0OCxxjYPQZcQ2LBbZvSCVJJRGC7duxj1KcR/TuvtMP8AdcaQ8idXrjGMBsYqIJeY2EiI5uhbe5GgG82RxIjjJ7CY/wCGj1MFT7saJwJQ0RCROZji2vmIyXJ1xcqhVsSCRJMxuSR9+xpXAqBIjqFwlPg8YcLxpHvzKbJQfgoWJtE24LHGBY4xIZUtD8ZSHwlZHyMepTiP6d19pvqgyJRWFWbYoNOo17jLxZpiKqnNKqwCFJWSiQ4PCV4bNLJfcbCW0ubKrK1MZt15mMmdb7IlZFKnLj1DSXSLcbJSDMz7NuwyMg682wkrJ+xXQxERUI+3OaCMPQ0LEykbcFli6FlY4m40bzEqIaHwlwj7GP8AemEf07r7TfV7CMYo4TVAbhLFzg1BdB6hzPFFVWfQZCmH2JLew2GxivgtRkyLTYrTJmmXTr5VmtCENp4dhvyNtLcPdiOLG9QhTFdOtXaqiJoo0YmyLy+kaSMOxULEunbcKxxlKys8RNByIUyEaHxGdI10xiP6d1/rN9Xtxv2YEEuGQtsZo70pGC5HQLg567Dcg2UCyaLyFvfRq9t561vCiQo8Jsi3G+3IRGoyZQ0J9szGbclWFsqpxokiDUoaJthKC+qaSMOR0qEqpbcFhjaFi0w8t11s2C5RyBEeI27kyNM31e3Hi2p+QlGQn1tbatXWFpqnqmzzKS3CqmYp/ceRD79m3YhgzJclthMu7W6qBQvy3a2iQ2TENDZEki6HbcLYSoSaxtwT8dQsP0j8JcS1Q2LaTumU+Rukoj7aIv8AiOV0+Fu6dWtxtPAjlQ2pw/2mROt22j8NPtV1eOpQIlahokNknpdgppKhIrkOCdj6HBPx95BWVLOZWTq0GiQRglkYpPaeWX6MlHHP7dgRGYJpKBJmoaQt6ZOOvx/zhVCGw1HSgiLbqVNkYfgoWJtE24LfEW3im41LiBK3Urp7MmojMttwEZHyS/Rf/TOGxn2IaMwbyGyXLceVGplurh1CSDENKAlBF1poIw9DQsTKRtwWGLoM3a6ZENiyeYOHdkYYnNuBKiPsmei952ASk1H+20H5fmzVyZZxKpKCjwUpCGiT+BNJGHYqViVUNuCZjqFCRjzrZ8U+CcO8EexacEtxJsKPexLYLeS2liJMniFTMxwzCIg2wSQRbfhDIjC2EqDsBCg9VIMTMUjuiRWW9YHLxRN10k5Nk33slcHHkINuMQQwRAkkX4k0EYUwRhUYhZ4rV2aYGAohSo0BmMhLQJH43YcI4ASf+i//xAAkEQABAwIGAgMAAAAAAAAAAAABAgMEABEFBhMhIjESQCBwgP/aAAgBAwEBPwH9KEgd+zLhiUBvan1vYcwkNjyqHIVJa1FC3znYuiKrTSLmhmNYPJFRJSJjQdR683B25StRJsaRlvfmumGERmw2319Qf//EACMRAAICAQMEAwEAAAAAAAAAAAECAwQABRESISIxQAYgcID/2gAIAQIBAT8B/pQkDz7NqqLIHXbJ3loQqIxyypObEXNht97mqpWbgo3ODX3B7lyrZW3GJU9e5pKWW5qdjifH+ve+QQpXQRp4/IP/xABIEAABAgMDBwcJBgQEBwAAAAABAAIDBBESITEQEyJBUXTCICMyQFJhcQUUMDNCYoGhsVByc5HB0QYkY4IVQ2ThNDVTYICSk//aAAgBAQAGPwL/AM12w4rHRo77xDadXehJRpd0rFf0KuqHfH7Rm873Wfu0UHMeszjbPjX7RlZ8Q+fzuate7QlPiR4doy8HOM7nVH2jK7zwlTW7cQ+0ZXeeEqa3biH2jK7zwlTW7cQ6s2HFY6NHfeIbTq70JKNLulYr+hV1Q749ald54SprduIdWm873Wfu0UHMeszjbPjXrUrvPCVNj/S8Q6tKz4h8/nc1a92hKfEjw7Rl4OcZ3OqOtSu88JU5uvG3q0rvPCVNbtxDrUpvXA5Tu6cberSu88JU1u3EOtSW98DlPbnxt6tK7zwlTW7cQ61Jb5wOU7ufG3q0rvPCVNbtxDq9h8dgdsqqg1ySW+cDlO7nxt6tK7zwlTY/0vEOqWnuAHeizP52J2Yd6pAYZeF3YogvJOs1XNx3KkzCDu8KWg+TGF8WFMZxzO6yVPNmYDoZ801j329Wld54SpzdeNvUv5qcYD2ReUYfkmS/vifsqzk1ELT7OAWdmXAeKzMk2y3tcnOwX2XYVVJhger32D3qsN4d4dTlN64HKd3Tjb6e3NzTIfiUYfkyWdHd2jcFZfGMJh9mHcrcap8VajuaFYkYVPeKtRYhcfQ1hRXBUjARAqPObPerUKIHeHUJLe+Byntz42+ktx4zGD3irEo10y/3cEWQP5aGexis5Mve87XFWotAqNo8+6rMu0Qh81aiPLj38q8rpLWrmFXQivVr1a9WqwiWqkeFbCpErDPeqwojXeB9LJb5wOU7ufG30NpxoFc4xXbGKzKtZBbtOKtzUy6KfFc7FbXuX8vLV8VRllngFzkVzvjyb3LRBK0WUWnFWk+qubVXQ10RkxXSXSXSWOSsN5CpFFsKkWsMqsKK13x9FJb5wOU7ufG3lvjxnWWMFpx2BPheSogdZ1uuK5yMaZMKqzbu2DlaRoqQ2Fy0n2VpGpWgxbFefT1hxC1Ue7ODvVI7CwqsKM08uS3zgcp3c+NvLdLPAdbFHA7EZnyLGMnGxs10f9lY8pSxmIA9sfug0Rs3E7L7ldybytAWRtVqK6p71SG1Xnq1WOIVM5bHeqTEOz3hVgxWnkSW+cDlO7nxt5RedQqnRCcVirMQAg7UYkFvmsXtQ8PyVqE7z2WGy+5ZqcaZaJ72CtNjsIPetKYZ+a0IzGt8VXOtJ8VoEBXnrdWOIWnFq33lzgp3tNVzUZpUlvnA5Tu58beVSnrNHk3ouiy4D+224ojzmKKE6166J+a0Y7/zV0Z35rRmYn/sVoTsX8168P8AvBfzEq133Sudtwj3hW4EZrx3Hq3OxgXdlt5VmRl7A2lVmYr3dytQnOae5aWmmyPlaXe+G02gHaio3lCAYliPBzVk6rwf0XNxh8eTCP8AU/TlxmVuER31XrHL1zh8FVkVrlpQT8FeORahRHMPcVSK4Rm+9igy3movZd6bArArDJzr6v1NGKzcEZqH3K1EBK0mroBdBVMNWntY0d6LIDG07RXm0jWYj9liiw5lxqGh1Ca0PIhn+p+nLj/iO+vIvWlDa5VgPp3Fc4z48jQaUIE61z4PvYhCNLvDmn0F5WCw5FTcjAkhU63rOx4dSdaFGrRAWGSrrkWSwtO26lZiPfHjOwYy9N/xCM6Hb6MtDN/9yzrYQbVTP4bfryIwA0mi0FQ8qP8AiO+qqGHk3qgv7lWCwsd8lSLDNNq0mrSARgx2DuOxUa/OSzz8k2YgOq12W5aSuHLMSIaALMwKiF9UHParhyKYu2IxJ2MGQtQC/lB5pLf9R3SPgjFay3Hdg517nFGZmDacTVUaFM/ht+vIIOtRHwmWoJNRTUqFYrHLGP8AVd9VVpQI6StNhkhUe2hyhAPaCr4LSi6Xu91FpNCrnIsfeEJaI7mIxp4HJpK5WnuAHeqyspFiDtdEfNf8Iz/7Bc/Lvh9+IVWmoy2nXALNQqiEPmgS1UAy1iOoiQ/NsGtOlvIrM9EwMU9Bq858pxzNxsRXot8ArlY9iFcFWi+Kmfw2/Xkm5FzW0KvBIVCrysVH/Ed9coFoAgYFANILu7KEMhRDjR2pwVIt/fqyVCgTJvdZo7xyvmY7M5YdZhMOHiVzkQ5MVYb7V9MvmUE/fQcWqgGS04gBWZf80YLXmYmThDZerflmLZhaoEP9ShDgw2saNQCq80Vyc6mJqqAK/apj8Nv15XRR0ES1qwJCo5RTtefQDIclh7agq2zSh/TI+Tix2tiW6taTqy52ALW1qo42TsNy6QVkG044NbeUZmaFl7hZhw+yNpyOia8As468m9AUyUbpOWcnZgNGpqsw2mSlO0fWO/ZcxD0ji83uK7lo/nlqRVUtgeKLmkYhTAB9hvoOiugiQxF8Gu2hVmMwt5QQyHLQhGPLjR1jYpbynCnHy848uNcWm+5UnIJmpYe0NIIQ4rsxFOpytMcCO5UjQYcT7zV/y6D81SXhQ4X3G0V+Rsuzosx8ULr1V5+CLnPEKGMb0ZfyJBtDXMPuaP3Xnc48zMz236vBUCvvKvyX5LwrcR4aAsxKlwha3LQbecTt9FguijzdUXQKt7tSpGhkd/ICGQ8mXhsuAr9VR4qCjEEHzWMf8yFd8kYvk6KZ6VGoX/JZjynDdKRcNLBCLAite04EHLcs9FpU31VmAKe8V5vKMdNzJ9lurxQmPLMa1sgN6A/dBjGhoGAC0lQXDLctEfFXc4/5BZuFz0bYNSESccSNTRgho+lwXRR0EXQQWH5LnYZptGQIZDyZfw5B8+k25w/5jbnJ0z/DHlIxoeOadj+xXmf8SeT4kvEF1sN/RZ6SmYcVvulVVuZi1Psw24laZdIyvZHTd+yzcvDsjWdZWwLR/PkUCrHP9oXOPDG6mjWrEAGDB+ZQJYhorD0+C6KOgi6G2we5abKt2hDIUeRLfd5Wa8oycOM33hejN/w75SiQHj2C79U+Umwxgp69wv8A91nYj3R45xiRLyrltV+S/JaebLVzeiNbijC8nttu1vOCz80S9x2oaKw6nguijoLOQB8FmpkGE7vwVQa8mV/D5RKsA4mia3YOVohdt3yVmuciamhc+S1nYCGguj1fBdFHQREMmmxF7W2grLwQe/LK/hjlFQx72W7LWMfgtJwYzYrEu0w4fa1lVLanaUNFYdb6KOijWHftCJhEupqWbLTawooMBx6DQFjySof3sl+S064bVzd3vFWJVtt3a1LOTBMR3yXRWHX8F0VbbDv20WjUhUfUK8rHKVDHvZKBdpys3vfqaFamjZb2AgGsoFh9h4LoroKsElq5xhptVHFYq4qH4q9Y2QubbmoXaOJWi2rtbjisFh9jYLBdFF0KsJ+1uCtWDFhj2mKy4pt+FSs1Jw847bqCEWcOdibNQWH2ZgsFz0Cy7tsuKdEM1bhHVrQhwYYaP+9//8QALBABAAIBAwIGAgMBAQADAAAAAQARITFBUWFxECBAgZGhscEwUPDR4WCA8f/aAAgBAQABPyH/AO65oBUwrktpg0FXdxgZ/sdx65+hU3/tOuKpel61/YDCCsOrhH3IGpi3Siv7f7H6yf3n9j/WT+8/sf6yf3nps0AqYVyW0waCru4wM+q+sn956b3Hrn6FTf8AtOuKpel616m4dE+7D02MIKw6uEfcgamLdKK/t9VZ+mdM6/TH1k/vPVdt6YUJd/pj6yf3nqu1dMGoeXpj6yf3nqv66H33pj6yf3np/rcIblcQdx8ProffemLh0T7sPSbcC1VUfoljmd4vcdtU7wsx5DcVEgbXiVpTsMOEFGuP+Ul/aTS9MWfpnTOv0JdZYo6hfoI+scSPBbD9Mr6zLCHbjXL2muXxLMjLAqcGtcSmObphlIM+01qTyv0dt6YUJd/84rBHc+IxsM138ziBqpUM2jqu2Caxs6vtKlOh/BO+tH+DTSCqLwyr5YdZWK+FK6Lq9BaumDUPL+Qaie4kdfY5bvEqGgBo7y7p6qWFEI5xCcJ2FwN5J1hYgbq/M6YO7NWMdi3tKOvlkF2k9NDgS9S6Mp+rt5Rs/jiAyj/KfXQ++/hFIy1VgKd8H3GS31I6kxdwh4vG2TEFIzfGDtL7kavvHlaLE0bs2p3zinaf9un/ACibSnAEt4PbwvXTqocqE50PiXiPRleTrayk7oyShc6fxProffecCiunQNWPiHVNnUHaPN9bDFNVl+6LrmZkHaE6vlCsYsWjmbOHBNb35jgfqmiJ2R1qypUCBAgQIECBAgQIELMjhlJRdpqeYjJDlp2vPn+uh995wgvUVltmA3rQJv03jSLXWx2fuGBN1kAtCeXmvg1j8j2s+yZDIODeDxqVKgQIECBAgQIECBAgQIECW4vRlIqG2crkKAG67XnyfXQ++8xomsplVNY5p1Ny9gWMuCXPI6xeF1KvZqQdoq83fb3gzTwhhFn4K5mg5lW2Zt18LNIRzeYp3YyvCpUCBAgQIECBAgQIECBAgQJUDyW6pwwCxLZwoB7AhY2m10z6aH33mLjWefEpVMVj4aWwuoX59n/9IY96rRhSZzS3jSvUXL+ehoX2hoQ73/MvBucLGaE5omfOBcfUNrkCBAgQIECBAgQIECBKgSoHkxUACr3hswFnlj4gfVZJBphOSma7HPFdWPZYVNYZN0uCTLdlTLHJ5P8AWdURfEJUyM1mZYIV3TVwuaD8xA2M+5eKQ3yiNIPXyFjjeqKm8Z+yFoU1evh3lEsgQIECBAgQIECBBcMP/Gh/5Uq3So30TdqXhttrfeAnDzABCAg+CYavxEKbKRhvGzYEypVFrR+92ji1vmLU8nSQ/lBevAgQJZuUv/u0FCdwahpnxK57RmW1nBDLXDJ5GolWZ5U9GAdexIECBAgQL0m2V3h/8IXlB6GEkEWjgMqzbDlH4mQLWrWJFDCaitVhNUJbYBqsp2eL6IMY9Zy+0f3KqKcqOKQ1qf5HLyMDPwrX6jLE0ZhAgQJ/n8odYnaaa+Au0BLcZQw7LdL5D6ZTGItAYZQPzQQYka7Oo+SXSVlu/wCjCrm+HiBAjNC5uKbQQkgggggkJ7VlOhtde6EZCDQScJNghNSJAnGm8MS1jIKuoYeiEGxPnjG5WRYbqUk/yOXkKksFJGaIrqHDL2/MEBgjEECUWLBPvAoq44i1W+tcSzuaMu04k8WIBd4CV4lNElTymr/UrwGozUjrao4/Kj7bBekRz8IQoVGRnqqE9S59sAcvbzza9/pZCZE3IQQ3QBaszKPB+UzNoOg2Sb6ShDo3Y4KNa2sRPPWU77wTbsMAFCiHVXFdd5oJYafZP8jl5LUj8hLJ+QmPo3I4KkoyFOkf4/KaZGbxEVYtW0vVfDw8o0+HhTkJDJoOh1eCElJkY41trowwkhs8tjqalvECngvEdAavKiFVaNMQggmytx+JmLQwgZ1Jg0N2XdCmr0mCE2YvrxF5brdRX3TQzhSIIYHjdlKt88sdmvCKCmmyf5nLyJcGyQJsQqg+Iqo3kmHgS0SJzLk6n7ZvnlKZpQz+Lweb3jQ22iwFN/28Atp1O+iAFkIttSste5LWs65RCH7YY2IFnsS6bti1Nep0hBcQp5ZXlTZYRkC2wTHxmkY7DLl7G8ZOT0HoQj5XNPVmd05MNPt5RVWtspglQTVEdsJdg4mHIOt8soX5UGHaQdsQxofENwT2iHWVULs7qYgOrNwgw8QZ/F4fV7wYoAjqMPsNe/8A+JswuAC0aneC0fv1d9T3i+mzTL6MMPGRUDpvSX5hddv+dZSKutC+dZlWrhAerAEkYZlMd7DViDfWmmJsRz4ji5na5TtbRVRcPoLaaq9vA7HSXijBNQCJd8SzPEsu/Yhm7d9Yv52sP0g7ZhDj8Q1SHZJYiciKHQ9k5WbhBHxyMO0Mxn38Bh1TAUMKG2UvCYiJYzdAVOTy6GcpBBh1edOIMsi3L3294Qh7thIQRdjVESDIUJiAg63T9+5tKqQbXXdgwxUCggMnXTeLqjoHgC9DmFH7Svd5aRPoDdgvyGDTiyIL0WaO66Q2BBSv4tsgjZijGY5o9J0QQPwiEoesTnZmaE4s/H4XV7yvAlw+r8wIkmoTBTMHW9zX3l1C5VPgr/hLfvsqscrruYhBa3tTuakyHCWHPyE4CFr43dj6sUQamonK7xRfuMBpe7WdWGcBcoNcsowr0get21mIqX1UWWzfa/UzTLlXVmCkIBABp/LsEHbEBcITQ/ECm5Tj4l3YmTGbAudpnGfa8anzv9wIECE3yI2Y6Ls6kyZ9vHsD8MwNwPmCsQ61274OICqFwNfP6iqtTSex0nQ0nf02N8Q6qN1bGif9gDL69B2lmH4hCjNp9CnVCciCOEJoPiJaFbjDCNi71feAoQmoxBmbxDwq7aBAgeATthLS9JDN2jwvFGDjwLdPmFGnzK57kOmfwlyODCFjpo+8CuSukCYQfBNPSIdYZkQJsQqg+ILT8EfPvhrK2FqCprDCdZWm5BA8AhFUbaMVfjwqXbQthyyxCgtgftTqxQktBqy3Bbj4IQGJlyLDMHxDwQGj1CDD9IO2IZQ/Ew4bNQlZzuGZU/tkM3Cz2rACjALGBAgQwVo6JoXDgDiHAQWzroyCU1gxfvLRD3XHR2JWrB5RgOnrT9IO2YA4xiE95MRAgf3SUZMMowPD4rIpqU5uH+KiYOQjCK2f3w4gbBBSQsEANP6DZIE2YI4y0ofEQNONoaFe3JCxCKYx8w1Po36hWqiMLH5Y3m3D+AhZnOQpUXAUD/SNkmoCXuMvSqPSVZ2X6Ebe8B8kstHhm24pMrdz8hm4VCMQBUJtM2z+oQZsniQkwLxnk4JSq8XC5/g1hm0I2lV/WIYmV4gm0AP/AIJ//9oADAMBAAIAAwAAABDzzzzzzzzzzzzzzzzzzzzzzzzzzzzzzzzzzzzzzzzzzzzzzzzzzzzzzzzzzzzzzzzzzzzzzzzzzzzzzzzzzzzzzzzzzzzzzzzzzzzzzzzzzzzzzzzzzzzzzzzzzzzzzzzzzzzzzziTzzzzzzzzzzzzzzzzzzzzzzzxTzzzzzzzzzzzzzzzzzzzzzzzxTzzzzzzzzzzzTzzzzzzzzzzzzzzzzzzzzzzwjzzzzzzzzzzzyxzzzzzzzzzzyjzzzzzzzzzzzyhTzzzzzzzzzyzzzzzzzzzTRDDTzjzzzzzzzzzDzzzzzzjDSTQhCyRBjDzzzzzzDzzzQChRgCRDiSzBDCCBDzTzwDzzxwTTCjRxSBTzzzzzwARTTAjzyzgTwQBRywQhCAADDizji8AwzyzTChjTDTTyAQhTRwwQRmFEQzyhigTE5yTjCzjRGItTyGxDxSjyzyDxxTDAARTwznyKyQAzghCRTzyxjQDjSixhxe8zgTARiAQwRzzzzzxxQBAzS1tVRCAAgRjBTzzzzzzzzyzihjAqlyQAgCSBzzzzzzzzzzzzwyCTzuxyBhxzzzzzzzzzzzzzzzzzyxxjQwRzzzzzzzzzzzzzzzzzzzzxyzzzzzzzzzz/8QAJREAAQMDAgYDAAAAAAAAAAAAAQARITFAQVFhECAwUICBkaHB/9oACAEDAQE/EPIt+iFcmuayQ9j4UYa7kvGkDHuEBuZhv0bc5Sy66BQcI2JURYODgiotytx1yCqt8bCfsoeTBalUT25VOAuRcMm77//EACMRAAEDAwQCAwAAAAAAAAAAAAEAESExQFEwQVBhgaEggMH/2gAIAQIBAT8Q+xbaMqTWD6NdAefShiHcl4xA28wgZ6x+jr5mDZrgKBJHRUFAOx2ItyZ5VwVVujoT7QWWDkKJs24QCNw6J53/xAAtEAEAAgEEAQIFBQEAAwEAAAABABEhMUFRYXGBkRAgQKHBMLHR4fBQYHDxgP/aAAgBAQABPxD/APa9/wAfZ0Lt1dsK8Rp70cDdg4CZ/wCjxHv1bL1rPcUfAa7qeDl+a/6Bzc4RXaKGnbM1NfHpGu6FXD/6s8+fPnz5v+Ps6F26u2FeI096OBuwcBM/V+WV/TTxHv1bL1rPcUfAa7qeDl+a+pJaSZjov02c3OEV2ihp2zNTXx6RruhVw/VZz1KeR7p/+iefOR9SgufB6/6P58qDqmTcG1/8J/z5fv8Ayyv6eSzpoZ7IIPVgkfU+pfvyWkmY6L9JhB6xQerDxdAF8MCMExwlMva2ekeEeRputhV8q7aeGG4qDpkwbFsIsmzFVznsC6Y7/TZz1KeR7p/oRAUANViwFwFd4yV6y7B4yL7B+WGUpqwOKYg8W2Iz43YdKi9Qv2eYql1VtXea5dJV5Y1sD1L5RfgVxs8WGOojccpYIRrqDgfJBJSsRw9Po8j6lBc+D1+v7EPjt4GZXdFF9hqiBIuQy2Uyx+88onq5jFMWU+hqY9LmKl/45jBSb1g8GhA3Z50lXA5+IXC1lTHJ6ulr2hJt1CveQZragu3mEkfcX6BQdUybg2v6n5orJH7w5AsK19mQGUUUWuXv4qGXnaC94DILVg+8scHVTLt0iBzgOh50IkTrWKdGsD4hUzHhwmEX4zBP2MHpgh98G/4h+UXBP7/5g2/3P5hEU56ipg4aJTzMRHWWW8zLGYQft9O/flBm6YIOVWBGXaomOchVX5cEUm5G16QwRAAU4p7DSGX4mAvZVsMF+mYerHt+2avbSZXqdE0wawPeC5/hc+0u+PiiaAd31feOWo3P9I5KLfn7Q1ovV+8AUatLoimkerHRPiizh4CH9IQfX7c/+Ahs/sIfVXmBYRu5DSfhvo8wEz9UZPMGr3Fft9E/fsA3mgbTwERX0oqtbktmKiQowA4iFqe2YKZpWntLuGbGp8BFVUtdVi38NZ4lRt25YPcgKI5qHyy92TI+xAPeJSYszpHL82wg/VAAAAOCixclf2BqNeZdzMLZJRhl0J7Jrk/Wfv0klNKVIOtm0Zwh8NeV6nCnUCLCiJrgQsc42w485csxouHLswU8aI38Fv4l0TtzKYUW8omtKZXA+kolxopR7S3FF0EC4HtCCD9EAAHR+gAAHDXIsVP9oLZgC/och7Tbmsk9uv6b9+jAMDwFx0u8dOCCtQ8x0RKOB2Os0hMAC1WmMu5TFmVzoDLa9/MHckMZ7ujwIUhrVCe8ucksGfAuWrB30HvKBU0VD0XMjqAVFzW1VuEBCD9MAAAdHzgAEIwAIECGtDSxUJh+qFAdsWVLVfsU1jFnQz7DGLjZrnz7+pLUVq0KvsMre3HdbthiPC8shZUdOa0LXdTHquMCiZBYRwYcEbqroQfZrnMWaLd1/uJhbeGh/eYsg0pfmXeYKpPzQ8AV6Z4qpgWRlu98I/vBmRg/clocjxs1L2TZgHT5QDo+B0fOAAfAEKwAKIECssDTMUQTrGnrCAI0H64aENzOph9GJTrzdnmoaF8ylZwkDIG1KZNvQ03jRIFavZtldxEaV4h7wAII6J8jiNYERa7x8A+AYSgXWmJqcNiRK9ISomqzooB6ShZW5s/ptN2ABr5xOmJCn5HAFYxX6S2gcHA6EH0OEs+xFEoiWJ8Do/SAAAfo3pF6N6p0rylDJeRgtyCxZyrG18esW4E56u9UUydrdWX+ZW0VCSBh0PEHrFyRyXbQCCUgQAnR+ZuKKAHnRHbKct4yEB4KPkBq/s42suyBvBKJyQTBvGzmWkjaI6kMSwNxph9E94P9xreDVAfG/tGVsjrngZWw6/yvxBWgtYLtt4QSGqUC1pLW7DicR0RdJs/MADqgr1KPSjUK9CpS/ebmmHwQuJ1ToiCZqFAQ27Ky1f7vCKs1lntjwSppLhVauCmBF/ojIrEh7tFBHA2KFJycxDyNWWhTQg4rXpZDodGYuDpRm33q/LAyi37VOf7kqV4yzMm+sI5uWfAzEFhK4CCjbiKQImo/A7lFdWMAQ96+8MR7gjf4Y9tw1ezs29IFp6lnxMt8b4QR6uSBfVDK2icxmUgYcmaLwQZamxzRlcJOj4FgKmn6EhYB6MwuJ1zpnXOmdMsk0bAR3TSqzt/hLrmC2Sl8GxHaJIl4QwrYacGHunviClS6UtjlYjX68l9nG7GXOkChqosDVqajbT76HBAiEOCBLPkBhV1BhEpJnxcWhujqBHiOTBgAbe4aSblUsZmIrJnHIYI17TcX0SUy9C9di9wMMLoqzq41JNaT8DqZk3IchxvVNeYhEfeGrJUNPq/EdE1MBIrXm0Z4zVzTsxJwOgJgeLaGYOq9K3lBiP8AMwYEdQAy3SBOG2hXsYs7LgQMdn2QYckoH7tawk4WJYzrm7UR6JbAEJPQw38vxAvYDkgoiuCOhnAKi0tKwZ8BHrOEpGqu0A3FCRWLd44IHE3Gi8Pg8uYCIGACggQoBslZXmGiEDNQcDT935cGCNSAZejtMtyWmo3EHQbj8wcjDwLeWAhNxCwyhVYHkagqFy3vBZYIITUWgmOd4UQ3Lks3eXbFf/YZyQnE3J+KAGYz40g5hbNYjJ0m5EC5Nq/wvXwSMsBqJoymYztv4y/WdU64sKGT93RgviBExQaArYMVEBRvjiUtqOFsqIgYsBhtQ2nROiBGFHdu384GjQ5IYIoqUrAU1CLRC9Hg8PEYl63T4sHtiUJcnCAyujEJk1DF6EN3HTV4iVcA+RnKmVa3BWiDSLan88ZX8gAKSJgW4HIvqJSLuGKFaBTHSp8N1DKspMIy/wAmaA4Ep6yrYEo5MPMA1zKonMq9k0IaVcMwLyhigpRp2cMVsC0M9f5fARcwkgWh2uvWEHEdEnXFa/q6/PI9S0PFO+WMudl64VNGvkm8FjAnUqqXi4GAGydEtmesnSDqqUtVbWEmKC8QgAAascuDRsPLB/jfl2ByppS4KfZhN3MGSGVLDVXLCKUWuIP5mC6v08EeOTVWCFhjS4OXcN/SUXJVaUCGuDvGyiQHR/uhD8rUCLBLe0NEX1FdF3D9MWiUZXfMairbTtKpU1eR4dJVENHEJ0fgIB8hG0Z0lKm8D2mOn7Tah9noFiR2p4Oe05/ZCqCmUusKTBg+kq6mec1rlrGFEX7Tt2oyaOO6hXkB6JyJBYJgpR933hLVXeSvtjFAOq2DvU94jGJyq2s6ImnLoYV/BGsmLVKkVdx6EcUAFg5Zmd6ao3zLXjEMGm6SNzTPG8LLXBMnUNjj5d4+OA0GA8E0hmX03P8AEW0ug3ioMpZZVkEXltaBGUiX/bmDRiHJbtmDfHzoCkjARnmAWZ1F8dYu7VYUZW6lbCvyRarKoK/XaE0fch40zDLEn3UH7JrRGhOzKrzdDXEqZgARKRMJAMJR0BSiUm1TgOyOGBZl0Fn/ACKj0EvOB3FUGtghdWECtNBgPZAEFFYlzwmpOiBxAKFIxMlUl5ljgh4OiIkZK4fOiYhm41wBja84gOzFgGgBDLB1Dq/iKrvePLvA50gNlcjSJKOd3r/UtVQ4A8sY4VnWvzD/AH8oNMBHCEWR6O75jUiggdOCCA/RQdSDtjMJEX1M2l9QMDDY3GWr2tWLzs9Imemg+ruespo+7DpGpvD+hNCo+0Yb8qHCBWYkmvFL+7m5G8NTFK4524DUlDxNixCGC0pDUeXLtBdBht6Lym7ZHpAEvdDkdhjIQ4ARXnSLjhTOOHlj4MhS6poeNYG10DyCsp7l8p/irmYLN6jxxMrYq8wKyHEMrxtj+YfWsAIdva0X5OIuFlJ9LGVli+0jHlbJegqitOV3mHJA2gAAOobQ/VApg0dfUstl6lpC7i4X11DzognQ+Vovc1JQeKGjBgBozOjlAqBvCKImv3l8kFjRjwWlV+Ak7p2nDHq4EZjOpIoYEgkIDZndhmd4qZeaWQ9XB6JdMjXg8sylB9v8y3B4lmrXYgktPRr/AFLxRXAlaRZca+CHdPyS3i9I8RkBV6d0fA1svQNCK4kCCYiHEEAGPoSsI8ED1LPS+oluu4yky2xAACFM6dbfWWmCFgTpgOnVgoglHMepXA3fu/IAGxKpm+qUyeDC91qaJQvoVAvUxLNI2RpADLBlFHL8EGjy6rWWbpusB5Yjs3JdX8xwp4z6fBgI/YMpKdt4xAUogzArqGQSoAKCvpC6EdCLlnC+pdQu4QR7wV9m0LklQUTxvHSTpRHoyoBmCCY5b4oBsSqCIo3GPewbfa/xAvLCBYBa1oeWANs+0QG5dAIHrLld+TiByDL93dmiV7gXTaNHfVl2sakqqDBldQah9RqBEwluWIL6iMq7gmULTV4ma+fFdG+dGEBPNDoqanpRuGYvXnuVpN/GLPE9oqUiy/cEilwXxELbwHL5YAAAGxKaD1w34hMgc704izw1fv5XeOhLcoaXitoNArqBgGJpg+rQSkjARnmATL6jeMt7QzEugKesYqjgrMKKrUDBD/Vmdk9wUmj3CqxFS9RGaD+DCDC06uxBqUe29+ZQW1otvsaRVmRRqd/xBq6BQjYgrqGgSoBQ+vQdSFojMPEX1Fmy+oRdQCi5EKpbXvovq8RH3lhNme4Tlsd4Qi37oi2cOC1jkb1Lz5cwipsKAS4G47PlgCD2gKhjqBUB/wAQSmAUVfUK3XUEYAiNhiCiyDJ70+1RUtNBYbOqfePCKxwIxHbJV6Af3NWloPfgww6RqdG8NJiAFBCjGAEaYP8Aj6oQpwm1Iq6HtNMX1AvdYfUmpTg+y0U7wI41RD2XeUCwWXANB/zNSIzYjZGwCCYP/BP/2Q==","provType":"MONITORING","date":"2018-03-12T10:59:38.312Z"}}},"provision.device.location":{"_value":{"_current":{"value":{"position":{"type":"Point","coordinates":[40.39484158748039,4.7818489385469185]},"postal":"28033","source":"GPS"},"provType":"MONITORING","date":"2018-03-12T10:59:38.315Z"}}},"provision.device.model":{"_value":{"_current":{"value":{"name":"OpenGate","version":"1.0","manufacturer":"OpenGate"},"provType":"MONITORING","date":"2018-03-12T10:59:38.406Z"}}},"provision.device.name":{"_value":{"_current":{"value":"CHD_DEV_6 name","provType":"MONITORING","date":"2018-03-12T10:59:38.307Z"}}},"provision.device.specificType":{"_value":{"_current":{"value":"SENSOR","provType":"MONITORING","date":"2018-03-12T10:59:38.309Z"}}},"resourceType":{"_value":{"_current":{"value":"entity.device","provType":"IDENTIFIER","date":"2018-03-12T10:59:38.415Z"}}}},{"provision.administration.channel":{"_value":{"_current":{"value":"default_channel","provType":"MONITORING","date":"2018-03-12T10:59:44.221Z"}}},"provision.administration.identifier":{"_value":{"_current":{"value":"CHD_DEV_7","provType":"MONITORING","date":"2018-03-12T10:59:44.296Z"}}},"provision.administration.organization":{"_value":{"_current":{"value":"chemacorp","provType":"MONITORING","date":"2018-03-12T10:59:44.219Z"}}},"provision.administration.plan":{"_value":{"_current":{"value":"FLOW_RATE_100","provType":"MONITORING","date":"2018-03-12T10:59:44.215Z"}}},"provision.administration.serviceGroup":{"_value":{"_current":{"value":"emptyServiceGroup","provType":"MONITORING","date":"2018-03-12T10:59:44.218Z"}}},"provision.device.administrativeState":{"_value":{"_current":{"value":"ACTIVE","provType":"MONITORING","date":"2018-03-12T10:59:44.812Z"}}},"provision.device.communicationModules[].description":[{"_index":{"path":"provision.device.communicationModules[].identifier","value":{"_current":{"value":"COMMS1_SN_CHD_DEV_7","provType":"MONITORING","date":"2018-03-12T10:59:44.298Z"}}},"_value":{"_current":{"value":"COMMS1_SN_CHD_DEV_7 desc","provType":"MONITORING","date":"2018-03-12T10:59:44.405Z"}}},{"_index":{"path":"provision.device.communicationModules[].identifier","value":{"_current":{"value":"COMMS2_SN_CHD_DEV_7","provType":"MONITORING","date":"2018-03-12T10:59:44.709Z"}}},"_value":{"_current":{"value":"COMMS2_SN_CHD_DEV_7 desc","provType":"MONITORING","date":"2018-03-12T10:59:44.71Z"}}}],"provision.device.communicationModules[].identifier":[{"_index":{"path":"provision.device.communicationModules[].identifier","value":{"_current":{"value":"COMMS1_SN_CHD_DEV_7","provType":"MONITORING","date":"2018-03-12T10:59:44.298Z"}}},"_value":{"_current":{"value":"COMMS1_SN_CHD_DEV_7","provType":"MONITORING","date":"2018-03-12T10:59:44.298Z"}}},{"_index":{"path":"provision.device.communicationModules[].identifier","value":{"_current":{"value":"COMMS2_SN_CHD_DEV_7","provType":"MONITORING","date":"2018-03-12T10:59:44.709Z"}}},"_value":{"_current":{"value":"COMMS2_SN_CHD_DEV_7","provType":"MONITORING","date":"2018-03-12T10:59:44.709Z"}}}],"provision.device.communicationModules[].name":[{"_index":{"path":"provision.device.communicationModules[].identifier","value":{"_current":{"value":"COMMS1_SN_CHD_DEV_7","provType":"MONITORING","date":"2018-03-12T10:59:44.298Z"}}},"_value":{"_current":{"value":"COMMS1_SN_CHD_DEV_7 name","provType":"MONITORING","date":"2018-03-12T10:59:44.299Z"}}},{"_index":{"path":"provision.device.communicationModules[].identifier","value":{"_current":{"value":"COMMS2_SN_CHD_DEV_7","provType":"MONITORING","date":"2018-03-12T10:59:44.709Z"}}},"_value":{"_current":{"value":"COMMS2_SN_CHD_DEV_7 name","provType":"MONITORING","date":"2018-03-12T10:59:44.604Z"}}}],"provision.device.communicationModules[].subscriber.administrativeState":[{"_index":{"path":"provision.device.communicationModules[].identifier","value":{"_current":{"value":"COMMS1_SN_CHD_DEV_7","provType":"MONITORING","date":"2018-03-12T10:59:44.298Z"}}},"_value":{"_current":{"value":"ACTIVE","provType":"MONITORING","date":"2018-03-12T10:59:44.501Z"}}},{"_index":{"path":"provision.device.communicationModules[].identifier","value":{"_current":{"value":"COMMS2_SN_CHD_DEV_7","provType":"MONITORING","date":"2018-03-12T10:59:44.709Z"}}},"_value":{"_current":{"value":"ACTIVE","provType":"MONITORING","date":"2018-03-12T10:59:44.707Z"}}}],"provision.device.communicationModules[].subscriber.description":[{"_index":{"path":"provision.device.communicationModules[].identifier","value":{"_current":{"value":"COMMS1_SN_CHD_DEV_7","provType":"MONITORING","date":"2018-03-12T10:59:44.298Z"}}},"_value":{"_current":{"value":"SUBS1_SN_CHD_DEV_7 desc","provType":"MONITORING","date":"2018-03-12T10:59:44.413Z"}}},{"_index":{"path":"provision.device.communicationModules[].identifier","value":{"_current":{"value":"COMMS2_SN_CHD_DEV_7","provType":"MONITORING","date":"2018-03-12T10:59:44.709Z"}}},"_value":{"_current":{"value":"SUBS2_SN_CHD_DEV_7 desc","provType":"MONITORING","date":"2018-03-12T10:59:44.699Z"}}}],"provision.device.communicationModules[].subscriber.identifier":[{"_index":{"path":"provision.device.communicationModules[].identifier","value":{"_current":{"value":"COMMS1_SN_CHD_DEV_7","provType":"MONITORING","date":"2018-03-12T10:59:44.298Z"}}},"_value":{"_current":{"value":"SUBS1_SN_CHD_DEV_7","provType":"MONITORING","date":"2018-03-12T10:59:44.416Z"}}},{"_index":{"path":"provision.device.communicationModules[].identifier","value":{"_current":{"value":"COMMS2_SN_CHD_DEV_7","provType":"MONITORING","date":"2018-03-12T10:59:44.709Z"}}},"_value":{"_current":{"value":"SUBS2_SN_CHD_DEV_7","provType":"MONITORING","date":"2018-03-12T10:59:44.607Z"}}}],"provision.device.communicationModules[].subscriber.model":[{"_index":{"path":"provision.device.communicationModules[].identifier","value":{"_current":{"value":"COMMS1_SN_CHD_DEV_7","provType":"MONITORING","date":"2018-03-12T10:59:44.298Z"}}},"_value":{"_current":{"value":{"name":"TEST","version":"1.0","manufacturer":"sb-HD"},"provType":"MONITORING","date":"2018-03-12T10:59:44.41Z"}}},{"_index":{"path":"provision.device.communicationModules[].identifier","value":{"_current":{"value":"COMMS2_SN_CHD_DEV_7","provType":"MONITORING","date":"2018-03-12T10:59:44.709Z"}}},"_value":{"_current":{"value":{"name":"TEST","version":"1.0","manufacturer":"sb-HD"},"provType":"MONITORING","date":"2018-03-12T10:59:44.61Z"}}}],"provision.device.communicationModules[].subscriber.name":[{"_index":{"path":"provision.device.communicationModules[].identifier","value":{"_current":{"value":"COMMS1_SN_CHD_DEV_7","provType":"MONITORING","date":"2018-03-12T10:59:44.298Z"}}},"_value":{"_current":{"value":"SUBS1_SN_CHD_DEV_7 name","provType":"MONITORING","date":"2018-03-12T10:59:44.411Z"}}},{"_index":{"path":"provision.device.communicationModules[].identifier","value":{"_current":{"value":"COMMS2_SN_CHD_DEV_7","provType":"MONITORING","date":"2018-03-12T10:59:44.709Z"}}},"_value":{"_current":{"value":"SUBS2_SN_CHD_DEV_7 name","provType":"MONITORING","date":"2018-03-12T10:59:44.704Z"}}}],"provision.device.communicationModules[].subscriber.serialNumber":[{"_index":{"path":"provision.device.communicationModules[].identifier","value":{"_current":{"value":"COMMS1_SN_CHD_DEV_7","provType":"MONITORING","date":"2018-03-12T10:59:44.298Z"}}},"_value":{"_current":{"value":"SUBS1_SN_CHD_DEV_7ICC","provType":"IDENTIFIER","date":"2018-03-12T10:59:44.407Z"}}},{"_index":{"path":"provision.device.communicationModules[].identifier","value":{"_current":{"value":"COMMS2_SN_CHD_DEV_7","provType":"MONITORING","date":"2018-03-12T10:59:44.709Z"}}},"_value":{"_current":{"value":"SUBS2_SN_CHD_DEV_7ICC","provType":"IDENTIFIER","date":"2018-03-12T10:59:44.612Z"}}}],"provision.device.communicationModules[].subscriber.software":[{"_index":{"path":"provision.device.communicationModules[].identifier","value":{"_current":{"value":"COMMS1_SN_CHD_DEV_7","provType":"MONITORING","date":"2018-03-12T10:59:44.298Z"}}},"_value":{"_current":{"value":{"name":"software","version":"1.0","type":"SOFTWARE"},"provType":"MONITORING","date":"2018-03-12T10:59:44.499Z"}}},{"_index":{"path":"provision.device.communicationModules[].identifier","value":{"_current":{"value":"COMMS2_SN_CHD_DEV_7","provType":"MONITORING","date":"2018-03-12T10:59:44.709Z"}}},"_value":{"_current":{"value":{"name":"software","version":"1.0","type":"SOFTWARE"},"provType":"MONITORING","date":"2018-03-12T10:59:44.703Z"}}}],"provision.device.communicationModules[].subscriber.specificType":[{"_index":{"path":"provision.device.communicationModules[].identifier","value":{"_current":{"value":"COMMS1_SN_CHD_DEV_7","provType":"MONITORING","date":"2018-03-12T10:59:44.298Z"}}},"_value":{"_current":{"value":"GENERIC","provType":"MONITORING","date":"2018-03-12T10:59:44.418Z"}}},{"_index":{"path":"provision.device.communicationModules[].identifier","value":{"_current":{"value":"COMMS2_SN_CHD_DEV_7","provType":"MONITORING","date":"2018-03-12T10:59:44.709Z"}}},"_value":{"_current":{"value":"GENERIC","provType":"MONITORING","date":"2018-03-12T10:59:44.697Z"}}}],"provision.device.communicationModules[].subscription.address":[{"_index":{"path":"provision.device.communicationModules[].identifier","value":{"_current":{"value":"COMMS1_SN_CHD_DEV_7","provType":"MONITORING","date":"2018-03-12T10:59:44.298Z"}}},"_value":{"_current":{"value":{"type":"IPV4","value":"172.18.19.24","apn":"movistar.es"},"provType":"REFERENCE","date":"2018-03-12T10:59:44.311Z"}}},{"_index":{"path":"provision.device.communicationModules[].identifier","value":{"_current":{"value":"COMMS2_SN_CHD_DEV_7","provType":"MONITORING","date":"2018-03-12T10:59:44.709Z"}}},"_value":{"_current":{"value":{"type":"IPV4","value":"172.18.19.24","apn":"movistar.es"},"provType":"REFERENCE","date":"2018-03-12T10:59:44.512Z"}}}],"provision.device.communicationModules[].subscription.administrativeState":[{"_index":{"path":"provision.device.communicationModules[].identifier","value":{"_current":{"value":"COMMS1_SN_CHD_DEV_7","provType":"MONITORING","date":"2018-03-12T10:59:44.298Z"}}},"_value":{"_current":{"value":"ACTIVE","provType":"MONITORING","date":"2018-03-12T10:59:44.313Z"}}},{"_index":{"path":"provision.device.communicationModules[].identifier","value":{"_current":{"value":"COMMS2_SN_CHD_DEV_7","provType":"MONITORING","date":"2018-03-12T10:59:44.709Z"}}},"_value":{"_current":{"value":"ACTIVE","provType":"MONITORING","date":"2018-03-12T10:59:44.514Z"}}}],"provision.device.communicationModules[].subscription.description":[{"_index":{"path":"provision.device.communicationModules[].identifier","value":{"_current":{"value":"COMMS1_SN_CHD_DEV_7","provType":"MONITORING","date":"2018-03-12T10:59:44.298Z"}}},"_value":{"_current":{"value":"SUBT1_SN_CHD_DEV_7 desc","provType":"MONITORING","date":"2018-03-12T10:59:44.404Z"}}},{"_index":{"path":"provision.device.communicationModules[].identifier","value":{"_current":{"value":"COMMS2_SN_CHD_DEV_7","provType":"MONITORING","date":"2018-03-12T10:59:44.709Z"}}},"_value":{"_current":{"value":"SUBT2_SN_CHD_DEV_7 desc","provType":"MONITORING","date":"2018-03-12T10:59:44.503Z"}}}],"provision.device.communicationModules[].subscription.identifier":[{"_index":{"path":"provision.device.communicationModules[].identifier","value":{"_current":{"value":"COMMS1_SN_CHD_DEV_7","provType":"MONITORING","date":"2018-03-12T10:59:44.298Z"}}},"_value":{"_current":{"value":"SUBT1_SN_CHD_DEV_7","provType":"MONITORING","date":"2018-03-12T10:59:44.304Z"}}},{"_index":{"path":"provision.device.communicationModules[].identifier","value":{"_current":{"value":"COMMS2_SN_CHD_DEV_7","provType":"MONITORING","date":"2018-03-12T10:59:44.709Z"}}},"_value":{"_current":{"value":"SUBT2_SN_CHD_DEV_7","provType":"MONITORING","date":"2018-03-12T10:59:44.505Z"}}}],"provision.device.communicationModules[].subscription.mobile.homeOperator":[{"_index":{"path":"provision.device.communicationModules[].identifier","value":{"_current":{"value":"COMMS1_SN_CHD_DEV_7","provType":"MONITORING","date":"2018-03-12T10:59:44.298Z"}}},"_value":{"_current":{"value":"Telefónica Móviles España, SAU","provType":"MONITORING","date":"2018-03-12T10:59:44.402Z"}}},{"_index":{"path":"provision.device.communicationModules[].identifier","value":{"_current":{"value":"COMMS2_SN_CHD_DEV_7","provType":"MONITORING","date":"2018-03-12T10:59:44.709Z"}}},"_value":{"_current":{"value":"Telefónica Móviles España, SAU","provType":"MONITORING","date":"2018-03-12T10:59:44.602Z"}}}],"provision.device.communicationModules[].subscription.mobile.imsi":[{"_index":{"path":"provision.device.communicationModules[].identifier","value":{"_current":{"value":"COMMS1_SN_CHD_DEV_7","provType":"MONITORING","date":"2018-03-12T10:59:44.298Z"}}},"_value":{"_current":{"value":"SUBT1_SN_CHD_DEV_7_IMSI","provType":"IDENTIFIER","date":"2018-03-12T10:59:44.315Z"}}},{"_index":{"path":"provision.device.communicationModules[].identifier","value":{"_current":{"value":"COMMS2_SN_CHD_DEV_7","provType":"MONITORING","date":"2018-03-12T10:59:44.709Z"}}},"_value":{"_current":{"value":"SUBT2_SN_CHD_DEV_7_IMSI","provType":"IDENTIFIER","date":"2018-03-12T10:59:44.515Z"}}}],"provision.device.communicationModules[].subscription.mobile.msisdn":[{"_index":{"path":"provision.device.communicationModules[].identifier","value":{"_current":{"value":"COMMS1_SN_CHD_DEV_7","provType":"MONITORING","date":"2018-03-12T10:59:44.298Z"}}},"_value":{"_current":{"value":"MSISDN_FAKE","provType":"MONITORING","date":"2018-03-12T10:59:44.4Z"}}},{"_index":{"path":"provision.device.communicationModules[].identifier","value":{"_current":{"value":"COMMS2_SN_CHD_DEV_7","provType":"MONITORING","date":"2018-03-12T10:59:44.709Z"}}},"_value":{"_current":{"value":"MSISDN_FAKE","provType":"MONITORING","date":"2018-03-12T10:59:44.6Z"}}}],"provision.device.communicationModules[].subscription.mobile.registeredOperator":[{"_index":{"path":"provision.device.communicationModules[].identifier","value":{"_current":{"value":"COMMS1_SN_CHD_DEV_7","provType":"MONITORING","date":"2018-03-12T10:59:44.298Z"}}},"_value":{"_current":{"value":"Telefónica Móviles España, SAU","provType":"MONITORING","date":"2018-03-12T10:59:44.397Z"}}},{"_index":{"path":"provision.device.communicationModules[].identifier","value":{"_current":{"value":"COMMS2_SN_CHD_DEV_7","provType":"MONITORING","date":"2018-03-12T10:59:44.709Z"}}},"_value":{"_current":{"value":"Telefónica Móviles España, SAU","provType":"MONITORING","date":"2018-03-12T10:59:44.597Z"}}}],"provision.device.communicationModules[].subscription.name":[{"_index":{"path":"provision.device.communicationModules[].identifier","value":{"_current":{"value":"COMMS1_SN_CHD_DEV_7","provType":"MONITORING","date":"2018-03-12T10:59:44.298Z"}}},"_value":{"_current":{"value":"SUBT1_SN_CHD_DEV_7 name","provType":"MONITORING","date":"2018-03-12T10:59:44.301Z"}}},{"_index":{"path":"provision.device.communicationModules[].identifier","value":{"_current":{"value":"COMMS2_SN_CHD_DEV_7","provType":"MONITORING","date":"2018-03-12T10:59:44.709Z"}}},"_value":{"_current":{"value":"SUBT2_SN_CHD_DEV_7 name","provType":"MONITORING","date":"2018-03-12T10:59:44.509Z"}}}],"provision.device.communicationModules[].subscription.specificType":[{"_index":{"path":"provision.device.communicationModules[].identifier","value":{"_current":{"value":"COMMS1_SN_CHD_DEV_7","provType":"MONITORING","date":"2018-03-12T10:59:44.298Z"}}},"_value":{"_current":{"value":"MOBILE","provType":"MONITORING","date":"2018-03-12T10:59:44.307Z"}}},{"_index":{"path":"provision.device.communicationModules[].identifier","value":{"_current":{"value":"COMMS2_SN_CHD_DEV_7","provType":"MONITORING","date":"2018-03-12T10:59:44.709Z"}}},"_value":{"_current":{"value":"MOBILE","provType":"MONITORING","date":"2018-03-12T10:59:44.507Z"}}}],"provision.device.description":{"_value":{"_current":{"value":"CHD_DEV_7 desc","provType":"MONITORING","date":"2018-03-12T10:59:44.797Z"}}},"provision.device.identifier":{"_value":{"_current":{"value":"CHD_DEV_7","provType":"MONITORING","date":"2018-03-12T10:59:44.809Z"}}},"provision.device.image":{"_value":{"_current":{"value":"data:image/jpeg;base64,/9j/4AAQSkZJRgABAQEASABIAAD/2wBDAAMCAgICAgMCAgIDAwMDBAYEBAQEBAgGBgUGCQgKCgkICQkKDA8MCgsOCwkJDRENDg8QEBEQCgwSExIQEw8QEBD/2wBDAQMDAwQDBAgEBAgQCwkLEBAQEBAQEBAQEBAQEBAQEBAQEBAQEBAQEBAQEBAQEBAQEBAQEBAQEBAQEBAQEBAQEBD/wgARCAGQAZADASIAAhEBAxEB/8QAHAABAAEFAQEAAAAAAAAAAAAAAAYCAwQFBwgB/8QAGQEBAQEBAQEAAAAAAAAAAAAAAAEEBQMG/9oADAMBAAIQAxAAAAH1SAAAAAAAAAAAAAAAAAAAAAAAAAAAAAAAAAAAAAAAAAAAAAAAAAAAAAAAAAAAAAAAAAAAAAAAAAAAAAAAAAAAAAAAAAAAAAAAAAAAAAAAAAAAAAAQUnTlnUwAAAAAAAAAAAAAAAAAAAAAAB499hcLPP8A7z8s+pwAAAAAAAAAAAAAAAAAAAAAABxjs/GCG+mfM3pkAAAAAAAAAAAAAAAAAAAAAAAcY7PxghvpnzN6ZAAAAAAAAAAILpuIQ096Pn0AAAAAAAAAAAcX7Rw8h/qDyh6vAAAAAAAAAAOFwzoENPTIAAAAAAAAAAAHBO9+eiC+v/GnssAAAAAAAAAA4xDZlDT0yAAAAAAAAAAAxcgq87+iPO5zz2X409lgAAAAAAAAAHGIbMYOeoAAAAAAAACOkio4tGTsUIs/DS5mrHQYFb+kQ9fefJedURmRFwAAAAAAAAHD4BNOdnr8AAAAAxjJc7gh2vm0KlxDL0/05sMeK2i/Y+gfQ+Wy79xfhmZun+nQJZxX6ejr3neVHXkRk5fAAAAAB565z0Pnh7LAAAWeQnYo7yvVkxjGNcN5fitJINPjgUFX3BpM3GtCtjWjM+4X0zWJUZCzUXftuouV2qi9ma+om0v45UeicrzrJjsiEykzQAAed+edD54eywACg1XmjsUFOMTKYRElX3kW5OhsS2Z9nVVl/wCY+MbDFs1D79+ipUPv36KlQqVCpUKlQqVCpUKlQvW6iRyvmX07xm8A3p2JBpWcF550Lnp7LAA0W9hxz+J7jTi5R9M+DSy2cJwZNgkU10u1hocuzryVb7mw7fLvMV49SVcH6cSyr5WPv2o+VqhUqFSo+Vfaj5V9rKaqvp8+tQbjTwLZFGv6zLU4bt+1Xl5Rn9RjR0rZeV+wHSAIXNI0cY11usrqVC9brOJ4tVmS9XifLdjYx7ho470W4cpdB1xD7/Tpscz7VgcrO4VYWeKlwpqyskwsjKrLN25WU11VlP1AjM18t6ERST7PKTVZu3xS7HoZzMkfPZTG1k3ZY9ITpgGv2GKeWYz6P42WNvzbKOj1x3eHE95o8PJi2+FizPNmiFMljWvZ9y8XJ06usdR5b1oh3NumcHKIbpcAnfoHyJ6tNzmXKyzYt0cnjZv3X53N5mwu67bd/wCipXYhp1aybWuhlvMyc1Me7qOZLPOUauRGhkt60cz6RqOhFOxw8w6WADH00h+HKuZendUePa/R/NDgX2QQ4233X5hd+qinKsZJ1XrHKOsEN4j27hxroROxyvvPLOunWbnEpeSrXynI5PGj1O9zsHP12bXV3/o9doc/pXt7XNzTEyRwKB4xTn7S6U3KPh9fai5MYVYOg67mPWTo/wBt3AAAC3rdsOfc29D4B4rg/ufnZ5dzptADYZWg251/rPJetkL4f3Hh5rqvn0v+ivN/oQmUBmtaed913aODL4x8XtVWu25ur8IgBJIxuNiWshSV0qj5V9zjHytTBTf6WV9YIn0rMyh9AAAAACnDzhEIB23FPIHP/ccFOQ9n5ptjM4j1HkJR9ouD0T539HpvqlYqfbLuBm2l88ZG7kUun3qs+vn0VLpbyrkeN/BLPQSCdclcgMDZ1gAAAAAAAAD5YyBHoV1W0eaeSe3IgeLc/uHKDD9L+TfRZ0arXbFPtfyuxh5uGvIJNo97L9fLh8rvVlWLqss0e9nkxI5Lsu4fPoAAAAAAAAAAAALdwamK9AoPPMK9Wxs89TLfQw6JteKSNOm4WDfrl0hjcnl+5ON8LNyZyki0s22WWb/0AAAAAAAAAAAAAAAAKahiavf/AAgsO7PjnnDXelomcAnuz6eQ2Z7PKMXMrAAAAAAAAAAAAAAAAAAAAAHyi4LFdwfPoAAAAAAAAf/EADMQAAAGAQIDBwMDBAMAAAAAAAABAgMEBQYHERIgQBATFCEzNTYwMVAiIzQVFiQyJWCA/9oACAEBAAEFAv8A2vkeWwMdFBn8C5lfkM677+54fe+LL7fj9UYcfwem0KPKvPyGqPs+l3vH5DVH2fS73j8hqj7Ppd7x0uR5bAx0UGfwLmV1OqPs+l3vHS51339zw+98WX26jVI9qbStW930uqMOP4PTaFHlXnU6sq4aTSNfFfdLqj7Ppd7x1OsSuGh0aXxZB0uqPs+l3vHU61Hw4/op55D0uqPs+l3vHU62fH9E/kHS6o+z6Xe8dMqVHQojJRDWz4/on8g6XVI9qbStW930alpQU7KqiEHr62tDdNaXI9nNjCNlbpDUwzyWi0dhSoeRdLqyrhpNI18V90Nhf1NYU3PX3h3V9cqi4/FhplWLaS5I8t+K5FymQgRsgr5AQ424XRaxK4aHRpfFkH1plnAgJn6gRkCTb5JcnDxd102qqurkv3SEE6+8+r6DMuSwcbJ5bYjZFBfDbzTxfX1qPhx/RTzyH6b0liMmdmtbHEvIshsw1jsqUqNjkZgjk1UISL19YccW6rl3IgbrZDxDY8QO+WO8dHG8ON4Mzpsc4uVTWxFyaA+Gn2Xi+prZ8f0T+QfQUpKCl38CMJeSWb5/0+RYON19XEH9ThMBy6lqDkh57lUtCQclI45Ch3bpju2SG8ch3yCHiFDv1jvXB3ix3ix3ix3ix3qw1NkMnGyiY0IuTwXgzKjvl9HWz4/on8g5nnm47SNRqyxXIs5kobmCVsDfdMuVS0oBydxwvrHAwgeIQkG+4Y3Uf123nWji5FPYEbKIrgZmRpBc2tnx/RP5BzWDzRtZBp5WLUdhlGOHXZPV2IIyPlW8hsd4+6O6bSDkJSFOrV0yFrQca9nxxGydlYYmRpJdutnx/RP5ByrUSEyZRmcmWtS0yCUVjh9LZhcLLMbOuzKDINMuMtK58NseNS+CciNhUviG+/VoWtBsX82KImVRXwzOiyBrZ8f0T+QctxJ8PElu/oPzMEoyCJJkLmprrE/6LHSTlXGQFsIbCuJI8VJSG7eyaDWTW7QYzR8hHy2sdJiVGkp6WXbwYQfyOY+fg7OebNRJjhqfaxTkzWb2LiNRWYxaMWMORy5Me0SSrdPITBLOSg/EqhpUF1CFB2jfDkCW0DIy5G3nWVQcqsoorMjgWAL6mw4THCobH2TrWJAJ+0s7Q4GNOunCxtpsM1sdsigtLCaSMoHWwIyZ1hEbTIyRht7EpUp7kyo9oLp7p5EHsJjn+Z3w70E6OMjDkZh8n6VJh+HIj8iGXViqyGfVqiymJjXMTajBMgmkgkkNhsNgeySnW5rOJjpTFwscjMEiGlsEgw2wZhLaWymXjLRXGTNsOWq5ckY/WoiNYp/L7chY8RVFJTsSiPlm/wAwm1nyEowTg4ScD1D4g/7anoVDxYzEXHmGhLpq2QwTkzFp0OWzOY7CSZhLIJBENhsNhsNhsFrQ0iXMfsnKujJIYjIaIiCGjMJZISJbEYry8XHbORcXQebg49DpYL1jMXHSxFxT+X2yT/Re18qBJZsjI2JyFhLiVdsvymtLQ4U8myCIr6yNCkH2MH+5UElYZiRlNWMZpgSromzlZAJtr4lOK3CoE0ghkEnYKUhtKHnXh/nDvloCTSothsDMklLku2b9VUJbJtskklBmEMhx1mOmbbfplZKqYqNUGayIW/HOsqCEllub6GK/y+15HEVnWd8VpjZ8TkaXENixUkR7BKg26lQm/wAzsiymHEWbkdTfYx6lOIx/t3J+VsymSqXGfjrBHseOySn1Ow2Bd3xOSX3jSkwk1EGPJ7YbC2lKdXT1ZJJtrhJDI4UNlJtCSLTJY7LhRrO0NlhphBIGxBFeXiYMc0osEmljFf5fItolCRXIcE7H0OCxxjYPQZcQ2LBbZvSCVJJRGC7duxj1KcR/TuvtMP8AdcaQ8idXrjGMBsYqIJeY2EiI5uhbe5GgG82RxIjjJ7CY/wCGj1MFT7saJwJQ0RCROZji2vmIyXJ1xcqhVsSCRJMxuSR9+xpXAqBIjqFwlPg8YcLxpHvzKbJQfgoWJtE24LHGBY4xIZUtD8ZSHwlZHyMepTiP6d19pvqgyJRWFWbYoNOo17jLxZpiKqnNKqwCFJWSiQ4PCV4bNLJfcbCW0ubKrK1MZt15mMmdb7IlZFKnLj1DSXSLcbJSDMz7NuwyMg682wkrJ+xXQxERUI+3OaCMPQ0LEykbcFli6FlY4m40bzEqIaHwlwj7GP8AemEf07r7TfV7CMYo4TVAbhLFzg1BdB6hzPFFVWfQZCmH2JLew2GxivgtRkyLTYrTJmmXTr5VmtCENp4dhvyNtLcPdiOLG9QhTFdOtXaqiJoo0YmyLy+kaSMOxULEunbcKxxlKys8RNByIUyEaHxGdI10xiP6d1/rN9Xtxv2YEEuGQtsZo70pGC5HQLg567Dcg2UCyaLyFvfRq9t561vCiQo8Jsi3G+3IRGoyZQ0J9szGbclWFsqpxokiDUoaJthKC+qaSMOR0qEqpbcFhjaFi0w8t11s2C5RyBEeI27kyNM31e3Hi2p+QlGQn1tbatXWFpqnqmzzKS3CqmYp/ceRD79m3YhgzJclthMu7W6qBQvy3a2iQ2TENDZEki6HbcLYSoSaxtwT8dQsP0j8JcS1Q2LaTumU+Rukoj7aIv8AiOV0+Fu6dWtxtPAjlQ2pw/2mROt22j8NPtV1eOpQIlahokNknpdgppKhIrkOCdj6HBPx95BWVLOZWTq0GiQRglkYpPaeWX6MlHHP7dgRGYJpKBJmoaQt6ZOOvx/zhVCGw1HSgiLbqVNkYfgoWJtE24LfEW3im41LiBK3Urp7MmojMttwEZHyS/Rf/TOGxn2IaMwbyGyXLceVGplurh1CSDENKAlBF1poIw9DQsTKRtwWGLoM3a6ZENiyeYOHdkYYnNuBKiPsmei952ASk1H+20H5fmzVyZZxKpKCjwUpCGiT+BNJGHYqViVUNuCZjqFCRjzrZ8U+CcO8EexacEtxJsKPexLYLeS2liJMniFTMxwzCIg2wSQRbfhDIjC2EqDsBCg9VIMTMUjuiRWW9YHLxRN10k5Nk33slcHHkINuMQQwRAkkX4k0EYUwRhUYhZ4rV2aYGAohSo0BmMhLQJH43YcI4ASf+i//xAAkEQABAwIGAgMAAAAAAAAAAAABAgMEABEFBhMhIjESQCBwgP/aAAgBAwEBPwH9KEgd+zLhiUBvan1vYcwkNjyqHIVJa1FC3znYuiKrTSLmhmNYPJFRJSJjQdR683B25StRJsaRlvfmumGERmw2319Qf//EACMRAAICAQMEAwEAAAAAAAAAAAECAwQABRESISIxQAYgcID/2gAIAQIBAT8B/pQkDz7NqqLIHXbJ3loQqIxyypObEXNht97mqpWbgo3ODX3B7lyrZW3GJU9e5pKWW5qdjifH+ve+QQpXQRp4/IP/xABIEAABAgMDBwcJBgQEBwAAAAABAAIDBBESITEQEyJBUXTCICMyQFJhcQUUMDNCYoGhsVByc5HB0QYkY4IVQ2ThNDVTYICSk//aAAgBAQAGPwL/AM12w4rHRo77xDadXehJRpd0rFf0KuqHfH7Rm873Wfu0UHMeszjbPjX7RlZ8Q+fzuate7QlPiR4doy8HOM7nVH2jK7zwlTW7cQ+0ZXeeEqa3biH2jK7zwlTW7cQ6s2HFY6NHfeIbTq70JKNLulYr+hV1Q749ald54SprduIdWm873Wfu0UHMeszjbPjXrUrvPCVNj/S8Q6tKz4h8/nc1a92hKfEjw7Rl4OcZ3OqOtSu88JU5uvG3q0rvPCVNbtxDrUpvXA5Tu6cberSu88JU1u3EOtSW98DlPbnxt6tK7zwlTW7cQ61Jb5wOU7ufG3q0rvPCVNbtxDq9h8dgdsqqg1ySW+cDlO7nxt6tK7zwlTY/0vEOqWnuAHeizP52J2Yd6pAYZeF3YogvJOs1XNx3KkzCDu8KWg+TGF8WFMZxzO6yVPNmYDoZ801j329Wld54SpzdeNvUv5qcYD2ReUYfkmS/vifsqzk1ELT7OAWdmXAeKzMk2y3tcnOwX2XYVVJhger32D3qsN4d4dTlN64HKd3Tjb6e3NzTIfiUYfkyWdHd2jcFZfGMJh9mHcrcap8VajuaFYkYVPeKtRYhcfQ1hRXBUjARAqPObPerUKIHeHUJLe+Byntz42+ktx4zGD3irEo10y/3cEWQP5aGexis5Mve87XFWotAqNo8+6rMu0Qh81aiPLj38q8rpLWrmFXQivVr1a9WqwiWqkeFbCpErDPeqwojXeB9LJb5wOU7ufG30NpxoFc4xXbGKzKtZBbtOKtzUy6KfFc7FbXuX8vLV8VRllngFzkVzvjyb3LRBK0WUWnFWk+qubVXQ10RkxXSXSXSWOSsN5CpFFsKkWsMqsKK13x9FJb5wOU7ufG3lvjxnWWMFpx2BPheSogdZ1uuK5yMaZMKqzbu2DlaRoqQ2Fy0n2VpGpWgxbFefT1hxC1Ue7ODvVI7CwqsKM08uS3zgcp3c+NvLdLPAdbFHA7EZnyLGMnGxs10f9lY8pSxmIA9sfug0Rs3E7L7ldybytAWRtVqK6p71SG1Xnq1WOIVM5bHeqTEOz3hVgxWnkSW+cDlO7nxt5RedQqnRCcVirMQAg7UYkFvmsXtQ8PyVqE7z2WGy+5ZqcaZaJ72CtNjsIPetKYZ+a0IzGt8VXOtJ8VoEBXnrdWOIWnFq33lzgp3tNVzUZpUlvnA5Tu58beVSnrNHk3ouiy4D+224ojzmKKE6166J+a0Y7/zV0Z35rRmYn/sVoTsX8168P8AvBfzEq133Sudtwj3hW4EZrx3Hq3OxgXdlt5VmRl7A2lVmYr3dytQnOae5aWmmyPlaXe+G02gHaio3lCAYliPBzVk6rwf0XNxh8eTCP8AU/TlxmVuER31XrHL1zh8FVkVrlpQT8FeORahRHMPcVSK4Rm+9igy3movZd6bArArDJzr6v1NGKzcEZqH3K1EBK0mroBdBVMNWntY0d6LIDG07RXm0jWYj9liiw5lxqGh1Ca0PIhn+p+nLj/iO+vIvWlDa5VgPp3Fc4z48jQaUIE61z4PvYhCNLvDmn0F5WCw5FTcjAkhU63rOx4dSdaFGrRAWGSrrkWSwtO26lZiPfHjOwYy9N/xCM6Hb6MtDN/9yzrYQbVTP4bfryIwA0mi0FQ8qP8AiO+qqGHk3qgv7lWCwsd8lSLDNNq0mrSARgx2DuOxUa/OSzz8k2YgOq12W5aSuHLMSIaALMwKiF9UHParhyKYu2IxJ2MGQtQC/lB5pLf9R3SPgjFay3Hdg517nFGZmDacTVUaFM/ht+vIIOtRHwmWoJNRTUqFYrHLGP8AVd9VVpQI6StNhkhUe2hyhAPaCr4LSi6Xu91FpNCrnIsfeEJaI7mIxp4HJpK5WnuAHeqyspFiDtdEfNf8Iz/7Bc/Lvh9+IVWmoy2nXALNQqiEPmgS1UAy1iOoiQ/NsGtOlvIrM9EwMU9Bq858pxzNxsRXot8ArlY9iFcFWi+Kmfw2/Xkm5FzW0KvBIVCrysVH/Ed9coFoAgYFANILu7KEMhRDjR2pwVIt/fqyVCgTJvdZo7xyvmY7M5YdZhMOHiVzkQ5MVYb7V9MvmUE/fQcWqgGS04gBWZf80YLXmYmThDZerflmLZhaoEP9ShDgw2saNQCq80Vyc6mJqqAK/apj8Nv15XRR0ES1qwJCo5RTtefQDIclh7agq2zSh/TI+Tix2tiW6taTqy52ALW1qo42TsNy6QVkG044NbeUZmaFl7hZhw+yNpyOia8As468m9AUyUbpOWcnZgNGpqsw2mSlO0fWO/ZcxD0ji83uK7lo/nlqRVUtgeKLmkYhTAB9hvoOiugiQxF8Gu2hVmMwt5QQyHLQhGPLjR1jYpbynCnHy848uNcWm+5UnIJmpYe0NIIQ4rsxFOpytMcCO5UjQYcT7zV/y6D81SXhQ4X3G0V+Rsuzosx8ULr1V5+CLnPEKGMb0ZfyJBtDXMPuaP3Xnc48zMz236vBUCvvKvyX5LwrcR4aAsxKlwha3LQbecTt9FguijzdUXQKt7tSpGhkd/ICGQ8mXhsuAr9VR4qCjEEHzWMf8yFd8kYvk6KZ6VGoX/JZjynDdKRcNLBCLAite04EHLcs9FpU31VmAKe8V5vKMdNzJ9lurxQmPLMa1sgN6A/dBjGhoGAC0lQXDLctEfFXc4/5BZuFz0bYNSESccSNTRgho+lwXRR0EXQQWH5LnYZptGQIZDyZfw5B8+k25w/5jbnJ0z/DHlIxoeOadj+xXmf8SeT4kvEF1sN/RZ6SmYcVvulVVuZi1Psw24laZdIyvZHTd+yzcvDsjWdZWwLR/PkUCrHP9oXOPDG6mjWrEAGDB+ZQJYhorD0+C6KOgi6G2we5abKt2hDIUeRLfd5Wa8oycOM33hejN/w75SiQHj2C79U+Umwxgp69wv8A91nYj3R45xiRLyrltV+S/JaebLVzeiNbijC8nttu1vOCz80S9x2oaKw6nguijoLOQB8FmpkGE7vwVQa8mV/D5RKsA4mia3YOVohdt3yVmuciamhc+S1nYCGguj1fBdFHQREMmmxF7W2grLwQe/LK/hjlFQx72W7LWMfgtJwYzYrEu0w4fa1lVLanaUNFYdb6KOijWHftCJhEupqWbLTawooMBx6DQFjySof3sl+S064bVzd3vFWJVtt3a1LOTBMR3yXRWHX8F0VbbDv20WjUhUfUK8rHKVDHvZKBdpys3vfqaFamjZb2AgGsoFh9h4LoroKsElq5xhptVHFYq4qH4q9Y2QubbmoXaOJWi2rtbjisFh9jYLBdFF0KsJ+1uCtWDFhj2mKy4pt+FSs1Jw847bqCEWcOdibNQWH2ZgsFz0Cy7tsuKdEM1bhHVrQhwYYaP+9//8QALBABAAIBAwIGAgMBAQADAAAAAQARITFBUWFxECBAgZGhscEwUPDR4WCA8f/aAAgBAQABPyH/AO65oBUwrktpg0FXdxgZ/sdx65+hU3/tOuKpel61/YDCCsOrhH3IGpi3Siv7f7H6yf3n9j/WT+8/sf6yf3nps0AqYVyW0waCru4wM+q+sn956b3Hrn6FTf8AtOuKpel616m4dE+7D02MIKw6uEfcgamLdKK/t9VZ+mdM6/TH1k/vPVdt6YUJd/pj6yf3nqu1dMGoeXpj6yf3nqv66H33pj6yf3np/rcIblcQdx8ProffemLh0T7sPSbcC1VUfoljmd4vcdtU7wsx5DcVEgbXiVpTsMOEFGuP+Ul/aTS9MWfpnTOv0JdZYo6hfoI+scSPBbD9Mr6zLCHbjXL2muXxLMjLAqcGtcSmObphlIM+01qTyv0dt6YUJd/84rBHc+IxsM138ziBqpUM2jqu2Caxs6vtKlOh/BO+tH+DTSCqLwyr5YdZWK+FK6Lq9BaumDUPL+Qaie4kdfY5bvEqGgBo7y7p6qWFEI5xCcJ2FwN5J1hYgbq/M6YO7NWMdi3tKOvlkF2k9NDgS9S6Mp+rt5Rs/jiAyj/KfXQ++/hFIy1VgKd8H3GS31I6kxdwh4vG2TEFIzfGDtL7kavvHlaLE0bs2p3zinaf9un/ACibSnAEt4PbwvXTqocqE50PiXiPRleTrayk7oyShc6fxProffecCiunQNWPiHVNnUHaPN9bDFNVl+6LrmZkHaE6vlCsYsWjmbOHBNb35jgfqmiJ2R1qypUCBAgQIECBAgQIELMjhlJRdpqeYjJDlp2vPn+uh995wgvUVltmA3rQJv03jSLXWx2fuGBN1kAtCeXmvg1j8j2s+yZDIODeDxqVKgQIECBAgQIECBAgQIECW4vRlIqG2crkKAG67XnyfXQ++8xomsplVNY5p1Ny9gWMuCXPI6xeF1KvZqQdoq83fb3gzTwhhFn4K5mg5lW2Zt18LNIRzeYp3YyvCpUCBAgQIECBAgQIECBAgQJUDyW6pwwCxLZwoB7AhY2m10z6aH33mLjWefEpVMVj4aWwuoX59n/9IY96rRhSZzS3jSvUXL+ehoX2hoQ73/MvBucLGaE5omfOBcfUNrkCBAgQIECBAgQIECBKgSoHkxUACr3hswFnlj4gfVZJBphOSma7HPFdWPZYVNYZN0uCTLdlTLHJ5P8AWdURfEJUyM1mZYIV3TVwuaD8xA2M+5eKQ3yiNIPXyFjjeqKm8Z+yFoU1evh3lEsgQIECBAgQIECBBcMP/Gh/5Uq3So30TdqXhttrfeAnDzABCAg+CYavxEKbKRhvGzYEypVFrR+92ji1vmLU8nSQ/lBevAgQJZuUv/u0FCdwahpnxK57RmW1nBDLXDJ5GolWZ5U9GAdexIECBAgQL0m2V3h/8IXlB6GEkEWjgMqzbDlH4mQLWrWJFDCaitVhNUJbYBqsp2eL6IMY9Zy+0f3KqKcqOKQ1qf5HLyMDPwrX6jLE0ZhAgQJ/n8odYnaaa+Au0BLcZQw7LdL5D6ZTGItAYZQPzQQYka7Oo+SXSVlu/wCjCrm+HiBAjNC5uKbQQkgggggkJ7VlOhtde6EZCDQScJNghNSJAnGm8MS1jIKuoYeiEGxPnjG5WRYbqUk/yOXkKksFJGaIrqHDL2/MEBgjEECUWLBPvAoq44i1W+tcSzuaMu04k8WIBd4CV4lNElTymr/UrwGozUjrao4/Kj7bBekRz8IQoVGRnqqE9S59sAcvbzza9/pZCZE3IQQ3QBaszKPB+UzNoOg2Sb6ShDo3Y4KNa2sRPPWU77wTbsMAFCiHVXFdd5oJYafZP8jl5LUj8hLJ+QmPo3I4KkoyFOkf4/KaZGbxEVYtW0vVfDw8o0+HhTkJDJoOh1eCElJkY41trowwkhs8tjqalvECngvEdAavKiFVaNMQggmytx+JmLQwgZ1Jg0N2XdCmr0mCE2YvrxF5brdRX3TQzhSIIYHjdlKt88sdmvCKCmmyf5nLyJcGyQJsQqg+Iqo3kmHgS0SJzLk6n7ZvnlKZpQz+Lweb3jQ22iwFN/28Atp1O+iAFkIttSste5LWs65RCH7YY2IFnsS6bti1Nep0hBcQp5ZXlTZYRkC2wTHxmkY7DLl7G8ZOT0HoQj5XNPVmd05MNPt5RVWtspglQTVEdsJdg4mHIOt8soX5UGHaQdsQxofENwT2iHWVULs7qYgOrNwgw8QZ/F4fV7wYoAjqMPsNe/8A+JswuAC0aneC0fv1d9T3i+mzTL6MMPGRUDpvSX5hddv+dZSKutC+dZlWrhAerAEkYZlMd7DViDfWmmJsRz4ji5na5TtbRVRcPoLaaq9vA7HSXijBNQCJd8SzPEsu/Yhm7d9Yv52sP0g7ZhDj8Q1SHZJYiciKHQ9k5WbhBHxyMO0Mxn38Bh1TAUMKG2UvCYiJYzdAVOTy6GcpBBh1edOIMsi3L3294Qh7thIQRdjVESDIUJiAg63T9+5tKqQbXXdgwxUCggMnXTeLqjoHgC9DmFH7Svd5aRPoDdgvyGDTiyIL0WaO66Q2BBSv4tsgjZijGY5o9J0QQPwiEoesTnZmaE4s/H4XV7yvAlw+r8wIkmoTBTMHW9zX3l1C5VPgr/hLfvsqscrruYhBa3tTuakyHCWHPyE4CFr43dj6sUQamonK7xRfuMBpe7WdWGcBcoNcsowr0get21mIqX1UWWzfa/UzTLlXVmCkIBABp/LsEHbEBcITQ/ECm5Tj4l3YmTGbAudpnGfa8anzv9wIECE3yI2Y6Ls6kyZ9vHsD8MwNwPmCsQ61274OICqFwNfP6iqtTSex0nQ0nf02N8Q6qN1bGif9gDL69B2lmH4hCjNp9CnVCciCOEJoPiJaFbjDCNi71feAoQmoxBmbxDwq7aBAgeATthLS9JDN2jwvFGDjwLdPmFGnzK57kOmfwlyODCFjpo+8CuSukCYQfBNPSIdYZkQJsQqg+ILT8EfPvhrK2FqCprDCdZWm5BA8AhFUbaMVfjwqXbQthyyxCgtgftTqxQktBqy3Bbj4IQGJlyLDMHxDwQGj1CDD9IO2IZQ/Ew4bNQlZzuGZU/tkM3Cz2rACjALGBAgQwVo6JoXDgDiHAQWzroyCU1gxfvLRD3XHR2JWrB5RgOnrT9IO2YA4xiE95MRAgf3SUZMMowPD4rIpqU5uH+KiYOQjCK2f3w4gbBBSQsEANP6DZIE2YI4y0ofEQNONoaFe3JCxCKYx8w1Po36hWqiMLH5Y3m3D+AhZnOQpUXAUD/SNkmoCXuMvSqPSVZ2X6Ebe8B8kstHhm24pMrdz8hm4VCMQBUJtM2z+oQZsniQkwLxnk4JSq8XC5/g1hm0I2lV/WIYmV4gm0AP/AIJ//9oADAMBAAIAAwAAABDzzzzzzzzzzzzzzzzzzzzzzzzzzzzzzzzzzzzzzzzzzzzzzzzzzzzzzzzzzzzzzzzzzzzzzzzzzzzzzzzzzzzzzzzzzzzzzzzzzzzzzzzzzzzzzzzzzzzzzzzzzzzzzzzzzzzzzziTzzzzzzzzzzzzzzzzzzzzzzzxTzzzzzzzzzzzzzzzzzzzzzzzxTzzzzzzzzzzzTzzzzzzzzzzzzzzzzzzzzzzwjzzzzzzzzzzzyxzzzzzzzzzzyjzzzzzzzzzzzyhTzzzzzzzzzyzzzzzzzzzTRDDTzjzzzzzzzzzDzzzzzzjDSTQhCyRBjDzzzzzzDzzzQChRgCRDiSzBDCCBDzTzwDzzxwTTCjRxSBTzzzzzwARTTAjzyzgTwQBRywQhCAADDizji8AwzyzTChjTDTTyAQhTRwwQRmFEQzyhigTE5yTjCzjRGItTyGxDxSjyzyDxxTDAARTwznyKyQAzghCRTzyxjQDjSixhxe8zgTARiAQwRzzzzzxxQBAzS1tVRCAAgRjBTzzzzzzzzyzihjAqlyQAgCSBzzzzzzzzzzzzwyCTzuxyBhxzzzzzzzzzzzzzzzzzyxxjQwRzzzzzzzzzzzzzzzzzzzzxyzzzzzzzzzz/8QAJREAAQMDAgYDAAAAAAAAAAAAAQARITFAQVFhECAwUICBkaHB/9oACAEDAQE/EPIt+iFcmuayQ9j4UYa7kvGkDHuEBuZhv0bc5Sy66BQcI2JURYODgiotytx1yCqt8bCfsoeTBalUT25VOAuRcMm77//EACMRAAEDAwQCAwAAAAAAAAAAAAEAESExQFEwQVBhgaEggMH/2gAIAQIBAT8Q+xbaMqTWD6NdAefShiHcl4xA28wgZ6x+jr5mDZrgKBJHRUFAOx2ItyZ5VwVVujoT7QWWDkKJs24QCNw6J53/xAAtEAEAAgEEAQIFBQEAAwEAAAABABEhMUFRYXGBkRAgQKHBMLHR4fBQYHDxgP/aAAgBAQABPxD/APa9/wAfZ0Lt1dsK8Rp70cDdg4CZ/wCjxHv1bL1rPcUfAa7qeDl+a/6Bzc4RXaKGnbM1NfHpGu6FXD/6s8+fPnz5v+Ps6F26u2FeI096OBuwcBM/V+WV/TTxHv1bL1rPcUfAa7qeDl+a+pJaSZjov02c3OEV2ihp2zNTXx6RruhVw/VZz1KeR7p/+iefOR9SgufB6/6P58qDqmTcG1/8J/z5fv8Ayyv6eSzpoZ7IIPVgkfU+pfvyWkmY6L9JhB6xQerDxdAF8MCMExwlMva2ekeEeRputhV8q7aeGG4qDpkwbFsIsmzFVznsC6Y7/TZz1KeR7p/oRAUANViwFwFd4yV6y7B4yL7B+WGUpqwOKYg8W2Iz43YdKi9Qv2eYql1VtXea5dJV5Y1sD1L5RfgVxs8WGOojccpYIRrqDgfJBJSsRw9Po8j6lBc+D1+v7EPjt4GZXdFF9hqiBIuQy2Uyx+88onq5jFMWU+hqY9LmKl/45jBSb1g8GhA3Z50lXA5+IXC1lTHJ6ulr2hJt1CveQZragu3mEkfcX6BQdUybg2v6n5orJH7w5AsK19mQGUUUWuXv4qGXnaC94DILVg+8scHVTLt0iBzgOh50IkTrWKdGsD4hUzHhwmEX4zBP2MHpgh98G/4h+UXBP7/5g2/3P5hEU56ipg4aJTzMRHWWW8zLGYQft9O/flBm6YIOVWBGXaomOchVX5cEUm5G16QwRAAU4p7DSGX4mAvZVsMF+mYerHt+2avbSZXqdE0wawPeC5/hc+0u+PiiaAd31feOWo3P9I5KLfn7Q1ovV+8AUatLoimkerHRPiizh4CH9IQfX7c/+Ahs/sIfVXmBYRu5DSfhvo8wEz9UZPMGr3Fft9E/fsA3mgbTwERX0oqtbktmKiQowA4iFqe2YKZpWntLuGbGp8BFVUtdVi38NZ4lRt25YPcgKI5qHyy92TI+xAPeJSYszpHL82wg/VAAAAOCixclf2BqNeZdzMLZJRhl0J7Jrk/Wfv0klNKVIOtm0Zwh8NeV6nCnUCLCiJrgQsc42w485csxouHLswU8aI38Fv4l0TtzKYUW8omtKZXA+kolxopR7S3FF0EC4HtCCD9EAAHR+gAAHDXIsVP9oLZgC/och7Tbmsk9uv6b9+jAMDwFx0u8dOCCtQ8x0RKOB2Os0hMAC1WmMu5TFmVzoDLa9/MHckMZ7ujwIUhrVCe8ucksGfAuWrB30HvKBU0VD0XMjqAVFzW1VuEBCD9MAAAdHzgAEIwAIECGtDSxUJh+qFAdsWVLVfsU1jFnQz7DGLjZrnz7+pLUVq0KvsMre3HdbthiPC8shZUdOa0LXdTHquMCiZBYRwYcEbqroQfZrnMWaLd1/uJhbeGh/eYsg0pfmXeYKpPzQ8AV6Z4qpgWRlu98I/vBmRg/clocjxs1L2TZgHT5QDo+B0fOAAfAEKwAKIECssDTMUQTrGnrCAI0H64aENzOph9GJTrzdnmoaF8ylZwkDIG1KZNvQ03jRIFavZtldxEaV4h7wAII6J8jiNYERa7x8A+AYSgXWmJqcNiRK9ISomqzooB6ShZW5s/ptN2ABr5xOmJCn5HAFYxX6S2gcHA6EH0OEs+xFEoiWJ8Do/SAAAfo3pF6N6p0rylDJeRgtyCxZyrG18esW4E56u9UUydrdWX+ZW0VCSBh0PEHrFyRyXbQCCUgQAnR+ZuKKAHnRHbKct4yEB4KPkBq/s42suyBvBKJyQTBvGzmWkjaI6kMSwNxph9E94P9xreDVAfG/tGVsjrngZWw6/yvxBWgtYLtt4QSGqUC1pLW7DicR0RdJs/MADqgr1KPSjUK9CpS/ebmmHwQuJ1ToiCZqFAQ27Ky1f7vCKs1lntjwSppLhVauCmBF/ojIrEh7tFBHA2KFJycxDyNWWhTQg4rXpZDodGYuDpRm33q/LAyi37VOf7kqV4yzMm+sI5uWfAzEFhK4CCjbiKQImo/A7lFdWMAQ96+8MR7gjf4Y9tw1ezs29IFp6lnxMt8b4QR6uSBfVDK2icxmUgYcmaLwQZamxzRlcJOj4FgKmn6EhYB6MwuJ1zpnXOmdMsk0bAR3TSqzt/hLrmC2Sl8GxHaJIl4QwrYacGHunviClS6UtjlYjX68l9nG7GXOkChqosDVqajbT76HBAiEOCBLPkBhV1BhEpJnxcWhujqBHiOTBgAbe4aSblUsZmIrJnHIYI17TcX0SUy9C9di9wMMLoqzq41JNaT8DqZk3IchxvVNeYhEfeGrJUNPq/EdE1MBIrXm0Z4zVzTsxJwOgJgeLaGYOq9K3lBiP8AMwYEdQAy3SBOG2hXsYs7LgQMdn2QYckoH7tawk4WJYzrm7UR6JbAEJPQw38vxAvYDkgoiuCOhnAKi0tKwZ8BHrOEpGqu0A3FCRWLd44IHE3Gi8Pg8uYCIGACggQoBslZXmGiEDNQcDT935cGCNSAZejtMtyWmo3EHQbj8wcjDwLeWAhNxCwyhVYHkagqFy3vBZYIITUWgmOd4UQ3Lks3eXbFf/YZyQnE3J+KAGYz40g5hbNYjJ0m5EC5Nq/wvXwSMsBqJoymYztv4y/WdU64sKGT93RgviBExQaArYMVEBRvjiUtqOFsqIgYsBhtQ2nROiBGFHdu384GjQ5IYIoqUrAU1CLRC9Hg8PEYl63T4sHtiUJcnCAyujEJk1DF6EN3HTV4iVcA+RnKmVa3BWiDSLan88ZX8gAKSJgW4HIvqJSLuGKFaBTHSp8N1DKspMIy/wAmaA4Ep6yrYEo5MPMA1zKonMq9k0IaVcMwLyhigpRp2cMVsC0M9f5fARcwkgWh2uvWEHEdEnXFa/q6/PI9S0PFO+WMudl64VNGvkm8FjAnUqqXi4GAGydEtmesnSDqqUtVbWEmKC8QgAAascuDRsPLB/jfl2ByppS4KfZhN3MGSGVLDVXLCKUWuIP5mC6v08EeOTVWCFhjS4OXcN/SUXJVaUCGuDvGyiQHR/uhD8rUCLBLe0NEX1FdF3D9MWiUZXfMairbTtKpU1eR4dJVENHEJ0fgIB8hG0Z0lKm8D2mOn7Tah9noFiR2p4Oe05/ZCqCmUusKTBg+kq6mec1rlrGFEX7Tt2oyaOO6hXkB6JyJBYJgpR933hLVXeSvtjFAOq2DvU94jGJyq2s6ImnLoYV/BGsmLVKkVdx6EcUAFg5Zmd6ao3zLXjEMGm6SNzTPG8LLXBMnUNjj5d4+OA0GA8E0hmX03P8AEW0ug3ioMpZZVkEXltaBGUiX/bmDRiHJbtmDfHzoCkjARnmAWZ1F8dYu7VYUZW6lbCvyRarKoK/XaE0fch40zDLEn3UH7JrRGhOzKrzdDXEqZgARKRMJAMJR0BSiUm1TgOyOGBZl0Fn/ACKj0EvOB3FUGtghdWECtNBgPZAEFFYlzwmpOiBxAKFIxMlUl5ljgh4OiIkZK4fOiYhm41wBja84gOzFgGgBDLB1Dq/iKrvePLvA50gNlcjSJKOd3r/UtVQ4A8sY4VnWvzD/AH8oNMBHCEWR6O75jUiggdOCCA/RQdSDtjMJEX1M2l9QMDDY3GWr2tWLzs9Imemg+ruespo+7DpGpvD+hNCo+0Yb8qHCBWYkmvFL+7m5G8NTFK4524DUlDxNixCGC0pDUeXLtBdBht6Lym7ZHpAEvdDkdhjIQ4ARXnSLjhTOOHlj4MhS6poeNYG10DyCsp7l8p/irmYLN6jxxMrYq8wKyHEMrxtj+YfWsAIdva0X5OIuFlJ9LGVli+0jHlbJegqitOV3mHJA2gAAOobQ/VApg0dfUstl6lpC7i4X11DzognQ+Vovc1JQeKGjBgBozOjlAqBvCKImv3l8kFjRjwWlV+Ak7p2nDHq4EZjOpIoYEgkIDZndhmd4qZeaWQ9XB6JdMjXg8sylB9v8y3B4lmrXYgktPRr/AFLxRXAlaRZca+CHdPyS3i9I8RkBV6d0fA1svQNCK4kCCYiHEEAGPoSsI8ED1LPS+oluu4yky2xAACFM6dbfWWmCFgTpgOnVgoglHMepXA3fu/IAGxKpm+qUyeDC91qaJQvoVAvUxLNI2RpADLBlFHL8EGjy6rWWbpusB5Yjs3JdX8xwp4z6fBgI/YMpKdt4xAUogzArqGQSoAKCvpC6EdCLlnC+pdQu4QR7wV9m0LklQUTxvHSTpRHoyoBmCCY5b4oBsSqCIo3GPewbfa/xAvLCBYBa1oeWANs+0QG5dAIHrLld+TiByDL93dmiV7gXTaNHfVl2sakqqDBldQah9RqBEwluWIL6iMq7gmULTV4ma+fFdG+dGEBPNDoqanpRuGYvXnuVpN/GLPE9oqUiy/cEilwXxELbwHL5YAAAGxKaD1w34hMgc704izw1fv5XeOhLcoaXitoNArqBgGJpg+rQSkjARnmATL6jeMt7QzEugKesYqjgrMKKrUDBD/Vmdk9wUmj3CqxFS9RGaD+DCDC06uxBqUe29+ZQW1otvsaRVmRRqd/xBq6BQjYgrqGgSoBQ+vQdSFojMPEX1Fmy+oRdQCi5EKpbXvovq8RH3lhNme4Tlsd4Qi37oi2cOC1jkb1Lz5cwipsKAS4G47PlgCD2gKhjqBUB/wAQSmAUVfUK3XUEYAiNhiCiyDJ70+1RUtNBYbOqfePCKxwIxHbJV6Af3NWloPfgww6RqdG8NJiAFBCjGAEaYP8Aj6oQpwm1Iq6HtNMX1AvdYfUmpTg+y0U7wI41RD2XeUCwWXANB/zNSIzYjZGwCCYP/BP/2Q==","provType":"MONITORING","date":"2018-03-12T10:59:44.805Z"}}},"provision.device.location":{"_value":{"_current":{"value":{"position":{"type":"Point","coordinates":[41.05066979411833,5.429561420314373]},"postal":"28033","source":"GPS"},"provType":"MONITORING","date":"2018-03-12T10:59:44.802Z"}}},"provision.device.model":{"_value":{"_current":{"value":{"name":"OpenGate","version":"1.0","manufacturer":"OpenGate"},"provType":"MONITORING","date":"2018-03-12T10:59:44.897Z"}}},"provision.device.name":{"_value":{"_current":{"value":"CHD_DEV_7 name","provType":"MONITORING","date":"2018-03-12T10:59:44.806Z"}}},"provision.device.specificType":{"_value":{"_current":{"value":"SENSOR","provType":"MONITORING","date":"2018-03-12T10:59:44.713Z"}}},"resourceType":{"_value":{"_current":{"value":"entity.device","provType":"IDENTIFIER","date":"2018-03-12T10:59:44.898Z"}}}},{"provision.administration.channel":{"_value":{"_current":{"value":"default_channel","provType":"MONITORING","date":"2018-03-12T10:59:49.518Z"}}},"provision.administration.identifier":{"_value":{"_current":{"value":"CHD_DEV_8","provType":"MONITORING","date":"2018-03-12T10:59:49.516Z"}}},"provision.administration.organization":{"_value":{"_current":{"value":"chemacorp","provType":"MONITORING","date":"2018-03-12T10:59:49.513Z"}}},"provision.administration.plan":{"_value":{"_current":{"value":"FLOW_RATE_100","provType":"MONITORING","date":"2018-03-12T10:59:49.51Z"}}},"provision.administration.serviceGroup":{"_value":{"_current":{"value":"emptyServiceGroup","provType":"MONITORING","date":"2018-03-12T10:59:49.512Z"}}},"provision.device.administrativeState":{"_value":{"_current":{"value":"ACTIVE","provType":"MONITORING","date":"2018-03-12T10:59:50.005Z"}}},"provision.device.communicationModules[].description":[{"_index":{"path":"provision.device.communicationModules[].identifier","value":{"_current":{"value":"COMMS2_SN_CHD_DEV_8","provType":"MONITORING","date":"2018-03-12T10:59:49.906Z"}}},"_value":{"_current":{"value":"COMMS2_SN_CHD_DEV_8 desc","provType":"MONITORING","date":"2018-03-12T10:59:49.927Z"}}},{"_index":{"path":"provision.device.communicationModules[].identifier","value":{"_current":{"value":"COMMS1_SN_CHD_DEV_8","provType":"MONITORING","date":"2018-03-12T10:59:49.605Z"}}},"_value":{"_current":{"value":"COMMS1_SN_CHD_DEV_8 desc","provType":"MONITORING","date":"2018-03-12T10:59:49.802Z"}}}],"provision.device.communicationModules[].identifier":[{"_index":{"path":"provision.device.communicationModules[].identifier","value":{"_current":{"value":"COMMS2_SN_CHD_DEV_8","provType":"MONITORING","date":"2018-03-12T10:59:49.906Z"}}},"_value":{"_current":{"value":"COMMS2_SN_CHD_DEV_8","provType":"MONITORING","date":"2018-03-12T10:59:49.906Z"}}},{"_index":{"path":"provision.device.communicationModules[].identifier","value":{"_current":{"value":"COMMS1_SN_CHD_DEV_8","provType":"MONITORING","date":"2018-03-12T10:59:49.605Z"}}},"_value":{"_current":{"value":"COMMS1_SN_CHD_DEV_8","provType":"MONITORING","date":"2018-03-12T10:59:49.605Z"}}}],"provision.device.communicationModules[].name":[{"_index":{"path":"provision.device.communicationModules[].identifier","value":{"_current":{"value":"COMMS2_SN_CHD_DEV_8","provType":"MONITORING","date":"2018-03-12T10:59:49.906Z"}}},"_value":{"_current":{"value":"COMMS2_SN_CHD_DEV_8 name","provType":"MONITORING","date":"2018-03-12T10:59:49.907Z"}}},{"_index":{"path":"provision.device.communicationModules[].identifier","value":{"_current":{"value":"COMMS1_SN_CHD_DEV_8","provType":"MONITORING","date":"2018-03-12T10:59:49.605Z"}}},"_value":{"_current":{"value":"COMMS1_SN_CHD_DEV_8 name","provType":"MONITORING","date":"2018-03-12T10:59:49.805Z"}}}],"provision.device.communicationModules[].subscriber.administrativeState":[{"_index":{"path":"provision.device.communicationModules[].identifier","value":{"_current":{"value":"COMMS2_SN_CHD_DEV_8","provType":"MONITORING","date":"2018-03-12T10:59:49.906Z"}}},"_value":{"_current":{"value":"ACTIVE","provType":"MONITORING","date":"2018-03-12T10:59:49.926Z"}}},{"_index":{"path":"provision.device.communicationModules[].identifier","value":{"_current":{"value":"COMMS1_SN_CHD_DEV_8","provType":"MONITORING","date":"2018-03-12T10:59:49.605Z"}}},"_value":{"_current":{"value":"ACTIVE","provType":"MONITORING","date":"2018-03-12T10:59:49.799Z"}}}],"provision.device.communicationModules[].subscriber.description":[{"_index":{"path":"provision.device.communicationModules[].identifier","value":{"_current":{"value":"COMMS2_SN_CHD_DEV_8","provType":"MONITORING","date":"2018-03-12T10:59:49.906Z"}}},"_value":{"_current":{"value":"SUBS2_SN_CHD_DEV_8 desc","provType":"MONITORING","date":"2018-03-12T10:59:49.916Z"}}},{"_index":{"path":"provision.device.communicationModules[].identifier","value":{"_current":{"value":"COMMS1_SN_CHD_DEV_8","provType":"MONITORING","date":"2018-03-12T10:59:49.605Z"}}},"_value":{"_current":{"value":"SUBS1_SN_CHD_DEV_8 desc","provType":"MONITORING","date":"2018-03-12T10:59:49.711Z"}}}],"provision.device.communicationModules[].subscriber.identifier":[{"_index":{"path":"provision.device.communicationModules[].identifier","value":{"_current":{"value":"COMMS2_SN_CHD_DEV_8","provType":"MONITORING","date":"2018-03-12T10:59:49.906Z"}}},"_value":{"_current":{"value":"SUBS2_SN_CHD_DEV_8","provType":"MONITORING","date":"2018-03-12T10:59:49.91Z"}}},{"_index":{"path":"provision.device.communicationModules[].identifier","value":{"_current":{"value":"COMMS1_SN_CHD_DEV_8","provType":"MONITORING","date":"2018-03-12T10:59:49.605Z"}}},"_value":{"_current":{"value":"SUBS1_SN_CHD_DEV_8","provType":"MONITORING","date":"2018-03-12T10:59:49.796Z"}}}],"provision.device.communicationModules[].subscriber.model":[{"_index":{"path":"provision.device.communicationModules[].identifier","value":{"_current":{"value":"COMMS2_SN_CHD_DEV_8","provType":"MONITORING","date":"2018-03-12T10:59:49.906Z"}}},"_value":{"_current":{"value":{"name":"TEST","version":"1.0","manufacturer":"sb-HD"},"provType":"MONITORING","date":"2018-03-12T10:59:49.913Z"}}},{"_index":{"path":"provision.device.communicationModules[].identifier","value":{"_current":{"value":"COMMS1_SN_CHD_DEV_8","provType":"MONITORING","date":"2018-03-12T10:59:49.605Z"}}},"_value":{"_current":{"value":{"name":"TEST","version":"1.0","manufacturer":"sb-HD"},"provType":"MONITORING","date":"2018-03-12T10:59:49.709Z"}}}],"provision.device.communicationModules[].subscriber.name":[{"_index":{"path":"provision.device.communicationModules[].identifier","value":{"_current":{"value":"COMMS2_SN_CHD_DEV_8","provType":"MONITORING","date":"2018-03-12T10:59:49.906Z"}}},"_value":{"_current":{"value":"SUBS2_SN_CHD_DEV_8 name","provType":"MONITORING","date":"2018-03-12T10:59:49.915Z"}}},{"_index":{"path":"provision.device.communicationModules[].identifier","value":{"_current":{"value":"COMMS1_SN_CHD_DEV_8","provType":"MONITORING","date":"2018-03-12T10:59:49.605Z"}}},"_value":{"_current":{"value":"SUBS1_SN_CHD_DEV_8 name","provType":"MONITORING","date":"2018-03-12T10:59:49.706Z"}}}],"provision.device.communicationModules[].subscriber.serialNumber":[{"_index":{"path":"provision.device.communicationModules[].identifier","value":{"_current":{"value":"COMMS2_SN_CHD_DEV_8","provType":"MONITORING","date":"2018-03-12T10:59:49.906Z"}}},"_value":{"_current":{"value":"SUBS2_SN_CHD_DEV_8ICC","provType":"IDENTIFIER","date":"2018-03-12T10:59:49.917Z"}}},{"_index":{"path":"provision.device.communicationModules[].identifier","value":{"_current":{"value":"COMMS1_SN_CHD_DEV_8","provType":"MONITORING","date":"2018-03-12T10:59:49.605Z"}}},"_value":{"_current":{"value":"SUBS1_SN_CHD_DEV_8ICC","provType":"IDENTIFIER","date":"2018-03-12T10:59:49.8Z"}}}],"provision.device.communicationModules[].subscriber.software":[{"_index":{"path":"provision.device.communicationModules[].identifier","value":{"_current":{"value":"COMMS2_SN_CHD_DEV_8","provType":"MONITORING","date":"2018-03-12T10:59:49.906Z"}}},"_value":{"_current":{"value":{"name":"software","version":"1.0","type":"SOFTWARE"},"provType":"MONITORING","date":"2018-03-12T10:59:49.923Z"}}},{"_index":{"path":"provision.device.communicationModules[].identifier","value":{"_current":{"value":"COMMS1_SN_CHD_DEV_8","provType":"MONITORING","date":"2018-03-12T10:59:49.605Z"}}},"_value":{"_current":{"value":{"name":"software","version":"1.0","type":"SOFTWARE"},"provType":"MONITORING","date":"2018-03-12T10:59:49.717Z"}}}],"provision.device.communicationModules[].subscriber.specificType":[{"_index":{"path":"provision.device.communicationModules[].identifier","value":{"_current":{"value":"COMMS2_SN_CHD_DEV_8","provType":"MONITORING","date":"2018-03-12T10:59:49.906Z"}}},"_value":{"_current":{"value":"GENERIC","provType":"MONITORING","date":"2018-03-12T10:59:49.92Z"}}},{"_index":{"path":"provision.device.communicationModules[].identifier","value":{"_current":{"value":"COMMS1_SN_CHD_DEV_8","provType":"MONITORING","date":"2018-03-12T10:59:49.605Z"}}},"_value":{"_current":{"value":"GENERIC","provType":"MONITORING","date":"2018-03-12T10:59:49.714Z"}}}],"provision.device.communicationModules[].subscription.address":[{"_index":{"path":"provision.device.communicationModules[].identifier","value":{"_current":{"value":"COMMS2_SN_CHD_DEV_8","provType":"MONITORING","date":"2018-03-12T10:59:49.906Z"}}},"_value":{"_current":{"value":{"type":"IPV4","value":"172.18.19.24","apn":"movistar.es"},"provType":"REFERENCE","date":"2018-03-12T10:59:49.899Z"}}},{"_index":{"path":"provision.device.communicationModules[].identifier","value":{"_current":{"value":"COMMS1_SN_CHD_DEV_8","provType":"MONITORING","date":"2018-03-12T10:59:49.605Z"}}},"_value":{"_current":{"value":{"type":"IPV4","value":"172.18.19.24","apn":"movistar.es"},"provType":"REFERENCE","date":"2018-03-12T10:59:49.699Z"}}}],"provision.device.communicationModules[].subscription.administrativeState":[{"_index":{"path":"provision.device.communicationModules[].identifier","value":{"_current":{"value":"COMMS2_SN_CHD_DEV_8","provType":"MONITORING","date":"2018-03-12T10:59:49.906Z"}}},"_value":{"_current":{"value":"ACTIVE","provType":"MONITORING","date":"2018-03-12T10:59:49.902Z"}}},{"_index":{"path":"provision.device.communicationModules[].identifier","value":{"_current":{"value":"COMMS1_SN_CHD_DEV_8","provType":"MONITORING","date":"2018-03-12T10:59:49.605Z"}}},"_value":{"_current":{"value":"ACTIVE","provType":"MONITORING","date":"2018-03-12T10:59:49.701Z"}}}],"provision.device.communicationModules[].subscription.description":[{"_index":{"path":"provision.device.communicationModules[].identifier","value":{"_current":{"value":"COMMS2_SN_CHD_DEV_8","provType":"MONITORING","date":"2018-03-12T10:59:49.906Z"}}},"_value":{"_current":{"value":"SUBT2_SN_CHD_DEV_8 desc","provType":"MONITORING","date":"2018-03-12T10:59:49.904Z"}}},{"_index":{"path":"provision.device.communicationModules[].identifier","value":{"_current":{"value":"COMMS1_SN_CHD_DEV_8","provType":"MONITORING","date":"2018-03-12T10:59:49.605Z"}}},"_value":{"_current":{"value":"SUBT1_SN_CHD_DEV_8 desc","provType":"MONITORING","date":"2018-03-12T10:59:49.703Z"}}}],"provision.device.communicationModules[].subscription.identifier":[{"_index":{"path":"provision.device.communicationModules[].identifier","value":{"_current":{"value":"COMMS2_SN_CHD_DEV_8","provType":"MONITORING","date":"2018-03-12T10:59:49.906Z"}}},"_value":{"_current":{"value":"SUBT2_SN_CHD_DEV_8","provType":"MONITORING","date":"2018-03-12T10:59:49.808Z"}}},{"_index":{"path":"provision.device.communicationModules[].identifier","value":{"_current":{"value":"COMMS1_SN_CHD_DEV_8","provType":"MONITORING","date":"2018-03-12T10:59:49.605Z"}}},"_value":{"_current":{"value":"SUBT1_SN_CHD_DEV_8","provType":"MONITORING","date":"2018-03-12T10:59:49.615Z"}}}],"provision.device.communicationModules[].subscription.mobile.homeOperator":[{"_index":{"path":"provision.device.communicationModules[].identifier","value":{"_current":{"value":"COMMS2_SN_CHD_DEV_8","provType":"MONITORING","date":"2018-03-12T10:59:49.906Z"}}},"_value":{"_current":{"value":"Telefónica Móviles España, SAU","provType":"MONITORING","date":"2018-03-12T10:59:49.818Z"}}},{"_index":{"path":"provision.device.communicationModules[].identifier","value":{"_current":{"value":"COMMS1_SN_CHD_DEV_8","provType":"MONITORING","date":"2018-03-12T10:59:49.605Z"}}},"_value":{"_current":{"value":"Telefónica Móviles España, SAU","provType":"MONITORING","date":"2018-03-12T10:59:49.612Z"}}}],"provision.device.communicationModules[].subscription.mobile.imsi":[{"_index":{"path":"provision.device.communicationModules[].identifier","value":{"_current":{"value":"COMMS2_SN_CHD_DEV_8","provType":"MONITORING","date":"2018-03-12T10:59:49.906Z"}}},"_value":{"_current":{"value":"SUBT2_SN_CHD_DEV_8_IMSI","provType":"IDENTIFIER","date":"2018-03-12T10:59:49.816Z"}}},{"_index":{"path":"provision.device.communicationModules[].identifier","value":{"_current":{"value":"COMMS1_SN_CHD_DEV_8","provType":"MONITORING","date":"2018-03-12T10:59:49.605Z"}}},"_value":{"_current":{"value":"SUBT1_SN_CHD_DEV_8_IMSI","provType":"IDENTIFIER","date":"2018-03-12T10:59:49.607Z"}}}],"provision.device.communicationModules[].subscription.mobile.msisdn":[{"_index":{"path":"provision.device.communicationModules[].identifier","value":{"_current":{"value":"COMMS2_SN_CHD_DEV_8","provType":"MONITORING","date":"2018-03-12T10:59:49.906Z"}}},"_value":{"_current":{"value":"MSISDN_FAKE","provType":"MONITORING","date":"2018-03-12T10:59:49.815Z"}}},{"_index":{"path":"provision.device.communicationModules[].identifier","value":{"_current":{"value":"COMMS1_SN_CHD_DEV_8","provType":"MONITORING","date":"2018-03-12T10:59:49.605Z"}}},"_value":{"_current":{"value":"MSISDN_FAKE","provType":"MONITORING","date":"2018-03-12T10:59:49.611Z"}}}],"provision.device.communicationModules[].subscription.mobile.registeredOperator":[{"_index":{"path":"provision.device.communicationModules[].identifier","value":{"_current":{"value":"COMMS2_SN_CHD_DEV_8","provType":"MONITORING","date":"2018-03-12T10:59:49.906Z"}}},"_value":{"_current":{"value":"Telefónica Móviles España, SAU","provType":"MONITORING","date":"2018-03-12T10:59:49.811Z"}}},{"_index":{"path":"provision.device.communicationModules[].identifier","value":{"_current":{"value":"COMMS1_SN_CHD_DEV_8","provType":"MONITORING","date":"2018-03-12T10:59:49.605Z"}}},"_value":{"_current":{"value":"Telefónica Móviles España, SAU","provType":"MONITORING","date":"2018-03-12T10:59:49.608Z"}}}],"provision.device.communicationModules[].subscription.name":[{"_index":{"path":"provision.device.communicationModules[].identifier","value":{"_current":{"value":"COMMS2_SN_CHD_DEV_8","provType":"MONITORING","date":"2018-03-12T10:59:49.906Z"}}},"_value":{"_current":{"value":"SUBT2_SN_CHD_DEV_8 name","provType":"MONITORING","date":"2018-03-12T10:59:49.81Z"}}},{"_index":{"path":"provision.device.communicationModules[].identifier","value":{"_current":{"value":"COMMS1_SN_CHD_DEV_8","provType":"MONITORING","date":"2018-03-12T10:59:49.605Z"}}},"_value":{"_current":{"value":"SUBT1_SN_CHD_DEV_8 name","provType":"MONITORING","date":"2018-03-12T10:59:49.705Z"}}}],"provision.device.communicationModules[].subscription.specificType":[{"_index":{"path":"provision.device.communicationModules[].identifier","value":{"_current":{"value":"COMMS2_SN_CHD_DEV_8","provType":"MONITORING","date":"2018-03-12T10:59:49.906Z"}}},"_value":{"_current":{"value":"MOBILE","provType":"MONITORING","date":"2018-03-12T10:59:49.82Z"}}},{"_index":{"path":"provision.device.communicationModules[].identifier","value":{"_current":{"value":"COMMS1_SN_CHD_DEV_8","provType":"MONITORING","date":"2018-03-12T10:59:49.605Z"}}},"_value":{"_current":{"value":"MOBILE","provType":"MONITORING","date":"2018-03-12T10:59:49.618Z"}}}],"provision.device.description":{"_value":{"_current":{"value":"CHD_DEV_8 desc","provType":"MONITORING","date":"2018-03-12T10:59:49.999Z"}}},"provision.device.identifier":{"_value":{"_current":{"value":"CHD_DEV_8","provType":"MONITORING","date":"2018-03-12T10:59:50.002Z"}}},"provision.device.image":{"_value":{"_current":{"value":"data:image/jpeg;base64,/9j/4AAQSkZJRgABAQEASABIAAD/2wBDAAMCAgICAgMCAgIDAwMDBAYEBAQEBAgGBgUGCQgKCgkICQkKDA8MCgsOCwkJDRENDg8QEBEQCgwSExIQEw8QEBD/2wBDAQMDAwQDBAgEBAgQCwkLEBAQEBAQEBAQEBAQEBAQEBAQEBAQEBAQEBAQEBAQEBAQEBAQEBAQEBAQEBAQEBAQEBD/wgARCAGQAZADASIAAhEBAxEB/8QAHAABAAEFAQEAAAAAAAAAAAAAAAYCAwQFBwgB/8QAGQEBAQEBAQEAAAAAAAAAAAAAAAEEBQMG/9oADAMBAAIQAxAAAAH1SAAAAAAAAAAAAAAAAAAAAAAAAAAAAAAAAAAAAAAAAAAAAAAAAAAAAAAAAAAAAAAAAAAAAAAAAAAAAAAAAAAAAAAAAAAAAAAAAAAAAAAAAAAAAAAQUnTlnUwAAAAAAAAAAAAAAAAAAAAAAB499hcLPP8A7z8s+pwAAAAAAAAAAAAAAAAAAAAAABxjs/GCG+mfM3pkAAAAAAAAAAAAAAAAAAAAAAAcY7PxghvpnzN6ZAAAAAAAAAAILpuIQ096Pn0AAAAAAAAAAAcX7Rw8h/qDyh6vAAAAAAAAAAOFwzoENPTIAAAAAAAAAAAHBO9+eiC+v/GnssAAAAAAAAAA4xDZlDT0yAAAAAAAAAAAxcgq87+iPO5zz2X409lgAAAAAAAAAHGIbMYOeoAAAAAAAACOkio4tGTsUIs/DS5mrHQYFb+kQ9fefJedURmRFwAAAAAAAAHD4BNOdnr8AAAAAxjJc7gh2vm0KlxDL0/05sMeK2i/Y+gfQ+Wy79xfhmZun+nQJZxX6ejr3neVHXkRk5fAAAAAB565z0Pnh7LAAAWeQnYo7yvVkxjGNcN5fitJINPjgUFX3BpM3GtCtjWjM+4X0zWJUZCzUXftuouV2qi9ma+om0v45UeicrzrJjsiEykzQAAed+edD54eywACg1XmjsUFOMTKYRElX3kW5OhsS2Z9nVVl/wCY+MbDFs1D79+ipUPv36KlQqVCpUKlQqVCpUKlQvW6iRyvmX07xm8A3p2JBpWcF550Lnp7LAA0W9hxz+J7jTi5R9M+DSy2cJwZNgkU10u1hocuzryVb7mw7fLvMV49SVcH6cSyr5WPv2o+VqhUqFSo+Vfaj5V9rKaqvp8+tQbjTwLZFGv6zLU4bt+1Xl5Rn9RjR0rZeV+wHSAIXNI0cY11usrqVC9brOJ4tVmS9XifLdjYx7ho470W4cpdB1xD7/Tpscz7VgcrO4VYWeKlwpqyskwsjKrLN25WU11VlP1AjM18t6ERST7PKTVZu3xS7HoZzMkfPZTG1k3ZY9ITpgGv2GKeWYz6P42WNvzbKOj1x3eHE95o8PJi2+FizPNmiFMljWvZ9y8XJ06usdR5b1oh3NumcHKIbpcAnfoHyJ6tNzmXKyzYt0cnjZv3X53N5mwu67bd/wCipXYhp1aybWuhlvMyc1Me7qOZLPOUauRGhkt60cz6RqOhFOxw8w6WADH00h+HKuZendUePa/R/NDgX2QQ4233X5hd+qinKsZJ1XrHKOsEN4j27hxroROxyvvPLOunWbnEpeSrXynI5PGj1O9zsHP12bXV3/o9doc/pXt7XNzTEyRwKB4xTn7S6U3KPh9fai5MYVYOg67mPWTo/wBt3AAAC3rdsOfc29D4B4rg/ufnZ5dzptADYZWg251/rPJetkL4f3Hh5rqvn0v+ivN/oQmUBmtaed913aODL4x8XtVWu25ur8IgBJIxuNiWshSV0qj5V9zjHytTBTf6WV9YIn0rMyh9AAAAACnDzhEIB23FPIHP/ccFOQ9n5ptjM4j1HkJR9ouD0T539HpvqlYqfbLuBm2l88ZG7kUun3qs+vn0VLpbyrkeN/BLPQSCdclcgMDZ1gAAAAAAAAD5YyBHoV1W0eaeSe3IgeLc/uHKDD9L+TfRZ0arXbFPtfyuxh5uGvIJNo97L9fLh8rvVlWLqss0e9nkxI5Lsu4fPoAAAAAAAAAAAALdwamK9AoPPMK9Wxs89TLfQw6JteKSNOm4WDfrl0hjcnl+5ON8LNyZyki0s22WWb/0AAAAAAAAAAAAAAAAKahiavf/AAgsO7PjnnDXelomcAnuz6eQ2Z7PKMXMrAAAAAAAAAAAAAAAAAAAAAHyi4LFdwfPoAAAAAAAAf/EADMQAAAGAQIDBwMDBAMAAAAAAAABAgMEBQYHERIgQBATFCEzNTYwMVAiIzQVFiQyJWCA/9oACAEBAAEFAv8A2vkeWwMdFBn8C5lfkM677+54fe+LL7fj9UYcfwem0KPKvPyGqPs+l3vH5DVH2fS73j8hqj7Ppd7x0uR5bAx0UGfwLmV1OqPs+l3vHS51339zw+98WX26jVI9qbStW930uqMOP4PTaFHlXnU6sq4aTSNfFfdLqj7Ppd7x1OsSuGh0aXxZB0uqPs+l3vHU61Hw4/op55D0uqPs+l3vHU62fH9E/kHS6o+z6Xe8dMqVHQojJRDWz4/on8g6XVI9qbStW930alpQU7KqiEHr62tDdNaXI9nNjCNlbpDUwzyWi0dhSoeRdLqyrhpNI18V90Nhf1NYU3PX3h3V9cqi4/FhplWLaS5I8t+K5FymQgRsgr5AQ424XRaxK4aHRpfFkH1plnAgJn6gRkCTb5JcnDxd102qqurkv3SEE6+8+r6DMuSwcbJ5bYjZFBfDbzTxfX1qPhx/RTzyH6b0liMmdmtbHEvIshsw1jsqUqNjkZgjk1UISL19YccW6rl3IgbrZDxDY8QO+WO8dHG8ON4Mzpsc4uVTWxFyaA+Gn2Xi+prZ8f0T+QfQUpKCl38CMJeSWb5/0+RYON19XEH9ThMBy6lqDkh57lUtCQclI45Ch3bpju2SG8ch3yCHiFDv1jvXB3ix3ix3ix3ix3qw1NkMnGyiY0IuTwXgzKjvl9HWz4/on8g5nnm47SNRqyxXIs5kobmCVsDfdMuVS0oBydxwvrHAwgeIQkG+4Y3Uf123nWji5FPYEbKIrgZmRpBc2tnx/RP5BzWDzRtZBp5WLUdhlGOHXZPV2IIyPlW8hsd4+6O6bSDkJSFOrV0yFrQca9nxxGydlYYmRpJdutnx/RP5ByrUSEyZRmcmWtS0yCUVjh9LZhcLLMbOuzKDINMuMtK58NseNS+CciNhUviG+/VoWtBsX82KImVRXwzOiyBrZ8f0T+QctxJ8PElu/oPzMEoyCJJkLmprrE/6LHSTlXGQFsIbCuJI8VJSG7eyaDWTW7QYzR8hHy2sdJiVGkp6WXbwYQfyOY+fg7OebNRJjhqfaxTkzWb2LiNRWYxaMWMORy5Me0SSrdPITBLOSg/EqhpUF1CFB2jfDkCW0DIy5G3nWVQcqsoorMjgWAL6mw4THCobH2TrWJAJ+0s7Q4GNOunCxtpsM1sdsigtLCaSMoHWwIyZ1hEbTIyRht7EpUp7kyo9oLp7p5EHsJjn+Z3w70E6OMjDkZh8n6VJh+HIj8iGXViqyGfVqiymJjXMTajBMgmkgkkNhsNgeySnW5rOJjpTFwscjMEiGlsEgw2wZhLaWymXjLRXGTNsOWq5ckY/WoiNYp/L7chY8RVFJTsSiPlm/wAwm1nyEowTg4ScD1D4g/7anoVDxYzEXHmGhLpq2QwTkzFp0OWzOY7CSZhLIJBENhsNhsNhsFrQ0iXMfsnKujJIYjIaIiCGjMJZISJbEYry8XHbORcXQebg49DpYL1jMXHSxFxT+X2yT/Re18qBJZsjI2JyFhLiVdsvymtLQ4U8myCIr6yNCkH2MH+5UElYZiRlNWMZpgSromzlZAJtr4lOK3CoE0ghkEnYKUhtKHnXh/nDvloCTSothsDMklLku2b9VUJbJtskklBmEMhx1mOmbbfplZKqYqNUGayIW/HOsqCEllub6GK/y+15HEVnWd8VpjZ8TkaXENixUkR7BKg26lQm/wAzsiymHEWbkdTfYx6lOIx/t3J+VsymSqXGfjrBHseOySn1Ow2Bd3xOSX3jSkwk1EGPJ7YbC2lKdXT1ZJJtrhJDI4UNlJtCSLTJY7LhRrO0NlhphBIGxBFeXiYMc0osEmljFf5fItolCRXIcE7H0OCxxjYPQZcQ2LBbZvSCVJJRGC7duxj1KcR/TuvtMP8AdcaQ8idXrjGMBsYqIJeY2EiI5uhbe5GgG82RxIjjJ7CY/wCGj1MFT7saJwJQ0RCROZji2vmIyXJ1xcqhVsSCRJMxuSR9+xpXAqBIjqFwlPg8YcLxpHvzKbJQfgoWJtE24LHGBY4xIZUtD8ZSHwlZHyMepTiP6d19pvqgyJRWFWbYoNOo17jLxZpiKqnNKqwCFJWSiQ4PCV4bNLJfcbCW0ubKrK1MZt15mMmdb7IlZFKnLj1DSXSLcbJSDMz7NuwyMg682wkrJ+xXQxERUI+3OaCMPQ0LEykbcFli6FlY4m40bzEqIaHwlwj7GP8AemEf07r7TfV7CMYo4TVAbhLFzg1BdB6hzPFFVWfQZCmH2JLew2GxivgtRkyLTYrTJmmXTr5VmtCENp4dhvyNtLcPdiOLG9QhTFdOtXaqiJoo0YmyLy+kaSMOxULEunbcKxxlKys8RNByIUyEaHxGdI10xiP6d1/rN9Xtxv2YEEuGQtsZo70pGC5HQLg567Dcg2UCyaLyFvfRq9t561vCiQo8Jsi3G+3IRGoyZQ0J9szGbclWFsqpxokiDUoaJthKC+qaSMOR0qEqpbcFhjaFi0w8t11s2C5RyBEeI27kyNM31e3Hi2p+QlGQn1tbatXWFpqnqmzzKS3CqmYp/ceRD79m3YhgzJclthMu7W6qBQvy3a2iQ2TENDZEki6HbcLYSoSaxtwT8dQsP0j8JcS1Q2LaTumU+Rukoj7aIv8AiOV0+Fu6dWtxtPAjlQ2pw/2mROt22j8NPtV1eOpQIlahokNknpdgppKhIrkOCdj6HBPx95BWVLOZWTq0GiQRglkYpPaeWX6MlHHP7dgRGYJpKBJmoaQt6ZOOvx/zhVCGw1HSgiLbqVNkYfgoWJtE24LfEW3im41LiBK3Urp7MmojMttwEZHyS/Rf/TOGxn2IaMwbyGyXLceVGplurh1CSDENKAlBF1poIw9DQsTKRtwWGLoM3a6ZENiyeYOHdkYYnNuBKiPsmei952ASk1H+20H5fmzVyZZxKpKCjwUpCGiT+BNJGHYqViVUNuCZjqFCRjzrZ8U+CcO8EexacEtxJsKPexLYLeS2liJMniFTMxwzCIg2wSQRbfhDIjC2EqDsBCg9VIMTMUjuiRWW9YHLxRN10k5Nk33slcHHkINuMQQwRAkkX4k0EYUwRhUYhZ4rV2aYGAohSo0BmMhLQJH43YcI4ASf+i//xAAkEQABAwIGAgMAAAAAAAAAAAABAgMEABEFBhMhIjESQCBwgP/aAAgBAwEBPwH9KEgd+zLhiUBvan1vYcwkNjyqHIVJa1FC3znYuiKrTSLmhmNYPJFRJSJjQdR683B25StRJsaRlvfmumGERmw2319Qf//EACMRAAICAQMEAwEAAAAAAAAAAAECAwQABRESISIxQAYgcID/2gAIAQIBAT8B/pQkDz7NqqLIHXbJ3loQqIxyypObEXNht97mqpWbgo3ODX3B7lyrZW3GJU9e5pKWW5qdjifH+ve+QQpXQRp4/IP/xABIEAABAgMDBwcJBgQEBwAAAAABAAIDBBESITEQEyJBUXTCICMyQFJhcQUUMDNCYoGhsVByc5HB0QYkY4IVQ2ThNDVTYICSk//aAAgBAQAGPwL/AM12w4rHRo77xDadXehJRpd0rFf0KuqHfH7Rm873Wfu0UHMeszjbPjX7RlZ8Q+fzuate7QlPiR4doy8HOM7nVH2jK7zwlTW7cQ+0ZXeeEqa3biH2jK7zwlTW7cQ6s2HFY6NHfeIbTq70JKNLulYr+hV1Q749ald54SprduIdWm873Wfu0UHMeszjbPjXrUrvPCVNj/S8Q6tKz4h8/nc1a92hKfEjw7Rl4OcZ3OqOtSu88JU5uvG3q0rvPCVNbtxDrUpvXA5Tu6cberSu88JU1u3EOtSW98DlPbnxt6tK7zwlTW7cQ61Jb5wOU7ufG3q0rvPCVNbtxDq9h8dgdsqqg1ySW+cDlO7nxt6tK7zwlTY/0vEOqWnuAHeizP52J2Yd6pAYZeF3YogvJOs1XNx3KkzCDu8KWg+TGF8WFMZxzO6yVPNmYDoZ801j329Wld54SpzdeNvUv5qcYD2ReUYfkmS/vifsqzk1ELT7OAWdmXAeKzMk2y3tcnOwX2XYVVJhger32D3qsN4d4dTlN64HKd3Tjb6e3NzTIfiUYfkyWdHd2jcFZfGMJh9mHcrcap8VajuaFYkYVPeKtRYhcfQ1hRXBUjARAqPObPerUKIHeHUJLe+Byntz42+ktx4zGD3irEo10y/3cEWQP5aGexis5Mve87XFWotAqNo8+6rMu0Qh81aiPLj38q8rpLWrmFXQivVr1a9WqwiWqkeFbCpErDPeqwojXeB9LJb5wOU7ufG30NpxoFc4xXbGKzKtZBbtOKtzUy6KfFc7FbXuX8vLV8VRllngFzkVzvjyb3LRBK0WUWnFWk+qubVXQ10RkxXSXSXSWOSsN5CpFFsKkWsMqsKK13x9FJb5wOU7ufG3lvjxnWWMFpx2BPheSogdZ1uuK5yMaZMKqzbu2DlaRoqQ2Fy0n2VpGpWgxbFefT1hxC1Ue7ODvVI7CwqsKM08uS3zgcp3c+NvLdLPAdbFHA7EZnyLGMnGxs10f9lY8pSxmIA9sfug0Rs3E7L7ldybytAWRtVqK6p71SG1Xnq1WOIVM5bHeqTEOz3hVgxWnkSW+cDlO7nxt5RedQqnRCcVirMQAg7UYkFvmsXtQ8PyVqE7z2WGy+5ZqcaZaJ72CtNjsIPetKYZ+a0IzGt8VXOtJ8VoEBXnrdWOIWnFq33lzgp3tNVzUZpUlvnA5Tu58beVSnrNHk3ouiy4D+224ojzmKKE6166J+a0Y7/zV0Z35rRmYn/sVoTsX8168P8AvBfzEq133Sudtwj3hW4EZrx3Hq3OxgXdlt5VmRl7A2lVmYr3dytQnOae5aWmmyPlaXe+G02gHaio3lCAYliPBzVk6rwf0XNxh8eTCP8AU/TlxmVuER31XrHL1zh8FVkVrlpQT8FeORahRHMPcVSK4Rm+9igy3movZd6bArArDJzr6v1NGKzcEZqH3K1EBK0mroBdBVMNWntY0d6LIDG07RXm0jWYj9liiw5lxqGh1Ca0PIhn+p+nLj/iO+vIvWlDa5VgPp3Fc4z48jQaUIE61z4PvYhCNLvDmn0F5WCw5FTcjAkhU63rOx4dSdaFGrRAWGSrrkWSwtO26lZiPfHjOwYy9N/xCM6Hb6MtDN/9yzrYQbVTP4bfryIwA0mi0FQ8qP8AiO+qqGHk3qgv7lWCwsd8lSLDNNq0mrSARgx2DuOxUa/OSzz8k2YgOq12W5aSuHLMSIaALMwKiF9UHParhyKYu2IxJ2MGQtQC/lB5pLf9R3SPgjFay3Hdg517nFGZmDacTVUaFM/ht+vIIOtRHwmWoJNRTUqFYrHLGP8AVd9VVpQI6StNhkhUe2hyhAPaCr4LSi6Xu91FpNCrnIsfeEJaI7mIxp4HJpK5WnuAHeqyspFiDtdEfNf8Iz/7Bc/Lvh9+IVWmoy2nXALNQqiEPmgS1UAy1iOoiQ/NsGtOlvIrM9EwMU9Bq858pxzNxsRXot8ArlY9iFcFWi+Kmfw2/Xkm5FzW0KvBIVCrysVH/Ed9coFoAgYFANILu7KEMhRDjR2pwVIt/fqyVCgTJvdZo7xyvmY7M5YdZhMOHiVzkQ5MVYb7V9MvmUE/fQcWqgGS04gBWZf80YLXmYmThDZerflmLZhaoEP9ShDgw2saNQCq80Vyc6mJqqAK/apj8Nv15XRR0ES1qwJCo5RTtefQDIclh7agq2zSh/TI+Tix2tiW6taTqy52ALW1qo42TsNy6QVkG044NbeUZmaFl7hZhw+yNpyOia8As468m9AUyUbpOWcnZgNGpqsw2mSlO0fWO/ZcxD0ji83uK7lo/nlqRVUtgeKLmkYhTAB9hvoOiugiQxF8Gu2hVmMwt5QQyHLQhGPLjR1jYpbynCnHy848uNcWm+5UnIJmpYe0NIIQ4rsxFOpytMcCO5UjQYcT7zV/y6D81SXhQ4X3G0V+Rsuzosx8ULr1V5+CLnPEKGMb0ZfyJBtDXMPuaP3Xnc48zMz236vBUCvvKvyX5LwrcR4aAsxKlwha3LQbecTt9FguijzdUXQKt7tSpGhkd/ICGQ8mXhsuAr9VR4qCjEEHzWMf8yFd8kYvk6KZ6VGoX/JZjynDdKRcNLBCLAite04EHLcs9FpU31VmAKe8V5vKMdNzJ9lurxQmPLMa1sgN6A/dBjGhoGAC0lQXDLctEfFXc4/5BZuFz0bYNSESccSNTRgho+lwXRR0EXQQWH5LnYZptGQIZDyZfw5B8+k25w/5jbnJ0z/DHlIxoeOadj+xXmf8SeT4kvEF1sN/RZ6SmYcVvulVVuZi1Psw24laZdIyvZHTd+yzcvDsjWdZWwLR/PkUCrHP9oXOPDG6mjWrEAGDB+ZQJYhorD0+C6KOgi6G2we5abKt2hDIUeRLfd5Wa8oycOM33hejN/w75SiQHj2C79U+Umwxgp69wv8A91nYj3R45xiRLyrltV+S/JaebLVzeiNbijC8nttu1vOCz80S9x2oaKw6nguijoLOQB8FmpkGE7vwVQa8mV/D5RKsA4mia3YOVohdt3yVmuciamhc+S1nYCGguj1fBdFHQREMmmxF7W2grLwQe/LK/hjlFQx72W7LWMfgtJwYzYrEu0w4fa1lVLanaUNFYdb6KOijWHftCJhEupqWbLTawooMBx6DQFjySof3sl+S064bVzd3vFWJVtt3a1LOTBMR3yXRWHX8F0VbbDv20WjUhUfUK8rHKVDHvZKBdpys3vfqaFamjZb2AgGsoFh9h4LoroKsElq5xhptVHFYq4qH4q9Y2QubbmoXaOJWi2rtbjisFh9jYLBdFF0KsJ+1uCtWDFhj2mKy4pt+FSs1Jw847bqCEWcOdibNQWH2ZgsFz0Cy7tsuKdEM1bhHVrQhwYYaP+9//8QALBABAAIBAwIGAgMBAQADAAAAAQARITFBUWFxECBAgZGhscEwUPDR4WCA8f/aAAgBAQABPyH/AO65oBUwrktpg0FXdxgZ/sdx65+hU3/tOuKpel61/YDCCsOrhH3IGpi3Siv7f7H6yf3n9j/WT+8/sf6yf3nps0AqYVyW0waCru4wM+q+sn956b3Hrn6FTf8AtOuKpel616m4dE+7D02MIKw6uEfcgamLdKK/t9VZ+mdM6/TH1k/vPVdt6YUJd/pj6yf3nqu1dMGoeXpj6yf3nqv66H33pj6yf3np/rcIblcQdx8ProffemLh0T7sPSbcC1VUfoljmd4vcdtU7wsx5DcVEgbXiVpTsMOEFGuP+Ul/aTS9MWfpnTOv0JdZYo6hfoI+scSPBbD9Mr6zLCHbjXL2muXxLMjLAqcGtcSmObphlIM+01qTyv0dt6YUJd/84rBHc+IxsM138ziBqpUM2jqu2Caxs6vtKlOh/BO+tH+DTSCqLwyr5YdZWK+FK6Lq9BaumDUPL+Qaie4kdfY5bvEqGgBo7y7p6qWFEI5xCcJ2FwN5J1hYgbq/M6YO7NWMdi3tKOvlkF2k9NDgS9S6Mp+rt5Rs/jiAyj/KfXQ++/hFIy1VgKd8H3GS31I6kxdwh4vG2TEFIzfGDtL7kavvHlaLE0bs2p3zinaf9un/ACibSnAEt4PbwvXTqocqE50PiXiPRleTrayk7oyShc6fxProffecCiunQNWPiHVNnUHaPN9bDFNVl+6LrmZkHaE6vlCsYsWjmbOHBNb35jgfqmiJ2R1qypUCBAgQIECBAgQIELMjhlJRdpqeYjJDlp2vPn+uh995wgvUVltmA3rQJv03jSLXWx2fuGBN1kAtCeXmvg1j8j2s+yZDIODeDxqVKgQIECBAgQIECBAgQIECW4vRlIqG2crkKAG67XnyfXQ++8xomsplVNY5p1Ny9gWMuCXPI6xeF1KvZqQdoq83fb3gzTwhhFn4K5mg5lW2Zt18LNIRzeYp3YyvCpUCBAgQIECBAgQIECBAgQJUDyW6pwwCxLZwoB7AhY2m10z6aH33mLjWefEpVMVj4aWwuoX59n/9IY96rRhSZzS3jSvUXL+ehoX2hoQ73/MvBucLGaE5omfOBcfUNrkCBAgQIECBAgQIECBKgSoHkxUACr3hswFnlj4gfVZJBphOSma7HPFdWPZYVNYZN0uCTLdlTLHJ5P8AWdURfEJUyM1mZYIV3TVwuaD8xA2M+5eKQ3yiNIPXyFjjeqKm8Z+yFoU1evh3lEsgQIECBAgQIECBBcMP/Gh/5Uq3So30TdqXhttrfeAnDzABCAg+CYavxEKbKRhvGzYEypVFrR+92ji1vmLU8nSQ/lBevAgQJZuUv/u0FCdwahpnxK57RmW1nBDLXDJ5GolWZ5U9GAdexIECBAgQL0m2V3h/8IXlB6GEkEWjgMqzbDlH4mQLWrWJFDCaitVhNUJbYBqsp2eL6IMY9Zy+0f3KqKcqOKQ1qf5HLyMDPwrX6jLE0ZhAgQJ/n8odYnaaa+Au0BLcZQw7LdL5D6ZTGItAYZQPzQQYka7Oo+SXSVlu/wCjCrm+HiBAjNC5uKbQQkgggggkJ7VlOhtde6EZCDQScJNghNSJAnGm8MS1jIKuoYeiEGxPnjG5WRYbqUk/yOXkKksFJGaIrqHDL2/MEBgjEECUWLBPvAoq44i1W+tcSzuaMu04k8WIBd4CV4lNElTymr/UrwGozUjrao4/Kj7bBekRz8IQoVGRnqqE9S59sAcvbzza9/pZCZE3IQQ3QBaszKPB+UzNoOg2Sb6ShDo3Y4KNa2sRPPWU77wTbsMAFCiHVXFdd5oJYafZP8jl5LUj8hLJ+QmPo3I4KkoyFOkf4/KaZGbxEVYtW0vVfDw8o0+HhTkJDJoOh1eCElJkY41trowwkhs8tjqalvECngvEdAavKiFVaNMQggmytx+JmLQwgZ1Jg0N2XdCmr0mCE2YvrxF5brdRX3TQzhSIIYHjdlKt88sdmvCKCmmyf5nLyJcGyQJsQqg+Iqo3kmHgS0SJzLk6n7ZvnlKZpQz+Lweb3jQ22iwFN/28Atp1O+iAFkIttSste5LWs65RCH7YY2IFnsS6bti1Nep0hBcQp5ZXlTZYRkC2wTHxmkY7DLl7G8ZOT0HoQj5XNPVmd05MNPt5RVWtspglQTVEdsJdg4mHIOt8soX5UGHaQdsQxofENwT2iHWVULs7qYgOrNwgw8QZ/F4fV7wYoAjqMPsNe/8A+JswuAC0aneC0fv1d9T3i+mzTL6MMPGRUDpvSX5hddv+dZSKutC+dZlWrhAerAEkYZlMd7DViDfWmmJsRz4ji5na5TtbRVRcPoLaaq9vA7HSXijBNQCJd8SzPEsu/Yhm7d9Yv52sP0g7ZhDj8Q1SHZJYiciKHQ9k5WbhBHxyMO0Mxn38Bh1TAUMKG2UvCYiJYzdAVOTy6GcpBBh1edOIMsi3L3294Qh7thIQRdjVESDIUJiAg63T9+5tKqQbXXdgwxUCggMnXTeLqjoHgC9DmFH7Svd5aRPoDdgvyGDTiyIL0WaO66Q2BBSv4tsgjZijGY5o9J0QQPwiEoesTnZmaE4s/H4XV7yvAlw+r8wIkmoTBTMHW9zX3l1C5VPgr/hLfvsqscrruYhBa3tTuakyHCWHPyE4CFr43dj6sUQamonK7xRfuMBpe7WdWGcBcoNcsowr0get21mIqX1UWWzfa/UzTLlXVmCkIBABp/LsEHbEBcITQ/ECm5Tj4l3YmTGbAudpnGfa8anzv9wIECE3yI2Y6Ls6kyZ9vHsD8MwNwPmCsQ61274OICqFwNfP6iqtTSex0nQ0nf02N8Q6qN1bGif9gDL69B2lmH4hCjNp9CnVCciCOEJoPiJaFbjDCNi71feAoQmoxBmbxDwq7aBAgeATthLS9JDN2jwvFGDjwLdPmFGnzK57kOmfwlyODCFjpo+8CuSukCYQfBNPSIdYZkQJsQqg+ILT8EfPvhrK2FqCprDCdZWm5BA8AhFUbaMVfjwqXbQthyyxCgtgftTqxQktBqy3Bbj4IQGJlyLDMHxDwQGj1CDD9IO2IZQ/Ew4bNQlZzuGZU/tkM3Cz2rACjALGBAgQwVo6JoXDgDiHAQWzroyCU1gxfvLRD3XHR2JWrB5RgOnrT9IO2YA4xiE95MRAgf3SUZMMowPD4rIpqU5uH+KiYOQjCK2f3w4gbBBSQsEANP6DZIE2YI4y0ofEQNONoaFe3JCxCKYx8w1Po36hWqiMLH5Y3m3D+AhZnOQpUXAUD/SNkmoCXuMvSqPSVZ2X6Ebe8B8kstHhm24pMrdz8hm4VCMQBUJtM2z+oQZsniQkwLxnk4JSq8XC5/g1hm0I2lV/WIYmV4gm0AP/AIJ//9oADAMBAAIAAwAAABDzzzzzzzzzzzzzzzzzzzzzzzzzzzzzzzzzzzzzzzzzzzzzzzzzzzzzzzzzzzzzzzzzzzzzzzzzzzzzzzzzzzzzzzzzzzzzzzzzzzzzzzzzzzzzzzzzzzzzzzzzzzzzzzzzzzzzzziTzzzzzzzzzzzzzzzzzzzzzzzxTzzzzzzzzzzzzzzzzzzzzzzzxTzzzzzzzzzzzTzzzzzzzzzzzzzzzzzzzzzzwjzzzzzzzzzzzyxzzzzzzzzzzyjzzzzzzzzzzzyhTzzzzzzzzzyzzzzzzzzzTRDDTzjzzzzzzzzzDzzzzzzjDSTQhCyRBjDzzzzzzDzzzQChRgCRDiSzBDCCBDzTzwDzzxwTTCjRxSBTzzzzzwARTTAjzyzgTwQBRywQhCAADDizji8AwzyzTChjTDTTyAQhTRwwQRmFEQzyhigTE5yTjCzjRGItTyGxDxSjyzyDxxTDAARTwznyKyQAzghCRTzyxjQDjSixhxe8zgTARiAQwRzzzzzxxQBAzS1tVRCAAgRjBTzzzzzzzzyzihjAqlyQAgCSBzzzzzzzzzzzzwyCTzuxyBhxzzzzzzzzzzzzzzzzzyxxjQwRzzzzzzzzzzzzzzzzzzzzxyzzzzzzzzzz/8QAJREAAQMDAgYDAAAAAAAAAAAAAQARITFAQVFhECAwUICBkaHB/9oACAEDAQE/EPIt+iFcmuayQ9j4UYa7kvGkDHuEBuZhv0bc5Sy66BQcI2JURYODgiotytx1yCqt8bCfsoeTBalUT25VOAuRcMm77//EACMRAAEDAwQCAwAAAAAAAAAAAAEAESExQFEwQVBhgaEggMH/2gAIAQIBAT8Q+xbaMqTWD6NdAefShiHcl4xA28wgZ6x+jr5mDZrgKBJHRUFAOx2ItyZ5VwVVujoT7QWWDkKJs24QCNw6J53/xAAtEAEAAgEEAQIFBQEAAwEAAAABABEhMUFRYXGBkRAgQKHBMLHR4fBQYHDxgP/aAAgBAQABPxD/APa9/wAfZ0Lt1dsK8Rp70cDdg4CZ/wCjxHv1bL1rPcUfAa7qeDl+a/6Bzc4RXaKGnbM1NfHpGu6FXD/6s8+fPnz5v+Ps6F26u2FeI096OBuwcBM/V+WV/TTxHv1bL1rPcUfAa7qeDl+a+pJaSZjov02c3OEV2ihp2zNTXx6RruhVw/VZz1KeR7p/+iefOR9SgufB6/6P58qDqmTcG1/8J/z5fv8Ayyv6eSzpoZ7IIPVgkfU+pfvyWkmY6L9JhB6xQerDxdAF8MCMExwlMva2ekeEeRputhV8q7aeGG4qDpkwbFsIsmzFVznsC6Y7/TZz1KeR7p/oRAUANViwFwFd4yV6y7B4yL7B+WGUpqwOKYg8W2Iz43YdKi9Qv2eYql1VtXea5dJV5Y1sD1L5RfgVxs8WGOojccpYIRrqDgfJBJSsRw9Po8j6lBc+D1+v7EPjt4GZXdFF9hqiBIuQy2Uyx+88onq5jFMWU+hqY9LmKl/45jBSb1g8GhA3Z50lXA5+IXC1lTHJ6ulr2hJt1CveQZragu3mEkfcX6BQdUybg2v6n5orJH7w5AsK19mQGUUUWuXv4qGXnaC94DILVg+8scHVTLt0iBzgOh50IkTrWKdGsD4hUzHhwmEX4zBP2MHpgh98G/4h+UXBP7/5g2/3P5hEU56ipg4aJTzMRHWWW8zLGYQft9O/flBm6YIOVWBGXaomOchVX5cEUm5G16QwRAAU4p7DSGX4mAvZVsMF+mYerHt+2avbSZXqdE0wawPeC5/hc+0u+PiiaAd31feOWo3P9I5KLfn7Q1ovV+8AUatLoimkerHRPiizh4CH9IQfX7c/+Ahs/sIfVXmBYRu5DSfhvo8wEz9UZPMGr3Fft9E/fsA3mgbTwERX0oqtbktmKiQowA4iFqe2YKZpWntLuGbGp8BFVUtdVi38NZ4lRt25YPcgKI5qHyy92TI+xAPeJSYszpHL82wg/VAAAAOCixclf2BqNeZdzMLZJRhl0J7Jrk/Wfv0klNKVIOtm0Zwh8NeV6nCnUCLCiJrgQsc42w485csxouHLswU8aI38Fv4l0TtzKYUW8omtKZXA+kolxopR7S3FF0EC4HtCCD9EAAHR+gAAHDXIsVP9oLZgC/och7Tbmsk9uv6b9+jAMDwFx0u8dOCCtQ8x0RKOB2Os0hMAC1WmMu5TFmVzoDLa9/MHckMZ7ujwIUhrVCe8ucksGfAuWrB30HvKBU0VD0XMjqAVFzW1VuEBCD9MAAAdHzgAEIwAIECGtDSxUJh+qFAdsWVLVfsU1jFnQz7DGLjZrnz7+pLUVq0KvsMre3HdbthiPC8shZUdOa0LXdTHquMCiZBYRwYcEbqroQfZrnMWaLd1/uJhbeGh/eYsg0pfmXeYKpPzQ8AV6Z4qpgWRlu98I/vBmRg/clocjxs1L2TZgHT5QDo+B0fOAAfAEKwAKIECssDTMUQTrGnrCAI0H64aENzOph9GJTrzdnmoaF8ylZwkDIG1KZNvQ03jRIFavZtldxEaV4h7wAII6J8jiNYERa7x8A+AYSgXWmJqcNiRK9ISomqzooB6ShZW5s/ptN2ABr5xOmJCn5HAFYxX6S2gcHA6EH0OEs+xFEoiWJ8Do/SAAAfo3pF6N6p0rylDJeRgtyCxZyrG18esW4E56u9UUydrdWX+ZW0VCSBh0PEHrFyRyXbQCCUgQAnR+ZuKKAHnRHbKct4yEB4KPkBq/s42suyBvBKJyQTBvGzmWkjaI6kMSwNxph9E94P9xreDVAfG/tGVsjrngZWw6/yvxBWgtYLtt4QSGqUC1pLW7DicR0RdJs/MADqgr1KPSjUK9CpS/ebmmHwQuJ1ToiCZqFAQ27Ky1f7vCKs1lntjwSppLhVauCmBF/ojIrEh7tFBHA2KFJycxDyNWWhTQg4rXpZDodGYuDpRm33q/LAyi37VOf7kqV4yzMm+sI5uWfAzEFhK4CCjbiKQImo/A7lFdWMAQ96+8MR7gjf4Y9tw1ezs29IFp6lnxMt8b4QR6uSBfVDK2icxmUgYcmaLwQZamxzRlcJOj4FgKmn6EhYB6MwuJ1zpnXOmdMsk0bAR3TSqzt/hLrmC2Sl8GxHaJIl4QwrYacGHunviClS6UtjlYjX68l9nG7GXOkChqosDVqajbT76HBAiEOCBLPkBhV1BhEpJnxcWhujqBHiOTBgAbe4aSblUsZmIrJnHIYI17TcX0SUy9C9di9wMMLoqzq41JNaT8DqZk3IchxvVNeYhEfeGrJUNPq/EdE1MBIrXm0Z4zVzTsxJwOgJgeLaGYOq9K3lBiP8AMwYEdQAy3SBOG2hXsYs7LgQMdn2QYckoH7tawk4WJYzrm7UR6JbAEJPQw38vxAvYDkgoiuCOhnAKi0tKwZ8BHrOEpGqu0A3FCRWLd44IHE3Gi8Pg8uYCIGACggQoBslZXmGiEDNQcDT935cGCNSAZejtMtyWmo3EHQbj8wcjDwLeWAhNxCwyhVYHkagqFy3vBZYIITUWgmOd4UQ3Lks3eXbFf/YZyQnE3J+KAGYz40g5hbNYjJ0m5EC5Nq/wvXwSMsBqJoymYztv4y/WdU64sKGT93RgviBExQaArYMVEBRvjiUtqOFsqIgYsBhtQ2nROiBGFHdu384GjQ5IYIoqUrAU1CLRC9Hg8PEYl63T4sHtiUJcnCAyujEJk1DF6EN3HTV4iVcA+RnKmVa3BWiDSLan88ZX8gAKSJgW4HIvqJSLuGKFaBTHSp8N1DKspMIy/wAmaA4Ep6yrYEo5MPMA1zKonMq9k0IaVcMwLyhigpRp2cMVsC0M9f5fARcwkgWh2uvWEHEdEnXFa/q6/PI9S0PFO+WMudl64VNGvkm8FjAnUqqXi4GAGydEtmesnSDqqUtVbWEmKC8QgAAascuDRsPLB/jfl2ByppS4KfZhN3MGSGVLDVXLCKUWuIP5mC6v08EeOTVWCFhjS4OXcN/SUXJVaUCGuDvGyiQHR/uhD8rUCLBLe0NEX1FdF3D9MWiUZXfMairbTtKpU1eR4dJVENHEJ0fgIB8hG0Z0lKm8D2mOn7Tah9noFiR2p4Oe05/ZCqCmUusKTBg+kq6mec1rlrGFEX7Tt2oyaOO6hXkB6JyJBYJgpR933hLVXeSvtjFAOq2DvU94jGJyq2s6ImnLoYV/BGsmLVKkVdx6EcUAFg5Zmd6ao3zLXjEMGm6SNzTPG8LLXBMnUNjj5d4+OA0GA8E0hmX03P8AEW0ug3ioMpZZVkEXltaBGUiX/bmDRiHJbtmDfHzoCkjARnmAWZ1F8dYu7VYUZW6lbCvyRarKoK/XaE0fch40zDLEn3UH7JrRGhOzKrzdDXEqZgARKRMJAMJR0BSiUm1TgOyOGBZl0Fn/ACKj0EvOB3FUGtghdWECtNBgPZAEFFYlzwmpOiBxAKFIxMlUl5ljgh4OiIkZK4fOiYhm41wBja84gOzFgGgBDLB1Dq/iKrvePLvA50gNlcjSJKOd3r/UtVQ4A8sY4VnWvzD/AH8oNMBHCEWR6O75jUiggdOCCA/RQdSDtjMJEX1M2l9QMDDY3GWr2tWLzs9Imemg+ruespo+7DpGpvD+hNCo+0Yb8qHCBWYkmvFL+7m5G8NTFK4524DUlDxNixCGC0pDUeXLtBdBht6Lym7ZHpAEvdDkdhjIQ4ARXnSLjhTOOHlj4MhS6poeNYG10DyCsp7l8p/irmYLN6jxxMrYq8wKyHEMrxtj+YfWsAIdva0X5OIuFlJ9LGVli+0jHlbJegqitOV3mHJA2gAAOobQ/VApg0dfUstl6lpC7i4X11DzognQ+Vovc1JQeKGjBgBozOjlAqBvCKImv3l8kFjRjwWlV+Ak7p2nDHq4EZjOpIoYEgkIDZndhmd4qZeaWQ9XB6JdMjXg8sylB9v8y3B4lmrXYgktPRr/AFLxRXAlaRZca+CHdPyS3i9I8RkBV6d0fA1svQNCK4kCCYiHEEAGPoSsI8ED1LPS+oluu4yky2xAACFM6dbfWWmCFgTpgOnVgoglHMepXA3fu/IAGxKpm+qUyeDC91qaJQvoVAvUxLNI2RpADLBlFHL8EGjy6rWWbpusB5Yjs3JdX8xwp4z6fBgI/YMpKdt4xAUogzArqGQSoAKCvpC6EdCLlnC+pdQu4QR7wV9m0LklQUTxvHSTpRHoyoBmCCY5b4oBsSqCIo3GPewbfa/xAvLCBYBa1oeWANs+0QG5dAIHrLld+TiByDL93dmiV7gXTaNHfVl2sakqqDBldQah9RqBEwluWIL6iMq7gmULTV4ma+fFdG+dGEBPNDoqanpRuGYvXnuVpN/GLPE9oqUiy/cEilwXxELbwHL5YAAAGxKaD1w34hMgc704izw1fv5XeOhLcoaXitoNArqBgGJpg+rQSkjARnmATL6jeMt7QzEugKesYqjgrMKKrUDBD/Vmdk9wUmj3CqxFS9RGaD+DCDC06uxBqUe29+ZQW1otvsaRVmRRqd/xBq6BQjYgrqGgSoBQ+vQdSFojMPEX1Fmy+oRdQCi5EKpbXvovq8RH3lhNme4Tlsd4Qi37oi2cOC1jkb1Lz5cwipsKAS4G47PlgCD2gKhjqBUB/wAQSmAUVfUK3XUEYAiNhiCiyDJ70+1RUtNBYbOqfePCKxwIxHbJV6Af3NWloPfgww6RqdG8NJiAFBCjGAEaYP8Aj6oQpwm1Iq6HtNMX1AvdYfUmpTg+y0U7wI41RD2XeUCwWXANB/zNSIzYjZGwCCYP/BP/2Q==","provType":"MONITORING","date":"2018-03-12T10:59:49.603Z"}}},"provision.device.location":{"_value":{"_current":{"value":{"position":{"type":"Point","coordinates":[41.51045653034249,5.75291249764898]},"postal":"28033","source":"GPS"},"provType":"MONITORING","date":"2018-03-12T10:59:49.6Z"}}},"provision.device.model":{"_value":{"_current":{"value":{"name":"OpenGate","version":"1.0","manufacturer":"OpenGate"},"provType":"MONITORING","date":"2018-03-12T10:59:50.01Z"}}},"provision.device.name":{"_value":{"_current":{"value":"CHD_DEV_8 name","provType":"MONITORING","date":"2018-03-12T10:59:50.006Z"}}},"provision.device.specificType":{"_value":{"_current":{"value":"CONCENTRATOR","provType":"MONITORING","date":"2018-03-12T10:59:49.997Z"}}},"resourceType":{"_value":{"_current":{"value":"entity.device","provType":"IDENTIFIER","date":"2018-03-12T10:59:50.01Z"}}}},{"provision.administration.channel":{"_value":{"_current":{"value":"default_channel","provType":"MONITORING","date":"2018-03-12T10:59:55.718Z"}}},"provision.administration.identifier":{"_value":{"_current":{"value":"CHD_DEV_9","provType":"MONITORING","date":"2018-03-12T10:59:55.715Z"}}},"provision.administration.organization":{"_value":{"_current":{"value":"chemacorp","provType":"MONITORING","date":"2018-03-12T10:59:55.717Z"}}},"provision.administration.plan":{"_value":{"_current":{"value":"FLOW_RATE_100","provType":"MONITORING","date":"2018-03-12T10:59:55.711Z"}}},"provision.administration.serviceGroup":{"_value":{"_current":{"value":"emptyServiceGroup","provType":"MONITORING","date":"2018-03-12T10:59:55.712Z"}}},"provision.device.administrativeState":{"_value":{"_current":{"value":"ACTIVE","provType":"MONITORING","date":"2018-03-12T10:59:56.305Z"}}},"provision.device.communicationModules[].description":[{"_index":{"path":"provision.device.communicationModules[].identifier","value":{"_current":{"value":"COMMS2_SN_CHD_DEV_9","provType":"MONITORING","date":"2018-03-12T10:59:55.999Z"}}},"_value":{"_current":{"value":"COMMS2_SN_CHD_DEV_9 desc","provType":"MONITORING","date":"2018-03-12T10:59:56Z"}}},{"_index":{"path":"provision.device.communicationModules[].identifier","value":{"_current":{"value":"COMMS1_SN_CHD_DEV_9","provType":"MONITORING","date":"2018-03-12T10:59:55.917Z"}}},"_value":{"_current":{"value":"COMMS1_SN_CHD_DEV_9 desc","provType":"MONITORING","date":"2018-03-12T10:59:55.797Z"}}}],"provision.device.communicationModules[].identifier":[{"_index":{"path":"provision.device.communicationModules[].identifier","value":{"_current":{"value":"COMMS2_SN_CHD_DEV_9","provType":"MONITORING","date":"2018-03-12T10:59:55.999Z"}}},"_value":{"_current":{"value":"COMMS2_SN_CHD_DEV_9","provType":"MONITORING","date":"2018-03-12T10:59:55.999Z"}}},{"_index":{"path":"provision.device.communicationModules[].identifier","value":{"_current":{"value":"COMMS1_SN_CHD_DEV_9","provType":"MONITORING","date":"2018-03-12T10:59:55.917Z"}}},"_value":{"_current":{"value":"COMMS1_SN_CHD_DEV_9","provType":"MONITORING","date":"2018-03-12T10:59:55.917Z"}}}],"provision.device.communicationModules[].name":[{"_index":{"path":"provision.device.communicationModules[].identifier","value":{"_current":{"value":"COMMS2_SN_CHD_DEV_9","provType":"MONITORING","date":"2018-03-12T10:59:55.999Z"}}},"_value":{"_current":{"value":"COMMS2_SN_CHD_DEV_9 name","provType":"MONITORING","date":"2018-03-12T10:59:56.208Z"}}},{"_index":{"path":"provision.device.communicationModules[].identifier","value":{"_current":{"value":"COMMS1_SN_CHD_DEV_9","provType":"MONITORING","date":"2018-03-12T10:59:55.917Z"}}},"_value":{"_current":{"value":"COMMS1_SN_CHD_DEV_9 name","provType":"MONITORING","date":"2018-03-12T10:59:55.997Z"}}}],"provision.device.communicationModules[].subscriber.administrativeState":[{"_index":{"path":"provision.device.communicationModules[].identifier","value":{"_current":{"value":"COMMS2_SN_CHD_DEV_9","provType":"MONITORING","date":"2018-03-12T10:59:55.999Z"}}},"_value":{"_current":{"value":"ACTIVE","provType":"MONITORING","date":"2018-03-12T10:59:56.1Z"}}},{"_index":{"path":"provision.device.communicationModules[].identifier","value":{"_current":{"value":"COMMS1_SN_CHD_DEV_9","provType":"MONITORING","date":"2018-03-12T10:59:55.917Z"}}},"_value":{"_current":{"value":"ACTIVE","provType":"MONITORING","date":"2018-03-12T10:59:55.815Z"}}}],"provision.device.communicationModules[].subscriber.description":[{"_index":{"path":"provision.device.communicationModules[].identifier","value":{"_current":{"value":"COMMS2_SN_CHD_DEV_9","provType":"MONITORING","date":"2018-03-12T10:59:55.999Z"}}},"_value":{"_current":{"value":"SUBS2_SN_CHD_DEV_9 desc","provType":"MONITORING","date":"2018-03-12T10:59:56.002Z"}}},{"_index":{"path":"provision.device.communicationModules[].identifier","value":{"_current":{"value":"COMMS1_SN_CHD_DEV_9","provType":"MONITORING","date":"2018-03-12T10:59:55.917Z"}}},"_value":{"_current":{"value":"SUBS1_SN_CHD_DEV_9 desc","provType":"MONITORING","date":"2018-03-12T10:59:55.804Z"}}}],"provision.device.communicationModules[].subscriber.identifier":[{"_index":{"path":"provision.device.communicationModules[].identifier","value":{"_current":{"value":"COMMS2_SN_CHD_DEV_9","provType":"MONITORING","date":"2018-03-12T10:59:55.999Z"}}},"_value":{"_current":{"value":"SUBS2_SN_CHD_DEV_9","provType":"MONITORING","date":"2018-03-12T10:59:56.005Z"}}},{"_index":{"path":"provision.device.communicationModules[].identifier","value":{"_current":{"value":"COMMS1_SN_CHD_DEV_9","provType":"MONITORING","date":"2018-03-12T10:59:55.917Z"}}},"_value":{"_current":{"value":"SUBS1_SN_CHD_DEV_9","provType":"MONITORING","date":"2018-03-12T10:59:55.813Z"}}}],"provision.device.communicationModules[].subscriber.model":[{"_index":{"path":"provision.device.communicationModules[].identifier","value":{"_current":{"value":"COMMS2_SN_CHD_DEV_9","provType":"MONITORING","date":"2018-03-12T10:59:55.999Z"}}},"_value":{"_current":{"value":{"name":"TEST","version":"1.0","manufacturer":"sb-HD"},"provType":"MONITORING","date":"2018-03-12T10:59:56.011Z"}}},{"_index":{"path":"provision.device.communicationModules[].identifier","value":{"_current":{"value":"COMMS1_SN_CHD_DEV_9","provType":"MONITORING","date":"2018-03-12T10:59:55.917Z"}}},"_value":{"_current":{"value":{"name":"TEST","version":"1.0","manufacturer":"sb-HD"},"provType":"MONITORING","date":"2018-03-12T10:59:55.802Z"}}}],"provision.device.communicationModules[].subscriber.name":[{"_index":{"path":"provision.device.communicationModules[].identifier","value":{"_current":{"value":"COMMS2_SN_CHD_DEV_9","provType":"MONITORING","date":"2018-03-12T10:59:55.999Z"}}},"_value":{"_current":{"value":"SUBS2_SN_CHD_DEV_9 name","provType":"MONITORING","date":"2018-03-12T10:59:56.008Z"}}},{"_index":{"path":"provision.device.communicationModules[].identifier","value":{"_current":{"value":"COMMS1_SN_CHD_DEV_9","provType":"MONITORING","date":"2018-03-12T10:59:55.917Z"}}},"_value":{"_current":{"value":"SUBS1_SN_CHD_DEV_9 name","provType":"MONITORING","date":"2018-03-12T10:59:55.799Z"}}}],"provision.device.communicationModules[].subscriber.serialNumber":[{"_index":{"path":"provision.device.communicationModules[].identifier","value":{"_current":{"value":"COMMS2_SN_CHD_DEV_9","provType":"MONITORING","date":"2018-03-12T10:59:55.999Z"}}},"_value":{"_current":{"value":"SUBS2_SN_CHD_DEV_9ICC","provType":"IDENTIFIER","date":"2018-03-12T10:59:56.007Z"}}},{"_index":{"path":"provision.device.communicationModules[].identifier","value":{"_current":{"value":"COMMS1_SN_CHD_DEV_9","provType":"MONITORING","date":"2018-03-12T10:59:55.917Z"}}},"_value":{"_current":{"value":"SUBS1_SN_CHD_DEV_9ICC","provType":"IDENTIFIER","date":"2018-03-12T10:59:55.817Z"}}}],"provision.device.communicationModules[].subscriber.software":[{"_index":{"path":"provision.device.communicationModules[].identifier","value":{"_current":{"value":"COMMS2_SN_CHD_DEV_9","provType":"MONITORING","date":"2018-03-12T10:59:55.999Z"}}},"_value":{"_current":{"value":{"name":"software","version":"1.0","type":"SOFTWARE"},"provType":"MONITORING","date":"2018-03-12T10:59:56.096Z"}}},{"_index":{"path":"provision.device.communicationModules[].identifier","value":{"_current":{"value":"COMMS1_SN_CHD_DEV_9","provType":"MONITORING","date":"2018-03-12T10:59:55.917Z"}}},"_value":{"_current":{"value":{"name":"software","version":"1.0","type":"SOFTWARE"},"provType":"MONITORING","date":"2018-03-12T10:59:55.81Z"}}}],"provision.device.communicationModules[].subscriber.specificType":[{"_index":{"path":"provision.device.communicationModules[].identifier","value":{"_current":{"value":"COMMS2_SN_CHD_DEV_9","provType":"MONITORING","date":"2018-03-12T10:59:55.999Z"}}},"_value":{"_current":{"value":"GENERIC","provType":"MONITORING","date":"2018-03-12T10:59:56.013Z"}}},{"_index":{"path":"provision.device.communicationModules[].identifier","value":{"_current":{"value":"COMMS1_SN_CHD_DEV_9","provType":"MONITORING","date":"2018-03-12T10:59:55.917Z"}}},"_value":{"_current":{"value":"GENERIC","provType":"MONITORING","date":"2018-03-12T10:59:55.807Z"}}}],"provision.device.communicationModules[].subscription.address":[{"_index":{"path":"provision.device.communicationModules[].identifier","value":{"_current":{"value":"COMMS2_SN_CHD_DEV_9","provType":"MONITORING","date":"2018-03-12T10:59:55.999Z"}}},"_value":{"_current":{"value":{"type":"IPV4","value":"172.18.19.24","apn":"movistar.es"},"provType":"REFERENCE","date":"2018-03-12T10:59:56.2Z"}}},{"_index":{"path":"provision.device.communicationModules[].identifier","value":{"_current":{"value":"COMMS1_SN_CHD_DEV_9","provType":"MONITORING","date":"2018-03-12T10:59:55.917Z"}}},"_value":{"_current":{"value":{"type":"IPV4","value":"172.18.19.24","apn":"movistar.es"},"provType":"REFERENCE","date":"2018-03-12T10:59:55.904Z"}}}],"provision.device.communicationModules[].subscription.administrativeState":[{"_index":{"path":"provision.device.communicationModules[].identifier","value":{"_current":{"value":"COMMS2_SN_CHD_DEV_9","provType":"MONITORING","date":"2018-03-12T10:59:55.999Z"}}},"_value":{"_current":{"value":"ACTIVE","provType":"MONITORING","date":"2018-03-12T10:59:56.203Z"}}},{"_index":{"path":"provision.device.communicationModules[].identifier","value":{"_current":{"value":"COMMS1_SN_CHD_DEV_9","provType":"MONITORING","date":"2018-03-12T10:59:55.917Z"}}},"_value":{"_current":{"value":"ACTIVE","provType":"MONITORING","date":"2018-03-12T10:59:55.907Z"}}}],"provision.device.communicationModules[].subscription.description":[{"_index":{"path":"provision.device.communicationModules[].identifier","value":{"_current":{"value":"COMMS2_SN_CHD_DEV_9","provType":"MONITORING","date":"2018-03-12T10:59:55.999Z"}}},"_value":{"_current":{"value":"SUBT2_SN_CHD_DEV_9 desc","provType":"MONITORING","date":"2018-03-12T10:59:56.206Z"}}},{"_index":{"path":"provision.device.communicationModules[].identifier","value":{"_current":{"value":"COMMS1_SN_CHD_DEV_9","provType":"MONITORING","date":"2018-03-12T10:59:55.917Z"}}},"_value":{"_current":{"value":"SUBT1_SN_CHD_DEV_9 desc","provType":"MONITORING","date":"2018-03-12T10:59:55.901Z"}}}],"provision.device.communicationModules[].subscription.identifier":[{"_index":{"path":"provision.device.communicationModules[].identifier","value":{"_current":{"value":"COMMS2_SN_CHD_DEV_9","provType":"MONITORING","date":"2018-03-12T10:59:55.999Z"}}},"_value":{"_current":{"value":"SUBT2_SN_CHD_DEV_9","provType":"MONITORING","date":"2018-03-12T10:59:56.103Z"}}},{"_index":{"path":"provision.device.communicationModules[].identifier","value":{"_current":{"value":"COMMS1_SN_CHD_DEV_9","provType":"MONITORING","date":"2018-03-12T10:59:55.917Z"}}},"_value":{"_current":{"value":"SUBT1_SN_CHD_DEV_9","provType":"MONITORING","date":"2018-03-12T10:59:55.819Z"}}}],"provision.device.communicationModules[].subscription.mobile.homeOperator":[{"_index":{"path":"provision.device.communicationModules[].identifier","value":{"_current":{"value":"COMMS2_SN_CHD_DEV_9","provType":"MONITORING","date":"2018-03-12T10:59:55.999Z"}}},"_value":{"_current":{"value":"Telefónica Móviles España, SAU","provType":"MONITORING","date":"2018-03-12T10:59:56.113Z"}}},{"_index":{"path":"provision.device.communicationModules[].identifier","value":{"_current":{"value":"COMMS1_SN_CHD_DEV_9","provType":"MONITORING","date":"2018-03-12T10:59:55.917Z"}}},"_value":{"_current":{"value":"Telefónica Móviles España, SAU","provType":"MONITORING","date":"2018-03-12T10:59:55.914Z"}}}],"provision.device.communicationModules[].subscription.mobile.imsi":[{"_index":{"path":"provision.device.communicationModules[].identifier","value":{"_current":{"value":"COMMS2_SN_CHD_DEV_9","provType":"MONITORING","date":"2018-03-12T10:59:55.999Z"}}},"_value":{"_current":{"value":"SUBT2_SN_CHD_DEV_9_IMSI","provType":"IDENTIFIER","date":"2018-03-12T10:59:56.107Z"}}},{"_index":{"path":"provision.device.communicationModules[].identifier","value":{"_current":{"value":"COMMS1_SN_CHD_DEV_9","provType":"MONITORING","date":"2018-03-12T10:59:55.917Z"}}},"_value":{"_current":{"value":"SUBT1_SN_CHD_DEV_9_IMSI","provType":"IDENTIFIER","date":"2018-03-12T10:59:55.909Z"}}}],"provision.device.communicationModules[].subscription.mobile.msisdn":[{"_index":{"path":"provision.device.communicationModules[].identifier","value":{"_current":{"value":"COMMS2_SN_CHD_DEV_9","provType":"MONITORING","date":"2018-03-12T10:59:55.999Z"}}},"_value":{"_current":{"value":"MSISDN_FAKE","provType":"MONITORING","date":"2018-03-12T10:59:56.111Z"}}},{"_index":{"path":"provision.device.communicationModules[].identifier","value":{"_current":{"value":"COMMS1_SN_CHD_DEV_9","provType":"MONITORING","date":"2018-03-12T10:59:55.917Z"}}},"_value":{"_current":{"value":"MSISDN_FAKE","provType":"MONITORING","date":"2018-03-12T10:59:55.913Z"}}}],"provision.device.communicationModules[].subscription.mobile.registeredOperator":[{"_index":{"path":"provision.device.communicationModules[].identifier","value":{"_current":{"value":"COMMS2_SN_CHD_DEV_9","provType":"MONITORING","date":"2018-03-12T10:59:55.999Z"}}},"_value":{"_current":{"value":"Telefónica Móviles España, SAU","provType":"MONITORING","date":"2018-03-12T10:59:56.109Z"}}},{"_index":{"path":"provision.device.communicationModules[].identifier","value":{"_current":{"value":"COMMS1_SN_CHD_DEV_9","provType":"MONITORING","date":"2018-03-12T10:59:55.917Z"}}},"_value":{"_current":{"value":"Telefónica Móviles España, SAU","provType":"MONITORING","date":"2018-03-12T10:59:55.91Z"}}}],"provision.device.communicationModules[].subscription.name":[{"_index":{"path":"provision.device.communicationModules[].identifier","value":{"_current":{"value":"COMMS2_SN_CHD_DEV_9","provType":"MONITORING","date":"2018-03-12T10:59:55.999Z"}}},"_value":{"_current":{"value":"SUBT2_SN_CHD_DEV_9 name","provType":"MONITORING","date":"2018-03-12T10:59:56.205Z"}}},{"_index":{"path":"provision.device.communicationModules[].identifier","value":{"_current":{"value":"COMMS1_SN_CHD_DEV_9","provType":"MONITORING","date":"2018-03-12T10:59:55.917Z"}}},"_value":{"_current":{"value":"SUBT1_SN_CHD_DEV_9 name","provType":"MONITORING","date":"2018-03-12T10:59:55.916Z"}}}],"provision.device.communicationModules[].subscription.specificType":[{"_index":{"path":"provision.device.communicationModules[].identifier","value":{"_current":{"value":"COMMS2_SN_CHD_DEV_9","provType":"MONITORING","date":"2018-03-12T10:59:55.999Z"}}},"_value":{"_current":{"value":"MOBILE","provType":"MONITORING","date":"2018-03-12T10:59:56.106Z"}}},{"_index":{"path":"provision.device.communicationModules[].identifier","value":{"_current":{"value":"COMMS1_SN_CHD_DEV_9","provType":"MONITORING","date":"2018-03-12T10:59:55.917Z"}}},"_value":{"_current":{"value":"MOBILE","provType":"MONITORING","date":"2018-03-12T10:59:55.899Z"}}}],"provision.device.description":{"_value":{"_current":{"value":"CHD_DEV_9 desc","provType":"MONITORING","date":"2018-03-12T10:59:56.209Z"}}},"provision.device.identifier":{"_value":{"_current":{"value":"CHD_DEV_9","provType":"MONITORING","date":"2018-03-12T10:59:56.302Z"}}},"provision.device.image":{"_value":{"_current":{"value":"data:image/jpeg;base64,/9j/4AAQSkZJRgABAQEASABIAAD/2wBDAAMCAgICAgMCAgIDAwMDBAYEBAQEBAgGBgUGCQgKCgkICQkKDA8MCgsOCwkJDRENDg8QEBEQCgwSExIQEw8QEBD/2wBDAQMDAwQDBAgEBAgQCwkLEBAQEBAQEBAQEBAQEBAQEBAQEBAQEBAQEBAQEBAQEBAQEBAQEBAQEBAQEBAQEBAQEBD/wgARCAGQAZADASIAAhEBAxEB/8QAHAABAAEFAQEAAAAAAAAAAAAAAAYCAwQFBwgB/8QAGQEBAQEBAQEAAAAAAAAAAAAAAAEEBQMG/9oADAMBAAIQAxAAAAH1SAAAAAAAAAAAAAAAAAAAAAAAAAAAAAAAAAAAAAAAAAAAAAAAAAAAAAAAAAAAAAAAAAAAAAAAAAAAAAAAAAAAAAAAAAAAAAAAAAAAAAAAAAAAAAAQUnTlnUwAAAAAAAAAAAAAAAAAAAAAAB499hcLPP8A7z8s+pwAAAAAAAAAAAAAAAAAAAAAABxjs/GCG+mfM3pkAAAAAAAAAAAAAAAAAAAAAAAcY7PxghvpnzN6ZAAAAAAAAAAILpuIQ096Pn0AAAAAAAAAAAcX7Rw8h/qDyh6vAAAAAAAAAAOFwzoENPTIAAAAAAAAAAAHBO9+eiC+v/GnssAAAAAAAAAA4xDZlDT0yAAAAAAAAAAAxcgq87+iPO5zz2X409lgAAAAAAAAAHGIbMYOeoAAAAAAAACOkio4tGTsUIs/DS5mrHQYFb+kQ9fefJedURmRFwAAAAAAAAHD4BNOdnr8AAAAAxjJc7gh2vm0KlxDL0/05sMeK2i/Y+gfQ+Wy79xfhmZun+nQJZxX6ejr3neVHXkRk5fAAAAAB565z0Pnh7LAAAWeQnYo7yvVkxjGNcN5fitJINPjgUFX3BpM3GtCtjWjM+4X0zWJUZCzUXftuouV2qi9ma+om0v45UeicrzrJjsiEykzQAAed+edD54eywACg1XmjsUFOMTKYRElX3kW5OhsS2Z9nVVl/wCY+MbDFs1D79+ipUPv36KlQqVCpUKlQqVCpUKlQvW6iRyvmX07xm8A3p2JBpWcF550Lnp7LAA0W9hxz+J7jTi5R9M+DSy2cJwZNgkU10u1hocuzryVb7mw7fLvMV49SVcH6cSyr5WPv2o+VqhUqFSo+Vfaj5V9rKaqvp8+tQbjTwLZFGv6zLU4bt+1Xl5Rn9RjR0rZeV+wHSAIXNI0cY11usrqVC9brOJ4tVmS9XifLdjYx7ho470W4cpdB1xD7/Tpscz7VgcrO4VYWeKlwpqyskwsjKrLN25WU11VlP1AjM18t6ERST7PKTVZu3xS7HoZzMkfPZTG1k3ZY9ITpgGv2GKeWYz6P42WNvzbKOj1x3eHE95o8PJi2+FizPNmiFMljWvZ9y8XJ06usdR5b1oh3NumcHKIbpcAnfoHyJ6tNzmXKyzYt0cnjZv3X53N5mwu67bd/wCipXYhp1aybWuhlvMyc1Me7qOZLPOUauRGhkt60cz6RqOhFOxw8w6WADH00h+HKuZendUePa/R/NDgX2QQ4233X5hd+qinKsZJ1XrHKOsEN4j27hxroROxyvvPLOunWbnEpeSrXynI5PGj1O9zsHP12bXV3/o9doc/pXt7XNzTEyRwKB4xTn7S6U3KPh9fai5MYVYOg67mPWTo/wBt3AAAC3rdsOfc29D4B4rg/ufnZ5dzptADYZWg251/rPJetkL4f3Hh5rqvn0v+ivN/oQmUBmtaed913aODL4x8XtVWu25ur8IgBJIxuNiWshSV0qj5V9zjHytTBTf6WV9YIn0rMyh9AAAAACnDzhEIB23FPIHP/ccFOQ9n5ptjM4j1HkJR9ouD0T539HpvqlYqfbLuBm2l88ZG7kUun3qs+vn0VLpbyrkeN/BLPQSCdclcgMDZ1gAAAAAAAAD5YyBHoV1W0eaeSe3IgeLc/uHKDD9L+TfRZ0arXbFPtfyuxh5uGvIJNo97L9fLh8rvVlWLqss0e9nkxI5Lsu4fPoAAAAAAAAAAAALdwamK9AoPPMK9Wxs89TLfQw6JteKSNOm4WDfrl0hjcnl+5ON8LNyZyki0s22WWb/0AAAAAAAAAAAAAAAAKahiavf/AAgsO7PjnnDXelomcAnuz6eQ2Z7PKMXMrAAAAAAAAAAAAAAAAAAAAAHyi4LFdwfPoAAAAAAAAf/EADMQAAAGAQIDBwMDBAMAAAAAAAABAgMEBQYHERIgQBATFCEzNTYwMVAiIzQVFiQyJWCA/9oACAEBAAEFAv8A2vkeWwMdFBn8C5lfkM677+54fe+LL7fj9UYcfwem0KPKvPyGqPs+l3vH5DVH2fS73j8hqj7Ppd7x0uR5bAx0UGfwLmV1OqPs+l3vHS51339zw+98WX26jVI9qbStW930uqMOP4PTaFHlXnU6sq4aTSNfFfdLqj7Ppd7x1OsSuGh0aXxZB0uqPs+l3vHU61Hw4/op55D0uqPs+l3vHU62fH9E/kHS6o+z6Xe8dMqVHQojJRDWz4/on8g6XVI9qbStW930alpQU7KqiEHr62tDdNaXI9nNjCNlbpDUwzyWi0dhSoeRdLqyrhpNI18V90Nhf1NYU3PX3h3V9cqi4/FhplWLaS5I8t+K5FymQgRsgr5AQ424XRaxK4aHRpfFkH1plnAgJn6gRkCTb5JcnDxd102qqurkv3SEE6+8+r6DMuSwcbJ5bYjZFBfDbzTxfX1qPhx/RTzyH6b0liMmdmtbHEvIshsw1jsqUqNjkZgjk1UISL19YccW6rl3IgbrZDxDY8QO+WO8dHG8ON4Mzpsc4uVTWxFyaA+Gn2Xi+prZ8f0T+QfQUpKCl38CMJeSWb5/0+RYON19XEH9ThMBy6lqDkh57lUtCQclI45Ch3bpju2SG8ch3yCHiFDv1jvXB3ix3ix3ix3ix3qw1NkMnGyiY0IuTwXgzKjvl9HWz4/on8g5nnm47SNRqyxXIs5kobmCVsDfdMuVS0oBydxwvrHAwgeIQkG+4Y3Uf123nWji5FPYEbKIrgZmRpBc2tnx/RP5BzWDzRtZBp5WLUdhlGOHXZPV2IIyPlW8hsd4+6O6bSDkJSFOrV0yFrQca9nxxGydlYYmRpJdutnx/RP5ByrUSEyZRmcmWtS0yCUVjh9LZhcLLMbOuzKDINMuMtK58NseNS+CciNhUviG+/VoWtBsX82KImVRXwzOiyBrZ8f0T+QctxJ8PElu/oPzMEoyCJJkLmprrE/6LHSTlXGQFsIbCuJI8VJSG7eyaDWTW7QYzR8hHy2sdJiVGkp6WXbwYQfyOY+fg7OebNRJjhqfaxTkzWb2LiNRWYxaMWMORy5Me0SSrdPITBLOSg/EqhpUF1CFB2jfDkCW0DIy5G3nWVQcqsoorMjgWAL6mw4THCobH2TrWJAJ+0s7Q4GNOunCxtpsM1sdsigtLCaSMoHWwIyZ1hEbTIyRht7EpUp7kyo9oLp7p5EHsJjn+Z3w70E6OMjDkZh8n6VJh+HIj8iGXViqyGfVqiymJjXMTajBMgmkgkkNhsNgeySnW5rOJjpTFwscjMEiGlsEgw2wZhLaWymXjLRXGTNsOWq5ckY/WoiNYp/L7chY8RVFJTsSiPlm/wAwm1nyEowTg4ScD1D4g/7anoVDxYzEXHmGhLpq2QwTkzFp0OWzOY7CSZhLIJBENhsNhsNhsFrQ0iXMfsnKujJIYjIaIiCGjMJZISJbEYry8XHbORcXQebg49DpYL1jMXHSxFxT+X2yT/Re18qBJZsjI2JyFhLiVdsvymtLQ4U8myCIr6yNCkH2MH+5UElYZiRlNWMZpgSromzlZAJtr4lOK3CoE0ghkEnYKUhtKHnXh/nDvloCTSothsDMklLku2b9VUJbJtskklBmEMhx1mOmbbfplZKqYqNUGayIW/HOsqCEllub6GK/y+15HEVnWd8VpjZ8TkaXENixUkR7BKg26lQm/wAzsiymHEWbkdTfYx6lOIx/t3J+VsymSqXGfjrBHseOySn1Ow2Bd3xOSX3jSkwk1EGPJ7YbC2lKdXT1ZJJtrhJDI4UNlJtCSLTJY7LhRrO0NlhphBIGxBFeXiYMc0osEmljFf5fItolCRXIcE7H0OCxxjYPQZcQ2LBbZvSCVJJRGC7duxj1KcR/TuvtMP8AdcaQ8idXrjGMBsYqIJeY2EiI5uhbe5GgG82RxIjjJ7CY/wCGj1MFT7saJwJQ0RCROZji2vmIyXJ1xcqhVsSCRJMxuSR9+xpXAqBIjqFwlPg8YcLxpHvzKbJQfgoWJtE24LHGBY4xIZUtD8ZSHwlZHyMepTiP6d19pvqgyJRWFWbYoNOo17jLxZpiKqnNKqwCFJWSiQ4PCV4bNLJfcbCW0ubKrK1MZt15mMmdb7IlZFKnLj1DSXSLcbJSDMz7NuwyMg682wkrJ+xXQxERUI+3OaCMPQ0LEykbcFli6FlY4m40bzEqIaHwlwj7GP8AemEf07r7TfV7CMYo4TVAbhLFzg1BdB6hzPFFVWfQZCmH2JLew2GxivgtRkyLTYrTJmmXTr5VmtCENp4dhvyNtLcPdiOLG9QhTFdOtXaqiJoo0YmyLy+kaSMOxULEunbcKxxlKys8RNByIUyEaHxGdI10xiP6d1/rN9Xtxv2YEEuGQtsZo70pGC5HQLg567Dcg2UCyaLyFvfRq9t561vCiQo8Jsi3G+3IRGoyZQ0J9szGbclWFsqpxokiDUoaJthKC+qaSMOR0qEqpbcFhjaFi0w8t11s2C5RyBEeI27kyNM31e3Hi2p+QlGQn1tbatXWFpqnqmzzKS3CqmYp/ceRD79m3YhgzJclthMu7W6qBQvy3a2iQ2TENDZEki6HbcLYSoSaxtwT8dQsP0j8JcS1Q2LaTumU+Rukoj7aIv8AiOV0+Fu6dWtxtPAjlQ2pw/2mROt22j8NPtV1eOpQIlahokNknpdgppKhIrkOCdj6HBPx95BWVLOZWTq0GiQRglkYpPaeWX6MlHHP7dgRGYJpKBJmoaQt6ZOOvx/zhVCGw1HSgiLbqVNkYfgoWJtE24LfEW3im41LiBK3Urp7MmojMttwEZHyS/Rf/TOGxn2IaMwbyGyXLceVGplurh1CSDENKAlBF1poIw9DQsTKRtwWGLoM3a6ZENiyeYOHdkYYnNuBKiPsmei952ASk1H+20H5fmzVyZZxKpKCjwUpCGiT+BNJGHYqViVUNuCZjqFCRjzrZ8U+CcO8EexacEtxJsKPexLYLeS2liJMniFTMxwzCIg2wSQRbfhDIjC2EqDsBCg9VIMTMUjuiRWW9YHLxRN10k5Nk33slcHHkINuMQQwRAkkX4k0EYUwRhUYhZ4rV2aYGAohSo0BmMhLQJH43YcI4ASf+i//xAAkEQABAwIGAgMAAAAAAAAAAAABAgMEABEFBhMhIjESQCBwgP/aAAgBAwEBPwH9KEgd+zLhiUBvan1vYcwkNjyqHIVJa1FC3znYuiKrTSLmhmNYPJFRJSJjQdR683B25StRJsaRlvfmumGERmw2319Qf//EACMRAAICAQMEAwEAAAAAAAAAAAECAwQABRESISIxQAYgcID/2gAIAQIBAT8B/pQkDz7NqqLIHXbJ3loQqIxyypObEXNht97mqpWbgo3ODX3B7lyrZW3GJU9e5pKWW5qdjifH+ve+QQpXQRp4/IP/xABIEAABAgMDBwcJBgQEBwAAAAABAAIDBBESITEQEyJBUXTCICMyQFJhcQUUMDNCYoGhsVByc5HB0QYkY4IVQ2ThNDVTYICSk//aAAgBAQAGPwL/AM12w4rHRo77xDadXehJRpd0rFf0KuqHfH7Rm873Wfu0UHMeszjbPjX7RlZ8Q+fzuate7QlPiR4doy8HOM7nVH2jK7zwlTW7cQ+0ZXeeEqa3biH2jK7zwlTW7cQ6s2HFY6NHfeIbTq70JKNLulYr+hV1Q749ald54SprduIdWm873Wfu0UHMeszjbPjXrUrvPCVNj/S8Q6tKz4h8/nc1a92hKfEjw7Rl4OcZ3OqOtSu88JU5uvG3q0rvPCVNbtxDrUpvXA5Tu6cberSu88JU1u3EOtSW98DlPbnxt6tK7zwlTW7cQ61Jb5wOU7ufG3q0rvPCVNbtxDq9h8dgdsqqg1ySW+cDlO7nxt6tK7zwlTY/0vEOqWnuAHeizP52J2Yd6pAYZeF3YogvJOs1XNx3KkzCDu8KWg+TGF8WFMZxzO6yVPNmYDoZ801j329Wld54SpzdeNvUv5qcYD2ReUYfkmS/vifsqzk1ELT7OAWdmXAeKzMk2y3tcnOwX2XYVVJhger32D3qsN4d4dTlN64HKd3Tjb6e3NzTIfiUYfkyWdHd2jcFZfGMJh9mHcrcap8VajuaFYkYVPeKtRYhcfQ1hRXBUjARAqPObPerUKIHeHUJLe+Byntz42+ktx4zGD3irEo10y/3cEWQP5aGexis5Mve87XFWotAqNo8+6rMu0Qh81aiPLj38q8rpLWrmFXQivVr1a9WqwiWqkeFbCpErDPeqwojXeB9LJb5wOU7ufG30NpxoFc4xXbGKzKtZBbtOKtzUy6KfFc7FbXuX8vLV8VRllngFzkVzvjyb3LRBK0WUWnFWk+qubVXQ10RkxXSXSXSWOSsN5CpFFsKkWsMqsKK13x9FJb5wOU7ufG3lvjxnWWMFpx2BPheSogdZ1uuK5yMaZMKqzbu2DlaRoqQ2Fy0n2VpGpWgxbFefT1hxC1Ue7ODvVI7CwqsKM08uS3zgcp3c+NvLdLPAdbFHA7EZnyLGMnGxs10f9lY8pSxmIA9sfug0Rs3E7L7ldybytAWRtVqK6p71SG1Xnq1WOIVM5bHeqTEOz3hVgxWnkSW+cDlO7nxt5RedQqnRCcVirMQAg7UYkFvmsXtQ8PyVqE7z2WGy+5ZqcaZaJ72CtNjsIPetKYZ+a0IzGt8VXOtJ8VoEBXnrdWOIWnFq33lzgp3tNVzUZpUlvnA5Tu58beVSnrNHk3ouiy4D+224ojzmKKE6166J+a0Y7/zV0Z35rRmYn/sVoTsX8168P8AvBfzEq133Sudtwj3hW4EZrx3Hq3OxgXdlt5VmRl7A2lVmYr3dytQnOae5aWmmyPlaXe+G02gHaio3lCAYliPBzVk6rwf0XNxh8eTCP8AU/TlxmVuER31XrHL1zh8FVkVrlpQT8FeORahRHMPcVSK4Rm+9igy3movZd6bArArDJzr6v1NGKzcEZqH3K1EBK0mroBdBVMNWntY0d6LIDG07RXm0jWYj9liiw5lxqGh1Ca0PIhn+p+nLj/iO+vIvWlDa5VgPp3Fc4z48jQaUIE61z4PvYhCNLvDmn0F5WCw5FTcjAkhU63rOx4dSdaFGrRAWGSrrkWSwtO26lZiPfHjOwYy9N/xCM6Hb6MtDN/9yzrYQbVTP4bfryIwA0mi0FQ8qP8AiO+qqGHk3qgv7lWCwsd8lSLDNNq0mrSARgx2DuOxUa/OSzz8k2YgOq12W5aSuHLMSIaALMwKiF9UHParhyKYu2IxJ2MGQtQC/lB5pLf9R3SPgjFay3Hdg517nFGZmDacTVUaFM/ht+vIIOtRHwmWoJNRTUqFYrHLGP8AVd9VVpQI6StNhkhUe2hyhAPaCr4LSi6Xu91FpNCrnIsfeEJaI7mIxp4HJpK5WnuAHeqyspFiDtdEfNf8Iz/7Bc/Lvh9+IVWmoy2nXALNQqiEPmgS1UAy1iOoiQ/NsGtOlvIrM9EwMU9Bq858pxzNxsRXot8ArlY9iFcFWi+Kmfw2/Xkm5FzW0KvBIVCrysVH/Ed9coFoAgYFANILu7KEMhRDjR2pwVIt/fqyVCgTJvdZo7xyvmY7M5YdZhMOHiVzkQ5MVYb7V9MvmUE/fQcWqgGS04gBWZf80YLXmYmThDZerflmLZhaoEP9ShDgw2saNQCq80Vyc6mJqqAK/apj8Nv15XRR0ES1qwJCo5RTtefQDIclh7agq2zSh/TI+Tix2tiW6taTqy52ALW1qo42TsNy6QVkG044NbeUZmaFl7hZhw+yNpyOia8As468m9AUyUbpOWcnZgNGpqsw2mSlO0fWO/ZcxD0ji83uK7lo/nlqRVUtgeKLmkYhTAB9hvoOiugiQxF8Gu2hVmMwt5QQyHLQhGPLjR1jYpbynCnHy848uNcWm+5UnIJmpYe0NIIQ4rsxFOpytMcCO5UjQYcT7zV/y6D81SXhQ4X3G0V+Rsuzosx8ULr1V5+CLnPEKGMb0ZfyJBtDXMPuaP3Xnc48zMz236vBUCvvKvyX5LwrcR4aAsxKlwha3LQbecTt9FguijzdUXQKt7tSpGhkd/ICGQ8mXhsuAr9VR4qCjEEHzWMf8yFd8kYvk6KZ6VGoX/JZjynDdKRcNLBCLAite04EHLcs9FpU31VmAKe8V5vKMdNzJ9lurxQmPLMa1sgN6A/dBjGhoGAC0lQXDLctEfFXc4/5BZuFz0bYNSESccSNTRgho+lwXRR0EXQQWH5LnYZptGQIZDyZfw5B8+k25w/5jbnJ0z/DHlIxoeOadj+xXmf8SeT4kvEF1sN/RZ6SmYcVvulVVuZi1Psw24laZdIyvZHTd+yzcvDsjWdZWwLR/PkUCrHP9oXOPDG6mjWrEAGDB+ZQJYhorD0+C6KOgi6G2we5abKt2hDIUeRLfd5Wa8oycOM33hejN/w75SiQHj2C79U+Umwxgp69wv8A91nYj3R45xiRLyrltV+S/JaebLVzeiNbijC8nttu1vOCz80S9x2oaKw6nguijoLOQB8FmpkGE7vwVQa8mV/D5RKsA4mia3YOVohdt3yVmuciamhc+S1nYCGguj1fBdFHQREMmmxF7W2grLwQe/LK/hjlFQx72W7LWMfgtJwYzYrEu0w4fa1lVLanaUNFYdb6KOijWHftCJhEupqWbLTawooMBx6DQFjySof3sl+S064bVzd3vFWJVtt3a1LOTBMR3yXRWHX8F0VbbDv20WjUhUfUK8rHKVDHvZKBdpys3vfqaFamjZb2AgGsoFh9h4LoroKsElq5xhptVHFYq4qH4q9Y2QubbmoXaOJWi2rtbjisFh9jYLBdFF0KsJ+1uCtWDFhj2mKy4pt+FSs1Jw847bqCEWcOdibNQWH2ZgsFz0Cy7tsuKdEM1bhHVrQhwYYaP+9//8QALBABAAIBAwIGAgMBAQADAAAAAQARITFBUWFxECBAgZGhscEwUPDR4WCA8f/aAAgBAQABPyH/AO65oBUwrktpg0FXdxgZ/sdx65+hU3/tOuKpel61/YDCCsOrhH3IGpi3Siv7f7H6yf3n9j/WT+8/sf6yf3nps0AqYVyW0waCru4wM+q+sn956b3Hrn6FTf8AtOuKpel616m4dE+7D02MIKw6uEfcgamLdKK/t9VZ+mdM6/TH1k/vPVdt6YUJd/pj6yf3nqu1dMGoeXpj6yf3nqv66H33pj6yf3np/rcIblcQdx8ProffemLh0T7sPSbcC1VUfoljmd4vcdtU7wsx5DcVEgbXiVpTsMOEFGuP+Ul/aTS9MWfpnTOv0JdZYo6hfoI+scSPBbD9Mr6zLCHbjXL2muXxLMjLAqcGtcSmObphlIM+01qTyv0dt6YUJd/84rBHc+IxsM138ziBqpUM2jqu2Caxs6vtKlOh/BO+tH+DTSCqLwyr5YdZWK+FK6Lq9BaumDUPL+Qaie4kdfY5bvEqGgBo7y7p6qWFEI5xCcJ2FwN5J1hYgbq/M6YO7NWMdi3tKOvlkF2k9NDgS9S6Mp+rt5Rs/jiAyj/KfXQ++/hFIy1VgKd8H3GS31I6kxdwh4vG2TEFIzfGDtL7kavvHlaLE0bs2p3zinaf9un/ACibSnAEt4PbwvXTqocqE50PiXiPRleTrayk7oyShc6fxProffecCiunQNWPiHVNnUHaPN9bDFNVl+6LrmZkHaE6vlCsYsWjmbOHBNb35jgfqmiJ2R1qypUCBAgQIECBAgQIELMjhlJRdpqeYjJDlp2vPn+uh995wgvUVltmA3rQJv03jSLXWx2fuGBN1kAtCeXmvg1j8j2s+yZDIODeDxqVKgQIECBAgQIECBAgQIECW4vRlIqG2crkKAG67XnyfXQ++8xomsplVNY5p1Ny9gWMuCXPI6xeF1KvZqQdoq83fb3gzTwhhFn4K5mg5lW2Zt18LNIRzeYp3YyvCpUCBAgQIECBAgQIECBAgQJUDyW6pwwCxLZwoB7AhY2m10z6aH33mLjWefEpVMVj4aWwuoX59n/9IY96rRhSZzS3jSvUXL+ehoX2hoQ73/MvBucLGaE5omfOBcfUNrkCBAgQIECBAgQIECBKgSoHkxUACr3hswFnlj4gfVZJBphOSma7HPFdWPZYVNYZN0uCTLdlTLHJ5P8AWdURfEJUyM1mZYIV3TVwuaD8xA2M+5eKQ3yiNIPXyFjjeqKm8Z+yFoU1evh3lEsgQIECBAgQIECBBcMP/Gh/5Uq3So30TdqXhttrfeAnDzABCAg+CYavxEKbKRhvGzYEypVFrR+92ji1vmLU8nSQ/lBevAgQJZuUv/u0FCdwahpnxK57RmW1nBDLXDJ5GolWZ5U9GAdexIECBAgQL0m2V3h/8IXlB6GEkEWjgMqzbDlH4mQLWrWJFDCaitVhNUJbYBqsp2eL6IMY9Zy+0f3KqKcqOKQ1qf5HLyMDPwrX6jLE0ZhAgQJ/n8odYnaaa+Au0BLcZQw7LdL5D6ZTGItAYZQPzQQYka7Oo+SXSVlu/wCjCrm+HiBAjNC5uKbQQkgggggkJ7VlOhtde6EZCDQScJNghNSJAnGm8MS1jIKuoYeiEGxPnjG5WRYbqUk/yOXkKksFJGaIrqHDL2/MEBgjEECUWLBPvAoq44i1W+tcSzuaMu04k8WIBd4CV4lNElTymr/UrwGozUjrao4/Kj7bBekRz8IQoVGRnqqE9S59sAcvbzza9/pZCZE3IQQ3QBaszKPB+UzNoOg2Sb6ShDo3Y4KNa2sRPPWU77wTbsMAFCiHVXFdd5oJYafZP8jl5LUj8hLJ+QmPo3I4KkoyFOkf4/KaZGbxEVYtW0vVfDw8o0+HhTkJDJoOh1eCElJkY41trowwkhs8tjqalvECngvEdAavKiFVaNMQggmytx+JmLQwgZ1Jg0N2XdCmr0mCE2YvrxF5brdRX3TQzhSIIYHjdlKt88sdmvCKCmmyf5nLyJcGyQJsQqg+Iqo3kmHgS0SJzLk6n7ZvnlKZpQz+Lweb3jQ22iwFN/28Atp1O+iAFkIttSste5LWs65RCH7YY2IFnsS6bti1Nep0hBcQp5ZXlTZYRkC2wTHxmkY7DLl7G8ZOT0HoQj5XNPVmd05MNPt5RVWtspglQTVEdsJdg4mHIOt8soX5UGHaQdsQxofENwT2iHWVULs7qYgOrNwgw8QZ/F4fV7wYoAjqMPsNe/8A+JswuAC0aneC0fv1d9T3i+mzTL6MMPGRUDpvSX5hddv+dZSKutC+dZlWrhAerAEkYZlMd7DViDfWmmJsRz4ji5na5TtbRVRcPoLaaq9vA7HSXijBNQCJd8SzPEsu/Yhm7d9Yv52sP0g7ZhDj8Q1SHZJYiciKHQ9k5WbhBHxyMO0Mxn38Bh1TAUMKG2UvCYiJYzdAVOTy6GcpBBh1edOIMsi3L3294Qh7thIQRdjVESDIUJiAg63T9+5tKqQbXXdgwxUCggMnXTeLqjoHgC9DmFH7Svd5aRPoDdgvyGDTiyIL0WaO66Q2BBSv4tsgjZijGY5o9J0QQPwiEoesTnZmaE4s/H4XV7yvAlw+r8wIkmoTBTMHW9zX3l1C5VPgr/hLfvsqscrruYhBa3tTuakyHCWHPyE4CFr43dj6sUQamonK7xRfuMBpe7WdWGcBcoNcsowr0get21mIqX1UWWzfa/UzTLlXVmCkIBABp/LsEHbEBcITQ/ECm5Tj4l3YmTGbAudpnGfa8anzv9wIECE3yI2Y6Ls6kyZ9vHsD8MwNwPmCsQ61274OICqFwNfP6iqtTSex0nQ0nf02N8Q6qN1bGif9gDL69B2lmH4hCjNp9CnVCciCOEJoPiJaFbjDCNi71feAoQmoxBmbxDwq7aBAgeATthLS9JDN2jwvFGDjwLdPmFGnzK57kOmfwlyODCFjpo+8CuSukCYQfBNPSIdYZkQJsQqg+ILT8EfPvhrK2FqCprDCdZWm5BA8AhFUbaMVfjwqXbQthyyxCgtgftTqxQktBqy3Bbj4IQGJlyLDMHxDwQGj1CDD9IO2IZQ/Ew4bNQlZzuGZU/tkM3Cz2rACjALGBAgQwVo6JoXDgDiHAQWzroyCU1gxfvLRD3XHR2JWrB5RgOnrT9IO2YA4xiE95MRAgf3SUZMMowPD4rIpqU5uH+KiYOQjCK2f3w4gbBBSQsEANP6DZIE2YI4y0ofEQNONoaFe3JCxCKYx8w1Po36hWqiMLH5Y3m3D+AhZnOQpUXAUD/SNkmoCXuMvSqPSVZ2X6Ebe8B8kstHhm24pMrdz8hm4VCMQBUJtM2z+oQZsniQkwLxnk4JSq8XC5/g1hm0I2lV/WIYmV4gm0AP/AIJ//9oADAMBAAIAAwAAABDzzzzzzzzzzzzzzzzzzzzzzzzzzzzzzzzzzzzzzzzzzzzzzzzzzzzzzzzzzzzzzzzzzzzzzzzzzzzzzzzzzzzzzzzzzzzzzzzzzzzzzzzzzzzzzzzzzzzzzzzzzzzzzzzzzzzzzziTzzzzzzzzzzzzzzzzzzzzzzzxTzzzzzzzzzzzzzzzzzzzzzzzxTzzzzzzzzzzzTzzzzzzzzzzzzzzzzzzzzzzwjzzzzzzzzzzzyxzzzzzzzzzzyjzzzzzzzzzzzyhTzzzzzzzzzyzzzzzzzzzTRDDTzjzzzzzzzzzDzzzzzzjDSTQhCyRBjDzzzzzzDzzzQChRgCRDiSzBDCCBDzTzwDzzxwTTCjRxSBTzzzzzwARTTAjzyzgTwQBRywQhCAADDizji8AwzyzTChjTDTTyAQhTRwwQRmFEQzyhigTE5yTjCzjRGItTyGxDxSjyzyDxxTDAARTwznyKyQAzghCRTzyxjQDjSixhxe8zgTARiAQwRzzzzzxxQBAzS1tVRCAAgRjBTzzzzzzzzyzihjAqlyQAgCSBzzzzzzzzzzzzwyCTzuxyBhxzzzzzzzzzzzzzzzzzyxxjQwRzzzzzzzzzzzzzzzzzzzzxyzzzzzzzzzz/8QAJREAAQMDAgYDAAAAAAAAAAAAAQARITFAQVFhECAwUICBkaHB/9oACAEDAQE/EPIt+iFcmuayQ9j4UYa7kvGkDHuEBuZhv0bc5Sy66BQcI2JURYODgiotytx1yCqt8bCfsoeTBalUT25VOAuRcMm77//EACMRAAEDAwQCAwAAAAAAAAAAAAEAESExQFEwQVBhgaEggMH/2gAIAQIBAT8Q+xbaMqTWD6NdAefShiHcl4xA28wgZ6x+jr5mDZrgKBJHRUFAOx2ItyZ5VwVVujoT7QWWDkKJs24QCNw6J53/xAAtEAEAAgEEAQIFBQEAAwEAAAABABEhMUFRYXGBkRAgQKHBMLHR4fBQYHDxgP/aAAgBAQABPxD/APa9/wAfZ0Lt1dsK8Rp70cDdg4CZ/wCjxHv1bL1rPcUfAa7qeDl+a/6Bzc4RXaKGnbM1NfHpGu6FXD/6s8+fPnz5v+Ps6F26u2FeI096OBuwcBM/V+WV/TTxHv1bL1rPcUfAa7qeDl+a+pJaSZjov02c3OEV2ihp2zNTXx6RruhVw/VZz1KeR7p/+iefOR9SgufB6/6P58qDqmTcG1/8J/z5fv8Ayyv6eSzpoZ7IIPVgkfU+pfvyWkmY6L9JhB6xQerDxdAF8MCMExwlMva2ekeEeRputhV8q7aeGG4qDpkwbFsIsmzFVznsC6Y7/TZz1KeR7p/oRAUANViwFwFd4yV6y7B4yL7B+WGUpqwOKYg8W2Iz43YdKi9Qv2eYql1VtXea5dJV5Y1sD1L5RfgVxs8WGOojccpYIRrqDgfJBJSsRw9Po8j6lBc+D1+v7EPjt4GZXdFF9hqiBIuQy2Uyx+88onq5jFMWU+hqY9LmKl/45jBSb1g8GhA3Z50lXA5+IXC1lTHJ6ulr2hJt1CveQZragu3mEkfcX6BQdUybg2v6n5orJH7w5AsK19mQGUUUWuXv4qGXnaC94DILVg+8scHVTLt0iBzgOh50IkTrWKdGsD4hUzHhwmEX4zBP2MHpgh98G/4h+UXBP7/5g2/3P5hEU56ipg4aJTzMRHWWW8zLGYQft9O/flBm6YIOVWBGXaomOchVX5cEUm5G16QwRAAU4p7DSGX4mAvZVsMF+mYerHt+2avbSZXqdE0wawPeC5/hc+0u+PiiaAd31feOWo3P9I5KLfn7Q1ovV+8AUatLoimkerHRPiizh4CH9IQfX7c/+Ahs/sIfVXmBYRu5DSfhvo8wEz9UZPMGr3Fft9E/fsA3mgbTwERX0oqtbktmKiQowA4iFqe2YKZpWntLuGbGp8BFVUtdVi38NZ4lRt25YPcgKI5qHyy92TI+xAPeJSYszpHL82wg/VAAAAOCixclf2BqNeZdzMLZJRhl0J7Jrk/Wfv0klNKVIOtm0Zwh8NeV6nCnUCLCiJrgQsc42w485csxouHLswU8aI38Fv4l0TtzKYUW8omtKZXA+kolxopR7S3FF0EC4HtCCD9EAAHR+gAAHDXIsVP9oLZgC/och7Tbmsk9uv6b9+jAMDwFx0u8dOCCtQ8x0RKOB2Os0hMAC1WmMu5TFmVzoDLa9/MHckMZ7ujwIUhrVCe8ucksGfAuWrB30HvKBU0VD0XMjqAVFzW1VuEBCD9MAAAdHzgAEIwAIECGtDSxUJh+qFAdsWVLVfsU1jFnQz7DGLjZrnz7+pLUVq0KvsMre3HdbthiPC8shZUdOa0LXdTHquMCiZBYRwYcEbqroQfZrnMWaLd1/uJhbeGh/eYsg0pfmXeYKpPzQ8AV6Z4qpgWRlu98I/vBmRg/clocjxs1L2TZgHT5QDo+B0fOAAfAEKwAKIECssDTMUQTrGnrCAI0H64aENzOph9GJTrzdnmoaF8ylZwkDIG1KZNvQ03jRIFavZtldxEaV4h7wAII6J8jiNYERa7x8A+AYSgXWmJqcNiRK9ISomqzooB6ShZW5s/ptN2ABr5xOmJCn5HAFYxX6S2gcHA6EH0OEs+xFEoiWJ8Do/SAAAfo3pF6N6p0rylDJeRgtyCxZyrG18esW4E56u9UUydrdWX+ZW0VCSBh0PEHrFyRyXbQCCUgQAnR+ZuKKAHnRHbKct4yEB4KPkBq/s42suyBvBKJyQTBvGzmWkjaI6kMSwNxph9E94P9xreDVAfG/tGVsjrngZWw6/yvxBWgtYLtt4QSGqUC1pLW7DicR0RdJs/MADqgr1KPSjUK9CpS/ebmmHwQuJ1ToiCZqFAQ27Ky1f7vCKs1lntjwSppLhVauCmBF/ojIrEh7tFBHA2KFJycxDyNWWhTQg4rXpZDodGYuDpRm33q/LAyi37VOf7kqV4yzMm+sI5uWfAzEFhK4CCjbiKQImo/A7lFdWMAQ96+8MR7gjf4Y9tw1ezs29IFp6lnxMt8b4QR6uSBfVDK2icxmUgYcmaLwQZamxzRlcJOj4FgKmn6EhYB6MwuJ1zpnXOmdMsk0bAR3TSqzt/hLrmC2Sl8GxHaJIl4QwrYacGHunviClS6UtjlYjX68l9nG7GXOkChqosDVqajbT76HBAiEOCBLPkBhV1BhEpJnxcWhujqBHiOTBgAbe4aSblUsZmIrJnHIYI17TcX0SUy9C9di9wMMLoqzq41JNaT8DqZk3IchxvVNeYhEfeGrJUNPq/EdE1MBIrXm0Z4zVzTsxJwOgJgeLaGYOq9K3lBiP8AMwYEdQAy3SBOG2hXsYs7LgQMdn2QYckoH7tawk4WJYzrm7UR6JbAEJPQw38vxAvYDkgoiuCOhnAKi0tKwZ8BHrOEpGqu0A3FCRWLd44IHE3Gi8Pg8uYCIGACggQoBslZXmGiEDNQcDT935cGCNSAZejtMtyWmo3EHQbj8wcjDwLeWAhNxCwyhVYHkagqFy3vBZYIITUWgmOd4UQ3Lks3eXbFf/YZyQnE3J+KAGYz40g5hbNYjJ0m5EC5Nq/wvXwSMsBqJoymYztv4y/WdU64sKGT93RgviBExQaArYMVEBRvjiUtqOFsqIgYsBhtQ2nROiBGFHdu384GjQ5IYIoqUrAU1CLRC9Hg8PEYl63T4sHtiUJcnCAyujEJk1DF6EN3HTV4iVcA+RnKmVa3BWiDSLan88ZX8gAKSJgW4HIvqJSLuGKFaBTHSp8N1DKspMIy/wAmaA4Ep6yrYEo5MPMA1zKonMq9k0IaVcMwLyhigpRp2cMVsC0M9f5fARcwkgWh2uvWEHEdEnXFa/q6/PI9S0PFO+WMudl64VNGvkm8FjAnUqqXi4GAGydEtmesnSDqqUtVbWEmKC8QgAAascuDRsPLB/jfl2ByppS4KfZhN3MGSGVLDVXLCKUWuIP5mC6v08EeOTVWCFhjS4OXcN/SUXJVaUCGuDvGyiQHR/uhD8rUCLBLe0NEX1FdF3D9MWiUZXfMairbTtKpU1eR4dJVENHEJ0fgIB8hG0Z0lKm8D2mOn7Tah9noFiR2p4Oe05/ZCqCmUusKTBg+kq6mec1rlrGFEX7Tt2oyaOO6hXkB6JyJBYJgpR933hLVXeSvtjFAOq2DvU94jGJyq2s6ImnLoYV/BGsmLVKkVdx6EcUAFg5Zmd6ao3zLXjEMGm6SNzTPG8LLXBMnUNjj5d4+OA0GA8E0hmX03P8AEW0ug3ioMpZZVkEXltaBGUiX/bmDRiHJbtmDfHzoCkjARnmAWZ1F8dYu7VYUZW6lbCvyRarKoK/XaE0fch40zDLEn3UH7JrRGhOzKrzdDXEqZgARKRMJAMJR0BSiUm1TgOyOGBZl0Fn/ACKj0EvOB3FUGtghdWECtNBgPZAEFFYlzwmpOiBxAKFIxMlUl5ljgh4OiIkZK4fOiYhm41wBja84gOzFgGgBDLB1Dq/iKrvePLvA50gNlcjSJKOd3r/UtVQ4A8sY4VnWvzD/AH8oNMBHCEWR6O75jUiggdOCCA/RQdSDtjMJEX1M2l9QMDDY3GWr2tWLzs9Imemg+ruespo+7DpGpvD+hNCo+0Yb8qHCBWYkmvFL+7m5G8NTFK4524DUlDxNixCGC0pDUeXLtBdBht6Lym7ZHpAEvdDkdhjIQ4ARXnSLjhTOOHlj4MhS6poeNYG10DyCsp7l8p/irmYLN6jxxMrYq8wKyHEMrxtj+YfWsAIdva0X5OIuFlJ9LGVli+0jHlbJegqitOV3mHJA2gAAOobQ/VApg0dfUstl6lpC7i4X11DzognQ+Vovc1JQeKGjBgBozOjlAqBvCKImv3l8kFjRjwWlV+Ak7p2nDHq4EZjOpIoYEgkIDZndhmd4qZeaWQ9XB6JdMjXg8sylB9v8y3B4lmrXYgktPRr/AFLxRXAlaRZca+CHdPyS3i9I8RkBV6d0fA1svQNCK4kCCYiHEEAGPoSsI8ED1LPS+oluu4yky2xAACFM6dbfWWmCFgTpgOnVgoglHMepXA3fu/IAGxKpm+qUyeDC91qaJQvoVAvUxLNI2RpADLBlFHL8EGjy6rWWbpusB5Yjs3JdX8xwp4z6fBgI/YMpKdt4xAUogzArqGQSoAKCvpC6EdCLlnC+pdQu4QR7wV9m0LklQUTxvHSTpRHoyoBmCCY5b4oBsSqCIo3GPewbfa/xAvLCBYBa1oeWANs+0QG5dAIHrLld+TiByDL93dmiV7gXTaNHfVl2sakqqDBldQah9RqBEwluWIL6iMq7gmULTV4ma+fFdG+dGEBPNDoqanpRuGYvXnuVpN/GLPE9oqUiy/cEilwXxELbwHL5YAAAGxKaD1w34hMgc704izw1fv5XeOhLcoaXitoNArqBgGJpg+rQSkjARnmATL6jeMt7QzEugKesYqjgrMKKrUDBD/Vmdk9wUmj3CqxFS9RGaD+DCDC06uxBqUe29+ZQW1otvsaRVmRRqd/xBq6BQjYgrqGgSoBQ+vQdSFojMPEX1Fmy+oRdQCi5EKpbXvovq8RH3lhNme4Tlsd4Qi37oi2cOC1jkb1Lz5cwipsKAS4G47PlgCD2gKhjqBUB/wAQSmAUVfUK3XUEYAiNhiCiyDJ70+1RUtNBYbOqfePCKxwIxHbJV6Af3NWloPfgww6RqdG8NJiAFBCjGAEaYP8Aj6oQpwm1Iq6HtNMX1AvdYfUmpTg+y0U7wI41RD2XeUCwWXANB/zNSIzYjZGwCCYP/BP/2Q==","provType":"MONITORING","date":"2018-03-12T10:59:56.217Z"}}},"provision.device.location":{"_value":{"_current":{"value":{"position":{"type":"Point","coordinates":[41.39528070632243,5.893936031101072]},"postal":"28033","source":"GPS"},"provType":"MONITORING","date":"2018-03-12T10:59:56.215Z"}}},"provision.device.model":{"_value":{"_current":{"value":{"name":"OpenGate","version":"1.0","manufacturer":"OpenGate"},"provType":"MONITORING","date":"2018-03-12T10:59:56.309Z"}}},"provision.device.name":{"_value":{"_current":{"value":"CHD_DEV_9 name","provType":"MONITORING","date":"2018-03-12T10:59:56.307Z"}}},"provision.device.specificType":{"_value":{"_current":{"value":"CONCENTRATOR","provType":"MONITORING","date":"2018-03-12T10:59:56.299Z"}}},"resourceType":{"_value":{"_current":{"value":"entity.device","provType":"IDENTIFIER","date":"2018-03-12T10:59:56.31Z"}}}},{"provision.administration.channel":{"_value":{"_current":{"value":"default_channel","provType":"MONITORING","date":"2018-03-12T14:56:43.202Z"}}},"provision.administration.identifier":{"_value":{"_current":{"value":"device_ogapi_0","provType":"MONITORING","date":"2018-03-12T14:56:43.201Z"}}},"provision.administration.organization":{"_value":{"_current":{"value":"devices_organization_searching","provType":"MONITORING","date":"2018-03-12T14:56:43.158Z"}}},"provision.administration.serviceGroup":{"_value":{"_current":{"value":"emptyServiceGroup","provType":"MONITORING","date":"2018-03-12T14:56:43.197Z"}}},"provision.device.administrativeState":{"_value":{"_current":{"value":"ACTIVE","provType":"MONITORING","date":"2018-03-12T14:56:43.21Z"}}},"provision.device.identifier":{"_value":{"_current":{"value":"device_ogapi_0","provType":"MONITORING","date":"2018-03-12T14:56:43.207Z"}}},"provision.device.operationalStatus":{"_value":{"_current":{"value":"NORMAL","provType":"MONITORING","date":"2018-03-12T14:56:43.205Z"}}},"resourceType":{"_value":{"_current":{"value":"entity.device","provType":"IDENTIFIER","date":"2018-03-12T14:56:43.21Z"}}}},{"device.cpu.usage":{"_value":{"_current":{"value":15.2,"date":"2018-03-12T11:08:54.418Z","at":"2018-03-12T11:08:54.418Z"}}},"device.description":{"_value":{"_current":{"value":"tow_truck description","date":"2018-03-12T11:08:54.419Z","at":"2018-03-12T11:08:54.419Z"}}},"device.identifier":{"_value":{"_current":{"value":"tow_truck","date":"2018-03-12T13:40:23Z"}}},"device.location":{"_value":{"_current":{"value":{"position":{"type":"Point","coordinates":[-3.7028,40.41675]}},"date":"2018-03-12T11:08:54.424Z","at":"2018-03-12T11:08:54.424Z"}}},"device.name":{"_value":{"_current":{"value":"my tow_truck","date":"2018-03-12T11:08:54.425Z","at":"2018-03-12T11:08:54.425Z"}}},"device.ram.total":{"_value":{"_current":{"value":2048,"date":"2018-03-12T11:08:54.49Z","at":"2018-03-12T11:08:54.49Z"}}},"device.ram.usage":{"_value":{"_current":{"value":55,"date":"2018-03-12T11:08:54.491Z","at":"2018-03-12T11:08:54.491Z"}}},"device.serialNumber":{"_value":{"_current":{"value":"READY","date":"2018-03-12T13:40:23Z"}}},"device.storage.disk.total":{"_value":{"_current":{"value":1024,"date":"2018-03-12T11:08:54.476Z","at":"2018-03-12T11:08:54.476Z"}}},"device.storage.disk.usage":{"_value":{"_current":{"value":55,"date":"2018-03-12T11:08:54.478Z","at":"2018-03-12T11:08:54.478Z","scoring":{"qrating":{"version":"1.0.0","ideal":{"label":"NORMAL","value":5},"max_allowed":{"label":"FULL","value":100},"max_desired":{"label":"MEDIUM","value":70},"min_desired":{"label":"FREE","value":0},"min_required":{"label":"FREE","value":0},"max_score":1000},"performance":61.53846153846154}}}},"device.storage.ramDisk.total":{"_value":{"_current":{"value":2048,"date":"2018-03-12T11:08:54.48Z","at":"2018-03-12T11:08:54.48Z"}}},"device.storage.ramDisk.usage":{"_value":{"_current":{"value":55,"date":"2018-03-12T11:08:54.482Z","at":"2018-03-12T11:08:54.482Z"}}},"device.temperature.status":{"_value":{"_current":{"value":"NORMAL","date":"2018-03-12T11:08:54.495Z","at":"2018-03-12T11:08:54.495Z","scoring":{"qrating":{"version":"1.0.0","ideal":{"label":"NORMAL","value":0},"max_allowed":{"label":"HIGH_CRITICAL","value":50},"max_desired":{"label":"HIGH_WARNING","value":25},"min_desired":{"label":"LOW_WARNING","value":-25},"min_required":{"label":"LOW_CRITICAL","value":-50},"max_score":1000,"conversion_matrix":{"LOW_CRITICAL":-50,"LOW_WARNING":-25,"NORMAL":0,"HIGH_WARNING":25,"HIGH_CRITICAL":50}},"performance":100}}}},"device.temperature.value":{"_value":{"_current":{"value":15.2,"date":"2018-03-12T11:08:54.496Z","at":"2018-03-12T11:08:54.496Z"}}},"provision.administration.channel":{"_value":{"_current":{"value":"default_channel","provType":"MONITORING","date":"2018-03-12T13:37:03.022Z"}}},"provision.administration.identifier":{"_value":{"_current":{"value":"tow_truck","provType":"MONITORING","date":"2018-03-12T13:37:03.015Z"}}},"provision.administration.organization":{"_value":{"_current":{"value":"organization_UX","provType":"MONITORING","date":"2018-03-12T13:37:03.023Z"}}},"provision.administration.serviceGroup":{"_value":{"_current":{"value":"emptyServiceGroup","provType":"MONITORING","date":"2018-03-12T13:37:03.013Z"}}},"provision.device.administrativeState":{"_value":{"_current":{"value":"REQUESTED","provType":"MONITORING","date":"2018-03-12T13:37:03.117Z"}}},"provision.device.communicationModules[].identifier":[{"_index":{"path":"provision.device.communicationModules[].identifier","value":{"_current":{"value":"COMMUNICATIONS_MODULE_1520852555952_6254","provType":"MONITORING","date":"2018-03-12T13:37:03.111Z"}}},"_value":{"_current":{"value":"COMMUNICATIONS_MODULE_1520852555952_6254","provType":"MONITORING","date":"2018-03-12T13:37:03.111Z"}}}],"provision.device.communicationModules[].specificType":[{"_index":{"path":"provision.device.communicationModules[].identifier","value":{"_current":{"value":"COMMUNICATIONS_MODULE_1520852555952_6254","provType":"MONITORING","date":"2018-03-12T13:37:03.111Z"}}},"_value":{"_current":{"value":"MOBILE","provType":"MONITORING","date":"2018-03-12T13:37:03.114Z"}}}],"provision.device.communicationModules[].subscriber.identifier":[{"_index":{"path":"provision.device.communicationModules[].identifier","value":{"_current":{"value":"COMMUNICATIONS_MODULE_1520852555952_6254","provType":"MONITORING","date":"2018-03-12T13:37:03.111Z"}}},"_value":{"_current":{"value":"SUBSCRIBER_1520852555952_947","provType":"MONITORING","date":"2018-03-12T13:37:03.109Z"}}}],"provision.device.communicationModules[].subscriber.specificType":[{"_index":{"path":"provision.device.communicationModules[].identifier","value":{"_current":{"value":"COMMUNICATIONS_MODULE_1520852555952_6254","provType":"MONITORING","date":"2018-03-12T13:37:03.111Z"}}},"_value":{"_current":{"value":"MOBILE","provType":"MONITORING","date":"2018-03-12T13:37:03.106Z"}}}],"provision.device.communicationModules[].subscription.identifier":[{"_index":{"path":"provision.device.communicationModules[].identifier","value":{"_current":{"value":"COMMUNICATIONS_MODULE_1520852555952_6254","provType":"MONITORING","date":"2018-03-12T13:37:03.111Z"}}},"_value":{"_current":{"value":"SUBSCRIPTION_1520852555952_6391","provType":"MONITORING","date":"2018-03-12T13:37:03.103Z"}}}],"provision.device.communicationModules[].subscription.specificType":[{"_index":{"path":"provision.device.communicationModules[].identifier","value":{"_current":{"value":"COMMUNICATIONS_MODULE_1520852555952_6254","provType":"MONITORING","date":"2018-03-12T13:37:03.111Z"}}},"_value":{"_current":{"value":"MOBILE","provType":"MONITORING","date":"2018-03-12T13:37:03.1Z"}}}],"provision.device.description":{"_value":{"_current":{"value":"tow truck for operation","provType":"MONITORING","date":"2018-03-12T13:37:03.025Z"}}},"provision.device.identifier":{"_value":{"_current":{"value":"tow_truck","provType":"MONITORING","date":"2018-03-12T13:37:03.2Z"}}},"provision.device.image":{"_value":{"_current":{"value":"data:image/png;base64,iVBORw0KGgoAAAANSUhEUgAAAd0AAAFeCAYAAADAGcUYAAAACXBIWXMAAAsTAAALEwEAmpwYAAAKw2lDQ1BQaG90b3Nob3AgSUNDIHByb2ZpbGUAAHjalVZpNBSMGn5nhhmMrTGErFmyZ0uyG2SJrNmzjbUYg7GVUNkLIUooW0SSPiQRWVqIkLIUkpRdspdl7g/3u98993znfOc+v573Oe95z7v8eB8AbK8rmeyLBAA/EiXQQp8gYGtnL4AZAhQggB7YAO1KDCJrm5kZw98DAbA+AAgAgH5pVzLZF/4/MAXa2tkDIAQAAO+1xxUBAO+2xw0AAB9KIVMAEI4AgCd6u7oDIMgAIBVoZaEDgMgFAGavPV4BAMxue7wRAJhDiF4UAEQXABpHcvchAWDGAVDM7h5BRACGJQAII5IDKQBYbwDQ8vPzdwfA3gMAMVs7e4G9NoNzADS6AZA8f2n2lwEqogDwUn9pok8A8G8BGkf/0lYsAAEACI6eIE8F+b2tMRIAaMeo1BVRAEw6wE4albpVSKXuFAGgRgCe+xKDA0P+3DGCCvBP8d6c/wYKAYAEgCakByqaph2NxKjSJdBXMfxg5GQyYQ5nKWcdxzGx6eK92bM5nu2f49rHrXrAhSeWt4yvk39BkOGguJCOsJvIOdHsQ5VineKfJFakkNKcMqKHVWT15ezlPRSCFSOPXFHKPFqgXHasWuWpaqtah3qvxqDmqNak9gxhSWddd/c4Up/egN6QyYj+BOYE1XjDZPHkV9Nhs07zJosHlnesUk9FWwfYuNmestO3V3OQdRQ7LeDE7czpwunK5XaAyO8u5CHuKe2l6K3qo3PG6Kylr4OfO8nPP5QcHZAYmBGURykJrgqpD20N6wrvPzdyfiJi9sJi5FrUZvTOxd3LiBiIRcRS43bitxI2E9eTVq+sXF1K/pEynzp3bSZtKv1bxuT1iczxrM83Rm9+yh66NZjzPvddXs/trjsd+S8L2gqbixqL6+7WlFSWlt8rLssvz75/vSL5QXxl9MOwqoBH3n+4VFvXmNTqPFauk34iWM/xlP7pTsNi4+dnPU1NzZXPc1oSW4PbXNtNXii/FHrF9Grz9XhHZ2f1m9yu2G7SW5sezV6xPta+X+8m+t+8r/mQNxA/GDDkOKz/Uf4T3wh2ZHP0+9j7z+3j1V+KJjK+Xp4M+ub23XJKZ/rIjMgsxxxmbnN+duHTYveP5qVHP4uXb6wkrV5YC1j32LDbNPlF+H10S3pbaIdrl5WKoVIBoAlJQQ3QCqMTMD30Igyh2FamA8z2LPmsUzhRNn98Cfv3/UKcDlwZ3G0HtnnF+Bz4Lwk8EBw4uCMsKEIQJR6KFMsTr5XolZyU2pLBHuaXlZbTkj+hYKvodsRPKfhopHLMsUSVFNV0tSz1Gxo5mrla+dq3CQU6d3QL9AqOF+sXG9w1LDC6eSLVONKEfNLGlGAmZs5kvmzRb1lndeNUmLWdzTHbA7bbdp/t2xxKHVNPhzkRnc1dCK5H3MSJfO44D3qPXc81rznvCZ+PZ/rOdvq2+DWQqv0fkEsC8gNvBV2npAYnhsSGRoVFhIecCzpPijhzwTPSLcop2v6i9SWLy6YxRrEGcbrx2gnqiSpJSlcUr8oly6RIpYpfE0sTSRfOELzOn8mbxXOD+yZn9v5b7Dn4XFwe7jbLHZZ8pgLGQmwRQzH9XboSTCntPdoyVDnyPlRAxe6D3crth1tVvx5t/rFevVqzUvvz8VLdwpP5+tmnMw3TjVPPppqmmqefz7TMts61zbcvvPjxcunV8uuVjrXOtTfrXRvdG283etZ71/pW3y33/3g//2F6YHJwbGhouO9jx6eWkbrRyrGCz5nj8V/CJ858tZ80/qb2XXqKd5ppentmbvbj3Kv52oX8xeQfoUuuP42W5Va4VnZWJ9ZerJdsJGx6/tL7LfB7a2tgu2InZteWKvlf9+dA+2AK6dYYVLBRjN3MwKLLGrGvAfcbL88eyJG3v5+Tyi17wIknibeWb0SAVlDkoJGQh3CcSJ5ow6E+sQXxHUm81EHpozLah81l7eV85P0VzilGHolVSjiarJx6LE0lQzVDLVP9ukaWZrpWhvY1QppOsm6yXtLxJP04g0uG541IJ9yNzUy0Toqb4ky3zMbNX1uUWSZb+Z8ys1awwdms2X6we2x/0+Gco9NpgpOYM4vzustn11duj4jZ7pc9/DytvQjeEj7sPtQzs2c/+Db73Sdl+l8k+wbYBBKCpClcwajgxZDh0Lawh+E3z8Wc94uwuaAdKRnFHrUTPXWx59KTy/kx8bHkOOt4jQThRGzictLQledX7yZfTQlMtbmmkSaUzpC+lDFwvTGzMCvphv9N62z1W8I5jDkruSN5bbcr7mTmRxX4FFoWaRSL32UvQZQslo7ee1PWUF5+P6ci+UF0JeWhd5XTo1N/mFTr1WjUHn0sVyf5RKRe8ClPA1cj+zNcE2sz83PGFmwrtg3bjn3B+JL5Fetrtg6OTu43fF1C3eJvD/co9Wr0HX93st/2vdsHv4GwwZihtOHbHys+NYx0jA6Off+8+gU1gfsqOCn3Tfu7xZTbNGUmbjZ77sF868Lg4uIS+if/8rEVq9WAtWvrVRvvNtd/82zpbZN38na7qVSAvX8HAIBCAxR5AdjKARinAeQxA4gaA7DxAJgxAVgdA6S0JSCFmAExGQ4oCAMkAKCACXhBAcyAAnegF0GHMECkIkaRCsg05AbKEzVK40gzSRuC3oeuxbjRcdF9pC9mCMNaM6ozyTCLsUiwKu0zxYWyPcSvchjsv8fFxh3Pg+KN4acXSDnIJVQuQhAdF4uTUJSckS497CenpoBX3FD6pjym8lVtXZNDW1cnQq/RAG1kZ1xrym2eaIW0jrXDOZQ5nXDZID70DPTR8uUmUQOWKT9Dt89zRKpfDIypT2C9Ep7yMz0siyW7Os+j4GDx/L3nFberYmoCnrg3nn5u1+7w2rsrsjf3ffvQ2qjMF/9vdbN0i87LTRtCWylUKgCgAAtcIAV6QIQEqIZJBA/CHpGPWEBqI2+jkCh/1Dcad5p52kg0N7oZ408nTrdA38iQiQ1n9GRyYnZm8WaN2FeEG8NLs6dwUDmjuLEH8nlV+YYFQg5yCrWKBB+SFVuVaJHKkgmStZc3VNRWIigbqzirRWgUavXp0Oud0M80nDbWOXnPnMPyqjWjbabDodOtLp5ENo9O76SzVqRDAaigmZDh8P6IgajJS7/iOBKVrxJTM9N7s9iyXXPr83mKrpbSlWdUSj56X5tSb/dMuUXihUTHke6TfcEfKod/jdlN9E65zDMufVhr/t31n3m5QQYMwBtSoRF+IMQRZxE1SBqkI7IRJYK6QYOjyaQVon2KdsRgMM/oIukNGfgZqNgZxjGmEeZJlrV9bDhdtnj8CIf2/jouVe4uHh8+Fv4GQX8hKeEV0XaxfIk4qVCZQNkw+UTFEqW3x5CqBPUUzSmCsW6zvqbhG2OiKZ15vVWwjbo9i+O88zu3Vo8G74az7aT+gOlgZJjgeZ1I74vXYp7FL12RTDmb9uj6zk3TnNI7NIWed9+WqVTcrxKovlW3/2l2E19L6Qvl131dAb2c/W2DlE+HxsYmsr6fnEUvNP4krfFuvtj2pFIB9jwfAAAw6LqSZOVkFWSV//RMDKALrkACWZADWVAAWVD++8T/HxSPMAoAgI4/OTzQx8ubIqBNJvt6CBiSiDJSAvKy/1R7z5MCAKBZAXJ9AQBaah4v/W/evwCaYKZkQekCUwAAACBjSFJNAABtmAAAc44AAPaBAACHdgAAcHcAAOlpAAAxdwAAGAvguMoIAAPXJklEQVR42uz9d5Rk+X3dCX5+5pnw6bO8r65q341utEE30PAgAHqKoEiRIkFKooaUNDI72pmVjnTO6JyZ0WhH5ox2tZJmNGeXcoQkUhABEoQjbKOB9qa6uryvSp+R4Z77mf3jRbqq6iZIkRJMfHES1VUZ5kVk5Lvvfr/3e6/w3jOqUY1qVKMa1aj++Evf/A9////59265kRACgBOvvsoHP/whlhcX2Tk5zdjsDF/47Oc5+eor/OTHfoqoUmVqdobzZ8/w6GOP8ew3nuaNc+d4/LHH2Tm7g1/7//4L3v7YO7h+5TJHjh7lgQcf5F/92r/k+Ree5+//o39IGIa88MKLXLpwAZMbpqcmuOPwftqdHo889V6CIOTKhQsopQi14srZkyxcPEejGjE2PY2uNmi1mlTiGvVGgyBQ/MIv/lkQksHaKh/8yEf4+F/8a1Rqdf7nv/F/59TZcxw+cJBAOnS1zs/8qT/NM1/7Cl//+lf5+T/75zl46CCvvvgCp14/yY//zE/zO//xN3nj1dd43w/9CEcPH+bcmTN8/etf430f/BCz09N0BgmnX3+dZqPK1PQUl67d4MKZc0yNNZBScOn6ArHWVKsRl65c5ql3v4elxUVWFxf48I//SToLczzzG/+SIIpv/9MSAuFh4eJJ7j5+iDHRRSSLLOWS+dUB9x0/ynQrxJuU7vGfwsXj4D0e6Ny4QLMRkV49ycrFU1QaY4wduIuit0K9WEOaASaoUTt0LxN7jnC967GLV2iqjMRY9j74BNdeeobFCyc5/MSHkaFm7fpl0uVFit4KeW+Nq7VDeCHf8gMn8Igio9Uco1qLGPTW8FnC+OQkeItEkq4tkS7P0ajWqU60iKSg2mrScQGXO3Dj2g26q8s8+OgjKK3/wB96KSXTzQasLhAEmkYVmmM1RKuOa8b41QWC1Q7ing9x/o3zfPLXf5O5axc5evf9XDt3ivrYOHG1SW4K8JYojDn92itICXlnjcbkFIPBgHoY0u20UYEmrtSoxhHOOxxgCosSjv5gQJqkNBsNxqcnGXS6OO/Zd+QIF86cZs+BA4RxzLnTp3nkHe+g1Wzy3Dee5uDBAxy/606u3bjBpTOnCcOYo8ePsTx/Awf01jp02is8+MgjTM9Mc+PaNRwgnaO9ssKuo3cxufsgJu2BSem014jCkEALbly9yuyevew4eEh3VtqB1lrZIne2MG5q1yz16Rln89ymg8QFzWnmT7/o1xYWGJ+ehSCk1hyn3+/TvnyK3btm8JUa1WYTVzjC8Z1cfuWb+KyP94ps0GXv3Q9QbTa4dvI1Gnt3okXA2qXzNKZnuXH2FINuxq4770ZlbbwOiGpN6rN7KQpPPLkDXxT4ZA2TJEiXIluzyKgCLsAVGU64P7oTZqXJV//1P6MaB7T7PV58+QRvf/9HcWeep3PxBAfvuY+isBx67AMoVzBYuE4gciZ37+S3X1lieWmFj338F/ni736GcZXx2Ed/mGLxIqunX6fb6bF24woH7nuUSrNBng3oXHwZl+fsnorQa0vklVnU8XcyMA4B1I8+NkKx73bQHdWoRjUqIQRCSiOERCrlnVVOCGeFVKCUE0J6ISRCKRhelI9qVKMage6oRjWq25TSQdlRcUVdSBcrFSilg0AHUgupAldkYbK2Uh102lVjigjnjJbSDFal18qZIAiM6fdMYQor8YXSQV8HYVeEYU9HcSGzfATGoxrVCHRHNarvrwrCgDAMKkqrcQE7lZd7ldY7Vq5fnG3PXdvXXl3eG2hVFULIQCvtjVVIoa8mHXXmjROBQATGFEoUxgWV2Pe+1fN5lrvZmRk3PjnmemtrXgaRTfMsXZu/OkgyMz81PX29Wqsua+9WVaAXfBDMqSCYx5klqcNlISQjJcmoRqA7qlGN6ruvhmxSCCG0VjFCTOPcQanUHXi//5UXXtxX5Gb/2urqTBSFtdyaejZIKo1Qxc4altsdCuOpVStoZzBZTlStUliDNQ6kIisKCmsJ4wiTZdg8R3hPrV7FG8vY5DhxHLHW7YMQ7N49y/hYy2eFzecvX0qTJE2mdu1Iqs3GWrV2+nyR9E/rKL7gHWcR4ryQckEIMRj9MEc1At1RjWpU30H4KpBSCiFE5L2vWmt3JP3+UaQ8Onfj2pELZ88dTwbJAbxpDXITD7I8yNJUKWtpRAEOcM4SIVgLJFUtqStJ4Tx0UvCOSElUN0EbQS4dUmuUh24BifXUQoWOAgpj8WmGk5LOyipWS4wVSAk3zp5n3jlRIKJTnkgp2WqOT9AYbyIC9YDzuIqU+c59u7Jaq7l68cVvXtx77OiLHl7w3r+C4IoQYiCEyEY/9VGNQHdUoxrVf7GSUqKUUkKIZpoku5aL4m15UTzx3HPPP/S1L3/lwMrSyljhnFJaC+k9znmsswgpibVEWoOWjqrWOCfx0iOcwzoovEYKRRwLKkoQK4eXAR6BMx6tNT4IaUmYFJKuVxQOQiHwxmC9RUnIvEBqaDiw3iOdBesQ3pFLTeEcC6urLCwt44wjiEIZBTq+fP5yXKuELa3kgUuvvvZuH2g7uWfvqlKcnJycfK6apy9IxKtCqstCqtXRjHhUI9Ad1ahG9cfCaJVSSiu1p9NuH3SdzkOrq2tP/NZv/qfHer3uToNHopDeUwk1sVZ4HEIKIulBluw0DiShjgi1wHiJFyFCVKmq8hGMiggCRS2w4AWJ88gwwIcxVeeIEAxkgMegJMReYI3Aek8YKbwVeAcST+oVoTAUjvLotCb3Dq01rjAIJUFbdAwISaYk5AWD9oCIgs7SIqkIlX/+1alAynfuOrjvnTt3TFEN1IINKl/N1pY/VYvFMwTBJSFkMvqUjGoEuqMa1aj+M4AWlNYEYdjqdbsPXzp3/gMrq6vvOHPm7IN5mtXRmtxaQq2IpEA6i/cgvaEaBFTDEOccComRmtx64kAxVQ+JKxGp9XSNJ1MVpPS0fEIuNIXQWKkR3pYs1jpsUZAKj3QCgcdgsTZHeYc0AgQYBIUxSCHReCyQWofzBrzAK4UXijwvkM5iUQglUKGm8AJlLFEU4mKJdRAUPfASg8B7x5mTZzhz9ir1WMxMx/zE4oWzP7Hz4KET43t2fW3noaNfVEH4nHHmPIzY76hGoDuqUY3qD1BSSrznjuXrc+9N0sEHVtudJ3uDwYyXgjCIaDZqhAoKAC8JvME7QRBFOAc17Rmvx7ggJvCONDes5I7UOzIviVEE0hErj1IlTEnvqLoBXRvQ8xBhCPEETqGKBGs9mXFIUZqrSAvapYRKo4RECYU2Bf1kQKPZQuHo9xMQHhVG2EJQ2BJYjTVY74l1gDKCzINEQQ6hdFg0xnsEDu8gCBS6EmOdo5cJ8gKW+1c4d/bS3dV69e4Hn3js44ce6D0n4uZnppvTvyakvDhSQ49qBLqjGtWo3oLZCpSSsRDiHf1B+mOdte678qR3Z+4Joiim0ajivcc78MITKKhIiREBgYqQHoI4IohClCkQWAqhSb2jpj3TUUS3cPSMgTSjrjwVawlNgRMS6TNCn9K0ml7qcBJEIDEOoiDAZSlZkqKFxOKxUpMOeqggop9mOOdxCDr9HqrdRSJI+3084IMQqTQmz1FBQGEt0lqalQiJA+uIohgd6nKO7AXVSo1QSfIsQ0YRlWoVLTWZdawVUEjQNqez0Odrn/lCePrlV9+x+8jRd7y9OfaDzd2H/z9Cyn+DIB19skY1At1RjWpUW+EWvJvNsvRDcyurP5Wmydu8tTsEDhWG1CUoCcoZQiFwSqHCkFolJFISgURqhZKSwjm8DvAqoDA5yhlcYXHe4IoCXRgiBVUriZxDu5RKXCEnYG1tQGEyChT9XNBLUnJn6PZTCgRJXtDPcnLrsB6M8xg81niyPC+ZqRB4IbDW4zwI4fHO4yi/J5FYa7Hel6poKRACvActJTpQKAHCOypxSCQ1gfS04oCJep2xWoVqpInCGCkFgfBUA4EzCQuXr9PPHWH87x85fNd9d9V37v2RqNb8ewi+CZjR52xUI9Ad1ai+v6EW7/1klqcfunH12l82eX63kL6qHQRKIgElHGONGk5qssIQCUsYhBgZ4KMKOg7R3iKKHCUcUiuyLEEjiIRH2Izc5GilkXmCdo5GvYmSkl53jeXVFYK4RreACzcW6GYG42GQmw0gLZzHGktuLVIqhBBoqTHOlKpoL5BDFbFW4PA4B3iHELL0B0eAL78npcQ7R4HAOgEM1dXCIUy5wuS9w/dyvPcoKYd+4UtUAkGkA+qRplGJGIsjaoFg50STRr2Bm5vnjW9mzJ08Xd999MiP3PnEux4d37Xrn3oh/ylwY/SpG9UIdEc1qu/PGi+MeaK9vPjLSa//YYRTYPHGMxYpYuXLoAipSPOCWiOkUa1DkaN0gFGKBHDeo5Qk9AqXp+RZD5UXaCGpVGPCKIBqSJIkXFvukRjHhZUe15dWWOr1GRSG3DqcF1ihcF4QSBA4CmNx3gMSgSAKAoQXeDxKgkCgvAQpUKoMtfDeI5xHCl8CsZDlTFcKPAJvS0W1EGU73ToHArTUgAfhEBK8FyVr9h6JwEmBsY7MQL8wrCY5rCVIyqeILy7SiEJalYCJasSOZo3717rU6/EOxNv+VnNf9e0qjv86XpwYffRGNQLdUY3q+4TbCiGq3vOOtNf/OVcs/6TEV2INwnu88CgEcaSpBQFeSIyUuNwQ4KkGilwECByxkJAOkE4ThBqyBG0LImfpZClGSfIUVhb7zLW7LK11Wez0SA14ZzHWgpDoIAIMxlnAIgUILwi1RMuAwhigZLKhlhgPzjmcLVXKKlR45wiUAEoQFaoESxj+KUT5uHisouwli5IJ6yH4ekpxlnMeKUAFGonAWoNHgBdoVR6H9xaFLFk0ZW86c560n3Kj08f58r165txVPv2VZ3jgnjvEU+9/6iNP/fTH63L8yK+IIjtRArrjj8Z7UhGEYfl4oxrVCHRHNar/2lgrEFLgvX9be639iy5LfloU+UQrkoTekZscKQSxjoiikBRJYQz1WGNkgAginLMUeY7zHmEKrElQ3hGjGXQz2t0umbWspgWLvYzlTo9eZhhkOdY5Aq0RwiMQhFqhpMIJgRSeEhElAlBSoaRAS5ASIq1xHrQQlO7IJWM1BsrOsAclh2ANbiiFds4jhNyY8QoPSIEf/vs6QEnhsb581MI4rPcEEqQoV5MsAiskRWHLYxWC0AuE9HhvKWx5GyXLFrbWCjzk3nO1l3Ols8izZxf54tMv8bNXFt71k7/8q/9k/MCxP2/7yetS6TIR6T+zluevcuXsae64+y4Y9Eef91GNQHdUo/qvCbhAM+l0/nTSaf95mwzubsUhOZY0N0SRJA41WmuqShAECi8DrFEgJUoI6qHEZgVZv0+oAyphyEq3w+Jah4ET3Oj0WOom9AtHXpSrOEVhEHgCrYnDoDwO55AKcOVcVUuBd2U7N5YKKQRKlOhZ8laBESUbDJTEIYenB4fQcdk+9gKhSztJIQR6uIsrvd+Y53oESikEZVt5nV1KJQG/QXwdDulFuSbkSzEV3mKcxVmDsaUoTOCxJsc5iywsdsi+vXfD4y8vBkJdHq8LPCeX+vyPf/f/4NmXXn3nr/61v/KP77jvHR+vTO26JOR/PuiefunzvPCVL3Lfww9De3X0mR/VCHRHNar/SoArvHOPmDT9q0Wv/SOBJ6rFmrQoUAzbu1pTDzW59wiliAKNV5oMiStycBnGFORpihGCxFoutrtcmFvm2tIqg8JhhCfUGmtc2eqVAh1InPdoJVDSg/dIJVGyBDchfakSVuCFIFASj8AicV7hBDgpMUiE0BRKYdfnu1LgRMkoBeCExxlXGmA4i/MOLwBj8KJsm5e3LcVWDl+2poe5u0KI8u+AVBqGaux1JiwV6EgSKwXeoaTEOQemQHiLNbZUXedZCc6mgCwfsmmLkhJdjRikBZ/4zDd5/Y3/9j1/5b/7y//9j/+5v/p/E1L9Z1DTkvlXqlWiuDJsqY9qVCPQHdWo/ktjLVKpndlg8EtZr/3nlXO7nXFYKcgHGYGE8XqIVBIdBLgwIhSgkKRAMUgweU4UxWR5zvW5Bdq5ZSm1LKz1GBQWg0KrAKEKlCnwxiB9KUoqQxAUmiEAK7khSrLOI5TGITFClSokpcikLsMPhARkuQ8sBN6XYi0Kj7UGV+I3eId3thyp4hFDANZKoQUEWhOoctVJODf8niwFVwKs8OAMQpQXB5l1eMAUw+dDYcX683iElMhAgxcoqZCUFxFSanQQoKKYoC5RlPNhmw7Ikz55McDmBYU11CqaUFleuzjPr//7//Czj733I1/effTOf2vdH24Wq6Skn2ScOX2WIAhGH/xRjUB3VKP6Lw+2Olhbmnvy5Nlv/ne9buf9UorAmhysJbcFsVJMVMod00oU4YOIDEFoLRqLcZQGEtLTywvOzLc5c3WFlUGOKROF8MYgKEAEaDxuKFJSWgx1xiCERMkAL0UJpErjvaQQEick3oOnZLTee5wBawuMyxnu+yCHs9VASgIJkRJUIkUrjpisx0xWIuqRphpqKqFCKkk9DGnFmkoQICUoKYikQIuSBWtVtsytd+TG4qzDOMsgMxjj6RtDP8vRWtPJLJ0kJ8kMC/2M1bRAKEXqHYPMkloojCex5SzYDxlzEAQoGRKO1wi9xWUp+aBLt9fBC0ujHnDmwpX6v/1X/9fP/8pf/9u/HYRR5w/DUksyb+j1+ohR8MKoRqA7qlH956KoBKgihEGq/PcDXGPMdG9t9ZfOv/LyX/NFNqWwZLkhxqKlQkkYq0dElSoq1DglwZeuSsoU9LOUxDhSB5dXO5yeW2Gtn2FNUdo0aonyDqEleItwBi0lMpBorfAokAqkxkqFlRqLKBXHHqx1FMZQ5ClQzlwDJdECYi2pxpqxOGasEjJRj9nRjJluVpkIBTXpmagETNarTDVrRHFAHASEYYgzBUVhyK0nNZZQSpx1ZKZkxqFWFKYgSQ1hqMu2Ng5jHcZYFOV+r5YSaz2FLaiGQdmiBqz1LLS7dAYpKghLgPWSxUHB0iBnaZBzcXXAUmroZY5OlpJknk4qQGh0FBGOzdCsNllbmseaDOs9zz77/IHFG5dm6vVGx/0h2K7Hk2YWrUcsd1Qj0B3VqP7Q5YXEC6ax6Q/YXudhm7g1JeQ/QYjbmitIqcjz9MFzr7z0N/qryz8htcQrhzeG2BbUQoUKFKiQuFLDV6tYAaEpEEWOMymZNVxe6XB+tc+15TZricELCGXZltValvuvntJEQgiCIEIGIVKFoAMKX1o2Ft6TG0ORZmRFUQbPC0+sJK1qzMR0g5lGlZ2tKrvGauxoVpluRMw0Yna16jQqAZFWVLRGhhLbH5DnBUiJG16MDNKEudUOUpUrQ84UBErjnCVzoFU5q1UesiQnNwZjLMJblJZ4SSns8g6hFV5KElPG/+VFyXwrUQB4rLeEoWSMqLSPBGbHKjzamh3aTiYsrvXpZgVJ4VjoZVxc6XJ5pcu1QcFCbumkIIIqtYkZ8n4b6cHjg5XFuVbW7/IHBl0paGhB0kn/SBTQoxqB7qhG9f0JuFIT+uJoPOj87UHR/ZNpRSs9f4qad5Mc+dBfRYhsayMxiGOd9Ps/cf3y+f9+sLL0QD0K6KcJeZ7QiBS1akgtjhBxTCECrAdlcoQ1mHSAFJ6Ly21O3VjmeqdP4csTeKjLVrISAu8M2nkCrRA6QCiNCGOEjLBCMTCOJCvI0h5ZlmGdJVKKZjXm4GSTPVNNjuyc5OBMk13jDXa3KuyoVxirBARhUM5Y8xybG6yHXp7STgYsGk8oJQKHHRplaFUqnLUUSOeweUEcKpQGLS1CSaRQeGtQitKFSglUJSoTj3SwwYKVViQZ5Rzal+1sHepyX9lalBRDFTZUh52BLPV4KelmBb6XEIYBqbVUqxH1SgR47to9Tn8wxspqh4Ven6t9x8mlAS8sdFmwAT6oc23+KpPTS7UXvvn0TBiEf2ARlBeKd991CFGdGf3SjGoEuqMa1R+qlEZYc1f98ov/pNYK3tVrRrj976BIBxRnvvZL4a75q3j59wonjJQCpfTk+ROv/erSjWt/MU/6U0hBd9Aj9AW14eyzGlfQYUiiQ5zxiDyl5hyZKTg3t8B84rjc7tEZpHjnCWTp5CQFBIrSSjHUVCo1dFQlF4rCQm4dSZoxSFLyIkPhmWpUuH/XDMd2THJo5wRHd0yxf6rBznrERKtOGUtU4HJDmuUMsoKiPyBJU9RwXdcLAa4gBmIBxhYoVc50vXMoIdGU899WHFCNqwTCY4qcPC9QwlGJFQhdWjdaj9ClAMoWhtwaQgmNikIGCpoSm2SkhSUMNQjBZEWBUEgJxjqsdQxSQ5ZnRJUQL8tWujWWpf4AgUAqiRWCvDD0Mgt4dLXGRBDRrBqOtGLunejwuxc7PLsCTscMemkspZpVQfBtg64Acgd7K65s5Y9qVCPQHdWo/uAlpIIi39l++tP/e+x772rc+wC1LEUnPdqHPgRLb0TiyrN/g/3vyIP6xD+z1jy5eOP6X8jXVj4Q6iCIlMAXKZUA6mGFUJdrP0aVBv4+L1BFhsgSrnS6nF3pcmUtIbEerKUaKDwaYQ1gCQNFGEb4sIaMKngZsJbmdHo9kizDOkclUByaaHL33kM8dHAHDxzYyd6pJtPNCpVgCAi2oChy0n6f3lICwy5qYQuiICCQgBaEUiNl6QCFU4SBRgtgmAAkcGipIAzAGsxg6GKVFaTGkBWGTmqxzmBduWc7MI7MlU5T/UHB6iDDOctYJcT4cjM30opQQiUKCEOFRhIH5dw30IpapAm1JFYQhBIldRmOEESIQNNNQ5LckBeOwhqkEBTGls5Yfngc1oMMOTI9QSgVoezw+STg3OXr4crS6pjS3y7olslKxxuOfeON0S/NqEagO6pRKaVQSpWK3G93TicE3uTB9a987i/eeOkb7813zTLW6VKPmsTXXqH60AP068dYeunp2o3Ff/e3v3Ip/xOvfusb+3za2xXjCX1B4AuaFUEt0FhdwSiJzQyZc8QOat6x2O9y6sYil9sD1gY5QsnS6UmB9w7pPWGoCaIYHTewupxh9noJvcEqzhrqYcCh3RM8dHAPj96xj3v2zrJ7rE4lCjCAsRZTZBQmxxQF/TSlEoZIKXDOEQchsVbkRuKwxEFIMw7AeYSz4By+cGRFhvUWiycrLN3egF5mWMsNc72MtW7GQj8lsZaBgb5x9B3kTmAAhyBzYH3J2q0QWA8Sj5cFuNK1ChwKQSAFqoy1RwmPch6NoxVKmqGkFkjGI8VMNaSuFeONCjtaNSaaMbUgpJsWUG4/k6SGzDict0hlMc6T5AWJcUxPTPBLdz9A9NIlPvG7X4uuX76840c+8p5vC3SF0uTXzzNu1rBuBLqjGoHuqEbF5z7zOeIgZHbHNEfuuad0XPo21jmKJDl++cVn/0wRjzO/1mbx0mni+v10V5c4e+Nf8trrl7l40XNp5WuNQa/zWCQtFaXQvqApPfVAUYurFNaTBQG5dUhnCA0YL7i00ObEjWWW+xlCyqFISIC3aCGRKkDFMbrawKuITpLR7bRJ04RASg6MV3n8yE7ec+d+Hjy0l+mZCUIZkBWGwhiSNCf1Hu8ssUmRwuKEJ4rjcoVISianJpHOIkyOLHIKY3DGlAKkNCHJM7pZwXIvZaGbspIWLKcFy6ljObV0jKNvPTkKGYWooIoMAnSk0HWFDsrdYa3KeXRNSJSQoEonKjX8OXjKiwwxBGfvHM45jPM467DOUVhHai3twpDnBSYtsO0CX/SxWUpoLdORYH8z4t4dTQ5NNNjRqDDViGi1IqwXdNIyKUkrRS+TpAl0c0slCvnRx+/jW6++oa6cP3PvxNgP1eS3Y5KhFPmqwvUEIxuMUY1Ad1SjAgaDAaoiuXHlKi986zl+9i/8JR5957vKk/1bsJn/8x//g6cWu4PpHc06uZZcXFrmwmtnOLNmuTp3mlWnGFiNxDFZCVEmIRQFjQAaWqG0JlNVjBJYZxBZik97rFrPhXbG2fll8qIgCjQ4j3NlKzSKI8JqHRE1KRB0kpROd4GsKJiqRTxyeCfvOr6Hp47t5shMiyCuYNDkSYqVhkhLCm9ACOpSgBRopXFWEAUaIQVJe4VIgssla70+q50e7W7C0iDn6lqfuV7GYpLTzj0drxg4TyE0PtDIMCYIQqqNCtU4YKoSEgcRcaSJ44g4DAnDgDAKCYJSmBWGAWEQorVG6VJYte7tXEYHg8PincNaQ1EYisKSZzl5nlEUBVmWkablelNuDHmeU+Rl5yArCtLEsNYb8NW1Lr93co0xscKUhrsmK9y3s8GhyTo7WlXqtYgstFQCyTKeftZj7sIFGoeO8vj9d3Ly5Kn73njl9KM/+At//otFnr35SbFSZ+nlLzO3uoAMo9Ev2qhGoDuqUZWd4jJcAF/+9+LcDS6fO4fHs//wkTcBX6FeeP3M+6KBYbbhmDMVznUjVlZXsSqmkFWsNei8jzAp0hRUlUHh0FIj45CUCpkPEC7FdddY7nZYGORc7easDnJAEAal+Ed4i9QhUb1JWGtRCE0vSWm323hXsLNZ5dEDu3nv8T08vH+GmfEWXkA7LVA2J9AGLRVBpJDCEytB7j3eOAJRehlrrdAmYXl+joW1AVdXupxf6XC5a7ieWtoG+k6QS4kMQ8JonLgWUqtWmKjGNGtVarWYei2mVqtSb9Rp1KrU6nUq1RpxtUaj3qBaq1GJq4SxRuuAIAoJtUbq0s6x/BLDP7fW+s+gnLsa4zC5IS9yijwnSVIG/QFJ0qXX7dLttFlZXaWzukpnbZVOt0eSpBRmikFm6fRyFjs9fmutw+/MLzPNHHeNhzy0s86hyQaT1YixMCCLAuYHCaJIeeyuI5w5c3ZHu738bvBfdKa47WdKKo1JepjeGkLK0S/ZqEagO6pR3a5qzSaf++Rv8rnf+A9YU/CjP/fzjE1NsfPQYayxmCIfxsyJHZevXn006GZMTgQs6DrWgXAW6R15lqFNQegN0jkiaaloiZUhMooQcQWJhm6PtdVFbqx1udJNaCeO3FkwFk25KxtoRdQYJ6iMY3VEJ0lZ6azi85RDEyFPHNjNk3fs5uEDM7SqVbq5Z7mfUok1jVpU7hBTOjzZPEX4AK01zjoK4TFAkmaYbpsrc3P8zutXOdk1rDhNJhWEMXEtplGvsq9RY7xZpdWsM9Zs0GrVaY2NMTE+Rr1Zp1ZrUas3qDXqVGtVoigEgiGAqvVG8fDLbQPSDWD1RRnNN0wh2qC7AH6YbiQkQaAIgogKzS0gLTdvi8W7nF53QLfTZnllgaWF61y5coUb166wtLDMzEQF62cY5J7VtQFfXVrl6TfWmJGr3NlQ3DtdZ894i+lWRJIk7ByfYe/unfra1avvSNpzU0TVJW7WAUhJkQ6Yf/ZLFPMXkGFc2l+OalQj0B3VqG7iUr6caWqpsKbgk//X/8HUrt3sv+delBJM7d6P0AEmz+u9fj90RFzVLeJqBXpd0kFS+ggbgykyahqqoQM0QaAQcR0nFYXzmP4qi4tLvD63wsKgwPmSbStvkMKjtSSoNNDVFi6o0MkKOu0lrDEcGg/50JFDvPvQFIemJ2jUq+TO0S88cSCJcVhvwRmUDFFKgLMgFd55bF6u9Vg8mIJs0OfTz7/Bb19cYSms05iYZtfkODunx5iZGWdqcpzJiTHGJ8cZGx+nWhujXqtTqVWp1mKECLeAnht+lXm73ieUk9j16xU/hFc1BNHNjoMf4rFfZ7keQJbuyH4Izr6MWfASvPMbyCwQCO+HrmBDcJYBjdYYjdYUu/beAViyNGF5eYmFGxc5d/YU58+dYu76PPVQsmdmgswJVtprfHlhka+eWuRosMr7793PgZ0VXD3mnqOHuHT52l03Lp9//K73ffS3ijTZjrlRRPvSBTpXzlNv1nHpKLpvVCPQHdWovq2qt1ooHXDquedojjVoVGt4YPrA4X6rWi1a9Zg4CLHdLiZNCVyBLzKEtVSlIxYCqQMyAmQYIYOIfNBheWmBGyttLncz5no5yjsirZHSIawnrtWQjSl8VGOQ5bRX1rAmZ2dV8sSxHfzg3Tu5Z/c4SgUMCkc7yahEEZHy4A1SKJyxJNbihaEWB4SBRAiFw6N0GQAQYpEKev2M5zoedegOfvShOzl2cD979uxgdnaSSn2MuFKnUomGiT5qCztd/0qGQie/EUaPEBtAy3rwnxB4L9bjC9ma2+f9EGjXGa5ff4xNUVspcCtFSWVUrty4WGKYw7ueZFQ+bo4no0wFLl9/FIfs2n2AXbsPce/9T7CyeoPzp0/w7Le+ycmTJ9HGc2DnFPv37GRxdY0vfeM5Pv/JZ/nph1f5wXc9xBMPHOfq9aUdrzz34lO7jt33qd5ae3P2IEp7zc65V9GV2vqLH9WoRqA7qlF9uyWEIKpUCOIYrEH4IqLf+aHjk82mS3pk7WWMyct0G1OgXMZYHBBJibGegRUkQJEbVG+J9toyp67Pc2NgME6gh+EAAotUAfHYBLIyRuY8nbUu/aTPZKR4/x2zfPDYTvZM1KiEAalV4EqQi7TA2pzEK+pRhBxm8NnCYn3pWax1gM9TcqBRGSfr93BFTqNWRwaSJ9/7Dh748Ic4cmAfcRyjA8V6au0myCbbccRvAcNh67f0aC4TijzD0Psh+JZYWkKg9543FYmvP15pvbj1G1v+f/0Yhpm762AsoKTB6w/l8cgNBTSkQFoGPAQB0zN7mJ7Zzz33P8Grr36T3/30p7h46RLVSp19kxPYB+/lk59e4B984RXO3Vjilz/2gxw/ul+8ceKNx985d/3Q5B13niMrbbKcM1z++mdJ11YQSgNm9As0qhHojmpUf9iSSu1rz8//ystf+uov+/ZS1XlwRYpL+whXGlRUAk0gBKl1Q6iSiDxlbXWNhZU2N3oDOoUAGSBdATZDiICwOoZuTGB1RDtJSPo9qtLznr0NPnx8Jw/umSKqRBjnGVhL5ByVQCOUIo4jCmMIwwoq0BRFivMQxTEVLwBLYcq5opISYQxaSDJr6bVXqAjLO+6/gyP33ockBzK8L4bt4C2AhoCh7aQYhr97v0no1gVnJaCKLQK09ZmsR4gt9/+DXwJtPPYm7m8c2fApxC2gvBXdNy4IvAeR412OkJJao8pj7/gg+w8c5Xc//R/55jPfpNtps3tmnCN7d3HijdP8u9eukxaf5P1PvQOHvLu9tPTo7rdPnyPrl6CbJwibIXWAZfDHfTW4kS3MKLFoBLqjGtX3EtPVQdDot1c//OrXvvIrN86ffcoVOSoIwZe2h8YUBAJsYSnQrNoSDENZZsB21la4ML/I4qDAekEQhkjvEVqiogaiMgFxg9QaOsvL5Cbj+FjIR++Y4d3HdlKv1ljpZaTOUY8jYgFSCoQEawqMi4ijEAQM8nyjAVwUOdUoJgwirPcoHaN0hM0zVBQRa4VP+8i2Y/7cWWbai4yN1fHe4f1Wy0K5OZNlK8D+fif7EpW9WJ+1bsHCm8Dzrd7/rerx9fts3P+mxxC/zzFtU6I7scHYvU/xpOzctY+f/fgvMzW7i//0yd9CGscdRw9y/uIlktTwmVMLZPZp7r/vzta5M2d+4PiT3U+pxlQHPGd+7z+VIrA/xvKU6miJb3lr7ilcAd6/LKTsbXsfpERKiZByFCM4At1Rjeq7Am2RUgbWFO/oD5KfX7l64cd9UbS0tziTY51FektuDUWRkRpHFGikVPjAIW0ZKnB1aZkr7QGdzAGKOJR4m4PUBI0JVG2cAkmn36Pf7zMZeJ461OL9x2bYOz2OUwGr/Ww4My3ZZSXS4CVSKYR0eGdQYR2T5XjrUFEEQuLyHOdL16nC5lTCJlILvA+RcYzCQ71G0MvIF5bIumswNgYUW7BsA2bXk3e3nP63A+OtALkOvGIL2S1vtwme4laito7ufvvjbX2ODeHV8HnW57yIIff14qajvBm0h/fZMmf2zpPnfYIg5gM/8BFOnr3Kc8+/yNG77uG1N85x5sxZChXzzLl5wkCyd3ryvUtXL79t9o7Wl8r7u2/rc1WuEQm01m8JiFJppPBIpcrdZR2gtTo66LTfsfT8Fx6zZ59/79Nnz8kdMxP/7PAdh/5pEMfoJBdKa2+yVOepjkyeSpwb6DAaSB1ko1/sEeiOalTfcSWlxOT26CAZ/Om5xcWf6a62DykJWEPFF1hrCLXEO0svTRDWIZUujfoBl2esdLtcX+1zabWDlwHVKAab461BRFV0YxIR1UkKw8raCsJkPDwV8/79LR7cN0O1WadvPKLImahXUYHCWQvOkhrBeKtGFAZ0u/0SQUyZQGAcRDqkGocUQZmX6/EoAvI8w2mNqkQIpXD9HkLC+HiDPVmOG3SGXFHih4rh7aBQAuTNe8sefwuLLIFRlsAo1sHaD9XL4lZgvokgb8Kl2AaUN3dY12+5ge/DywNKzL4tG19n6WIdrdcvJyQ4pyiKjCiMeOzRR3npxFl0c5q3v+OdXLx4CS+g5ySvXJznyK6zuxfPnPjhmZmZp5evXcxtkfNWW7k6jCDQO6TJ7pbY6U57eSXU8lSgZF8qteqlckKIig50IKSuZL32mLT5VNbvTllRjCUrS9Fs7+xHf+/3fuODn3zl96J7d+8gv36VT/3zf/I/fPgHnnpYBpFYW10Tg84ay1/7fGSdj5BKRiTd6Xp4ZdLGJ+Oo8mWh9MnRb/kIdEc1qu+MD7PWY+lg8CP95cVfXu0PHh9kORpPfzAgdBarBNZZ6l6QZhlZYahFAXEUUpFgbc615TaXVzus9A1CaiIlkM6U4qS4iapNIpSiOxiw2u0zpXLed6jJE/vGGW9U6XtJ1s+oBJIo0KhAEgUBTpYB7Q5Rrh0lGYFWaClp93oYAdYCyYBqJSSOQlQYlBooU4A3uMEaMhEQx6hBjzxN6HY6rK0W1OxQHSz8hlnIVtXxugBqO+CWoCYFGzPg7Yy0zNQVW1TKf5Bu53aQ3y7U2hRW+VK5PGS7fj39CF9+b/126/fbYMEloxZseSwBzpfCq7vuPMKB/btZWFjl+L0PMjXzOW5cu04cRcwlCS+cv8ojz37jh449+sT/uXD2tRPeW5TWSFkghUBJGTgpQo8MwzCcWpm7+gOvn/raT77y6iuHuiudyr/5V5/oZ0LeiManv3hnr/slOegcd9YcX7h+fSwdpDOXz54d11o2iyyvZ3le0d4GLZFUqnHA+bbhnkNjvPORx/nNp781/snf/O2PRWHIIC3IvSDLM9IkIzWeWqTZHw14eG8wOHpw36nKwQf/11iqT8AfNBR4VCPQHdWotrXjVHlORvo/qLhEKSWEEO9aXlr+bwYrSx9yhRsbePDGkOQ9bFGglSZxDryhU3gKk1MJIyqViBgospTLq10uLnfJvUCHAQG2BN2ogqqP48IqznrWOh16vS53tjQ/emwHB8ZrIDWF0jSqERIL3lCJK5jCEIUhMggwwlANAoo0xTlPvVZBRRGyKPBZRjOOGKsoZNrHGkuBJUky+v2EflbQ6Q5IioLce3qZYXGty/xanyPveQ937tpDaSrhN1jtVvLp2T5jFcP1Hr8BWv4mUdU6EPoNKvoHHy9u3mf9MW8VU22Z5IqtACoYIv5ND7m527vRzR62s8ttJ4+1BRPj07ztvnv5zU99Fh0d5IGH3s78jU8idUCRpZyda/PyiZOHHnnhK39JSfFbnaVltDehLUzTZtlYarLposinjDXjl+dePP7axfljz11Zy595/VIlrLSUojOxe//uiaeOHX7u9Fc++2davbkPrxXUXr56gjzNEQ6MdySFpZskdHo9GrUWHeupaseZGwsIAYu9nBcvXKMwZhhVmOKQREFENxkwGCTsaFV5baFZffBa+uATq8n/dud9770mVfWr3o6MO0agO6pR/UFOyUIglNrn4b6lq5eOa3xLCZEI4a8JKS+AuAqcf6v7e+/um78x/3MLS0s/1e319gbeYXWMyRLIEgprwHkKabHW4F2BQxAoRSUMENYz3+tzdbXDwiADoQiURAlPqEJ0bQxXGcMqTZHnrPZ6VMyAH9xX5anD09QDTT831BsRlTCgFkd4ZymKAbmxBDooA+F1gHYeZy1SKurVCGFzlBVMxYrVzLKyvMz5K3NcW+uxPChYTgxrWUo3t3SNIPOQekHhBV5IOoOEBx65n5/9uV+gMTaOd/1he3mdsTqcWwc+eUuL93at5a3v7WYDWPLmwqvbiLKGbV/vt9BXtguwvPcbc+6Nx/DrfNhvKHxL5L3VVvLm9rnfOGaPMxYdSR5+8EG+/s3nWGmv8sDbH+HrX/oiRVagdMBikvPShQX57Gc+/fFKHPyJudUuKoykkFJ1+5le6/QCh9f9vODqjTl23P3wJ972wfd889Lyv/nLpOneuBbzyF0HFmfyhXtf+8aXH53vpuFipuj0+zhXznTTPPOoIKs3m30ZhmnnwtzEtfnlSjVUPH/qPEluqFYr7Nh/8HxUqz0fRdFKa2ysGGtNuLHxcSuEN5euXm9+9WtP3/VvXzj76Ny9h8JmdGVX4+u/8Vf0Az/yUm18tjs6i4xAd1Sj+vbAVqp4+frVH7t25rWP+yx5uBroWhwoqfA+DLSJo3AlseZMEOuvxfXav0WIE9vuj5gxxvz42dOn/8yg03lgYAqlgEKHJEkfn5YM1+GJFHhvKLIMIQRhqIjDEIFjbrXHpdUundTiBVR0aeOowjqqOYnRFbxzZIM+nW6XGZXz7n0N3nlsN4UXLK6u0qzHNGoxlagEXGctWkVlB9BZrLX0+wl5njE93qIWKJTLuXJ9gblezlw/42I74Wo3Yym1dD0UUuGlAhWhwoAg1oRaEWpNJSgNM/aGET/4Q+/nwN5ZIBuyQDZayaXQ6fZgucFm/c0XMVtnu+s8WfBm89VbH1/chL7b27+bq0yestkut7BVuXVD6TbHu41Db3HJ2mw5C8oYQ+sy9u7dwQP338szL7zMkSNHufOue3jx2WeZnpwmTbrcSD0XOi5o9XsTn37hDN5ZvBes9QakWU6SZyR5xmNPvf/XZ4+/7RO//clP/pJfu7774Ow4YZRy9sWv7Duv453UdpzJa5XFuhDXWlLcqNWavdbEeD4zM2N6/X735KlTq2GgOkfvHzu098b8T165cvlQv8iz5azt33XPA2d+/hd+4R++9sYbT1+5ctnu3bPHj41NMTY+7rUWWOfkD/3ET0586fe+8rdevvDaLzw+PR7d8ex/es+OI0886qb3f350NhmB7qhG9daAKyVKBxPnXnn2Ly9deuMvVqNorNZoEEUxcagRQCBcoHC7k/bKbp90nwp27Xl/3Kj/A6Wi/yiEU6Yo3n3+4uWfP33m3A+FwleFUvihheBg0KdIBwR+GLAOoARFXmCMIQxDwjBCeMuNtT4Xl7ukppxrKu8IdYSsjeHiJlYHGGPo9Hq4tMc9Lclju8bYM9lgNSlQwESrThxHhEGAkAJjCkKpUIFCIJFCojwokzNZDdHecOLSIi9dXeLEYo/5QtBBYVRIENSJJiOalYhqJaRZialXY6JqhWololapUKtXqNerVKtVpmemueueO4Ach4EtM9etCuE37xJsB9utredNkFz3WhZbQFW8OctdbwGv2zp6cRvgFBusdNv6kvS4oSJaDr/nb7One/vXA8IJkCUgG5MThVUee+gBXj15iizLeOSJJ7l09gz79u4h1IrMCS4P4MHJMF/16sKAyrWxeiXN5SCdnJhIZnfuyiYnJ6///Md/8Z+vrLRnX3n11euXpfjit1596V13T0XhI+//yBsXU/0PJ6ennr3/3nvbSsnFF5795uDKpctEccWPTUygdEAQhlhjeOCB+4neHn/24vmz+8+fO5dfuX7D3HP/fdcs4tLHP/5L7N27GxUE/Iv//e/j0g5jOuWno+d51e++Lt7/gV/77G+sfOB6v38o6ffHmq79Y7Xdh78Ao+TBEeiO6vu2vFBIKd4ScPG+deX0S39r6cKpX601GlrFFQqvyEyBwJQqUanL9m6s8TjRWVp8LCvMPx7Upx9//dTVynPfeu6Hry+s7AyVREchzlicseR5Sp6lCGfQWpF4h3COAofJMhylMKUiHItrHS62BwwKj5YSvCOsVhGtGQirSGCQpqx1u9RtwiMzMffvaBJHIVIIhHXUGzUmx+oEShIFEmFd6ZakFMZapDDEukJdQyEEr15f5VtXV3htJWXRCFS1TmOyxp7xMWYnW8xMtpicbDE53qI11qLeqtNo1IhrVeJKhTiOiOKAKIoQQg9/fXO8M1tsF29WF3MTy7z97uz2v/s3Ya7bW8q3Z9F+y90258vbVMewrT0stiqet8iab11w2vJvwt+y11seerne5bzB2oJ9e3dxaP8+rs4vcfTYnRw4eJC032Ny115EknFqbpW7Jqdv/L1f+en/x8vd8IVnT10q9u3eke3evTu76/jx7Hd/53dy7xx33XXsxq/+hV/5s09/6/n9vxfo/1XfOPOj7/3Ah/7F68v9f/4rv/znWFtb49Of/m0mJ6doNptMTE3R6/boDwZYB1mW0e12mT4wc+bv/E//05l//I/+Eed//d/jvefoTJV9u6aFDgIGK3P+kfybOCdwRUKqajxozoR3Hdt3x4tTE82Lax16BSyefPZd6v4/caA6NnlhdOYZge6ovk8rTpZZssHtAbdUuajVuau/vHLlwq80xia0F5CZnMBbemgSK6nqMrdVBgGNqkZHISvdjOfeuDb98rlv/uVrV26QeE8QxKhAYZ0ny3NsnhO4DLzHOVuetBw4a/DWlAECQUAgoN3rc72TkpnSZNBZS1QfQzYm8EGE865sMXZWOVh3PHl4iplqVJoWaE2gA2qVmFotpnAOJUpLSK0EuSkZdiWQxAo6vS7fOrvG166u8kbPMNAxYxMz3LN7ljv27+DA/h3s2buL6dlJmuNN6o0acbmeclNrdyNRYAgsOfgcJ4YtXu+3CZE2W7TrKt9Nv+ObwfIWVbOXWxTMW9Z4bqteXm8hy9v1sLcc+63t5RKEN+ezHpDeldaP644efhOIyznwdpJdHuO6Z/SwszEMaSisIYoi3nbf3Vz+3S8T16rccdc9/N7vfJqJqRm0gn5ueOHK6tgPvrPSOHL3nRf33f0gH/nQBwBYWFhgfu4BlFJY64per8fBfXsvHfrVv/B3Lp85eaIyu/dzv/In3gUgWq0W73rXO/2TTz7Jvn17AfjCF77AjWvXuHb2FfbcdxePP/EuPvoDHwQQ/8Pf/Jv+K5/9LfbUHeKNz/Lq/Am/+/4nOPf0p9DJIAga0+MuT6atKY6vJfbtu65/9SeO1pKpU8shmaqSXr+0b/n6pcdHoDsC3VF9v7aNgUb7PC92mlRDfcuJXEpJnqa7Fm9c+pnx5mTgVXky1qFGS48TAeiIQsfIuEYYalxFca3d5xsnLnPq4lUGvR4GgdARgdZ4Ubo6ZYVBmRzrHdZZsAavJd47jLN4bxEOpPd0+gOWBxkD48pgdeeJmhPl7q0OSLKUbq9PWPR5ZFLztr3T1OIYZx2takSgBWhFEAZ4ZzGmgDikyKCd5URhwM5GhSRNePbSGl+5ssrL7ZyiWmfv4X3cf+dB7rvzMHcc3sfszmmaY01UHKzvu5RA4ywkZih08huAJJQs3aaGjlZODGPxNtZ9tquFhdhkvuvf2z6H9dtazFvv573bBNgtyuC3ZsA3tZzXZ7de3GItudUoY6OdvcF2h6tCpZa9nNUKWTpkbX0esTHG3vJPJZBLIbDOY53jyKH9zE5PkJiC4/fdy9e+8Dn63Q5jrRaR1lxYTlqf/sYrH/vZg8f/3Uc+9IEBoL3zfmZmxv7YT/wEqyur9AcDhBBkScLM9Mxrdz30yMmpHTs3XoPzjj179pTHYR1Iyfve9z6yfpeTX/g1ju6qsbtq+Z1/88/50Md+kRe/8hnum5G07CrV6WMsvvHs+OD0lw/4ML5TFYO7kvnz9wYuOZylZvbGSn9qLLDcvWeCUzdSrvdyjue9pu0sPQz869HZZwS6o/p+bC0DQRRxuOH44ktvUK/GhFG0DXydsfcLGewLag2kBCUgrtVLABMBURTjvKEwhm5WcOX6PC++fo7LN5YQOIQHJzVaa7yU2CLFmQJXZATOkJuCwlq08GUOqi9QlMCqEKS5oW8tncyS5qWKudKaIqqPw3D3Num12R067t9VY99kgyCMSB3EgS5P+F5sRNV5uz53BOsdoRRUheONK3N88eISz64a8mqTI/cf5bEH7uDt99/JkcP7aI03y+B378F5XD9F+FJUhBQgS4MLocosWy9LluqRpSOjHAqOhszPD1OBtq8E3Wxa4bf5K99KSjfvtxVw1xXIJXBuVw1vB3DH7QRXGxz9puO6WcmMEKUT1VuYYmwl8kKub/GKDZwvL05K1r0+i7ZFQaNe4647DvHyGxfYsXcfO/fuY/HGNVrNMbSExEueff38fQ9/40uP39ma+kL18ANOBaH3Qw/u8YlxBslgo4dtraHIUmut2dZTL9e1tjUDvEciwyovP/dNTr/yAstzNzjx4rOe/ipe6plePzn+redefLA7d/nRyPff1rCrO/aMV+uzY5Gqjk2z0vGsZmOs+RpjeoCUnpXE0166yo6FU3fDBxv4tDua7AIyxK7eIHn1aUxQZfnFr1E/ei/a5fTOvY5SinBsHNleRChB0JoF76gcPb5NO/BHWeEDPzgC3VH9MZa13Lt7mjsf/yV+96vP8tyXP0dcra1/V4G/p1mpNPSefUitkN4SRBXCOAYh8bZg0O3S6w1YXlzizPmrrPb6aFUKkqxQCBWAKrNfvQfnhkxDKNCglEbYAqk0gTBYOXRpcpassCS5ITflSb7SnCFutHAeOp01wqLPQxMhxyZrNCshTiiUVrSqFYq8wLmCMNRoPN4YjICsMLRqEfUoYqnb46unFvnyQsqyrnH8nuM89dh9PPa2Ozl0YBeVagUPGGOwebEBFFKUPruokrl6IYbMjiGVW8+7Xe+pWigD7za3bIcrQmKbT3I539wAQOHAq5vSf968d7HVsnG7teRt9m3f1I950xbyZneqbbNltrSLh6/Kb7OIZFur+uYW8/o/SyFwlK12gcA6Rygldx49xKkLV9FxhXsefIDfPn+WNM+Ig5BAB1xZ6+x++fXTP3zk/vNf9ofuNWzxhn4rG4r11ySF3HKtsKES45//3b9OGISEUUS92QLkoee/+rm7x8bHHuj1Og+feuPkA/1eb8Y4F8dRxEQsuXPW87HHxplqVZBBRCogyz1V18HaglVbxdk+sntth01W9kgpT5Yjh+9nwJW4bJXO058int2Pyb9zU6JGoDuqP7Jy3qPDkENHDnKlK6nW6gRRVM7X8kx9/bOf3pVoowskZtDH5jmDXge8w1iLzzOyNGOp3efGwiqDJEOHAVoHWCEQKhpe0IYoD15o8nwFEcRYa/G2IFQSmw9N45VCeEsUSPqpxVhP4Ty5d8TNaeL6GJmxJEmPaT/gzumIna06Wmmc1EglqVRiwiikoiShkCR5QSQ8QS1kqdMnzQ1TjZhTyx0+fWqO1zPFzkOH+bkn38a7HrufI4d2E4Ux1hkGgwQhBVKqMjFIbAqXvJQl093AFj/s6oqhM5MtWbaQ22wTwQ9XYYc+xNzsn3y7ngTbZ7b+Vsa73Y95HfXk78N23+zZtqz1eMd2QdWm5aTYIpAWfouZ5BBUvdya9es33pntyuqyEeAdQztMj7GG6ekpDu3dzbXlNY7edTfVz/wOnU6baHoG7TypjsTz5+Y++s75hV9vzZ1+OsvzzQOQEuId2xj7+jdff/0NjLUEgWKsXqUoCr977z7/z/63/5GFS6fori7osYmZ41Kqh69cvvDQ2urSvYsrS3dduXFlXEmlEYIg0GAFAyfo9z2XzyUM3HX+2/eH1Ot14sCyuNRG5R3G6k16haNfePq9lV15sno0iidOOvv9HUXoTcHiZ/4lgTOw8+CovTyq76MPv/dkWYYQsjxhxHE5Kx30Y+PcnhsLi4SXrxD6giLtlScya3DOglPkaUYvyciMQ4YBMgyxHoyQCKXxHvLMkud9VN4lHaxhvSQKQoRUWMQwns0jVYizFu8MhXWk1paGFbUxdK1BYiw27XNHlHO0WSEMQ4wHLRUgCYOAwjqCvCAOFXkOWVbQaERY58isp5sbPvfaZV5aK+g3pnjfu9/GR973MHceP0w1jjHG0E8SlBIoJSn/t26BuC5s2q7EFVuBahjDJ7wYbt/cbBZx657sm2HgzQD4ljxXiJtawNziq+z9zYzvrR9763rQzeEJ2wF8iwsWW5/3psffuMbw23ygBQIhBcJZpABrHHEl4viRg1xbeJ7W1Ay79+3n4pnTTExMlmtdQcSltd6B06fO/PCxRx9/xheZ2/o0zeIKoVYEQYCUEq0DVjs9tC7/vrS0wrPnTtG7eILB4sXoere3N8+Sx60x7zx79pmH0u7yHYEw9SiMGasF6EZINdYoPA5Ic1jpZ/RTQxhEPHO14Mjrq3zs4ZixMGdQs0RoxiLB4sBgZBPRW52yafsh2Wz+ljDZ922DWYQRc7/x7zC9DmGz+R1/vCPQHdUfT6fZQ8sP2DM5RqYqsHM67Bd255Wr1/Fxg2YlQpoUa4uhRb/EWkWRZeTWknmJ0DGFCIYReI5WNWSy2WIqnePixWu8cnkBA2itaIQhrXoLF1YJvMdqQaA0RkmSgSEzw1zasEJYGyMzQDHgWDXj2FhUsi0hCLVGaYWTAjtkdM4WFMYjpKARRSgkxkFaeF68tsK5ImDPXXfyMx96gnc+dh/j4w2sdfT6CVorlFLlmtEGiG46Lgn8tl3WEkK2ApIftojFhgp5XZzkt7k5rat45RbR1JvHtW4DuDeboW7xa94igdqigub3BfCbmfSmmcVWUHfDrF6x7bg23JfXGfyQ/vqbWPmmYGs76y51ZMM+gTXsnJ1mdmqC5U6PQ8ePcfr110mThFqtToCgJ2P14iuvf+iJq5d+rXnw+IkiSTZeXijgntk65xqTRHLYoB8Ku6SUKK2lMbaV9XtvU/ngh/fHxePPnT19rD9ImpmFe/c2+YlH9hEqyLMMJRzNZqO0B80TCmO4tpLzhRMrvH6jh9VVPvP6Kvfvirl79xiOJmlrkubZeS4NHFcHil2L18muXXiyNjGzCyGu4b4PcVdKzNICrshuiaAcge6ovi9ZrwrjoLh6bseu4/e3qs2JsN0/QXH5KiKIaITQijSR1DgVYkyBdA4RBFSlIqqWjFJIwe7JKUQc0+6lNAJ44sgU7bSgnVnG4wr9ZEC316HS0MhAor1HCovCUliLdYBSBM1xjJRoYzgS5+xvBKS2HBPXqyF6yKythUqkCKQkTVOqgaYaBiA91TDg+soanz81x1zc5B3vf5wf/+i7OHZoL0pL+oMMJSU60GV27hBoNsFiGCK/voyzFSDFllxZP5znerdhNOGHat9ycim3Mb6yveyGwCO38NtNBshNgQNbnJlvJszbIubLW9nhKaMUKZVBCvImEyq3JZlo6+P7bex4s7W+MZy4pe0shdv0WBZi+77uLWtEWxn++gWDHL4fDmMMcVzh0L6dtN84z75DR6nUaqx1OlRrNYR3uCDi9Rtrd5197bUPPLLv4Akf6I2BrhAQaUFFFKwNCrauo2utGaTpgWeee/lv1efO/MB79uvZei3gyGNHGG9IjBdQJLxtf4swEOAMtrDIKEaEEZgqkHPfAcfbjk7yTz53gWcvdFntw5fP9zm2Z5o4UoTKs7cBry5FLPQz0l7C2qUzDzUP3/02XWle+77LQPAeUWmx+pV/h+13hxduI9Ad1fdlv0cgtQ6arWaje+PiT1567cWfWbpwMj7S9Ic4PI1DI6KImWaV6XoMDpSU1KIA6Q3WWxrVCvU4REuJKVJmJpu8cr3N1944zwVpuf/wLu7b53j+wnXwhl3jFVbX+qSuwBGXFpCioDAFFovwDhk3ECpGWMehMGN3RZCZcr+zEkWoIMTiMc5Tj0OqscLYgkoYoHD0egOmmzVWewM+dfIqc40ZfuzHfoAfef8jTE6OkRcFGEEYBCglN3qy62BXstd1pS54ua61VUMcc5vKZbEhJxrilUMMRVElBm8KqdZVvH6Lo8TNTNZ7v4Up39zildvUxW5zB2kTrDeMNezwqG5jjrGtBS1uYqPr6Udy6H61CZTrs+itoq2t0X1esMHqt69BrSuy1tOVxIb+SQ7TiiTlX6x1FNYwPdmiUY2Z2rGHnXv2cvncWUxuCIKAUGnmBjp8/plnf+i+hx/6ROXAses+24yxbWjBZNLn7HKHONhkVYHWzM8vjj/90on3HgwHs48d3IHtdpger7FvKqIWOrxRZIUlMxonQ/q9PnrQR6u0lMkJi5Ke2dkJ/tRTB7m4+Do31gyvXE85tzjgzr07SArH4ckVBid6zGc1vIzJO2stX2TvFbH/LN5/f2XuVmvk51/HJf1y9PRdwvRHoDuq25ZSqqmi6CGtRE1Jo1QUv4AQVwBUECFDHakgbEqt61KpUA5Lh1EaYc4tXDx//Okvf+bv++uvP5zlfqxSb5BZw2o/Ze9Eg6fu3U0jCEBBGEak/QHTU1MUxnDh8mWsSbFGMT7eZHG14NTVJS7NLTO3OIcpLPt2zYIKQEuW+z2QFSbHayz1S0df5xzeG5x1SAQy0Ki4jvMwo3JmA0PuFc57qoFCak2WG1CKaqhpNWtlwLx3VKOQTq9HKCwra45PnZpneWIPP/uxj/CBJ99GrRrQH2QEWhLqYJsV4zrv2gAJwZaw9s0Tt99qcrHFq5htDk5+SzdZbCYAia0wJ28TLu+3rNNsbwlvFwaJ7QYU64C2fj+/eVElNqMJ2CZsfitist5YvknEtQ6k6/92857vdivJWwMQvFhfcXKbBh5yeGngBbjyWE1RUKlWmBlrkOSGo3fdxYXTp+gP+rRaLbSEntS8cGnx4Y9cn3vywNTsJ2y/v/Ez0BKyrkPKoFwh8+tMV9Gq1S/Mzu74+umzJ/7kqatLPLSrSrtv8a7LzpZioh4ghCYrUtpJGb4xUQvBlZ2JtMhRWiKXBxyZrvDA/nEWX1tifjXl2QvL7JlqYHzIrpYmVo6FBK4sLVM3KT7tvodKYy+Is2/p/fm9VDokO/cG3a/+brkJEFeB747UpRHojmo7SZUKIeX4lYuX/ty5Zz7/lw6otTgKa9KsLH+dKPoUeHPl2S/sQsn9KwtzM7LI68IWUZJlIkkGaqnXLQoZ/cd9U+Off25qz9O/++yrR4yRY5MTMa5IWekGnJy7wXLfcMeOSaIoJDOWPM9o3uhTWMfi8grtJEWpECeg1+2T5wmJASM0ufAsrXWxAmpRTG48betoApFLGeQKV/I1AuGpKCjCKl6FhM4woTKMF0jvUUKghMbZ8kQdSlEGF2Bx2YA40GR5irQFmSn4/LVFllo7+VM/9WGeeOhesI7BICeMgo21Ee9v3VXFeZAe3FBGJYcyKgFuoyW8hYeur88M54blnq7YwKHNVvSWGedGS/pmBNweh4dwQyC7ndHi1nvfDNTrj+O3ALG/TSL9m3y2uNkJi1tnsH+oxspNWbt+PRTDDymvRCmH954wUMzOTLLYSzh0/C5qjS/Q7XepN+oooQnCiMv9QfPESy//8IH73/YZNb27w7oyWMDumZg3nn6Nr3zjNJUo3OzsCLmya+fMZ86fPf2DZxe69fsPzBCGMBgsYFpNuqlFkRBojzEFXkhyawmwCBlgvcAbKNKMSiXkkf1NnjnXZm4t4+WrXd5xaIVWtcLO8Qp7pxskRcDK2jLL1y+za3Xlnqi14yGE/D4CXY1ZvI4d9BFx7bvr0Ecw8/3V9t1CJQTeN8FPA3vA7xVC7l089dLu1fOv71u9vPDwKy8+OzuvPIemplhYXP5oEfj393s9GygdIpRu97plc1SHGC9Z7fXo9bu88OqZR5586j3HfuXH3v0bvrv8jhMvPH+gEfSp1xUHjh/myuoaL5y9zpXlLlUtGeQFKgjw9irtQUq9ViEQAmNsaRMZ13AiItYKpQS56fLVkxeIQ8VEvUpVCTp5QT/Nka7Ak+OR5M7QCASVKKTrYqyTNHyO8A4jFNH6CVtJpFYEWhJFIVJLRJbih9m1tUjiJXz1aptr9Rl+8offx4PHD5HlGQSKWEVstWwUYhvE4YUfGliILUJcjx+C30Ye7Bb/4Q3G6f1wB2arzaPfAJeNFZqNCL11QZXa0kK+DSIOFdGI2yT4iO3t203GvgmWnnIn+La+ydtp8U1Ae7N5h9/GcjcxfMv3xXbQvxXdN1vYYottpBAS4X359lk22trjYy1a1WV27NzNnn37OXfqDbI8oxIHBIGkn0V866XXn3zyRzv3t2b2fJUs3XimqBpTj3U53xabM1SlJXt2Tj9XqdUv3EjX7u06RZTlTNSm0ZUagh7SZxQmJRCe1AgwjhRH4XKqQ4e2wnkKIzm2s8HusZjFnuHSYsp8X7JjIkJQMF2xnE5CdG2cxSuXuHHlsmpMznzAVac+DaL3vd+G09hL50gvnUNFFb7bJtkj0P0+YrDeFHVfpA/hecLn6bG1V5/eG1bCsZ60Y5322pjz800rlLq+tMJ8klN46HuFl56iyDhxaSFa6qeEQUi3n9NJB+SFoZ+UoexpYRhkBlMk+gsvnPr4oQP7ftwLX9k/ocEm5JnhxIU1gto4h4/cwVqniy1SQt1nda3Nai9lZqLFnvEGgdZkxqCKnMmDd7HqIl4/8QLtdpssTfDeUavVyYSloQShcWSFoRYE+MxiFVhnifDoqEIx0JgiR4oC68q2o3OgldywHFRBiA4DMDmocpaohENYx7eutbkQjvPRD76TO4/sIckyKlIgwmALjvlS4OTF8GsTFPxNKuQN8rvRQh3eVL4FbHkHQm1jc957vKSMxdtWm8Ik77m9BeTW531LYNy8r1vnzOKtQPDNQHddOCY37rdthvv7sl1xy2Nvc+Fab3hvHL9ESVHu7K4rnK0jjkKmx8dYWety6Phxzrx+gkGSUokqKBQEFV651t5/+umv/PDbZ3d/CxVmpSEJsNbnyUfuY3mty4nz14iCzZ9/rRJfGp+Y/MbSXP/eK/NtJlSCmGhQrwXsbNWxhUGiqFdqBFZQq9ew3tIbDNDCIKXEWMfC8iqtasw9uxq8MTegZz2vzxUc3x0RyoJ79o/zchsWBwn7ZyLqSuKTtR8w8eR+XyQnvpeDh4RS2OU26UtPI6X8w7dHRqA7qj/q8jraoCVCSYnw7+i+9Nm/Hq1dfiiw1SmfrIXLa2ukImS532ehndLNBE46llf7XF9dIYobmPEqJ28kdFLLq3Odoo8aVOPYemQmw2pWG6/b1kzYjypxt95oDaqNZqdRr/WcZyCdW+z1OrOnX3z+x3eHcloEMZfzgIZs0oor+CJjqd9msd2hogMeOjjJZKNKYQ02imjICmGeYdvzzC11yDptKsIgwoggrqCUYnWQM1AwG2uckKhAIjODyTJq2lPRqlzL8L6c+ViL00PAkcOTNoLUegI8oshRgcKLkiHHvuD5y/O8nFR48r0PccehPSR5mWK0KdAtW8YWjx7+o9u6cuPkMAd+i9AJv3WrdBNIbxIWb7DdjfnuZgYtwm+J6NsEmm0hAGwyx9///PRWM98tZPamIIKtwPumNpRDJrpB6L1789vd5gLg1oPfwva3XEZsFYWtrxlJsa76VnjvkEowPTnG9aVlDhw/Tr3ZYDAY0KjXiUNFEGoWU823nn3xA/e9893/Iqi3Tvot5hPKxKwst1le61JbbzEDYRj2Dh/a+8WvX73ysZcvLo2978gY2SDh2rU+PqtTlwn1iqJWq1HTGus9JknxRORC402BEgFFnpPIjDtmY6qBp1/AG8sFywPD/lrA0dkqzi7TF3V0UCFWAky2W6RrTwgdn/jebtYJ0rXVN7ULHYHuqP5r0Vr0wquk+98LRQLWHF985fP/S3T+i08EE3tY7Wa8Md/l5asrLPYdqbEYr3IvZDcIdXdifLxX2zmZttfasy9cnN+zurYmpmZ2rj78yOP/byGKrzQarWRsbHylWm+s1urNbHrHjnzvzHgeUZjCSbu+czO5ax9PP/fyfZdOnnoiUr3psD7JTK2CKxIuXzjF/NISWnp2jzXYNdEiFpBmKVYqhCnDCpY6XS7OnaeTw6FdOwh9yrW1lL5zJGmCNQUuqmCrMYEQWAvCGvBlYk0ljKFSRbZzIq1QVmKdKw0SRekO5RBoUc7XIMBYiANFXcFrFxd4etlz52N3c/eR/ZiizORl2Lp0DMU9w9mrHYqdtNxsyW5OQof+vNJvGGN4se6dvCVUfmNFiA13quHwd0vOu9iSouc3Vok2Z5z8vru6pTBL3mQLeSuAbgPAYUt5vVW7ee4T3xaIlk9VDtC3x/zdDLabDNjDLQ6Qvy9Ib32+dZW2AozEO0+9UWFqYoydu/dw8NhxXn72WdIsJwhCQqHIwyrPnr1x7IPPP/3+A0fvOGm2rOPESnJsusqpK9Dt9DbiLBOZUIujF6J64/T1ZPmRdm6pVGI6SZ9qp8fswb2EocMrQ1GUc13jPL1Bj0qlSiwCelmGsZIicexqxhybbbJ0rs2py/NcWhnj6I5dNFaWKXrzXO1MML/QZn82oIlCJssfDaeP/pr3JN+rgNu/foXuieept1pQFCPQHdV3SMmA4NQnUZGm+fDHeParXzp++cXfe+RwvceZhTZfOtvnhattxputsp2778Dpux977J+NT01fxAk9Pt7IhYrVv/r3n/qJb/zOJz42FiEO7WwlDbF2+sTzz9xo1JvVS0JPDgq/o5s4e8fdd+U/+p63u4mwCFY6JhwMrMz73fzwfQ9Vzp144090ur1DvqKRGtbaC1y5epFBmrJnepw9Ey1CXBmxRxkskFrPtcVF5td6rKUOI0LiSoTSmoCIiuqTpH2UiBifnqZarRHIApEPwAtCJcuzjirbiwhZ3tdLJAHOFngncF7ghrF8lSBEyggnSjFVTXouzi3yxbkBk0ePc8+x/XhKMY5an6MOgc85cN6hXYmiw0CcTVBic7Vl3YcYUa794B3Olf7LcmMsPLSFGK7CbLRy/Xr/eZ3lrSforu/9ipvT/YaM9za964294ZsD6m9WE9/EeodrGeVrFG8i3Pp2zqCbL0kId5P4zG/sGq8rvqXz5Wx8y2u4rQxMDleHtiJ3ua5bro0Jh3WgwojZiXGujY9z5wMP8NoLL5ClKdU4RgeSMIy43OvEL7xy8iNHH3/q32jvl9hiFPLkvpivvnaZa/1s6GBWvjeTY2OX9u/e+fSlN5YfOb/c48DsBLVY0067tHOJsp7Y9BiPFDoMiCo1KrljrdNHtRpoHE5pcusYr9e5Y0eLb13q0B2kvHB+lbt3NqiKAdONkK4RKJ+xujjH5LF7iYV7wjl7h4gaL9/iSvI9UoP5G4gg/K5+DSPQ/V5sLePxukLz+lfZvfO/0b9x6sWnbly9FBy//wCL8wMGDn7w7ceZrYXUIzi0V7o9EwvVN5bmj52+srTndL873h8MprIbS0eP7oxEXWt8cnn2jRfO/t3c+GKt246ElzoxUnZS7EuvvDFoiK65c4Iwt/Uwz6QMKfLPnjkdPn25Myl1yFpmWZw7S7vbIY5C7ty/m9mJBhaBTXMipbAu58pKm8srXVYzi1AhUaWCMgW9QYdeElBr1IikYixQiMYY1dbEUEykCAKFNylx6Oh3evggRmmN1qCVwnlVGv5bh8NhN07OrkzVwyO1phkK5pcW+ez5FZjZwwN3HiCUCmtLo471eaj3HufcFstCh3CuZJ3abzBC59mkqMKVKud1RwwvtoDmENCGTv/rZBc3ZLJyOMNdB6bhTMuLoT+xWN9X3coWt6qUHdv3i26ex96mZbulXbwxP91QC28aYWz1ahbiVuX0bSjpNrOQ29/XbWkXv/njbAqntnQXNpKSSjcw8FghEdKz3olpNmpMTYyx58Bhdu3Zw/z16zTqDQINWkE3rPONV888/r6L5989de/D/37r7Bgp+Kkf/QCf/L3nyQuz8dxhGOa7dsx+5fWTb/zsUi6n1gYDGpHCWLh46QpaC8bijIndMygcg0Ef5wosnnZ/wFQtRhFSDBI6mWWyChP1gCT3vHhhkfcejjk0GXLX3gleviFJJMydOcveh5+gNlafNJ2FjwYzjZdd1v9u7b6+aZk0K0WF3+U1At3vnd4LQspQCDkpYFJI1citmzr563/nff1Lr/xcWGuS9HqkRcDb9o+xb1Lz/NlrrHZXeO2cuMN+4ff+5o1OJhMjFM4LYx31asRYJaYwDmMKhbM7jHEkqSEQkgJNNazS761NvnwyobGvQT3I6Bag8j7ne57MVSmKjGvz18msZbrZYHaiRbNZRQiBdp7Eey4uLnB9tctKahAqIK5WscYy6PfIshQVaFSg8VIglUDLchZbtmsdXmkCJTFFRqQlgQoRQmIQ1JRCUeCVQvhgE2A3Ts7rRvmCaiBZay/zpQsLLMXjPH7sALUowFiz2eL1NwOT2wDDDUgctl/LtZ9yp1asuzwMWci6ycVmus6QBa+fWNZz64ezZ7wfOt1tTevZok5eb0uvuya+2QLtthUfcRu6uLVNvT0AYSvwbjfC8FuO5dbZ6+0crzZ3cN8qROGtAhW2A/H21rLYuBBimLErvAQhkcLirEWriNnJcaanp7njvvu4fPEiaZYSRxF6KMA7tdJtvfzccx9932Pv+W3h3GDrUx86Os6VX/uPtNd6pahn+J5ZUzw/PjX52vxg5d3XlzrceXAHO8aqpN0VemlGGFXpGWhpT6efkhaGXZPTdBNDJjSFKdeKUuDQjmn2j60x185Y6he8Md/n0ERAK/b0rKBjAqazlMIYXJJTpMkP67Fd/y9svvbdKDJ6q3LZ90bXfAS633E09S1OMmLdAF5I7/0M+GPAHULIQ2l3eebyG8+NqaloCl+0ECZOF9P62olv7TDJLuWrM1TVIs1I8cZKj2+eusxSv8A7SxQIWYlUGKiAeiXACYlwHq0lhYXcepwThFowoSQVHdGMApqNKcan9lIYy1I/41q3hzOrJMbj8px+0CLNM+YW5vBCsmN6jGYlJAw1kZS4Iuf6yiqX5tfoJDkEAWFcRwLJoE+apiglaTTrNOoNoriK97Z0YhLgncXjUUMhk7KWwrhSTKUExiT0Bp6JVpOqFvQKh9AB1pdCJzeMBlRDHFQCss4qz11a4JytcPzYPiabdawrBUqlEGjIct0wS9d7nPM4PM77LWDLFvBd/xIINwTOoYDr5mavQA6Z7U1rNevuTH4TiNbTdthYHRK3sNRb/ZE93BaLxe8/H916tH49Qd5v+cy+2aLut6Nu9tva2+tWlds3i256HP8WTHrbeyCGEYolyZWC0l5UOMYaDWZnJzlw9BhjExN0ux1qtSpSR8TC0VZVnnnxxDsfPf3q/fUjd3+jXOgeVpaxf/8+xnv9IZsuf+5RFFxZ6w2eef3F+XcmsqZMlrGYelrVCrEtuLGasmt2ll0TY0xazdWlNsZZjDMk/TKkISs8lUrM9HiLhw92eenyGt3c8fK1nPfdGTFTzcmyhIvLGbG07FxdZXJ8DJH1j/ms93aCqc9vKK6/2/kEgizrf8+Iskeg+5304ZISGQQURf4mwCsQcERI+dfmzrzwWNSSE3nabbb7Wb2zsKRVIpmUY1RjTVir0ogjbnQt1xZXMYml39LUKxGr8wkrvYQokOAloS6/oiBACYkd9jaN90TKs3ssZnerTkM5srRPPfAooahP76M2touV5WX09ZT5NGB8vMVks8ZyJ+Ubl9ssrSwSBwFTrQa1SBHGIUrA3OIylxZWWOpleBUQxXWk8iSDQclslaTZrFGrVYnjKlKHeFTZPl1nfsIPCZfH+nLXViuBwBJIgc0LBkWEQFJRHnKPlLrsLg7XSOTQ9tEDLutxem6BV7qCnQd2sGumhaMESSnlplXjsN3pnRs6JG0FVzb4rveizJsf7keXXeahzeNmTsEmgwSE80Ol821AcCPybktwgqdsmW+sYPtt4Ht7IZXn5nCBW2e6t44EN1vNm/ouMVQGszUKUHDbmfBbnlaHAL7dMGNrav36XvHmfHxjvfktAXfra3ab60oCjLWEkWZqfIIdu/dw8PBhXvzWN8mynECFKOlRYZUTV1cOnHvt5Q/ff/j4M77ItoUA/7kffpJ/8Ouf37KmBM5532rWvmp1/HMXV83uu6agyAe01zJmx2NCCi4vdJmenKDanCLoJLT7Bc1qxFpqqQUB0lgyI1hc6bBnqs70WI3O/BpnlwbMrxXcMSEgabOYVjiS9BCdDkIJdCCaNun9gAp2fN7lne+aEIA3/WQoTX/xOj6qlOerEeiO6o+M4DpHY2KCxu69fP4T/5Zao4UOg1sVpIgnddL+xemJQSjSnKTfJzMRKgxAKYyKEFqRG3h+0fPFU8tcaAfsrldJraUoUirSEccSrcrb5dYROZCyPIkXhSO3julmlQ/ePcnxHRWErDMwirkbN/DZGnFUQUYRiXHU63VCtcqB2SkOzczgrCPWCf5SKe2fHG8wVq3QDAXLvT5n55ZY7CUgY6JKHe8taTogyzKkFDQbNeq1GlFUQQVD44n1k7tQtzE2L0VRQkm01mALIq1J85CBK72EQ61wArwKNvJb8WCcRwORK2j31nh2uSCemGbvrimkUlvXarcuzG5pJw/by25j0jtsKQ8xcdhiXk/LKZnxsIO8fhvph8C11Spx3e7wpsi/bQ5QQ/XxcKbrKUVD5X9trg7dnGG7aeSxJZlnC/Z6v3396OZW83ZAHbZwtzlx+Zue780Y6TrIuy3+y/K2Wb7rAHpzb2BTDHbTCXndLMTLoe+1Hy5nSYRyQ5G4QynFZKvGzMw0B+44zuuvvESv26USR2ipCBRcS7R67rmXP3jPg/f/S4s8vRVgTWG5vjBPoNQ2JjY1NfGtqZnZV08uXN796L4ak6HGOQgrLcKaZ7m9ytnLIXWVYfKUwklCAc5LVBiwqzrF1XZCJzGMK9jTCLmwIFnuDHj+Sp8PP7ibqfo8y0WMECm9G1dx6V3oUMui6H1AFmu7hdLXvttHZt4VOJsjqH7PnOtHoPsd1lrOrKO5/wiDtVWuX79BFFe2tQS9J6ySy9Q40iIBaYm0YLpVQ7sEkyVYrXn2YsqL1xOMt8QqICkEuVWMVzTNULEUKCqBohV5drcqPHholqurfZ4+s8SB6TEOzVTZNdnk8GyDSBrmV7tkokW9VuHG6jzdXOOzZebzjGagsNaSecP1dgdvDAQhUaiohSH1SkQQSC4sLHJ6bonMaypxAyEleVGQDHoIAc1mlWqtQhRGKF1BK12efN06OSkBRymF9ALnhyfPYYCA8QIVaoQNCb2hlyiM9UxGmpma5PW1FKdihNRYZ3F+PTfHImzBy0sJg7DBXbtnCKMIhEIqtTFP9b48vTsYtqa3dDjxYIc9ako1s0CUYtqNFvAQjG8S/jC8jdwM7ttgwtvHpn6D4W4kBUnYWMGhnFu6DTMOccvO7lbcfisWWr5ktyWgwN/Sst38b79tRelNwgJvaWNvkaSVxy+2t783n8MOd2y3MGex3ZO5PAZxC/D64Z7Vuo+1xJeRjRIUEoljrFFl5/Qku/YdYMeevVy5eJGx8QmUDFDCkYZVnj918f4PXrz81N5HHj+97scsgNh5fvS9j3N5Ld3WUVBSLl2+dv1rz1w+//5T8z39nqMTTE3X6XaWsTiQAdfmFpmsCgJh8SqiiBTC9FlaLQjHp6iGAVnhiGpjHNvR4tnLq2RJwTfOLfO+tx3inqP7efbsGisDg0tTPBKjNTLpHcauPSVbO/81efZdK6gSKqC/vESRdInqE3yv9JdHoPsdxnZlFPHoD/0o49Uq/7+//z9jioJgi+sRiFRkWZGmibZhihSKZq2BV4JsAGEQcmkl4ZVrXZCamg7oZ5bVXLCcVwgCz2Q94sGjhxjTA+aXOhzYtZP7Du/m3PUFokBy/4GdjFVjltprtLsDusJhrCXJu4gsod4YI8s9nWRAHNTAGiqhJvGgw5B6NebsQpuVfkotDIgUnL52nQvzq0TVBo0wIk1T+t0OzlriOGZysoXWCu8kUkVIpWHISKWWpeBIeoSwSCmQUgwZpkNIiROS3HgaQpA7RzQ0q7GiDB5vRArvBiVAqwBri3IG6zyR9FxsJ5xNBPv2T9Fo1BFKo7VGyaGL1LC17PBY5zbYq3MO54atZlx5IbDuDrWFEa2jjN8yh3WUxg14j3CyHDYOwbU07he3mWcOW9hSIP2WhaQNj2a/jQd6xC0t5s1WrriplbsJilsdr27nTLU9hH7dytJtGIW8ySd8O/ivWzxuCWgoH1due971MAOxrVW6/UV59yYLyd4PxVQSKcE5t9F+l7J878NAMjs9xq69e9lz8AhXzp9n0O8R6xApy4zls+1u/Pwz3/yhPQ+8/T/IWnPF23KsEEjBY0cDvvSJLxIFetsFw8TE+Bcq9dbHLyxnh+/fkZO6DkVmETaj0+8RakEznkDHIUmScCXpsaMZEkURi70BynsknuXEsGeyznQtpJdbrq4mnLk0x5GxOl/LMhJZZXluhW57lXqriUrSmg8H76NhP+GK1Hy3gq53DlPu1n1PneflCOq+89huZ3mZ/XfcyU//8q8yM7uDSlShWqlRrdSpVmqJEmTOGNBVKmE0PKkoxpsT4A3nFwcUXhIHpeCoEjgchqWigs1Taqpg91iV+w9Mc2DXTqyqcXGhTRx4PnDffsYbFTppgfMaLzXGuPIkFVawMsZai3cZtsio6nLXtDCWNM1JeilJkjPoDzC2NAdYbne5vNAmqjaohCHdbodOr0MUaJqNOq1mgyDQZFmBdRIhNVIIlJRIpVBKEwQRUgZbAIVNFa0EJ8CK0jvZOI/CI7zFOEsnz5AuRQzXhFAKiyN3HinLyLfXVzLqrRazU5PoICTQAVqWu7NCCrxwm7aJQwD23m3bwnHbMgS2sNH19aJNHrslwH7I9dYNJ5wtubRjg0p7seUa3w9nm0Mh1/rakfebq0Zyw9lqu7XidsZ6m2i+bTu9t85yb/5z677w+itbvxjhTR1xbyeT9hs70BtDlJva2RuPf9Pzy+HrlQikd9uZ8jCOeD38dn2NSCLK92oI+t7DZKvBrt2z7Dt8hLGJMTqdNQqb44UnkJ6+rPD15159fO7M6SfF+AyyUkdW6lBpkMkI4QWRDghV+RVIzeEDB1+Z3jH73JVOzlwnpdMrfy/DqMaO8RZKaxa7OZaIShTT6fVZ6Q4Q3qKUREsweYpP1pipCA5O1lBCkhaWVy+3mYos3uaIKOb6lUssL60QRiGy0cQmvUdtv31YhBEiCL/rvnwQY3UF+T24azwC3e/IUYag3+1w8NidtKZnCat14kaLuNGi0mytqijs9a3AEKK0IsvarKwu0M1zMi9IhnFhzgmMF9y3t86Du6tcX3NEtXGmxye40fW0U4v1gvbqKqurKxRe0U0KksxSrzeJKhWyJMO5MgS8O0jppo5Ot4OXAePj45y/scj5xS7d1LLW65PkGV5JZidbtKoxhTMsrnVQOqYShLQ7a6RpwuR4i9nZaer1GlprnPU4JEJplNBoFRIEAUEQoJRaT3LZXLnZcHHanPAZByLU+DjasHf0SPLCEXlbGnB4jwpCcusovKemJVdXB3SkZs+uHUTVKkEYouX2x98EILftZO3W14XW28++ZF1b4cs5sQmQw8mid5ut2BJ73eYcy2+3XxJbsGTdnUluOg0jeIsOohBDUL7ZdvFNTmbiNraPvJmSeX0OWx7gZpDhZoD87UF3++7vJnEV2y4ONryl/Zb7cHMgg7/p9dzekcoP2/3rnxulNn++Hk+1GrFreoI9Bw6wc99+8jyjPxhsHIcMI04sp1OvPfvNj9BpV0xhKbKCIs1oVWJ+8n2P0Wi2mJ6a2PgabzUHO3fMfLlPOFjoGUyWl37iUUzQmEFVm/R6PRbmFxEyoFZpkusWRFUG/T4OhcCTexgUggcP7KAeReS55+XLawyShGajyvmOY9DrMHf5MjbNcSqCvH9M5P2n0CEo/V355WTwPXl+H7WXv4OBN0sGTOzaTWPHXlauXCpPnEJ2ryduoKVldZDTqFQISakIQzHo4kOBJShnWSoAa2nEAZONmLNLOQt9QyUcEOoxYg1KOqqRplYJMUVpTyfCGr2ktFmM45g4kvR7PcbDmDXdIBAWk3TpmxTpC3CSQS4JtMIaR5pmIARRFNHvDMBb4jgkzTKyLGOs1WJ6YhJHqSIuT9yKQCu0Lp16lNYIKYYtxaEhw3CGqoQq283ODYGuBDKLBGPLk5qz6DAsDTCkZnasTnwlpygM6AhjPFpIrLFc7hdM7NxDc6xFEEYoJcsWthDbNUsOnC3XjMqWst9gsbiydendegABG8IpIYYtU1eCvpB+mFuwdb65va27AU5DurbFKBLv3Ga6kF9PMBpiuvNDA49NyycPb2K56H7f6+5bd1/f/HZb3ysh3oqh3MZmUvibnusmD+ehMbXfkt4kbpO3u62NvUXhvdESZz3hfmNwPZyFO2YnxtizZxd7Dx/jwulT9Po9arU6QSAJFbRFzDeff+3dD3/g4vHmviMv2qENYRQG1ALBhfPnqcTxJqORgv8/e/8dJ2l21/fi73POEyt37p6cN+eMsoSQkMhgg22MbQyG6+v04oKvf/bL1/b1xb7O19hgjI0tISzAgASSkISkVVxtTrNhdnfy9ITOXbnqSeec3x/PU9XVuyuiMNhS6SVpd6anu7q65nzO9/tJexfmP3+qVrtwfqt105yy+DWB4/r0h0NazR5KJ+hAYaVDvVrjcmtANfGo+AHdQS6w6g4TGo0pbpsrc/TMOpvdPlebA642Ixplj61eRm2mzGB9HRsoHAtCCsdm0dvpbf8S1nT/J1r1gXTIKnMIa74Oun8iRnOVi1sc18NxPaTjoBwH3/dwA58g8AmCgDAIkK76nx98HYfQr3D45lt57uEv43n+luuqbuj6DI2mG2VMBRJtXITnEHiScughukOkNWhraQ81R2oSYSKyKCEsVdnoRmz1HKSwaCy+54LIiOIUPeijjUQqjyi1eIFHuVwjJWQgXHx3ERuGrG71CZTESlUE/ks830HHCe0kJcsypDA4UuIIl0GcIKWkVimhHIVNLaKwAUnXRWmLchRSyV05wrlVpPDJjgW9I1DZqcezUpBpg4smLTi7ODG0+xHToYuHJgKs45LZvGu3mRhMbY7F+QWCsJK/p2S+hhRF4IGdVCEX/7Lj0xVjMM3dMkWEo7QYYRBW7eJCJxoAx5nMOfxZxDiReWIRZcRE8uOreExGXKfYAc/JoI1CPCTszlSY//FJVfSrgPcreHAmc5xfz0o0uijIguzYPXn+HklFYcZtSWJcOSjGIqjRRuPVPbxfMYBjNC1jd03Soz8qZd40lW8jDI1qmf3zc+w/coSZ+UVWLy8TJQmuq3IvuFfmhSubh888/fi7bnCdk0kUGYAesOg6fOPNB/iNJ85Q9t3xe1cKLlXrlUeurbRuwq/g6IS1rW1K0uJYw0BbtFW0+xnzjTKzdcXF5UvMlDxcCzNTDXSastVq4wjBwUaJh41gq59yeavHtFvjbDNmM3KZj4bYoELaGyAdF9cMHsBdOE555un/qSIhhSDN/tcE3P+5QFfkfzFaW1soKXybJXdcu3B2b39jLYkc6Z+/crVivZC5mRk817OlMIwqldKqlOKa47hJ5jip47pd1/O6u9dsf1zUrcVxnHGSTRiGoB2UUijhEJZKGPR4nTYzPye/70d+2DQ3mp0P/8wLWW+QMAhDelHGbKXKTKCIrYPJBrhKIpTA2Dx1abU9ZKHaJvAyzrVTKmGf1Aq2Ohk1P2EQQ3OgObzYYBBtIB2f2eoUvVgzSFJiLSn7IcSGfmuLgc6YroZ4AcjYJctcApOSJAbluog0pVEt02gN6fVy0JVIhFS4ysV3vKJb3CJU3v6ipJMreIVCCjlePe5kOxSRg1YikEg7saoslM3GSjIjCLQmyzJcJRgK6A9jSF0CqRnoDOnnlzWBpi9rVOt7KZXreEGAowTSSoSwOUc7PugLJSwWPeZnJ4C44EPzHGaQBoR6rQBpxPUKI0CN1LUF3BaAJkdAYoo1thGIV++Qx2UABb8rdmrzdgRKtthNi4k18+/Shjbhg92tWGbXJP5qRfMOWzXiqiee3+uupV9XzpBfWnZZlV4L7GPw3MUJy93EdxGgMn7iwrK7sGjiAmRzYFZKsm9pnj17lthz8BCrV64QDQZUggAUuJ7LShvvqSefec+Re97wS/78vks6y6ddL/Sxl1q0e30k4fipOI4aHDt88LOPra5+35nNqHLDnIMTRWitwQmoBg5BGNLr9RkkMdO1Gm5QpTXoUvV9vHIVOUzoNTdQWjNfcmiEHms64elLTTI3xfcD2rHi8pVVrj73Cvv3zefahUHvgFPLHkCoZ8QoNPt/gg1fmsTjCsuvg+4f46NcqTAcDDhz6gWsTvd84cMf/OnWlYt3Nkr+QJWr7ZfT8spKu5+WXRUHnquFtYnO0pKULKRpGvW7vcHNy8uPrl++9JPDON2Mo2gXN+Q4DpVKJecPi69XqVTGvGK9Xs9/z1rK5TLValV5nq9d16VSqUyFYagTSycMw71B4NuwFF4rlUq1IAj2+r6/LAR91/OOB6475Xlu7Pt+trm5NZulaeJ53uaTjz+2D2tO9Pr9S4O0t/Xol798a70UVgU8vr664m9vbrzV2OtWhQpt5gbTJrMME02TGLYMRoY4gctiGOArgxIKTZ7F20szDJaFesCFlSwPtnA8IutSI0WnGRZBe5CSGoURkl5qGSQa13GJBwNE5uC5ZQSKdq9D2QPflQyjjN5Q44cSazUrG1scnJsh8BySJM4PJKUQOgdLR+UXC4lEAUrlB7MQEilMAbYjvm+3WtWyk0Gcj9a5aniEMUZChsGxhtQKfM/BDlP6cUI9cKn7DpuDDCtKBK7CaEvil6k0piiXa7kIBY00GVLuttpYu6MEtha01Rg94de1421uIZrK4UZOemFHJ/5ERvDOpneU4azGs+eOZ7fAiImBblRuIOyolNfkc6aZiIKcNBnb0VQsX7M6frWl6PUOwleLwr7SanDHEyxfu+79XSZTUdDAX8me9No19iQI7+wNdhc5iF2T+i6uvJiic7DP378z03X2LS2x5+BhXnn+OYaDPklWI1QKJS2DoMxTp87d9uaL59+w76bKpSSOERZ6SczBhSne87Y3EOuxdgvHcVhf33j4mWeeP32xuXnn/lpAP4qZr9YI/YBePKCjXQKh6Ha6BJ6PlB6yNEVv2Ofs8grTlTLKr9HJDEtLC/zQuxf5j595jssbbTLZZbYOQW2R2ZLPxqWLHDwwj9Aak1nS5sq7VTD9QW1E0/5Jn3YFpMMeSTykPLf0v2Jfw58g0LVQLpdxXLfsB8Ehz/cXHOkGpVLJlMqlZBAnweMPP1IxxnLihpsvtLbWljZXV+cVsN7ulG48ct1H/sWP/z8/kriV8q988AP31z219+47bkufee7k3b/+a792T2d7MzDW8tTjT9xeff/7thylPp9Ekec4nhf4fuw5drC6ujr/yU98cl8a9Vqe525/6hOfOHD48KG5pN99+erlK+YD7//AHUm/fdrz/UsPfvrT97x86tQBV4gvX7t6tfyJT3zim2+8/no96PdXn3vu+ZsWFuezyvkLj5w9f/7Y2trGnXsWFx4NXLV2eWX1m9LM7l2Ymx2k8TD+zQ//5pLjucmxwwcuf+y3fuvQ2lZ7Ye/+fa3AEd1LFy7uqzRmxbGjh66+cupUcHVtbebI8RMs7jmYCOVL6XhkJiMxlu2+JrMDhs0hg0aNfiyJEk0lVHmyVGZZacUEjsJIj2GmcVTGRkcwEzjMNkoMBhEl30FJh2EUo7M2nd6QarWOowRRlCFdQWlqhn6q6XQ7BEGJWtknzhKiJGWYaeqlEKkkwzRBosHqXARVpDoZuZNopKTEkRKtcy5USpl3n9oiAWrCfmLG2cTFylBKhM7yBKeC25NSYHCQUiGlxMlnT4bREIGl6joIazA2w5OCDLBBiSAM8MplXFciTIYwAiGyPBx/HJecryJNoVoWI8uQNWOh8ej3LKo47ie4y4IUtia/CFlBbvkREyBjc/CUyHF3rhWqANscXEdFRTsgLXc8zIWKfZxMJeROK9B4ZbB7nfx6iVTssvKIXR/36ozk19saCTEphDIT/lux+2tgeb1Qi8kGp9GF4DXeZnYiLnNee+RUfv1Lw+6pWewEbRjBKCwx0wbP8Tm0b4k9Bw6ytO8gZ158jkE0IPBcXCHw/IDldrv24uOPv7u+sPQRlNvLs7dhqeITpn0eff7suGdXCEGSJitT0/XPta527+zHgMkQXsahKQ+RxFxdbzJXr7N/bgHpSLa227SjhOnQI2k20VHEE6uWWqXCsVLAkf2z7J2/wrmVTarVErVKg8vNASXXsP3kM0zt2cOJG49C7KKT7luyqH9TrNVD9k9yLKTN06e6a5cpTc39L63X+WMB3dFkGYShK6Q8oVznxo98+MM3zzQaN509ffrwhQsX5lvdrl+r1sz540fTwHX85599rryyvW3vuvvey4GwmRZyTghFEIQ0t7dPfPTDv/4TKigvXTj52N2X1zbnXznzkqkqwrlqySu7Sxw5uA+dJsGnvvClH5+bm/tBhQla7Za71dqOD+/bN9xeX5v9mUceaxw8cjS2ybD36Qc/N1Wp1eUdN9/cW1tbMf/p/e+v3X7nHcODiwtbj3zqt/e1+kMO7tv3V4a9jvzEJ387OHTkGAvTdVZWVhhqQ6b1e6Nem95ggJXurYtzs/RaTS6vbTA1NUM19Lly5TLrnT4H9+/do+OI1Y0tHjv5XGO6Vm2EriK6tMwjTz211xE5eFy4ssr+g8e8d5yYwRchjpORkJKlKVIpaoHDRqeHlgEzZZ9ukiCVg0bQHCRMV/y89i6zzDTKrHaGaBkSeobO0OAFFSoiYxC3cAR4rqLVH1KrlukP2mx0hxinRhQZ+v2IinVpDhIE4AYe7VafWrVEqRSSpBrfVRidIoXIAVUW6uNiEsppWokVBjEC2lHP6jhLeKeQQEwA8XhzWExWoyjC1DpY18PGMWT5xJpZS7Pbw8Nii0B5J01J3QrKC3LwVyVcJ6/ZE8Ygbe4JFkVQhS0UsKN6u7w9qLD0mFFkhlOsl+0409kUlwFbVCyMm4dMoUAuLElCiBFm7nhrobDByB3KdjTAjfjm3PA75i6FzD/JOKN5vH6d5GJfm3b1WgDdUWizS7j0leMhd0/FdmKVLV4lrvoKSVW77x7jj339VCzGfO/u2MrdqnMrXqu8Fq9qJBTjVbrB2pQ9C7Mc3L+PfUePsXzmZaJhn6RcwSe3kQ28Ck8+d+rNN95x+12lav0Luii477QlaZJQn5qh7Krxswh8P7nbqs995MrqD13qpPVbFkr0e23WNiSl0MNzFINBHzU/Ba5DOYhp97r0E4cjew4QWM3WxS2Wh5qL7U32La+TDQYIayhXp/Fqc5xbv0LDF2gT8PJLZzhy/VGU68Awrdpe8x3e9P5HhJB/YlFXCEnW2xjTbV8H3a/mF3Sco6Vy+YGzZ07fcvHc2Rv725uHVRYvfuB9/3XGD0vUyyV0krCyco2tVpvPfEbhhyFGJ/TabZ45+dz1M1PTzIiMhXIe1dbaWLvz9K/8/J0SwcGFaRaqDo898iXObQ9pVHyMtaz3B5QCn9WrV+utTqe+Z3GRUuBxZWWNmZk59sxOc21t1Zy5fEWVw3Cq227q6PKVZGVjy5uqVqzWpv/Fhx6Ri4vzs2mc9K6trGZXVtfdahjEWaoHy48+Zqem6qZeKputVitpdrtmulZP5xfmkihOTC826dz+I+nSkevSdqdrgsDPTtxyRzqIBsRJks7MzGTTjalhu9WKPd9PAt+Ph9FwY2p6WqRpktbrjVZjajqKE33i8qOf/r6sEx+MhUQqSycx9KKYWtkhSzMqpZRD83WeurRBoEAh6A4109VcjLQ+EMxkKZ4bstVNmK04hOUKV1bXqJRDqqUSUQyVaoNBu02r0ydQHsQdVla2keEctVKZYb+Li0OlPoUxlnqYkGQpVuQl8PmUJXDIg5qE3PFy5lRkvu4U5ClTVuZc9DjneMRbjvw1Ig/BUEIUoRI72cc5Lwcai5WiCLYv1pxCkKYZFZVPx1JIgoXDGC8Y86zKdXA8MCkgsnx1y87pPzmNWpM3BFkzKaiaBOYcbLXVqLGQKlc9i4l+3JF4So0lxjJfryqTc7xWYIxFqgmzrtiNGkLKnRgMkcdhYswY6CniJV9rFLKv0+rzO5cS7HCiu9OfXg2Gk+EZdtQdLF5vXfwVShLszqT9epGUr74EjJ+hMOyUGTNRlyhfvQQvNgRFfrfdqUzU2lAphRzcv8jeAwdY2LuXa8uXiJMYJ3CQVoMfcm6reWD92rX33HL/oYeMEHqkgn773B4a6zEb3QRVcPqe62GFfKFULT+zMmi+9SYRsHcuwGTQ70bESnBizzQaWF3fRkcRlbDCylYT5frcumeWmr/FtY02V1stXk4HLE1VaFTLKD8Ax8MpVQiCEITi+ede5o1vvofp+Vky4WJ6q98ULBz+DyIbrv9JDXUyFkw64H+ZVoM/LtAVxYRjjHGzTD+QZdn3vv8//8e3Z0m2uL61UdfaioWFRSqlkCRJ7KXlKx3r+q1jR49tXX/nfSuZztJmp22Mpb+4sBi7Us68+PLp/WurKwsNx+yROZ5Q8hzSqE+qFWkUsxQM+Y5DdR6pVfjCuWtIASUBNads73vPux7z6nM//+ILL6zOzk6LO+717Llz5/Wx62/SD7xj1p47f0EPo8ju37tP61Sba9euUWs0zBvetsTVaysmHg7M4UMH7CDVZmu7ycxUwxw4cEBkWWbbnY654boTZnqqoZvtlpmZmTYPfuZB/aUvPWRc3zf1mRlmZ2fN5samDQLfHjl6zKRpQrfbNXv27LH79+4129vb2vd9K5XKup1Ocuz4MdFqtUy93siOHjtmN7c7zi8//vnycJj9NSEkwomJEs1a19JLffY0fOqeZabi5ZV0xuJKQZxBN0pwHId+4pAmAzx3mt5AM1srU62EpFLT6/fpo+hHmnJlivnpWZrdPnE0JPRL7FmYYujUEVEbT2qccol+bFCk1MoeW70BgdOi7Lpk2iCUAqvz5KiCqbTCFCrffNqSY3XyzowiJltz7GTBzMQJXgCLsTthThkKE2ckmcFzFUoZemmCFYqFRgW12cGgcaaW0CYjS2KM0SAlwlUoNDZzwApkYWcymLEr1mDRIg9eHHG3eaiF2QnrGMU4WrFrqhKjMOYxIuz06I440JFFd+z6Gff0jTp4mcxxLCwvo9dFMlGnuxv8XnOc2VcJpOzvyu3uwsRX1f69moMdXZYsO93Br8fTvz7nCxPB1LvWyTuv5Y6tapysNRbcMQZaKfgKEqId33QuQrNjkJcS9i3MsbR3iT1HjnJ1eZkkiigFIRKFoyTbsSdeevnMW29/81uPeX7wyug1qIU+yw89x+MvXSLwnPHtQApxee/i4mcvnum8abUTq3KpjKegVnK43Oyw0UkwwqHVHTAVeAyHETbLWFlb5/BUhaMlyRPNLW5cqiNsjbVeBH6FYZKiWmtUHEGUwnQg8R1JEkUIC8bxMcPO3QybdyCd3/6TCGq5Dc5+DcDtHyHoCiHwPI8sy6pKije/7+f/8w+tr62/qdftzPiuk3sxXbenrd7qJ8nJ62697ak3vus9zzqOvHTbbbf3gyAYfPSjHx2sXL1qZ+fmrDHWzi8smiiKnIOHDpsf+z9+7PgjH/rAT5165PNvaNQbKCW56eABLrUHXO7FGOEyHff5lhP7mN+zxKdfvISxKXdfd6z1ze95+888vdz+wMunXqZeb9Bo1NjY3GJqZobp6RlWVtewCKq1GiazNFst/CCgUqlSrvRQQKVSwTEQpRnVWo2pqaliIlFMz0wzPzeHF/jMzEzj+/6uw8mYnTAFozVaa4wx6EJxq4tfs0A6+ndjQCi0tbz88IPZcHP9quuH2lGxKrkuaWqJ4iGZGTITuKh6iMJQ9lw2ekM8R6KNpTeMqYQBaaowWtMeNslCSbPTphTmyuAkigmCKqXAwWLx/RLTTkCrtUmWZBgjMXEPHechGkFNESiD1oYoM7hCMlPLb+HTa1tcabbGnOhodWTMjuhFStAShDUI4ew6gq2wE9ykGXN34881EhIxznnKb8xWIF2HxCQ4AgaZZqMfUZYeEtCZxtgMJXNu2KZpAXQKqxywbsHr5gHL4+PdFKvkwrBr7Y5Xd7RSNtpglMmD6yfAbCzCEpM+1hHnW1w2hM2BXonxFJzTocUEXNiDxtPjhBw3Hzx1AWo7fb1jYJZivH6dBDshxGssOL+XdqCxYOrVYC4mJtWJqXj0dX7nftzfWeX82ufPxOeejI+cnKAsX7kQQY4W2MXrZ4sSqYzZqSr7lhZYOniY+sxJes0W5XIN6Ts4AiI34KlXzt3+xrOn33r8gbe+Ygrv0RD4ge9+N/qjX2Sr1cNV+SbC932TGfPQxUvL15ab7f2hHbJvYYa52QZWWnr9DkngU/Z9Ep2QxglTU7NgYXmzw2IAjUqVBI8j0yEXmz1anT610gyOzYgTy/J2wrDfxSK4tt1j6cYyfqaxOvBse+W9cuHGT1mT2j9pYcy53CH6mphy/0hANwxDlFLVjbW1N1w+f+5/e/7pp76p2dwO1tbW2Wz3srn5hXM333zzJx944xs+c+ONNz+3vrq6+tzzz6eeH1gpLK7r5k0x7LSzTPaWZklC2fdP16amT3ej5A3G6TNXCTlYn+LWwwd4avkalza3IXSZ297mnUePM5TX8dzFFZ5Y3nBbH/hgcOj2B7jpxuvZbjdJs4w4SdHmVYA4ytSd+PcRp5f/Xn4Am9f57w5Q5hzkcBjheh5xHJNmGZk2aFNk+BayTakUynF2PMgSyoGP0Rq0pr21xheff4ovffTDTM/PY5sthEhJjSHwQIkcVPPVq8VXUPMN671RZKBkkIDnGbb7Ge2KwHcUg8SSxUOMF+J5PvPzi0gnII5T1lp9ko0m02Uf3/WohSH+IKGuymy3LZqEZDBktZnkvmjfZ6bqYxyHs+tNLm+38/QkIZEUB3+RxjQ69I3Wo2743ceilMVcLPJJ1O4W4hRzMLk4ZMfDmSHJHA+PDJtoAgd6VtIZpiw0DA75z8hqg3AdEAKtM2wGQiik4+af02qslTs9qQVHORo0dydO2bHYSU5EI9qJkvZXe3XGaVRFlZ8l3wSMGoOYKIu3xhTWKjkxwRYXjREHNuZ6TaGZFuMGowJWJgI1dgujdquPfz+guFtwtVPC4ALe+BIlClmyKC4GkO76ueXf++tbRIQ0eXXh60zXo+CUkTAKu3MNyD/n6F0iXmf1vXP5GdmNRsy7LvLADyzNs7i0hwNHjvL8Y48SxRGu5+JgcV2HywPrPf7Iw99y9K5v+A0rxNp4dpeCpZk6W60uqc5tf3EcU62UX6zV6k93m4P9vucQxRHdTp8kiXO7mhToTBOnmrm5GXA9NJJBt01jusGt+yTPXutx/9EZDvUSTi6vM+i0IAxIu226LYGcrzBdr+EkMTbWJMMIkybYbvNd4Uy8J+6sXf0TU25vLcpx6HR6eEEZX6mvg+7v9wX0g4Cnn3zy9sceffjHfun97/ueUuCH0g2Z27P/0vSefc/O79n/5cNHjv66Uup8r9dFSklapLr87jt/iy8s06HLyUe+6Dx38rmKQVAKAqxVnFrdxqs2+JZbjvG551/hla0+1arPzNY1bp2aYyOapdfpVJ59+eyff+u7v/1Tf/vH/vqlD/7yr3BtfYvr9i1RcRWxtvQGw0IY8wd4KAc3KBFU64hOh+0rF0k7TR649y463R633HITjhB4RbbqTK3KdnMTM+zR295ky1X0ul3Wrl7hxIFFThzYT7MfYaI+D/32x9i3/xBv/84/xflXXmJr4ywxHoEncaVgaUqz3LJkVuFIzfx0g+sdl3NbV0i0QQpBqjVpPERTZmB95jyFsQ5eEFAplYmNxPEcNre3GWSSMAhIs4RhPyZOUobKRSqH7V6fTgKzlSnMYIBUCcLNgzbOXFvnQ0+d5ep2G4ThyFw9V2tiUTLn2/RolTSaDg1IZzQayQKYzQ7wsNPbakdBEKpYmRqNRWOtysPspUNmJb4AjchXbVoTZZq5sk/ZSWjbfCIVrsgLDXSWA68QuQJWFKta6WBNRjFmjkFJa5PHPVpTLJxHoqrRupmxH9eO8pWLy1qugjZIOQGwufT2NROaGqm3xcRaWe1ewduiJ3A8jdudCwhS7KyzRe49FmP/LK9SNU/aceTuiXByHf4q8UuekjaipMP8SLFDVq6tsL29zSDqoDON6zrUa1PMLyxQq08hRAlIsDZGWIlAY8WrqgxH3PGEEnr3lDaKttTs9lSNVvl5sMr4tZkQVeXgWDQQFa+V0aLI57Y4AvYtzLK4MMfSgcOce/FFer0OpVKI47i4WIZOmZMvnXvgbadfunvuyPHfGp0bgyjm3Xdfz7lr6/SGEVJItMmYW5hbP3rowBee2lp793Iv8Q8Jg0cX33WI44yLnRWqlSoztSmE7yOUpNft0BmkXBAJMyKlm0EzStg/W2O2VuHK+lVWtGF2epbrGxXecHSehYOHEfGQ4doaGoEXVsji6EjaufYW5VU/aP+EJD1J5WCNJk0S/FKVr5zX/XXQfV01crlaZe3alT/z6x/8hX/Qajava3W79KJ0ef/hox85dPToL992802P3nvfffrhLz2E5/uvo0T8yo800zDsEZiU8nSNjdWVe9ZXVr5BWxgmmgiNkJJL6xs4WnPf8UMsznZ5YXWTl1e6HD7coO65mGqd5vbmm04998w/G3z3d/6NH/yeb1v/5d/8NMcaZbZWruBXpjj09jfw67/9eTqdLpVS5XdZo0OWaaIoxi+XMdurXHiiyZanSJIY5XoM15b5wR/9a3z+oYf5lm95L1cvnOWSa0mSmINL8wy2V0jbG2z0WgzaLXSacuaVl6jIb2DvgUMF8EBtaoa73vI23viub+U3fvEXxG89/mlJxUVJSc1TVHyHsmdZ6UbsTwOk9JitO1T8azR7GiXzDOBMJ6QmYHOQ0AhDhFT0U4sXRThOQH8wQBuNTTM6UYqjHLpYhM0IHB8rfJrtLYaxZtqrEYYhC3Mege9i04xTgyHn17bIrKYahCAVSkpsaovS+d0NNfkQpLEaUO5kYNNrVpn5xJhvD+TIRmLz8AirbBFkD6mQBFKgBTgiD9zoaoPQmmlPsB1rMpMS4CMBk2mMTjB2JPiSIGWR1ysRRk0IqYo5apS1bHYm4HzqZYK3zdfKhp2wjJwzlLsnxeJjRkppjABHTNQGmgJ4JFhFvnymUHKPEjXExEp3AlRtHnsoilpCYXdJqSbUvJOr5q/EsbILeHcuRA5QIRlu8vCXH+OhLz/Mk8+e4uLla/R6Q9I0w3VcFmYaHD16kPvvu403vekt3HLb7QhRxdLf1SW8e508IvR3rFC7V8qTk+tukdbOOvv119WT39bormGsBGvITMbUVI2DSwucWdrD/L59nH/xFGkc4ToyD3RxPC62BzPPPv3UN33D7Nxn4uEwHn2JjhCUK1Uq9cb4q/q+z+Li7MOOH5y72Brc2JCGQ4szBEGV9eY2vufSqJTo9fpIqUiSlH6/RzpMudTPOFQRVEXMyQtXufvYPt5x+1E+fRI2mh0EkFoYpAnNbo/llSaLB3pUqiVMmuF5jpMOWt/qzxz7JaHkH/8eV0iyaMD6hVMkcUx1SvC18viqgG61Wis/8sgjf/v5k8/+zdTYeqk+xdLho7++2Wz9y8OHjzxarlbpdbv0e73f9+dOs4zjB/YxUyrl3EgQOK88/9yb+t3unql6Dd/36PcjHFfQT2KeubLCRq/O7ftn8Rw4dfYiK5tNpKmijUTVp/jsZx/83nfefqL35m//7h9Ls6yTJhky6nKk6nDDPfdw4rY7STLDf/vFX6HXHyCc3Lva6/eJ+33iOMYoj1a7x4ljh/mGN9zFIx//GNHl01zqtaG1xuy+gxx44Btz71mvR5Ik9AcDkiQlzTRZbivK14BSoRwXx3XzqjHfxw8CfN8nSC1ZGOK5LtGgx9OPfPG6qytr32idUJQ9iyM1OkvxHUHoZKRG0xnGXFnboFINma96rHVSAiWL4gJDphN6mUtfW6zO6CeCaZGnOQnhUKs0iKMtpNGEvk+1HBDHXbRSGKMpKfA9RTocUKqUMUha7QGz9RIzU3VctUZvkOE5afH9FSXiNucjtcl57NHJKgXjmr7xpDtKoyrycke/N65oH01/ZiSCkdji61grUI5HZiN8IXEU9JOMfpwyEyjORAaTmXzyEQJ0is7ScfRjngBVMKpCjSsFbeHFHVlibUFBmCIG0tjcoZv/86gQoQBSubMW3UmnmgA+Y7FK7Fh/jB1bfaSUuSBNOcXEWfiE7SiNK1csi8LHO1qtMoH/YjzF24kF/Y5XdreX9St4aCcuCTmq62K6FXzhwY/z337pwzz65At5IYYyDJOULB1x39BqdXj5wlU+8/knOfjfPsY3vu0+/sJf+D6OXXc3lj4i3/G/DjCKIg1MjMNTXl0xOJ5umfTxyteww/ZVGq5RF/DofTb6aJ1l+F7Igb3z7FlaYs/hYyyfPkO31yMISygJSmR0pc/zL5567y133PkLtfnFp7TW49fx3mN7+ezJV3a+lpTMz848t7Aw/9z6ufaNMS59o6iWAupZiSTJaDc7dAcDKrUaVmsCJLPzNda6KUHJ43iwzXMDy2pfU/VC9pQ91jYzsjiiHQVsxrCHlO7mJp3tFqVqJRcpZUA6eKMy0Q2U509h/pinSuWQdDu0N1aoTM/ztfT4Q4GulBJHOQdeeP65f/bo44/8qV6vr7QVp2+57dafnJqd+1iG3I4GQ8Jy+Q8Uu5hlmqN797BUr48PJ98Lwng4PKTTVHjKYd/cDFt+j6ubTehGOZeqLZKMQ1Nl7j68l5VBTNTq0uppZh3BzL79fPzzX/yL1/qm5E4t/LyW8kmEbKfG0up2edMbvxFtwdG5ujUshZRdF8cv0e61iZOEh548yV/9xjdSqZRYWpoja21gtMYNS8i0ivKC8SSgiiJ0x3FwHKemlDqkMzFUSq1KKQ9LIe6T+WNLSumGQbDw4osv7bm6uuW3Op1odeVamMZR9eLG5kyS6mMk9kQYluknXebKbi7AEZp62SPDxZCv7X1ZpeyFNHtNlqZKKCURJp+6Muviuz6ZVTT7QxYbHlnWR0oHwjIz80vYOEIhCEolAs9hu7lNf6Ap+R6EPq7I/+L6CoQrudJO0EIxVQ4YZBrPKWweRRWdLCZbq3d4RikEVqi8rccYhDQTlXeM17OM+ECxUzSUD3k6H77kzoSXIiHwUJGLyjSeo5COg0VRdtJ8xa1zMBBSYLVBJynWKqSwWCFz+5KRO8rgPFtq/JzylbYZl9tjRwKxkU82D8JA7thrjDF5Apcx41W5mAQBPaoqzIViKnTBdfJfH8YkSYyjJDLwwfPz1ylLIc12MHGCCx7xvGKSWx5VCI71SKJoCRJFh+/kE3r17Ll7xSxkiSTq8lM/9XN84Fc+zna7hec5hFUP15dUU8tgGOfBJ1bhez5CKZLMsHxtjZ/5z7/Cbz/4EH/7x36E7/nePwPCwdp419cViELvtKMIH9mj7FfimUfRJMLuXGqKPz+xfC8uKBMT/kjYp/MijlRr5mYa7FmaZd+hw8wt7WH16lUaUxnSEygLsXC5cHX90Na1y+86eMtdzybRQI/eMeWaZvjoECXk+Ll6njc8uHff55cvXHxvLN2qwtJvtRh2Oxjl4rkuC406EkFsoVIpE1mBUpbVyHB4zwJPn26xud1Gt9ZoN7fQmUF4MExTNtsDhnHGgXmf/tYW7sH9JFj6g5SyL5ay3vp7nNriqT/eVW7+akhH5b3ZX2OPP/B37LouK1ev3PHFz37qXwa+9/YsS6juWfr1N7z17f/gzOkzL2ZZlgtg/oCkvTGGxekGs7UaUZrurLIcVeoPh0ux1vSzmPVWhzjWdKKUxEgqgQsKtvoxgzjlcD3kuvlpTveatJIOM9ZwwnPZ7kXqM48/+2cOLM68K+q2W7Oe+AUl1b8WiO5gMACpOLh/D0pA4Psoo6lNL9Dst1i/chlx7mmOfN+3Meh0iaI4n0RG01d+sjnG6OOB73/LJz78oXtTx+//x3/375zm1uZxa82+hcXFePnaRufy5UuzrW5vxlgrAtdN0jQRida+sNIdPvcizXaLarWCUi4vnT1Pp9vmlhtv5fb5Klm7n/OL0uAK8JSkHxn6sWFrkDKVGeYrDvunfFIh8nYekWBNxiA2ZCJkfqZOs9+m22tClhHUZnEchyyDTPkM+9tsdDqUSlWskHSHfbzAoVzykCaj0+rSTgRRJvE9l9mSS8nzCN0U3/Fy640QSGFyABKgCx6wkNfsiJSKCRE7GYQ4dtaMhTrjkjcxmfZkCwWyyOMvtUE7kiyK8ByPxKSkxjId+Bgb5+XYRd2bsRYdx2htwS2CO0YWFLmD8qPnZ41lpO2aFNgJwS7x3UhAJQqxlVJyQjzEuGNXIvIJW9q81czzGfaHvHDyZR5+6gVefuU8a+tbxMMEz3WZnpni6JH93H/nTdx9z03U5qfyMzTNJnix0WZg5HkuFOMTLp2x7nvClgO/k4fWji1OUpSJetv8nb////KrH/sUYc2jOhXijP4KmHydHzgKsnyjo7XG6gwhJX7g4jiSsxdX+Js/8U9YX9vgr/6Nv4oQ/o6SVaidS9fEull8hZSOV4vAdl02XqOLFhMabjvmhIUtwkoQJFlKEATsmZtjac8+Dh4/zsrVywz7Q0LlYiU4UnAtkerimVPvvuXeB34x1Xp59LykEHz7Xcf5xS+exFX5azwYDtm3d+ELQbV+bmPYuz2NY5QX4pYqZFpTn2oQui6dfsxgmGFFQEkawiAgQlJXGfudazz80ipHqoqeyfUNChBuhchKOoM+G/0hw3MXWTp0gLDRwHUVmbHK6bfewXDrp63Ohn9sm2UhiIZDzj37FL7rfR10f0+bAddhZeXaWz77uc/++1a3d7NFDuf3H/5HRsf/vlqt9s0fYnUhhEAbw0K9inEEpggUHx8F1iiJcaJUs9Ia0h1kpDo/8Bwl0AayYjU3TDPObHVJM01Vp4g4YiPRmOWr3HBggReudbhy9cr04cW56fJ09R/0+j1HIv4xkACkaYYm5+Aca0iShCTJE6BsHJGmGZPfqxASkyXXSynf3VpZfseVi2fukZa5mZlZ2ZW+fezFc2K9F3FgzxLnr1xjbW2dudnZ2PeDXm84aHY7nVKlVKpPTU834zTa7EdxRfhBo1ybWZuanXtGletpdTi4sVprHLcyrQgB7dTQCBwcmeG74GUWKRXdOKU9GHJ0zzSXOzFPXmziCEmm8+L2yGRs92PKfp8oyigtzBA4hnYvIvE9Nlttut0BviOJNXgVQTksMT8t6Mf54eEg8/pAEzNXcgldw6XtPsLavPt2YgIVFoTJiw92wgvErrL33Kpr8y3DRKbxeCUrR9aYonavKKrPQdopgjYKoZYFLfND2xEWax3awxjfDXAsGK3H5QICMFkyFjUJIfIF7bjDdzxG7uJ19YQox2DR2qLURPsQO8UAUo7CMdgROL0q0jAMPaJ+zCc/+yV+9aOf58mTp9hoNUmSFIzO06i0QCoHoSTlMOS6Y/v5zve+he/8zneysH8PZCnC6IlPP0JXWUx1MApMtCOg4dXF9HICxDTsUhZrpCiRZQn/9J/9W37xQ7/F9ExIo+GRJhKpLZ6w2NgUFjiB1hYjLcZqssyQaI1QDq4rmZ6u0R9G/D///OcIQo8f/KEfRUgfTJLD4S5z7mvx87UBH68G1wmTt/1dBBojRXjO5GOMxiDYtzTH0uIcB49fx4tPP0mr3cptg1KipGGAy8mzV2+598KZN0zvP7KcJUn+nKSg7HssLC4R+u7421BKvbxvcf7pK2ebt5/bSAh8F+GWaCURchDRS9rgOAiRcf7yNQ4vNnCkw/JKi2y6zLtuWCJLYzb7Cf3E4CgHm/TpDYZklMikS6cfsbG1zsxzL3LLfXfhlkr5/D9o32oGnTuo7nsYk/0xgS6cf+4hdJqAV/o66P7uq3iH9dW1+z79W7/1s5ubW9dvdzr96YXFv+/5/v837EXW2D8k4GpNb3sLxxjcxtSEVSR/hOWyDcPQeI5gmGg2OgM832GpXinsHQZPSrJMM0wy6iWfM80hp9dbxFmK47tcGcRMN7scnp7hyyt9BmaOoZXi9Euv/KUjN9z8kHKc3/7dOjmElCjXQzkxnu/juG6YDHrfr4atvzPM4iPaChJt6cYpvZUVDtdC8Z1HpvjgC6s8cfJF7rnjlnO33XnXh8+cPfvsPXff/3J9Yc/GsNtslDzvwM233LyqhXtZoGc8Ry5WSuVznf7g0lNPPsn//Y//sf+L//nnf+TLH/6FnyTJKo2yh7QRic4QKCq+h+M4JJmm2U/YO+9Rr1QQdiu3Ytm8NivVGk2+cs103kQ0W3YIXY9ms4XNUgIpaA0GlGvTBOUqg/YmqVVUKmWS4QBpMzJhcKSlFDgYY6iHLvWSw6VmhjUKg0BbgRnXm9qi+N2Md8S5bcNgrZMLSq3BCmdnFtHstPEUntRR165A7PRuFqCppUKnGseCUg6ho+nFCb0oZW8Y4CqDthpr8pYjKyRpEhccu5OnOQmBsHIipWKiv3Y0zY7DO4oe3V3v/Rz8hQRlbbG6tWOBj2DnsuE4iqAUcubMJf7dz/8aH/nsQ0hXUK+EzAc1hr0E0gydaYR08Xwfz/HJdMYLr5znoUef45f++6f4u3/nh3jnN78V6TqQxDsYI1+tIbLjXzbIVxXc7+ZJ7a67hkXgAiEf+vX38V9/6SPUpkNKtQBpLLWyA4MUhjEms1gjEVbgFDnXaIuSgvnZkM12hJAerpKockinO+Cf/POf59iRQ7z5Hd9GbisqShxetTqenHi/Uv7zzp8wRcjKJGf7uru14jIHuvBWSyHIsozpqSmW5mfZf+QIB44e4+QTjxPFA6puDWktjnJ4ebXTeOHZp7/l3um5j6Vp2rWFViHTeWDGyvpWsenIabl6rfb5S27wXec2u42q3GC+GhI4Hp5wqJZ9Nts9bJxQdhUgqVRKHFmCfqox0uNNR5Z45eoKK50+7djgYoiGfTrRNO32gHKpglEeD3/pcRb37WH/kYMk1kHHg8Vyb/vtlBcfJov+GKhcl9bW1ljJ/7X4+H2BrpSSZBgdPv3c8/+mUipdH+wLt/a63t/vDgc/m6ap/cO/iJb21hat9XXm9+5/XXVzuVKNg2qt6StBrVbG6Ss8JXMQlII9jRL1kkM/0qTGstWPiDJLN4lJycMHYqFY7fX4hoUpBpurfHptjXtPHGKu5O6dP/ncDx689y2Pua7T+p0uB1kcs3XxHHGcsnr5SmXl6tW/u3b57E/sP3zQiYYO25sttNEI1yWxcKUXcXzG5c/fdZBffN5HCGf7B77vu37y7OVrreefP43OMoy1y9bY54wxRa2fWTOSU0ZrtLGsra7wxJe+ELfWrn0usmo9sFQ8kX+fgcqTcpJEMIwzXN+Sactaq0MgM8q+S7OfRyA6QjJIIza6A/ZMV5mbmcd0Vxj02piwRJoMqZbKOGUf1XMol0KG/SFGeDgiIh52cb1isnEcXF/QiQ1lXzE/VaUaNFFKFSX1FqlE3p1TTHna6EI7qxDCokTRwWrtTjDGSOFsbXEI7kxteYaxGttIjLGjrKvC9yrzj8l0bpeSedCGloqSEngYkiz3STuug5CSLInJdArCyW0kIv8aMq8zGK+DR8+HSVuQ2dECG5NPvI7aSUuyk5PYaHwv7FOOgiD0efjRZ/l7/+zneO7MGRozVSqhg6c0NjJYq5FS4Xsqf04yX41Lq6lXAzzX4YnnXuYv/ZX/m7/7Exf54R/9s/hhiI0H+Yp23MbzKvASYrzEH6/sERNdthOZzqP/iJArF1/i59//39EyY7pURhaHqUwyVJQgjCA2gihN6Uf55QMEvX6fP/enHuAn/q9/wK/991/j3/3sr5AJHykljXqVjY02/++/+FluvPlWZhcOYO3gdf7y7WwjdpQBr85y3omvtKOPG8VDIiaCu3crmkchJiOblFASkxkcV7Jnfo617TYnbrmVl04+S6/Tp1yuIrA4ErYjeOGVM2+68y3feFtj/5GHsqJha9pzuEuu8m+fOMlUNRx/2QP7937u7IVLZ6N+evfcfI2K1DS7Q/p9h6BeRUkHv+QwX/cIXUWn00UJQ8WBleY2680ePS0ohx6mP0AKiYdmq9enO5REmSaVknZzi6cefYr5hTn8Wo3EINP2xje6ldWfRrjN/6HcrlRsr63z1JcfYnFpga/Vx+8LdH3Pm/3iZx78171+/4FelHRO3HTzj4el0vu+8IXPU6/U/tB7flcp+p0eXmHVeT0It1J1qrMLL2XS1VWsWqhX0Jmh5Dn4rktiBJnO+c35aojRGa+sNemmligzhGS4StKNU7IkYU+9xLXVHrJUY3phiheePfneG5598ltvvPPeD5SqdcAKz/fwsLJUnxLdZJAF5Qpxr8fFR7+MLU/x2MMP/aUzTz/64zPzs85Ku8f6dptmq0+9HDAtFUmm6VuD6MQcawi+955j/NyXXrznn//Lf/Nvfvm//9qP33TT6a1f/cgniQd9KlP+697BpxsNnKjPx3/lv+GH4WopCLtZO5/W0gwkLr7IwcVzHYSCfqxptgf4KqPkStazlMBTQC686kURnUFE4PugPGIzpN8eUgo8lB+QaMH09BzK5q1Cjek6QUlxeaXFteaAsl9GOj7dQULgJMzMzpFRFH4XwiJjDNK1SDs6tMV4ShyJfcT4HwugGodNMFY/WyMmwgzyTYMo8pfH4FcIhCyQWYHQhtgYQscBC32dVwmG0hJZk1fzjbjhLMUm2U7DkZR5Q9Io1SnPspqo8MsnWzOafDGFkKoosbcGg0RhJwoAiukYUXC8glI55KlnT/E3/q9/zQtnz3LLTQcRQtLtDxEZuI5LtRqSDLJi/Z17k2OTkSQGR1hcqdi3f47tZpd/+E//M/3+kL/1Y38RP/AhTXNFuB3HVxf/MzIqTU6SI0HVRKPPrqYhhTXwyU99mlPLyywcmcUzDj4SaVK8KEVlglYvZXmrRzNK0FrmTUwWdBpzbbNDGDS4/vhBHJF7NaWSaAOz0zWeOPkKH/3ox/iLf/lHi8Ypu7vCb+yXnnh/vGbiHXHAcuxD3u13nlyji1250CMxmijEBBpIdcbsVI3ZqTpHb7iZpX0HuXLhPPUooRT6KAGJ63Pq8ubS5dMvfXN1Zu6RNBpqgGwIU4HiO95+LxtDg1PQ51rrKydPvfylS82NO691M3n9XMCBpSrNYQICgsCl1Y84tFhlY2OTC9e2aVQDfAGZBdf3EGmC7yp8R2GFpOJYbJaR4DGIUmbrZZxGhdOnXuHAoQMcv/N2Go0qJu7fIrW+R8we/BQ6/R+HNq7PpWdPFj/P1+favyZBNyn4iF0rAaUolUremdOv/P8unjv3HUJKc+Dw4Z+ZW5h/3+bGxldtTeApl/7wd+b3h3GcLe3d86WZ+fkfWV9bnWvUGviOohZ4xFZwamWbmrQs1QL2zs3geC7Ki7luj8swijm91iaolhgkMZv9mPl6heG5azz67PPIW2+gpiiffOgLf9cV5u1PffZB2xCJu2dumihOK12jOgfve9M/evmJR85Lx6FUqXFu5drBl158/vuV77kRgtVrW8RJSmwsaW/IIErzYIAwpJNYrjQ77BUO77r7Zj73xMm/+Ku/9MFnfvRv/K1/Nz03by+eP8dvf/y3Jw6X/JxIkpg0jnnDm9+aF6tbWL54mdRIYutS9jVGxyghkdaSGY0QHtoY2oOUPVNV9s26XOusjyezzGj6UUy72wedUfJgIfToZTGpCImNIoli0kxQD/LoO5OmiMBHOB5SZFTCgMSC7wjQmpXtHkZItDFIWXBpRYOOlHYsWDEGtDG4Kp9cbMHBCnZCMIzIm2XtGMTyNa4YNxUVr88omlHKArwLb6xViDQj0xbl5Af3QIPn+ZSdAetao9GIYu1odEaaxBhbL+RduQVpVKQwohTGCWmFVWgUiGEMO8BqDcYqpCkSpQpbipQjr7EANIFfZvnKOj/5Mx/g1PIFjhxawAw19Skf38tff2EEUud+Y1NM2dpK4iRGRwOM8PBLZSSCmek67Xaff/XTv8TC3DQ/8MPfi3ScXI4rRp2xuyOdGSuyJ200u5sEdkIzXLa21vnCY09Rni5Rq+ZxqAqF38rwtGEr0Zy62qYTxXlvssxjNJWwSNflNz7+BJe++TtwJJSCEsZ10EKibIYKXcq6xK99+FN89/d8G7XGApDuCvDYuY2J14i/drcNTfqPd6uaJ1zVOddtJ8RVwiLtTnyklKCzjMD3mKlXmZmd47pbbubyxbMMBj3C0MtLKxyHa32cU6deesfB4yfeJ5RzxhRxrvXAxYvaPPrEWWZqpfEFYabR+MwF5f2F5WY0faQm6euUeJjSSmOskHgKms0unuMx1yiTGUulViGKIhItqPoZ6BbWalKjCZSLli6Z8qhXqwyiiBQXbMLjTz2PPz1L6brDOMJMZ/3WW5xg8zM2S/4HjboWGZZwHfE1u1b+iqD7hje+8VUbAcXG+jpfePDBdzc3N37IcRVLew9+bGp6+p/GUcxXrRjZWqanGr+XmZi9e/Z8+Z4H3vibH//wr/9gZ5jIqudgQw/fcXCVIjEpa5GhtdpEp3nrzJTrcrRS5dpWiyhLqHoezSSjVq0QOop2u4XrhyzMTfPgpx68PpD6+j11l09/5ONsNjtondLqtvl7N9/+iatnXj4vhcDxfbm1eu3PmUHvjpnpOmQJs56D8B1mKmWiLOPF9RZuZilpjRUOkQgwUrK/VuKNd9/GxWcf+6Hm1vZv3HbLzcu33XwT5bDE2XPnCCs7r0WWaq6ureO6XnFuyEPNlHrNdXFdD6v7uI4kQ+UOEw2p0TjKIdKGrUFGI3DxHUWzH+eZwJlkaGMia2kIQWsYMVWuUA0dNjstAncWg2S71aW0NM/czDSb7Q7aGMqhzxxgMCjlMF+v0O70ubLVpxY4lByJ6+QTvtUUspSR75WdcgCrd1SkxQGZV91b5MjWMrJ2iGKiLSIOERMBCdYUWhkxTnkyUuGpvOnIcSSyWGtbC2VpyRLN6FC0UmBSTRoNMchx+YIYZxzLcXzF5BbTTvQXTJbZm+IfpB1FY6hdUaZWagLPJUkSfvHDn+Czjz7BiWNLzFYr9LsxaWqoBIqhEsg4wwwM/dSQaIvOBIOoxbveeQc/9EN/gU9+6gv8wi9/EkOI68D0VIWNzTb/5j/8MjfdfIx73nA/mGgnUMOawqokJ9hdO7FWfj1R0khNrli5dpHTy1eo1cpUfB9hoWQiShXLMBKcXe3QjlM8x5mw55hxXnam4fGnz6KUw63XHyR0BImxZK7C9QUNt8yZC5d59qnnefM79gPp72AL2s1Rv56Y6nfjffPvecdO9eraXynAFNuV6VqZwHXYf+wEjakphsMeaVLBc10cK4ickJfOL9/2wNWLb1266w1ntVAWazBScsddc7y01uXxky8RBnk4UCnwnmzUGicvNVfftjLlsFBSuMrDISOxklKlRL/ToVGrcHjPLHGm0UIyiGOkNHhKMF+rcHprQJLkCo2ou8X5a3BkoYYroRNlVB0P222yev4MC3Mz1OplaK68PfTD/6j8cNn+D/DsKs/j3MknaW9vI79G4h5/z6A7NT29+wNcl+FgcPTcmTM/sbK2XnNc78r3fv/3/+T0zHQnDEs89dRTPPTQl8a5w78TCNvJNeBE+L8QsDBTx/f9Ma/3O9+ZbP+t3/yt/+TSmZf3nnrx+W9OVJn2IKZRsixVA1ITYEweGpFozXRQJnQUCEPVd9gYRKiyTy+KwR2ilESnMWcuXuHowUPsP3yY88vXUDVFy63Qcy0llZGVA/7TT/30P1oIxPe6Jmt95kMfXIwH/W84NF93pYXEGhI0ZS9guhwwVfYZJCmXWj1agxwcSiWH1c0YZRwcp4an41vaa5dvtFm0DJY7bjpOueTzwulLY59rnCQ0qvnKvVQq8ZkHH7yr1WrOL5UCoigmtRmBC76bA5aSklFuUS82bHeb7G2UKTmSjaIs3nXA8320FShX4RiHC6stpsI8aOLy6ibWShxHsNnu4Ew3cF2fLI1wpIsSgq1WG+nmtiMxzMhMysJUmY3+sJhei9zgfJbMJwchi2zjnWAIKQWY0QrUTDSziV3U26jhz0pRTMV2vHIdpS3JIlIxE1D2FAI/51gFOE5u66q7oAd5/jJmp9YuTaJiwiksPHbU72uKAj49AbCmmGw1xmqsdXNYG02SNrfXYvO/ZHJse83blVzH5eSpM3zkwYeYWahQLYfEiWZ6pkTWGUB7QElDrx9zdTNiu5eSmYxMQxIPmJvfw71v+l7iVPLh3/gk2/0oF88Ua9rL19Z43wc+yvU3naDaaGDTaKxctkXClZX5hUfaHVX4CGTz1exEYEbxTV26dIl+3KdaDUFmVB2XRmTwhWElTlnvxjhqVBK/46kd/f13lMRRAdoYtrbb7HNnCBSYwEMLgYMlNUOefOZ53vyO9/6OCtjJ+MrJovvJy8Lo+8gveRPhK8XPyoy2JyPQHonMRLHVEDkfnFpDtVqhUatQmZ5hft9+zrz4IlGS4LhOHgjmepzbaAUXl5e/aeneN/2q44et/IIJ83MVpqolur3eOJ9bSLE9Pzf9+dPNrTefXuuqYCFvBtPCZWoqoFYJaQSSdm9AIiCNBhjHIU0zktQwXSmxnWT4jmSQaDQwVXLJdMbmVpOF2SmmaiFEAxwlOPfyGcrTc9x17x0om92F0Xda6Sznedh/9Hxut9vLY3+/tgfd14LuZImwlBIphPjyQw/92Qc/97k3TtVr3Hfv3e+bm597OgxDPNejXC4zPT1NvV4nS/ycHxy95U1uG8g3gwbPc3GUZOXiaZL+gMHGCuVKmXtvv5lqpUy55BAGIStr2+PS89cD8bydx1x475/9iz8uf/WD0ZmXXnxns9OtpKlPyfdIrcXzvPzQtBlJGrPVzfCEJU1SdHFwZ1qTJrpYWcIrZ0/T6TY5vneJW44e4ourbZ4+dZbjS3Nc7fZ5+domp5evnbjlwPyJAwszeEqRWgjCgF6csNnq0exHHJxyyNIh61t9XJthMk0vTXFsxlRYxnM8hsMhTSsIUli9cK7Ub7fQWiOEoO4opksep86cz60sE4fW4tKSOv3yS/e12+2SLvnYLCZwfYTQRGmS25ukJDWSknIZxAPOrbRJUovjKnyVNw5lxmCiId0owvNnKPsB19a6xEbhqYBur4VAUpIl+glEcYqygiTRNLOMJBW4QjFMMlq9BM/3ObSgqJRC6uUSnhL0Y01mbaEEzo97JIXH1YxTBQuDxk5q0CgoQ6mcz80sGIGUO/zbqEzCyGKaHK0RC19sovPP4ToONk6QQmAsdNOUqiuxmcEUqupCG42O4vG6eUw0j6IWRye9GHFyo/WyGAOxMXbsOTa2YHTHwinGB30ueEt5+KkX2Gy1OHrdAp6rGLRTRK9POU6Jhhmr2xFn1zsMYlMoX03xtQQ///6Psrn5LXRbfeK+ohb6jGqIg8ClXi/z2S8+ybNPvMCb3vmWoqu3AJEiGpKdskV2F83L10z1Qgistqysb4Bn2btUZ7ZewtMZpattdGZZ3x6SaoOrdgBbFs0/k9GfkNva2t0+840K5dAhM5pM5MI6KzVnLlwA4tft0d35icldtODurzHR8DS2gdnx7D3ajIjxPnr057zin/PCDa3yy0NmBJ4jmJ+dplatc+DwdVw4c4ZhNCQIwvwMEZJ1E/Dlx0/ef+KeB+49cP83fqowZKHCgMPXXc8d17byyx/gOCrb3Gp+4eyF5c1eGi9EqWG6FoCxtLt9tts9AtfB9xyag4iSFyCAauARJxFIi+8IfJX//epGKXumXc71ErrDiGltmAp9+llCZATDVpuXnnyaE8cPUamUXTqtd3p+9RMg4z9KftUNQ5555BGWz55nbv8+hnH0ddCdfBw6dHhHOOX7XLx4ce+Dn/7022anGhw5enTlW7/jO3+9XilnSZKQ6IxbbryeO/7xPx7n4yZJwhe/8CWSJKFUKrEwN490HNJemyP79lBy4Nd++eyuSVdO3FCVEkSDJt1+xOLCnkKMKl9najboLDv1I3/nH/6ZX/4vP/t9zXb7e9sbG7fa7dU9QmthHQ+ba2ZZaQ9YF5aqq9iMU6zMVaC+5zBIIrIsv+k5EnzXIQgrXF1ZoVarcuP1J1g+f4YrW32GqcEveSAkW+28tgvpIJTLMM7wHUUvTTm90SJKYwLHYZBZHMeh7EgcDJ1unzKG1LX0jGUofYaDPsrzizYdML7H1upVrE5zMcxEstXqyrUTVy5fvsP1Q2LjI9OUWuDgS4tSLtpAbAWugn6ckmT5Cvdqc4DvuSgp6EUZw9TihdDtJ0RpSqVeJUOx2UvzNd/0LHGUsj2IcQPD6kYTdEq9FqJ1hlAO+xZz0303SlnvDAk8h2Ga0R0mhRgqVykjZVGqzvigtKNDrxBbjY5+Mwo9knKCZ5s4/MdSpQKsrSD3GxZAUpQE6KIeXpgU5buIJKMVJzSjlKrnYG1CajKMzgFNWkEaDdGZxfq5n9iOPqdhPJmPC+tHiVgjodRI0GxsIRyS4wndWIMxO9WGruuwsd3i5KkzlEs+oeuSWEu14uHHA7LEsNGJeWmlRZJaXEfu7D0F+L7HVivi5973II50OX54D+XQJSkuBdpavMBja6vLZz7/GPe/+S5cP8CmyataFcwu7/FEqeIuXnRU4aONJdKaciiJekNawmExFFQDRcexDGINyIK7ZmJS3qECRmEiWlsGqaXX3EQZD6NKaNcj6qd0ui0uX7mKNVHu2SV7jZWJXWvxHS739T+GsS9ckNdkCqHI/cdqh+c1GdlgQBb1iQY9zLCHGfbJBl1sNCDqdRhubrNvZY1qsML1t87Qj1IiYra1ZDtTrNmQ55ZX9p176cV3LVx3+xesEDHWEjXhzbedYPnCJZ596SyB75FmGa5yXpyemXryypXWe290pyjVamysbSKsoRa4xElEHAkajSqO49Eb9IhMQr3iEDounTim5LkImWCVYipw0O2ETFt0mhIHLsPE4AhDPQxYvnyVL375Kd75rrfgRdtvsdnCknCDi9g/ItC1gMrbuowxfP3xOqBrJgyqWhs67faRZDi8B2vZs+/AgyDObm5sFj2ir30Yazh44ACe53Lo8EFuPnGCxx99hDiKis7R3/2FV47D9uYGoetw4OhxOu3+TsLPqx5xHMXVeuP9f//f/Mz7n3n4i+/+0M/8m3/+wrPP3FJ2g0LZJxlaiLVmudljqC17p2t5/2uSMUghLZ6T43qUrCYZ9vFrNZTrcdsN17PXMTxx+jzPXmnRGcYMkwyMxfcdGpWATr9HkqYICw0/4MJWhyhLaXgeERbllXCUwFeKUBl0lrIdCzK/wqA/JHPd2IYBpph0U6WIum10NCSYWhz7DCuVMsuXL92xtbV5bGnvIZRfIdAt2gOD8TKEo7BIMqNxlEIKQcVXTJcliTYEDnSGhmogcZVgYCzDJKYzGFAOfXB8hpGl4vrsX9jDeqtDu78CWqNcQeAF9AYJrrAI4WAQtIcpzUGKzTL60QBcSSgNnutghmmu7hUqx15yn2ZqdWEjeTVbD2pcm7cbaYUYwfLoMJcIOVmbZ8DIojmmeKcEIVYost4wT0OSkmFmaPgKaTVGT/iFFaQ6Ic1SEEGeuaxEft6PdLIj9W/RRTgSgFGs8kf+XSbVyia3nowmr9EGZ3Vzm0ura3i+Sz/Kf13bjDBw6PdTLm8NiVND4DrF8m9S0Q1KKpTvo7Wh1elSrwd4jkQ4AmssSnr0PcULL5xla22LxQP7XmWpkbtf+BF5LiYsUGMw28k8dh2HatVhcU8Jt1xjtuYwSw8/iig7I1uOLCZMu6uKL8uyXVOrkALftfi+YIggHmqSOEUqRWYsaRzjhT47OcpfQfE6QUGI1ylqyNfHConLTtBHDP0OSXOT7uY14q012lcuc/b0GdqbGwyaW9RJqXkSaTWBgkhrjBV4UrHHkeyf84gSQXsQ0YtShpnlvBPybOTy8guvfOP1hx5+n1trPD9+DQKXztYmmc2FhBgolUvbx44cfPDzly59czvWcmO7g0UyNVXF9zxMt4crDMNBH89JSOMBmdG0BzFzFU3Fd3AdByUFickDPfzAJzKCkh9Qn6mRdZokSUJkXeIk49EvP8bNJw5x/fH919ukf7/wShf/qOr+hFT0mi22NjbGla1fB91XPdZWV3fWAq6rzp87f9vlq1crvW6XxYW5L2Zp0uu0m1/J0INyHN7+1jcjlcNg2Kc/GBQ82e+TApA587G4uIC1azQ3N/BLNUxRHr5LcR3HtLe3EYaHFg+dOPf440/ckvX7GEueimMMvTgj1pZa4BF4Dp6j0FawNeiTZrqYfD0EmkUx4Oy1Hs0tByky5uYWebdj+YajGQ+evsLFzRaB41ANXAZRQm+YYK1lkGak2lD2HdrDlK1Bxp7ZOo3Qw2QpUufRmEPrsD5MQMQYpTbCSv1StT6F67oYoLfZAitZvXwFLd2cezOG4TB2Ll24cK9OkrIxGm0dsszkXlfyruGhcXAUJJml5DlkKQg002UHz/PZGmTUXUvsSLqtCBGE9IYZGkGtXOLC6jYyGdL1Ybsb4bgexhg6wxRKHpk2xJkFEsIgohvFbLcjSsriex6pcPE8S913WCcXFQnyNZ+gWBHvlK3l69xioNRF3GJecGARRd2fsPlquMg+yUGgYCftWIG7U/1n7di4g9R5Qpkt1roZkpIj8aUhLaYuiYNFYrIMnSVYwnxa0zmvm9fLFbmVu5SvhWWoIJtFAf7jwvpXNxMZkzcuWdjcatFJ+tTnfWqNEM8LcUmYTQ29dodOL84/dgJsd4mCZA6SQko6/Yi4N2R6rkGsFIkuAksqHlfXtrhydY3FA/t3fM2i4JhHE+m4QMjuKrQf6S1EIcBSSjFTa9BJBPUD0xzbt0BY8/CDPguixfE5w9PLGVlqQNixoGySd5WF2M1ai6eg3vDxZmo4fl64HiU+eltSLZVwPDWBqq9TRD8yA41sZOMGQoFFIYQLuMUPYAjtVdKNa0Qrl+mtXGSwepXNq5dZv3qNgBQPzfZ6i/PbAzw/4MT1+9k/P0WSWaTjkgqHJMsQWpOkGVmmkU6Kctw8vjNLOaCbXHMrnLt0+YZhNHzj7M23P2+yrFgnS972QEDwymWGiUYKge+5Jk7TR0vV6tUr24P9DSs5MFMjGUYMhkOyzFAraCRpM2qhYr0dMRX4+G4u+Kv4LoGTUxZCx4TSYaMzREhJpVIjqtTorm+Smoj5Romra9s8//hT1Gqh2jO1+O2qvudDFplMViN+taZcWS6zvXyZ86dPs2//vq8j7uuB7kMPfWkCdJ3yM08/c+e1jU32Ly1sTc9OvVSplnA99RWmXMv6tauUPZdyvU6n04Iw/EM9wbxQ2iMZdrl25TLVxjTzS/vI0hjlOPhByM033cKVV15CR1Fghc1irdnsDojT3Lc2XQuYqlcJkwxhDY7MwzT6ccL2IMZYSxh6lAM3B01HsHduiiEKHWdc1oIXz2zwxr0N/va77uNLr1zioy+c58zVZp557OSB/ZnJvaZSSoy1HJhtMFMu4SvIjEFaiVCw2Y/oUcIddpk5dssvT8/Nn/Y8ny987vM0Gg2uP35dzns5ilol5OgNN+G6HhfPnzvw0qlT97qeSyksYVyPQaRZaDj52lFJdCZRjiqqvkSh3FVESVbYN2xxCbLoLCEueODAVXjVMsoanr+8zfpWk+mpmSKmb0joijzlSXmEgY+1hmZ3SLc3wA98GrUKG+0hrXafQBkqfs5nppkZu0FzleTIK2kKocpOYIQQdqw+loVQxhaXrLH9Uowm3zyiMQdiO7aQiCIu0iCxmUWmCVZIlCMLu42gFgZUlaSXaXQhdGFUfBAnWKvG1hQhJtsVzEjIV+QuMw7nsMaOJ3RTvMb5ViefaPJYPzHuwG0PhmjfUG04TNUclJJUNMyieSVNSfVI4LPDY0/ylZPwH8Up7Xabsg9Z6JGpnCGPzZDl9T7LV1a4myIb3ORCrnEGRBFJaUcRGIVie8dqMzFICsW+fXNkwz5Jp0PozWHSJt26YO6OGb6rNOTTL7fZ7mf5ZDoRQjFOuxqHiAimSh61MCByBVoZkgQyqzAolhbnkCokF/mMLhvm1aM5IxGQFaqoGHQLjUAMzWv0L1+idfE0evUi8cY1+pubtJtNpMmo+A7GSpamQhZqcwSey+03Kl5caXJlo83RfYvsmZtjq9Oll0KWZPik4CqscpBJgpCGcuowiDP6xY+77sKFVuS+8uJz37zv5jt+QzXmVjA5C33zzUt8/pkzLF9bx3VyzQLGvry0tOexa+df2X+wGhDHQzwpcZSgP4jQoU+1HNIbDnGB6dDB8zz6RRRt4FoCzyHWAtd12Od5LA+g2e1T2WohlKTq5a8tShGWKjz/0llmFuaZmp19c3X+xCGwp7+qK2abFxr0tzY4/cJJSpXKV8/p8r8a6F65cmVyzatWV9fKAAf377/a3G5vPfLwo687uaZpxpH9S3TbbeamZjD6q6eIG62pttZX8QOfy+de4tyZswghuLZ8Cas1V68sUyqV4nanvZVJl2EvRrkOpujIrAQeCkOaaQJXYUzGWqfHVj9GCEUl9BHGEmUZFzc6TDcESXWBI9ffymw1RAvFf/3053llu8cP3H8Td+yb57fOr2Xb4dxHXjn10nxva+2NFd9FObnZP3QVe+shbvEGLPsOIjP044zNDAhcHJueq81M/9yDn/hEYoXk6uoaS4sL3HzDTTu8uqOoKc2+g3t5+dSLt12+fOX2aq2O6+VcspGCdqSpOpbQVziORNt8dkszg+t6+I6Xbxy8DIkkzTJagwQnqBFWp6l6ikbg4vhlbj+6l6dEvgWoNWby7GsLc/VGHpqhHDxH0B8O2G71aVSr1Btlut0errQ0yi6eMISegxGGLNNYK5CqAEQh0NagtRm3+FhrxtOvsKbg2wqFu7Wv4up2fLxyNBVbAyMetfDxGmHRysHBIcqiQl0vSYxBei4VR9DWhfJY7IROpHFcJGAJhFJYne4IqyaWl7aYvu1EWIOZ8O6OSEarLVrasYVoh3s0BGWP+YNTTPs+ptVnptnEa8fYflE2pMRr6usm17Rjftkauv0+UVdjRUgWhOgMhllMEqd0e/0xdE6281hrXzXc2NfhTvOPySlRzdLiQZampri2ucn8ao2aY1g4fB1TU5pbwiHfceMW/+WJARby8oOiPGL8/IuCBd+Bw/M13CBk6JYxOr8QIy1ZlnLs2GEgwNoer2k6Gu+Si+pFHITRmH4bc+0SnXOnGF4+y/byRZrra5g4JnTBdRWlsIQ/U8d3XSqBR1q8twIvt5h5XsChOYlnMpSj6MkA41mUGVDyFJkTYqxAZRmxzhBWkXmK0HMIE42QPouJ4XRW5vlTZ996/9bGPY09Rz+CLi5syscPQ+q1Si7yA8qloHl0c9+DF86f+7ZWpL1SWKY/jGhHmrrv0On0GDgC3xVo6+A5DsZapDWUPUXZc3CUJDYwNA5zdY+zQ8ultXWE1VQ8QclzaQ5zBXytErDV6XPy+VPsmW/sueHAjW935g5+dUFXSLIk4vnHvsTG6iqO430dbb8S6Nbr9Z3fdJy0VqtsOrmYYnD+/PkkjuPdt22bx+ndf+etlAOXdgv+qPgB5TgYnbFv3xLbrS5r65ukUZY/HxUQGSc1yu/VQ49A5RVv/ThhEKf0Y43MUlwhcDD045jNQUJq8inXVw6DYYQnYX2QIO02ujvgo81trj+4j7fddTN3THn89G98mp/40DZ//r7r+ZH7r1cHbrtP/tTHq1sf/q2PUwsdwiCgXAqQCLIkBc8jcD0yq8jSHtc6PbpOBWfY59a77328VK6fu7q8jBuG+L6P53k7LTfFI4uGrK+u1j/7mc++R0CI1eg4ojtMUBl4jgMSUgNSKqSUpDq3hChrUcoj8CGQDkrkXbb1UsjMnpsJqzWiwQpJZrBS0Gg0OHFAFqHvliiK8R2P5a0uvh+wd7aGxZAmKeWSj18uYbQmSzUlR6KUoDXM6KcGYXI1rDGmAEjGojk9smfksmYkIhcxFcCVA4oeHdO7OToxEfCAzeXQ+UJxh7W0ltQKpFAoKUAqHAFKChwlqXtwIdJYXQBmMaem0bCgkfNJ2kyC1Ku4ZjEZksFEcf0El5kP9qOVusBgEBjKQYDnuVgHpuYCSr4lbHYQaCpODn66EDqNdBC7bHYUXcDFyxC6ilLgk5ZCtOOBMflB5+ae6bEabBfr+domodwPLV5zyck/LmbP0n4euPMePvXiZ1gfxhw41uDEdXupmIT+kx4/dH+N5ZbgM2ciMg3KkROTah5NqtBct9dnftqSBAblS+imuJ4hjjMkhvvuufVV/O1IJFc0J2mLTYZkzXUG51+m/coL9C6fY7C5zrA/IDOGRjlkbyPEVZW8JEKAq3JBm0aQaYuQilLgFpkleSCKNoaOceiutzhAwFSjgee5DAd9ov4AnUU4QoByWGkNWNloURYZw0FMP81oBCE1x/Li5rB69uST777z8A0PZknSB0Eq4DveeAcf+sKTDJO0qPx0mZ+beaZcqV7YjFrX9VPD0kydXj/Kefo4RWcRFT+kG2vS1FL2dJ6xnqb4SiKsRRnNRj9B6y26WwYztcTM9BT7FqfZOv8KQZKx1okJA5fpRo2k2+Gpp1+kcfj4u/cvHPlPfDW9Q1JiE8Gg38P1vLzB6+uP1wfdG264cZLTjXvd3mWJpN1uy+npunBdtctsPhwM+I7v/C5uPn6Y558/+Uf+hG1R8l4qh5SqudhA62wkhIqnZufOzB04fKo/iGIcb5AaUi1EsjA312hfPntjZ2ut0utbVtpDuonOxVO+T5okJHHCVL2CEZIr3YiypzGqxOpWiy888Sz3HdvPP/3T7+DnPvsE/9+DT/Lo2QXxZ9c2v+3bFxuIe2/kS68sM4xTPKAa+kjPo9sbEMk+Bri81WWgPKYDhzAI07e8+z2PDbY354eDnut6XoJUnSxNK63W9pwxuq+UGkTRsNTt9uqnL1z+5mefefJ7K+USgesQeIoMS9kPEFIjBESpxiBxVA4kSZrbHHopmMwQOFkewm4gDGSeLStDOhn0o4SGDJDCw1rLMEqwNkNKQZYlZGmGF4asbLdw0wRFvj7qdNrUKiUaU3WklJSkRdoWdV/l+ctmNO1M1OVZkYuYirWzJF+/iwn17IinHQHg2O8p8ni/ceCi3ZmUR58+Xy7nuVIkEViL67lYnZFm+WszFbpkA11MoLkXU1tDliToIkBiXI03qugbtyIVEF1M3HZy/VmsuifLEcR4nV54dxFM1atUfYc0aXG1kzA9cNnjJcyrLe6YSnjQ02wNDEZJ7K4mq0IFXXDc2locJZidDqguVBgEJayxZMbiDV1CGVCrVXak3zskcx4mwq4siNfkGO/4dQXWpnhBjXe88W18+pmHiP2EaL7EarQFsWJ6/joWb0r55xWXX3q0zUdeHnJ1yxClOc/tKcvclOKGvT4HFzyGvqQlPDqdHlmW4ASKy2vb3HfT7dxy6x3kaVTumMu1aULaaRKvXSG68BKDs6fYuHCO7c1NXAR+KcQPXKanGligFjg4UuIoUMrLc7NNihKK1BgcR6GkYhhnOErhK0E30fTSjMQN6Q0T9mQRDhqtJEYpLm62uLjRYv9UiUPTDWbLJZJ+k7gf4ZgYkSYIxzInyrySVLj8yqm33bp59VjqeCdHxfGek2cpR0k29hvPzUydOrR/7xNnXti+rpMJlpTCURahHEoll1JQw5OGjd4m/WFCW2hqvmKqGtKohnhOm35q6PX6HG1MMV336WaK7U6b+nSF1jBhvT2g1Y9IU4favIcjFatXLnP2mafuXLjlGw4LOPtVG3SBfr+HlOrrKPu7ge7VlZVJ0M3a7XbbcT0G/YH/tre9VRy//jjD/gCEoFGrM1efwi2VuHL+7P+wnX2SpBw6uJ83vuMbKZUrVKq1URavvXz12gf33nj7R5sbm1EQBpkQNllYWIyOHT1R//RHP/Tj/+3n/t1PrKy2fRuGhIHLVDkgdBWXt7qUpKHkgLSGoYG4P6ThD/HK+6nWGjx3rcm9e2f4R9/6Bn7t6XP8/CMv8OLKlvyBB27mu+69lTv2L/CRp1/m9Oo2UZYReB5xFNEbRPQtJF6JfTOz1H3F3N79/S9+7nPvtvHwRx3HCVS3v2aFfPmJxx498Mnf+titi0t71pNEN59+5ukl33WmtjvdRprlCUozMzNI18UIB88LQHeJEkPFs6TW5hOGEjjF1JlZqHgOWaaJM4s2xSSYDCmTC6OMAc916Gxu0mw16Qwi6uUSjdCnJCVuOUQ4DhvrHTyhqZQDykJgrWbYH+A5kgQXawWB5zNXDZDSkmmNFLYAip2Zb8c2xE42MTuiqDH3K8SOEraYGW0BqHlGshir5nfAOP9rn1mLgyATEscTJINcnayFYrYcotd6uV+5SMISQpAmMTrLA0JGoGQLrniMTiOxljYTz91ibJFbbO3uUA92quVs0cM7OzXFVDVApOuU/RnkzALubIXpuMl31ixnugH/5bF+XgBfBDUwWXovd7qEp0ouiwtlZL2Gg08pi4m0wWSaqXKdpYW5QnFt8uc3RliTNynZIq6z8OkaO7GtEpNqZwNE3HHTfTxwx/08fPYx9l43jYdLTU0zvG4f25Ue86Uy//TeIX+52efjn1nh+QsxAy1oNBwOX1dFuD6nVxV4NdxOgjvIGMaW7f6QODL84J//c5RKe4EBRAOirQ16184xOPMS7TOn6F5dRg+HKNfFugEL83Ms1EMC5TBMU9rDCJ2S2608iyddEqMxWa4pSI1GAq4weEohkRitaXWGnO/k7WSHahJR8hEmLxTx/BCI89AUx2MrEiwZSTV0mWnM0JE+OH0MbbCGBRXxYlLiueWNI/edffEd07fc95wuxr0MwZ03X8dWZzh+mUth0L14afmLL7z0yndd2I5LC36uXN/uDEgRLAYNOv2YZj9hqeoSugFRPCRnqpxRqDZaCKqBSy1xWGt1WPczkuGQtNtnszXEVZZoEDEcptSrZdK0y6mnT04v3vjFI0KIrwro6iwjE4qtXpSn6H398btwupev7qxzlbRrGxvnhBK9YX+wv9/rH56dnT3DLAyHQ1YvX2WqXEVq/T/8iQspWbt0HoTgbd/0XoRS6CyjU6t2HUF3OBzieQ4WS5qmdLud9vU33fjP/txf+eubn/z0p36g09q+PTPIhgN3zAQsLy3y+IVrXNlus2+qxkylRD9JGXa3efnZp1hf2seNh/Zxrm9wJfyZO45w/WKdf/mZp/kXn3qCJ682+dE33cyPvfMuPv7CZT508iwvXdnKUxDJ176HZupYY1nvx6y/9EpjY2P93a7nU6vW6HZ7h3r97n1KuczOzvL8K+dmNrebVGsV5mbnsYCrFIM0yeMVe11mpheIM6hKVSwtDcMsT16SQqA1VAOXknbAZAg9QJiMJMvDSvSwT9Rv0xkkPPbSGQ4uztDpDthq99g7N0u9XCazGSXPx1cF4lTCPFDCUfRSTeB5mCxmo9mjVi4RGU2aGvqRyRWyjMIv8glRSA8r8gjJUYONLYyvcqRyLVLJRq2vpgAZpJiwj+RBCjkgG4SZENmYHDMzK9EyVyUrR6ELTrcdRfiKwiNs0dYgRX4jz+KILMsw1sk52GKduzvikXGh/VhbWwy5uYjKjG8UxubVfjmw5xNmmmUsTE9xaOkQn796mevfGDBTd6gN9+EIwYHOWf7PqW2eX9E8sRyjbS4EE0ysfC1om4d/HJ4rEUqXfpIwzDLiOCM2Ka3tLrfdcZwD+xZzwNS68F7J8eWBkbhtlFQy0RtsJ7KZdx4RQbnBD3/XX+DkT73CQ4+f5a23Cap1j7bss+kt4b3nTaxvXeSA1+JH5p9l41qHDSPZjgKWY5erWRXHcbHbPVwlQKRkNuPq1SZ/4Tu+lW//pneQXH6BjVeeY+uVF+hdPEv7yhUCkZe5O2HAbKNBreQii9chTTMUEmsknpWUKg6ulLk9J3+34Ac+2mTEqS2SPvMLkqsEGkEgFftDjVMv4XkOWZYRlMoIqej3OpQdya2H9rBU2UAbQWKg1YsYDBKGcURsLNYNSVJNTWqmVcqplvAuPX/y22Zvf+C/mdrc2qjD9vabp/n1Tz+CV9x5ojjm4IGDj87Mzpy90lq/dTCVi816w4iFms/qlVU0lqorSYxAWYnjOAhjcchjX4W1ZEVJQ5mEtSglij38mYCS75ElGXGaYrWhG2coX6OUR6/T8z/34Y8c/qpsIo2htrREEkxx+Pihr/n0qd8T6Da3N3etsoSwDx06dOBjK8vL3/fsM8/+4A//1R9+eH7hcK/VusZ/eegRrjt24o/tyUul8glXKWxuxxCH9++33/SOt/Lh3/wtoihGOTsG/Xar3XvTm9/0b4/feMOn//N//A/vX7l08e6N2HDV0bzrxF5uOnE0+7XHnuf8tQvO0XlBLQzp9DJEEtNsd1lv90jiIU3foxNk3DFX46f+1Fv4mS8+z0efP8srKxv8qVsO8J6bDnPbgXl+61Jrxd1z6ANXVjajxx5/dO/5ayuNN9x/b6VebwTnL1ywU/MOhw8d5tChQ5y/eJFWc5v52VlOnLie3nDIpSvLds/iIlcuLd95+dKFhus4HDt+/MV3vvOdz33q4x9/18bGxnTNd8kyi+cphlkuFopSsA7EKTgqP1TiTKGkS6Ui2FjvUMksSb/J9iCi3W7RkprA8xESXM8jcBw8V9IbZHSMZqFWQhpDtRxQq/gINHGiidIMt1Qjs4oojRgmhpKbB42oEUdWCGnEZKNQMWGObESMvIsTAfxW2EJtWwCCAat2+FwlVZ6LPIplHIGklLllhZzLdQMPR0mMiEBbunFCqCQSQ6oz0Hn6lZQSkyXoJMFaf8eqUvTljnIUrNjJkcaanF80Rcxg8X0Zu1MFOL5IFNNznKZUw5D7briFz5x/gstrbRanQ8LpBsHcdWw/1+UEA37q2+f5Pz6yxcOXiukbMcHNQtmDG5Y89tUN2kTF96AwcUa33yMeDLjnjhuZWVjIA0RscWEROzGI4xanYpIfDbk7TUM74LtzgnY4euhmfuJ7fpifeN8/4YnwMvMPePjtNiXvCGtpzNWegzlwPdNHPdLFbWzs0L6csHotoZ1CvWHZarbZSmO2tSEZxrz7yH7+2t3Xce1X/guXn32a1uoqjoVGo8y+pXnqlRKu0ERJkv+otc5n7ySj4rl4inyLI0BYk6vVtSh+TeDZPDIxlbp4/+SbkTQz+fvEc2koi3BchOMSIUgzTdprIywMhSJJI6RJ6Q0T2kNNEkV5fpfyCZWHEAlNm+AYw5JKORl5nLy0cuvBMy/f6UzNfUKnRcG9sUylHa5l3viyOTMz/fK+xYUnz22v3boy0DSyiGro40pLKS+HxnNdUpPR6g0peYogcHClzbUqKlfOZ1ozVylxvgcahet5VCoBF8+ex3UUsdXUhCDNMqIkZjAYONLtmz98MStI6XD7TQt4RvK12iL0+wbdlZUd9bIxlrm5+f4b3viW3/jlD37ge04++/y3f/63P/8LR45d+vj25jqu99VbHYy4Kil31I6jf/+deAOjNU88/EXu+YY359yXMRw7eoSl+TnOnL+EKgzZIxFKu91mfn7+1J333Pehz6yv3UYUuS91M6pXtnjXjaXhoe/6pif+02efOHb21DMHDs9oSkGIxJIkEdYJcEsBmTW8HAvS5S1uXKjyf77zTq6bb/Dvv/g8//YLL/D8Sos/f88N/O937S/P3nKnapbnf+rUW+/avnD23NRTHR3eefsdbqpcu3XtGocOHuae+++nNjPLtcvL7N+7l7e/8530BkM211aplivyN3/zw7/5/MlnGrVqjb/51//6z+87ePDCf//gB9+rvIRKo4LX77N/voJOYhylELKElBIlNMPE0tEaVwlCmU8Cg9SgjcDL2qytrpE5PjccP8itR/YRuIqXLixz7sIlFuammG5U6HXbyGRArVIhTjOktASBixsEKCdlmGqiJCKKE4w2xEaw0ChRLbm0khxppXLAZuOfnClK36WUeaZy8et57Z0pJlqFEWbcLCCKFeiIexzxxMZapDEjXEbZvCVIW4sqhSAyskEMJg836A8z5sohvtwB+sJMlUeMpkmuUGUn5Siv7svzN6wRxTq7+DVrxoUCZmJ1a4vVrSmUzqp4XxtrSLTm9mPHuWffTZy5dJ633HkDQSRIsk3UvGX1Wsr+OcO/+O4qn3wBHnwh5lLLkAK1kuDInMuRORdXWJqJJZkKMVNT+FGGEjHLV9bYN7/Au9/9JqTrQdzDTuZ5jcocihYkMUbc4vgUE7FbE4fnDgC3ePs3vId/NBzyrz/8H/j84AXee9sBUtPi0SfW2TM7hTDQWTpEfzBL2gtprp9FlbtUzIBmJ6JcrnBdDw4EdY4eDDlcC4mffJiXm23CwOPA3gVm6lU8pciSFM+BOBMEjoeSeWaY7ylcJfPIC6sJpCB1HNJCmS2EIMsMCI12HOI09zBLKdFa55oCIUnTFKEkwvHRWESWIaSH1gk2TdBG0Isi4iwjiRMGg4gozmgPY6QVuMrHWI02AlAYq5myEZ4s89xqt37XC09/88G73vQZhEqtyXn4Gw4s8amPfhm/OKOkFGm1XP5M5pa+/XI3nZlf8KnW6yAFJdEBAanW+feDIjMQJynlIM9sjjKIMkNvGFGvBVRLJYZWksUx+647wkvOc2TWEnoO/X6fq9ttSrNLZ44/8NbffNef+f6P/oEFsNYilUOpXOGFRz5HtLlcdGZ//fF7At1bbrl9l2ipXC5zdWXls1K5n2o22+/52Z/5D3/j+7//zz0jyFb+IBVNxZ9xRl9bCOErpRai4XDKpLGbJrEYDAZ6OBikzWYr297eyqR0BkqplpQiFkIkQohkJw8Xnn7iUdbX13nvd3yPHYlOMq3H7yFjDIHvc+Dw4aKpR/C2t73j506//Mpdy6dPfXfJ8zjT16RPniq965Zk+h/8wLd/6t9+bPrtz37ps0f21A3T1RIyHnDmhWc5X6kxW3I5cnA/a36N3qV1js3V+dN3HOHwTIV//6WX+OzpFc5v9vi2m/bV37jV/ls33HbrW9919x0/mR7f/7Ebz1xqzjYUW4HhbD9iEMUMh0PiKMpTY6KIbrdLlma4QnDl8vL3P/H4o0csAt/3T4e+//FHvvzwD0ZxXAvcgEoYGJm60hhBkjkIlR+eg1hTKzkM2jFZZqmHDiYztAYJmRFECZQ8gyvzurjecMjl9TUOzs/h+h7taECyljcVLQQK3/QZ9AxGOPRkbsmJ2n0CzyHNNJ4AtxRidUY19PFSQ6AkmY7BcXG1g7AGK8dEbr7hnFDyWLFDm+pM537qMcBSgGwOchRBGELs8MF5LGTxuYxFYzFSQpZTAlLmfN4gMwiTT7up3uGL83Nbk0ZxwWvaiWzeUSC+GCcmjko+NGZ3WcOE1UlbizP+86ZId5LEacpMvc633f8W/tVvL3Py2U32LtZQahO1uIeZmy3xS68wXdP8yHUN/vQDmnOXInqxxfMkzozPRgyXtwyRrXG1r8i6A1zHYbM/oNOO+MG//D3cdc8doONx5KMYbZPluDSx+DU7UWS/838jFfMo3GLncMhA9PiWd3wns+UaP/sr/4nfWL5A6dBVFvcvMl/ZQ7O9iQ18Vq51EVlMXzp0+wnHQ4dDWy6yl7FUm6KCoFZy8V2BtSGNahnfya1pwmiSLEUKQZLlQSnaGFxH4EmJFFDyXAbDBKsNQ62RSKSQxNriSIHn5ly6MAbpCBAOxuQ9uTq1I6sysjgOtdF5UEsRjyZl7powpsi1UgHCkflGRAgSkzJMYjCFNgBLJiQNmTLjaC71kBeurrzl2Bsrx/zq9EsmS1FK0G/3qNYrhMXwYq1lZm7682cvXjx9eXPlgfsO1LEmzZvBimIORwoC18MITT+OqYd5e5gSMhf2WYujfFyp8BxFL7N0+0OarQ7Kc2m1uviV8tCZWnzuhjvu+8WNq5d/e+n4DZfvuPveP3AgsgS21q/x8sOfwU06aNchS5Ovo+vvFXSr1eruD3AcPMfZuOf++//h2vKlo+cunn/Xr/76r/77P/3d3/GvpJSnpJRtKaWdBOBXTa1SClkCqmmazm2sb+xN0+wmrc3BOIrdaDg88PAXPn9Tt92urW1simGSCCWkjaKIja0NPftLM/Edt94yNNquD+J0+QbXOxOGwQt+qXzarTeuKkdtua6bvfj8SW646WYOH7tuHLenlBzbT6SUhKVSoYi1VKrVrXe955v/8S+uXbt5sL1xnReEXEqV+sQzr9z2veVw+Pf+7Lf95t8fxu99/tEvnDDWMl0pEUZDotgnWFjAD0p0lWDoVklWtxkmCTfNT/Fv/9w7+K+Pn+FXH36Bn/7yi5za7DrfFZu7b7i68ovewv5fODhd/dfGmrPfctMh/tKf+jZCmfHoWq4SlgIajQbz9SnSLKWtRPC+97//b7Q73YqnXA4fO/ahzqC39vCXvviWQLkopdoyCLecnjjSi1I8CdoqPCFRbj6R1UKFDRwc6dDSBiMVSghaUQE+wuBIQ5SkREnGMI4w1pAKiU4zNrptphU0ShbXDXCVT7kUUCp59Lp9Mm3wSj7b3RhfGDzXo51o4sTkk53J85VHCLuTorhTKjfu9tuVXp+HToxKDEZT2lhFLPLXS+QS3gI+7DjfuSiUI4li3CzBCT2Uo8h0vn6rOj5VB7ayfA3pIjAi7wWOh8Ncda3Y9ZxEAebjStxR4L7Nvcc2Axwzfh5WCKzK6Y/8vw6q4NuFMCQm4/4bbuZbL7+J9z/8UW5/8yEOLTb48obLibnjHJ+u4V5dxTKkXo04Ppcw6MJmF7brZWJCosCilE95tcvZcyuEnuTySps33n83//v/9pdQbg2yFjhuMeFOlPlNhF9MFgDY16n629kv/P/Ze+9wTe+zvvPza09526nTJc2ojEbFKpYlF7n3go2xjSGhZYEsdYFAdgkJLCEsm7LJEhJvIAmQEGzA9GIbWza2ZbnbkixZbaRpmnbmnDn1bU/9lf3j987IGEOAJW0v3usaXdeMznXmzPM+73P/7vv+fj9feVkAJ3wD0vP857+Ka665jnf+xi/z3gc+yHArMFdmtFlLf3+fjXNj9EhyzUhz8Kwl2anIkOSJZNBLyVONllH3oKWYcbolagYXKZzFSEkq5WwsHAtj7QLKRpKZ84HWxyCFonEMq5pECeYyg9aKJhCDGJA0rY0HO+9nyVUOITUSj/AOG+J755yjrF2cpAhBVUeoSWNdJHThMGLGhvdRoIjwaCmwTpIryz5qLooFHjl57tobnnjwpQee+8onvDbY4BkszvPWV76QD3/+EVJzqduVF/bt3n3fExvrd53bmuiRaFGJYT43BKK9SEsQtsKomButjSAxCrxHaYNO8zg2n2yz4zUs50jrWTh03YW65LPPfcWrf8u37T1V3WwOL66Gtq6omuYv0UBFgd/OhfM8+Ifvpq4KGuvQ2V+Lp/5CRffL2cjee6bTKW9845s+v3Lu7L/+tXf+8o8/9sSTb333u3/zNXfdddfvnTl96t5d+w4cd9auKaWsEEI455LxeLx85szZxeNNvXvtwuqR4frG7f/gB7//lqJql9vWkaYG7z1b2zsEAQevvJLFxQU3Onfent3YqvbuXq72H7gie/LEqX0rF7e58bprrzn59NPPf/8993Dk+sNMRuPRNddee/+rX/fq93jvf90kyYXxcJvti+dx1vKalz4X5+/k997/EfIsvWw9ufT0DN6ze/feJ1712td/8JN/dM+RLIlWmZ2dTfGeTz38gq9NTPF3vuYVv/qPi+nbj33xgZut8wyylKSNSSqjxiHbml7WAW95dGWbwsHhXYEffsVtXLd3gZ/90P380RNPc35nwquuv7L7/EMXv3vfnt0vFYtX/ESW5X+4f9fi1FUjXnN9h6++5QA27/GFCy2ta9Fac/Hi+teeOfP0Tba1HNi//9wP/uAP/Nra2tbVTz311JVlW3Lt8tUnsu78Y8MzzTX9boZM5OXxn0JQNS6SeoJnWreAIlUGJSW1d1S1o3UBa0uapsXoFGMMy/0+2iSc39xEhpojc3NImRJUAibBecf5i0OUjJ1HU1sGvQ7BtexsDyMgJE3pZIawXRBcQM1SW4KQM2utv1xAhYDQRllvuNS5ihky6XJ1iCM1LtGjLnW+XzKVuTQf9TxT3IObcYykAqFwwSOUQJmEnlGstfaZfeysq22rKda5CNgIAe8dwnuCiijIS3hl7z3BXepqRczllbHAKq2ioNQ6bNPinKOoK1xVgW1xdUVVVCjvuWVc8rZigfoDF1jeU0XPeKp5em5AJ1xFWo5oqglNkLQqo1QKpoGegL2hwbeOq5aXORQMF9Y22Ls75Qe/+S3s7edMVp8mSQ0mTRBGgdYgFZdAmpeG+s+MnZ/xAF8urohnirXwlwXNQUiCdwgxYvfu/fzQ9/44bz/7dfzhxz/M/cce5uz601zfTbnFddk3kZjSkSWCbj9jeb5HqlXEfzpLYz1iFv2XKElZN7NdukAGSJSOh8G2JdHRp+sENB7inlSSGI0LkWCVKon3jknVUskIkbDWRt3DbNce1xXx3+Vcg2hBKk3juRyCUjQxRq/1nrK2lG07634FTRuLtHAuWuiUwDpB5RyT1iEU7NM1F5KMkztl99TRx1+5+1l3/TpJvh2cjUlodcnTJ07Qm1sguLh3P7Bv7/sef+rYNz29XRy4a7dBJAaTJdB6lAg0jUUg6GcZ1lmCgCxROOsZtxUrm1ukQlBWApt1kHmXXr9rv/rNX//33/mLv/yu+YUFNxmNGY/HfynHiVQKqRTDjTV+99/8C7rdnIV+D52ktL7666r6Fy26f9qrrmte8cpX/tsPfehD50c7O19/9MTpr33o0Se+6QP3fOCb9u/ZXV933eEnrzhwoF1bXVOnTp7Kjx8/cdWpM+fyi9vbtD6w0B9w5y03gRB2YzK5cHjf4TN7di0f2zOdXkSqpZtvuXVUl+X6rv0Hi9rbnaq2qzi79LyXvPz5VdP0vAtlZ37piiePH7t2VDtj0nzfPR/+yCs+//nPveK5d915963PueNHjDEnCeGPgeX/5lveQNO0nL84xLk/7hmbv3a+2bW09B/Pnn767rMnjz1neXGJnbbm1MUx7/vMI698W5YV/8vXvOKX/mXbfMuZJx+/xfnAfMezfvxRVi4scOT665jv9zCdLqQdzm2uUdcNV7eOb7z9Wm4+tJ9/9p5P8oUnTnBmc8zRzSv5qiP1TbdUxbvk/J5faJv6HSCO6tnYSCcJC7vmsU3Byrnze3/jN979A1VddwOBw4eve+LGG2/64mOP/s63FEW5a1pULAz6j3UT+fBUy282iaZ1NZkJOBxGaILw2KBoGo/znkRrQoidgpGCxgZaF8MgRsWUjfGYw1fsIUky+kaxbARLmWJrMiERHtFt2Ck9qokfrPl+h9Y2VHUNLmNproec61K1AaUlnURHYQcBaXTMWeUSl3fWlUoQLsLvcc/YSeWMvxyFy3JmFrrUbsZbV4gYeiCcj9V1Jm669HUC8FITZByBEzxydsfXjaWnPLb2l0fBlwKFmrKkbWwERTgbc3dDzCtVwuAk2BBHjU6qKNwCQtPg6pJis2IyLahGI+rtbexoRDMtmGzvUBWRDiVdHE0jYJCnHOnP0zaGZm2b1BgqGzhtV0mzhDTL8DNYRqIbtBGkztOVnl1SREGhCNzRnae+aoBUGv/ZT3HPZz6FTBI6/T79+QG61yOdnydbmCedmyPtz5H3uySdHJEkyCQBkQBydmgRz4jJLmExL2EZZ4caKSSX+MZCWK7afz3f+qoeL0u7PPaRmmRlymLHkHUE/eU+udGkJkYPuFnGrRSXRvmeUDtGrcN7h8KjlEZ4qKsG61paa2lUHB/7GY3MOsf2tEEoQXrJlyslZeMZWYsxkrqRtJe1AYrCWpwLmFkCVuMCbYA8jdOToooRoAjBuPJUsyIsUDjnqRuPay3OR7a78lGR773HNx7lAg2BOVVxlal5Mu3xxIkzz7/6kc/d2d1z4EPeR/X+5KnHOJKOGBy6AZ90UCbB2/aBz3/x0UcvbtcHsrl5FlLF6s4OJoBIDVIKlIyj7KaeFeKqYTiuWNy9ULf93adufM5zH7oiGyQf+uBHX3VmdX2wp5+Ea6fDjVfcftjNiYpJU2KShLq1f+7CG4AkSRhvbTIZbXP/B3+XtmkIeRqRpX+9xv2rLbrxNOi8s+7373ze3X9oFE889NAX3lQ53x1X7vo/uvfjty4tLtBJU06eOUeap+3LX/aylbX1jfbs2sXxjTfd9Oldc3NPGkl1lW2O3/Xc5z+hk/TMU48f4+WveClvetNX8Q9/7EdxzuG8I8w67Le//et/9Vm3PIvTZ87z/ns+MLj+Wbcdnox3Emft4f7uvV/zxKOPvPJ9H/ro2zfHk+w1r339dyZJcuHLf+48T9i91OfsytblLEuAtmlZWlr+wste9Zof/79+6lO/sLOxsa/b7eKSjNOl4wOfeehNr3lJVv3g173hX//0u5pvO3n86AuCFCznhlxC3h2ge/NsbV1k3+69OAknVs5QOsd4POaum6/j33/X1/Kv7nuEX3vvR/nQo8c5vTXma245lNy+sPk9/dy8YHD1df8y3b/460KExs3Wh2ma6U9+8hM/cvzYsTskcOtNt6x9/9/5wf/7wsWL2YMP3v/i6WRqEMInSjwSmurJICRrw4r5HHqZxvlIUvI+UNQNmVGkRmNk9PBNs5RMBuysy7NFmO2xAuOyJs8Ng27KcJwwsY7tStAE6LqafXMabzRSQqLDLOg+IRExOznNcuYGhvFkihJRjGTbBj8b9XMpr/XL8IPiyz7dMd1P4qyfJfvMvk7yJVm3l5JfL6mDZ4VcyFnXLHFCRMVn3VxOiW3djL6VadpxFE9d8sF6IWjrCluVeB27pSi2iqIbJWPXbHyAqsIVY9q1kp1ighvFAluPJ9iypG1aRPDIJMEJRTc19FJN01q6nQ5z/Q79vIOa+ZiVMQQxYy7NVNJ4T24Uxph4JgmBTCms96AUqTE0bcv2cIK3jqW5nBBgOJ1gCFQjx8aZM1y0DuscTkBiUmRqkHlGf2GBZDCHTzOSfp/+nt3MLS/THSyQzg9I+j2STjcWZBSQPXOwubz4bWg211k/epSVhz/H+qOPk0zGXL/QZ/H6PXRThRECP3vAKxGwNuY/Bx9TgOrG4lzcSZbe0ThorUMp8Mj4nglog8EHSRNg2ni00kidMrEJkyKGMrgAQs2k5kIQKkHpHI2HNImHtWrWvRJAzmAZlYspWFpIgojjZ+8FDfKyfkAED8LjpUckAY0D12C8RXpLikcaj/UBiyPzJct+zMrCQY6tHL9i9ey5l915x4s+EoRwTTFlPPwE7eYFJp/6PfY/6y7WF66lKqviukNXvf++02df/tR2lbz04DzZDJ9au5ZiUlM1ltbWXNyeInoLdXffNcdef/tLvzCeTD990223fOF/+eG/9xmlzJ6HvvDFP9xcOXaHb/aplZMnr827PaqNC1wpoV5exO9dRmrzny23Umoyrdje2uCTv/duTj7xMHuuvOrPFLr+9euvoOh+SfFtX/v61//jaVH+dl3W+b59u++4ITE3a613cmPWrrn5NmE66XiyvXP2xuXddv+ha4qv/uo3ffETH/2InQ53aG1LXdcEBM5ZyrKkqqqvKLqqqpLxeMx4OkHA6IZDVz3whQfXuPNFL/30oRtveZ+Q6q0Pfv5zP/mJz3zuTfd+9N7PL+/a9c8mk0nzx1XOIe460ySOCr9k/1y3DdcfOXLP6970Nb/y0Q+89weFVKq7sIt2tM4XV8fIez/99q9781cN/+7fettP/h//5j/8g5XVCy+GDgvscPQz9/FI2mHvvv1UVcVVB/Yxl2SsnD5OXTVUDx7ltsNTfvLNL+LQoMfPv/denlpZ4x0XN3jxkUO8dlo/+9k7Oz93lXMvya686qe1Uk/0M8Nn77//6+67995vgyBd63jT13zVL77opS+/5z3vec/zPvfZz75BisD+fXvtbXc857GdrcnWmaNfoHUeT0LZeoT0VNZjpGCpY0BFqOP2pGZaN7GbczHlpWdgosLlvenGzg4LbY7SKduTmtBRLHY6FF4zHZWgNIvdFC08IknoZ4qucyQyULaeajpCyS69bsqgk4EQtG0DauZ7lWKWtBO7bx1mnayUyBm1KU4z/TNRqDGS90vet0tpQmIWcm4RfgbemBlqpYyqXBfAFTUKS5YmVGVNbR3j1jPo5ODGWH+paM8QlbahKgvaPNKdWiRKCKT3iPEIWY5xxTblaMSkKJC2jYxma2MhTFLyTs7S4kIkkxmFc4FemqCEpSoatFHkWYaZjUG1VCgVPbxKSfTsYVbNCqWREiWjTUpKSIVAykA/U6hcMzAycsWzhCxNMGYXcubZbHyInTuexnqquqUqa8qqot24SHn+HJO6oawbghLoJEWlHVS/QzaYozOYp797if7SMtlgge5gQNrJ8U3DdHODrZPH2D5xnHLlHKptObDYZ/HqvSSZwTnB2sRSuxjAUTvBpPWMa0+LwQlF2TpKZ7BB0IYIM6ltwAbwMu7h6xBiyqJX2BBorMMS8F5gg0OJDOcCNli8C1jX4pyf0bzijeQJl+Mzo2bA4ZwlOIFS6hmzWrikZo8dsxLyslHrklpASolQGikVImiEiPF65hK2c2bh6YQSUwUwDetN4MGHH3vp9S9av3L/kZufri6N7qXEm5Qr6ovk247J4bsZLO36yKc//4XtR89s7VloxyzkmrJtOLMxpUX6YcNobteuJ294w5s/f3pl7bNdH574xm/6xkdXHn+oXlpcgOkO45D0E63U3l0LzC/MiV1L833xzAkWETxX3HkTG1aTJcmfaqkVwLiY8oWPfJhTTx6lHW/Tn19EiL824f5XK7oAZVG4tm0fr6uSTrf3wHU33KSvvGK/PXr0SRJtOHz9NfzGr7wLhaKuKyaTyV8+xFhIKCtuPXw9c3nC2rkTPHDvH1FPR5vf/q1/61fyLP3a3/2d39778U988muO3HTTr4zG45NfLmlHSnbvvYL5hUXcH4N5BOYGA/fGN331T58+eWpy4olHvn/X8vLiFA3O89jGmA998IPf+qavffv4h7/r2/7h//1zP/+TF9YuvsiHwK5U0TEKG2BlZ8K0OMU1V+xl8fDN7Jw9RbM9ZXr0FDdNprz9mv0c+huv4fefWNm+59Of3/jgYyeuO701Em9s6D53c+tv3/Ssm+66/jVv+mfVdHzuN37t3T957uzZftbpcO31h5/YfcXef7W1M2Y0HD1vdXV1v3eeZz/72Udvuf2Ohz724ft2z8/NeV+OZcckSGEvh6gXlUXJhKq2qFlzWTaOceVIZMRAGmXJDIjQRn6Cj4Vx39ISp7pnyaVHK0Vi4jhvY1zgguSKuYzaS5JE01GCjeGE1jo6qaasLc5W5EaSJjoKomTsXCUShMTPIAFqRn2KD6+Acx45A2KEL+Uzz7rbGKUbEY1BRrxk8IHgL6UW8YwPVSgCisS2EFxUoRKBGJtFhURihIgRf7PYOSHBO8tkWtAdZCSuRU520JMt/HCT6XiIrCaoENBCoo1CakOW56QmiUEF2qBUDJ8IMwuTFgHbVOhEszTXRSlJYhTCB2obqNsWAWRKkRhNmija1pKqBGUUWipa62kaS2IMWknapmHYutn+WGKSFOcCbRvwwaFFFBMGLyPuVEuS2XhShljYvYw78KZuaOoa5xzToqRqGuqyotxepbjwNKMnBRetZ+IljTR4ZShbS1M1eBdIE0Nnbg/Z8jxrUjHcbhiWLePa0whF6wW1u7TO8Fiv4mjYW6yL0wZEFCM55yLMRcS0ruDjuBkBwnm8ixOEMMN7+WAjwju4eO8TwIXow44TfLQIqJk//FJolBARLKFEiPelnBXamYLM+oAXoGf3psLhRRzlyxBoQ2Q4ByKEQ0jJRBi8UMggkHjO20BrA+78BlVT8Vix8ZyzJ4+98shLXv2LylV/bLRbC80hNWV19TEWhHr6jjtu+/w9733vq8cbldu72E3nFnet9fYdcflgsPq62677uZtufc6HjjzvJRdOPv6wO3/mJAd6mue95qXYuma+k3Lm6Kk7DnfcFf1+nzOrKyyurs19pc5UScG9v/XOPxVkIaWkGA957P7PIEzGVQcPMR7t/HX1/K9ddL9U0um9p64rWxRTnG1pvKcoiv/PJyHvPUIKdi6sIdqWpcEck+kQqY1ZPXNyIXOVPHf8yd15miSpUiitdYgLpj/xM9q2pW2qCA/4suLfti15nl84csONP7Ozvnp3WUxeE5RGZh2q0PK5CyPV/8D7v+/1X/v2Inz3d/3wz/zcz/2LtYvrd7texn5jmZ45xpCEas9elNHsXpijt/9Kio1VLkwmVCdXOTSpuXHXgBtfdSsvfM6z3/+f3vvB3hOPPfqW88PxwgP7dvH6tc3bjp1b/9l3H12vjj55bG+ad+j258bf9t3f84+C5eLHP3rf4Oijj92htKS2LSpJPvYHv/D/XFw9d3YxS/S29yzlRPtE66GuomDIBU/TBiZNQ55olno5PkDRlCAlChGFKVgm5YR2rst8f0BiKozRtO2U4FvatqL1GUoJimKKGig6KmN7VNLXgVRF3+Qg72BDiAxqEUiVilaemehJXNYhhz/x30tjS3HJHyokUvFMJJ38kqQD8Yy1JdqGngH6PyO2DXghESahLYuI+BRxH4gQZIlCSY+zsSuSM7EVQcbg77AD6yepNtZwVRQ9JVqSJgahFF4GmpnNyHiFDR6BAhfoJSqqTAEtNEF6NIFEx07VO0vr499dNW3EEQpwztNKTagDzrZkWYaRasamjp1R01qckxid4ITABoHyguAFSgga5/BtS2IMHZXOxGqx6wuNRSQq2mWEBi1pgdpLrEhxRlJ1exRdSdG1TCvLqIoRmFulZ1g17ExqKhuonSaIHmhNaAR2LWDPb8YAetfirUX4eAgU3gIupgG1Dhs8Eg++jeEBwV5KZ0TMDipKBcyl6EERIjVMxDQoiJMRpQRGyRnGM3q7Kw+VD/SUwHvFZhU/791UkGuBEQEtJVYIrPcYFb+3QlA4SeUlA+PIQuzKjdF0tMbjmVhH5aBjoKPiTllpTa4lJjgckoYUpQxmtrJItWY0LRk1fQbKZ2vHH/uB4fEv7pju3GeFEFYIrBDCCyGClcZtHH0oLPTz5G+//sU/fWBg/mhueXlaF8XXH1kwR+86fEX93o9+5qumq2ffdPj1bzi91M+LzpHD+TV7F5KqqnXRtALnByce+NRz1z5773fctVssXigyzqwPOXV2JQglv+Ky1h47+WcIpyTLi0sMFpep6vavI/r+mxfd/wKvEAJVXfHCu55HubHD8ZWL8USmjdzcWH32qZMn3ri6sfkSV1f5I7/2a357NLnt2oMHmxe9+CW/f+ONNx+fTid/8jSnFBubOzz15FMoKf/EgcAHzx3PuXOYJOb9D372E88pJ5Ml57pUO5vs1BX3n9/W6e/85v/2iq//lh35A9/3gz/7sz/7/5xfu3jXSpiwr58xnxiKyZQTTcPK2hr7lhfYPTePSTusbK7jLw4R3jI/Hs+/6srr3vqSH/uBf/HOD933kXe++7e/65NPr91dZV3ZXXtk/uFjpwhCMOhkvPkNr/m5N16V/Nav3X+eM2fO7n3ggc/ejvdIqbn2umuPPnz8qC2m0zqQrw2MXOpliklr2Skc1jp2z3cioUk4EiOxPtps+qlhUhXYuDjECDBaUtcFRd0QXCBLUjp5Rh2m5FpSuYD3NlonWk/pBYv4aMmQgaaJO9WxdUzLBt9YyjZG+LlwiTQVu1Yho1g4+PDH/J9hFjZ/mZ8s41j8Ugj8lx+kLtkWYKZCDeGP1eMYMCBBKVBy9vtoEdLG0M0yUjWibuPeNlEC5QK6GcGpp9kst/FNTaITkkSBlNSznF7jatCKRGuEVtggEU7QzRSpVqSzzorgsb5FS0mSakSIWgIpwGLBe6R3KKNBxBALnCX4GBZRN1HZGxBIqQgyEpQCgkTE0WScxEsaF73NwUX4ydhaNmo/y/iNmvaibZk6x7hxjFsoLAxry8QGKgdF01I0ltp5nJe0tqX1jmBt7ATbGmvbeL29QwSHcw4lBUo4ZIj/7gQXC5IUKOnwDhIt0dIhDICKmcchkGkx87fGblFK0MLgfcCoSDZTEqwDlEIQSJQkVzGOr68N3oObobhHlWXiI6Vq0WQ8PapYr1qumc9ZyjQi4i8oBXQ0EBzBa+zsPh218XDYV9A3Gb1egnMeozRHz29xYTjixt1z7OoagnUsZilzaUwhqusGQkMlA4+ujekowYuu20uSLDBq4nVy0zO3nPmlf/If2yQ/u3VuZ3syLoaKohz2dEtmirKsgxahc/DpB7bfelW24vqpbYfj6tyTD//NY6cflC/sZfP3n9u54X3v/HfPO3zNgWPleJytbw3zcjoVoS7pd5P+znCyVxqdVcFE9ntRh93XHnlKKvUX6KcE3lsmK2cwaUbV1H9dMf//WHQvmfGfdcMNLM4POPH0qcs7mTTLePSRL774l375V38072Smsp5xWdHNUm694fD4tltuOn7FgQPOzdJdvnwxcfiw4eEvPsZTx09cjpj70i/QWnHloat/9uTJE4PVs/f/yPz8fN6ZX2S4dp5TW2OstUn6nt/8p2/8W9/9d+T3/53v+Dfv+Nf/7szKynNdCCx1IbM1hZcMDh1mahVHn17hyv17GOw5wHoxQk4cVwgt2uNPXHHQNf/4p771LX9vcX7hx373PR/49ZDP7Xni/DmqqsQFwbc853p+4EU3dOdpD73uyuTEY90bd//cO3762qppueXW285/27d/+wM/+sXHWJ20dZbKjbbaxNEFFMLbmScxIGSgk2isCzgf2KkcUlzaq2rCLE82MwYlFcNpxdpwh/lel7lej9XpiAZNN9OIVlLYgFKwujOhl6V0U8O4KDGzXWbZNODjQy3TsZucSZCRYmbVIPKOPZci6/zlpJ7LUfAhXBbriMvjZb7k16WknVkGUXCXNwmXDuKXQHQWidd6lkYlZ7m+kn6u6SgYOUcIFjsd0WyvocstWuFQUpOqFFSkF4kZ0UsZdbmQC62xHpQMKO8pqganBD7RJFqRJyZSrrynmv3bhYBEyYgwRWHxlJMCqTVIiQwNWmvaIPAuph4pqUgTgxfRl4qwbJSONgRaFK1X1FLQIqnbQOEDpQ0MG8e0DRSto3KB2nkaG6jbmra1WB9mthdLjJGI3Wi85I4QHAqBCB6jBEY+45VOZIT3ey1iZB4+plyJyAkXxESy+TSfJfsIhHS0ruHgYI5MSso2UsK6qSETnixJsLPwiapxKCkZJIbczFCiMnanwXs6SrI46KAFjKZlFE/NxHRKRQtPKg3PO6hABHIhyBPJdlHx4PkNmtrx7OUFau9ITMZmWdM0FaYD25VlY1qQmcCi92xPp0gfKFbXKMdT2qRiayipm5YqSRklGu8d46qlDQLnPBc3x1jr0dMR3V6HqQsMkjiq1oJ+N5E3ba1POH5uJ47cV/ospJrjGyO6nZyLC11WtkfuqQtDXnvTAbHZBHm6brhj3xx7PXzhvuP7n34g399f2sVgaZFgch5eGeFsg2st06ZlXLRUteXqW26971nPf8k9f56iK6REKUVdFBRnHuHxC39dKP+HLbrWWqxz0b7xp1mTmprrjhzhbW9+6yXx1OWXSRK/76qrfufTD37hdZ/62L2vvfnwIZxUnDh7HuHa/od/79e/v59no5tuf84f1GX5JxbINXDzkasZT8Zsbe2gvmzUIqUkz7LmBXe/8JdXz5z+huHmxSNJllHLFN8WrFWWB89tK/Mrv/DTb/zbP/C39P/6w9/w0//kp35tZXXjros+sG+uw64sZby2wqYw5IM5Tq/vsDzXZWF+mUlTUYSMjvc8/vjTHc6+61+N5eC+vJOlaxfOMR2NmZYV870uZV3x+Q+9/3uvu/mmW0Nv8Z8/9tQDt26OJj0IXHPNoQ9MJ5NHr7n+Bgbzy3W5cf7i2uPnmNY9RPCkSRxVqlnyjQuBbqqxIVDYKNZpvUBriZIGKSMQwDtHKsRsl+ZQQmGto6gdWpq4l435PgynJee3pxyYyxDOUgawjWMuS6hFQKiGKxe6dNIhVsYu7hKs/5KYI3wJ6cl690xk5DM4pMuJPs9QCp+pvOJyiP0sBYgQU3NmofKXaFZSK7xMEE0AYYFA07YEF5jPNFtFHPOur56hHa+zq99jkOcYJWd+XIcXAuEVvVShlYidYOsQ6UwIpuRlLGQTLvmgBLZqSVTs3gSWMCveqY6eYzvDkyogNDWt89gAVmisyPBS4ILESoWvJEULpYcGH73WQVBaS9mUVC76rmNBbQnOxUmHtxHmIKKfVCuFEQ49U3zHw5mIXmop0YlES0HrNQFDIsNlwlFPe7pSM3XE6EehuDSbUNJEux6B3Z2cbqqZ1JFWdnCxh7UeZTQNLQtG09OaxnmKNrDYy5gWBaujKVmSsF2U1G3LgcVBJE3VLVfv7jNuHI+f2aBsLd3UcKVvMVqwsjnEu0CeJfTzlH4iWcgTvPe0VmObliJEItX2tGZSVBzfGDKZjFFSsdjJsd6zXbbs7WVM6oqTm2NW18fs6WZM2vhe7YgE10047zsEK/BKYLtdOotzSCWhbAkeqrplaVCjRIiCMjzDUcHFcQltQ5Ioluf6qLlF/DAwLlrWRAeX5IjlLlMPF2VK6CdqwafQmWOuI+gEj8gT5vAs5iVF1dCuXGDga+665WZQB/nVTz7WnLuwyly/I7tzS2uHb7v5nle/4at+Wkp57j+38lPa0JRTpsWUUw98in27+n8tmPofqegGBE3TUtcNUin279vHZFMxIFBbR5KJP9HlRgKW4vTpp2m+DCUmpcR7t7Z79/KxGl672O9w46GrGHS7PHn2AidO/vZzjE5+ZK6Tfl4odd5/Bf6nILBrkNHJ9/CVVhN7di8j5TVnt9bX3vmBP3zvj4w21ntCSELWoWoqTq2PwLVm8Nv/6d++9Ru+82vKv/U3/+bPv/Pdv3VhY+v2lVFF3VoGRrE0WKSVgbXNbSZ1y7Cw7Iy2eXphgappkCbh4qNH5YWzZ1/WuBajTXvo4FWfrqrWHz/+1Mt++TOP8cUza7xhdfjiq68+dMs9H/vi1qDXYzydsji39OBnP3rfdGGwyOLcYn3alRuna4vRiqq2bE1a+rmhlwMugs3PT1tSI0lkTDmqrSeVgcQIDBptDFliaNuGaVmwf3GeNEuQUuB8iyfHKE0wPnJvFVTVlLH2LPUzGuuoioauUagkwdWWQNwxOmlQJkXNfi+EjMQnH98RKQXYEIEZ8pnouUviJn8pL1eJyxjGWCoUl/xEwbvo1ZXymcIuBV5IvNBIV2KUAdFQOs9kJlzakyccG7c4D6YzQNUTjNb4uDUkCE/Z2lnLXFMFgRYd5tLs8hHA6Es/AwQVIwWld5Slo2ojmSt6XQUdEwepHokTkgYJOiNoRe09Uyspg6BGUpFgg6BylsrFJJmqrmmqCu/jCiGI+Hd5VyODi9hDKenKiEP0IqYzGR3HuwKJDYJUKzpaMp+kEBRT6+hphRDM9vCC2lusBxkCHaURUtDRkisGOdbD1HvmM4MJASE8/V6Xuq7oJIbdgw6TaUnhBeNiSkrDQlfTyRNsMJy8sM6Givv7jUnF6U3FuGzYHE/pd1KKqmWhl7GytcP5zSFl3XJivcN2aXnywha9VJEkhkfObzLfiwQm28br0U0NC3lKPzWI2V5fBkeiwNvAelGyU3mmteOpqqT2kl7Hs2+uSyMzUtOnNvOkyR76/Q6dfo9EGZxJ2GsS8iQhzTOsTEizhMQkZGmKUJJcKoxUUcmsBFqAloHWWa6tKoqiYHvtIqeePMojT5+iaRqaoDCZYuIF80LSzRK2JhUrwzEDE4V15yc1c3lK3s2R/R6pFOxq4sG6Lms21jc5+9gXuGP/Pm9e/KyPTa7+n97TqNSvb+6c/Jo3vOYD66srwQePQv6po+S816ecTjn58KdYeeop8m4fuXfhv0lhuvT5FUohtEFlHaU0RqW50kkisiwnKC3aopQWIYROBMIiTeJV1q1l0DVChiig+P9x0VVaI6SK+6YkQbuGG268gaJp2Fg5x/XXHGLUS5ifH7BdW7bHQ4ajMVUVVXx1XbN/1y5U8Nz/uU/9iRNWCIH5+flOLvze3Cjue+Qpispx3aH9dLRkvLPF6rlzey5ubO5e3rfvvHX+Kx4EtPK40kWl7lccceP27N37MzfdetvSvR/8wA9mUhBkQoVifTxGJYLPPnFi0P3NX3zn177yq9+cDZbe/u9/4Rd+4+TZ88/emvlQk3qKcRWLOqdxjvOrq+TdHqfOnkMrRV03+ADdPKcbFK+86driG179op/3WfcPf/2++3/o1z5w7/d96umVwcWy4aaL1fyF9c15Z1tuv+H6jW+4+4aHbr35MN/+v7+Dixtbzd6u2Ml7vYiBQ9JJFP1cEXzUAeeJZruoaFvL0iAnNYZ6NGGKjMZ+ZeialNQoRi4wLVumVc18v4s2Buehai3aK6oZOrLfSZjWLZtCkKYZQkj2755nUgfGk4IFIxmXFc466ETrh1RiFi8XZjF5z3S6l0lIl7mQYSaoil1i/P9yxsYQlxWo/DEr0WxnfHk+Ev21LoBpPO0sWce5qJLVInAgBVxLYx0Ly3sZTjZonSMYjfceqcBIhcGRq0AiNWY2BiYwG70GZHCEILHeY72nrqPf1gmBkIagE1oMW6S0QlMETYug8IK2NrQNlE1LY33co9qKthkinMWHqOaV3iGJMIRUBnpKIZQkSJAG0iSJfl8pSdRsJ4ek9QEtAgOjoz87xDHwriRnTifxukroGBnFi4ALkCRdEi2wXtG2FaFtSfOMua7B24bpTkUjWg4uZGxMW86srlE2DQcXenxxe5vV7Qk7ZUUQkqJqKJuWPE0prWdrXCC1IFN6JryLrPQDS3PYskEJybj1bG2P2BpXpEZybtwQgIVBl8xorPO0RLDFno6m109Zm9ZoPME7NiftjGymWOxl1FpTG4Po72Ze5ywkCXWQpEmKNnE3j54Jz7xgr1bMdTvs7iQ0tmW1cHgCnSyKA0svacuWalwxKVuCFCRak6YJeZ6RmgSpFVIrBnN9dh28kkO7djG3sEhTTDj58P384a++m/MPPcq+pTl29TtoAjJ4BhpKK+ikmqyTslHVTMYt3bZlUjWAwGjFnk7KqLDx3ipbJkePy6v3Dhfu/vq3P3Q22/vxD77zF3B1gUs6iLwXg0f+xDhZEMop93/4HkY7W2g/IesNvuRz9F+lys4Sx5RRJuk773aHut7ri+meZuPCgfLcmQMd2uXh2oV0vLUhzjsrtW/FslEKpPQC6RFiup34drSzZYN8mrY+KZvqnEzTU0KpFYSo/39TdKXSJJ0O62dP025vMLe4yIP3foSOEhy5/hpcCHzh8w8y3+3QtJEzvKg9V990PS995WvZtTSPMYbXvfa1dNMshhX8KSq6prXNscce3bn96is4tz3lgWOnOL6ywjX7dnHw4KHytpe86p7erj1nplXNnyayCwQWlheRSv0p6VOBwfxzp9ffdMMvbqxffPuZ48euyJMUnSxhixHrwx0eDwLTPHwg6S2862vf+s1vVlny9e/4l//6N1a3d26vTZfV0ZhBqhnk0JOertaUTUGuFMokaNuya37AFZ1Frp9LuPPgns7u4uL3HTzy7J3nfsfX/tgtR47c/4vv/cg/fOqJR2+3+Tw+RMD5Cw4uZzea8ety1Z76uuddc+H8+nz57g9+cnRooRPHlEqydy7FhoAN0RpkPezpJ5SNQ0pFnsxi7AJUNtBTseNsHCAlzscR5Xx/QDfLEL6GIKiaFpMoUm2QxLH1duUxk4K5VHJmveHCdoWWDrnYR+joQ61dBMiL8EzMYmz+Yg5uCNG2csnuczltSETcHrMgA/ElKTlhFg4vLxGqApcD5D3hsl83hCh8CkpHUpeWOOdjV43k8EJO79SQ0jp2GcPc7iuoV08gsozZt8Po6MP0EoKOfljb1ggEqZ6BSLSMu19pqKSmkQarUqxKqYWkFYY2SIrWMa0qbBtze13bEJyLhCFvEa5FqUBCIJlBM7SJI23vFQiN1iqqqFW8IonUccUtPInQM1tM3I8rAkpojFbsSgy7ck0QUDnBfJZj2xbvLGlisNZSuAYh46GwbEX077YegmUuUaRtxZnVChsC20XDIDOMpjnDsmW7rGhs4NjaCOsdpfVsFg1ZYljoJKyMG+rtiiAEuVHMSUPWSbHWM8hj9y2lQEoDIrA6LGl9YNDPL5OscinR81FY1baWpdwgtaEVmk6iOTCXEKQm73YISY5PUqwwpFmGMoaeNhitCAE2pjVZW/OsrmRalnxqbcTYCpT3zGlIs5TTW4oVAW1d0xD38GeDA+sompaqbuMp3Ta0TUOqFLsGHRqTsVM2EAJKGZIsZ27QY2lpgeuuPcSRm45w+8tfwxXX3cA//4n/g1MPPcBVcwmlFWBbsC3DwpEowe55w7gF6QOhLlmflujE0Ol1qUeeURMjPadVi0wSnjp55s7Vn/i7v/Lsr/+2733B7vQ92/f9DqkwTJ/IvoKWJeI8n2o0j3zm06g849l33sqkHsF/hbGyEEJLpRdE8FfW1t6+Mxo9e7i+fjhrpweac6f7fu1sT9fj3nh7Mz01mnB2Z8T5ScuprW00ltt3LXHN4gJzcz2ESdBaoU88Qm19kL3FHbVzfhx0ttkiPp0vLr9faPNJhNj+H6rotm0bQ759xK9pIbl44imK1XMc2L8HAiTMc/bEcXoL8zRNi/VRVi8uh2MHyrrhWVdeyeHb74h/5ixHrj8yo/985Veappw5fWbusWMn9kshufumazi1tsUTp8/yxNPnuen2Oz5698tf+ZN5nmxOhtuzB/ZXFmv1el2UMfxplXlxeZHFYvHoq1752n/we6PifxttXbylmxgOHrrNrZw8Xl5YOdvLzBKdz3zyBjU/+OW3vPZr365N5xv//Tt+5l0b4+LZTTpgqxohRIkxEukaEttiVEJZT1nUggO6YUklaB84ubpl1rd2njtq/a9c/6xbf+abX3jTT+274srP//a9n/75Bz//2ddb58jynLNrG733feDj/+uta9svfNPzb/5nI8xH7j2xeXrn9BdjzJnWGG0wShGco2gdjQ0UtY2BCM5TNXEULQgo5Wi9w3nopIrahYg1dIG6qVBa49uWLDXUjZuBAgQ+CITUDIsWIwNzpsNwapHBs9xNMNrQ6XVY6m8ynrazh6kgtH42Xo3RfsFfGhb/yYPRMyuBOJ59BogRZkrk+P+CuJTgE57JuA0SZoW+RWLmeihrUdZR1SU+OC5MKm5a7nFtR/JYWVDXXRb2HGA83cY3E4IxiJkALCAIXlI2gdZIhNQInTI1Cd7MiiuCCkNDJBy5NtCWnrqd4pua0DZ4VxOcJREx3q2nBZ0sjnSNkUipCULStND6iNPMtYwHIsBog5thGnWwdBLFQmJoGsfEBjpyZiuycXpQ1JZOIhBOsFlOaUtN0Th2ygYjI9axaV0ULxFH/GliCCLQS+Lno2gsnRl0Yy5VTKoaGSS9PMVLzblJy2RakmYpRsHmpEJJRRkCSZ7F54aQ7FtaoLKeylpAsDzXYaGTkkhJPzWkRkXWdRAgPdYKlPBcs9yjr0QMRRASJzVzvQ6NNFReMiLjrBiQdjIGiaFoHI2zVDYwqRsmwxHF1hZVWWKIhLSyLKjbBoXgmHAIKVgtHdOyRUjBFYOU3XM9hqRMW0+wDYN+l26/T9sK6tZjmwZbVZeFZWmwuGLETj1B9ucpKotrGrQytH6bna2UtbWLbF7cYH1tnT1P7ufWO5/N//SDP8S/+/F/QDnZJO3MUYS4X0+UZVjUGC1orKNpWiohGLeOtG4pnaOTp+g0YRIUp8sdrqMm7w0YjXeufOC33/WPdl1/01Ohbp7U3lI5x1fqMoTSrIhddHp9glb/ZS1BsQbMSSn2ey+O1GVxZ1sVz9u+uHpkMhrPh9XT/WT9LK4aUtcl21XLUidlo2m598wG49GYibXstI7gHIOdKYv9OVIMBgVeYPIBvqrEdDxZKMbjhY6RV3mpnt1srXxdGG8+kKXZv1G9wfsB+99F0f3yke4ziUGCyWTC//5jf5/l5V3knQ4LvQ6/9yu/SjEe44oRB/buQihDiKKnP7WgXfq+bWtnBbedqZYVembt+HIfmZSStrHc84E/fPl9n/j4C0OIo6U9S4sMR0P6qSEJtvuFz31KVmX5Z944zlpe9aavpqcHfyqwo42Qepdl2a/s3run3Blu/OL21sZAGyN2H7z2WF2Xg5WdnWt7+SLZvR97njadX3jj6972DYP5+f/pZ/7pT/3i2Qvrd5ruPKNmQrMzZtDJyVRC6z2ZgLIVHFvbZiNLWO/m9JTg6l3zyPOrg2I0+rGrb739Wa+99uCPn9o48t7PfOITr+5mXV0VFZ966gzrw1H+qvXtV7zs3LlnX3vHc9/xyrueVb37+MP0EsiNpqgt3UwTfNzjueBxPnZ7o9pSNDa+ryKgZ5ac1jls26KCY1o3WO9JjaKb5+xUBQTP0lyH1kmmdUNpPa0PpDpC54eNJ08NRhHZwa3Fi5JuqtFNwKnZLjZEiIWYjZeD+JIudSaA4jIU49IWngiugFl8GTN18yUxVcx+ZsbyvaR0jqXa4wWknQFMhwQXFbvee1aHY/b1O9xxxYBHHltjJ0/odzsMDh2hPX+CJMQHHsJghaaUiqAzfJLTaIMTOuIKGxdHwnUcwQp8hH84S64FfRNIhKfTiVY1rUyMLZSBRGt6WiGFjJhCpVDKsFa0tN6TCMFCpkmMJleSPDFMy5b18ZTGOgaJxtU159dHTGuHkvFQU9s4Yp22UQSWKvmMrSp4lIiHT6MUc92MTmrY3e9EJreHTAt2dzOMloxbRxMknsDIBrw0cYfvoW5btFZ4k9FKTessJkvR2tCZHXqdF6Spjp2yUpGclWjmOxnHV7e565o9XDWfoYCuFpzfHjFsLVUTD2aHd89zxfI8I6cYqYx1q9lUGTvBsN0ERpWldpbpTsFkZ5vpZIILjtwYrAsMh1tUVYtr44QiSImzDTQNXsCGkAgfqVTeO6ppw7lySl1WmE6XRAbqpmXk29k10/i2wbY2kvXa2OFq7cCXbI13UG1LtzsgSIt3Lc4JXAMVkvWdEYPhhOV9iicff4qrj1zL697yZu7/zXcifTxIaS0Y1pYmUicxUjKeTXdawFlPOa3YbmrmEsNcp89O2+F0XbLbWQa9eYrh8Nnrx5787j033PwjVzz3RVVv3zV/4pkspeT3P/wR5OY2lM1/qW4WIcgR4ppyPL0D71++sXbx+ePJ9EpvbVaUtfZ1xd5ijeVqhJCBfi/Desep1RGj2oESVMrgu31sXdGEhjTXXHPNQQ7tWUJgEVJinaNqYgRp3tUIoHEevKNuwnJ79uxru6l8dmfvle9Q+dzPSa03/5sX3Wff9qw/8UXPuukIl6K+1ExyrrRm0O8/461T4v/zOEIpRfMVIqYEkaW6sb4+/+EPfugN46qZS7WhaiLScNq4kEkhbrrxpsXnveDuXjGZ8GeuIwJUoyG9/uDPVlu3lrmFef+2t3/dfZ/+9Cc/cN+H/+jr1i9elFXVLB654wWfOPWFT6uTF9YPKZmS3/vB1+hO92fuvPnOb/vBH/tHf/tf/KMf/8WVi5vPEZ0ek2oCRYXq5hF04CxCKZqg2CwtlZ0ynyn0KPJ1a+skD3/hreubm7d94t4vbpdNI5USzXXXH3n44tp67zMnz954bqfk1E658OZW/NhCd7nYszTvBqJQeaaZ1NGPWll/efw61zUUdcQAChFjzrQQkZesY8yanOVxTsqS1nsWewskxgCOuvWEyhGkIAhFpi3Sxa6kbFpWtlr2zPVYnhtgZKCpS+rKYm1UuPo2WmWkjLaPS8XUhxAD3pV8ZiwsZgiNIJ6ZjqAux/xdCloPlzN4I/wB4S4bhS5xmEUQSBTaRxxi10jGFSgRecBnhxP2LPW5Ze+QB1c3EFKwvLyL7MB1FNUkYiCDoELS+qjwbiYtwhYR6NBUJMGSyUBfSTIh0UoQNNQBUgNX9AwmMQihSKWgq2adqxKkOsFIRdV6ah/IdKQwLSsLWlLWFlnDvBGY4BjvTNkcFZzfGeOCoO5Ej+rGuGLaWPqZZne/iw0NwybG0g1SzXI3xQdonKMjJamRoKBqBXPdlLksIU80qZJMGoeSROqUi3SwVCnSNKVoWlSmWU40qTZ44hSrcAFhHZUPdEw8HKQyJjQlSUquBD3pGWSGom4ZpIqN0vHAiQlPnT9Pj0VyrWm1YKsNiO4ivmuwSY8H9BwPFl1Wi5Zh1TItCop6i7oqsUWJxGESHUPe65qymCK1pNE5dVkznQ5pmgbtA8K1tLOJSSY1SlvyRBFasMHTCoFMAFczLmDBSDppAOGYVIJxgE6WRv9xaKmrKbYqkFmCbwNpqFhILVUzIs8UeSYoa0+iDMEEpHbQllxcW+Pa628g7XRZOb/KlTfeyukrD7F57gydToazUTaQGoVWhkxYGqfBB4wKcZCDoGg9ZVVSFo6N2lMPehStZbct2d/vs372zHd0d+1+Mu0N/m3SnwtfXnSVlLTS/BcosgIlpQIOOGvvsC68fGNj62Xl9NyNITgzmkxQCCZFw8AE7uo7eu0EqwyJstjWMiojQCbPEryHhSyl2+tQtClPbY1JtGHPfBdtBJMiksikcKQqinG9n0VwBkcQkCqN8571wu7unD71E2EyOtw/fMtPCamOheD/++l0v/zPLnWGcmZ1+Kt6SSlZWJrniUcfv/z3OOfQWqNUtJv8wR/8/ss/8/n7X93Pc/Juh5WdCSubT6599Vve+rvFeOQujsuHzq9cOFmV//l4KQHovMvi8tJXbMgvCVLiSL25ePttz/nxp58+nT7wyU98dduUB/cd2D+6+rbnfvyRT/yRfvLcyhWD9Er6977/m/KFpYsved7zfyT8xP/5Hf/y//jxXzh34cKzZT5g3BS4ccFSv4vWGuk9WoKVAqEkW1WLHJcRBF/l5FnOB+79/LVPPr1Ba1sqZ0699Y2v/+7Nzc3svff80U+eOXP6pb/9+aPq3LSVz3/WLb3dCwu4YcHWtCEzko42VFXDpLEMOhqEQVARXMz7HDuHkwItFGL2SykT2b9A0dS0tmXQ7bKj40GhrixCOqSHiY97wJ5JMLKJnTKSLNNMxxNqJ+hlaeziZixbIWcpt5cUxzPPapj5bY3SEeR/GW3hL/u2meEixWw9EPgSqMYlAZYPPMO8uvQu+xgnmCYguuS2IAxL4uY3ULYt40rzgoO7qOwqT62tsL29SafTQyZpHHW2DdI7dGjIvKWLp6MFiVIkqaBjNAupwWiJDVG52gKbTWBoHXNph/k8Ybt0dJQmUSIK6VpHJSqGzrExrfDek4hA0TiKpsGHQOs8rfN0Es0gNYQQx85ydj0XuxkiCLZrz7C2GKPp5SZON1zEn14132G5m+KCwGhJJzGXhThT55EBlnoZWikWujmTqmHStOyZ67PcS2jqhjRN0UZRNy3DScEgS7hm14Cqqtkua7bKGi0SWh+iR9wHlPJoGe1rbeuwtsVWNaqNlLTNUYtRkrVKcML2WJhbRHUGDBcyChczcKdlzc6ZEdvbT9NWBcLZiHRM9GwnbgnWEYi4UqMCsikohjVV2dK4uG9NZSDrpqRZQnCRW61Fg7cB52LAQZ4Y8hCw2uAaj5QW104ZNg6EJJUeO6mobU6vm5KrQFe01KIhw6KcR4WGLDMo22DskE7eRaWSGvA6EKii4G465vTxpxj0uzgC3aV5evuvYuvc0wghcAHmsgQvBFqBEYpRcLMRcUycEnIWiykETirGxRQCLO5bYmdq6RaWtN/Pzz32hR8/dPfLVnr7r/39L31mB+IBQoq/mkIb9QdaQlh21t62vT26e3NnePex46dfEJzrC+9oipqt4YjgLFJqOonkpgM5aEOd5+S+phwWuCyhdS1GRlW60YqlTHP1Qp+dKuPRlR1WioLfqY+hkYwrG69Zqji8PMd1uwakxrDU6zCfdWhdE2lts7CSrJuq8ebFb6ndw7uywzd9l0qzM8E2/22K7n/Ll7Ut58+cpj8YkHe6zM0PuHhxg7pu2N7evPJ3f+93v7f2btdif54077B2cROT6gff/DVv/l/Pr65Pnz55Qp09u+Ja++cY1YfA2voGz33hC7/i4UEISV3X6CRB+oD39ZNf/TVv+aETx08ekHZ65+rZM7dccfW1kyN3vvAjxx/89GuOr2/uxdX43/pPP/Tipd3DV7z4+T/55Nu+7tt//V2/9POjzc3nqM6Aom3xowlznZTcJEgEmsBcniBFxuakYGda0cx76rNw37kdrHfkWvOCw1e133X31duagycvrm98S627399sXvj2jz12bGnbd3jewV00raN0AmOiyAkB3UxTWof1kKYJlatJhcEXDba26EyB0hidIERE61kbY84WB30mxZTGCTIRmM8V08pyKUlvWjuCazAyjtyqpmFjZ0JbNQydoNPtMuiliGGJdx4pJGJm/7k8Cb6skZyJq1CzgPRnAtTFrDJfLrrM9sIyZtiKeEq7vAcWs7AEL2a2XAnaJLTaI0exgFsECeCFZFw5JI6b9/eY7yg2hpaq2oJakGuFNobcaDItmDNdema2+xbQMRolJb3kmZD6XGsmzkHR0neWSW25uDOmbBrMpRhA2xC8p7Ytjih2M0pRxYsyC3KIEI1+ZugYxSBLyNMEpGBatwzLlm6SkKeKq6UkNQmDjmGp3yVJM3bPw565Hku9lMzM9v1KI2RgfThmWDnmOymDXNM3ik4SU4s6SWBQBTraoYWjtDWr0ympERgpUK6lmZZsy4bawdpowqSskcqQJZqhi5jNVAWCbRG2wWhDUIrWpNQip9Jdqn09rlxOsGmXKu9wqm7Z2S6YjNcZ7wxpqhHVZIyzFq1VBLp4B1LHlYStUTQI1yJ8IDWC3DiyJMEIi2TKIEkgiWSluVxFprW1ZIlG2obSe8Yh4INEa8OgkyC8pmoMgmgzsj6lqgqEm0KQKOvIQ7yfQx5oJBhpMVIQrEDLljwTIC0SS1cLjLPINMVisHgcLeXOOqONiyhtqOYHzF1xkOThHOEdeaLppmYG+hAU1mFki1US6+J0yLnY8WolcSKKKEdlgXBdsv6ArfEOS8ETgtr7yO+86x/vueX5j0htLvMejVI8+NAjVFX1l/biSikxRgsl5fK4qp61ubXzgu2d0d07w9Ft2zvjK3bGk0i9I/K1m6YBKeikGSF4jswlLKaKVkgOaMvK5pTSBeZdZF7PZxmplNH/31r+4NGnObNdc26nIE0053wdRZ0EmtZzfL3hU6c36aaaPf0Or7h+P6+74QoWuxnTOqJJ0zxlY2fM9rSks3ny9fpz933vvue98kfl3B77P3zRDSHELlVrtDYy63R3+arIkjQ9Z+va/TH4thDUdc1Dn/ss1x25ngMHr2bfnut47PGjbKxv8KEPvf9bHnr00ZcPOhnOOsqyxrYlr3vNV53Ms6SoqwoBLu5l/jwdeEBKxYlTZ7/i7jmEKKVP8y4g6PQHGK1P/u3v/I6fued97/vp08ee3D18+IHnXXfTrcXCldd9aO3EY2/EhwWqiuxXfu5HXvit33fmG9/2Vb9Utu5bP/x7v/WLF86dvsv0lqiDYWs6pZ96+llGojWjombvoMd1u+Y5trbJmdGY9aBjGstozFwn423X776uPXviHZ2rDv3EN9195PPP2jX4B8f84LMfvud9f39rNLxza2hYNIY5o7kEgUp0DJxuyxjKfcmbudnUMeJMS6SYdU2CWYEX1ErgvSFNM+b7PbK0g/c2BoMnJlqdZrYfvMcj4s7PtmyNp+yZ72N8YGs4ZVhYCHaGkIy7WaUkyDgC9jMbT1QiXxJayMvq2y99GEQEc8QmBnEZHHhZZRwJVQF8DE6I1lhFojQZgiYxGK3RaYrJemg9wycGQdUEJo1lqWe4cmFA7hWtCxgtKIMnOIcMgq7J6aYpUmkWco1QgVPrY0bWkWpB6i1t2zKaVJSTKQtGsFk2rIynaCHxQjIwir39FCk14zr6MjOTII0iCEndOpBgnadycSTfNzF8PssTSucJwbCnp3FCUgC3H1ripVnGpGnwwbE6aZg2nmt2D5DBzhTNjrKJYQ7DomRt2pJrRdM1bAjBYpaQKkkTYoTddDxmQyVsFjUb45JupukmBiUkC50ET0NZt0zrltILgoPCtYyLEiUlc5mmk6bYdI4qH+D7S1R6gYtWM3ZQNA2ElmY4YXLmPPVwg3I6oWpqfBMxmwiBcpbQSJrgYmJVACMciXQsz+V0sijqlHiMjPD1pJuR65hTHRCUbTwwdKVF5wKRaKoyRyQW1VryJCVPJL08ktkS26BsTVcLhE7Z2Kooq+hBztKGXMaozLzjqLWBYOnkmkRosNNIuEsTPI6mcSiVkJuA1ZpJY6mCRYeWUI0JaYeqaFjce4CD+3ahqzFOpfGzax1VG3n23VSjWkchwHqPdzFVq/FxthPzpeHCzpQrljWq02V7p2RBKbbX1m468/H3/61rX/XWf+htSwiwMN/ld/7gvQx2LZH8BdpdKSU6WqN21XV95OLF5sWnz5x/ycX1jRsvXNg4OC1KfIh0NiEl/SxBKPBhFrWpDEFKdnckB/uGkCTs7whsVXFmXLBZVDxn3zL9PEdohcLx0ePn+PWHz9JNUg7vGnDd7rnL6WDW2pkXO+CCo2g807rl9M6Ud3zsMR44e5Fve+51XLs4R24M95/f5F2ffpRUet5y2zXUTz70rfbaZ9+T3/jSj3hn/0wt0n+3RVdrjZRyLs87u4Y7wz3r62tXXTjz9OGVY0/cbWwtDl571d8jzR46NB7+iRFFkqaXlc7WeToaTp87fdeHPvqxbwvRlRlzLtsaIUXzgufffbQqqqAINE37Fz6xGa3/TNFVmD3Ng4PSOp7/vLt+UwkZ/vk/e+xnfDXexdFHX7z3wMEP5bsP3LO6sfJGFzq9hZOn8/TX/8M/fdX3/ejqD/zA93zA5OZ//vh7/uDnjx997K5kbjetGLBdDhHAQrdD4xwrwylXLvR4zpXLHNspOTmqYuxh03D1Uh9Rl9nHP/6ZN1xx3fqh59/xnJ+4Xre/ubV8ze98+9te+ejvvu+jP/L0/fd9C61VeZrF9BQlINEMK0cAuolEzYLea3uJTBGompjyMpxWSCGYtBbdSZmUFTvjMb0sp9fJ2RqOWBnWCK0xIgaPz+UJvSRlq2iiwnWWs7s5nrLYSej3Oshg6YxrnBBIIqRAykskqZmoSlyiAyuYISGRUfjjQ5jBJWb0pMtJbf6Z3F0hwYfLUW14j1QaoQx5mpGnChEcwgu6SYJWCj3Loq3bhiDi4TAXKeOyxNmKfmfAXJrgBNHClsByltLPBHPdDgcX+7i25IkL62yN1qkqN2NKBzI500V6GxGHQnD1oEsjFI0Q7OumLOYphXU4ZelkGYVzjBrodxKMkfjgMUh2dzPS1NBJDFXtOD+acn5YUTWWa5cTtsYlZV2zpyPoa09TRW+0rC2rmxOMK+kpQa4lidZsFzUbk4raS5pgaeqYG9s4xzhp0ErikSz2c7oS2qqCIJnPUxweGwTG6Cgs85KgFE4ljNuGtiniyiQogu4hFvZSze2lMAtsOsG0sUxGJZPRGjRj7GRIUVU0VTGzTjUYoVACrGsvC7+0DKQm4G2N8jVpqskTSaY087kB3yCCQ6uUum1pmpYsj2NTF2LCVKoEMlQkQrJ7YYGirKhsTZp2yfOEYOOoOzQVVkhSrcmzBBVKAHq5JlOaNJFoHJlpSdOc4AwuCwQyMu1IlcfZDC8ykiTH2pZKKaTpIJWjki1JksSUJaBua3pG0VRj5vtz7Nu9RNhq2W41lgivaYKisaBn+NZ2NpqV3mG9p5kxrjt5xrAoKW2gKCv2LA6omy6jYoQJgmMfu+drr3rBq/6ferSz3skzPvrYo0zLmiVjwNn/7PhYSUmaJcuT6eSGtdX1Fz91/NQLN9Y3b55MygPDojRuhue0LmorTKIxQlA2Na1WcX1kLcJ7mqbi9oV5UglaQCrg5NaUe46dpmsMd12xC60log2859EzvOfxVW46sJs7rlhibWfMA2fWWBtHGJGdMduVhMQoBqnh4EKXl123l/VJzaeeXufo2pDvufsG3nDLIR5d2+G9xza5eVeGFaC03jU69cXvSZ7zqs+rTm+Mc//jFF0hhBBS3vrU0SdeMtzZfu6Fs6dvefhzn9ktg+uoEPKmKZNhUXPs7OmH73r+sx8qvkIwwR83bUtSow6fOfroj1IX1yx2OyAFvf6Aze0tDh48dOHaw9c+1un1uf7661haWqSYTGdCnf98pwsO7/2fWyIfAkwmRXPttde++xu+6VsOf/D97/tRV46T0ebFV/Xml/5wPBp9aHMyec1Tk7yrjz61p/fu//gvX/Dt37fzv3z3d35maWHXd7z/N9717x998IG7kvk92M4CW+UIZ8d0sxQjFeeHU7JkQLczYPPCOYyU7J2f47q5nKMrO+yZ78CJEzdNJ9N/l2pz7a1XX/MfB8+75al6p/y/PlwMX/Dkvb99Q8gNg65BKkntBL51GCVItKKoPYUNSCGZlsUMRh+7xdxoisYyLhp6xjIqS86vrbM016fXyRmOJjipZ/djoJNqauuxro2HFwLjsqWXpwjfsBMC/V6XfidDMsERWcXMrD3WeWrraV3AuZk9RkX/rBIClMSHaE1yXsQsXhw6XI5OwAMiSLxz2NYjW0uaZZg8Q8oEpGK5m9JPJbYoqKwlTRMyoyirhoSIPYzoQkEn60AwCGFphaLA0MiMha5hX8cj3JhpO2RrtMPmtmB7e8JkXJC1FuklRRvHql4q5lONTjKM1ijrcELSNQlISW40O95RCIXo5OhOxnRaszIp6TYNh/f06eeGM+sT5vKWxTRjoaPZ9DWnijH1eMLmtES3BXgPCMaTksl4Smkdu3sZiRLIAE1jsZlm1HjmvkTI5qylqxVKCGwAhGSnbjDKIIQnayxpxzD1nsZ5UilonaRtI1rSetgMoLDUTcta6TDdOeZ2HSAM9tAkC5wLkmljKYcTqmJEsb2JrSYI39KjRZRjRqMGgkMoUB6QHqUlqQwYGbOFJdDNJPiEoD2d3KBntKfgfYS3OMiVRM9gG40LWG8xoop7ZanATVEip20tbTOhlym6cz2MkoxG61hbkMiUNO1Ej7OARCa4ENg13yGRGbaegG/pdxU61TjXw86mONqXSJXj6RBIkDpFtxO6XYPUCUUT9/OJFJAkaCVwTYvuRdpZ6M6TdOcoN1dRUlA29jJnPIgoWoz6CznLCY6iRpA0Lt7D1oMXCuugsY50MMeFSc2cb+mtXzy48fiDdx980et+//yFFT7zyBNMi+mf2ajIyGFebtv2hgur6y84d37tRdvbO3c03u9qmyYVStG2nhD8DIc+W23hSNGUVY0NniwE6qLE+5Y2QCJh3sxRB0/PNdgq8OmTq7znixd4yeE9NEj6BD5z6iIPXij4hrtuIATHr3zuKGe3prOphoyscgISsF7Q1I5xZTm7U/DY2pBnX7nMm26+inuPXeCffvgRFnspBxe7PPfgAnM0DCcl23NdRscff5F45BPPSfLeveGvUKu09MI3/ZcrukrrXatnT3/jE489/u3nVtcOd7vdNNPgrcdkGdOq5szGNhMXeO7Bw1e+7dv+zvz1N92yE5w1gEWocCnnVgiBSVNOPvbF1z78kQ/8yGC4+pK7Dx/kiQtbtFJiEkOqJS96wfOfvvra605kWUYIgYOHDtE0zZ+7211e3ovSf7FLIKMyzz/r5pt/pj/oqV/6hZ//Xj8tFwPbX5X0eu8tNqdPn7q4fZNtBkJ+7N4bkk7+z2//m9/9bd/+nd/xkBDqOxOjf+7+z3z6edncLujOMSqHtEXJooKuTjg+cZwbF1TTKa1JuG7XAsE5Tu4UlEDtLbuqMwt7evk/evrk0y+8Ys/RB7thsmCCHUx8gqhqvICQE/NtM0NlHbX1JFqQucCGdZdtN6mSdBJNN09BSJaDx+Oom5atyZSFuR779h1gNK0uj7CGZUsQkixRMRzde3pZyta04sz6kH4nCk02Jw0Gh1KCUePQNo4UGxVP+cJbMgXGKJAKKwTbraWoA40TDDqWKxJJKmHTGgon8SFyhJ2LRl3lAzrL6M33yBaWMSaNGb0C5oRjWUu0TkAGRNugg0UKiUfFVB5lMCaNoeUSsgC1c2zrjE7e40AHrs1rxuNNTm1tMapqUgeqip7frlTkyjASklZKpDLkqUFlGiskUyeRmaDyMSXHtx4SgzQJm8WUxa5kV18zaRrqYkrRNiwYS2+5TzHd4UKrSVxLWyaEEFhINTtGcNE6EinodzK2SotHspCnZC7uK+vKkRlB10gyFR/KLgRaH+MFQwwxxoZAcHGHP60dS72ERAlGRbTW+CDYKiq8hzSJtqXGWUJV0XpoTYaY20961TWopSsYyZThdMpwc5NyuIUtJ7hmSrAN0+EQ21bkiSbgcXUBbQtKYUSEX3jf4KwlF55EOlSaIQmkoUYrgewkBN8QmgavNU1IUCahoxRKxLG8UpG5nCbxkJZkOUKntIXH6BTrGnSasjS/myTv4toG6Tt4ZxkMFkjSDmVV4l1DYtIYrpDqmMRVBHCOLEuxwZPmnUjhcwXKOYLOYOazRSus0gQhqNsaKRO6JsVWliAdqQZXjEn37ol6BykJWZfaBoyJCuvWWiZljQIyYxDOMZekXJxWgELN1imN9+hI/GRqI6FqZ1qz3O9AmlFNS8qq7qw88cWX3vTmb/799uIGSH1ZLPplymMN7COE6x9/4vjtp0+euXvl4uZzx9Nyt7U2qdpoz9FSYF1zeRrVtpHhLhAkIlLGirJGi4BxDVVdI0Kg9J79g5xES4rGsdd4tkdTnt4a0/oYlFHXFefKwJMbU15x/QGqpuQ/ffopJnXLUp5gdCTB+ZlwMoTo479EsotTBM99x1Y4smeeV1y/lz96apV3fOwJvvOlN/KCq+c5dfoc61tjxkuLLIh6rjzxxTvc/mvuDbb977vTnSV/XDfe2fqJsycuvn1rUiQoxXhasYOnsY7tlU1aIdxgbu7EW1796vf+ja//+l+95shN4zTNBd6C0mytXeAd//z/ZmFhniTN5MOfuu/tX/yj9/7TZrx9qJaas1sjJnUNOiEUJctz8+yd67Q9X7SpbS/vcbtK/Dm7Vo8fXWBw5Y24v+BFllLinBveeeedPzmZFtUf/O5v/cSF9bWkmyZvTPvz27apwuntsUikpHfvh19kuoN/evs3f/937t6z5wtv/9bv+K6s0/vZT3zonhekc0v4zgJlMWQ4LTB5j0omhFBikoTlRHLjfMrR9SGprGmCpahT6rkuWpmkvP/+NzbjnTeme69iMhohTMpCLql9HNnWzrMzrWcRXYL9ix2MkVwYFaRaxSSRukXQ0FpLahRS5lStpbItw7LBhcCVB3ZTTcccO30eqQWNjXmuqRIYpZjUFt9UdFNNax0jr1lamONZi4rcRIHR6Rqy+QHX7+qQZx2M2M9Cv0M3N2RaYKRm2jo2Ssd6JdgoapaU5QozJTGKodKsVoqnNmusnTGWg0OKQG/fIXTWAxzKe7oSsq5iudNH1hHdZ5YW6U81ZrqGyrr05xZip0GgUYYQPK111LalIaWrcg7lLYeyKSub2xxf3UJ6ywAYSE2aGiZKMxQGYQxlDYUTZGnCVhAUkxZrGwSK+Y4hTaIifH2nJJWWVCvOrm9i65S9SRTaLCQQtKKtG4qiYlcnIzOartY0raeTGnb1cy6MSjqpoZto9vRyQijidcgMAoMgqmjzmTc615quCZQuUPu4/rFBUFqPCzFWr/GeNEmZto6y8WitmQ4LUhlD2ifWUvmWCkvbNHTmd9O98jBqz2HEwgGcMGysXWD93OOMNteomwLhW0JTg7fYtqUpJyhvwStqJQjOkpsITUlUQEhPe2mFoEGahFQJ5jsJqXSU02EEt0iNFClCeLxwSBEzb0XwOOtJVUAlAkUKdDFZVGarVCF8Q8Bd7haFDyRpihY9hK2Z63eRaZc07+BchSQQXEOeKLytyPKcLMmQQsWkrCCR2qCERjiN9wJHDAfxIWCSnICktlVEeUqP0gqUINcQfENdTdCA2bXESKesFjVKeS5hbJUS9GVCGYA6UAmPRNDORHeIgBYCqQRSa6aNZaeKz7S6LFnqpZybJKi6EqdPPf2ijZVTC9PxcNsYE8fGSqm2abohhGu9ddevnL94x+qZldtXL6w9azQt9vk4xEQqNfMJB4RzNG2M7TRKYgNUTYsWIJTESUnTNFRVSUJAqjiZkjI6FHqZninxHaGFi+s7LOWCm6/MSZNAZR0nNkuWuh3KcsqvPHgMKeDgQg/vo3WRS8hYqQg+RDJcCATv47VXmi6K05tjfAi88Jo9fOSpC9zz+AWuXMpAKeq6RpkE5ZtMtdWN/etuUa4YOf4LIjD1V+Jw/kUk4oJwcPXcmX9VT8dvqDxYHzsF13q2y5oqBAaDwdkbDx5853Pues4fvuJlr/isCMEqrWdp1bqdjCf8wx/6IbpzC+zeszs7+uBnv/W+9/3ej1d1s3do4ezmkO3plNQkJEKiVU5lPZ/52L2Hb71qz5G5hYULf1H7UggBk2bc0t/NYGGJtq7/3D7jMLNLVWVln3PHHT/byZL0Xe9619+tppPu3Hx/j+wPcJMdNpuWJ7cKuh96z1u7u/avv+g5z/uBx44ee+gbvvP7vjsQ/u3n7v3w87UEmfUI0lOYDmVZgw/M9wbcujtnfy/lg8dLeomahc0rGl/QWM+eQYZ48kn21i275vskSRReIGaWAgR160iNIQhB2TrSRJAnimkdkYhSGHpZMivSDmfDbOTq2Z6UnDq/ilKwb7FPR+5hazSll1h8iKO9pUGHa/cuxgg4FSlFw1ZhTcbcwLNf11R7+9yUdenmKSZJ6GQp06pGpSll3VLWDSJAUpYs9xW7phVHqx22hxMecgKZdWmbi4wah1V9pJJ4KbHOo6VGS0PalnS0oDs3R6oVQsR9apACmaZ4JLu1QuRzzKkEaZK4D2saQuPwtmZqLQ7FfK65JhnRa3Y4VzhWN0vmrSMVjsRDIjSVSRjrjIlXjF3gYttQNZ6kLbHWMy0qvG1JMwVeM+hqBAEpPBfGU+YyQzfVhCCQQjGXKq5a7OKsp7YOIxU60zgf4iQgEIU7KuIhl7sJqfD0lac1ENoaFRKK1qOVJNOSpdyQJ3Gf7fxM7eoCoyaKkVKpsVIybiN7OtGGpnUQoGckvrUULu7HfYDt0ZBe3mHXzS+lc/WzSXcfwgnD1sopLjz9ENtr5xnvbOKKaYxKDAFciwie4Cz4hkRFSD8uRu9ppciMIpnZoapGxJWPj/anXDZkwpJnHYTPqZsanaakSYJvyiiITGLX41w8AGUmYiKRCpPm8WfwDYvzAzyeum6xNgJMRAhgA4mWSJ1g25rMZKTa4GROogMSTWoUwSVYFz8f1noQ0TdbB4+WCd61FEVBNRtvVzPIjNaapm1o2gavLFb1yXJDKBvSTsa4qNFtYNE6ksECo7LGu5pBv08Ijo7WeAFlZXE+oGVcB/m2xeJJlcCKQHFpXeMDk8YznwXqpmG+mzORCdNWcKXSyydWNq564vQF7Wx7tfVu/9bm1s3rq+u31k17ZLQzvMa2rs+licbMESCloG0brA0xjdgHGttGoSySoqqwzpEbFbUhdU05naAIyETjELQBpIve8X6qiZNxAcEyLgp6MjDINDa0PHxhyHYlGBjFh584Q/Awnyc03saQEeLBRYRIbYsiyziKdy7QunZmmRPM6YSLo5LdvSm37l/gs0+vIdUCSRJ1Cs47ahEYb128Qa6eXm7rYu2vquQu/HmKblmUf65vliQefOieP3vm72+sr77B5F22xlOSxNDMcm6bAK969as+esvNz/pn25tb94SZ0qw7N8/2xgZnjx9nz5VXcfSxY7TWoZNk4dijX/ihY1/47N/ZHBe9c+OSs5ujiIDUGqUki4sLmCRhfXOT+754/uCR+x951ate+5qPI/kLb7+L1vH5j76PO1/6enrzi/i/xAJ9PB7vvPzlL/+prNtX737XO//ntfWLu/u9DknWYxIcZ1rBYFST/+4vfeed/f75KxcH/+f5Uj38xq/75m/p9+f+zQOfuPdVlRais7iP0Wib4XCCbWuumO9RNJ7Pnt1kXE2p6WBHNYOyYV83iqUsYF1Ara7Sl3PoNCNpppEIpAQYB/2csvUI7/DWslNH1nFqovc5SxSJEkyrFuue8cQqIRlXJRe2AkZIbj18JTdcfw3lcEg9S+jR2uCcJetkBKmorSNVirxoeGSt4LRyXH9tj10u46Ftz4XKElyLE1NWNrcYlyXWCYqqRgrBcDxhe1oxdjBpGlqrmJ/fRafVFFNB2s1Y7OXUbWQUDwZ9OtIhZEAnKelcJ3KWEWSdAa6aEmYCIjUao2zLmu4gZaAopxFnaT3StxR1Q6s0nSTlQMezNykZlg3j7YJ+1aBtQxsCstvHZn1OlIFtK6nqitG0omgtVWvJpJ8JtyL/GDxBehAB5z2pETTOIVXKwfke08aSGskgTejlkrWdgrWxi93qbFeFs2gVwwG0UGRakieavNelu7yMWDa0CNTiHMYH2saSKUFiW2zb4tqGcdVifY2XgVHjwQu6SUzliXvhQCrBCslW3TBxjn6iIEhqaylG23SWdnPFK/4G+ZXPwkuD844LJx5h7dgjDDdXsFWBKwtEWxO8JTgfaWLEvOFEeRIlCN6TJIZ+plDGoKQgSxKcbVFC4FtLmqT0c4MJoKUF5+nkHZSU6DRFJybK8z2E0EZhnjEElSBDA85GilemISh8PUWIQJrkeK/p91I6vR4g8W1JnvXp5Clt46ibiMa8bFILzMbtCbYNTKuComlpXXzI++AjaUxERbEUFiUE0uTkSiMVZN05jIwI0zTtI9IOQaUEEdDthDydJ8WxdN11jJ51G089+tiMUxCvvxQSJSR1tF6TGEXjPdaClD5S1pCzqEZB6RyjNpAKyFpLZhS2N4/J8t2fvu++f/LoyfNmfeXcVXVdLZw7v7ZLqRhIkiUpQQnaEKi8wzctdWtnrPZwGUVaOUvbWnKpqFuLm2VGt14i6pbRdILwlk6aRAJYCDOBVSyOiZZY61ABMAJvHan3pEJQ28Dnzm5zy95drO7ssDosyJKEYeWoXRSPKdGSKEXHaHIRISJGxqmNEyCFosHhiQK0PFGc2hhy24Fl5pKMx1ZGXNGPzZP3nqTbJZTlnmb93NVCq7Xgw3+9TvfPA5aAyPA9eeL4q4+fevob+72cnWlBaz1gmVQN1qTtN7/9bf/x7/7wD/+Tj3703qfPPH2awdICyhiOfu6TPPqxD3L0sSd44WvewPL+Q5g0vfLc8aM/duKRB7+1UcqsjErWtkZkxoROYpoQSPJuXyiTMJpMsLalBb7w5Ik7rrv+1KIQYv0vwwEtpxNar3jLN387o53hX5iqJYRgNBq1d7/g+f9cBP/Z973vfd/zxCOPvC4zkl2797LhPY81Brlj6bz/N3/k2rd++yhR/NaZ40+uPPdFL/uti1vbL3706JOZKAu2tnbwAkxwaFswnsLqpEJ4aNqWUgmu6maUdc3JTUftA1VrEVpR5po0ychESZoZ2jY+9BItaVwcRymtaeuKykZxVQiBqnHgA2mekmiFlNC0lkwEPJ610ZQAJJ2c9WEXLRzBNyTakHYNKxvbTMtNgoqj5bppaW1ge1xhtzx70j1crCv+6KHzrE0mKCkZTUrqtqGxDus8Nvj4JJGKOhi688ss7N5HUm6ylFUkiSMkHqNakjCBTock6SO1pC0ahBf4NKXRhsxZOkkSaVsyQUmYD5ZpW7HlFMG24KM31nuBDp5pY7FSk2QdDgwSrkiGTMuaalwjpwWybcEkiCRjVXVZLxPOD6fUdUFdV7TW4YWMyuVMs9hL2Jy21I0lmQW8awnSaGSIFqtcK3pakSrwtqGRnkRIOiKQC49wlvlBl05/QJbnOCGolMarjAP9g/RaSPMOzA3Y1x/QTTWpa8iFpylLUhnoqkBV18iZbW9re4eqKBnWjmlVMqlKNrbHiLKmKmu2ihKpdOQft4FWS7SSbA93yHoL3PKm70QuHmJzc5WmnLJ27hQ7K6eoh+uEtqStK2zTIkODJJDJGM2oZnGNiYw4SqMN/X5OrmJhs+h4sAgNSlpk4hj0Fd1uTmIG+LaiLCYo4Rn0O6Qmp2gKtE4waUZbVTRNFQlfaYK1ESsqlCJJczpphm0yBJ407aATjU4zhE5oWksdLHXhGVYNo2nBpGxp0fiZDUkrHaMfE0+eZphkjvmuwkjQwmGUxBiNEh4lwYiACBad9lCJoW1qbDDYtqZtKrwPtDJQ1CVlUWLDJp2FCiENe/ft5q63fQN7jzzMZ97zOzRFQ5Zn1NbRhKjSHdUOQSDTgnETaL1HKokBCsAKQdl6NqctykuCaEmMJDUZnzyx1n3kE0df74XEGEMnS0EqWu9IpGZS1RRNi3P2sltgVDdxPB+iLiALUMaLTFnVpElCmhjKaYkP8ZBXty29NEJY7AzAQhA4YjduPUzrhkGWolWkpRnh6SWSlYljbydlPtd89vgOtQtID1pKjBZYH5jWLVtFw1hbBs6whKSXCIwKtD4eWQUiThqkQIVA0Tp2ioprlrp89vwGHe25Ukd0pFQaY5sFuXPxKpF1PvNXKab6zxbdh+5/8M+711x8+MH7v36nrHteK6omxnGVTYMT0r7lq9/0ru/6nu/9e71+f2daljgE3WrK0U/fx8qJp5BCsPvQYQbzi6yfP3NrsX7+p86feOqN23UrNoop46rGAXfdeM3Hr7nyyvs+9JkvfI/UyWJRN0yLgmoaDwdJlquF5d1BSvmXA3IsLAKOc0+fYmHXHpy1f4naLSim0+Ghq69+z5vf8rbH9x848GMPP/DA6088fXpPv9/ByT2U0nDuyYud+f/wyz+1dNXVX3v+/LnpFx7+4qHzm1t6XBRc3NpCetiz0KeX9dnc3qSxBdbHKDZ84M6987z5xis4Pyz46IkLPLm6iV1eoGpamm7AJBlNBa61SB8ZxApIZeQjb44ryrpmMpmQpjlpommsBe9oMyKxxcO4CeAbtAxUteN0a1kflWQm+vPCLBu2aR1lU6NFPMl6D84HWhdIE8PWCJ5YPcGkadm0Cq2gnE6ZOMm0btHA4sKAPDF4ZBSleEGn22fXngOsnylY31zh8P5dTH3gidWavdmIaw7sQSc508aCMljXYICeSNBGgLeEJiC9Z9lIJnXFeu3QxiBdi0VhvUS2NY13NKjYWaUpNy4L2J5ybmsHU1Voa/FJjs96bKuMx8eeRDXo0DAqy6iSFRKjBJmErjHM5wmtDVQE0hlaUQqJUJLUgBYS7S22aZjLEpQINF7S6fZZzgek+xPmFhfJ0g5OJxTOMxxO2Zpa0BlL/S7XLhsGBjqhZpfbZFlIBDW2rKiaFovAIZgWLWmSUCNpJxMGiebQfI9EDRAyHsgu7ow5tjnmc6dWeOrCNq1z7B3kVC7gZmlIN7387eT7ruf86WNsX1xhPNxh8/wJRDmiLUb4tsA7i3Aej5+Rr2TsPkT0iysVC1XHaHpZFMgJREzv8ZZUpYSgkGi63ZSskyGBJki0luRpRpanpEqCl6gkQed5TPkBpEpIjSDRGSHvkKUZQSmmradqFXXjcdMSJ6PHuLVx9+ecQwZPlmiMMqSdLgudLp1EkSjozESGhIA2aRSl1SVtUzItSzardqb8LyiblrpqmdQNlYO6sZRVRdk4yrqhtYHaWoJUMxFbTLtK0pR+r8fy8hK333EHL3nebeTzS2yePxe7egE+xENq2zqMBOcdmQqAxs+wr3aGVfXBU1hL0Wo6xtPPE85uTnh4a0q/05mNywPWBVobWfXT0FB5H3+mWXRma+PBXvn/l73/jrY0S8s7wd92nzvm+rjhI9JnVmVVZZksT1fhEU5qjRghhxp5ATJDt3pG072mkYQ0QkgtiQEEM0ISyAsnQYNAIExBURSUoWz6DG+vPe5z280f+4tIkNZ0l4AqDRJnrcjMFZlx855zz9nvft/3eX4PhKEQNy6FpFTGYDKNMAYXXKJjhURCSwEhgR6JDykoRdzDvoZ4Pwe7dpYuaAIeHSMjrTluO57czpk3DS8eLKhdpHYdIUZKI5iUGbuTimXfc1j3zOo+jZzlK41DLkTizgeB82klmCuY95bz2xM2DwtmzYKmCnR9n6Inu/l0/ZGndsePvoXQNZ+5ovv+9/78p1ho5PbdOzffkGlB51yiGUnJqu154xte99yf+do//Xd0lh+/8LGPoI7u8uhaBm3D3Sv7FKMRIqaR4K2Xn/uSZ37hp76hPrz7prkN3F11tL29jyZzIXYYo4q8EMvVEqkkKnj6wary1FOve+/5ixcPfyMvQluvONq7xdbJM7+uonvv0fc9k/Hopaff/PSffe3rXv9Z7/m5n/7D1y5defeNm7dPHFYFL0vN8S99dLwxnbwzCsHdO3eRMomRzp2/8Ey3d/vBwnf5qck6o+wktw+PaWxDALZywyjLWVh4cHvKNNe87/IdXj6asW8MVSfJqhG2TXvF2kZ8FIyNZNV1w+1dxaoqV+XUdPO6rbynjFISjWGJRkfJ4XzF3cUK33cIEdlaX+fU+g6zpmZvsUwUZKHobU9jE3pN35sOCEEIEaUNMstp2o7bbU9EsPvAGTZLxZ2r16jyMUfLjma5oioKRlWJlwqZ5UPohaJe7LO+sUntLSeqjGO9zoMbJSfjEQhDezzn7NaUGHpuS820GqGspek78rLEhch2Hmhdz9W5RxmB8BYXwCMRtk3TkhDReUVRlDyylZN3N3hxbx/V9hgXaKUhmhELUfL8EuZtz7p2zNuOlU8FNOUuJZ6xUpJMSnZHGccyMq4KkAGZzBR03qGlZjJJ1KDx+iYba5tYoekw5OMx5yZrtHXLrf19DmfH1HVLs2oYK3j1uQ0ermBDp0OkbZY08yWfuGm5ftRya9kx63r6IDi2grazTDPBygZWraXMFOtFxvak5MS44uHdNU6NCy5u7vK6k1M+cGPGz75wiysHR0zyAH3NzrkH2bj4JKvjQ0Lf0K4W1LNDsB2xrwldDcFS6gAqxSnKIZ1JD7hMrTRaQ2UUWga0CBitKEzqKI0pKUcjjAZbr1JIRabBBVRekGkDMSClQhpDXqUVjs5KlM7RFlZNzaxuaTy4mHKGu77D9T1BCJTUmDxQFZpRVbI9rhgVyY+bZzlSRnCOtre0vWXe9CybmqNFzbxuWaxa5k3PrO5YLBYsm5a6tSkH2aeC6EMqeD7EX3daz7/7+V/i+x9+mD/w+DZlmdE7j4iC4NLXKzPNorXU1jPSCgusukAIHiUlwaWscBciXqSLDxFeOmqI6BR83/dEH5FSDArgSOMC9ZCaJIXAOY+NCTQjtU+RkkZT5hkbxrCWZ6xPpyhT4HwHtqdpe5ZNS2s7XGdZdD1aQS4jWshUySVpHO0cgRRLiZRoHFVUdFbiCLy8N2fRenKTUrt656ktzJrAWqk5MUlWy7uLhmVnqYwm1wNXfLAU2nthKEKSSUHdJR781ijj6oGgDtC5wNxCvWiyeHR8LndWuL6Pn7Giu1zOP9XuTtdtW8YYyYZg5OA9hYSnX/va6+/4b979wtWXn+dDP/4hdPSMjWTZCbTJEq3FmPU7Vy79iUsfft+fq5ez05ePVlzdP6JzCebgQySTgo8/d+ndL129+VnB+zz4MESN9ThE/L1f8d/+yz/83331d48nk/Ab4UCH4JlON/H2Ny4Vd84RfFhM1tZ+9B3vfOfPjz7viz77/e9731e++OKLn3316uXdcrzGvOmwXYMsqjvb2zsf/tx3vfMZk+f/7NLHPvKFL3/iI//D7b299fMnd5kvM+7MF5RFzlahuTNb8f6r8OSpDc5MSr7o0TP8/LW7fPTmMfP2gLWpo2sjKrTYKNNYT2b7uxce/KevPnX643cPF/mybmenx+Pi5t2Dr3n2+WdeH0PgsRMnObG+xuHhAUeLJauuI8ZI5zzTKNla32R9NKbpNxKE0XbcPdonxBQ5RogoqRBS0LuUz9rWCe7R95Y8y8mUTB9YrbEhMi5zsA6kQmQFShq0zii0YKyhDC35uKSWm9xcLcjXBK9dd4zNGncXjkU/Iws1jfVUekL0PcfLOcVoitSGsbZkwfPcrEdiMKTxlo0gbI8kDN2RQhvN6WnJI8WSK1fuUh/VbKgEjQhmRK0Lnj/uOe4tvl9xI0L0rwQvpNjCtDuWAkol8FpxVKcs5aDFYNkqqDZ22D55ihOnzlJNN2ic52jZsKwblIZ1F7l96zY3rt5hVjcJRhECr9rIeNOZkp2R53Y948P7HXfmNVcP5xwsFxwuWo5bRx8kLvrkhQ7JGm1ISljrfBI/SkVuFKUxrFUlp6cVD20UPH5yiy96/Czveuws//T9z/Djz1zFLZacf/15gpB43yCCRxPAdkjbYrvkvTRSYEQao/shWCHGFOo+LrM0ehWBUSYojEnjWCWoivTeEKqkGpXQN3SlSZ2QiMg8J8vyFIbiLCIKXPBEpZh30K5qlm2gcYFV22J7ixg6x7xIHfN4K2NU5YkmVZUIJN57urbjaLHk0u2a2bLlcLbkYLZgvmpZrBoWXUfT9qlDHQRA93Z9Qw4WmgTzSBGQEjOgTKNO/0Wy4Cjuucvv08EDr3jNh3Qt6wM2ery17NR3ODyUrJWaXClqa+lcoMoUiy7QRI+NKfBg5ROaVYh4HygzvDXpfUCpjDvzhqvzmq3plGYIlQnhHm5I0vSWxjrqrkWSlMpaSso8w2hNmRtyoym0psxzSq3IpCSTMMklm2snMEqyqGvuzhYcLFfMlw2H7QHeBrIs5TiDJESPDWFIOpNMh6lEV6/Q3hNCZNl17C26JAo0ijxISq2obaDuPXvLlEd/clKwXmQctZZ52zPKFKPcIGW8f/FxwqMFBAOrPtI4WK8Krh2lKUhtPacLTehHxNXsYn98MELIJZ+mEAT9HxcN/6kWXe+sb8PQ6VifrBlKgor9eVfP3zC/e/u9UkmE0gSGFCIhCkJ4ulvNv+bw1q3fOW+78trhnNuzRZKUI2hsMlBLKcF7U89XRkoxxKIpe/bCheuvevyx7/5vv/x3/v31za0b92hFv/6iG1Kg/W8i/tJZixRyboz+N1/wBV/wc29969ve9S3f9Fe+tRTu9GRjxCPrG1x85PFffOTpt/7pu627dbhYsdjZ+cjyzLlrx4d733D76PiB4+UCr0wCE/Q9rTFcO5on1qofs5EpPu/xC5yajPjJ525ye3+PM+sjcl3iXcQYCVKazXGlz+1u/vTbnn7dyx9/8Xr85Y+/sFtOJl+lTU7TNPgA42rC/sEBrUtTBjlwbqPv6fsGLTWZyZBa4aJPofKCIaIusZR9CEitiMGnHdu93FyRaFFBFehM0S8byo0tpuubKG2SKMhoMttRSEteVASr6eqW8WhMtXuO0h7TNXNyVWH8ikzD7YUlqpJMexbzQ0KWk41LRLTsZJZP3HZYNJM8megdqSgK29L7xPAVUlOVI169Bmq1x9HRnCp6ogeT57i84tJxn+AdtqFzFmkMOnHtCD6gxT0/rMBaixQZpVFUJkNkUyajMSNdMFrbZn37BPlozGw+5/b1PZZ1y9HhAZM8Y2dacXtvj2sHM1yQ6Agncs/bL054zekpB03Dv35mj/ddOWB/1eFjTOsc54nBI5UEATqmS6uREinB2wQjUcOYWwLRBxauYd607K8ants3vOfaglefnPFFT5zh697+GCcmJd/+4++jjlliXVtH3/VYZ/H9kmAbnO3ReIyUKJWsKyJGlBIUOvGcJ4VOY9Do0FIwKlM2r0YgjaYYjYghfV9CS9bLNbLMpFFskMhsSu88S6+YLWvmq2XKlrWOGDxKaYqi4sTGJqMiI89SygxK01vPomm5sT9nvlhyvOzYny2ZrVYsVjXLuqPpLN0QMJHKVWKEJzCETOAUbZBCDbqqV86bFC2ZFNd+EKT9WrdJiie893d5rwjLJHgKMdK7gA0eLQUX18e8+6ETvOXcJi8fNewve3ItSUJcwbLt8RFGWUbnOhof6a2nMpo2iGTBGXjlIem86F1g3vX0Lr1fG+sQMaEkfQx0PuCdxwNZnjGpSnKTUqSMkmRC0FpL27Q0PnAQPcQw6O8iWabZ3Vjn3O4Om6OStSJnf7HChcCoymlXbXoNYsJUChGxLiTYUGdZOo+XChclAjnsintcSNoTIwR+2MuKLL3WdQ+HtWVaaKalYdEn/KOLiZYnoyCIRBLNYvKbK6koTMQjU4SmUPTAcdsl/YWUaMGmkGpNKL0kfIaKbl6Wn2rRrWVmbvSRR4KIICM6KEIUXHvpuUdvfvIDf6nM8m8LXfuJvq776NxGsPZVsWvfQbP4vLppHnHAYdNzsGrwMY0cGutRWdZcPH366qgsD5qm1XXb6izPmpO7u9cevnDhY299yxt/5tr1G7/YdX24F8n0Gym6n67Q5vhKEtPheDz6wd/3+//gq//ld/ydv3Rab8jd6hRvmoo3PnFq/LZTb3j7DxzWHVeuv9X23v3r7/6Ob//KX/z5n3tg3nvyPKdvW2bCJ7WxMVzdOyZax8WT2+R95KmzW5yYjvmBj17h5cMF5zfGTEyGkYJAWLvy3HNfu5gdv7soR9/yB/7PX/zPt0/9ivkn3/fD62WRMx6NsM7Rdg1N0w0QhTAYzkkpO4B36aZdZGMC98ZDKTEowUjS3jl94IfxTowIKQl+YBdrzXg6IauPMTJnY22NQjhy16IKhRIOEcBrjUCQ+44mFnRH+zx7/WVi8Dx1YZfj5YpFrxiNS4oCumAR4wmTtTVC33OqiOzNLQd9SmpRucJ5hW0bCpU6QRcChdHIrOT0xoQT2TG3b87xfY9JXjZMXvFCK+lDZLuAl+YdSiuUlhgUnXNYH1A+oqWizAtizNHVDjIfsT1SmNEaWmVEJKsYaA5mNFdvcnh8nOL9pGK9MBjfceXGkr1VRySpTk9Wks+9uMaJqeFnXr7FT1864LmDZfIWxmQNE0NakBw6LxHSTlUJgVCC4JPNRAo1xDwO2E2RJhOZVGiRUo+apuc9dcOzByu+/PEz/L7XXmB+cItPKI0NAWdb6sWMbrXE9h1t26KiI5ekTnZIdVJSMKkyyjxnVBgqk3bZmSmSjzMkf26elyipMMbc5+jqvCQSWfWCw2XH3UVP45a0XTe8JwUyOowcfrYyoIwBldE5y9HdBUfLhsPZkqNVx7Ie1OVNi7WO3jo8gSCSVSsTaSKUZxlGSJS6l1I1BHOQxsX32N4hDpaZGF/J/b4XtpECn9M/D58bF+LgC45p9BtT0XDRYwcfbmUU5zfGvPrkBq/ZnbI7Tn5pISVKBnqfLE0uwuHSUuaakREshSDISJYbhIA2gBEigWZCmmwIcrSSjPMU4NC3dYrQJHWZMQqk0pTVKGEbZYr47PsO27Rp/xw8q9Ym7rmI9605kXsXh8DlvWNeunPAu594kFNrI8ZasR8860XBPApc1yAFKcc5CA7rjkWd4YTiqO7oVYbMSyoH2dD9K5HUyHLI0I4iYqSgMPI+zW7WWqpJQa4V89aSScWF9RHeB+62lj5EtAo0Nv1cCx1pO0vne6wX95O8PNA7S2x6s5XlmdSa+Jkqug8/+uinWnQP+hA/3D//wrvD4F3TWmCd5OPPX1Y/8aM//LlvetXDb7jziV+6fvvuot/eWh/rrjuZNc2alYpl77m0d8BiMHFb56md58SJE8+9/qnXf+dTr3vdv3v+ueeXV65eUUXfybIs7ZNPPD47f+bM8WrV/KbGCn66HyEEdjY3OfFZ7/62xXL28Pf//W//w72QRB/Pdq7/tnzrxFE8+cBP930/6W9d/vPbdO/caxzHTc9Epdv1ce+RyhJCekNen0WkUejoWRWCE+OCP/z0Q/zki7f46PU9+nFgZzS6Hxpw9aXLrz48PP67RWGePn/2wk9XZT7Z9548T6jC2fEB87oGBEpoIpEQfeIlqwzwZBmURYWrF4nqFHqETNMJhkD5GFKHACn+MY3MXvF/j0dTHtrNCUWG0R1KA1oiux5ZVJSmILhA6yxRZiybmm5xhB5vcWF3m9XhdQ5nLcX6FqbUkCu8KqkmU+gSXrDwio8tIFcCET3WJl+vDB5nGywBk5dDKpDmbNYSlvscHS+QfoDHZzm3fcalWc/ptZzFakkXBdEHZPQEmS4nhdasj0bsbm+yu7WLzkuCMux3DkTAeonrOpq2JnhPcIFFUxOVQQqYGE0uPDdnLTeOG5SMjKTkxJrmXQ+ukZeGH3x+n1+4dJtZn7QTo8wgoqKLAXwA5+htGuvHkGLulDJEq+htGrfmeTZAXbifxJQN+/PgHMpZMpNhvWPvaMZ3f6DB2rN85ZOn+bFsk1lMCnrbtUTbooJL6D8EUiqElKDSpCvTgrVRxqQsyLMMgiXLDKOiSEpfBeOqRCmJkJrWBo5XPcdN5GCxZH+2oKktLqTCI/FkxlCOxogosd5iu5qm8xzXPcfLhnljk/K2S1msYRjfpgjElBurlKDU+bAKSf9O3hv8Ds4pH/1gjZHgPX4oLT4OHWv81aGSYrhchuECJIdi7IcwjmSzCQSih34IlITIKNOcGJc8sDHiwe0xFzcqNqoSG+DGskPJ9DPqe88kS+8VQbL6La3DR5GoqhEyo1m0PcRIGEZQctjTIgVZnlE4iwjJFmt0onghks+yEIl53jUth22Lc57gh0zlMKR1AYgEx/DcG7OnX0IqfIzcOpxx6fZdnth6gM3CcAmJ1opxCQddh3CBKAXee+rW4YWg9pal9Un7sFKMgyNTKTlJSzmkhQmCcBBSMEuuFZmK9N6x6j29C+RGEzqPDbA5yim0IF91zHvPvO3oXBKtxRiIQWKdH5oLSd33vHz7iImybPW9bY72eqkU8TM1Xn7kkU+t6Gqt6876n/np9773T3TejqRXeAE9cOXujG/6jn/MGx48teHms41cZkzGI4RSzKzn0t4+Nw9nSXzgPMfLmi4SH3v0kX/7jne886+NqtF7Z7NZ2o8OPqoQAs6lJXhRZPxWe3jvKbLs6I//ua//i/t3727++x/4V18mUEjcyewH/snfvfjFX/nf337mE++++p5/+xd++eOXzJ26pSiKuFouBSHlh879AHroGiKR60czlICTo4Km8zx2Yo3f+7oHODEu+LmX7rBojtkdl+RKMZ5M6Fd18f3f88//2Prps18aer8ZBRweHbF+4gQxBOb1ihAdRibbyHBxx2QGRAm2x9meXx3EIYYRGzHe9wimN2taJ6R/B8JopBJYLcknCcuItwRpkDJLIqS8AjR9O6ezntFknfOZpjx3nravWezt8dLLNzl17izbZ06iy4xWRozOML1H+8jJqeHaQU/bO0a5SBAEDBKPkoLeBYRSaJ0TpKASlu3YYeuaZtUgQkCanN5UXKojZSYRrmd/2dD3lqigKjOmowmntkasT9fY2tykyEuCUBw3LUfHy2HMHIbOJ70mxhhq5+hRyBDI85xcS/ZnM67Pe4KzZHiyUcaT53YZjwvec/mAD1w7oO1bcgRRazKpCH3HfLaibTuCMGn3WSS/NDHgrKW1HqICZ7F9Q1EUqRsf1geZ1sTo8d5SZunnUxqF0CXHfeRfffwW08cK3vbEip/D08j03xgClfSQpS2lUpAXOkU8SihM+tqZ1iAEWZaT5zn3Vk1OZ9xaeo4WK/YXDceLmluzhmXt6LoV0XVoAWWZo3Xy/dsInTukrjtWXU9nA856Ykw+2XvBGVKphEtUahjlDlvUmC6RMTKIJQWIOASdD0lXMQ6UKfAkAdGv6mc/JRcD8V4upSD+KnSAkoIqU4yzjEd3JjywPmJ3WrJZJVtb7z3LvicGUNGRIWmIdKRsYr/qICTl8rL1HFtHiJ7aB6Z5ln6mUQw0JkkgJkFiZ3lxb8asbhlXI6Zr4yF1yXJct1jvUCGl8/Q2TUkGf0qyXck4qJHBBZvGyvdIUPeemwhokyx/L9w95Pa5XdarAikYUqsFaE30aayNgNp5IoK67Vn0nguFocaTa5lgIBHMPW/wcNiEIU1JSYFWiXNufWIuaxGRItJaz6zukaVOnm/nCf6V0X4QisanvGJNyiKurWfZ9WxMDGWu+rZe9gnaET8zRVdnn1pBM9rw4AMP/uLZM2d+5uatG18yNgLr081XKMlLd464cueIUWE4PZ0wFzmOwN5szuGiYdW2tN6z6hy7uydffvvb3vKPrA//n7Xp9PZyuUJrzX9pD+d6lBC3/tif+fqvP94/2PjoL/z0Oyt9gUJfek1UP/CPX3zp8uR7f/Gj5uUGnnji8fcVJv+BixcunP+Vn/vpP1XXS+O0Yu4CMh8z75YIIleIdP2YsxtjXt6fcWat4osfPc3pyZh//bGXuXa8ZHdSJdWoTnvIo4PjkzEbI4SgbVuarqUoNJ21aU8p0uEURULNdW1DllfpQ9936XYrUoejlBrGbwnk4AeWb+pQGDyaktj7lEtcZdhVTaYytNFEm0ad5AVdF4ixBykZjxLBSoSeXgh+5YXLvPyRD/Kqh89y4qEHKDbXwCiU92gXkU3L6UkOruXGwqIllEWJl2k3qCQ4EYduocCLVJC3csd2rjg89PQ2+Ts7adjrI4u259UnKm7NFjgUu1s7bK6vszldJ88K8rwgryps37O3aDhuGtq2xg+Hn1Ip0F5rQ1GO6a2j8aB1TpkZprlGuRX7i47lqiaTaYpxYWuLM9Ocj9yc8ezeHOctuRSEIJFa4Nua46MZsljj1LnH2NzdYjQeESPkSjEZZUibYvf63tGsVty+s8fB7Rt0TU01GqO0wHmXMJED2lDhyZTEZZr1wrBYNvzUTcsf23qB86OHOdTr5CbDyoiXkUonRKQeCm3yfqeVg0qtJM57HIbDWce8cSxax+G843C+Yt6k5+19n1S/PqIlKD1kKS86rAUXBck154f4xjQa1kol7YFQiSwlUksWQyTEQB9S+5pEZen37o+DoyQqht2k+FXF5pXHuDCsVwWTTLM+qhjlBi0knU/2nLbrkAL26o5rh/NhHBnv4wkLo5kWhhOjgvVRTlVkbFc5j25WjLJEKDMicrDsuLFoKLQc0qcihw56mSHWCqzJKKVAuo5gPap1hODpvUfUHWVw7B3PUNpQ6SwVNBVZtB23ji1CCpQQjIqcRdtStx1139O69Jk1KhHoUgb3cInxjnuy0vBrio+4z2CXgxAsxEAMoCUsm57LBzPecP4kGWmU64QkzzKEgzjsrpfWUXc9chi1V6OSqDMKEcmVYNl7RmZQNsdADAIXPTIwnDuvrAWtTyAaJSSZMbTec9yAUAofJYs+IGSiswU0Umua5QIhFWWW0zib8rKNRCrlzHTLojWfsZ2u1uZTBktsbW/dfefb3/5P/8X3fu9nrXo7NUogUQgBo0zjY2BlLVcOZ8y7DiVTVuiq61hZj1SqufDAg9//jre+5Tsfe/SRX3zfL/2y8979F1Vof3WnHoNM+zghX/wDf+Jr/txydvAPX3jx2dcW1Yit2/u761rQjjYPz1w4/U9OTEff1i3qFx5//PHiza97zd73fc93/cWjo+PysHfctRmjrKJfLeldAKHQRtJ1kjvzFQ9uTXhkY8Qff8er+YnnrvOhK7fZqjImmSbPSyabu8zmM5CS0WhKXddIK7E+EkXamzHcHJVI5vHYrhAyYQtDcPcVnGGwFCCTZUzFe4xVMTzvmHBvfY9rWrQsKfIRKqsIzoPziCyNNYUPZEWOzktyk9F1DU3f09a36JZLHnnoIk+8+TUU25tIBTaC6h1m2bBeZazlkedutjgXmEwqpM6IWYVczhE6I7aBTBtEVqYbt21ZKyTCOparLp2VUtIiuLm0FKZkVE2p1JhHNyvWxmOKsiB46LoGR2Q1m3F0PKd2iXVtjEJpk0Q1QiBMDkScs3Q2HU5ZlsLUlVuxmM/Ymy+wziGUYHtS8fjOCOUaLs9WdN5Tak0TPEoGutWS2gnOPPwannjyCc5fOM3WtKRuG67fvM1YwfqkoqpKttbG3Dmu2T+u6T1cu3mHFz/xDAc3r5FpQyB5GSe5hkF5K7UiIsjx5OOSmxY+fnvGQ5vPkJVPo0yOkBqkQSiDjAGt7mUyp52lRXDYws3acrzqOVxZ5qua+apN0JGux3t/T2YHJB+uiJFeCHBqCBdhKOACVARhUnG95/ckYn0K3IgiFVIfwv1w5RDTWFkKgRxUupE0dfHO4UK4Pyat8oz1KkcjGOcZF06s8/DOFrtVwc5axbkTOxgCuVZMp1P2ly1Xbt1lvTC8cDDnm3/8vRwsVuxMR5RZUvlOCsNWlbNdGbRMdrpJpum6Htd3LB1sr00pNifsTJI1KpYFwQZ8FyiLnOWq4eUbdxBC8NiFU5zaXif0Nl1ukfgQKWTg2t4hl154keg8uZIopZmt2gEDq+hCoO7mKRlsoFfJIIgyJhFsiPjg+dUgpnvx1mqAnCTtRkpVkEIgo0gj2mHNEEIiQF09nPO6M1ucGOd88s6MosgphqlKax1KJTztYdMzUoKbx0ue3E72r8JZNnPFjbpjZ2uccJf31+WJlW7upQoNVsrzWxV3lx3CCsaFYWNUslYVhADHnaWPMDWKUZHTB8XOKOdyXSO0psgroMfFSCElXmVWFCMvh8vbZ6ToPv3Wt3zqf1gpXveG1/9vIfI93/cD3/+1nQsik2mk4kkCGyOSunXedLR9uj0pKd2rX/2qn/viL/nSf3T50qUf0lod933/aRM0/ed6dF3PZ739HWxtbd/fD2itybKccw9c+JBR/8vX/7X/6//l77904/rFMjO88dSUv/jl73o+P/vgXz97cufWd/zQe6ibunnskdd+02NvePPqxY/+yjcsrl2dbEwz3vnISa6vLB9+4RJCLtEqshcF1gaevXPM5jjniVM7fMET59idlvzsc9fpbMupYoQN0Nct0Sduadt1+N4lAY5KubfWJ16v1IbJdJ1msaRtW0xe4EKgszaFRgSJkoowBGsLlQ7JOFye4jCmFtEhgyf3GiEzbGPTgVjkeNsT+o6yKDAxEJ2nJ9J7T9CKcLzggfURJx56hGJnCxTIPIf5iqzuKPqWrekadbvgzrzBZCVFXiIEdO0q7WCHDhx5T2ka8UKRGYnvVvR1g44BUY7oi00mxYg8r9gjQ48yMkQKgrDzVFy8w7YNdefpQorzMzIyTNrTIUWE4JFK0PeOrncI3+Lbhs4qvF1xZ1ZT9x0qJqRnLgNbWc9xK2j6gatLEpAsFktcvs6b3vF23vTEOSalIFOwXB5A3TAKLdF6Giyr5YK+XiGVpBSWaZWx/fh5Hjh7mo9/7BNc/thHKBSUVU6uFTLaBBqROo3dpAKd0feWj88Er5pfZSd/hFso+iAQyqB0jheR1ntabwgBOp/Sio5XS+arjqZuqJuG3ibfd1oQxlQERdrbaanvbSOG7ORkF2LwvIYY709TfEhb0TCI9uJQgOMgfMq0Rimddn9ZksRFIlrqIW/ZExD0MYEhIpGNccWXPvUEbzizzct3j3jh1j4XN9Y4Oa7Aee4c11w/vsZiuSKKSDUqOVzUrNqe7XGJFoLHT20x35pQaoPWkvXxmEJLwNNESWnSVKiVir4yLJcrPnzrEO72vOm1j7J7epPWOmrriCpS5IG+TyK4Ry5eYFk3fOS5q1y7eUhVZgOEwqeO32jGayNOnjvPjavXyAjDRUMQfCJZtd4ngI1IyvYYQtrO+lcG6Pf+zCv77iQkkyrtUkVI1yTuRYKGYaQ9KI5DTFOvw1VD2/W88cwmVw4XrLqOjSrHK01DRwgJkHFYd4zXSq4erThqHSbTZFrwyPY6z794BwSslzm3Fw25VPcnaQJJlJJIz7mNirde2ObfvbhH3lvOrpVMi4yTaxNq57B3jyCIlMY0OG1c37G/rKlMRpEbNJHdSYZ1nnJ9dzndPd27ZvWZg2MURfGftKd84MEHFt/0TX/9G7d2tm9+7/d93+9bzOcPe+8LF6MgDGNIRJRC9uP1cfvqVz3xwbc8/fQPnD51+ofXd7avvvzyy/hPc2jwf65HjJE8zynLAudeKULGGIL3PP66p/79H/raP/8//oP/9f/57S9cvb49zs7zrs35k1ur278vz87+7b/wR35vDMHxy5cP+3I8/pbXv+NdfXz/e/+ynR9uvP7kiC9Z3+C7BHz45etYf8zGeIyKmsZajjrHteOWc1tHvO3CSbaeeoh/+8kr7Dc9p4MjMwrvHVIpxqMxR4d7CeYuBKiAlAI8BGsJwVOOx/jlEnyfhCdCppGOEsP5mJTaSfyQDjSpFCGkLmJtPCHXFcGn8Z7RGqUV1vbEriFTKfWlj4kT3dsWWVZI59C2p5hWmI0JUYLRmmAdalVT9l0Sky2OOVqsiNJQFDmqKFDK0B3cIVqbcj2bhjJXaCFRCFzbcrTfM9sUtPmUo/GENp/Q6gqjTRoj9gFtG5xP/F+tkno5IKnrBidUssMNmM3QN/RdS5HnZFkG0RNdSBar4FB4pAsofFJfdhbCsG+Kka1SsFlInjn2ad827NTtckbM1njL530Rn/36C2R2xuG8oQ+B+XJJXTdY52lbmzCswJ3ZivXRmOmkTMEPsacynle99kmmVcW1j34g7bqFRMZIHwFvQckkxAImMrIIhqbpOGnv8hG5QdAZlgwncqJUNAHqPrJqO1Z1zbKuqVcNrq+JwaW8XCFRQiGNGMRN6fAUQgw71RTS4SJE4YZd3pAGNoyEA8kDnIRgMa1PhUCqVLiNUhitkkBLCLTWtLbH9Y7GW6yzQ+GOv2aYLINHdj2LuuXm8YIX9o+4Mljz5ECOaqxNxUoITKaZjsdsTkr2ZksmWcYbHr3IzdmSF27us5i1RFPw4OYJlOT+BMkJQY+gc4JsbcLrzzzErbuHfOiFG+zsHaUwilVN3zukEIOvGh68cI7d9TWu3xS8ePkaozKnd56269OIN6QJy/bWBjrPaVdLMp2EVH6gWLUDfSve7+CGGDxSOL2WIjkNYhim9GI4r+79EoNIbPhZ+XQJikMhFjHtaEOILNue60dL3vHASd58doNfunZAJgMyl/RWgffYEDlcWR7fmXB71XHlaMXpLKNvOi5ujVGX7nJQ92yNCq4cLdFZOkvSkFUl6IZUvOXiCXKTcbhyXFwf8fpTa8zblhf2FozKjLWygKAIQtB5yBVMcoMHdkcFD2yOEC6jkJLDxTLurO9c2tg53XWrOZ+upCH9G7HPxEE8Y5298+SrXv3N63907QevX7v29hdefPEtBwcH52IIcjyqVufOndt74MLF51/9xBMfPX/h/HO3b9+5tn+w/58UIP9bufDe+/Uf/p6zPY8+8eT3ftFX/KGtH/0X//Cbn7l2eyxDGD/dtf/LI2cfuq1Gk3/WOYfRgrbr3OlTZ7/99W99e/Pen/qJv/p9H3x+94+940n+9Fsf5h8YzXufv4ybL1mvSiqdDdrFyAt3jrkzW/E5T5zjq9/2OD9xac7KR6qqZG0yYblaYkmpKJGkFJQx8YKtS8W0a1uyrEAZQ7AOrVRCSDZ+QLzpdJBGlw6zGBPMwKZ90smtLcajKTor0k4oJJ+f7TtC79DGoI0BlVTT3oPSElUZur0aqQXF7jp6UgwoR4dfLRl7j/ItZIqVbzlYdIjiBEWWIZSmdYHOekK7Ytk6ZPSMywkyegoRqVTPrIcPNWsc6Sn7RUh7Lh/QfYuIKaM0KokiIqSgCwHtUjOmyhLhXMrIxeOaLiXq2B4bLIqSoijwvcWuGkJMkw5jDFPVs7Q2+eJDRGWKkRJsVanLq7uOEHzqKLuaGsMT73g3n/+WhxjHJbeX6Xtt24a6s9Q20liHDQlqIqSmqgw2WFZ1YFIVBKVQErTsOP/4w0Rnuf3Mh1AyEnSBHo4ZJyTO9cmDrTQuwkuHlhPTPdbXL9KuTtB2PSsnaLuWVVMzXy5pFnPqZk7fNUTn7ytupZADRhF8cLiYLnTDX15BRsRXPK5x2IuGoQ/71cfEvTFnGNTE97pZGyOdtckvLhIV617gQlUWTEcJGZmcFpLMKHKdkxnFL167zb/52PN03nPh5A4PnjuVJhZSYLIMpTS5yVBaEoVAS4W3PW3fEUNkrwt0QvPaxx9FG82zL1/l5Tv7jIuSurXYgVXsvad3lrIoePSBc2xORrx85SoH+3vkyrDqUgIUIimpFYK7+0dkmUkCqK5FDJMbN4yFBdA7R339DtsbI5RPTzq4NNFZ/Wr2Qnxldjwdjeitpe16iKkr/t87j++FoQif/jnGBIbZmK4jReR4Pgciq85xd1HjnOXJE5ss28DlwzlVqRkVGcI6ViR2cm1TEb12vOKhsxt0nWOrMpxdK7l63PDUmU2KO5rDVUOmk37g9qKhdp7Pf+wsj+6u8xPP3EAIyWM7I7RUFFnBYdPR+cgkTyuDw8bjbGBnbMh0QEjJQztTHtua0rQt81XDSmUHvq8/fvn9P0GwvzmZutuPPvV/XHR/A7tL1/f9s4888sizTdP+y+h9FQlic23NPfLww+1Tr31d3bUtfd//lrL7fNrFVd7ywCOP/P3Xvv2z13/qh7/vG3Kt88qIafHhD/yNV78x3L4eip/a2dzm9O4J6roOZTX6rlMXH6yvvfjS3/jO93zs7J9415N89evOYKTiPc9fY74/5/zWlFGZIyOMi4xF1/HTn7zGlz/1MA/tbvOBa/tIY8hMjnMzXO/Sfk62A2L2FcWiyTLK8SSNl7uWPEvKW0EKildSJ8uAH3yjUiACWJtsIhfPnuHMzg5aZ/R9h9YyRX1ZS3Rp5KWlJivLxOF1LS5CubUGQTBvWqqtdcrTmwiTBDPueEYVIpWUdLnGn9vl4Pp1jmcrZJbM7918gXWpS3dCoUwKFxjlBZUR5Mbgw5jWwfMLy7LpcD4FwyudlJG51Jgsw2iJ61pW1hGVwHiL7z1mPMGGgNEQ+i5RmqTAiIBwDl97OtsxHVU4reiaFtt3rK2N2BoXzJdzBg78EHcm2R0ZhNAsncAJQy4ix6sVa2ce5rOefpTdsmOxsKzlQOexUoAx5FKjywIbBSMXiNqQG0UeHUJJMBlaS4qiYEdLrt89ZufsKeq9XdrDA7JcI5TAWbB9i5Aap1T6eanIvpWcsUtoZ6z6wNIGjuuW48O7LI4PqZczbNcNNrNU6vxAXnIw8L/uraXk/azYVwATryiI/8NjX5AgLFKKAaqQLpRFnnFibYwaAC1GawqTUeaGzGgO50tuH84Aye7mlCcunCE3ae+stU54RCHxQrI/W/KAUuxu73Djxg2c96xNRrR9j/cBFyzWOrwPLNqOummJLnlwQgz0LnnMl+sta9MxfW/ZPz7CSH0fOKR0Wt2E4FnMlxweHhGA1qaiZ1VK7pFJJUSUpLAAqQi9JdMaISTzukXL1G32waOlJPhIphXLuqXSMJ+tuHVcU/uQiF9CDLqLtHsvc8PZ7W0CgbtHM7QySZMhBZmRGK3TZz3GRJVTkjzTFDoJr/RgAcyMYa0qyLWg6x2Hq44PvHSbRdcRBYwyxRvPrKNF4NqiQQTQGoqoOFhZbs1XbFaGK4cLurPrRCXQSvM5D5/hO9/3LLOm5Z0XT/Ajz9yg7h3TMqPKFO94+BRvPrfJ+y/vc2dlecfFdc5MDDdry4lxxdks4+6qpbMpR9oGmFY5Z9ZyPnzpJgLBhfWCsRJUVc6V+Zz1s+dvbJ67+LHk0f30TV9/0yXCzjm896sQwiryitXHWvtffFf7631YZ93p8xf+zhf9n37/5k983z/776NEZpEzXvB3ize+8w9kWfbRd7z19Xz0Ey9w6coNsqL454++6qn+0kvP/o3v+JlfefBrPuu1/Kk3nGajyPjhj77EtcM557cmlFmJiJEy06y6jp949gblxi46JJyelIKyrOhWK0L0hBAQMVGLQkzJIFIkTisqdQfeefrOEpwf6EZp3yOVQKORUtK6HpPlPPrARc6c3CG4QNM1WO+QWYlREoHGBsiNIRsZvAzgU9ScLDOyyYjVnSNUbhid2sKUJXiHXyyg6yDPafKIK0f0xtD3njZqcCDrDikCKlgyJRAyZ2OkKDJNqQ1SKxZ1T911LHtL0zm8dxijKExGrjVaK3KTYZRAxT6FuHuHcR5E8sGKrsa1HVEIVAjkhQGhEVJQ4mj6pDLVvsXIFGeWEdjUDi0UTRD34YAh+tQ1VAna3sYhLzQ0NCLj6Sce4tU7Gu/bBHUXgijHVOsCH6B3kS562j5g3bCz8w5PjsgzjBbkUmAkjMqMja11olhy+sGLXK9neG/pgyJGSaU8PnqsHFGoyFiBkxkFjuXVT/LSlRmLvasc7d+mXhzfX53cv4APPeq96qmkYFrkTEcjttYnTKqKurXcOjhg73CGC2GALQywiDxjUuUUWc4oz5gUBWWRo4xivmq5sXdAFIJJkfPg2ROc2d4afLQxkYdUKsLbixVnTpxgPCrYOzzm5uGMk9tbdH1HCInk1dvETRYIHn/sIZ5+6jV8UAp+9n2/TD6A/Ps+qbzFIBoM95S+MWKUAvGKEvxgNiNXEh8DjfVYkSZDxLQnzQqN85E+pExqoxVSFazqDiklRVmwXNWEkFY9nXMUmWE6mWKGwrgIbmAJS8YmJzMagaQqDHJQTK86RzYakWnJWlmglAKp0JnCqGSnMVIwHpUwXJ6Th1eiNWhBCtTQ0HYOiGglqVRAEchUwKhIkathdQJKKRrnqJs5V+52zDrH2AhGheENF7bYPm65crRkWS+Rg07h5rzm/NYOlw9XvHi05MmdDRYWXnt6g6dOb/BzL9/hd7/2Il/5xod4aX/GqMw5OSk5uTZif9lw3Fie2F3n7LpJsB5gUfdICZ11HNURh0BnmvMbIxbLBc/vL3n01BZbhUEJwdJG1kYFZ07tPjs+c+GyUnlSyv9WKbq//fj1jaC1Vu1X/ME//I37d+9sfvS9P/NHp3nOy+/7lSfPrMTf+oLf/RV/hBCuff7nvZP3vv/jPPf9z3D61IXvf92b39r9ygfe9ze/6+c/8dif+dyn+P2v2UGryI988hpXj445vy4o8wIIaKNYRUHb2AQej4F+CAcgRI4Xs7THiYnFkzxtCRzvfEQHizF5UiqrJSjBsu4Tgq4wZHmGUgrXW7SUXDx7it2tdby19D7Fj2mTUeQ5ykgamwhb1SgVhc71iEyAysgnFT5G+qal2lyjXJ+m3ZX3uN6hioyZkUTryBzEOwe4VYP3Ft3NwYzItSIPjiwzibxDUnsunGe1qFmummRnCYBSmCwFSmgFRqbDJ9qa0PUEbaj7ms5GNA6v0iEVvcc5i1Ka0mRImcb0hYSJUfgQUEpTqUhLT0nP1rjkxKTg7tExddOlnbiSRBlZ9CkQobZppzfNJKu5JZuu8/D5DcaVZt7mGJ2iC00gXYZU+hl1NgmOXISu61I0nUhjyLYPSBRGC1CK3a0K27e0u6fIb91lfvMaQSjyoqLSGmsdIx3JRcf+0mFUSoupbzzLc7/yMq5Z/Bp4gPhVk8tIAjZURc6kKji5vsbu9hrrowlRKRrraLuOjbUJd9aPeen6LZq2pSpyzuxscnZ7g621EWVe3Mcs+kRn4GSInNjcYDIuaJqWq3cP8UJTZJqmadMFKqbLPyFSFRlZZtBac+XGHQ7nK6QIOJfAEyLepx+zqGuefe5lFss6wVC0QgmN8y6NrGVCaWiZLj3OO6yz3MedRshNRlGYwUrT0bU9rvdEEVAiQRl6n+AT0/GYssiICGzvEEKwNh0zqnIIaQSaaUVmFFVRIoQg02sJTSnTvrnIdSKBSUmmVFrfqDQGjiEmutqwNw8xJT5pmfbnPjgUyausZIoxjEESXUDpJGTrbMDoFF7hXWQVIkpFmhDRTqBcUn93NpIbhRJptbTqHKu2R68VOGBdG3bOjTl18iQv3bjF5Zu3KDLDUZMAF1ujnF+8fMCTp04w0RJjJJ//qgs8t7fi3z13na968+M8dX6Xm/OaunfcnbUUWvOmCxt0QWERCJGejw1prbTsA0uXLsinJxXRd7zv0h02JhXvemiX9VJzY75i2VpOj1S3dur0L/dHd7roPfxm9Yev+e2i+xnf5SZ+q/qPunw5WGzEkNBjrYUY55/zJV/+P9++eX3nQy+8/OXnTp9m9sEPfp7Jy7/++ne87U8bk83/+J/841y5connPvkS5zcv/m9vfMvb24998APf/B0/+7Gn/uS7nuTLH95gWhX8wK+8zMuHe5xbd1QmS7i9rMDHxD1VMiXQrNoFRV5glMFLm/Zt+IHUkw5vZy1CSFzwICUehfOenUlBphSzVctyWdMm3jSPnD/PmRPbZDqj7npcgDyvyMXwhpMp1zZTCjJBF3uCkchcIcucfH2CndVJbTipEMLTdRYXIVQ5QgrsqoYoEKsFqu+YzZcou2RXTtBmkpi8eYEwGU3X0XYWGz29c6nTiYMCV0mEEhRDF5grifAdWIeyLdNJSRMV3ke865hOiiETt6e3kXFVkktBphXztqdvazYmI7R3tE3L2mSUsJi+pVJg8AiZEoKmGdxe2fvsb5XY4ljvUTGSa8GejWzsrnFuu0QoKMoC6yMoSWUMTWex3hNlIMsV41xhlMAzJgRwfUPXW/pACkKXKYVlVGhcs2J/3lHunqXbv00uIp404ci0QtOjhGHZeyrrkCj6+V1sPftVhVbc38oapRhXJaOyZFRkjMqCtfGI6WRElhlqH+m7jjv7R7Rdh1aa9VHJqx84z9Xbd8nzjK3NJAZa9pFll6Itm66l7RNYQQ1Ai1VfoqRgvmo5OL5KVeZJqdu7IUQgKVUPIly/ncbTbdvRtx25UfcZ1J21SRRIZDZb0LctcriE9b1DS5vYUjLtWLuhOCoxCJX8PZtNGpEbKREiS5GaRpLrgizPKPOMTCmEeuVzX2Q6Cb+E4szOFt478jyjKhMuU+pE0ZJCQQA3vNq5Sfm+IcT0frZJ5Nd1yV9vQ5pa4QMu+ORE8G5Ibos4GzFaMBllKaSDgJRxmHAlcVWtAyuVKE65FoNGI+E+ci0RBIKAECWrLqmRdyYaJSR1nwRw01yzUeZcndU465gqxVae0W+MaVYVS7tif2W5tL/gqfPb/NLlfT588y7vevA0IcDpccYXPH6aH/rEVX74E5f5kldfZGoyehsRKiVYFVoQXaDuIj44BAlC4vvIcZcsew9uVsjY876X7rLoJV/40BYXJzpFUBrFprOoojiqHn7DL6tqneg+vbbV3y66nyZv7tp0ihSBj3z0o/z/yvqNMeJcGgM98PiruLl3l8nW1u3f+0f/5P/4z77z2zbu7t36rAtnTvP8r/zKV2a5uXn6/Pm/oLXmG/7S/8Lf/uZv5dLVK0zWxj/5ts/5vD/7gZ9/z9/6zp/68NNf89lv4HNOlYz0o/zoSxu8+OLzbFc96+Mx1nqidiiZDgklJbbv7itnkz0AvIu4mA4a4Vrq5ZzJ+gbbayU6Bg6N5qEHTvPOUxlRSH7lwNE0DbPZnGsHC7Z3Ninu+VO9J3hHVVXkWuCio1/UqUudljgtsCKiM000GpXngMDWDV5GMJHWptzaWBSgTeq8VzVhWtEKyBrLmqrITm+Qj6esbAqK7x1E29O3PY3rCYO60gl1fxettcAIyHxH6C0xKIgOXGQ8Kllf22B1cERwCRyxVuWEvqXxEpUJJnkkk4lytWo9Riaqk/Y9InqmuUBFT64UpRJsjwuiDRRaMik14qDG9RYnMooqI1eC9TJHq0DXNFghOb17gs2NNbTSSKOY5glgs6pbmqbmaF7T2B6jNVleMhlVbIxLaueYtxqjNFqFBMqvMqpMUBrN6dMnuXzgGE/HNKMJZbegJaUIGT2ovHVgp9Ksa4+KHdMq+zWaHCEio7JkczKiLFMEn1bJ3iGVxgnB/nxFU7eDBkDSNR1SQt3UyKBSIpDJWK4art+6i9YmCb4GwAYBut4mT1H0BB/gQCXrV0xZPavg70Md08QmEKQkDD5fJSTjsmTVNPSDGLDIMtRIs2pbVnVLWeSs5xO00SnHurN0vUVrjVZJ8T4qCrJ7/G2Vfl8rRW6GAmokuUrvLSEERW7IiyKNmInIeG/8Lu/7lEUUSJ3U+z6A95EeT+jTcw0h4J1FaYmznrrtAUGm0zBfIOi7Gm8dPqRQiRSlqOltR/SOSsM4g8mohL6mKg2y2mK/7um9Q6PxpFWglhIdBE1Mm/i2C3jhsX7wxovISEuy3OB9YLZyRB8pVFplaZU+V0qJlCYkBVWWp1VDt0TYho2yZKdy1L3l5rzj0c5xbr3k5168w5vObLJdVuzNOi5ulPyu1z7Ej3/yCv/ig8/z9LktHtrZZn08Ydl1zFufdtvOI4ZpyLxXtEJzektxYSo4Wi74kY9dQ+iCdz1xguA7nrkz5/VnN9ksM6wJhFNnnzXru5+QUhBV/O2i+1vxkUQJCYbxv/dI0V8Sk6VxZPSeM+cuPvcVX/VH//y/+H9/yz88Why/1hgtP/IL7/26cw89fO2hx5/61nqxCH/qa/8I3/r/+g7u7h9w4uTmz332F33Z1/3kj/zg3/lHv/DJt331O57ks05XbGw9zg+PSj740Y8CNWvrJ+mHIANCJFcGISVtWyflcBQMGWHDfh5AkRUlWZ5RjUeo4DixtsHuiV3asaRuLTtrmlPbm5w+dZpnnn+eD33gwwnhCcRgqfKMTEaUFASfbsGmzAlVjs112gCqRHB2vic0nma1IijwKtJ4YFUnf6xRxKaBzmJuH6O9IjPbZNualU90oN5bSp3hvUUKjY2kcO/g8T6CNvjoEdZTmQzjLdJbjElgF6M0hYzkMtI1S9p6Tt93bI4yjO9oQ9pHrY00GYFZ3WFDgwiSaWHQJFvVWikoZTpEnQ94KYjRDjzqwDQzbI4Kjtse6x2LDo5WDTEE8lwjao1UmvG4YlQVKClovCAGiUdw6ajluWuH3D44RinJpDBkI8eWquhyQZVV5MKRBUulU3EqMonSEi8EW+sjHjo1oqsts9EY18zJM4kRinGuCd5S9z1becZWJuhsf/89m2eGSVkyGZVUZZkYzoP/2bpUqJTWWBdYzBd0vSUzimD9YEtJEW9dDweLI24fHCGlSKlFOqUEZUrjiQOYIXk0gwsoKalKiZCGGAWrtqXvHUqkpLMqz1M33HX4COvjEUIrsD0hpN0kQON6qqJgUlaM84KyMGQ6FenTWxPMiQ0CqcszQ4daZAZjFPCKOpqhy093azlYn9IIW0oILrJoWjrvEgRlwBZbZ+mdxfoUhiBEGk8bkyG0oFm16FAjY01pDNPpFJlZHD3jyYTgWiqT0sCsA0FG34EyCmNKtFbIUGCkZ2QC01KxWWaUpqRzPXu9pOsdKx8QwaGlwuqYFPvDe1RLgdEGGZKVK3pPHyJd1AlzKZOKufaBO8vAKHd0QWCkQsS0rhopSaEkwhgUnq1e09ks5RrnmqPa8sytY153Zsq1w8CPPXODL378HLcXLaPC8PYLaygJP/bJ6/z0i7e5fLTksZM7rJdlEs/lOWORfiaBFKpQyIa23uM9zxzzgZstZ7c3+W8e2GEzj3Q+5+RGOQQ8RFbCNcWDb/znh8f1QfT2N7UOnP/tovuZf9wbH38q4+j7wirbc/Lk6Q+94wu+7Ovf+2M/+PcPjo8vlpkpfurf/OD/LIW+s5gd/cuoNed2piwXM5zzbGxs/dIX/q6v+FPv+bc//C3/+IMvvuur3vYqHs9bRq9/kEwpPvnii1jXIfNx4uXKJLwQSuH7njI31LVIXaQUAw1oyPi0FvAs6hVIQ5YZZjZyeGhp6xojIn3UPHf7iEsvPo+bHaOygizLKEzad3rbg9RIo9FKQGEIpU6+y5iKklRASPCK3nnINCHPoe0Rizp5N11AHy7JySlMjigr+ggHywXL1YrgIlmZ4d2gBMWmfWCMWOcSRi94bIRMSaQFGTpGVZlC0qNHi8Rcjq4FD7bv6bzHiMBiVWOyjEkeWcuSH7npHUYrxkZgVCB4x8oGjMlo+45F21N3js3xhMxoEJGV9SlGEVCA9j2hDxytepy3rOWayqjUhWtN4wRWKbLJCFMU3Lp6mw997DIfv3SbU6fPce7kefooIVvSzO8yWdvhie1NjDREm0aj1sKyC9SNo+l82vXWNVQF1dYmbraHUSp5OQd0YqYVq94z7zxSlIzLis2NDdaqgirLUCoRy/qBaKTEkMVqcqQQNHWTRsla4a1Pvl0kTd9RGENnA01ncSGNrwmpILsB4qBIPPd7AH81ZDZrJ8mzlIsbg0sWLqXIlWRUpZyacQSpZMrv1Qajp2iVOlSl01pBoe4XVa0UfoADy+EzEkjQEiUlPg7h8PfCDzysulTIiZG2a9NlIkRa6+i6fgg7SONXMYyM5UBykwwIVC3BBZRURAbRlk8FfjPLKWVgurmJRmJbT762QZCato3ULmKtoNAZUikiBhclUqaOU0mP0RpEoHeR1t0LUDWoaKnyJGa0LkXZ51EhVSJdSRtSMIZOVC/R9hSZRCqF7RPGscgyRplk5QW1S6EPLipGeca4LDBakfWW3lqyomC7LNmejOi5w51lxnZVIokcNpbb855Htye899I+VaZ5fHtKYz1N3/Pa3QlanuPD1w549s4BV46uMsnS+Hp7VLAxLsiynM45jucLDpZzrh832Kh5eHeLtz60w6ZOsKY3XzzBxEQaJ1iujllMz75vtHH6hyEgxKe/Jvx20f3/04f3jrWtnX//4JNv+voXP/pLf6/3cVfcvL3zgZ/5qb/20Gtec6scj9/T1y0bpcTicM6zvr7x0S/+PV/5x3/kX3//t/7Ax65+wR9644M8JGu+5OFtNgrD5VsHaNeRG4MgIGPPye0t7h4e0q1Wg5k+7aLNPRWqlAOoXiR8nxTsN/scv/giXd2k/WaMdK3leH7ME6c2OD/NuTFbsbV1AlWO6JTAtw267ZFVgVUCOXx4E+1GpNGuGP6fzt0/nK2PyFWNbj1quUA5iVYjZFXQSE1Tt8zmM5q+SweN0agYk5rUNtgQiCrD2h7fWyDinU+RhVFQjDQjQMYOvENGh3eRKDRZnmN7R5fAwGQyoo2mUoGRSUKWHFgr1X1vcN00hCioMoMPyTda5Rkb44r1KqcygjKLtM6y11tKLdjINX3nGJn0egSglIFcgDE5KjPoaoRSSUHr+p6DxrLUmumZbV7zlqe5+MBDIBX13iVefP9PcidaNssSXVTMV4JFF7E6p7Xp+YuY0VjPja6kiwlBGJRCS0GUkqOmI8bAQ1sjrhy37C1qJAlOMq5KMpNCyXvn7ue3MkQ55lmBVhrbt9T1ijjYTqxNuzLvXOpaB49tYTSbkzEH82XKdGXg68oUZSkGBGGRZRSZIYpAZgxGpW5YG4VWGqVUukjKREm6p5tgyHINKW6YEAVu8LeGmID9IQTakOL2ui65LQQB6z2d9WidfMbdoOQVIqZR8JBWo6RM72UYqFsJlqIEZKXGR0+mNEVukirZR0RIz+PegInBCuVDQPhAVeRMt9YR/Zzj2lO3lt4qpBY43xODouk9SmoKLXF4pNAUCGQIZDaSxUBh0p6zcR6LpFQ968YihCLLy6SEt0kU6YdEsCDBqBS5mOsUoFDkhhiSN9c7ifSOGC1aZhgCbYi0UaC04dVnd9ga5yx7i8kUucxp2o5FvyIvDSMJZ9ZKQowsbU/mHVcOax4/MWK9yPi5S/s8trvO2vD/Pr9WsDXKeGC94uPbFVdmHTfnNXcWK64cL+8rDIILIGCt1Dx+aosHN8c451kt5+xur3NxY0ImA0FkhNjx4t3D/oG3/u5/MNpYuxW8/XTxMH676P6HHaYxhs3NTfLR6P7vz48X/9ktTsF7qvHkB/V0a3Pv2st/e3r+3OTKCy882LbN33zz53/hV0mlniVGjFvh+wprMjY21l94x2d//p/8oX/+3d8yqYov+9LHdnliLHghF1zSaVdoTI6zHW3TYYVGS83cedyA+4k+0IvhQIqQZQalFMeLFXcObnNr/5BMCR594CKveuJxNndOcOfWLa6+9BxvePQip7c3Ofz5X6JezvEy4o0hu5fuIjwiK1AqKYrDoOQkDr1Mb/Fdi7c9RgmyvRlZG/CtQJqKfDqmtj1dnbjMddOmIHltkr/RDyB678C1iKxIQH3bQxiK7b0immeUvqHQ0PURo6HMNBGJkp6Ax7lIqSCTKT4sVxEbA0oExlna8x0uAlokC5UPKaGm0KlQbFUV41zT+oi3HY0XzNqeVWc5tT1h3Hhk8Fw+7MgyRabT6yC8JXpLFJEuBmxR0lQlq34IoB+to9cPKWzP8d4VVlXNTqE43j/kdhwzC+t0YZu10Tad7pEuUFU5BZ5SRkoNUWjyKufOS9c5tp4YPWMtcUJwZHscImUoS08v0tixtvfyqwPep6AAEQSeZHlS2iCkYtXUzOYLvEvCo+B90gwIcMEzHY0oC0NwnkIbzmxvsOw6lFJMy5K8yNEyFa5EhhL398U+BKJIyEch03RGxOSZtS7Q9v39y4AU4AZ6U+dTUHlwnj5Y5EDEKsocbTKsczRNy2rRDF9/uBhKgYoieW51Kjp6yN3V2uCcQ0iGvW0Cd6TsAIkSkBuF9Y6+H7pMpSg0hMELes+dEkQg05pc57R1S9tZ2pizNtnm8PYdDhvwQRF7TwgedW+VFUhgFCIjbXAygnXEIMgySYLEBYKK9METvUMjENUI7Uu6+oDKSGRIkxsnBHHIiJZaDk2ATazlkPQeQgmkSyH0lkCQhiwryIzm0Uzy+u0R0fc461jb2kbkFf7uTWy7pO2hUDln1io67zlsskT96jyXjhoe3Brz0t6C7/ngy3zlGx/idbsb5ASKENkcl5zfqLg6a7iz6rk5b7gzWxJ8wOAwxiCLglMlZKEn1yVb05JcJ0+2I7DsHSYK9vdvsvOmz/635556y49lefEZO9f/qy+6o1HFSy++zLf87W9jc2sbrQ3L5Zz/6Ru+gTzPcc5Rr1af8pj4N7/j9RSj8Xe/6d2fv/PLP/Xj3/Doww/mx/t3n/7kBz7wtx541au/Wkh5N3hPXO5hBSy0pMjzy32UX/Oey3fbrl59xec+cppF3aWbvQvM7Yq+rbl595AD5xIdyrqkTmbQrgz3DU9EGc1svuKTL7zI8XLB2nTK4w+c44mHz3PuzGnOnL/IdDLm5u1bdOMtirMPM5m+wJ3rV4m5QcuYdsZSg1GYIofM4HzA9T2+7RAyJQYFa9ExMImSvFdoJxEip1eCoNPYeLla0PU9vYdIOhRjJOXJxpT5qoIfIB49NnpESAXeO4uIkUyAzlJHYIQhK1PEmpKJytW2jra35FmWaFRAb3u0T1hGKUDG5LX0URBIu0BjNKUU9C6lqZSZQjIQyIJHSUOM4DwUsiAazzhfoqTixnHLc3cXvP7sBlkIjGXABMtqtqRve/LpOvlkDZkVbGUFG3fv0OwdcHDjKiz3uK4189Yx2t7gwmMPc+HRh1ibrhFFgN7jjmvwFhc9q7ZnfTLmwd0d2itXkL6jc54YDSFYMq0opeRwWbNsLefWR0zKgjtzy6p1kCWcI8Nrb5Qkz3LKIk8kq6jQa2NybdJIcsh/VcNod2QyhFaD1SZ1ilokUD9AVIoYUnarj9A5T99a+tjjbdqN+igI0WG7VGBzI6nblIKVydTxZCmmhhAdIwKTIscUEhE9WQrd4lYPKw+Z0oyrEflgs1MxFWVpkuhQCclIgu3DEEAfUUojpcKHROBCpHY6BBK6UoL18n7knw2B4BL2ExHxcSB2xYjtHUYqNsZTDnxgWbfM5gtOb53lgYsF1dGMxWLFbNngQhJEGjl43U2BkJJCC6SKiKDTVMUIMh3JpCbL0meFADbLKNa2GfcC2y5wfY13Ib33O4sN4INEZCZZ6zrLPdlWkSfrYHAOEQSllqxPx0wzzVam2DIVGsfeqgOhCSvHKFqKTONspFCa3fUpK5/QscEHXgRmytJay81FzZn1iufuzvmhj15le5Tz2OaEWWuxMWKk5+RYo6Vgp9Q0GzlCRNaKjDYGLFBG0DFQ5DknNirWCkXvYN5ZYoQXL7/EfHTi7u/44j/493YuXDwIn0EU8X/VRdcYw63be3zbt34Xn/zYR6iqkqIcc/fOdTJpic5x7oFH+SNf+zWsFg3eu0+p+xUicUzF/WSO//Q98L0/N3yY3evf+ll/59qVa+uXrrzwPzx0/py6+swnvnixmP+1E+fPf10Uom2WS972hqd5xxd+If/se/4Fy+Xy+qF1f/aDIRzcnl/6I23UWefBVGO21kbk2SYXH7/I+sYGMTj2j5Ycz2cUmUEg6TrL7f1DFsuWo8WS2/t73D44RGtFDHD5+i0Oj+dsvHydrY0Nlm3LtVt3qFvHM889T3/nFkVuMKNiyL10qDxHoBIK0AaCiynv0jpwPcp5SiKlMMh8TBdSxFcQFu8jZshTbrseOySlONcPRVEgpAc8eIttG/LMEIImeEfwHtvb1HloTS4jpZZURU6RpW5KiEhrI43z+KAhOrT3rLqe3nnqzoGW6GDZnRbpYPKBzckIBLReUmaRuvcse0cu4UbfUeUFk1wzLnI6D1mWo/vARy7fYbo2ITMKGQP7dc+Hb8z4rAdWPLi7zb61yMOaZlUzX3RsTHq62FIKQ1lM2dg4w/K4Zj6fcXcVQPRIbTg7HrM13qA9VsyuHJGVkryS2FlNcD29D/Q+UK9q2r0F89mS2LXEmHbNQSlG1Zi1UcGkyJkvljx1qqDxnmMr2F0fM8o1SqZilGlFpjWl0QgtUAKkKFLwAAkpmm58IcErjCL4QDdcTLxPOceNd0S6FC/pI/uLhkXTAkmlrIRgUojUlUWBioGNcQFZ5GDVE13kzEhQGM04C0SZYUlCIyNV+r5MhhfJPoUPzJoO1wmCcyijmVSpy54t5kTnKbOM1qVsYqNABXk/4UgJUIQ0KhZQ5BrvBc6n7GYpRQq7cGmvq4XEkYIe4mDdSfrgVHgzYyiLko3NdbKq4Mq16xzO5tw8OOTxB84ymUxYLBcsVh1155L9SyVltjZpQhJCQMmA0hlGOLztCEritaaJKcBEaYOTAmfTnny8tolvJNKn0X6Rx0Q36xz1skVojTQlZaaHpDiLRCEnU7yzZEJQZAEte6a6QirB3eOaunUUWQC3j20zJiZNPKROO/dpIdkeF3TWY3BcX0huzOBw6fCx55HtCVeP53zrz36cL37iDG88twvArA8YZdgdGTZKRRsCTYg8d/eYH/3YVd588QRvPrdNlRvKTKIUeATTytAjeO8nXmCvk3zBH/0zf+/Ck2/8GQiftuzc3y66v/qJa83+/iHf8i3fxXy+ZGNjHZNl5MWIcT3hpeefA+e4ee0aG9OMm1eu8jlf9ns4c+EBhJCvxFzdN0/cSxSLHO4dMD+a/bqjoRLXNKDzkode9VouPvoqLKp982d/4Tf91L85On/p+vXf9/D5cyz2bn/VeDq5dfr8hf/H9uZmfN2b3sDOdMIXfeE7OXXyb/Cq173m9vKo/ms/9H3f9/orz3/yLe949GFOrVXkWJxLN89pUdC3DT89P2JvNocsw4VIbwPCdqh+xa3rM5Z9z7TI0Upiu5bDpmaxrDk8nnO7vMl0bY2SyMvPfpyma7mwUXH6zBmyMidYj40x7Yetw3ctAk9QmhjAdJ4czTRPaT6NV7ROsGh6bEiwgzJPloOu7+lsjx8g7L7vQCZ1q0LhXSB2HTo6ClPilcb5DvApV1RKSq3QMrA5MmyPMlCK3nrqNgmgWjQGj46K1jp6n0IYhFK44OnDUDBEEshYD14qjlctMgZaHziqk2I4RoE2aQyXZTmrPtz3V9b1CnBsjXJGheaESgXqzqLjybOCykSmmaBeLdirLdqM6X0GXYYwFes7Z5gvatpO0qxqVJaxMdoAtUNblyhlqJ3j5pV9XOgRUqJ1RChBlWlCl0Qntu8S3WhjjUwqZFYifUeVG0ZlRSUdRSZ56bhmZ3PKFopMCTKZWMojI6mMSvYQAUZGOge97wfMYQLvCyEwqGSbiQFn3cBWFvg+dZ1OKHrnaeYrYmh59elJ8udGz/b6mJGBXFiC0AQfGJU5Eclx65g3aezqIylsA0HdpkhApTULG5JY0AWESG5e6zKyKkNbSySR07a3NsjznFu3b9HZns4GXExF0w5pRwogigHTmD73fe+5FzOVQt8jiiRCCjKmMBkh6a1FKkVepAtKlJJcGyZVxXhcMZmMKYzhljEcLGtevHYLHyXr45y6bVl1Lo14Yyr8QmlU65AxoLRifVyiEFjXUxhNV9dIlbE2LshlpDAC27bk0bI2qoiTCpcruj4SnEVER9Sa1nmy6ZjxqGTRd9zcP8IL8E7QupZ8PKLvGsg0rvYEMvxIcrg3I3aOtXFFriLB1qxcjRVQKkdVDPGfKIrMcHq9IpOBzsOyT++HuvPEaNmdjjhYtPzLD1/j0tGKtz+wy8XtTXIpabqeKGCSa2Lv+OWre7zv8hEbk4o3XdxhvTAYnQAis7rmQ1fv8suXbvHS3Rm/47/7sz/5ti/8Xd+V51n3mQ7c+a+u6N5L/rlzd4+//Ff+JmUxwhjzH3WwWZYhdHp5FrNjbN/xA//4u1jMjvi6/+mvpA9XcMkDOODZjMlSqlBR/aao4IpC0jQ1ZHn6oGtz9Jq3vuvbPvK+n336xes3H37ozGlz56UXv27nxMlb5dbo27XWhBCYrI3V6TOnx5tbm2+Kffzq8xfOPdkf79Hcvsal5+6w5lcIk+PLHQQR1xxy8/ohV26tBpJNuH+bj8Mhk0uZyEnEFCg+7NZmszneV0gi89mMu8dLCiPJ1QS0wA5fQ+ZZyuqtm7SrJCCEoPSaMq8YTyuqaDluJbWD5XJBL1SS9Q9q0eVyQdO2uL4DkfZLvu8IMSQfZZYRvUOJwLRIopv2XiKSzFCxT2xlIzFSsz3OGWeCRWdZto4+KmZdRy8VxndUWpMLTwyeqHRiCgtBJgXzVU8oBUoYZq0jiFRYpUy2o+PG0mWaixsFGs9R7ZBdUoX3LiKV5szGlNvzBbWWjMuc3HiaznKnbvHBsmbg5Ljk0vKY47t3OfHQQ6ys4uhwgTI5ZXGCk+dysmKLej5DSkU5HlGUa9QrQdccg4iYsgJrEDKijCHLBFlZkGMZaTh2ST07KkqKLEfqDCMLvG2ZzeecXzOMc8F+E9iqNNF5EJ7CJHuM9zEB4kNM3lgtiSLSOIskopGUMHhaPc6mEZ8xgmBdSt4xAuciMgiECPRa8uDWBk+fLeh8YG9pGRUpE7VuW+a1x+QFy9oyXzn8YO2ZtxF3b/coUqKP0YJKChyKtk8eVzFMkZRQjKoC7xTtqsbFQNP1PPLgA1RlwZVrN4iup9AyKXwVGCmJQZDnKSJCiBSKcI/0FFL4K7nJyHOd7Dc+0dFCSEAO7zw+JD80Q6LQ/vGM+WpFuHMXa30SBFUlRghcs6COHToGTmiJjhYTI2uTEZNcMYoBV7dkWlCNBAoN3qfvW2ls3yG6jqIwZL5n1rRkmYLljFUfOViuOJgtUSqndx2ZlowUbKyvJYJY22Nj5GCxwmJwQsLhXYR1qKxAy0ApA95anO05OS4wmcT5Hi0CkoDwntpH8rbnxGaK7ZsYxdLmNDYwzTtOjtyw/4/UNtDbwKTMmITIBy8f8ombcx7fXeOps5tc2BgzyRRlqXG94Mz6iN/xutPkCu4c1+yWOfvLjr1lw0dv7HPlYMFSah5995fefueX/p5vzfP82qc6vfztovsbKLij0YgbN27yDX/lm2nqlnE1/T/sOqWUQ0xdwPY9P/b938PDjzyKbpdsj7bZ2b2Atx1r022EELz2NW/4TevGf+Lf/Th3794B5+nams/+/M9975uefsP//W/+5b/yd6/eunPqgltff+GD7/+/ve1Lv/woEj9wcHBw/vrVG09dvnTli7/3X/3QUy8//9KGWxyKUX3EfDkjcysuVoLxeEyT1xitKfOMoihRqknRakPEVzLmD/aICJF7pJZkpQgosrwg+MDN23dZdRYH7OSGcVmAFLR9R2h6dJmjbSA2PdIYRvkY1VuK8ZjRqR3WugW392AZFE27ZNl1SJWjZSQGT1OnpJboHLZL4QSDKxJJJMuKNFoOgTzLyVSyr5TRcRw90YyQ3qMzhc4KCi1QJqMLsLIdM6fJRSCgsLLAdSsMHiRIqYm+o+37NNpEM28tQkpKI2hc8nz2ISJCyg2WUtBHxbLtaaXAxTS+dhis66iMIisqwrKntQEjUzCAUoq9peWwsZTGsFZlmFvHXP74M5x/9AnU2mmic/QButrjrGI0OYPW2zjr0ZkhCs1i5agXc6QUVOMcITwiOqxoiUbgaocLC4ro8Sh8syCIQD6egFAUkynBOfJmhafl7rLhmf2ePiokjs5Fln3a51obCCKiRCQzGuMjmkhOSBnKuWKSl4P4KOKzmBTqAmKRUzuYNS2tiFgZ0TGRrWQ5wcWe2NfcOrII0TCuKua9ZGUDSjtWraXzQ5j60D8VSlDIQCbA6DgQ0DxGRjQDm3rwn+5sb/HIgxc5ODri2WdfABfYPzjizOlTPPbow2xubXDn9h5912N9oPcOJST3uB2QpkJy8P5aH3EuaQhihKZrk5hsYCnLmC7qpZGMjMIoqHKdxt9RIgJIHBtVxtpkHdW7FBIvIZc6pSQJR25y8I5MRGJ3jLMNtWtoG0doMza3dmlDoF70IDyrznG0WHHsoMhzjJA4oeltCrdoncPFQJkrUImPPq0Mx01La2uUkJSjEVMpU2KX9clPbQxRFrR9Q4guWbWKkiLXyACItPrJpcToFJAwLgtWrcOFhnGmEz4zM4zLjIO6ITcC49L6qHeBg9pRGc20zOlc4ENXD/nojWNOTHJOTQt2pyPKTJIJmOaaw7rj/Vf2+fD1Q2Ztz6K27C9bFtbz6Gue5It+5+/5gUcee/wnkgpdfMb1Ovq/poK7tjbl8uWr/OVv/FvMjueUZfnr+lpKaYSUSaUIvya67zfz1hRj5NTZC1y7tcfx/h67WwV+eZcv/5Lf8YuL/ZsvXP7kh0/tbG1htDp36/q1v/ej/+Zfz1967oWt55+/VNy8c1eu5nN8VBRGshE6RLQEIbkh1pnqDUrf4ZSkCzmdbxG+B5kTlSb2zX3+aAyJ8HRv73EPAeeHMXuuUieJChTRszYuMKOS6APheIZzlhgyJJK1csqkWqNvLXJSUpw/xVhaDm4vmVmDczWr1QrvIyK2BOSQa9sloVQI+GATxjEmfF2mFVIpvEx+xOgtUUlkURGdoxA1Uge6LMW4KSExKo3w9+tA4pcM40+pOOosOkgWrcWo9IwdkkWfmL7jPIXH132GDY7aCuo+EOUwJbAtISj64DhoYC03CJWSYPqhMFhnETJQ5hned5hBg5Mp6Kxnf9VxfqNgWsLJkeHZZ5/l2iee4ewb1xBO0dcti1qRjSqqcUkUERcaunlDX3d0fUPTJvavFA6dJ6C9UII80+TGcEYd4cKS/RvXyG1PJ2DhAtPpFI9EK82k0oTO8txhw50aWu/ZKsWAYowEArlwaEArKJQmV6DxGJ0sVkpAVURisMk3m1fYvsPahB0tc43EUneRhUuvUewDNmjU5hkm8xd4sGk4tjm1T4zgSgs6Z9EiUBWaeZ926UoJohQ4qTFaDIEroI1kVJRsVgqtFJvr65Rlydp0zMbGVsq81YZVvQJr+dAnnuXM4RFGKWZ1S9umqEUpSErpkAqrIKIIGCkxCkYxUilFYSKl8ZRGU2UF0zwjDt+vBGJwbE5GRK2xrkc6TxSKtqmRSjKeZMRokYVh1fcs6o5sLGiamsWqZXt7G4ni5uFdsuiJrqftVnQBRhGYzThsLAernmJckVcGhyJKifeBUZERQ0ye6N5RqsiJ7Q2MFsxaS/CRVWfpPRidoURK3ipMTgwi8cdNhustUku0KMH3SB2REhqbbFjLvmeaacpCEaSgLEs21qZIZeis5+ZxTRDpAlSVJZsTj/dLnPMEl8hdeIboSp/eS3nCtx41KR7w47dm+JjIXG4Qv90SLc6n7ORZY/FKooxhY/fUJ5983Ru+SwpVM1jTPuOrzf9aCu50OuHS5at841/9Xzk4OGI0qn5LfO/Be8TQAZVlNT08mn/1j3z/9/4e3y7eNF7f4u58xXJZc7D/ibXZ4d216AI+SlrvKbTG6wwRAz2KscoI5HRmxKrYJChPLsEAvQ1EHxCxhaATD1IA3iFUivOLMcnuh49C8luGwObpXU7tbLN/eIhdHaElRK2JziGcxeQZlSlZL6asbW2xWixxMjA9sU0UgcWNPWZtoi/1zZKu7+8rU0XQtC5ibT8A2VOI9j2etQS0yRHRQYAQFTF48qxE6JzGOoQ0lMLhlExjWe0YZRnLztL5pD52XYvNEny+dylgPnpH50ISfcmUK6uNpvcpFUe4wNxKag+9BxHBdz1eKKLK8L2lJ8fhiS7thGW0EH0S1HjHZiHpnEbJpGhd+J5V57m0t+CRzTEnKkO/PuHq0W0+9svv5/SDD1Gun2O1XOG7OUfzfa4sexaLFa4PuE6mnaUMqFwjdQp5z4VCZ5pKKqIs6NwKlVlmB3OOr13n7BBQYLueiGC+WBFty/okMh5JfvJynw6/PhCjZLtUTPKIVppMapRwGARaRcocMqUSfzgzZNrgfZ9mIypSGNARNBIXI73vWS8ztAiILtBmihh6mnrBUbPN5sZZTgtFnHlGpJhFhCQKjTAjskyz7CJNUPQhTRTyokBow6J1zOsWYxTK5CiV/MW1C8xnSy7fukPXP4t3Se0+yZL6vPAt9bUrlEZyutTkWpFJKJRAaYFGMc50ihFUEgNURZYyfgfrU4zJ91tWJRLBYtHSuC7Ze7zHDz+TtlmioicKTWctzgcaraiXDU3UdE1NXmQsgqdeHqNVzrJeIL1nZQVogxKerBjhXERnI1YOOhfItUaisI1jPJlSSUkeLZVWNH3PYR/JqgypBM56ZISRFlgZ6WxgsyqIpOAOYlL6T3Tqkhd9JNMF1jqUFiBUAtgIcD5pKDKtcQE6D9IHVn1kR+WUZUGVB3xYooxGSs3hcoUUkdzAWpUjPDQeui7Q9UnM1kdo+uGyLUEJSYyBxkLvPS4E5BCV2duAc54oYHdnm62drf5Nb376n7T14sN3b179jIyVd89c+K+z6I5GFVeuXucbv/FvcXfvgMlk/Iqh/7fAQwiB8/7E88+99Fdvv/yJr17s31Yxpi67C5HoI5KAVqDLAkSGtI7oPBFBFOmDaRGIrGSaZ1S5wckM6RZUOCqt0g7bdwhvkTLHoQZt5RAwLtN4MI24BHEI2c51IvqsjcbUEqTRhCIDJaj6ktFoyvr6JlVVcbQ4ZtX3TNYnRK1xx8cc7B1jRYlzNXWzpGtXxJjgCDr6RMMhJBtTTApNSRw6bpFA59HjlSYKgdBJJapdS+cCvcgSeUgGchUplMC5npkHj6ZpmoQw1Cr5GLOCvu6HaXWg9TFBALRGSfAObJSIKLFoVlHhtUS5GhcEMasoRERIqIPGOIEJyUfYobFRJqEXakg10jhvWTqfmL8xcnvRctD17E4KDtuMhzZHvP/5Z/jEL/ws7/7sd+PMGgsksmtwS8vRfsB3ESWTOlbolAtclilLWAuFFgKJpmt7TmcH2GbJ0dWrnDGBUTVia3MjRTYqyVG9oq5X7EXBNbfk8t0VEU2OpLOCIzyn1wxrGYkqhqSQoJRnXGZkkqH7TWPFzntkli6Poa/BeTKtMQi87fDCILHkSpHwExHbNty4e8zFs6+impxglB3Q2x7XNvRR03qHlxmLCLV3RCGoXaDzPbFtULTJn2p7ZBuSRkBEcpl42BMJWxJKEalGGfn6hGlpWM8N+I5SKzJtQA2c8qZJw59MIXVOWy9ZrpaY8Tqj8Rp9s6ReLFKcoxbkeQ46487RnPGopAPaKFEmQ1U5Vgia1QKsRRaaICJeQBxWGrqoKPuGoghIk8IojFBsTkdMc8HewTKFUHjYGE3ITY5uG2xUlHliblupWTQ1QmiqUUnf9fjeMZ1WSGNouxmTPGKFSlMRVbBWJrDLvO7ZGGuijzS2xwnDOJMIFEddoNIGKyQGgYgRoRJoREhBLhWVTjYxBvqWURllnlNkium4wvnANDm96TqLEoJcZwjjyHGsR4EJkpgJmq7jsBZYfw/nGpIoEUkcbHsuDGux4cySSpAJjVSKjc0NnnjysZde/4Y3/tDx/n5M8BN+u+h+Oh5ZlnHjxi3+0l/+mxweHt0vuL+lHoLHr1566W/cufzMl4l+SWEAoRI0PcWpIEkfZqlV8owGQUgSX4QQ+JgKZyYFmVRkQhBVjrJzCC3SDEKnmG6sMabDW0pN6Ns0ipLDiFkk9WkIEWlA6cTF9QGkKcl21sjW1snrnvXxiPWdHWT2/2XvT55uy9L7POx5V7v3Pt3X3SbzZmZlVhVQaAgSYiOGHAoHbYe7iSaO8EDhkWce+G+QJU8cIWms/8C0J1YobNmUTVpsLNGkaIIgSDRVAKoq29t87Wl2s1oP1smk5I6CSaAKBXyzrLpx79eds/Z639/veRRP+wP7xwPGtdJ9iAvLfOTpcCSGPca5JgqPudl/RJHFkEtsMIbzSLltPxurGZEzYrLp8ZrKTjiOE2u3YnCWOJ8Q0axNY8k+Ro2kkSqaqBTk9kaSkjSAh4JiPNP8gDI9VVvyMjKXzLRI8wAbg6Jxo3NcyKanqIGqRqjtzROBmCOzUoQKeo5oK2RxSAokJYTSvqZSFSEXUimkonizn/nNLx/44HsrrjvF7dDzS9vAb/z9f8Du6pLv/bl/ndP1FQ96oEsnLoImTRNaCt4VUs1EYFoqKgneCcfRoiTxcffEhUn84J/8Nvn3v8+rlcdv1ljfEdKBmhZudjt+9PTI5/cn3kaFdiu+ve3xqnK7JD49Jb4cm3f1qsvopv/FUOhM4x/HOUENUNrDhTOGflgzjUeK9RjXE2Kky4oYc6NHGcVyXMi1Mif40dt7ln/8uxilGaeZx9OREgtWCqEWOqXxtdJpxXow3NgKquKlwR08mfXO0J+1WUrBxXqAUqgpsN7ucNqyLDOlJEJuDx0hRIJAVsLDYcKYJjAYl4W0r/R9j7aOoIU4L/RXBmRAlhM6Va43K5x3fHb/RK2FF7uekBxjqoQq3O2PXK86JrXmdDjgrMUZQ6fbpEXnwtYaRCzZa2YRQOPouR4cayvUiw2HMYG2DKuekiLeaIz2KMm43kFqD63DMGAqrAdLcAPaWFxJWKe/6ZNH7XGdo1PCKUUuVx1WYKkVqzRKaUKMxNICbynMDb3pOzqnkRqpMVBSZeUtUsI3HPdSCyhF33WI1kjOaCrG2rbGKpXN4JlyWzGgI6lkzFIJOmE7zabb8DQGjksgpULUkM97dC2CpR3ItRSMaLxVlFxQvuEoN6vdb/j1+rNlmsBqflKnwM/0oWuM4c2bd/wv/p1/j/1+z2o1/Es/cFvIqB1s9V/yj/H8d37rt//Jr/8Hb378W38lLhOrfoUyIFVRKKgUKalQjaZaD6JRCMYEYhFUNaSzjUW0xUsruFMy2mjq6jlpfMM437Z9qXaIGyBFai6tx1HbnqZKC1SV2l5IVdp+21jHkqHWxLqzvLfd8ax2mH7g4vkLjFTGwxPHw55UMnWJ3D8m1G5HnRZyCNSUycYRltgQfbo0lCBQMC0kU2KbUNBCLFp0o+icnbK2RoJ4tF+x9rndRkvCkVgZwUgLNgmVGgOL7kmuYyCgpY2wQhYSx/POtcf7NSYnajFMVeNzRpRhLJqcQNeElAzLSNGGrF37lqXckJZxISqPEsMYA1YqKzVhSajabrVLTCgleKvJqbk8H6bAP/3qiU+u1nx4fcNm6HHaoO73/M2/9tc5xsif/9W/TBq2PAyKbYLcVaY5coqJJRaqwNopUrE8LJpezfzis4WbPvAbv/6b+Ndf8PM3F7i+IykDJeOtpQKPy4TSkWIsyux45YRvX3meSeBhnHm1VL48FZ6mgkJx0SeGXrE6jzpTONL3Hqnn9YgSjNEgZ1W9kjbVCIlQHVOIRBQxC0ZZ1q6y1YqhM+jDWwZjeK4Nat1+G3Zdh1eF59seKxByIlMgV3rfYRTcPY4409y02jumeaJUOM4TS0wMmxWSCqlGolTGZeFpiqAjva5IjVwMa26uB3qjsFJ5e3/H66eZZZp4f7NmdbWlM4qqFaMous0ao2C72dAL1Jp593Ti4TRSciGnxFIrKgdyVHirYehbX7bv6DYD94cjvS1cbbY8nOD10wMxay7WHaut5aLz5JJ57/Kazp+4Oxw5ToXBtK5vNRbQbJ2B04nFW2pOdAZ2vqc4zWGayRVebFasfbMqdSJYZ4gxYMQgRjPHQojhrIQUrLZU5bAxUaeZ3ltChpIjg27p+CQJp2ldYeua9CEntHGs+p7eOEKphJLQOZ8Vh55tXHG/VNYD6KhZlglbM6E0P3Gtit4a5mB5miPHWMiiWwU8t2phLgV3rm2l3IKFF9cXbDfr9MknH/3u4e7NmFL8yZ5LP9O1oDdv+bf+7X+XcRxxzv1LP3Ct7/id3/j7rHYX/Nyv/HmWefqXeODCYT/LP/h7f+9//vkPfuOvxPmIdp6qLcp1QEWWsQnaFWjtUX6g1kbboTQHrkKhaeq5QAXf4XQhpBGdLTqNmOWJQUF1Awp1fjqt7earNOIcJS5IbUlQSgVpMHQ53ygy8Oz6kleXO1bDqskDrBDHJ2KtTONInBdyjhSpKC0wB+LpiJBx1rCcZeGi2mi2nEXbogxSzzvleg5ylQYgSLUg1VKlSeSV6dAGqkTmArKciLmgSsC4jpg1Rio1tyf2Kpql6pZK1UJEkVWHNo00VJWm5uYpzXbDXCfcmXWdxWDEUrRuO+DSRt7tMxRi1c1MnCpOtfFnyoW5VgKCyhFNwp0dul9LyalwWiq//+7EP/jsno+utvy599b82udPfHS9Yzcu/Npf/xu8/fIr/tJf/Ff589c3vHGe00kznwJfPSZCKRgBU4WrPnHpJ666kdP8wN//9e+zu3/Nd3cdrutIpaLSiFUFJYrf+vKWKomLofJwKhBPXK02fOvZFT6OPBxP7PLIbuMJg+EYM2PwVGtJIkzzCaF1cC1CLYlhaF7h4+MBa3qkOkiBmgwb/3WHVEFR9M6yHhy1tN2gNXC16sgYjqcDzndQm87u8uolhcztwxOHQ8NOLnkC0TwsCZkD22HF0K2IS8J1PcfjAVJm3W/YeMs8HiBn3n/vPbZLYBoXvIYUE1frNUPv8KpSU6Tv3+PmOqKMxWuYpwXjV/RGGIqCzZqiHZrM4CoffvyKYwj89pf3LHNkSoHL3YrdekU4p81XViOlcLEZCCGw7jpqKYQ44nTlW1fX7JcF5wyX3tAZw1LaIbhYS3exw3iD1MqSCk47as6kMHK57njvcsPDmOh0IcXAlCJXg8NrQ8wJq4ScI2unaaAIxVwS87JQz+J7azSagnYWax3Gavq+I5XCvERKBlUCndGEs1tYq/OEQ1u091jX3MJLKfiu46rrWabAklJzTquW6NbSsV9glEK1lVQEFIRYWXLCSkWUY0AxLjOnJWANoC1G9Jn1PdPZJmdZdY6f//ZH8c//6p/5vatnz1P5I+7l/swfuv+VWtC/8+8xjiNa/+El1EQp7t58xfMPHlrH9V/Cwf510vq3fvMf/uVf+7t/89+M4yO984iCmhPiPMr3bdIbZkSD0rZ1UX1HXU5I1CjVYvv5fCuNVYhhwhoFVUOcMOHU4PFeo5lJjafYMHZnoXVb5wpFuebdlYiqkCosudDpyofPX2C0pV/1KN1ueipl0jgiSjFOE/Myk3JC9y3RmsaRNM6g9JkH3eo/KN2oPSUjKVFVbjxiaqOCUbFGI0p9Q/pR2iBasGUmJMvcD6jc4BQozT5mdqbgzqLuUFoiuVZIdkCmgj0nsovSFNfD+Nj8htqAQKUw656cJqBSQkCMbWi/qltfuAakClHZ8/eyVa2WorBkahFG27ekdM10JeGMpioLNbLrLSE2NvOcC7/1es/f233Ff//nP+QvvL/l116PXG8M/4NNx2/87m/xf/70Uz7+he/x0be/w/ubHbLSvLet3J2gNxEbH4inO9Jp4Qc/vOPx88/4UAsvLgeWUnFxouSCtxZVGhz/F587Sgn84G0gRIOrmQ92PS+3K9589UQFjOuggjORvmZGs6ZD2GrLkteEUlHBE+LI4FekfUW0xnKJmiJ2GBjWmwZHUZVhvYYcef3mq5YCdxuMsjzd32Oz5jgfUAWUVdzPJ7Q2rNc7bo8ja+9AHNp6lhh5dnHFelgzPD3SvLOOSqV/dk3fr4ibNTkHOluhNAOSUYqOwtVFz8krtLHsOt/yEDliEDCa93dbxmliXBaWlFite9zZpjNsBkIMxALiV/SScUbQ2VBLYtsr3rt6xpTAWs0Xbx84jSMfXK755NmOGOHT28BuPbAbOqRWTmPgau05zAt3h4mUIgutRpekcjVowHGMkVoSMWSiblUio2h+Z6UJVshxZjDw7GJLby3LEqnhzLEWRSyJkBWiDVYX5jmSU+sDqwqaihJDrS2IiFac5sAYBDGWTgQnjaOeS23cbNUO585bNr2n1DaBvFkNdN6w1wYJiXimf226wFYpukWznxoAJeWWTTlIRmVD70DmwlJaijylzHa9xhrHHM/u4WrQ2uB7z831JevBL16ZHw2u508P3T/MWtDTHu/dH+q/2Q8r/rP/5D/mGA3PP/yYnMK/8N+ZU+a73/22/gd/92//T28//8FL73u0Nq0zKyDGUsVCt26kpFoR26GsQ7RDfKWJNTPZGCSXr6/mDZCgFNZv2dsVKEGHIzHP7SYbZwgzog2iHKWcg0vaIaaHNEOKnEICrfnWe+/x4vI5FxdXVNVIN3lecJ1DacX+8YFEZY6RGJdWmCnmbIKp5JgQDAVNKbHdgNvRi5SKVa2Wkko+82sVpZx7j0qQqqkUSs0gFgkjGcPYrbG6Kc1LqaSqzzi+hYwiY9qhGwNYS9WWdH6AyWkEhGz71jMMc1PO5UhxGxKKEk5o0e3fLQFBtalDziSEnBVSE0IlFIUyBiWqWYKWEWNMS0oXgQSDbTCSpSjWnedmA/s58jgG/q/ff8fKOv7Kz3/An3lvw++8OSFU/tvffcnD08Rv/tNf5+/+5m/iLy8wfsC4pk+UEJn3j+zvH2GJfLK2/NLlGmMM+7i0FLhq9K3eaaw37Dqh32r+xu/cExa48hrTD7zfK6b9Pa/v75ohSDmO45Hea04x8vjwBYJwcf2Km92W6emOMAdUXkAG4rKwxIjuHE4yy+lIEUEroXeO566DVPjq4cgQC4+nwKpfkXJicJ5dP7B/fOBqtSGlyLofMMbTmUzvHXemcuoUqbNcrCz9pmezWXG53VDDzLv7B/p1z/7xESkTz24u2a37Vvor8O7pSIiJbb/meruhUjG1YIwQp4yIxXtHpyunMDNNC7vVinXn6Ieemiu1JC6uNnjX8e60IGk+r3KEbz27IITE1W7NEiKnlNmsLEuA7arjYQrcPRxwBi43HV3nMUvgctdTrGZcAh9db9isB47jTKcyaNfsRCUxLQFRhmerRmdbQgLTUVLmsMw8HE5svOPy4hqnKt5bnDWYEWJtCf0qgkE10UM1HOux1ZZqJcdIxWO1o6rMMk1cXV0htuNpuUfXhLGaZc6AYhh6tIKh75s2dB45jjPPr3Y4owlxwfkWfEo5c7HuGHrLdtU+5/208NaNLEuihMCP3j2grOPFdtXG2SryOB3prODsCqPbex8KslJY06QNXnd43zFY/WC13C3jT15kY36mDtz/D7WgP+xvcK0V5zvWJnKx3ZBSRkn5F0pNKa35wQ9+73u/9p//rf+OEcT368Zz1Yoi5dwNLog24HtYZlAK5RzKGoiZ6nyzulSFURNFBIxBLm+InTC7NXu9YogTUgxheAb6QF0WMKaNVMkgGtGWeu7p5VqZQmS3HvhL3/sen3zwHtkY5hqxSSghtN3w6cS8LI2opU0jWQktXaxortwKqQgmL2RpAS6lWphIShsBKwXOGqaQySlRpenaRLW+ZOvf69YJ1lDN0AIxKSLGYZRpgakCpyQEse2NVlpFKoqCImTVtTauWEoZYToifiDZnppbhpucGitanbEINVOzoGtF10Sl7ZiU6BYiyZGiDEvVmFwpxraeZomUEImq/f7krBGjm9WlNhLR1bpJ6x9Ohacx8Te+/xpnhP/mz3/ML76/5ffeHDksiWeXK/571zuOU+RunPnq9on7efkaTEpH5dK2ANPF0DVba4WrfsAp4bAsDNZgqNS68OXDnt/86g2HU+aDizUay83GMajI6bS0CUQt3D/ekXIhBs1+Pge47EDOkR+//oLDfKT7egS7j2htWOLMyhmWlJinPZt+S+c3UDKnp0e6ruPD5zeonHHWsdmuUKrgxLDpPDuz5tX1hioKrxSpZLquZ5kD2cNV12MuB47TjFWRjR9Y68T2xY5P3rthnGa+koK5vuDDm13bn7vW277errh/2uM6T+dbcI4CWoTiHa9vH2ik5dpQlEqwzuI2K3prmGLh8HjAbwaqV6yXzBwqquvYeMdzd8HT/sD9wyM3uzUXSrG2cDgGrlYrbh8f6TvNi+3A5XZLLeV8gGi+eDgClevdqj28keh1x9c2Zi2VY0j01tH5xkYPOXNK7bAcvMMozdM0cwqB1cpzOXi+eBzx1tLpyqSEECJaV05LYAoRqzRZArmeLWClYlVB6+YYzjk1laA2WK2bUN6tOU0jpusoceFpnBmXifvHB4wydL1v0wdnSaUxAN48HVECz3YrrDHEuUktLp1jFKi68u3nFyxVo89thVpKq6/5DqUtFc205Pb/SXuI7O2AmI5153h2c/XghmFc5umPRN/3J+LQXa0GfvTj//da0B/JgY/Qy4w5fgZmxZTt//9/Vym8eO8lf+f/8g//0ts3r9/rn3+MroW6TGDsea9qUNpSqCjbEJGiDWIsKNVkC8ZCrehcyaIan1gbcJ7FaqzSWDLZrIjrZ/D4AGlBjAbVnYNUEXJTgSltiDESwsi3Xz7jL/3iL/D8+UuWnFBGY0tlPtwRp0a5Ktowx8ySMlZBEYXU5hlFN5hFDZGColRFSbF1X88xqaKgpkLC4pXB6MySm8wA7c4344rUVg9SKSCloFeXEGfmeaLYSAfUMwavVCF7T9I9mpGSJsoykeUcPjEOKW3MnOpZFRMCVEFpR82FWjJof65MFVJtD0ql/jOVnKizI1i3UJuuQimJWlrRSSuLlCZxyBRsPjHiqGKgJHI1bG3FGeidpubKfor8nd9/i2jNv/LeDd95PvDVfmGJBXGK3XbgxdWG76bM28PEEgOhZMYkHENhCgsPS2SwGk0mI/jB8O3nF43vnGbeHJ/4v//+FzyMkV+8uWDrHVo0hMiJlhA10oAez3crUmxSd6uEkAuD94R8QtLMhW+8Y0mB3reft9MDOUZUqfz8+x+htUDVrHvHbrPFWoNKjnwWIThJ7IYV8YxZXF08YzN4jNJQMmNKnJbEMgd63YJ+ojS7zZrtdtUeGGtBSUaUIs0jq96zWQ90F1viaSLGxBwC3mqG3hOWmTEHvHcMSnN/Gkkpc71dEa1rKMiw8GzbUY1mHBcwkbePTxzngB46zHjgcH9gvd5w2TvEW2qc2V1tmENL3g69ZuUsdJUYE8+vNgzW03vD49MB3w2YrmNZ2u917yzeOZIoVts1JiRUFjINK/r+1ZYpJMYl8/Jyw+M0I3HEiGAQtn3PeujwTnMKgXqoSM0o04JIS07UDKkWck0YJcy1Ag0ko1UbuRvaw65VhmVe0Kaxp0uI5Joxqx1xmjmOIxdDx7hMnBaYIgwqkJYFu9lgjMEqwYsmLKGtjERzissZegIrq/Fu4DTNKKsZQ2JeUutzS2ZwBq0rpaqWdykLeQxgTKOGScF5YT14+vV68euLaHP6yQd8fzZqQbbVgv6XP7laUBVFOLwj+cgp9v9Cf9ft7R0/+Ce/9heyqN5vLwnHJ8R6MJYSFmrJaOuanLRkqjIo34E250qNgG0EqKxyC16VM94xJZIGIw3WkFGoeMTmqaWWpyM153OsP4FUlFLMBVCKv/jd7/JL3/0Y5z2nvFAQ8sPjmaebkRqRmFsQqwS00WjnmVMkn4XiuQrxvKcR0eQyY2yPMgYhQmpp3q+9pEtMUBJVGXIupLig6MnSwl6lZALSsI2lkKSNquclkKWNoLPYs883Eqyl0qHqQk0nqvKk0swsmoUkjlwrFOHshSGpHikzpRakFLBriBOSxrYzRyMlU1QrWpqGHSLXFsbKOWHPtQlq4Rsbao2QI+MpEpUn59qwkiZiyWgUxbSHsa8eJv7T3/mC4zLzyy9u+GC9ZvAblmJ5PI2MU6JKQxwGEWJtm3BrNLUIkUQSg1eKZxvHB1crrjaWp/GJH755zd/+3bd8+Rj4b3zyjOtVj6nnMb9WzPNMSPkcdFIMfs1pnFBiGGphf2oUrEQTQXhryKXiu4FC4bA/MnSewTnWvefFZkBqICOsOsuzTYdSTUaw63tUjqSY0cYwKMXl1Q7nPJVGpCqp7Sqtdlw+v0J3jjgH4vFIrYrpcGJzc0F/fY2IcHh3x3h6Qg8rzGbdKmYpMB5PjdltPJfXV8yHPXcPB7yzDJuBYgVtPStnCRSOxxOHh0K3W3HaH9FLxJiem+0O7Ra+/OqOXiuevbjC9z2f3j5ydb1jozTKazYXK+ISsc7SldJyCbVinUdE+PLuiSq0lkEpDEPHe95yOIzsjzOb3UBnHCkV5tOJKWZWwwpdGyhiDjMxN33l2nk0DRzhXUuVb9Zrakn88PUdN9sVRmmWGHl/05Gy54unExfeUnMmpvbQTM3kXPG6klJtf789h7UqaLfCdz0rlZhzYOg8y2HGGMMHly9J84KUyDSNdM5xsd0wTjNSMpfrng9uNiwxcvuw5/50avVFpZhSxhvNrvfcHzO3jweQhpTMMaNqYwRopYlohqFj3VlOsaXEaylYMrvdBt/12fiu/KT3uT8Th+4fRS3ov/ZgWGuolfHhS4pefy0c+QONM5QIKYYXj49Pf05qpeSIsV1jIlPAOM6JKqo2oC0wnhPHLcjVKgOCFEFVobqePI/t5pYjeYmEWtBlxOQJW2fyHNshrm274ZYWTsooQgx4a/gL3/2EX/r2x1RtGOcTS0hIKtTTnpwWrLOItBRyd0b+QWmHcVtttWBTqTTdaQNsVNoT9qA1rbRe0LXpEXNpN0hL06M13KSmSCHTHLla1farrAxxGal+QxZDnScSCV0Koi2J2kJ1YSTqAWO7pv0zHs6wkVwVojQ1nSiq7Zul5iZpF02NoX1fXU80HcSZQkaVSpFWS5IKSxGUGLIoQm0qOhVD6/wCCaEo02pQylFoInZbInFJPCwgKrN2ml7l1v2tcHtY+Hs/uuPtMfDLLy/43rPEi6srXmxXpFKZQmHYB17vC5MIwRSmWFrKukSMStwMHbsO4nLktx4O/MMv3vCPfvzA01z4lQ+u+WC3hnN+wKEwtTRNYm2oy1Irg7FI1zPHiK+w64RRudblTImEwlhNlabaW/keoxWXQ8eudw2kIZ5SCysjeFUIpbAzwooC3qEGoRtWOGdRoppD1hnQDlsLNoP4DrYdsrum2x/JcWEJgfr2Ft13xGliDg2FeJV3nMaJ+eEBu+oZ5wk0dJ2l5IRdDchuw0VtVR4ZPJuLHXlaqAbSHLg/LKyGHpsSV+st5lIzhsDb24nVuueTtQdtuHz1ghwmHvd7agzMSsGy4IwmL4HqHaIgH0dWzvP0eGDVW/rO8nAK3I8BnQvrrSKXSG8rulbiaUSSpRbIUihK0686xuMJbw3ewHGOWKXoB8/TtBBzoldtGuatRWP4znvX3J9aLfBCQ98bjgmu2JLnkWMMXG56RGse9kesVsSSWUIgiuGq12cCVKJzZ2aAUqRpzxwyL5/fIDSIhdOK682akzH0fc8wdPTeMJ1m7k8zm87yw7dP7DlhtWFz/recasn3zppvgCZSCgULtZByxGqPQ9FZA9qQlUYthfF4IC9HlAJvHctpiv/wr/+f8h/10fDf+jd/7mfr0LXO8u7dLf/Wv/3vcjqd/lBqQX/wNLOQpz0Ptz8md9coxTeS9f+6h671/v0Q43NlPUo0WI2ECc4wDDEW8QMSY0tXFiC1QBVfQyzOO1gR3Xa9cW4cWtFk4xo/uoxYaWlhk47I9IjE1E5HAD8Qlsy66/iL3/su3/7gJVkJsUaqLqTDiEqVznqKtKd2oxQFzZIiGY1o3YTkALrRCQq1yeSVbb2+sYWbYuYbzGQqTUJdpB1ONc4tTW0sIueKDQal2wuTCkkNpBQoZU9QHaq0BGc6h82wnlQtkhOKmWJ6UO4MtazkMJFFMJhW/ynn/bwobK0EMRQpqHruDKeGq7RARCMUQq1Yrcic60xKN4SVVKbawmFaOzjvdpNYEKFoheSAkRmkkIugUiJLYtIKLbDy7d84ToHvv37i9WHkxw97vnt1x6vLLR+9fMbFYNl1iue7gXenzLvjxP0pss+Zd08HVM1Ms+HHd4kpLvz+uxNfPC6IVnzn5QU/92yHAladY4qtKpVyIeWKMQ3gcBwjp6mF7RLN6IMy3Gw7lgJlmjG0QI+Uwlo7XGdRCM8Gz7pvej9rHSEtaKOZYqLTwmY14K1Da4VyGjv0iLTfGVUNOIsoaRKKUmG9Qi6vQBmKm5CL5/TOkOeJOE70uw2rrsetBoLvGL/4gp7ENI1kZXG9QfcdOmRKXChURiDEQFdSmyTVRj4K84xHULXycAgsNbFdWwZrKWHm9m5k+OAZl1c7dMwo63nvZoeyituHEzoXbq43yEajnWF+fCJMC1trGDrL7eGEcZ6LwZPDwuNx5HE8cXO5Is+JdeeQkjjuI1OuXK8szkGSFpiMudB7w3rVo5UGMi4Y3KApYcFpgzOKMSa6rueF66AE7u+fqHMkm47eKQ5zRYtFKeidpfQOUZqlVpwYyIXjeAIxDeNZnphDJHU9RltWVuGsR2rEqPYzPcbA6TiBNHmMtpZpnsm10InisvvafVyZl4n7w8hpbDUpJY0gt/PCu8PCw34EY7ACVoHRwsorxHoOEbwTop2oSUAM2hg0OS+He34aGIR/bA9dozW3t3f81f/tv8/p9IdbC/qDH7ya0+Mtxc343TMOhyPOmoadrP/cUxc3200My0p3A1Upak5k03qLlPTNv9HUzLQeq3CGcxSkqsb5PSf5VFEoY1vNIEZy31O0QVXXRNrKIvZIPcvelTSD0DxHNuuBv/gL3+GjF9dErVhqZjncU5YZpQc6o1Dh1G7XSlFE0QGJwhwzxXmKtaA0ukZCiliAfE4cG0MzoVmWnNpeGUgoEN12nKLR/Q6dMmmZKCojKKpqdaBSMwoI5awdLA3xVhTkIlSxSM3onEgm451vt02lcd2KMJ2QWlGlPcTk0ujSUiKF9uajrMamQszyTQKanLDfmJfOyI6SqdJuZqU0Eo8ohQKKWBYxLTFcE5ZMRJNFYfLYKklVYwtYq1pASyucEWoJhNj2p5lKLolpSTwcZn73zZ7n2zsufu9LNt7SWY0qmikVHueF/Rx5WuD1Y9v1rjpFyZnHKVJF03nP5eD41sUWqUIVjRgFMZ0Vj0Cp9FazFEA3ZrIVYe0dj3NGqrDkQkwFpRRD10HNmJJZecPDaeRivaJ3BqNhcO0WtvI9K+94GkfuxoQ1hmfegtZMIZJyIooGrdish/YzqYY5NBmFhEg+HkmnE2WJHH74Battz7BdI5dXLXE+zlTrOe5PzHNgfX3JbrehLgspRozvUbbw9PYtUSk0FVsbirFQqKoBZbrOozaF2zfveBwjwXYo8bybn3h9nKgV7n/7U77z6jkff+slEtuqx1xfcb1Zc/zxa5aYcd6QlsBm1XG5XVFEI2lPSkCK7G62dJuB682aH3zxluPjEzfrNbUqtu89p9w9cv/lLWrjsVYzH2cOU8RZy4urC6YlUrJuYSItLDnSeYN2DoxBlfZ7FVLExIJzPY/LQpqPXHae3hqsUpxCRktBO483mr5CLhBIHOcFqwJF7DlQl/jyeOJyPfDhs0t0rZSzYEFpg7GWruswpq2IWh6j7eazgnVneRoXxBjGOfPuMDJNTamoBb563PPV7SODVXiBKSeUsRhl2HRdy6uIamStKbXPd71ht7tARDONc8l5qfwUHLt/7A5dEeg6h3Ge//X/5j9qOLazVuun6SPlwicfvcewu+Z3f3/m3e3+/PnLP/cLdNb4GIItOZNLRqEQ4yFMoJsztywTonQTIhhDta6RlkpBbHOfiGigUZyUNdTSbpw5RYrryH6Dmo+oHNC2xxiDlAbuj7my2qz587/wMR+9uCKkyDydyNJG1t36gt2rTzh+9kNOp4WiFLYqrLXk2sAIymgimaI8hnYDz6mgbUshlpKhFqQmcg6EQrshGU+e5vY1nc09GGnwhbAgFapue1opDT8pkjA1s4hqRKscWpCnBFAGXBNcqNpuziUFSgkka3DeE6aFkuM5qQ3Fdug8UyuUOKNUe9BLSqilfe6KVmNSFKgR0Y6qLLlWjDTOsOSA0ZosDkS3sflZQtesL4YG7mxBEKXaIVwrdDWdFYZtRItALC19nEvGiLAgvNnP3B0XvGkVHI20XjXCGDL7OfA0F05LBiVsvUUJbFYD296htfCtqw3PtgMiFalCiPVMN0uN2ewsxmhSUTzfrIgxE0vi9mmkM4aNNSDC2/2Jq80GK5WcK53rsFrz8eAR3b7STb9iXCZ+780d33v1Ap8TAowhcn+aqCWhlOJqt2ZYr/j8/gDasfMRlGbOga8+f8Nm27Pa7jj88HOsEy6fPSOPC7PT2L5vNxxnkFgouTKdJh7niIqVD1YbSkzUuBAeHkklMB2PDJsNVjds6rwsSFSNSb7M6FLAWobrS8ww4y92XL58xtPbBwK3hOOByw/e4+Xza9Rg2+/tPFNTxjnLxXtXpCWQxhlVC7bvSLWwHCbSNHOx8qy3AzUWklKYoedq0+w9TtemoBJFvx1wbyCmhFl5atW8GHpWnWtmn+NEjhFrV1SteDxN3PQ9m237GZVcGUvk4e6RtVVcX1+wYcvxcMQqhTGau8ORrNrv8OA9nZEW/CuZ49PEnDK7qyuOoXCaRrwoPrxcMaw2nKZELSODt1jlqdKz3WzIqbCkxMP+yKr3xJqZQ6RYyxwSnTFEKr13vLfbsPdLSykvC7lEpGZqzi1HYA3KWYoSYo5YZail1Z9KzRjnSEtDYHZO4ztb/Oa6Uv/0pvsH+mi3WcVv/ObvsT9MeN81XutP6cccIt9+tmVwH/NPfudHfP93P8do9c/5uQvWWh+mxakUoEASRS2xjZG1tCBPTu0WLEJJEe37s3KsNLhErYhotLdkmZApIVJRtgO/ooiB0yMmnnBOYVN7I1BiiLVgu45f/s63eHW9ZTycSEYIOeJcx/riBqlCVobjMjUZd79CSyXnTKxtvynGoHOh5txunVJRVjd0pAhKVYrVYO03DyOpnm+CLkEtVNHU0iTgRRxiO0psLOicG0GpStt76TghZgBRZElnK0qFM9VKq7ZHzjmhtMXkQAoV7wzGJlJqdRilBGctJWREzkzZcEJcjxFNUBqRShVLqg1AQG1p0IJtujR9HoOS2s/EWIoYdE3okpDaJgxZWXQZ2xuKsiANZ9cUD4pKOUNBKtYajBNCTMwBILe9phIUQopyRt0KMSWOCR7nzBTbPli0wlThOCc+utlwvV0RSubbNxs+udpitWpd6BKIMTDnSim17WSdwxjNVis6b7hbGiBl1bWfl1GazhmyVHrnsQJCR0iZdW+5WnccpoSSiq6Z28cjh+PE/cMjwTuuVwOvdmuUdcxLYLvq2K16QHE8Trzbv+PSfoBCsH3HbrNGtOLwsGeJGe06nt6+Q0vG6xXleCCIwa9XuKsrtGj0u3ukaJ55y/z2lh9+/gXX64GN88R55vLZFco5Pvv8HSVXVEr06xV60EStiCHhVx3D8+eNOdb6fFxeC72GNA6sXz6nxER8OlGkcjpMbJ1Gbdeo3RqbMunphDlfFLQIgzLoWplzwl9siHd7qjNob1h1nnmqLAmcaSsJbS0vP3lFiZGKsN6ummrQOWpIWGsxpolHOuDqYsvdwwG77hums2TGEJnnhavdFf1qoGbwuTLPM8dpYbteMaTEj+8O9LoFA5UIa+d4tiTujkuTe5RWS+wHT+89d4eRp8ORq8FwtbnBO8e0RLQWeissy8I8Ow7TiM7N6uQ1BNWsRzElnFE8WzsGr1lCbhStSfNIohZB+x7rO5RpK5xOCc4IUQu5alKp5KrRWkgpEpeZV9evug/+7F/StfxpkOoPdMM9nk785u/8iC9fv2uybGt+quUFAuTcmL6vXl7xePeOz17v+ec9J6Rkfa7FNspwbR1Z1UbGDcMY2464ypncVChxaYdwW+u2SovINxWjqhXkDFqhpCJ5Rp0dumlOxAS121LHEbE933r1ig9vBubQghhN+9eetpUbWOYTT7e3xJwxxtFfPCMe75liRvyGFE8Yc3YBVZruTlSzzNSGcTTaEqxrHeK4gOmo7SKHaE9eTqCEJO4comqJZ2oL88Sc0H6gUkmlVQl0jWTjG5w5zCgNkca6FdMUa6W0XbPSTc8Hbc+ENlAC1EpFU40DAcGh4qnVfbSBnFAVRJuWTK4FVVOjheWEsiuSaKqA1R5yxpS2N6267TOpIKIxSPvv3GAVQsUo1W6qYhHJaF2xGkytqCpse0ftWvBIzs9ZMbd9cqlN6XYIsJ+bolBVqFJZW8uLTc9u5Vj1bd3xC88uebbtsdbhqeRSMMahdYZc2FjN0HmUsQiK0LJ4WNN291utCLFBJJRR3KzXHOaAtgZvDetOuNmumg5PB8KS+PJxz27T88v2JYPTWCVsNgObVUdB8fR4IMbI771+QLSw3ayAwn6cGbqODW2/vYR2g7zerbh9PBJq5vpyy7C9oObC7RdftsN0taXEzOrmitP+iU/f3PLFV284jZH3f+U7zYSjLKUqJCdutj3zkinVkmNz8TrjyRnU9TVmGMhv3zXv3JQ53d3jrwfWHz4nP42oFFrVTil8b1CpUO8PsFsh3qGsbTYnBXQW5Qy9FrpxhirYi02TE4ti/cF7uMOB09tH5iUxvb7HrDo2N9ecHg+cjid80VhvmytXG1abNZITVoNPheFiTSgFZSxjyBzmkePTBMYQtGbKLe0Zc+GLhyO7wdNrw5IrvWmvXyO2JeMLXAw9b06huYeVxlvN43HiNAVKLfSdY6rStJo60nvBWcdiHZIL96eJkBIfXm4QVTidDqQCEYgxcTpOGNucuSU3neaqHxBrmo0oBUzSFG2pKJQCa8w5pa9ZkkJKZug8295CmJmPpxslrH8aTos/BoduexferK55eJiI6cjQ+/b//DGyBaVcuNw43r6eeDgUrP3/voNOJopWSsR1FOtAeTjzh0ut3xy2qPYmjrHtRf41eKLkVh+S87g5BkixfStzoqRwDizBkit6e81iL6nTV5T5Sy4Gz4fPtg3ccOYJq1KoORGmiWPXQk21ZsiZEBbGWNo+VRns5Us43bIsI8UIoRRyaD9KYxSlZJbYeKtKhGQ0dVkoKYF2pNrAGKkKkjNFFaoy7fZXErk2GlUbJwna9uQcyQimttRtNh05ZbJUDIVcMiVHUgGMb6Pt8/egoqC2vTeptLJ9yef9ZvueK2XajvmcJ6jo8/i1HU6tf9whylAlY6VRmyquOYpzxqjc9oPWUhFUalwso0C7vo3YUxOLG9UmFQumPWCUSm9qg8org3fCQGl/JiaWJRNy4eEwMSUAjakZ5zReK3Ju+9dX1wOblccqwwfbgffX7aFH6cbYvel6piVynAvXQ49VTRq+7geU1sy5cpwT6Mo4J0658vxqQ+8cS8qoWnFGEXIml0LXO+aQKKHSubMI3XtebDvYGeZcCMvI7eFIjInt0DH0ntM08vuvb9msen75wzVmvSaXysNpRBshLpFxCuAN+3nk8XHP5Xpo1bjTCYxjvdmiVwPvPv2cL794yy/84s+htOEHn73mcJj59vNrrG7moJgT+TgyLwuroWM7tBqZskJ4OjVhwDDAOJNyJs8TOiTMamC17trK4/EJiRnRCvEtwOOSgZCoxra9/mmkLpG6BIoVjFPfgEzEtvxG9R1iNel+D97jry/4/LPXpHmh8550mul3W5yzzN5TtKCNIYRIjvnM8VZ0zqO8pS6ZD17eQIXP3j4yzgnTOXSplOOJyTh039Nbw27VsVuveXh6Qknm2WbFcWlUqiW114JRiquh42mcWFKhiiLlxLgk3rva8MH1BYd5YQkJ7wolZ2LIdM4S5rmJODYDVkNIC0/7B5aYwXgkZ4xVoJuoJVGQLBjbcbne8tVyx2macLkwqC3GaWIWltNM0YWq2zRKWYM+B+6MdpQQbgjLrv5pT/f/90epmfX6kouLs3y6VsxPUWDqD/oRQuTbH73Hq+/+An/1r/6Hzbf59Z73v/QAoY3OKeWstaVW9Y3V5+vbcxUoqtWDSm72IKmxWYmqnIPLZw50LYi1MBXKPFKcJVvVgBnaIcMlcfMSlkBdRnQOvNxdsVl1xJyaLDUloFBqIYeJeV6wzoE2xAIlZZxodLfCjk+knOmuXpGnBw5Pt+0WBqhSiTVTS8Va2pMwleocMi2QErk0kEfTBvpzoledS/vSkr9FKDVAbS5OpRwoR4ojygiaQqwCtqOWQNWu7XVpeymlE0Vsq/nU2kbKRlGzoTZ2JHKuOpWiMaKoro3wqjHNrVrVmQd9TtaWVouqSloDV7U/h4CiTRrkfGjrklvaVqmGl5S2alLaYEs5p2UbWxoRUEIWYaY08P65w+yUIZaGQdwNmvEs+U77mbAEtkPHajUQU+I0j2wHhXeal9sVH12t8QLL0ohFG2cIue3YqbWNjQWssXTnEKDWQqfa12aCYokHVsqw7Xuc1Wy04vE0k1Nh6w2hNPD3lBZCLoSk2I+hrVieMmPIbDvPvAQel8iTi8Q3d3Te8cmLa25Wia7THMYTp5Cxpj14vX0c6Z1BjOH24cSPX9/yZ777knU/MJ2WbzjlKUae7u7RznC5cugacTXSGY3ZrXn/eoVSmsEZumyZlsjpOJGLQi4tNUakgtCmTKLb+F9KQTlHiZGcF/TQU1OAmFB9B1ZTThPpYY/ZrVDrgQZCtqjQ0t2ysiiv2/QpF+SsmhOtWjhwiZweDthtxUnl2eUGVTd0q57v//5XPN0+sLKWbWfPYIhCDBFjNWGOeO9QFE4hsTweubzYEQtcDL6FH41F5pnD4wNrozGqUKQSlkjpEyJyft01J/JpCTitKKWSgfd2G0ouHA4jSleebzdt+6U1NSWuOs0htXxAU3Um1kNPipGt02ys5fbhlrdPT8yhSQ9C3uOV4sXlGu96tLGUEJhDZE6V3vf0XcfxODMumdVacTU4llA55YxIQXSCWjHa4UxpUBwR1ptNr0SvZNjAn2Ig/1/HyII2mi+/fMc4Frwfvj5q/rhXir/WRvIrv/RzrP8n/wb/t7/36/zW9z9tAab/Ur6qVslVdC21oOKE6pqcvWrV9rm1vVmX2vaW7fvW3vwxpskMzrL3WkpL4tb2Aqi5UIoiGIvSht54VBzxD1+h5wPDZsOzF8+pNRPGE0o0WmiaPzK1KrTrsJv2oiu0A6Eqg3IDebrn/u3nmO0zri+3uBTJd7cUEVJVpBApKTJki3ZfH0yqQThqIJSK6IEqQhSF0h6NxpXIWDNRWo9WoqA0bbYqBe2HNr6thZISSiuq7SmhkAotTSwaZWt7o6tng5IIKUd63Q7rhCLXglamGXtFUY1qWsMU4dyvVefqiBIQcW2aQEWrr9nRLcmsVMN6KtHkXM+u40yRiliPThVypaZAqhVRGn9+sIxnuhhSz9L7iK6KIqbtzEVQouiMwWqFEs23X3YcLyKHacGIMM3xvHfPbDrPL7284sVmTa6l6eS8b9q9bw54xXplMKWN8q92G1a+MX611YxLA+DjWvdSRFhSu62r2n4eUjJzFpxXSC50znE6nng8nkgVcqncArVU7veHNsHQCuc0u9WAVsLjaUKk0gvsj0diNYTc6l8r3wQGD8cjtw8HrjcdG2MR3Xaj9497+qGNI5011JK58orHrz5Hlcz3XlwiWnGzHVpFZQokqehSeHm9pbu5aEHE1QpJgfHxSBAD8wIxYFVLTZccsd0AvUHmSjrNSB6pUluASwo5JFTv4X4PnScoxf7tPZvrC8x2aIn/aSa9vkdfbJHdBmJuOQ2j0CWRngLr7RqzWVND5MNXz+i8cNpP2BQaKcqf1zQ5cvP+NY+vH3kY9/TbNcOqBycQ8pm77hBjWK16Qlh4c/fIR5crPv/qli+eJm4utjzf9hynmcfjzJTymcGeWVJpNaG8cAgRZzRWa6iFTe+wxlJK4d1hYRg8WtfzWqmtmlznmU8TJgWWZeH1/YFPD4ElFawkbtYDWfa8pwxDtyWX1vjQul00rLZc94WQmuwgZvDWsKTCw+mI96G1Byh4bdBaMU8L07KoWOraatt0rH966P6zva2IcHf7yOPjofk3vzmufjY+aq3nsW3mV3/pO4zzwg+/uEOL+ibNrpAqrq9SAW0bGN5olFhyzpSc2g60W1Ol7QRFtbSy2IZ/lBQRbRqFKQWs75owIReqthTXITlS00TNlcPqBXWruHSV9dARpiMhzhhpY5qqVOOe1rOoIGVOxwONFW2ItWK0B9PhSiDlhXFaWGKzHOWcmv4uFyQXks6kCN4onDFEZVF1ppZEJjR4eclkZVtlSHskzugc0cYSpWvKMdcwdtVYiuspcULHsYkRyFTXoVKiniclthaq9RRRjZN93oPXFJuO7AxhwHqgYuS8ky4VpS3qa/hILg0mkjPnxRNamlml1EwRziGsilhLqRpqaI1g1Z2DVwVlDDW02lctmZQL2jp6AGm9asqCSBNMZAoqpSa3EBpX1xlizBgrnJbE43HC2zPvWlU2veeV3/BnXt3w4mKNEYWEtutdrzoKLVW67To6o1nCTH+uecWUsJuBwVhCynQWKpGYC7tVR0gVlRNaK05zJsXEEiJLjGzocEqRQ6MDHaZALAURoTMWyJxS4mqz4mbV0x4DCvfHwCkcqGdi0aozDH6NUhBDolrFaUqkZeb5xmKU5fY4c60M09JS6yHXRhmTyjD0VOOZ9nt01aSa0RWW5JinuZnIbMfFukeZdstUks8u4IKxisPDI19+/hmb7Zb3nl22MXApGO+QaabMgRoWtLNUZ+A8bUrHU1uRHI6Yw5FlCTzePmJFsEahrjaovof3r2GM1HEBZ1AlsrpeI6sB5gTLwun1PWFZ2FzvMJ3GbXYcY6E4x7K0FVK37hDjsV3H/WFifWMai3x/YgwLUxJKyhhrWD+74eLFM45vbnl6PLJbr3npO4w1mBpZpkAt0DnLynrmJaJ1oeXtNJ2x3B1HYhV62/jnymS8MaTSakdLat3hnAvLkppmUzcdqTUaaxVLER6mzNYUnk4ztiiu11u6rtEGRYCYuEuwnxO+5ga8oaCQFqQk8bDfo33PxfYSXxNhyYgtlGXheJp1qvnS6XPo5U8PXc6hKMXr13e8fXuPMT+Tqt//6rg5Jr7z/hWPTwc+f3vAGEPnXQNLOV+lVBBBoduLuOg2zBSDlExNqWEFrW3pXWmIQcmZqi3k0HaxAtiusY/TQskBrVfYMqOWE2+Xwjt6ilFsdw7jNNMhk5cFqQuy3qLWO/Lpsd0MjidiaXu1WEEZRyqZUEC6NVqO4DTTMvP0tCcW8M5Ry0Q6A/1TTg3fliveaOgteg5YNEuJVOPPvVehuGYPUdJTQsPLJdobvClAzS29qyBr39jCObXhr/Folc4EK32+WQuqpuYZBorS7QA+l3msGKi1vTmcx/lS2/6ZmptdSNqtFNWA83IOP0nNaG3bDRxBn6tchdpMURWyMZBzw0YK6H5L7cEfHyhpptZCNhpdG3zCaEOuhsdUsTlga6ZI4WJolakwR7QSOuuYDws5JbrO0/WOD24uMRVqXHi+6SBXtM5crF3r/NbKYQpceoum8ng4sZ8WvvNsx3bToV3HFArpnAMYnCHVQsyVmMoZlwl3+xFnLUPn+fJhzxIC15s1WmAK4ewKdqSlSRNEC9o4wlhJpfLVfmKJmYtO8zjOPI0jF6uekjLzmHg4Rp5dbHDWEFMix4Ixmo3T5JgwtifFzMPhiDGWqzVorbjcbXF9x/3dHYjGWE1MQgiBHCNTSHz5OCE2EQSur3dIysTTgd47pnlBhDa2Ve0hLy8zKSb6mx1YRX7cU2LBdq4hPqcFnR1pDA1ZKpxvvpXV9oL3n12QHw+E04TfrpESEe+RmCnjRHxMOCLsti3LYCt1gYe7J8Ro7BQYtjeUmFhtOvJhPFfrMqf9TIdhvelZDT05xRbAOh357PPPubp+Ru96TuPCOiXGVJhy5e545OOPPmQ7LxxOE0kqSmmuVp5QMyEllpzbyilWSm1usMEL+6W2B7wqqJzZx8DjnLiSgbV1pNQAI7Y2b29vDRVFFY21jphnSgzUGrlaeXZdx5Irc2qvYasVRjkuVz05bpA0MYYJ55up67S0KtnlamC/ROaYUdqgQqCvlasbwzJP5nQ8vmd8L6X8ZE/dn4qTzRrDZ5+/ISzw+vXtn4gD9+uPmAtXa8Ov/Nl/jXfvHvj7/+h36DubUSrXWs6SgNadLWc3rHFCDUsTyatGKaq5vehUbTUisRpJIM62tG9pYaAa93B6RHU9JQQeH+85zAt1/ZJu2NCtDaRESYkcIm49UKwh17YKERFSXMhzU2dlNEW3wNMSIhrNYRxx0tjQp+lA33Vcrq85qSce0l0bj+cCppCKEKqi+A7VRVyEkFq6uWqPkq9Ff6YhCI1rdZy0EMtIqT2mGe/R3xygCmoCKpmKGNdCLEir5ZSEIDhtqOcxbhaN9+ZcuWpC8EpFKhhtWnqcdgJrAbwnp4oo0MqdISWCKg2aUVp7F6UUWmlKbp1DrTVKNcG9QhBpyVFRGoYdLjlKbClW4xy6VlwVIGPC1JLSvm84wQr7KdB5y27T4Y3jo2dX/Nx712x7z91xIRfYdAavBy7Xa5ZlYdCKTd9xmhdu90dudls+ulzz+n7PuCx8fLPjcj1wuV2jnOeLt/eMMaGMg96y5ELf2VYBonKKkVLAqcq4RJ5tN6QYiTkTqEwpEGPm6+zg0zhS+44awEjly/tHaoUPrnb0VnNxs+WLJ0UKiXGJXA2eXkGYR1R1jKm9JnadZ8nCqh84TDMP0wPHMfDtV8+52G54+7hn3D9xenpiipmnOWJV5mLwqPXAkjI/fPPEUio3nbTgl1NoqUydawHAuRGzVoPne8NLyjRzfHiif36Ff3HV9rMho52mLKkl85VGh4jf9nR2RY0NAlNQSAgMTsF7NxQlSEnUlNpOt1ZEg6kJvEOsZfm9L8lG4V/ccPHBM/rNCu38OTgJYZwppyOu6zDOk1MbTQut3z5NEUT4/P6RGEbi6QljHdvrS24fjnz65VteXq0ZLnZYY0lp4odfvObDyy3vX2x4dzwRcyHFRMyZUlp9KMVAihUlgleQY8JZxZTgs/sDc8gYY7i8MCypYqiEMHGYA/excLXylFy57Dy/8szyYzFMoeJ0PWdW2uuJKhyXQKmV7XqFUcLjgfMNuXCaZy7XA7FALp4smpALSwisHOQQeHo84K+utarc1JQspYQ/0YeuUsJXr++Yl3IW0Gj+ZH20J8T/7l/5y/z4Rz9ku9vyxe3J/uf/2d+2brujKnsO7JzBFhV0ra0Da32DD84VkYiyFlUhl/Ou12hqOvOYaSo6jEYZTw2JfdGk7hLNRMkVMx9xiydkIZ2fMpUfMJsLlmluHOe4UPBUZoxx+O2OlBeMURjroLSkcAoLw2pAa4WoynZ3wWa9wTrL49Mdy2mGmMBZxtT6sF3v6eKRkfZEjDKgfbOhVEWmPWQUpVHeo9NCLIVqHJpypkxKmwRI4XwJa7vcms9TgtpGxKJBC1oU5TzyUsagU2qShJaKolLRcmYySwuVSG16xaZCOCsTU2qBK9UOUNVmoV/noNq4W+lG+6p8g4KstcFLBEV2K6rrMHFCxZFc2wOppAVNpfeWmCLWNCeyEc16veJ607FddTijSbElpFOuDMbgrEJpuFn1bHyDi1jbTD1SwYjm2drjjeK9izXbVcfNqsdoISE4aEKJlFgZTeFrGXlFqUxvPPtpYt21121IDcm5xEBaKlkgpoJWFUujhcWSeZpmlAgfXG0YnOM4L5QSeJgLLhk637EQyNqA1jjguCROMdNZh/eOJRd0qd/0w68Hz/PNmpWzPO73uLRQqmKpmjfHmcfTRGcs87zw8mpLjC3I9ezZlm3XzGASEspZmAN5CawHzd3TTBgXnNV03tCvOpb9kfmLt3TbNVkr4mlEW9MenkKlWoX0HXmeUTG1MNwSUWFGoka0R/WuoVqnmbq/QzoHvkMtAVkPYC2sO2Rpisv1hy85y3Ib3tAZ5DhSdjtIkVJK+3yA5faJmDN+8Nw9ndgfR75880jMhY92V9w9HdgfF3pVWHeWJWSWsDDn9r6xHhz7JfLV04i3YJHze1CbTBxC/mZM7QTul9yCc0p4eXOBUY0a9qOv7rnabdBKM86RmCohRuZZ4bTGectNp2EFx07T9z2d7RH018MiplSYppntqgFPvPMEhF4s625guxoYQ+S4JMb5gJiKdmtKrsRaqPPCNAcVptN20srUUv/kHrpKBO8Gvjjc4bvup4KL+ZP6OJ4mKIVf/t63mHj3cUxp26nmjm26PkHVdks7A5gR0Q1TR6v2tF2FNLF9KSgUVdpuq5aKiCCbG6oxhOWEUgZnOyKCxDapNtD2lIB4R9EWuhVljtQ2FEJrzVIydT6xe/aSU7ZY5ykxYqzDdxumZcL7jNGGcTphlKJfbTDGkWNgGU+c358xZ+BCdB5vZ1yVhoFEzqlZjdRz+Emg5ooyDu17UlwQepRyzf+LULVBldRupEo10Xct6HMqusnb6xka3xCS6NYjNiLtv5UCFOW8g1RnG0xB4drUG21VG6mppr3TWlFiRnlDzaCUbiNpaaPlKvoc/FKoszgAseiyoNKRYnqKdsTOtn1kOKHNhugu8PmJGgMoz6AVThoXd7Xy9Kb9t5OGnTxMEXJl3fdYDeMcUEN/TmRXrNKklNj0jmebAac1MRdujxOxwsvdmlLhkDO7WhuBi+ZwrqWy8obHceE4TYiz7fBWiiU1OUVKiTlnTjGz6iwhJ6RqxjATUsRZR2ccSOJpmul063oKMMfMm6eZbe9baprKFGPLBYimt5ZqWgBOS+uRPh1H1quBTgmd19w/PhFC5FvPLjimSqoFbyqr3pPOo8d5WTiME0oLaUmooWPYNAd1zm1v7nqP9A4jJ9alYrxBG8Xj7RPHhz3mNJK3a7qLLX7TDsl8mpGUwBuIgXqaWMamzLSbNbJbU+cAkpGvZSibVQsTzqEl07frFvKrBffiuvHUBYgB8pnjbiwSItL3TXUoMD8dCA97MJosBeUMXe8YDKSlWaI+vTtw8+yR65uXpOKpFk7jyHEOqGkmG8dH1zuGzvPm/oDXCidCSIlSNTEnYmlQjqINU2ppd+sV1jm8EYauJ6tWG/vszS27wZL8mqKkVbGcIcWAOfPWp4YPYHXO7th+QGvDdPaEO2uw0iHU9pAtBq0qftUTNRzm0FgBnULqLaenWwZrkL5rJrUUOD49yjTOm1ff+1dMij/RM/cnc+h+/Ub627/9Az799DVd1/2JOVzl/OaslEIpUUrEihKbctqO8/LBjz/94dXv/NMf/evWWtXgQi1wQxXQiloteVlgPlBKbmSpECi5oFNp1QTVTCwipY0ElwMlZXS/amKAuJxDQ9L+jEQSLR2NtVQy2VqkanTXkVIG4yhdj8QFrQRrOpb71+h8QT9sKDnz5Rc/wruOmxc3hPsvqDVjjeMwPXGajxz2J07jiVo0+XybVaWSXDPTiPbUfo0KJ8z5JlhKptiujY9jbMGc840V2yEpUmIgd/0ZYRlbjUc0qhbknEQmqXbjrG0P3shTBlST0PO1SlAprLTaT1ZQVEsit71qQSlNLantddGt5asEMU3bZ5y0m3MuaGvb7Va1xLQW+Ya+VXJjMtuyoMmImG8Cg6IU2XZQIrEIxnWQ9xijWA9rfB6ZQ8JYwYbCoYKzgnNCkuaV0Kqxo5cEZBoyMsOr60tiDPz47T2X6xW7oVJSJFlNPmcWH04z11cbet+TlkAuLQFunOcUIpnK6/s9c2xriFNoFKFSCpVCFsXgHEteiLGBVcZ5aTUU1zNOgYfxSFwCq95y2Vk8hWQNMwrjFIpCTIEkhlgF4zSONjosVZASyFoQsbhhICL0zpNSIsbM3Wlmuw4IglT41s0Vn94/cayF690GXRdE+oY9tAZtzz3sHChxwa671gQQ4erminD3RJoXtICXyvObLfMY2d89oJTQb1dIzq1pMFgklnPXu2LXA+Jtu70KiDXtwH04NNLIboNc76ixIuNI2R+R3frrfQ44TR1nZFqoIVCspkaF2qxaT1805XBAAHdxSTxO6N6Qc6YWmIpm6Ff86nc/4d1hYtyPvH+T6bRmjpU4Hplz4dX1FZfDijDPnMaJ0+nUwo9awGiWEImxhehEKbRp+/QxRNDChXfUKiyxoFThYvCkqw3308yr1UBnDKdp4s1hQpXM83XXWgDWgrGERbDKYFyHKEVMCaUMKWdqLsScmdO5GilCmiPGa3rb6nfPtpZb7/j08y+JVfGdD19RaxNBvH13z+Pj44V1vatV/uQcukZrrDW8fXfH//E/+ZtYa34qucn/ognsfzY6V2ckm8EY7YzW/ZLi8HD/eHl3//je3e39J7e3D9+7f3j63v/q3/8PPtk/HT5exqmvxii32rU9YQoou2rhmtpA4ankhjMMkWoEYyzeCM4olLZnRKEG1SI8JSdQFqc0YRkhB8ywISuNLhGNwdUZUiExoGol19rkBcOG6hxliYjtiM7gdGFYX7Acbzk9vWU+Tby7uyWliNiM6JcgjhBnOtdRi3B7d8tHr77Fkma++PKWVAq7iy3zsYnEi7GIFIrVOAe60FKmcd8AIUgDfihBp7mtbJWluBWkgOQIrgVZimqhFc7C9GpotZ9KO+Dana9ph61B12bRgdoqJilTc0TrpqortY1HW9AKtDZoaTvt5nc1iGrM5ipgRRHlXOU6z8iUdqAhVaHkhEqxPTjQrFEqzURpO/s+zyQlBL+mGI90Hmsu6Jd32PzEccqM2aLtzLpboUURlgVJLRgVUyQroQbH57cP3GwHLoaBZZn46vaEM5p3T0esEp7vevbHkSEbfumDa1JV/OMfvqFfdWx9z2FpOr0PLlY8HmfePO3pnMOKYrMZCKmFa04xokWTMsyxgRFSToTcKFchtQnNwxT59O7A/WFCauVq02Nf7HjMgempkjJcbTybqw2nWNFGcKVCyqAKnViEwCFUHqaF3hh+/sUlztp2Sz2T6pz1vD5M7AbPqutYYmRZItuuBe20tjzvPVYLqYIqkeUY0OcAnepaOrykQplO2F7RyZqwP3I4zcQMRrXb793jgY7K5WZNCgnxGuc80zhTQmC42qB6Tw0RCTP5NJH2R4wy6FVHNRZx/rx3UMjFugH8tSAxU+fQsKHTDEpQ2w2kgqRE1RYphYxQjUdePMOuZuLnn5OOJ8LzZ9y8fAW1kubA8xeF/fEE1RDHE//F93/EiwF+8ZMPWKsmqMd3LPs9yliWeSSLYRojISW8UWQqp3Gm6zpyAWcMVRqv3eg28bBKEK3p1is6rSnL0qZOGeY5Ymph1AlrFTkbrOsZdCaL4jAFOtfR6bPCFCGrikZTQ2YMC0KmN8LGWkznKFW1G7ez9M4x6Ja6TrXBT8Ylcjwcn83Tab3M8638rB+6lRb9fvPmlsfDif/4r/2nOGe/ufn9cb61fv35W+fouo6gnbbWbJxzq+l0uvzi08+eff75Vx887I8f371788mb1+8++T/8tb/97SnkV9M86XkOaO/pNru2NVEGbTzKeii5UZp813aCuUCpaApojbGeamzraNbG+K0aKO0G26o97YVpz2PdqhtUQJeAqobYbYjdhrRETDyeb3sapTUxBlJYWO+e83QIhDhT0JxOTwzKk8XweHhif3pAO8XlpmOSxGc/+h2mOXH54oahH1BKczg9cjre8P77H3BaZr744gc8v3pO2lV+/OWnhBBbGlEbauexx4VEh9SEKg1mUZRGSmqBItt2t0ramCuLojRgYwtUVXUOOUHR7cVea26Qg9o0ddSCUe3PU1ufUGpFa0G5jiIGpfU39CrVrqHnXu6CroBuaEuk9XtrSQ2QIabVhlK76WFdcxPnghFNPY/Og18jecbHiSyKrBUZgyjoyGgSBkcSz1Oo9Aq6YY1Ds3KGFGemOHJcFqwuvH9zA9q2pKkkjBYuVz3v9odmbMoJZw3fe/8GauaLhydMgcuVRwpogV/96AVZax6OI++envjoxRWqVC42wrv9gafTxAdXW0IuiNGsup5SEnfHidPSTFLjHJirkHNmWWbGlJlj5jBFjmdc4LZzeKeYUqW3nhW5+V9L4XaMZBQbVSiizpKHii0RJ4qneaGncmWEOI647eYM+x/RtfDhzRqAUtS5agXPLtZcb3rI5QzCb1YsUxI1zJjtGuUtZY7k04RME7p3qM0KrIP9CaHQu46d0eynkbvDiFfC09OJW3dLrxSXL6+x729RxlDGiSIKVStMrdZTcyal1KYjQaFiouaMjHPLAQwDLHNrJ4wT1Ri4uWy/n8YiqZCWVgnUKbE8PCF9T7fq4HAghQAojHbEWum95ubiitv7e3Tf8eH1ezhr8EtlXAq/e5y4Gu457SdevPoI3a8QFHbo2YpiLpXbxwfWneO4JJYQsFq1zj8FTbuVTiHStaYdznXknOiVxjrHNAeUwJQz16smwUhxIYWC95ZQLaVUnGup+pITc1UoC0torm+j22u6ni8e+oxhFYTeGPZL5GK75l/9+Y/QtmMxhmWcMef3hHmarmJY1jXHn2hr6A/90BWg847PP/+Kv/G3/i6ncWTo+z/WB6z3jmE1kOZpa7S67Pru2Zc/+vTF6x/GV5/u08fHu3cfTnd37336j37w4e3dw6und69XYwJc1/aMzqHcGqpiu9qgnWurvnPqRvQ5RXvuLdZcmpf2bOoxykAKrdJiDKIUNQMSWj2lRBDXbtva4IZGz/l6t1iUJUnBxglTI9EMoAu5DqQaQISsDSUExtOe4TrSdY5xLEipSJz56rMfUZXmZu252rUdaFSFOZXzuDZxHA+kJbcXZc1McebLz7/g5c0LHo/veDo+8XMf/SJzinz2+jOc1SjTEbWh05GlFNAGUzPRttEVyiCScUSyGlqrGc7AkEaEUiJnaEWDPVDBa91CTlSMljZ2jzOG9vlae7791trG1HIe+daCyoksFW10MyWV+o0ijfPIOYvBlNAgICW10Ml5al2VolQopYGLBajWk4xrn6Nokts0lqwoojJorbGqotIE89O5c7xhKYFBNUvTw/FAX2d0SZRU6QxsO8/24pKLbkUqje/bWUNOAQHeu75AUbkePA+HI6fDSG8NubQd7GkJrDqDaMXdu3tCqWjnifPCxeWWb+XKPAeebQf2YyDWwqIj7x4XDsvCtKRWH6MSYiaEwBwjS4ZUKp2zXK8rIh2DszjTHhCnULBa8Wy74nGaOYwPbPuBy85RciErYVkCq87hVmvGNDHo9qBVpAXHcgnklDBGM8dMRdH1Gm8UyxJZ974huWPEaiEWixkcIgZZ2mSkfJ2LkJZpoOuopxlspgL24pKrDzz14Qk1WTZXW7q4cH+YuT+NZBH2jyeKecvmYkM39LDy1K9DVmXAlIxZrxuru/PU1YAYYHAQzu2D1PrsZdW394JpQV21G26plfndA1Iyq+c3hMOJeVlgilx4R9aOUAv99QXuYsfh3R3Ht+9w6w3b3SVOK7LSXN1c8W/8a3+G3/zRW/7pV2/4+Kbw0c91DdE+DKhxRkzh4XHPMWSUilhpaXzRbe5jRbXfM5H2sKkUSrXgZhSQAioVYimUJCwpk0Pk2UZjaZVBKRmtYDzf0Lx1fM17y0WIFExtcI3OOXLKzHMDczQ0qyaUwuA033n5nPvDlkMqdMZSc2GqMC+R4+OjI4b1xXZDzvln8dBtb0ipVN68eeAf/vr3yan8sTtwtVas1iuOT0+9iHzLWftzv/f93/vWb//ODz/ZPz58fNwfb+aQXvz63/o77z9OafPj6rkiYmPg8foDTL/BbBMrbdDdAMvYdoC+J1nI43hGN7aUr9KuwffV+YWn255JGYvVDVZQRKN0AzzwNTYwxfPh0+QHUkD6Hl07SghUAXVOF1epFKVZ3IBCmmZPa2qcSDFSvW1v/P3APC88vP4C/Abne1KZKcuJYdBoFPocconGkmqBXFq53lvGHHk8vEUXQeWWqo5L4uHTe+Jc2JeJmCPf/uA7pJI57O8hBxaBwWq6JTKZVctM1pbC1kohfo3kiNZnAIWCVNtsv4h8E87Spm/o0K8FAgicjUy1gpWMTE/NR2wtVinifALtoNQGps8JWU4Yv2474BqQKoh2FFWpYUFqafg+dOvxKtNEFLW0/43GiRbAAUpaz7HVuCBqR1YepDbUpXVo1QhA2W4wyuHqgjcWjWdMM6dpJM4Ls1QcLUilUySE5Zs09OAUI5BjwLpmgfno5hKvYD8vJKDTsHKOJQunkJhDe+h6eTng3IGUM0ra2B2B9y7bDTKEhNGRcY7sx4kxRgqK/Rwb51pgiq0jOsZCEchVKBS8azB7Tauc5NyCQqk0YYPRlhAb69vkyFKgYNDAITfk5sq2LnWslViE5TRSRbHqHVWaS1prTec026GjuExIGVLCWYv3uiXx9wspnR/Euo48nZr/dejaiC4XqlGIBoWC1QBOQVwzrKUFpqaZF+8JF8eZUGnZiGmkjBO4Qp1OLZzlDMp3rX5eKqIsJRYkJ4hCbV98+3cHB9K1B+sYkTNFLU8zer2ie/Wc8OVr8v7AsNuwPOw5Pj6yevWc/mKge3HTdr2xUHnHnDOdbu7bIpoSGuf7crvhF74lxHhiu9tgtOF4aqIR7zq+ePfA4xywRnGcE5drj6AbxEXRnirPD4G6JI77Ed9vEMlnOItu6XVUI9EZTaAFs2oqjCEhJTZZifUUpduU3WhKSdQqeGuhQqmVwbdDV2ph03VY00QP6rw/lyJsBofJhlQy7mLDoSrqNHPc783xcNr41Zac6s/eoauUpusvKWh+/Nnr9iL7Y7O/FYw2vTL1Fx/un371P/rf/e9/4eFx/8v70/gBS3w5LcvN4zirXMGtNqysYpcn0uqKi2FDn2dUCAxD13Ywq4abS2lBOU9VIFrjVxuWFJvoXKQxWJ1roaXaPLlS206wUtBKnW9NrRZyRvWfjTttV6mNNJ261MYkrjM1L2htG6g/J5K26JrIxhNre/Mr2lGVoRJa5YVK121xxrF/eEueFpTv6TfXPIURNT7hpK0IMhDi0khNCHOMWG3QKExnKaWNpB4Pj3znw5/j7vGer+5eY6tljDM2ZD64ecWPY+Bw2qOsJ1pDFwOzqFaTSpGs2xtSchvs/IitmaDMN33a+jUtVGnEyDd9W3JCSUPV2c61ETGZnGZKGHFd3wD0oinTiOi5ic3VjKoZKTM1GxT+LKZvNSJKE5xTUqut0A5e+VpsX6Gk1FCOprGflRKUtFSzFjkDN2qrM1Vw2mBsw3661PCNWgmmCjlBRui05qLzjNqD9sQ00dWZy97T9T1Ka2rOjEtEI98QxV5cbFl3BimVi95R85q3KdF3muvt0G7mSqGtYTyO3O8PbDdrJCS8t6iSW3VMG26PI4fTQkqBac6kHCm54LXmdl5agjll5lhIor5J11eppFywtRJqoc6V3lh6ryk1UrWw6zusbTjMMWaUbQ9Fa9tRgXf7E7cPD1ysVig9UMfAbtWhTHvzV2REO7x1aIRpXnBGs+01eYrgHbpzYDRlXtCEBtg/08PEOjCWOI6EmBluLhGjyeNC2Z8w1pNiqymps8A9ZDicMkUJw8aB7anWtiT7nFp3+xCQqpHNgDJntGoqyGEGl5oXWxSE0PYivgk4REkrLaSM9pZ6HDHbLeajDwhv75EK275j93yNGnz7XetXMAbmL79gff2M9ctXhIcH9g+PpCWwXg2shhVxPGAU/NmPX2K7gSlUQo7M48LtceIYEs55eq2YU2XKrY9NKjyOBeWbb1eAFBZO08yYhd16zdA56tn9nHM+TxdoD5QVcimUUtCiyHGmmopzHpFCLLkx0HMmA9oajKgzjMdgU6uo5ZJxWrP+egdPRarCOcOcDfs5sNIWvGdRxh6m6VIfjm1t90fwcf2Hdeiqs/hYKYWIMI6JYXVFA/bXlt78YzJCLrW8Ulr+h/+PX/vH/yOq/HKI8XKe57W4DkTQBczguXixJReF8Z5eVwieYh2qVkrVKNc13i8C2qGNNC6t1q0PqtoTLOd0pdSGU1DGNIh/KWjvyKmctWptn6i1bk/DMVNToJy7lyJgjMZojbiBIuqMnOSMhCxU3UI3xXmM6VExokOkaoMpiQVhEYcTiCngrOPy5iWhJB4e7iFlUjQsSfBF0JLPDGBNaFGORps6G4m+URNWUFpz93SHUZbvfvjzdJ3nB198n+N44vRwwCjFzeUz5nki1syiFb0uuByIpkdLRpRr1R2tEefb061T1FSx1G96s1pqG3FrRU4ZW3MTZYQWrBKlUdLUgC0+1fbfUhLWCCVHylzO6WcIYcEUzqP8BsKgBPSZ9pVLRZcIOVJrY1FLaV9/Kc0nbLVuD0jncTNVtxEmjfmrlKIoRS8ZFQNZGbS1UA16PDUMpPVIPNJpjbNr6BSpCKZaXnjPjW3A+xQCc50JMXOxGtDGQBU6qwgpcRwjOTV36brzGK0Zw0KMFSUKFzOqd3z0wXOMaMal3XRiaAD9wbd8QYiR0xyYY2PnhhjYLwuHKbR6URVShiAQY4baBBdNWwipwLhk5gwYTa/PuE0RNp1vPHEt9EZjpRJjQitBcuFqNXC9HtDW4rQi1MKgvmaSN/9w1m3SoErFikARUsr47mzfqkKpjUPunSFOM4Kh6ywltlvbnBJTqozHqdX1cmY6zdwdj1SphFI4zoFahZAqpyVQcsZ6y9XQc9k5vDtzkavQD5bNbs2m71l3Hms1cYrExyPd5QbVW6rImZ16dkDWCnOmamkTlZSJb24x7z/DPrsiPR3RK49eWaBQ5xPFe8rDE15bdL8GLYwpsn86MHiHH9b4YUWKkdXWQNny+u6BzixkNPtpYT8FjLXkaW77ZGmHZKptapQ1WDSlVo5LpGQQ47noHFY1EplGUCWjrUUbw3yaKCmzWvdMuWBFEFXI+iyVQM7ay7a7VbrpL2tta5IpJnIpuHPifPCGlW0mrorCakMsba1UcyaWSjUVpQ0X252XND+Lx4e26vlpuemmP8ATQM7tzewf/Be/xl/9q/8hq9XQiEUpN/rRTxgs/QeJHGutdsfj4X88zu/+ZylMv5Bj7I3r0Nazcn2r25BIS7s1amNRolv8H0AilbbvSEqRtUaMPVc3zuSiUqgpoGoD1WM02jhKji2kUwpKvgZZnCH9Rp3HmrSaCSDGtZFxSe1GZC2SEznGBmr/etchFbHuG1BDdhuSNGuJsl2DsedILhGTIksqTFqxqjSazTKTSqbrL5D7O4wR9uOJp+OBbefINWNLowO52nanhdqA6LWVcJVS7QBEkU3h89vPqQV+/uPvcb25YZpHuq7jzZsvWO3WbNcXvH64JWhNpxQuBlJtPldU8+CKEooZMGHE1Da6NMZiRciAKQmjVBvXaYsRafvWOBKjZli38IyyTR6gpJJyPbNgHUtcmEJCYsCo9sMoOaDDRO0M1q+oOX5TO9K2vfEYgVzLWWisyLGNZlGqAT7OIbV8Ft4raYhHobYXom40K10TNUVC0Q06ogUlvkEb8MyiGXNCxZleFa7XHdtuhdTA/5O9P3nWLc3SO6Hf2+7m+053z228iz6jzZQypSoVQhJVpUKgqhEDRpjVvIxRTYEZQ/4ABjTGABhhhmGAgRlgBkhKmTJUmUqlMqToPMI9wt1vf7qv23u/LYP1fudej0hRAktlSA6e5ubp4bc593x7v+tdaz3P7zkskbwsPDofMUoxx4xSmgtvOYSMtwJOmUMhl4IzMOVCOUSe3mx55/KMoUi84MXYyc/pLEuMxCWhtSTOlBTZTDM3h4llyWyWwGFZuN1NKAqpaqZYmUJitywyqVGgaqV3js5aBifcbWsNg3d0tpf9npJYQzl5IadCIXJYIiEVLk5G1v0K1X7NJReBfSxJYuEqOJMIRaGWyuA0dxuxOhlVqTnRtSmAtRCLYtpO1Fq5nfbk2y0qJ17fbphjIGfFPhfBGarK3W7iEEWktlkCMVXGTiA2MRdCyrglc7ubySWjlMIZhRXjOGvfcTaMPDwb8W0KMVrL+WbH+ZMH+PMTaszkQ0A7yXzWRoFrqUSnKwwKQgTfYVcdabOVaEHtJOnoMGMeXECI1P1EWa8o2vD+N75O3O5w45oQA361IofAdj+xTaCWme1u5m7JLDGTlOxpt0EyvI2Wdxw0vYWQhaHed80GVdo0qhQJS7GOWOV757VpsJjKnDKhFpyVdQLWkI3hECI1JYZxpOjjM1Ax7fzruw7rLDpluq6n8x1LlnGz1fLqrYcV2nXMt1tCzpRokGE33tvy2NtsSvnNpdn/WtH97/33/4f/H3eHOWcBJizhLUXyvw3drYijcoy/ddje/Q+mmP7Tqo1zzuGdF/uN1ijj0NaiMBgjLF2x5BiK8ZQasVR0LRSrxXuHRasW16UF6qCUiAMEMmBQ2mC6nroPbSQIdZ6o3QpUFchDK4CqHUBVvQlNMMahraNkqMtM3m9Q6wp2bGNVA8qK6CcvJFVJGHwp1LgI7Wd9RkmRWPbUMpOSksB5KtO048WzT5kOmYymq5kHJ+fcTbe8jAGlNZfAWSkSAwbyoiEHOko3clFLOVIG2yk+vfkUozUlCP7ODp7T84smUuubgCyzd44HecE5LdaIYwFTcqO2JYBRJOtwTr6fOWdc1eiaKVr2gMp5CAvLMpOAdWfE7uGc2IwavtFZTUkJ13VMIRNiQHcWZ6ykILUD1DovKUhHaIG1gus0AkQwtVC1RtUokyBrJcqvVrGNWEPRXiLjSqZiqFYCL2pNMO8wvieZAVULbjglKU0JMx2KEvaoHOSCZTpsyXQ5s+oMusI4dnxwecJ+P7OdIlorxs7Rd5I+5ayi84KhnJZCLhIdV5VmWA3MOfHZqxuqgvcvz7i93jEvkfOTnhPrudlOPL3asJ0XQPHZ1YafPL3i6+8+YOwc2zmyC4ntFDiERM6lFR2Ns4LfNGic1px4jbcG25Yozlm0dRgtY3Gv5GmIaKz19F5RtCaU0uAnBu0MvRakZrGWHAu9lfGyigtzUHz8aoNVmScXJ4S7Qm9FiAiVze5AiJFU4fW0cLOdyCVxmBO7ZSZk2Ico0YsGQiyEQuu6MijFoehW0CNQORQBtRij0apgs4Rp5Ky4miJ+O+FvblFVGp33Lk45GXuGFzd86fEDLjqH1ZrVowtU72REct/tyOUbK2p+TkbY78mHgD0bCaFgzA6rqiifc0AHw/r0grQc6M5OCbsdu2lH1/fc3NxiFJwNXrrDXIg5sdnv0c5LXm6teGOwSvz9KRZQBqMrY2dxxpBLYd4H9vsZdXIqAk4FaEsIAUXEKMnXLinTdz2uFnTJMmtSMvGbUyFPgfU4UpWmliRnaIXOaNadIxe5KC9BuOPeGjIGp+Uz3c6BJUsQTIxRxtYlO+vcxfr8oc4p/ZtTdGOM/1+PZu8lVP8Whctvb17/zotf/OR/HHP497uTSxkDzRPKWUy3QtUs40LTUmS8I8cE1suI2CjMInBwY0VAg3EyVm7h4DkL5lCZCrFS4yw4Qu0a7cjK2FnLCJucUEaJwAehDNUj4pAKuRVfJRmt2goUIYcDOq9wtdGDnGSBVttBmNvO11O0Qsco++UqnOLSDeRYqOFAiCJQymliu7lhioKGK9NE3mxRUWNsppTCjGZtBRJRckYZhTOWTCS+xY5Gya7ZKo3uOp4fXhJvZ77ywVe4uLxku99IcauSI1tKJLkB1UmqyGw8VmWUFZWyAnAdtlbJKW2c1s5oUBZNlpt5zjig5kDKkpvbm8rQjyhrJJi7QOd7nNGUcMBSudtPzZgvu0hnoeSAy3LBSlqhtex3Vamti4F4rzwvuK675zwXkHVAihjTtz+AfK6dEw9xLMh6IgcMHb13uJJIOaLznnrYUKxlsAKTMa5j5cCqBa0NnfeMg2HlO2JInK9XPDnXXO8OjN5jlTBrDQqLIqbEz+8mLsYe5SzvPjpHK/laXt1tSamwPyzELIXF18qL13e83O253i9NSQ/KKJ5cnICCJSR2S+BmH7g7RBGZiYwerzS967FOY5xhdA6nK1ZpvDN0WmOcE/JZe3ZKu7yHrKAWhq5DG4GLOGuwWtFbwziOqKqZ5pmTk4GKIs4LukrRP+0NFYNWmtvDxOEwk0piiplDSoQlshTFIWZ2IUp6EoWQA4e5MEXp8gdnCDkzJfnKemeoSrENCdO0Fd7IBSDlgisaqiKViEYLiF8lOq2pi+woqZXb5QajFWtv+OmzK56cn/L++ZpHU+Ty4SnDqkPZTgpubZq9neyi6xIx6zW1HET5XMVWWF+/Rj14QDGV+PoFdnXK9tlLWX3lADEQEbLZ7u6Ol69f0ncr+nGF2k2EXLk93HE2jlitKFVwqaVWrG/51CGxPwSclwtdrsI3zyUzTwec92hrscY0dnMm10pOgZwqqRVS03XMIXJYEr33IiBFnAC5ZHrXYY0mhESuFaePGiH5/pYqItKsDYd5YTcJcjLFiHIOYw02BZQypxdf+q6JyxT/jSm61vv/n6FD5bC8++nHH/6PtNb/vhtOhDTkBorWKKzAGJTBodDOiitFqybWEVsFeSFpjel6lPMNUWjbeEy6O7GTiw1Boylxlri+IoVLGSM3ZtuhnUNVoRzdLzdKE1IeBVdKYazYSqpg/KXAa9cKsxRkXbKofo2jukE6TmshLvI1aE2uMhrVresvMZAPCT1YhvGEzo8w77mbD2A7NttrlBaP6FwLgcqipMOVUoP8abVuAiaFEUI02liKyqgi46mytmzDjhgDRlmWJIHepUECUDJyHeJMMqoVU4W2uuEUHbpEHFkwkLXitSWDuAdLxuuMTYGQFrTTjP1IP6zwfc8SFlIMGKWxJZKy5sRatsuMcx1OZWKSC1BnNTln4uGKblwLCKIWjHUopUWshMJF2XthBc1HlkPVlELJEaVkAlCrqPs7Y/BUUs6UCt5q7HiKsgPkhZITnkKOCw653CU34hX0JuO0YlidM7gG8DCOsR8YnYjuNHC5Hig5c7tNqFXP4GXMtw2ZOUTceiAuC6FKUL1XltPeM/SeOWZSBl8ruynwYj/x0ctbsfs4xxQyj05Gemd5sdlxCJH9nLneBRnBas3KW9ZDz8U4MHiPVZXOe3on/klVisAflIzdl9R24KVgjZEOWSmMEiXs2nma0xlrHUpbipJJiNWV7eYOHSO9s2grRXblZa/946c79lFGzVMI7Fvc3H6JRBTLEtnNC0obuaRoRF3ddqv7kKR7L7KLnEMCLDFGcq1twiFWGmMUpQpByVmNrooSk/jEjZwhuTQ9QXvPB2foXeKXm4kfvrjh4dDx3vmKDy7PePLolMvTU/Q4NHJZBQrp5o4lJrqTlUR+Ks3+ZqHrO2ycqctMur3CLgu9KuzmO9IcOOwm1mcXVO8YVmu63Z79HEhLYrffU5Ri6EZ0VYQo/u4icWcylZH9ESlWwiEyDpZhPUh6VsqoVCgqUWvBVEUpmRhFNc2R0uYcqXMkNMscOR1HTtdrQszs5okEjEfUaIPjVATEUcg4KzbAORZygaGp5K2Gzsh/Oywz5w8u6TtHnA8PwrQdwnyY/yJqTLd+8P8vuvdWIGu5un753wX9n+huheoH8Whqg/aicK2lUrRq8AOFNq6NNwPKWixycyu2R5UFnQsg8nZjrewkakUZJYCHUltgu5HQghQlltU4dEa6X6XR9igLKtINV9W6XTloKkh0n2lZsrVgtKN2HaQAJaNsRy1yCFgjhUEp0E7ISSrP6P0d1a0otVJyxFbZ48yHyNBrMJahHykFNsuMUorT9Slz2GCUYzCWWDKLUlhjmGOi6gxoKWTaSMiCMmiEl6uNppYMpdK7nilP/OwXH9LRcfnoEddXr0kxY5xYgYp22LBgKW1cLL+GSLQFPmGMkQkFlaKOxa5hFrVlMIlltnTdwHq9xnYjCUip0vuRXCKb3RZrNIdcmJeJ3ogQw2gZiZaqyEoEOWa6RY9nJCW0Kq0zqiqqMrJX0kqU4E1MVtuBXWlhFUpRjcEpizeKmpOgBLWQuJRfUZXBq0jVWuhYrsetTnEE8rRB1SBRen7AadW8k1Y6KW3AwMubO06GkYcnA0tYmJbA8xi4XPd463m92XN5OnK+Hom5StB4VSwl01nNFARk4bRE4r3Y7KAE7rZb7ozn3YsVJSlCiBzCQkqwpMqz3cwntxNaKx6uRi5O1jxejwy9kx2uKhgjaTW2mflLSsQo32eNIuXMoMVvbRqaE8AZI3GOytB1clbdbbZ00x5rNfvDgRImEc4pA1az5MyLXaamws1BLhdRabZLEstWTuynIt28ks5b4CKK7VKZ5kSomd2S2c2FnGV9smTJxaYFa9Bebwld1+3ZETJSZzVOyYjWWYuhMnrovW0rIyHOzamytH3xdgnc7Geeb/d8+OqOdz7r+dKjMz548oAnp2cY71BjT9SJtNtQSmE6TExzxDnH+OCcM2up04RzjjjtUcsCMbPuOlzvmLYbSuc4OTujGwZ2c2S/25JSpOs6yhJb0Mhx/SEX9NKe51Iz2ohmxVpLzTL2123cHHOkLlkEWaWSYyQHuWjowRMqlAimZjojyUgxZ7rOcpgn9otoQ8ZObHTGiI9Zaqah8w5rNNOSSYiHflkiizJY5/E2kzdbrq5uuXhySQzhMSWsrNY3v6kV6K8V3cfvfOkLX3CVVrx8+sm/u7+7+U9d1yk7jlThEjV7giWHGTGCImrCKopHYRprVI6SCVsFC0iJlBzBWVEMN2qUWmZUntshXOTX0gihSFlKlCJpsA2CL3u9Y8fa/D/UpND6qHjVUGxzpRT5epyTbErksqDjBMbLKKkqcvPTVSXIu5qzdPZxT9EOlSImB4q27GPCh4LuFYe4sISZs3EtWLiiWMKOSsUbR2edFO0KRVVKkVt9KRVbtaib2zK61IxuCsPSVM2d9SxhIkZJ25mmCaUqzlo63+M7hw2vBeKhujYtEPaqUhrjPDiPqkpyY6nkln2rlSgeV7lyZxTer1itz/C+Y14WTLcC69ndXreAbglHcEqzLAtaQ9fL5WZaZId1Pq7pjSbHPXMUxNz6/FKi/EoGqozGikCPi1KClawF7XsZ+6PonW0COBG/Fc29vQcqNc1ge5zV5GkhV7GE9Rq0rlilGLxnsJXBZDrn6ZxltIqwzMRYWfUdvTO83uzZh0Wyd3Nm3TtSDRituDxZsQ2Jdec5Hx27JdEZjUZxt524mw5UNBenJ2wOgZvXn/KLz17BcMraOcmZzYU5CgDhbs784vrA3WHhycmKtVeNy5whG6rKVNMuIbWhOY2mWCe0Na1wWhFTRGnL4ETXoJUkLq06wzILcP9qngkpYclskDCGlEVFr7VmTllGm95zs184LBmNpE0tSYmiWsztGKWIOXGzJK53gbu5CQuXTMjSRZVmS7XW4LyjHx1d5/De4TpRQMtrptHOoI+dWZEinZNE5N3OC3E3s9zuWHvDw1WHtwpnTDMBIqhQY8gqczNFtmHh5f7Aj17e8P6nr/ne+4/42uUpznV0Q8fp40cc9gfKHFmPAycXZ9RlRk0z5ExSsEx7wbnmTCoJZx27paBS4NMXLwlBrHV935OcY79P7OeF3mtRtYu2GIkcreQskwhRGitSCOSYMEphW4awMZqcJRRBGAGGUhO+89IAlEoORUSmDQgUY8Abwzj2aNeAHApCytgC3llW3pGVRHMqNL33DFoTk1iIlNJMMaJ1obOWV7c3qJVjnnbrmtNJ1w/8prRUv1Z0T88vv/BFV2vDpx//7D/Bd1+xXSdjONPJLLDtCVSKFIpg5IoIpEot5DzjcsGESKQwGE2vm2IvRnCD0FkqAlGoGbXsiOuHoCsmJ7IxYhsxDlOSjKGtRdVMJRNiQRuHpaKU7EBKlsLmrGniWAH61yxdLdqAdWhl27U7oVwnop1YxMBey/2DVp2HYUV99Sm2JIpbE0vFa5gTzEtl5RPLNDPvJ8Z1x+nqIbexoicvo60qXZ3WtcXjtRQdZM8nY1fuPci6tv21F8FELXKRcIOmdtIlvP/Be+RXMp7tXAedQ/UeGwLFiT/WKMmqFSWkFjWw1lglv0ZImWosa1M5d4X9UrD9yMnFI0bv6WokW8eS4HCYMcDZuGKJEacLORZShZXVaGVZCmijcBrWnYyol2nibt4ybw8M6zO0H4hFqoOuNHtQbclI7fJRJVkLY7BGxEK5KLSRzzIpizLgayRjiVGC47Vxoi6/e0HRlZPOo20PnUc7i7EZYzTeaXqreH59hzKaLz96QEiZl3dbUi18+92HWGCOUWLmdOVmf+BuP/Pk4pTBO2JKpAQpFVIMrHvH3SRjaK8Sz17dMC0L590MZHLVLFXoUylXnm4XPnq959RrtMrMIXG7myhDIOfIuvMUq6jWyEVQCU3sCNC3VrIPe99jtcIURUwBazVVwW5KbA8zm2nmEAO9s/TOkqjUXLBOLDc5Vg6hEOcFrxfmabnnGS+5kDPoKiSsq33g5hC5OQR2cyIWseZ01tIPHeerjmHsGMeecd0zrnrG0bPqLatVz9npivOzFave4rsef7LG9YMEN2hDCJkQEoewsN1NvLra8vLlDT/72Wf8X/5vf8R0eM3DwfLumUwlTvoOS2XdiVBvN4ujpPe14TYXnu4mvnyx4nHn+PqjM7781S9BzpxdPkStVjJq3m8oMWA6h6+VbD37eUEZzxIyMU4EoKuW692O3vYoFCknYtHc7ieWGPF2kN19lstjLvIcVwVOa1IqTPNMToFOiW100Yqx7X1FsV/oreIuFu6mma+cDihjebHdE2Lg4Xqkc5qu7+QyMC1UKg/XAyVXlmXBWE+/8kCm7zpiEYtWP3qslYAHZw1j58Qjvl/QKDpneeA9KiTUPPekdFZM+jen6N5cv/jiz5aVOl1i+Gt2WGlVxGqjuzXaSnZrDkGW/rmCFV+mLkCLH8N6qjF0RuEQy4rWCm2NBM0bJeKZkiTxxw5UZLxrnMZQiNMBPZoWGSe355rE72kaON9aS8xJ9n1Z7gQ1ReIy48eVjFtyplpPqtJlJlUwVmNMh/GdeEUBpSy6BPSUiX6kOkW9fg7zFpSsWNADXTlgw566HyjDCus6rPdst7fYbsR5gWgc0Yi5VGGlKtPGSpJ7J5GEMhI3ylCNZLca71EGSqrNK6dw1kGBJc08PL1kPZ0Sc0QrmFPGImO/bCQDtjYbVlUVlGnKaFEqmqowuqCt4rGN1BTZ64FudYIqinm7JecDd8WxjYocF97tFLlaUoW67NDGsu46SokcQqDWyugtl8PAeyuPd4XX2UBNpJqopWCVYO9yEUi7kL5E0a10M6W2rbc6+oLRdM4RS5ZJRq0UZcnWUucb4vaK7Cyr00vcsCIfrrHKYYxnNfSYKoUmafmn04VpjhxC4tHZKV4pXmz3HELk8emINQrfuoHDElmqdCpfeXxJ5y1LzuSUudpN4m/2lpXpGDoZm282N9xOgROvOPFiY0lFOsZcKnMqbJfEPmVCzngnh57RUKsIaTKFLmp6p+mtvqdv1ZywGEzzL+tacCjmlDgsAZMsBZk+hFiYSqbzhpgyUxa1eC5Aiigjdq2cM4lyb12cUyElzXbO3E2BzT5wvQ1so+gNhn7k0Tsdq3XP+nTN2fnI6emK9brn9HTgwemahw/PeHAxsho6hr5jPTqG1YBZjShTUM6jVg9ADyhiu1QMVFzzLi/kfGC/2/PqxR39ycj/9H/+f2YzJ35xu+DNLe+dD3z98TkPYmLtG9FMKZYooJRDjnz04ppnN1veP1/zy5s9713v+MblGav1mnNtyEqB9lQqtgjIw9aC03A9R7Sq5Jow2lMwPBpWXE2S/zyFxO0hspsTghfIVGPaFMHIFK5WnDGUHNkfJlLOmMbHrjozV0VRM85aslYMThNiIswL5ycDeM/z7YHPbm65XA/4wZNLJcSKUQXnFL3W5FSIyF691MQSk8wkdaEA3jmMlXF3KnIJP4TAFFr2dhItxfn5A5Ix5JT7tEznlWNn/a95p/uvUnT/9t/5u1/oeuu850++/w//8o//dPMd4zpUyNSYiDnhjASD11KoBbQzIqZqHkrrhQmqiwSVW2PQSWwoRYvCGS1AjCN8KwHOOvTRRKWMABaMeDHvvadKt27VY7KMf1XDS3hjqbahBHOgsxKMoMgUVVhSRqVALQXtHa7vJbYPWmGSfZiaD9SwENyI6QaxnehGOY2yN63NFlNCoMQRt9LY/oJ4u3B79xxvT4Qy05ZXtVYy7fJAwRuDtppYEjnr+yhDqz3a2PtxufGKopKMxoUVwXbaCaWnRZpVVUX1axwsgdrEWDJelgi8WjWWllFbsyQomY6HtuJL5NP9LMziaabkmYOy+KoJ1mK8wRg4kEnhQM0ikBm6Tg63wxajobeWs67jycnIiRff7ORkv1VqIYcZ5XssLQe4SMRiraCLdE61VnSJYHQTCWXyW06BWhW6RFF0qgE/nrKymlC1rAl0xA4XouxWmnk+4JxiO01MNXLy5AEhVJ7f3LHuR1adYx8jZ6uOJ2crVn3P1W7PYK3Yq4Lm3ZMTTgYv0wM0MWde7yc+ud7y/tlI33m2S8SoyjTN3O72dLribWQ19iQkkjGXQkSxC4KkvBw6Xu1nPtvMpMbdvSiNL14qg9XMUdN7y6qCyzJFoGoycnmrObHXipgKkSqscWXuM31LrRQt04ScZdwZS4Vc8VpWQSnJZeBlKNwcCrsIh5g4zLI7jbXQDx1f+dI5j55ccHFxgh87ut7z+MEpX37vAY8eXXC+7rlYe05P15jOyTTMWTAOYpTLlNLQDdB5yEH2ydoIE1yDwiGBkR5je3x3zsXlt/jP/3PL3/t7f8KPf/oZuVamVPn51YGzdx4xPDjnsN+jDwe8htFqGd1ag7bCm/7sduaVWXi2m3m1mXm03vD1xxOPz084f/gIuz6lLjOlBKJWpFpZ947bOTLHyIP1INxwVzFR4bXBGsucF7LS6FLJFIwyGNNWYCWJ8DIr9tPU4Dy6UafkuZ9DYo6JR+ues/WKqjXbecYrxel6jTaeB6PBPW4nozJ0TknIS854oxnGkZgTJRes7SmpMi+J9eCaF9tSyGz2k+yTS+X6MLEJmc57rHHs54UpZLqUqc6x3R/6eXtz3sX+NwbI+HOzDP3bNFq+vXr918Lm9kurJ++jrSHutuhasS0ovTQLT+dkB4o26G4A6+Q2R2l2m0xpcWa2aqq2RG1xVGrNRGWZl8BKZ6wWg7Zqqj/tOgmiPkJnjGmjbSVCHFITL2shUTXJvrWimq7GoLKwdpNzeCXFvXYrrPPoOJGLkUi0hkasaOZqiMrjh7Xcdl8c5OAyhhpmVClo1xOXSNwfyCcrxr7j4YN3eXX9S/a71ygzUJ1YYyoFYxxOOwpiKahKY4uoN7XVEmGmNNpqUi5NMKYopUF35I9NyJnr/a3syE2zBmlFdRaNWC6UEgOOqi3MGy3hBNq0oHqHrZVVXbieM8UOYtnShmhHplwYjBWcZjE4ILmRWDVq2WK7gWws87RDoXmyGhicoyhFOBzY1o7zdc+gM6OtuJKJ+w1LN1CMRSHpReRCsZ3wZ3O8/wwymqEWepVZcmKZd3LB6k7ItWC9gumabAzGj9hlS7j+TJKh3CDirDyxjQdK5znvneQFl0IIgl30XeHVZsd68LxzvpaQAKfYz5bNYSGmyHrdcz56RmfZx8Dr/ULOMiY2WmOs0OQoGW/gxe01SlcuT1dMoefk5BKMJs4LoUAoil3K1Jp5cjJwNQVCLny6XTikzC5GHq469qFjcIrRGbqYZZJhwBnVPJYinCrNdqhqE99psd7FVMhN7HTmoTPQ1cK0BKySqc7NXEhoDsYRjOUqzlztZg5zIMbMkhK3u5mT8zV/6Xe/zje//g6n64Gz0xWPHpzz7pMz3n/ygIcXZ9BbKFlAFBUImWrbPTYucj90RrQcHC/olqotqL5ZKVU7ap1ormsClYGZr339d/iP/+5f58c//d9+7pzy3vPbv/01tLP8/OefcfXJM3bzwlASJ2NH5yR/OZVIrgo1V3766oaX2z1X08yX7jZ8dXfg/feeYLqB7RLxGGoRF4YEgzhygZnAbimcdp6CYuw8te6YYoKasEjToJWSycqRUJYDvXPMIbLbL+QKk9H07ngJrywhEQ4z3diLuMwarHPEXFj3nscnK6YYqCqjC/TDSMli18pRtC2jc1QsSeV7338qhSUuvLrbS+qnEd95TBGtNV4rXm333BxmnHXs9weGrkNpNU67zaMY5r+QTvf8X6Xo/vN/+k++uBW3VrphHK6vr/4dd3LWK2thEmB9pflgS5VA62ygKlEIKilyuYjtpwFFBayhRKErwcrCzK25UMnUmsgxgJOoNl0UtWSqKqgCVBnDllLuGcpKq6ZulRtyiYJWpEhcXVatY6I2D2mi6zy6erBButRS5VZdoJJFcW0kdN36HjuM5LiQD1uJ+qtFYO7KgLVY4KAM+0PkJIli0NeO84t3eG1fYLHkKGb2TCHTDs1qwYrq2aAl2EGbVmDzvddY/oySI3sctaYiMEZtRM2pKOK9U6XRZLJwkJWRPbkxDXUpO1NhF1estZybzGZ/4G5WqN6ijKVimGslarGgZCXh8iYGxjiz050IyqyVoq4t1XRU3TF2nu0y8/xuz6NSKGRUSQy6MlrDMu1QhzV2WFHJKC1JRRVFUR5dI9TYQi2M7HIRIVvYXlOXPasnXyPhiNsbatjhV2cyOYkHtBXEaK8TOUWWCp0/IZLAdqy94m6aedFG4Zv9xMFouRy0BKHXm8iDk4GHJwMfv7oT61GqbOLCUgqpFOYkE58Tb/HWMC2BXCK3h5kQA+OwwrgVvbL03chmWoilhU4oEf5YrbgYPCed425aqMDVlNjHxN2ceDAmzgfH2nu6mNmHhPdSQJyGlVEYZwArEyfVuNpaCp2pIpDqtGGusEmZuWQyjuIs0Tg4GVCdRXeeVec5t4ZvUXnxcsNHT6949uKOF682PPnqCd/75gf81pcf8v57j3nnnQc8PF8zrnroOsgSaEFugitVUd6Ck9QgakLlSu3lx8vXKRMvpd5w5qUYO8BL+pQC1f5Aw7jmv/a3/ir/k//Z/555EZCpCApn3nt4wt/8699jm/89fv8f/4x/9sc/4Pqzp0whcpITXhW803ROM8fEUmATJu5C5mo/8/R2z2/d7XhycUZQGqUt637EEjlRmmgcd3MgVoipsPIDh6yICKUrpYRx4LTCtR23KpneDhzmQCiFle+Y7nbMuXCxGni53XJpR0brKTox9g5lxY/s+56CIlRZLc1LJkexlq16j0YzxULvFGRZjCllsVbSt+72OwkzcbKCCDHg24X95jChleZ87Kk1c7Pbsz1Ehs5jrWMXA8RIDEuflX64Pn+icor134hO9/zi4otrEzKWu9urr+9uXn1L+UEKTY4oY0hKE7ESpyaaf0qWFx5nWlHmnpdbUhIsWxVkXlGC81MVdF4ATc4JWxPaSGKJNsJULakVoOa51W3vWkrFaoFiFCpEycjV1tyrXqmZGmYpENpgvXj2qiw178ktEuSu7i8IFRGt1Jwkbm7ekTbXaG+xaGpWFO3oapSC5zp2c+JsiYwEdofA+uyMnY5sNtecdgOqKpZa0U5ybW1VQuxympplj6RQbd+caZntEsZnLYVEiQmMjKZrLe2bLJtPGQHIrtZbTZQ/mIyjkVGU0gpVhexk0AwGfJl5vWRirvgqkPwFUYZL2pDw4nqVIU6E6ZrO9jy+vGCvPLdTEli9VqQmpOqtZjKGm2khl8qDE887ZyeE6vhsu2eZtjJqruBOzoQEdNRWGqGatVuH3NZTxhTwfiCTZJqhIIQ9y7wnGcvKeowd8ecPUXnPdPuUzlm0slTbo+vE9jBxYjtQsF0il2PPxdBzfjLw+GyNd4a7w0zOLaWl93z50QX7JTTcaGVzmKlorFL0rmNYW0qphJiotfJsM9ObjpVz2GGFNpppjm2XC2gZ914OHWXp2UyRh+uezbTc87fnBM+2gZspcuItZ73jfHCM3jB0EvHXadBe43MGohCcqqiNM000pzRozSZXnu00UVmKHfDjgBs6fGdZrwdWgxebjlZ4bxnGjq4f2MdKSPD81R0PTjref/cBv/29r/HukwcYrckpsCyGruupnZEuNojDoBqoWkI9VFVgO6qV1ZPSRrz7lNYGq/vP/0i/k+NWfLy1vQwKz7e+9T2+8sEjfvyzZ/c/bbebCDHz8OKUv/I73+bbv/c3+ad//Cf8o3/4B/zoT3/C7cvXuPnAuBRKUfTekAvkWpl3wk1+uZl4frfnyeqKb7xzgXUDd33H++dn7A53pBy4nhYOS+Kd8xNAKGshFiHZ1ULvDN4YfAuU75yhYAmHwO20YJzjvZOe2yqd6+l4Qd/1bPYTT28PrMYVw9CzXzLeynucs/jLTWscOmupuTKViLOeuQq7vR96VkYU4fswc7efBW4z9HgNVosTZIoJb5tIU2vuDjM3+xnXIgKXKGfBtAQ2m1uljD0/efieDcsh/htRdL/6W9/5whZd3w38iz/5L7502N5+SbsV+Auq7zBEqrYCmddKorZKo+KoFlKgjeykagNV5IAyI0YZCpqoCrZB1aW4ZUKG0TkRSal24GtNjYGqzT2xqrZbsa4S3my83NZqSWglO9dSk4ipdBtRlyIvuXbSEbT4OnnhtYx6S72/oRfxSjXE49H+oLBtJ1WrdKixenyeuVAHioL9ds/44IRtODCWFV99+GU+KglfNV119BWqkxfJFBFSpSiQC9D3BcW1omONo7OGQ1ygJlbjSCiZmJZ743utUlRrqShVMNbgjJfLghIl9n36ktb3UwejKoSJq90dS6xUO4CSgHuhYjpRxKrKo7zFhh1X+1tmNPPdlrWO+K5ndBdsjUXXSkLzfDtzahNYx9Vuj0IxOk3vLBcnK+5C5Hq3l8+uX9/TyFTNEkvovCStFCHpaOTzk4mzpRoRkVhdMN2IqwpjOlKuwvzOM2V/xTLvUfqc1TCIXzUpdF642S0YFA9Gz5cuT9FKWMZLzuSpMnrPxVrGxSGm44qfmKPstSrcHWaUNvTegVIsceL1Zsez6y3zEvjqo4GQNL4zMkZseMfOWvYhkYvmbHB4c8Lh6Q3vna747HbPHFMrJPI9mVNhTpGrQ8RbhTeGy9OO875jsJpbb+htbbQvRTVKYgW1pRjxsJ9erCgoXl9P+K5j3XtOTjpWQ0ffaU7HkXEUdbikOgm9qPe2pRBB5w2rsePxwxNO1iOUSqqpRVVJjVRWmOfUSo3tf2sCPrHqCQccJcpqjh1s62/fFN32xlXVmOiuJVEFoPL+B7/F7/7lb0nRbWP1682el6/vuLra8v4y8eTdr/HfePKE7/321/iD3/8+/+j3/5iPPv6Ezc2Wu92eB7EwdF7eZaVYSguUiIHnu5nnW1E7G2MwKVNy4tXdHUMn0JwlFbbLQUIItGZZZlSJnPSnDE6QlDFnUsmgNBeDoUZNbxSj63FFSRJQ5zGdZ0miVFfaoI3BuzffCauE5naYEzEpVitH1YjVpyRutjOdtwxKEVImTRM3h5lYCy5VXt9uWQ29oB8bEnPd+RYwksVjbCSd7Gp3kAAZY7AxMc8Lh/3uouTkrbHxN0FP/HU4hq5f2KLrbCXO+28suV7Yzkj35QdUlvzV0lx8ikyJshsQ01yhVCENaSOhBseAcpohG+mPxR5SoKaFrFf4YYWxlqTVPbxbWQdIkZTC0pI1jKEkkbLXIipdrYUYJb94IhWN0wbT/HJvXu16PNdE7JCAHDFGEXRHrU20tV5RK6SY8J3gIWsSP2lRru2TFY6ZlQnM00xcEt2qI5bA+eqU9x69z2Zzg8laOlUltoBSCiUncsoM/UjvB6blgDWak7Nz5sPEsjsQc8FaxdmDx5ysT3j2+gX7MB3bYPEqtlG7mPEtxsrncuwqapIEkowBXcU/aQy77UQKmVCUJO4oTVJW6EJEdAz0yy0nakvJGZP22O4E23d8dr2lUzdcPrFYe0pEMVeYQyDEStWWpVp2Cep24ayLWGvpVcFbWHLClkxNCeM8uiRSKWQUplSydpK4pdvhXCpZNdRhWki2w1vPcOKJtqcqQ00L+80rdNihSoa4pdoEek2hMFgBr+RcOe3WjJ0VBGLJ7GYYjGLtregBtBY0XoHRG7F5IGCTzWFmzpWHpz0n3YqcAp89f8knr2/58uUKYmWbRy76TC6KlAreW9mFk+Qz7jSPT0748PktF73mbOiYY2oX1Sod3rHzM4olIRjEGYJRrKxlMJ7V0GG1ZrefMNrS2Y5V7+k7h+80w+kKbzS7GTpvuTjtOV33rFYdw+Dpu56xtxhz9IcLASskWhqaovOeWkV5PYeI947eO7QBY0UQWZvoTxmDKo09mlPDkLYpUls9oWwTSpUmUqhv/f1202vaQ57bXjdzcfmIv/yXv8P/5n/39+7Pqv0UeHW14W57IOx29Gev0fqSL33lt3j85DHf/Pa3+f3/5/f55//8hzx7+oLr6y32sNCTWXkrvPKcSTmzGMVm3nMTIo+Gjmd3HzI6w9p7TvqeLz045W5KXG22zLlwPg6EsOB05cR7OqfRDRKTS6GzsqbKKWCtxQ09neuIYWYOCylGUiw8ORnRSoRvpmVIoxR9y6leQuJuznSdazY6hVWV094x9B1WKXZzYI4LtY2OrZEzsfeeUirn6x6jBEPbOcftFFj1HS5Vrg+RwUvowmGJpCjTE1J6oLXuje329TdgG/q1onu7uf3CFt0uzG6z3XyzaNsp38Myo1RF+Q60CH8akkL2lbVSi/B7lTVySzSmjXLbjbfUdtuV4luo5JSoKeNHjes6Sj4mz8iP1364N5m3WapwlLWRF7HWFoquySW3rlbUkKoUCbQmSthBFRB/UWK7Mc2rKg9TIadKzpqahQ1rFKS4oFNEdSNxOUgXqDVdmelVYVaePT2T0ug0Efc7Tt57QiqZu7s7VJYsTLmVC6GHlh5itcOfrMEYcioM3YpaE2FZWGb523UO6xyHeebVq1csOWI6Kzu0qhr95piRq9CmYlTGVEVsnb0+HuBVYvGcAVcj23lhKdK1W6OIjWY0zq/ZX33Ky+s7bg97QikoRJCx8jdcrgacdwzGsd1sMWcdSTnZ0fYjWilSDChl2IRMMpBypnMJayUIQytIy4Hke1y/EkKUVtQwo5cNjJdo02hjRRKYtHXkIIUyIbt3bYRJq0rEEgSX50ecBpUn8nxLSnt6Y7Cd57Q7w2oYR4+l6QTaRc5aw3YJ9MWy6hzaakyUSY4xRiLwSmLwjlOruRg9miqCyrRwZipdXcjJcH654mLo2c4LSldiUrTYBTqtsMBvPTrjF0+2/Pz5De+e9rzaHWQ3T/tsG4TGGVkTGKMZnMU7S9c5xl461s47yavVmtOxYzUIlrLvDOuho+8sJ5sFa4yMk1ee9TDQDY6+k7818pwqDcPgGUNhteruk5vmJbA/zOQkONZasuTpamlb1RF7pnUTIopK+Tg9FgyirD9oyuT7HUoDosr/ru7rbluugGpcADJKn/Ct73yD9ejZHSQ0JqfMi6s77jZ7whzpSwAjft2uH/m9f/ev8ZWvfJU/+sd/xPf/4A/58Kcf8+L5FTd3dywhM2Sx8ikKnYloa3i6WbjaR0qKdBoerzyxZC4OzcOcEzkkrqNc1i+7gVVvcAY6q+mtIdZCzBVVDeNqxcm4bi6CSsmJOC283B1wxvDoZMBaI5fsUrmdFrrOMzihVfXOMIVG9dMKcGit6Y2cvUtKnPSOL12u2E0SH/nowRlhSUxLoB97zleDHKGCSCdqg7GGm82edWc5Oz3nbgnELE4LlTIlhrMSDydUe/WvW0xl/lWK7jwdvrjKZaUuD/PytSqnkXRn4SDkKS0vmTWanFKz9igR4bS3zFmJ70otr7NWUeEaY+ShQ5jJiircUu+hSCSWFE3VMnazGPirYB9pXUDDZbWq2ZCUVaDf5CIyffnRmJrRNBhFlkQd3b7OmsX3WBuko8Y2YkFjcsJYS5i3lM0Bq+WxsHnBGY0xFpsLEUvSFpMVu83MyZMCtfDq+pXc+p1YNlSFznV4Jwkl1nqs9xzmA/O8yK+vkDG9Ugxjj7WeJS8cDjtyLRjvWpEo90Kr2joDo4ViNKcqhRgR1xRVqGlBu+6ePqXiQkKxrYZz1+M6T2ch3v6SX370Uz56dcM2S+7mm+uV4kVd+PnrHZ3TPF4PfP0y83i9hn4U0ap1VCOAj6oLMWvmZSaojE+G6gyagi2FUhVpmchhj/ED2nq0jaR9wFAaplJU8kriKGQUrS1KW+Ywk+qM70essaRkUG6FtxVvPCpZnI6snGVlNbiBMp4z2oJRE4dcMMU2/UBCeUVRit2SJOXJyN5/jpkYK3fzjFLwzgNJpzkfemKRmMPBayaboVrOzx/w3oNTlix5tQqBxTQ8NqYh/B6vPP/tv/o1/hd/fyICP23jZ4W6j+oDRW1rGNVU7daKUGfoOtZjz2rsiTGRc2bsLWPvpNsdLEPvGXtJTSoZvHd0XU/fW3zn6LzHOSt84/YgeW85v1jxzuNzPnl6A0qxP0jRjVEQrUrLuqcRXVqgiETq1VohNqWyUY0sJ6KpqmzrdNWv7HA1jTN2H3AhpdqgasNU1ghK8cEHX+W9dy74yc+Fk5BL5fX1htvNjvkQOC1JGKFVg0qA5uLRe/zt//iSr33ra/zRH3yff/pHP+DjXz7n9vUtt9sDPiV8bSCQVKAUZuObHqJyKIk9G7rXd1z0PU5XjDZsEnjn+eCiY+wctk3PQIv+Q4niXOlRCHo5AZVxPfJyd8B3jq8+PCflyoxhdIYao1yWETZ7VgZtPENXyFUqZq2F3ZLYLzND1/Plh2d88PCCm82OwxLw3jMtUYLrO8Nq1dM5S06JmyVQlaaziuevtmy2e05OThk7zz4WTnswY0eIC2Ga1stud6bMv/74WX/xr1B0tXFfUKuQ5jDNj+9ubr+qtcSHYSy65nt+6vEKK3m0kmSiasYU3caetSVkJEnU0a4Vgip7WVXaYS5dhOsGVNhLYTVWbslGUedEaXYh1QROx7B31QRR2lRKAmUVOioKpSW2tBQRBa5WYoksGJTtGuGoHMN4ReylpZjJ+FpTjAQqGD9IIIGRSLJcihTZ1rHKaE2zrY55SjxcFmznOJQgfFVv5dJAYehX9LZju9kQmtc1pUKqUfYt/SgHlRf1aZoTYBhWIzkXUi3ElCjURvE6ns2qhcRLoVAUUYtWQdkZ46ha4amYGCUSzHhKWMAYBhLXzz/ihx9+yNPNgtYWb6XXEFZzaSrSlpBSCp/e7tlMC99B8+5X1mg/ksLMhGawDo8ixEJMkX1MhJqwVFFcVrEtLGmhHDYo50j0b8D8zpKOuENvye1ipBC9gMkzXZkoOUMI6E6LtUxDnV6jfaEfTjC60llF78Cpiqs7XBKYyBIsVS2svCaVyuv9zMPTAWcsc0y4At46Uq7sQ+S091irCaVinWK7JHJbpZz0jt0efL/i/OSsof+a0rxk8dMi6UG2iv92wfKdLz/hu+98hnoJX75Y88MXN+3iWoQLXUU4aFoJ4qgvsBbfGYah4+J0YA6Bm9sDSmmsszgv+EXnLdYbvLfMk+AMnXf4zuO9w3rbplIVo6Hrey4vzxlWa0L2fPSLa4y2bPcH9jtRZkPBGIvzHtV5Kbwaqm0CqVZLq2viKqXvp1HUJqE92gzui65r4/SWg43sgjleQO4TMQLvvPMO77//Tiu6crW+utlzt9lzOMwi5nKZim/X7iY2Mx3f+Oa3eee9S77xra/yT77/z/jhD3/GZ09fsbm5Y3e34bBE+Xy8KPathkhlrobPNgs1R0Y3yVerNLMe+MtfXvFglBHu0HsRBGpNyYWQZDLnm2+4KFHILzGjtOb9B+e4bqCEhFNKLErW8uhsxarrOMTKUjLj0GE0xJybECyxmSZyqVyeSADKx6/ueH23Y9VbHqxX3BwOXKxX0kHHwPUURLNSK0sp5JQ5HA7cLpXoCoEtKE0KM753KBRhnk7nm5cXqinF/3X+dfql3/4vL7p/57/+3/xCFt2hH/gnf/xPHtxev3osnUXrMI0Vso9GQOZVC76wdby6CmlKacWySAantbaxY2W/pRH6Sa1S9KwfcBTxG7b0HrSMlWpL0JF9sbrfw94X3HuQuPy8lDKlvcjGGEoUypJxBlMTKSeKrhKWfjzEsuyEUaLqFUsQmBb5l2PAjCf4s0vUskfnREkBlRNaZSKanI1EzRkFMbEcFvTg0FaBlYuZNw4/KFKI7JbEvEy4zssO1hhc5zFVsSyzjOiMJsbI5naD7SzDyfgGhoFG2TYyVrV1De0/WYXTlSU1ULo2MksyFo3G6wJhYpcVmyyjywsV2Dz9BX/404+4nisr79tZVu8x58IGq/d5xVorem3Zhswf/ewTvh0j3/zmX4JuYEqJbBy9MQQCJcqeNJEwGdAe3xs6KnVZqDlg0kJ1PcE4upbPjFYcshWijyqgO6qJsuYwFqsHYhCrTYkz1kiEn8lrsAZtdCu4ip4DlkyXC4pMMD2drcI6VpUpZKypxFI47wXxKGsQAcEMncE7i9OG+TDj2g7taj9Dijy6OEWryrA6x9pO7EEIizjlLOEcWsD+vdOsncYPI8Ojd/nG+4/58NUdf/Mbj/nRy9ujEP1NbaqlJdboewiMbvs6YwzD6Lk4Hbm9O8hkp2EinTM4Z/GdEKGmWdT9vrP30ZpaK6zVjIPn/HzFw8tznjx+SHdywn4uvPfPfkbfe27u7tjsZ1kLVYH0K23bs6ru10ZVW6o7Bp0IxhOk+1WlSEN7LL6qFd2qQLUOH9te8OPI+ajML22vG3j86CFPnjz63Jl1fbvn2atbdtOBmiKK3KxIVrA74j0CKqvVBf/Of+W/yte+8TV+9IMf8oM/+RE/+enHfPbL51y/uGa/PbA9LJy5jFEVawXKs8RIrYWbuTCFxPYw8cHDC9477Vh7x3ZOkqXbhJoFRe8FcqOAWApJgPGEOXDWO07Xa+YsoSU1V7wqGK95vYtspx3n6xFr5KyyVrJ4jTFMMTFa4SjfHRZebEUP8uR0zdkwcAiBzlpyrhzCQhHhC1ordnOk1MpgFX3fc3d3YN4dKHFhPDsnANP1DZfveuK8fxKX5ct+PJNAlt/0TvfV69dfyKLbdz03d7dnqdSuyY+pRkRKSh3HmfUtm4pF23R/K1UKUk5QNKteclxDjK2Yyk4jN3uPtx2mhVnXKizeo0m+GNUybKXz1EqjVPOkNtKOKuWNQrkUKC3pqN2WVdsrmypYNoV0akVL11ZTFN5EFnavioucA95DWiQbeFhhh5GaL2C/Re+uqVUsMrVWOlWoKhF1JabCPmQ6rYS0lAtWGUY/kKdALoGuX+Gcx2lDXBYSkWE1Mk0T+/0ebSy29yij8WOH0RqV2j48F2k2Ueiq71XMUGjiUGLNUDLaeTIKXWdaWjCKxKEoscHUyqO1Z7n+lH/84S+4C7Dq7L1CWyvFvZyn8bGbD6xdWiSMIMXCj37xDI3m69/6PUbXiYZGVdYlYztLMIoUIMREKZGTEdZesyRNzAkb95jhhGwc2I6sDaE20RmJ3Hyd2ju0Hwl2TQ13OBNQboQyU+YttTunri7xZaKmA0Zp+s5LYECO8pm0vjErS6qGsgQ6Z7kYxTK1i4neiK1kH6Lk2GrNboqsfMFoeLWZ0Bp6AyjHalyRdM/gOwkRMGLtuDsshFSwzoj1w2gWIwAXZxV+fcp3v/Fl/g9/9EO++/gBv/fBI/74k5f3naAS9pmo648XLi2XXa2E2DUOPVUp3PO7FiDC/cXIGEvvLSfrjtc3BxQK1zJTjZHknoeXZzx8eM7ZycA49HTeoXvPk3ce8ejhOcPg+eTTmaubHSkm0FoQprqR3xpuFCR6EGOoxjfVvGnvfG6TikZ4UaYV1fYFIxMdGRtJwZUntqmZ70fOE6vTFU8eP3hL+Qz7OfD0xQ03N3uWaaY/yzKQqxIbiro3pR11wTx4+B5/4z+85Fvf+x4f/uhn/Omf/JCf/vTnfPbZC14/v2J7tyHsJ0yJdDpQSsV7y7bAy83M2lv++tcf8WjVE4oIHo0Sm1tKGaOUFL6m5djNgUOM9AoOhwPOiUreW0vOBa0yvrkzcqmEIjjKUsRel5Ws0RSK09WKGBw32z37GPHW8vh8xYP1QGnRktYa0BJZup0TS8ySKNV2ytebA3OCU5fpDVysBjZhIZXK0HVQMjnMK+267w1nj2ytNf3Gi+7HH/3siymi6jqeP3t6XrV12lkZ4ekmdMmVUiraqvtip6xHk+9TQpRxdF1HjInY0lCsqu0gkCxZ04z9OsuLUJLcgquRkbBc7K2Mb0uLyWowDHU8f6qi6mbhoUHyhWuEKhmdM8Z7sRzlitGlHRT5XtShlKbmgE4z1XSYnCg5kLXBaoO1Hmzr/LSh+B5lB3QM6JopVXGqI85EnipNKBJWLcAHEcAAbDcb4mGmHwf6WjHWcDhMTMuM9iI+STnjxr5hLkUpa8ZRosGSiMZ086hyHLe3blcrjVUaUyveWLIdiVVEYgVhFVMhhsihaqK2XHiDm17xhx//kuu5MDhzX0yVqm+FeUl+a22XKt3asONGzjkDGX74i8/Adnz1m3+FYjxLWuiNYzX0qGUhpUitClMTKkJxHZ2tqJgwVAlct5YaHbEVFU0GZYkAOoGxJO1ETYsDO8oQMS/UsJHEFnPCoCZOvGOlIzbu0cZhlDCFnTGQQNWI6zSaDtM5UdZWSEUxNeEbpTKlhDcab2SP6ZRh3Tk6b9CqJwQRpYWiedB1GC2XsV2IlCKaAdWJD8SoircO57Qotm9ecNlbvnx5xrPbHf+t3/1aK7q1TWCaqriBXGq9X722LtXQ914SfDp7r5+oSG6zMZrOiaBKqeNO3GCt4Wzd8fDhOU8eXtD3vlmjxFLH0DGsB4axp+9lP/j0xTWHOaBVU8vfT351607rvQ3vqKeQS+5RUHVUK7/19/Hnva1eVqUVYbmkv/mNjIj11Mjjxw/QTRSkgBASz19tuLrbMe0n+pRQluahbc/r8fb4OcW04+Hj93n4+H2++b2/xCc//4iPPvopH/38Y3724Sc8/fQ1m5tb5s2eOAd2S4AMH5x4/sPvfpn/6NvvESLMWZK/eqPZLoFYC5ej+LRVFTfB6djTB4VNmWo0/eBJzZPfWUNu079piZwOHd3pCmJuyUtVqHVGeMsaQ1WG3nfNESLq8JhEO6O0ZjsHOi8JXWWqHJaFmBOj98QUudntUdoyOsOSIaHoFexzgr4XAWZYCMv8nRCny1p48Rcd8ffrgQdXV19Mu5BzbO7uLtHKa9e1jrbej7xUld2sUvVeJFFyAZPRSryLVkk6Ss0V0zmcNeTcxri1SJB7rJLsowK1Rdlppe9tMPUI02hjpkJt/trji1kRK1xtlqRCTgFVDa6Whm8zqFIlTk7fExMlUcT2cgi1YlJyQFPQpbSmojGeSyGHSFUGpcS/KBsnsT7lJujqdKXTBRfbLtcIjIJUKTVj1x6M4npzS64C89eDx49Ntd3GdihFTpmQgrCXjRbPcZHRYa2FquSfqoC2qu2b26VDaRKaGqZ7BblMKAph3pGqxbmRNXt++ouPebmd6Z1tXe2xmCo+/4K1/1L/LHhZxRpNwvKTX3yMG055+MHXWJTcygcJdaLrKyooXJlQJVFKx7rvCF6iDMv+Gnf2DrnrqMa28a5iqYpSDbYKdQpmeldJ2hCTxaYtNi8YYxlMpct7vJU835URi05VhVisdK458OD0HD+c0nktqUUpkVSzUFjLFGUdcdE7SjWkkrHNw7zqJNtXRGmG6CyvN3tSTg3rp4hZVOOD1ZRjbHGW7+Oqc4yDeLHT5hV9ynznnQf8n/7px3znS4/5nfcu+cHTKyFM3X+TW4oXksd6zFtWVmOto/daPN1zJFUp1MbIOFIbw7ju8F58531nOT8ZeXh5xtnpiLGaUjNGW/reY6zmxYef8Aff/zEfffKcECOpFD59dsPdbiKETM7izT8S0VS+p7m0DbSTIs9beqn7h0c1gZ4BFd9oVyW8uv383Ly5x674+IvLRO30/ARnjexGG6Hu5etbbjY7pmnhooTWGd9bFFrnq+756vIVRagLSnkuH77L5cN3+d7v/hZ3t8/45cfP+OijZzx/9pqbqyuW/czLz17w7E8+5D/727/Nk/NBtCQoemuYQ0YbzXroiLkFs1QpotoYTseORcFdOPDg4pzOe/Y5S2OijjwYg3eV3N7xbCspVW63e4w2PLxYQ5KgBG0UrnNcdI45LtzsZ7x1WBkO8vh0BDS3h4VYMmtvuN5NPHu9wRnbAhB6dIZpCtzuF87Hgd5YirIY7akZ4nz4xrzMH6DMC+pvuOjuDl9M9bK11k7LfI51Vt+PhGSXdxw3KiVcz6oUeamkZUFp2VPRUIU5y4bVhETvDcp3pJjuXxKjzdFPcP971FLBCqbwzct6nG/KbZ9aKDmLEtBYNG3P1BzA+ihccZaichNvZLlxaotWmhQCykZsidQiBbXGBV0SKkdiClBcK/7SRatGE4JK1B1L1aiysDaJjkqIMGkl1qUqkX3iZ5G8TKqiFIXuxQurrSY3JaixVkwRIaOd7F5Klqxc4wxplu9vMRqVa7urmyZwaiUyV5Qu5JKJMWDHDmUtOYPRFZeD/LlyZLVesXn5lE+v7jDH0aBS7aKjfsUveXR3vC18+dyHg6qyH0658uHPf0TX9awevssSFxwC/Mi2UuIiGEwDJ6sBayy7aWJz2FJjYHAjqlvJVCFmUhOg6ZoxuqKtHMgqTpJZagy4Eyg9OexQyuB0RdVCzoFIJFUp3rlC1h10K4obKDUzHWa8UVgy1rfnW4PXimXO7Kh474itSTNHNTGKJSYuV55dSThn6J2ANg4x3ReYmDJTiJz1g4RtVDjpNd4YjPNUYxlV4dHJigcnHb+8vuU/+u4H/ODplewx9dtvQG3P/zFAQt4JazXD2DH0nu1+FpWsaiYAq9HWMK46xs5yc3vHN776iNPzFf3gcc6Imrpm9vs9z1+85KNfvOD3/+Cf8yc//JSb24lPPrsG4PnLO66udswxiG/f9Pfe/Kq0sMt1QZm3IOFvXRpkTOzuC2495nodZ9Rv5iqCAr3vjO29mvn4z3Ec8d5K0W36jqvrvXx909wu0Anw7TFWb7rceoTsmKbwz28VeYPvOh49eZ9Hjx/zl37vt9ntJra3t+gw8f3f/xP+758855uPz3m63QsS0jmssTgrnJved/S+UFDcHQLX+wlvLc6MdN6jXCBbRzEOrxQqy8pMKUWKWUbORgvxKmVCmLm6uSGhOVt1DF1PVeIMQWnOVx3errneT+xCIMWEMZrzVc+SK8ZaLqzh2atrXtzsWELkZOx55/SEwXdCMDOGpVSWFv05+A7XDTjvWebpa70yXzfd8EfU8pstuvs5fEGLbnFzTKe1VK1qaWQYGc+UKvFVuo2vIJNqgZLuO6HS9n+mqZRzysTDBoYVqRqM65orSIkNRjVYf5GOUFXfCvybV00AUvJylSaZFzaz7CjEfiS4s0IVFWUVr2+x4tk1NTX/Y8EUQXsoBSovoJ2M0XNGq4pOCyp6VF9FDZ0TVOESZ9uRrexvtcqkGtFVMlFTgZAbDKRB5RUV7QwlyWnom7giZ4nMKjmhnIRYF6ekQ9YKnGqhDYpiDDUl2eUaRY0iSFNavTXorZAKpjbxh/UibkEA9KZkgvIy7l9u+dmzpyy5SCd9LJ7qrV9Lv92c1Lea33pPI6pv/XBRomvmZeHjn/2Yb6/PUb4jZsmwxXrssOLBeI6Pt6QUiNpLR+YGsjKkeSdrAtuRshQDbxSixzOkJJ2p0ooaZ5TyVL3COI+KO9KyJSuHIaGoLFWSrpaUKVUzXjzm5PQMFe8I04wz0HcDBkNVmjlVigyu8QpeXN8y9B2n67UUt8ZMDiWTqmK7LBhr+eDynGUJ1CKZziHJxTHmzDRHHl8YUbIKPwxt5FMrMWMHz9nK897Zip9dbfj2u4/40sWaT25293tcWuhFau9Xye0daBOorus4PVvx/PWGkmUPWO/HqprOO4ZVx/MXG37wL37Oze0d56c9Q2dJufD69R2/+OQ5P/vFSz76xWuu7w7EUNhsZuYgF+VX1xt++dlrwpKEtnScc7cpiEzks9h1Pld0j93lmzHyMa6Ro0WolrfEU/p+h3u0rN0vq9uJ0HeDiDRZ0IIf5m534NmrWzbbmRwCeihtyH2/NJEdsXprNVNdsxUlqB5U64hl/4DvOh50Kx5cnkGY+OQnn/Ddd894vT8wLwWtFLsQG4WqcKIUqMJdQ6DOKTN2HbVW9kvEDT0Xp2sizQKGpqaEQt+P7Gsp2GIoqqJJ5DCzPxxYqmYzL6yHgQK49v5vDjPWGVE7zzO7GOnwXG1nToYe26IOt/NCSBnjOlJDvJYWjLL2mnV/wqFq8v5AWBZ2S0eqmhSWVS3528oN5i9aTfXrPt30BS26FJdyHqqkf6Gaqb8iIAqVI9QsQfI5tcdZQ5YCbKuMnpWqWG2p3sgBmZNQqGrFG0XKhVIiNsf2Kh79enCUqJeSqTmirOTzKq2aWlmSikC30IKCyQGzTKjGAhavqKcaRzk+K60YamRPKp5d26qHcKSNzhLCEIN0DWGmhB2qG8GuMEpjVcYSKbqSkyYVS2ey7K5rhVIwxbQbg4yftZXEn+MFQ6Ga8luKmLOGYpCQe6UR0XYlR+mQSrNA1Qo5JtxgUFZLfF8p8v2mHcZWigiliPCGylIqUTu8M2xefcTVZtf+m2pEzvq57uT+kPqX/PubDvh4IZL9srWW690tzz75kK98+3dJdMwloG1C48lKYfpTDvMEKXN2ekI3rrk9TOQcYd5gfEdv14Qkv0GqAgCxSpNQKL+S7OEUcCVgljtq3BGtY8kFbyoZOOSCrYqYErU7JWBgucXXA9oLfMDqjK4QUhvPF4WykHLkME3Mhy2DqZj+QhT5RnFmO+gr14eFgSaYKTIq1Cisgs5oWTcY6U7X3hAzYldrCTRl7cB43nmwYt3ZFuUX+Q++9T7/6+//uO0w9f0YPxdRQ8uFTZGLfO9XY8ejh6f87KOXpCQX3VIFqOGcIaaFUsBZw/MXN/zy01coJCVpipkf/+QZP/3oOTmLk0ChyOmYw2rQKbPZzfzkw6fcbffEGKm53Kvoj66D+5xO6luwi6Mc+whyKe3CdgSAvDVmbk6Ehs75nG6hku4hGd67VnTfzF3208LT51dsdnvSMuMIwOqtHa566/Eu91+b4ngZylAdSjkgts63nRs1Q8o8GHu+8fiMkORiM3aOUCQr++4w4Y2mq5bdIgrh3ju8tixJrHO7JbAeejmblDyjvkokoPifwSlLRjVfrHSzpycjS4TNbsHaHUopvPUYJRe/zlu+dNlzthpINTN0Pc5YUpEuOuXMerVinANTyKx8R2cMSotdLldDWAKxanrn2S6BetixzDMpRpY5vK+HOALb32jR3Vx9MdXLRhuz39wOVVUsCFKPgtGWUhzVSKdbl0lSa6yjtHizUiqY0nYntJg96dTkXG7QBiR+zJHJcaaWEznAi+wpi65Cn6ri1rOtsNYKRimSESGBKVnsQEUCGUgzXlWKNqT65oadlMFjWmCAFO+QEs5Ldm1JBZ0TONesunI5qCXL+2k6tHbU2HCACnpT8SpSamSbMqkoOqMwSjpmqmmKYkW+tzq1yL0GBjnSt4wxgm8sIu1XtZBTEWFZaF2F0ZQU6Y3n7PwB2zxLIpNqKs96zOOV3W/QhlwrVll0CcylgOuwec+r1y9ZSsEoR7nfHR5nyW9652PnW+937HIZkkSbN+zdNv1vUwk5gD99+gkPHr3H+ZP3yPuELQVVI0v2DCeXOK6JYYY64LzBJ0daMjHsIZwwuBVFyVi45ozOEa0NucqI0NSCNQrlPDk7CTcwHcVo0BP7MJNL4aTvwPYUbZl2V1zvZsrQMaw6TFGo1DySiJhsConNNpKijPSn7YEXz2e8sbA+xXiNVdK5UGH0lrv91A5CS4kJ74UY1Fm5+IQU6S2kKjnKtY1bSynklHhnPXLaGS5PRm73E7/zzjmXY8/VYW76Cflep1hpCOgG3KgsS2S/36JKRJvGXG2JI85V9tOWzz674sXrGxEUGkUNlRhlJ/v65sCnz++YQqHTEsBRq3TjppU9YxRLqvzwZ0/55Pk1X/nSY1ariLdHL+4RlMFb86m3CrA6kqj0W4Wv7XarKMCl+LYrftvv1hrlgk2VpCIlnltnK9aoz9GMUip88vSK19dbpt3E8HAGncUDrCQqRd0XW/1WBy4XgjeP87HNeKs7P6altUma0RprwVmNKlI8bYWPnr7mwYMzycWtBaMVnTMopViQzngOEWfENqlR4kkvR121+HILpX0bNc53fPC4p+bM3WHhZrPjdDXidSHWQs2ZwfTkmJhKpncdSmvmVIgp4K1hzqL1sJ3nwmcerHuxbiIkslwrr+72HIrjYtWhS2LdWXwnX9dhv72I2OFfZ9F9/19pvHx38wWFYyiW/U7pMMlLYFq2pRafbbrHGwdJD0FRjcEYJ0KfZucx1jTehFBVBNloUCUKy9d06JQpKVBSFFtPrRAOFG0lcOCIdaxJxrNF4Ok065GpEYOEf5eUxJRO4zoDqdTG8jVUq+6npAXhrR7FWuITFIFXNqb52lo9sa0QlwjKErQj6Y6zvIhqWym8lt2QV5Vc5aJhiojOtJZsh2otqqj7jrGgGlpQpgZOqCL0XceSAssSMRgenl2yn/bcThviNHN5vmIcT9ltZ4GJKP1myNdwnBL+oBpAI9GnA7NqjOW7V1xvNjKa1xwTHT6X9VI/r5Rqgpm3xDBv7dwlqrG8dZCC0ZYQE7/46EecnJ2DG8glM9pCtZ4YZjqnsWZFCAuqH/C+R6dEPIbY54Cq4m+1RmOUJhUgyX9X1lHnA/P+DnLAkOjsSNEDucwYZVCuR1tHUj1LhpUOVDSbRbQDJSdc7+jHHk0m5sgUIktY0KVwPnpeHDy/fHWF8S/55jAQoqwHalWMvW1BCJXRinjIHOlsuXCYZ6iVwRlSzKTGC1+tVjgFtooewVnLlx+ccTMJj3vtNH/j6+/wf/zBxw0SIUlMIQrWb5oXbu6Amrh+9QpK4nY3cbtdmOczck7EsLDZvOb2bs/TZ7eEWHBGs8TMEhI5Fbb7wMuXtxw2s1C7jjen+mZvL2YCjSHzy89e8y9+9Et+93tf5uzkBO+9dG1Oiq66J2kdbTrqrVFuw160i7e6L3w0ZbJq/2fui+GxyNIU9fKAShZxeXsG03zlL17e8fTlNdvtnos0g4/NKnh8jtul9kik48iBDrwtr1I1vxl10wSVWpNSltxv71sTISK9EBND33O7mYnLQhk74b5rQ1WVronYaq3ElOm9hEwkCkuWi0rBEnIkN0RtUaJZ8P2AVYZaI0uBMkc6q1kNjiTqPMIS2bKnKIWzll4bQpJnIEXL7ZxYcqJ3PevOsOTKYQ4475liYjctfHo98TpU3jkZuOwq3WCJIZJKIs/T6VJs/xu3DJl+/IIWXV1NTEkV2Ytpa1sxE1FRLZkcsnQZSolX9phvC6SUcc6hlWkWBxmRlCIdcC4JmwPK9dQsNpIcFkoWv1mZbqlupHZrcopo11HDHm2FMFONf/O6FdlrlSBZv1YrgnEUayhFhFc6ZwnOPnodFaichBNdvVwG2q70nvqqtCDXQPydcUZZRbUeVytDjZhaOVSPITGomYRwgCXfUgAGJbXiWotQeZQmpoQqDTbSPPvmGBKhNBf9Ca+nDTBzOpww7Wfm/QFL5WQ8ZfADu+2ekorYdaht5A4pJfnzloIuGa2b5SrOON2RSuH65pYpFMnebDhOflWrfC+metPCyjay3CvI5cLCm/Hh54RYIrS7vr7m6Wcf8c5Xvku0npgSuyWxzAvvrB26FnbzjFU9Xe9FXGYdSsNcZN8PoI3HWisELSJKGUrKxP2WuOxxxlA06PmOKe5IdWLwnm5YibikLiJ0sgajLTkVdJ1ZO4eq0hF0VrHyDqcUe1XZHxZiKpysezbxjJczvDcnVued5D+nyol3hCWiW+HcLwGlrCjkk4BWOmvprSNWKRY1Swyg0YLkpFSqrvzWOw/44WeveO+sI+XI3/rGu/z9nz3jblrkctX8n3e3d8R54tUrTamJHOXQV00Q87F+xdB7nBOrTgiCo7RK/J9LiMRcZQwdBaLirUHrBqQ5MqHeEh9XBU4p7rYTf/KnH/N3/oO/xMOLM4bRY5JpP8ZI56reTguybYzMfRcsYQ6lqZvNW3vhN17a+pYprb4t3GvPW8pJLjtv/QiA1zc7nj275m6zI88T1kfANRhHCwJR+f53kt9LS5FVGWrXiHnN03//eyuwhhgjJUZSrlStxf/dnBzGGU5Gjy2Fze0dF2ennIyDfOYorIaEpIxNy8xqEEGULpmKZkqL5PJawWTqWkkSIUWJkdism+u1wxpHSBKNOHQdIUZCyjhjWUIm5AO5SkeulWLwhk45EZHmSlKwXxbKYc+cM9slsSwHyhRIq57an5MLxGmhxIiN87oWNfzmi243fDGLrjFVhyhipLzcvyiqtMGwUi3MXkgtKrcdTamkXBpjWTImayltK1KPSbioLPvSPE+kwx4VJlIukDLFemydUblQlROFsrXUZaYqi1LSUcrD3vy5JaNbZiclorRECGatxNZwhIwjEXK5akgRnbMgKiuY2hTBqqLjQnIDWBFX1ZLbsEx2o2gjyTZtXKpqkD2jFnRcVRLUZ1rAdC0K23VUXckh0WmHM4YlLzw8e8DZeMr19ppNODD4gZIqJlfO+xWD9lxPG3rrGNfnPH78HofNHdpl5v1eGK1Wi5gkC4GqM4ZDzqi8oK0jVtgXGeulZeZms6MqI36++mZPK5/r57e29a197v1++jhua//lqKJVnxNiKbSu5JT57JOPOX/4HuPqlCXOlJo5pML1FPDMpDCLKM8bUYE6K5aJtJCVazGLlWQttWqMMSjtKHkS25Sx2LbD0uGGsOyZVEfImlXZCMYTcMxELQd6Zx1rZ1g5y5wS+zniVz0GLQgVrel7Kx0FVkayukdZy9m64/Zw3L9B0oopF1II8uxrTcpZMp+NwRsZ1w7eCthF6fst45ITNhusMzw8keSflCNOwZcervmrX37E/+PHn1JKbN/bwhLEl9oYMfdDXM0bhflmt9z/m0FEi+p+QFE53maskSg3dX85PnajqhXgN9NgazRLyvzpjz/lxz/9jC998JhxGRmtXPI42oDun5zyluIdPu8fKm/AK/dHq75fcwjUwjZAyNvTlSrizSWIFuL+kgi6wt3mwC9++Yrrmy3z7sD6dAG6X1Hct/F31a3RPiYexXZOtUAGSks4auNo50glk3NCacnz1gqM0nhjqUUJdpNKjkWeIyX88iUXrBUMaAyJzWHGaY13DuUcISSWeU+JC6YfqU7sjBTF/rBw4qS4qk4G37lUauMmeG/pvGN3mAkZjFVcbfd0ztF3HcWA9YYlJA7LIn5gLQEmRkNvPa4fZKpzvRHXhfEkA0VpjPN0pqxSnf1vvOg2c+gX7y+lqFpngUpw79GVC2ySXUCjMR2N67VWclyw4xrjOxHmxCiFV3sykszjlkhd9sRSWGKiHCaJkQsS7VYHLYUqTVg7YKsoG6uxFG3Qx4D3oye1ddHGix91oRxDZuX1Mgbd9s1VaVSKYts5eoCr7IpsLZL/iSJbT3Z9qytVrEaup2qFqzJOLtq2nVelFMWsPNkkUKn9Xk2wVcB5x+XlB2zDjuf7Z1ysz1j5gZc3zzlZn9H7NfX6Gl0EF1kxvPPoXYiZq+sbLi8fohRizt/umfYHFJVRWSYlYhdtQIUi4hKjGq1LwAykQFCOanuW3XP2s9CUjp/pMTJRHU+v+saXrd7SmwrqrzbRqrovvMc9L0p9rjlWaIy17Hc7nn/yc7727d8jmg5XD1Ay+ykyng5iPckZm6OsFWrB1IhLB7IZUa4j54XDImQfr6DTBd33OHUpoRrKY+IOYztcv6JXBq+MEMyoqJxIJJao0LowdIpam7DJtEB1ZA+mqmgR+q6TXFkK3noeno5cnK+YY8Ybw9lFT8oZYzX7mIhT5NF6wJvK9iCISG8UuYUJFKVxTbneaUVKlRAKvZPwh24c+eqjc/7gZ0/52vkKnRb+7rff5Q9/8YLtHNv79oZafD+4VbW5CVS77DRN4L26XH3O4KWaerceUZ+/slM4lsu3Fvv3n7VXmqfPb/j+P/mQv/pXvs7pakXfO7HaNadDvV8yHPczLZjkXhTFvSSvzYF+5Xg9jqP1W2q945hZiuY8zYQQP3c5NEoRa+XjT1/y4tU1+92OdZrAjo0Zru59xW9fJ8E1s2GUcXbVreC79uRb+Rq1gIJk9aREtuHk+2O1RGpenK1EiJblfZmCJGt5a8k1N6tkxWlDiIVco+gGlgM3t9eEOXJ+Wjl7MJC1Js4BpxS+71DGo+aF6/3E6Fzbc+sGxxCtQCqVKSzEmO+1KaphIx+uBwxwtV/o+571yYolRIz1aOdZZsNhf2BWhRBn6mpNxlKVo6TUTdsb+1/GXxaxq/5zs/P+WtHNb33oX6S/qs6lhphV22XcI2BpEve3cjBVu7FmRFna9x3KWJYloGIQ9aS21DqT5x31sCGlLFm8rsO1A6C0kahVCkdmfxDrh/UDar/BWQlBKFlEXVUXfAvZTg2kUFJmsR6bIjoXasv6VG3vIgrINtqquXWqlVJFPG+0IhorD6sylMaNxYrPtyDwD1cTvi50qpC1dDreaFI+krGkENcqKMuu62DOEGVcWmplt93jteOwO5Bs4WR9QtoGlmlCqYB1DlUqKUVs1KSU2B+2xBjpvaemjBvXzHXXIAUK7a3EyOVjwpAUQxN2FOXIKOa7a+aUBE7SKqS6h2f8yv//Vn9QFG882vB5P+9bkIw3wqsiorGqUEbz7OknXFy+w+nFA1L1IthZIks9w2mIcU+oGus6EZ+VzGAFXhBz81ZmyZvNORFVobcWYz3KDhg0pD1qfETfDfg8oat4sFUNjJ0RJm7NDUJQZSrRgiO0scRqsBSshqHzLDEzL5mLsQPboZ3FAbtlEcITimnJOGt493Rkt4g/1yjZ6aMVp2Mv6xMk7s1UAWcISak00AWNWjXwtUdn/MHPnnK9yIX13/vSJb/z3kP+0c+f/cvux5+z46hW5JQuDTLDfTrTG/7wm4Ja1efs2G+xtj9PJDviG51WHELiv/jjj/g7Hz7jncsL5t4xxg6GTMX9mT7uN8n1byvf2471c2qCYxds+Nx14V5DIICMzc3mfqT+ue9FhU8+e82zZ6+5u93ycD5g1qfSuaqjk78VevXmeiAK8bcjBo92puZsaJeXIjxG5lyaSLSZmrTCKMW6HwQ3jdh0SltdKQ25jfnHzjN6z24KTNPCkgs3t3dc324JGU5OT5tLQ1Y/vvckNDpntFJCr8qJ3Rzp+p716IlZzmBqYckZ5yylKlkbGI0xA4MfOB0VqW5EQKosOWbCElAFMoZhfcoyy4TSGk1cZkJKlEN2w/lDrY39f9Oryae139wynD2iO3tMKenPudP9CzYK/8VVXUDVoowREpAWJWY+CgxyAtvLg1RExKScpx9HjLHEXHDWMXbnDHUhzBuMSiw1smhBuaUwQRKTeM0iMFFKU+6uSbqQl0BSBxnbLgcY1zjboVKi6oomY7OMnpJuYgeVGlfZoowhvz1+a4dtabaGohU6pkaCMTKWNjJytXkiWkc1PZR6T3NScQanse1wq1pBw6e1qF9K40NrjtQuOXCuN7egKu9ePMGbgbnMnI2nlFwZhpEQA/tlwRLxynMTr5jnmRIXyUtNUbpBVaWIDwNX0y3Vyv48J7GW1Dija0HXQi6RXMGWKPvjdGDaXpNKw3BW4fu8tcv/lxfT47Fef+04fXOG34tfuJ8SCK7QEMLCs19+yPr0r8rN2fWUMHGz2fHukyfSFRw2jKeXYDxhmXHKYsgsRqPsgGt6Ad043DVHqrYihqoLynuU7poVy0hIQq2YqlrBC1gleE+lLc46qtaMzgt8TOuWKxs4GTqMzsRUsNoQsmAJ7yYJrFj3g0AKlUAyvNZc9JbNEsjFsB4cyqw5bDOrtSMi+1WJoAS0xrVAkFphOUxY57g8WfGVB6f84NkVl+9e4Mj8d/7at/ijT14RYvrcAXckiB1lt0XVo2TomHTdPpLPEU7uf67MItT9yLncd8a1MdDfCOneTDDE0fDhR8/5x3/4Ib/73S/TeU83DJhmITqyjWk/vqrjv7u3xs2pjY7vf+f7/a6EFeRmGzp+9a0I4oHA85dXxJQ/X3Tbj3r6/JaPP3nN1fUd7+x2nK5nKg6FfSumMr9lG1JQLUqlN915W0jUmnmzkFbMh5npMNPnzGiMMAtMI99Z8djTngtr633YSwhizzJVhOVHfr1SsMQ9++kgzOPBYZ1lKUmmH94Rk1jEtFac9p7eWX758oo5JrrOC3CoIjm6MeK952zdyaW/wknfScoYEKpiGAaoihAjWcEuRExKrFZrunFFjXu8NXjnxZ4WFpTT48U7H3S26//MtCEhpFl+8dMf8+M/+kO+/J3f44NHH1CX8udbdI2zX1ghlXZO7DXZUJS672spWZicRkLjY1vm9+Ma03WCyzOO984vGGrg5rNXzPsdjwfPaCpT7zlYjVaF/e5ATuLRLTmL0i9MxCMSLezBKELKqHnCrIL4hasUXN1IOBpFQmGUwdZE0iKqOb6J0lUY6a5zboJEh7blXgxRGibOlkipGZ2FKENNEIPExlWFCVuU8Ril5S5uNDYb5iQ0l1zFBlGKoDADkBBM5Wo84eL8AYf9jmA0KRVJf5l2vHx9xdANpBhYjSLQ227veHB+zvnFJbc3rxmHHm00YQlgHYfpQHfRy+cUIsZqTFEt1qCILaVWZt2TlGXYP2daJqFyHQ+ft5oP4Vvre4HKUW3JcXR5PHzfutUeu+nPdUu/UriVktSn6+vXbK6vuHz4mKgs1q9ZW4U9eYjVhfDqEw7bOyElpYXN7o5utWbdd8yqCZ50072qii6FWDV5vqPWzHhyiklBFPCqoo1Ha0+dN6S00A89J8MKjcLryOnQU41Dq0pvNbEoQkzoWllikXQrI4CDlbf0zvNqeyC1c7izhrFz3O1m9inJtqmKladzksp0U5ua1Bh284IxBu97sYj5jpwV1SlSkTBy5yzfef8hf/r0Na/3gcFU/sZXnvDXv/4ef//Hv3zz/X/7ftwmEZo3lx1V3lhz8jG7uv4Zn8+9WkomNKr+GaTPBqo5rvKtUeznwD/4/k/42//+dzlZDyxTzxjXVOub1ulYAo8+V/1WR3v0n2aOoQ5HYAb31wHD5/A499284ebZa37wo08EP6o+3ysYhB/9ow+f8er6hs3NNSfnp6jetYJtZV/cBFW1RQkeLUXiDX4Df1H3CEoRX+22O7b7AxdV3gmJt5XgB11VE5rKSqNUhTUWaiaVIkK2KhPDiuB2S0syK7kwjp5V5wm5YGKht4ZcJCJVa0lwCzlzWCK9c6z7gcFZShIXhlGVoetZdZ7OO6ZQuDssoCxPzhy5KOYYOV0NzHPkxfUtz7YLtRYuBkuKHj+ccLaSdU1WBut6tLFobU6Xw/4spcSfNTtWWvPJzz/kH//+7/OVRw9+7eL+51Z0nfdf2KJrljmX1v3Ijqi0zFaLsrKvyEVGpZ0Xk3aYAxeP32Eks7z+lCVOvLjbkpXl+u6WzkAJM1lZrJYw7pBkt0vNWG0wqgjbWCnqsifHmaIdQV+gYhKlbSni3zxaVJomQqvamL2gcpYXRlWUgYjCG4sqwm7VOaNyFBoU4sErjQsNiOUDhckJ4oHSSQYvRXjTRjXVb23TZ2NwthC0JuQima9tbzYtE04N5Fy4vd1wd3dDjpGT0zOMNtztb1ivBh48uOR6f4XKht6PrE4PPH78BFVgmg70w4g1jpevn7MsEXfZ43pHCoGiKsUZmAu1JFkAaEfOkVg1NcNhs2UJGacF2lGU7LGV1n/mzfXtQ/n476WURidTb0aEnxNQ8WsvnOIoLko8/exjzs8vsMpi+xXoStrecHJxinYWwgGnOrAGpzKkCZNmrJfAK+UEDJ+yZJ2qMGFqxtlOBk81NY2MIaZIZ6FfnYodzRrccEKvMzoW5qJYO8W8zKiiUcqyxIRtMZGpMcaD0pz7HqsVXivGTsA8sWSZGFjFdreIZ7dz5FIl9zgXhr6nZingxmhMmw7lJjDczzPeesauIy2RUCqPzka+8vCUf/7pK86HR+z3W/6zv/Vd/sFPP72PVuTtUf4bUW/Lsr5PZmzc7X/5gq0q9WuTC/X2rPY+h+CtnlOJluEHP/mUf/D9n/C1Lz/Cd45+XqEHL13lkS5VdQtaOHaz+VeuDPmtEfax8yz3Y+RjcD2pMB8OvHjxE/5X/8v/K//wD37wK8I97sE31Mo/+8Ev+OST17z/3hV9N/DwfQtdJ3taZRv4YrqPEzxm7so12d3bnY4FV7V4we3tlillTMsRzw3Uo4EYcztH2vdNa5YURWOmZO0TW/DKUQ50t5tYlioFuGS89fJcl9JAHfJtyrlSW/3PFYZhoLOG6+3EYZnwKjP0HV3vmFNCWc0cxI50PQfOVx6vNapWlmXh1d2W282WGBKrrienyrQseNdjtCHgmAOctWfEDuO6lPKgTvs/UxyX4sJHP/4XdP3w55q7++udbv5i7nRt1cXkHFWRoqtakLluAqJjZm2tYJq3L+XM+uyMh6s15eoTXr7+TEZqWuMpRLsiG1D7DTnPhCweuNFCTYkpCre1aIW2qo30YJkOcmAbTzmMWK9wSqOdE6i/cZS2J0Upij5K+KGkJJ2sbaIRrcQnq4x0ycuEspbaryjWYXOiYtEqiedQt6IdF2qMFGQkq2tmQZOqRdVCUBmtotxftZZfGwlcUFoOcNfp5p2MWGu4OD/j7PwB4zAwzwcOhz3XN9e4ocNZw26zZV4mPvr5TzlsDsxxxzCsODl9yC5PzGHHY/duo+cJ5SfMIu/3LdJQ1NwVhew2b3YHUpUw7Xzc2b0Fv7jfyyj11hmmfl3J/PbPOU5BfkX1/LbXt7ZORWvD3d0VL69e8d6T96hlIqI5HA488ZF+MLjaE5apeRk7lpKp0w6vLNn05Aq6FkyRfag2CuU6jBtQaSGX0nZooY1cPbbrMUVAFkvKKJ1QubDc7Sij4/9F3p/F2pqm933Y7x2/Ya21xzPV2NXNZnNqjhIpSrLlaDAUJ4jj2IkjJYCB2EgCA0ZyEwO6SC5yFyBIrpybXAQIggiwY8SJFA+QZJNWYFERSVFsDk12d3VX13TGPa3p+753zMXzrX32qaqmmk3SgSsFVKGqzj5nD2t97/M+z/P///6dg2EM0pelQt81dN5yM4yC9lv0pFrZjSMhjlhlSNlQcsQawfdpbZmmSPVSDI2Ry4HXgVhhyhmvNd5ZhnlcSBHPbk4F0+qXuNNS+cr9Y37zu8/48HqgM4affvN1/upPvMN/8lvfftl9vuLpkeaslBngcIfiqebnQ93RBx+K9x/UkdRZzX87Xi3l9l8bo9mPgb/3n/8Of/Znf4hF17DY7OiXC5SbrUNzNyufeQZeUGfs4h3wRAnzOEqK67TfsVlv2W924j/dDXz40QVf//33+S9+5Xf45X/wu6y3A16pV95ph69XoXj87Ipf/cff5M03TthuB9683vLaOyPd0QOUtVAnSpjIKePaTnJ/9yM0FkxzZ5ucZgFXYdwP3Fxeo527XcXkWlDFoJUMw0OqWGfFrlOlex9jorGius8KhhCESlbE8dC3HRXYTCNTRrQqhttkL6fk7Mgh49sGYwo3m5HiFdf7iY+vNzxcSnby9XqL9y1N0zKmgNaa3jdMWLZjIJdEqxydNSzblsYm+r5jPWWmlNDTgHG9rBdKIqXEFEaOm1NNHo9qLp908aONIQ8bnPPA8CdsGcr589npUquKU6ZmeXMdlJJKyFIlVQEUGPHvhhjo+xWP7j2kXj8hX34I45br/cg4SoCy649onGdRNI2GlCKN0mhTKE6sBiFN1KxmO0tBa/DOEWNE76/JyjJ0nUDtraMqQ1Tm1uVXZuyhxGXpGXYhuaL6duk6K5SNhMfrHGU85BykaV7TG0yORF9FpW2sBNwDpVrAMGChajoluxddKmaev+WZiYsWaIgymsY3LJqlcKKNHIcvnj4lp0KYdrxYX+Dbjq+cf4VxGHn+4ilj3RHHiVAKC6+5f3ZGQOGOG5YPl1hrSPsR4wymiCilVjXnmTqyFn5r0Yb9fstm2MooutxZ0H6Pne4nCVQSK6hu7Vd3u9v6CaiGvrPYfUWMozS1JF48+ZD7Z6firUWRqnQIj05PeBIjcb+jbxayb44DKY+YPOJcTyhC5TJU2ekW+YyxFrxW1CTYy4ollYSrhRwl+L5rJeM1pYxJGcLATgVqko7CGzjuDMethhoxZEJOxDgRdSWTCaWgxszSWYqtlGKhwMOTBdfbPVopjroOpTQp7tmNkVTla7KANZZGVUKWjFTvnOBQayblgvUWreDesufLD874+uML3jjpeHF9w//4z36FX/r6+3I4vjTS3F6A6xwMr2Y7SZknEdSXzOE8W2tud5uH94CW6dLtZOPO2LneuUnduni1wmbFb//eB/ynf/93ePuNU/qupz1aoldm/iR3xrW3ewx9O6olBvJuz36zY7/ZsxsGLi5u+PCj5zx9dsHlzYbnLza89/4L3v3OMz58fMnVZphV1C85Hi89+3LxsHOZ/Du//FucHzc8fHjMP2m/wb375xydntN2PVTYbQYUlbP7K45WR+iiOL9/zNH5GbZpsNbIxb0knLV89OEzdk+FOHXAeJQZa5kRqFCdGeTKzNm6OWH1nA9eC6vW4YximJXLfefZKyAmOg+1ZqY046sNaApVyUVqiImAQpJJM7VomkbTWi2jvqoZpkjVDfts0daz0pVUJj66lIvDSWMw3YLlUQvaE6ZAQGHLRC6QqyKGRFGGnC1KW1Q5XAbDqtT6CjvHGM1HTy446jzqT8DM8+nxsvt8jpeNMdVok6il1mpvBf61yMNmtCgzlbGUlHDOcb5ckW4uSBfv8+Hj9/ng+Q2buVPItaDUM6yxrLqON08WHLcNuRYKIs9vdKIqCCkylYRRDm0MzhmckpCFafeCfTnBti0uF5RDQBvWykGbs/j1cpnjNwVReUDm1dkeURVUY6jaoZSZA7ZFqV1RRG1nMZKE3Stjbkd12TmMke5dQhQgVcWQFHHOGpZpeZW9o1Z41+K0Yb/dst6sCdNETIEQJnKItKsWs/I0XcMw7NmvR9xRg6LQHPcUKm5IaN+SQxCF9wxR1yjx1fUeh8aME6FUoiromqAkqjJMw5Y0735yPbCS9e2oSH/GiPnu/u9uEb7bGXNX6fwZo8pPSW21Zr2+4ubyBYvXvwBpxKnCLijGzZqw3eBq4vRoxS5X6jpT40DNSfDsClKJYlEho4qMbnOaiBoa54Tmaxy1TrLjjxVcTyyKFAccE72SP68Uw+U+kErlwbJl1VhebCb204SuhcZq4qR5f71Hq8rrJwucFpazMr1cEHXAzQr2XOQ1DykTUob5ktpbUT5nybckZIl8c96yz4V2DISUOetaFl3Ddpz4ymsnfP3xJe8+3+KN5kv37/HXfuFH+T//g99+Je/p9nWpL3fs6qVvizI/tzPRRJ5ldYfdebfI3hlYC8tivjzW+gmdJTRWsYuZ/+SXf4uf/cm3ODpestiuWTQW5bwAJpSRHOSDZC8NxM2WqxfXPP3oKU+eXnJ1s2a92fDiast777/gw48uuL7acXmz4+J6x9XNQJyjA+180L+crNz55x37k1Gax89u+Pf+1q/xlS/e4+SkRWlLqYaszCFGgaZxdF2DaxqOVwvOz0/o+45+2dJ1LVppsY4dL/nu198lXV1w9OCe/LyV7J1LZS6swk2fquKol3SjnGSXnqpk4CqtOe4dcT2wjZExJXKBk2UPtbDe7Qkp0ZaCU7JGUVpLNGpN3Gx3ItJyEtm4KHDUOSgJreGsb9ilzDpEFs6x8oXL9cg4RPre42zDOlW2qdIbLxOWUCROEMNYJbmpOEVJjuOqqClSUqT4ZlUETB0OE6+iFMMQWLXuvxyfbtO0n8+ia23xziRdc63aK2a0I7qIZcgY6gzRTynx6LU36J3j+dd/g8cfv8+7Ly4Yp4wx8syCGO3HOHIzTlztd3z5/Jj7qwWUSu/EUpGSJs4PeCpFxE+64LR0xypl9uOWNK1Ivp8pWdJ9m4N2sRa5VBfZzWQjhBjm8c/BNlSQMbGaE1mKsVQ3Ay9yFF+fMZAPebv61jaTUDgUWiViUUzFMFVNLEJ/8WY+pIpANzrboLEUNTKmgX0eWK16VrYRJK026K4hhsDvfeP3sDi6+x2ukz1wTplWLaBaYtqiVCWOA8ZYzKKj1EoxGqsMxkpnrWYwybzcRaUJqyDWOdBe7k0H/etnqpbVnRHmZxXeQxKUEKpeFt/b33PnY24bqpnI8/zFc+4/eotOG2qBUKtk2MbCdrfj+CzhrIhKUlG4PBHXLwg088QhklJEoWickwmH1nR9R04jtUx0854sxQnf9JScCcOWqAuucTRGk0siFRHClFqZUuRyCAxTotWFmsFmObhyCZzYzPn9MxaLHuc8cV7BtNZR2spmmgQWn+Rn1XiLt5aTzpKi0Lg658BUQkgUo6laoBOhFNKskWis5cGi48cenfJPPnzBa8ct692ev/6LP8Lf+s3vcLXbfYo3ccjfvZvxU+ZViyrqdudZ1cvA+FfUv/XldpU7oAw1+4PrK6IlufB5Bd/67jP+/b/9q7z95jnHxwvavsHkTAmRaRSM4JQy682O548vef/9Z3z7O4/54OPnXF5uWG8G1uuBy6s9L2527PeRaUrEUm7FUU7rW6HaZ+0MK/XAupDoRSVTrg+f3vD8csty4W/pTMYomsbRtm4m54nC3nlL1cJJ1lqRqoTBL7uOB6uWezfP+cqRxbhmlndVdBVQhZ5DVFIpsyRMRFIhJUrKaGvIupJylYtcFmznonUs+2a2I42sKZQcb6dFOUvMnzUGbURVTilkFI2zeDV3/bPWYdl1tLUQCLTOC3UqV06XLWhxLmaliRmuY8LVSFWKpCzB9Awh4Q1Up8nWspkqIWY5/wsnVmlfIRgt/owPf+c3GJNGn6/+yym6Xn8+LUNW12TTONYwVNUcHZLFZqrTSzpMjJG27VktVmyffId3v/NNPnhxRdYWZ+e8zJenLVZbdCnsp8DXn14yFXjreIktgWRlh2p1ZtY1SSamVrj5EIKCSoGwuSS2Le6ww3X1dvdU5kO/lAzWzV5MdXvrPyDqJO3HiVAjRYoSu4KrmaKVKKhn/546BGkbhcpBPJDKkJQmKINRkd5WMlW4wYdRrGQ/kEPCeXj46BHVFzZxh9cGVxJFa/KUqMNItQp30hCnQKyBVndoYBj33D95yMPFAy4/vKGUis/i7cxGKEjaAl5TnMVYiw4SPXgQxegaZ4bxyzFhSXcO37uF9O5Y+S7aUb0aiPAKEOOTxfrOiPnWSjpfeqhwc3PFzfoKc+81iIWll6D04+NjdtOWx89fcHx2xrJzbOZD35RIYx3KNcRpIkz7W7KWthbrHDFnmrlrd85iqIQwomZLWNevcEqwj1o7nDOcdIbeGVqvsBUeHRlCkNEyOVLLSFNH+f1dS9O18/RCU0oiV2i8parKmNMsTCsMAWJMtK6htw1PtiNGGxrvcBUR3CnpkJ33NEozjRN911KNFIcfenjEuy9u+L0nax4set45hf/hn/lR/p3/7NdvxU6HXWmdvbjy2swpNbM96FBz9Yxy1fPr8ckO9hWB1cGb/YmCe6j0GbDakEvhl/7hNzg7W/LXwsTbX3iARnFxteXJs2suL7c8e3HDk+fXPH2y5snTGy6utuz2gXEKjFMmRrEe3kFjYJTC3Fnb/lMFOlXNzzpzhKe8F6eYma5f7hq1ErqWMYb7qwWnjcF4TdKaKaTbontv0fGgU8TNC46vHW+f9xwdn4oyeQ45KGQ0mjRPRTRWmpEiAiuqYtk30jG34nqIOeOd4Xy5YNF7coZ9nNjsZcfcW327AnFKEtlCkmag85JYpI08Y1PJGA1OizjVOcvSNcJLrhPbEG7H06koSqo0OtICz3cbOmtoux6tNNtQ2A4DqyqhMb5pcUbEm7UWbOPPXdO2SqltKYXf+9rXWD95TPvw7T+5WvRp9bL5fBZdZ6sxal9zykpVo5TE56Hr7X7vkAN7dn4fG3a8+7V/xPsXlxRtsVpsPWV+0vOsgjSzL1AZiZN69/k11lheX3pUCjRO4BtjjEypztm2eh4b+VnqH1Hjjt16w+K0nbur2ex+GDlpLb47rcm5YtwMDwsD5UCbqZVqjLCZU6AaLwHxtZKMEz/8HEVYnRfRywEoUaDO8IGiDM4YUlLsCkLHUqDL3HFrwzQO5FTJ08SQRqzXxDDddiRFQ0kZZR1H90+Yhj21FlLIM1YIYh65uLxgSBOunQEEOVPGQGktvmkxTUseJ1QOkANaHbJDRXhU5oPZWsHLJZXn5LBXd7kHgY10lJ8ovJ+haD4oWutdcc8db++rNpU5ASkGrl885+j8TdAtUynUHHh0uuI1/RZPLp6Tc8LbhtZMUlCspVRRhxalaKyXzGBrUdbSOIspAe8bnLMonVi4TOc6dsNAmCpN20oxbgzWgjWzb1wpnPWctKJ61npCBcWEou0a2nYB2nO0OqZvO0kcUpJra5UCA+MoFrplZ9nHzBAEBVmpbGLkeozcW3pSKTTW0PoGayVExBjN0bKnxMAwTWzHSAFWneeHH53wK996wruXa446x3/rJx7xt37zmPcvbu7Qn+6I1urBNy6b20NMJvPrqXS9Q/G8c2mqnxDC1Zf6XV3FlsQd69DhYtUYwzhF/u//4a/x+9/4gDdfPwNdudmMXF3uWa8HNvuJYYzEkEnlDkL0EOipZESr66ET5xNf1/couAf62ysBDfP3eieQ466+oFQIqdBrR68NK2NQVTzOrVa349w/99oRXz6zXG33ZByvP3xAUJKOllBoL2eTURVVCqlKl2y1AFBudgPLznO87Ga/vyEXoXC1VmN7R9KGVAq6KsZYMVaiN6vWmDl3mVKYF7koAykWGiOZ433bAIUYswTVpETjGnIuXO4HuqYFq9mOCeMbOpVpyBRt6L0HbZiqYZgC45AYp4gpk1ivTEu/7NE1kWOkUM/RtVXW8u1vfcT733mfB39CY+XvXXSbz2fggXMe23SD0i6XOc9RkecoMRnRxFJomo6mZt777V/n2x9+QEZjtabM/XBiTupRSorn7aEgmL2YIt98+oLOPeBB66llYucsqlR0HAkVyegtmRgjdiZYNQZ244b90NG2C1HvqiSHjFIUbVDzLuUQwgAVFQPFeBmZqSIP5TxqrUpRlKHOcVeqMAPHDVVbYRznTDWGpOzMKc5UDUlbsQ1oy5Qh5EA/q2jRFWMrSU08ubiiPWpptBMfsmSDUZVYpsTuIdjJNEUKiaZvWZ4e8+LigpsP3qV/tKDxPblUjLfz+DmhSxYmsRFltqKgtRGqTS2SBFP1bHOq5Jpnlbf6lGr5bpE8dAsSxjAfXp/4uE/+u/qkuvaT/l6lIAeuri94GAZK03E57TmdbSNvnB2z0w37onFZVMWxJHJJxCiRa77pMcqQi3SWdiblaGWwJUKRPX3GksvEOI0U7WmUIaHF5lUzTol1LCdFTAZvHcZYXuxHaoXOy6HZdx1TrOxiJhRF6yUQIyHRflOITCGijRIEHwplDXEcedBZijI0TYN3wjlWtcgaojBbjwymsRhVhVQ0JlAaZxwPT5Y8OlnwtQ8vOWo1P/dWy1//01/hf/t3f13C6rk7eXg5yRDwhZoxkfU2s1qV+RL6MjpqHgRVXkFV6TulrqiXy1xeLWYo8SyHkPm13/mYX/udjz9tQboVaR52/2I7tHeCDv7w/J5Zsf0ZBbeqzwa4HD6PNZrXjhacLBx2Dq63WlwRVUu29YOTFf3CEpRhtTzCNx3DdqBxMl3JswLczl9DyWIlWk8TV9dbUsjc/+IjmbxV2ZvnmpmCXM5qmTPDq7yGJ4uWXAv7VNHaEoqsBsIUsFZU8soYGq9xqrJPmVbJBSEVjTIN6yEwBrGk7UOgbToa3+JLJCrLPkNWmaLA+IYhZqb9yDCOTNst+ynT+Iq1mThsCBvDfuc5icfkaXyYnVkkLNtJqFdyyiuqsU3V+hRtRmXM9Z/cTrdffG6Lrmv7CW1Kvd0FzYn2Vg7glDP37j2irp/zzW99nV0ueGNnK4rsMw87wwNsvVDJeQ7XVnqOGYt84+kl/RsPaK2lJoVtvCQXhUSqiVJEPFNqAefwOtOXic31Ff5cuLkqFeEsa0mueWlTURg976m0m6PvxMvqqhCkUIZsLUkbXLHyrc42KTWHb6uDUMKIavqAxstIFqXTCm81U1QMWYQys1dDbFPesLq3RDtLnZNEqlbUlOXPdk7GUSlCTcQYb5OZDJrqFO5+Q9vOx5STAltCgFgosRDHSQ4x7zAJ8mzzSikSygxpr4bEDP6YI9EOUIz6GR3s3e73gNL5FARDqc/YD84WroOe544KVjoozW675vryOQ/eeId1KuiSuNoHrG2obkHa7wjDVr6/WlBaLmzb7RrfL/DWy6SgCtzCKmRHnyMpZYIGS09NEW0s1joao7BE1MzExlicrjgFMUcudpVl4+iMompH1zQY52mdo5LZjpn1kHDGsvCS2OIac6tdaIxcBFrvsKN0z13TkHLh4fGClAohR3olHUJIicZZnFGkMGGNY3m04HwvjF1q4ajxfOXRKf/57w389uMbXl90/Ks/8wX+ztc/5Dfef/zyMvsJcsahi6QeyNIvMZAFfctAvu1eb01Gryx4X8Vw1JcdtZo/TkRNSghbFfLMJlaHkfahm1avlsCDGKr+gdq7l5e3l+/PmSWlZsX2nffVK3vnT4yj75b3o67ltPesrCHELGLJO6HQi8bx6HyFomBDZNG17OK8n209KAk1UGYWlSqZ3ulSGMbAfhi5t+ixCkKplFxwRva/F9sBpQzXwwC1crZo8UahneVmiiy8TOmGkFFGYb2I8NCKlAvOGoZxz8V25OHJCmMbiCO7KeKswTvD1XqksYbOW1JVGOfYZ9EgjFPE1YkhBYZQSFkRpoGwu0KngKIjaAfqhhx7ht3I5uqS1f37p8WuNt/97vv4pvlSgVVR5v5xHX7UXz3+0W57/aa6uQpj9P+h+aEf/5tKqfi9BJo/cNHtlkefz6LrG9p+MaDI1HJHcpEoGFJMWOM4a1s+/s773Oy2c/KLlsD7+QatqppBNFKoY8o0jWe5WKC1wVpRC1+ut3z7asOPnB/Tm0Ixjl5VdL5hj75F0qmZyTvGgsdQ0obBapYnJ5ATBovyHZSCMYY0w9fr/LUU5ylxQpUsVqA5AL4o+TpyKXRKM1ktQeEZqp0vDymhfIuy7lYlGdHkORGsVEvMiXAAHyTZM5c5sB7AO0tWs2VHiehLvM5W4PtREkxymRF1uZJypgY54PrjBRRR7GI1KUc5G72jaIlHzLWQjJljFCuOLPvLKqrZMvsY5WGQ8fLBi13nyUT9Hocfdw6/ux0yd0aRSs2pQ7e735eQ/ldGlsYQU+Dm4ikPHjxiLJpthouxkh0s2cH0gifDyJQqi7YlacsQdgyhiLXBRZxvsFqTY8DoSqMlESpME1VltCqkFKml4EogmwnvGqZSCWGidi3GK0xNpFxZ10ou0DUtJwuxp8UqatH7vee4s6SYKVmK/RgjxjDnnYL3hs413IyZmDL3Vj1jSOScWHYdV2lkSpnkPKZIIVy2jpIqu2ni6NTiWs/DkyWlRFJO+JQ4W3S88+CIbz655Hcev+CLD8/4n/yFn+R/8X+7ZDdNtxnNn3x9KneHDfUl0bC+1D8LvEK9Mk6upX5KSHcA5LwcMc/rixmAUWdvsNL6FtZRVf10NvMfqqOtfPJNmeundQTfD5Dh8BGN89xf9ay6wwVdFNFGKbTR7EPktHV4qxmnjLci1JtCpFCEXQ44ozG6ysrqoHPJMuE66XoWjWM7jKwajzMWSmE9Cjt9N418fLFm2TruH/XkmNlP4oaIOaOqovdG/L5OspkVimVjiSWTiuOoqzhr59G85mYYOfFL2saz6hLeWRoroTXbKVCSgD9TzTRzWIvVEFKWTG9VUXFkP68AnZ6wMTFWw/UYOEMvr54+/5effPTR+bGrf/FMp5N2e33vXG3uTY/3zWoz8Gi/4/H7V3/5+oe+mk6G/f91e331R6JTfaro9v3nU73sfYNvmgFlcqkSz6bm1BpSYQqBd774Dkcu8w/ff29mLdtZySoqX8nenY1zVRFT4ehoxaOH9/HeS8iA0mhtaLuWYRjYxMKJF3CDsy1h3FFSxs57FqvErhRLIcSA1Y5pfc20vWLRLSTxBwnTrtWJyENguqAt0TZCoqoZrCcbg06BUiolJdCarApUg6pyYGcE56dLmuEXRmw3eWY5zzrOnOS231rNTilCyJRY0I2Z8ZmSmSqeB+lo1byzEYGa2JrSHAV4e3jeiVerWQQxZSbgHHSSSsn3rFWlDIk8RRSSQhJzodEFp+UwvEOsuLvSmwlHer6g1Fe60k8V30/8+93D+ZXu+M5Iud61Dc1LwVJhd3NBXF9gXEMq0m16IsdWkTQ4pRmNY6qOaTeQc0ZrQ8pi2u9TpFku2e/2bFPgwb1TOgPrYWBbJcqMWuisxjjLJipSiXRa8lyHfaDFz2pVTTWaDk2aVd/eaNb7yMnC0zpDiIm+8ywaxZTFF12K4iZInmmdUY7GQOssVsOL7Z6Fs8SUSTnTNx7fGPIcStF6j7GGqiCFhJoiJWeO2xZtnNC39hM/dP+ID16s+dbFyK9++33+4k/9DH/+R77A3/naN6ifmNGq+T11y1m+xaEeErbulKJ6oBDXz0yHuS3oik8nS82F9TbVS915e6mXHe0fenhcX+5fPz2o/jQb/JOd9Gd/Tvl/p4uW1456egP7KQsPwM4KYaXZT5HXTtrb1wzdEIqsaZatl6nB3ASUVCmuCrUPUSeDJGGRM+Mw0S8ivmm4GiLP1zvevn+KKpm3z49Z9S3bMfHtx885XfQcNY4pRZatw2lNzYWc5fVytUCV9d7pomfRNoxBuARt40m1EmJis5tYLRY01jCFQFGapTfoPLAujqA8piSmnNnsA9sQ2U8TYYqUUEmqYEpFpcRut+HJbiIvj/it3/zaUd5v/tf55vqov3dkvUncjCOP12t8zXjf8GDZcv0knj1795v/g3tf+erfTSk9+6NEDn2q6C6Xn8+dbtO0tH0X0LrUIskYRilMldGY9g2P7j/g5tu/wbOLF5K5iL61GxwewoP+odTCvXunPHxwn64RiHZFY+ZdnF0t2DrDWBGvpbYMqTBhyXlPVRZT5MYbUxb0mpYcEp0j+5sbunYhXS4SHq/yzFOu6naPKQHbksmL1lLQjJWUpFqo2pKr5i47otYDGMSK4rnkWRk6C4e0fHyax3dOyd40lwxF2K0lZ6rRt8rdW/FKkX2Omi8seRanGS1EoxjDrTXDOis2rSotuNgZLEpLEZLvQWFKweSKppBDwFmHV0kuTbcMbQHRH9Z6B8/mK+Pi2/D6+qnCarREIt4d++nD/7u7O7ujrhWfd7m9mGlr6ZoOYzVx2KKNk1F7Sow7uNZIikyR913OkWG/Yxsz/dE5qWZqSaAFOlCmLblqxgRl2jEU2R2bUiBngrZ426Mx1DwJhAJNTKI+xnsWVpjUUyx4a2mdIdVKLImYApviGAusOss+FW72A11jOe4bqpoIWbPeT6AVJ33L6bJnOwVSykwo0IEM9FbALCEmQhKfsbOiLE+p4I2+9fm2Cu4tWnZTZEqJLz885usfX/K7TzbcP/uA/9lf+Vn+4bc+YL1/lQRUPlPce3gN1fz611cQkrcQnHpI1Xs5rq2fsaCt83hZHWyBn1H0vmeXMy9ly2cEaLzqGNaf/gXFp1XX6vvrelvvebDqeP2o4WazJ5ckcH9j0LNK2DvNjzw6mzkBFgvsp0hF470T8hiKnMQ3XufNm1HSpWo0i1bsgruU2Y+RXGQ0vGi8sLtdy6OThqoK7z2/ZDvsOOlbsIZGC0AnGy1naS4YpaULnwI3Q6BrG7yzsqJLGWsU949W5Ay7KbCLom1JJWIVWGu5CXuuAiTn2aWCihJeP4TINI6UmGSykwrX2z3XKEyw2JMr3jrrWIRkV3U8U62iXF9xs96L86NC23YMKJxSPLh3ynefffwTpeQfffRDX36WQvjjK7qnp+efy6Lbdh2r1fGktc6hyk5RjIyJgqVbnKCGjSAKY8ZZLw9CKbc3U+m+DClGjo+PeO3RA5yRrs/7jjwf2iFXrHH0bWWKiRHN0reQxQ7ivAiraqlM82i1Kn2b/mMUpBxJc4GbMz5kuV/znC4iB7OAFJTQirQk1ahaUFaM7mkurhJnKIGFGiuHlW8oWguUQdlb8dWBW5yLIsbCkAohK3wq85iozJYrPUM6ZAJQUxJ7kXN4a6kl31qd9JxDm3UkhxlJqbSM44uiFClcVYF2RmDtGWrJ5MahO4cdJzmOtKOEnUT/yYZ9jgUvtweV+cQhXWt9KXz7xE7mVdat+lTKC3fHznOnXkpBGYNrWlzTimXGOZSVn/NYK0ZZqmu4mUZ2uysWppCMYxOyMKJ9y6Aaoik0ywVqEvBK0Y6QwC9OuNco9utn7MIExknyiyo03uD9bGNLgWrk7ax1ZdE3aNPgfI8zQIrsg3S2KEPrFG+de2qWRKrTTlKBQpEL5tJbtIZUJMatFLlkGK1Zdi0hZ/rW44xhM0S01RQq+5gpWSx1Y0roqLBzERqmzHYMEnxvRCvw8GjBlBKvHyc+vNzxZJv4je98yL/yz77BX/tzX+X/+Pd+9Y5a6NW29+W4ubzsWuvLwAs924JQ3BlRf7LQvoycPwA2PlkIP6vgfS9P7cFPXJX69Li5qj9g1PxqOnD9w0wulexy3zxd4oxiyoJuNdoCUhSvdiM/9fopD1YS1ZhzFcxhltOgoCilklRl4bx4bou8R8vM4s5Os4uFOGV2udIVeQ6mmLFKM0yBJ5s99xYLhphofc9XXvO82EeOlcNaRSiVRldUNWhdsXNASsri/W1qQ2Mt2zCiURjjKUpTdMV6CQi5GCtWN6xM4nIbuJoUU1HEEsmlYLOh2IYUwZsBnGKfFftY2WwHjlcr/pkfep0feeccbwpxs6OkiUWaeLpLYodqV0QExkMW/zCuY7y4fkPV+OWTBw/+/rTf//EV3W9981ufUyGV5fLqOrmmyVOU4ljmfMdUK/dPTwhXH/PdD9+XlJ+Z5auUwah6u9MrpdB1Pa89eoizHm09vunwvmEYJsZpINdKromm6TBtJY6RMD/DTiu0cYx5lDEPoOfs3FokQUdbS42BOO7QiyVGmXkJW4RiZNwsKCmYEmUfNEf4lSoc5lrmbrNWKLJnVQWxVswCBoELiJhIK4NRkKMEGyilaJ0mVUUoms5qUT7njJ+pLfM8mDrnBpdSRf3YSodQshyMVsI4JTfTe1JK5JhmvzDghGGsDj4LRKSBsTgnEPbkHSTJk0VLrFwtclvOSos9aU5DlPivT3t11d1ud34txb+oybOfUr/i6Z37EnXo4GVcbVxD03iarsc3YuUxM4Q/5kJMctNeacjV8Pxmz7JsOb9/wr42VBNmqlLF+4ZaBBigradbtTjvUEqRUcRxQ95vQWkaq6RziZnl6ojT1THjNFBKIhlB5N076rAGQszEFGegRSFSGFLm8XrP6cJjjKFzll7QaMQiwq22b9mMkZurNbkWrGnk5z9Ph0DIaMd9Ix2tEg6vNwajNc5J1rTRSvB9pdA7w+V+ZDtFTpcd4zRKmo6unC861kPkS/dX/Np7L7jaZb72rXf5t/7KT/G3f/X3eHyzud3Z1vqJonewfn0irk/Nhjv1Ulr3qUL2snDW770r/QO6y1pf+oR5ZQryWX+m+gNFVX9QJ/tZgJdX1oGN47Rv8Epxsd2zHoSdr0xBZYnIfPuo48ceHrMeg4ybZy+2tQaDMJarUjitJezCKMZcsUUCMlIoeGuIVfPBzYj3IrysSnOxG6i58sa9Y45bj1aFIRZss6AYONIRb2CKZYb+aIn0UzK9S6pStWa1WNA5N+MZFdZo9hGmWmmdqOoNgVgMsWj8/NqvHMQxk7WXSNZUmRKyz60wJNgUhbctXz095k//1Jf5sR/7Embc4/cXdHXLJiamoOiUJrYnjN0R0/6CsNvQGiX1oG1wamOvP3r8+s2bz0lT+P72+G9+H0X3V37lH34ui26VcUHy7SLpJNgxNUdYGWM4P73H5tsfcr1Zi3FMMxv05zETRToJpXn06Jy2X6B0g3YNxkoKyxhFURrjKLYWBW3bEF1hDBFrrcTmUSlZblXKiBq2zkxohcIrQwiR3c0ldnkkPOgqymDSfCufbTOqRIptxQJVZw6ttqgq8YIiANEzxaeitKFohSqGUrN03EaT50ZCaJgSctBYjcGSTGGbYZ+zrJLVrIRGOj49j9vr/N9TiLiukaBpLbvZIvFNAphXB6BBhiKRgWoOUqhUapbOqsSIdi0Yi1ksUfUaHUac84Ra5fcdFgC30IqZNjQLXw6+XKVkPK61vh0rv6JCvPPfr+x45y5A7HQtfdfRdD3OO5w2c8eQRIU+F9KUM8N+TQnnGG9JaWDKAdct6LDsMkzTwJQCRjsMmnEKtM6yMOLtTFoT9zuiVtx7+DoqD2xCJFTFsjNUZRhKoe06vFmgKPiuJynEeqVF8Ry0o2DQWrGbMjEPLLxmoQXuH6Kl0dDYglGGKYswZj9E2eU2hlXX4KysNtb7CaM1be/54GIrO19kbJ6coe885EpMidY5hhhR3rILwt89ahzf3WwZUxJVqtEc957XThbcP9ry3auB88eX/Mib1/yNf/HP8j//v/ydu/ekzyyM6vAsq5dPq2a+gHLnPXI3V7beze/9Hi3k/OcXPv35y62a+oCcVN9Xkf2enbL6w3384X268C2rtuULZz0qGc6coWkdD06OOGk956selRPWCFCD2Q4Us8T0ydRHJh7eG7yxDEnWB8ZUstJc7wO91SzbjmXX0HYNzjqohUXjyKmyaDy5yPug95aI4umk8NqzrBNJQM7EYsl14NjJ+6lUOQ86bzEKttOIMhZrNMSEQeONrESohSMPl+sduW9Q1sqlF82wmbAlS/BJrYzTSJoSjel4+9Tz+sLzYz/8Fm99+YvoYUO6vETtb3hgE043fDsWdtGwJePrFhdGYkqSd240zrX4dsHNi6uz7fraUWv8QZOHPlV0T07P+Lz+ZZ2Lz54/DrWKn04oUZVu1dF5xzefPmHKFWP1jI0rszpWHqqYIvfvnXJ8fEJWXrpDrdFaMwx7qKLyTTHKyLVIaTJWU7QBLXJ3lR1DMDKKVYqakjxYMx/CWU2tkc31C/rVCcY3aHMQVkhh1hwyWKWIFGQnLLurw7529vzNCumiDUUZUQqXw+GhbsEAmjr/eQalI2rOvaxV/KwpZ8IY51GxngvNfGxpRVZz8c1zFqY1GKMpSZSUJSZRkFrZCWOc7I5jQjlBPZYiWEWo1JyJKWG1RflGRoY5ColKiYhL9qoyHdCT2KYOOarMcAv1vby3B4/uJ/jLLzGPwrY2Trraruuwdo5Ur2KrmsZA4zxGS65nyXIMx5xIYaTrV6xR7LJmXz0nnWfcbdnlIqlUKWFci0qBEneMteKXK3R3jDaeYDWx63Bpyz7sKArOlz3WCqXLdy1GC50rFggZLPLzxyg6Z1BFkRHfrJezDL8wjKEyhYTvnIDsa+H5dsBZzf2TJU+ud2zGwPHJEmdlPaBNYgyJqmQkaLTGWenMS66ElNFVsd4F3Kmjb9ztxGCMkVph1XqeX4ystOz0Om846T1feXDML1/t+eB64Nd+7zv8C3/6Z/h3v/IO/+Ab7/2BO83b1/MO3KLcFtjbOINbhjF3VOf1jnvwk0W33vlneSUK8DYC445f+/s/gP9p4+Pv9zB3VtN6z489OuW/8eNvstlcQ4XXzyWoYcqJXApP1gPbKZJyhqRmhXom4rEWPIqmEe0HWlOjdIpZG6hiPZtiIpeBN++v2EyFy13g/srReEe3cBQUuyS++cYaYpLDZ8iVtXIYo1haRHlvLMY60R4UuTxPU6DxElF4sGZ3tkrAh7ZgDNtxxGmhJm6miaOlZzQt07TF1QTWMsTEGAuqwknreWPZ8XpvOT1ZkbslHzx+Tr++ZLMPjLnwLSdiwl11vLArrgfFm/unNF5h+gVOwxaD0Q1t15GG7fmLj95fANefUMT94EXXefe5Lbreu6C1mZiJOqXK2NA3PWFzxcXTD+cIM8HNHW7SGkUqlbZxnJ/fI9Gg0TSNwRrh7uZcMFoL1EErUgximXEFg0M5RwmJfnkMGvQY0DlIJ2Y0KgkL9CCAclqhYiaFEWKcO8w6w8grZiZDVaVv1b7q8O8lorQIweahKUrV292NVmK9qQdvYGUu6pqaxV5iKtKR60pOVaLcUiFMUfq/KgdbKvK1VC28aFSi1EqMGWu5HW/nMnehxtxar9CQVBb1bjUirtAW4+bQ+WIIMaKcY7Ia5aSg6FqESatuuZaYKp18vaMu5hMjwk9agj610z1YPosUYuMdTdvTdh3OS/qUvB8kfi9MkXEKKKXwToQrWWtUzCgne6ZSRVQ06ob1VDh2AW81uSpyzOQqsXCtClLUugUVjc4R3/fsdzs+fvwRjVZM8/OZtMG3C5zRpDRStRTXab8l7ROL1uPMPLKfpxcJCWrXZKYYuRkNORdaNXtbnWa7DVitZWduNefHZga4aOlkaiWWQucdY8zkUvHO0jeei82e3mr2QxREoLbyejpLCIl7i5YxRG6mwNGy43hMTCHgtKFicEZz76jjzfMF37nccN5f88XHH/Nv/9U/xb/2wRM2w/hPtc6ozxjJvhIgoOYI3NtRsHo1Xvcz/9J3fk294sf945/GVb7fda5SimXb8cV7x/yVrzykV4UXOfP6yRHHi55NCKyHJCs0pQSzeEgmQ94bpUgUX6RS0OyTImrojMXoSJpBFie9Y0iVJ9cb7p8fkcfIxXbkpPc4Z/EOLvYTSTl6L/F/YxYtjDEQ0DTGY2xCJyHiPQ8aUzTNfK1xxjJFuSinNJOejeyW97GgleHiesBZz2LZsh4GLq+u2U4RnTXOtlzsI3XaclwCi86hjcI7zSYVrkbN9GxgNW2YponNVHi06ljbjv060LSedVXkaWTvG3yzYsnEi/2ewXlOrGTN52n/4Nm33z3KOV2rH/At8Gmfbtt8jouun4wx24P6tNRIVdBYz/XlM27W13Mqz0y5OTBeq3RdJ/ce4BbHKOVonex9h3GQm3DOonqc98SlVKxR5JiIWtG4RrJ1jYxwurYV0Uya5sIgu9SUKoOKLBqHszDsdyxLBSK5ykhIm0gpImwRDq2Mqet889LzrlTNN9Vy5+6uyDMysojQ6aD0neO7cnlZzCRXU5irU1GkVJimQJ0hGXrOFr7ViGqFcYZcRQhmjAjRUp6FR4C2As+oRmy9Gi0wjizFt2k1RllKzZQqAQEpR3Yp0dmKCeF2jFyVQfhJ4pmuJd+yqO8W2PKJnNW7o+VXCnSZOdzV0PUt3XKBbxq897eWoFwE4+mMpXrxQKYkmcVGa4wyKJXQWdTB+1jRxqGMYTcFRlPQxrP0iRwVY1GUaaK0DVNzjG8X9BZiSlQUR76yu9kxpUjbOXxzjFYiUtum2edoC9txC3HEGYtNQlzrtKNUTakRW6GqhO8sq0VPiIntMNCdrGiMpZRCJnOybLmeYBcSJ5105lDoveGbT69RWqxDCWi8Y7fb08076Kv9yLJvWLYNjRXMaqmKKSdWXcP9oyXGezZT5Kh1XMVMpeCt4ipmWmv40r0VT24GvvV8x/l3PuAv/cxP8a/94k/wf/ilX/++Pavfy9f7Spf5GUXzs3an369vtqo/YrH9Q/o+rTGc9x0/cX/JF448l5sbqIq2admGyMVu5GaUkJNaC95rpljmdQvsk0LuW3LZ3o6ZzTSxnSxvHEsS0S5m2rbjdNWgt3uosB8zq74l1YkxZ1pn2UeB/dQqIQ4hVcl4roVSNEYXLJmbbcCrinYWrQK1KMkPV5p9USytnFv7kEWwaR1VN0wJxjCxL4peGZS2rLrFXHAVsSrG3YajsOfYZKKqXBZhQpMtx60lV8MwFcIuiYDQOWJMVPbsa89NajBhT2chtMfcVMeLccLQ0WpxoRjfsL+6fPDaj//McnFyKmf+H0fR9f7zW3Qb7wfj7Lbe8e9VJSOazdOPGKYJZebDeeYjl9kWYr3j5Ow+xnrSNM4gAkUIEescRsvYcZgmYowiy7ey78tZk3WkGsOkLDFr0BZjNDmpW0rGIbgglkypjs471rsbconYIlzi6jspvCjyPPY9eFFvz5LZ9K9nAVid7RQHdJuZC6BgIsUG8Aowr4pVZ5sUKcAUmKPzIIYiReYgJDFSoI215BgotcroU1tqlsSmcoheu6PTVNqQZ9CEUS9zUEut8jObP0cuGVLBqTlpqGSY9vI1VwkbUEpR84z2/AS44HsRqdStpehw6AlP2xhLe7SiX/Qi9JqBG1oJBN9o6dSLrnjnwFpoFVOcSKXSWMFullLIJTPmCtqjGcg1E3SHNgbTRAgNtkCug6werMYp+d5RDlsTJ61DtY6b7YSh0JSAqUUcy3nANB1Hiw72maQAMjGM9FYEWZ1zjEOiqkxQFtySISuGIc5rAYPW3Gaphlzm9BuN0xVvNfux8sHlDrQnYXjyYsu9o4aTRcvles12nOgbz7ObK+6dLFh1rQgRU5aLUJXJSGtkt7yZMiFnus4SQ6TR4utNIXDat7xztuR3Pr7k28+2PPrOe/xLP/UO/9nvf8jXP376hy5m37OYqu8h/PjD/Pl/jIW21voHyLo+/ddx2/Jg1fHlB0fkFLjaDyzaFoUkW8Uia5sxSbLRUd/QWRmTy69rnHYMMaG9ZaqJjMJrS0iaHOWsiMXweK/wGE7blhSDsJSbniFKrvCQlIilcmHMlm3IbKYoIkXfonQlh4lhDOSmI02F3sj6aUzyedYBSmPQtWC1kMAui6fiUWVivQsU0xBrZb3bYqxjSpWrIbNf37AgkrTiEk1E4RtL71vO+5Y3j1uKa/noasfFuOO8NXiVGDY7an/CuDqWUXpj2VnPIsF6vePMVb543GAP1kXfEC6vX1udnB6fv/E2OcY/nqL74Ycffm6LrjF2ijHtrDGUHCVuyhh0zWyvnsnoVRsZxx7OdKUoKXHy4AGL5ZEIYMaBpnFiDwqBnDPey16vKvDWCnjeWYISiW/OGZyhxJFYAW3xxhBmpbTYdeaoz5l0tWot0bcSDG40dX9BMYbqGg5hZ1WJN1P2IDLiLmUeo80FOJeMmcflVZnbAirZma/yo1FCnUoVcjFMGFIV32ctEA97S6Nvfbmygi2gDNob2taTayZFKbho8f9RFcppQR+WWWVcEtYIxrEq2SXVmSyklCKEIJ7P/ohsHCqN2GhIppk7enU7vn65p321e6kHO0hl5knfHQ8qSsmimPQNi9WSrpNoQWdkj2lm9KS28iJJ5+AYh+mWwV2K7LOqVszvIHKp5BxR2uHNQCmKUTUcMVGnSRTTWoIdvC70eYsNllgqrmlRqaKdZtFq1vtK7zStioz7DSp7AYRYTQqVtu3ovELlJJnFjacqzSZGMpaaNQWHzYY8JVrlWfnKPkNfFU1V7BLcDCPnq4VMUeYx6i5Eydm2mg+uRnJVjCGzaBpeOztlnCb6xtF7R2stY8xQKtbAwmpc38prqhW6JDqr0KYhlUA2BlULi9YLUrUUHp12PNl0fOdy4Pzxc/7Zk2P+R3/uq/wv/x8XhJR+oAL3fXW16k/u7PmscI0fdETtjOF8ueSLD0744fs96+0NpSqO+p6QC2OWtCC0ZUwDU6oYo2kbR50Tiqy1xBSx82TOWoeNhVxhkxReOZYeMpmbQdFbw7JvCRWer/e0rqFtDLpWOqvZpSTcZSV+XOccC6fYx8w+KE5dy3JpWE+FISSSdyyMImCIKRFS5jme3nkWzpHKnpwisTp6rfHeMg6ZRhWGsOfZNjBMhZoLQ61cM+tH0Bx5x9v376F9z7EHtVzy9HrPuNtgciYFEVyBIdqepBQRTaAhh8pVnMhY3m41nc6MNBJcoQxKm4c3Tz9+20zTr5Tv5734C7/4Ty+6kqf2ua26SWszFYpQV4YdXbdA18zm6rns1+YoaCEaCrnKOsvZ2X1ijEzjgDVSKMNse6m1ME0Txpg5NzejqyUleVNUrW79sCjZrSijiXMxKLM/t5Q8i6Qc+5TxObNwUKYB1bXUaYNpV0RjbiX/MiNSUJJUbGtFJDYjE42zcuBldTByClhj9jFqJR3rLZayIhSBwzLwdkSnxcISMilXPHN4uZ7TX2akm3MGZRRpH4lBboLViBXJKC3dKoegekMs807XGFEv50rW8uvinRRRRHEG3zvq5UT2PaoUzO02Tkb5FVDpJcBEz8HgL1XKs3ANsVDpwyVHG7rlirZb0jQyem+8o2ndzNsWQ39M4ltVc5qfNYacM0qBd15+fSaB1SpipkylbXti3OMN+DJg0ojSiilrWpVwWtYTm/2INUp29WSWumJ0z3HbkDrH+b0HKO24vrmhhsDkF2AXZGtZDzt6lVk4CVkvzYpqPMNuLbg9Y5iSZrrZY2rmnbMV1WpuqqVJhrEWnGvR+xFKQXvP5X6kpsTJoqHxLU+u91gN3XLBlDJNrpwsewYvo7oHx8coVdntJTJwqS3VGKhqPug0U844o2mc5cl14HqIjCHQGkPrBDt6tmh4+7Tnt/aB33+25XzxPn/px3+a/+ZPfYX/4B//7n8ljx71iujqB4lDuNPl9h33jzq++vYZJ77yrecjvlnQOsM+ZcYCMWYSkIGUE0M29KqZwR1WPPxpwrVyObMzsGTIIl4yzmCsiM8WWp575QQ3udkW9iHTekOnFa0ufLRJWNNRCnhdeW3hgMp6TBIP6i2XE9iaOG8qVRe8LkzFUbXD2kyIiVGLpalFzUKqyoshstlLjOd6nFhvR8Ypg9akOQFpYWDRNNzvO0rXk2zDmTecLxzb3Zrrjz7A1sKi6whRwlisqqgwYtxEMQUTI9us8M6z8paoComERfzFWTuqMnq4Wn8prU5NRf1A8+VPVdjV6uhzW3OddWl9czOWnNAhkIetUJHSyG4YQBnMzPg9PCklF1anJ/imYZx2GK1wzhKjxO4ZIx1BjHHuduQWnXLCaxl35lwIMdE1Bt86dGqopeD7Dh8HhiDeUzXTjUQ1aEi50JHZXXzM0HgaiowDZxZwLnmG42fQBmOkgDLvdCWKUNKCmEVWtRahQM1iklqq+FsPv67AWkUtmqwUDZJqlBBl4xgz0zThW0vJotD2WuxBVYv3dRoiKUbIBeWMwDGsFb+uhloFXVEOn08Z1JxVXHMhxSyCnlnd3TQNqWRM49AqMx3dIw47sVkpAd0rpTC53MbxzYnBYmyfyVRG61uClKhtE77pOb73CN82NK4RX3DN1BKxRkkSUBUebMkiQpOfG5jZf2yNueUz6xnpGUuhtQ5yQpmGpD1FKcKwZZpG9kmTlCMUJUW3JHbjgLOG1jn200SjC6ZThGnkuBfLQqga3wwsWsOkmjlwXiAZOVauYsXaBhsNRiVqGMjag7LEGGm04bxriFUz1RavKtsh0hrDyhms1jTOsJ0SMURWTcN+inx0PWCs57hR7LKkHYWcGLYDi65jvd7z2tkRzlZSqrTzxTTP4JektPzsSiVWRZxEozClypgrMQUab+UC5Cwny5bXTno+vtjwtQ+uePv+Y/7Nv/jT/MZ3H/PexdWnvLt/Ut3vZxbQ2RXwg4up6me6k/6gOnyY2Fijub9c8ObZkq8+WvL44in7BGfHjljFIztV2MXMlBIL5zC13PrOxySe21Tn4l8KsRaxJVqNsYZhs6ZtDMY1kBPkzItoqErxeqepvea9nWWMDu3AmUzImrEW2qToHTRUtqkwVoNWmV2IfLhR3Os8Z15G3DqBNQjrXRuKqmzGCYVDG0+qipwS+92G/TCJNmTa0ajKo96jrKKxjtOuIZkWbzU/+mDFaDu+9t0n7MctO33KRx9+zHRzSX92hmkbCgo7n8/FO6yamJQiUFlajfWOVit2ubKvls5oChmoeGOYUvzhj54+XZWcr/9Yim7ftZ/rouucDXkKHNmMXxpyHknjnhgFVag1Yt7WRnaVxtAvjiUhp5R5pCxxZ86528gzO4Mo0mxx0XOgdM6ZlJIk3ihFiAVnHZ2Gvm8wKTJOF9Qsb/xaZQ+mlZEHJCR245boHQ8f3COZORVnvhAw7yG1FhU1RdSy2ujZ0jtj6bTAKmSEpmcb0Uv2bJ0FSEYJHcqgaTRkVZmoYkPSmhQSaUpztwy6qtt4PKp0rSUlGd84S6xCo6padqY6l1t8YxZaOcUoakmY+jIhqFbZOxttaWwjUYSuxXvDhJW98gFLeTCFHDJzb7m1h9fzJQqyzrGIOSW6xRFnD95AW4OzBmctvm0wuhAnwWN676lVyc3YGqxp5j218GNzKaRhFMZwErUo2lBTZphE2LTslnTOQhiYGsvYHKN1Qk97thWc8biSyGliO2peu9dx6hJhv+YiBW52O9q2ZWGu0drgnQW34MQaxprIc3h9tj3b3Y5kKyuVWWqZBuzzTOHKBeuXROcZq0YVzXkteK1pnGai0DqHVprNfsPDRUPb9Xx0teFmO9AvDBFDbxKNLQxJk/GUAsvFYj7ENdYJBIYCw5RYNAalIRfZkReE9OO9p2kK2hk22y1MCTWD7hdOc2/V8GI78f468A++/i7/vX/uPv/Tv/wL/K/+/b9LKuU26P6PcwT8/X8sL5nb82z6kFD0spa+TKpStx+rXkGF39V11TmOT/FS2PjJr+1steBs0fKzb55zZuE76z2d62md5dluJFeDdRajwWuD1YrG9UKmGiNWKVat43LIaCN5zZeTolZDqoVMxWvxWfumpdGWmjLbXNnuMjbveeP8iJsM+zCynizratgVaEl446jAkBKxOJKGJQGvCqet4SYW3lMNtRga7Wkq1LBnEyvGNpiauRkj/UIoVs8ubri+uOTIVM6sQjUa7yzaO7bKsaElKo+u8KfvLXlwfsYH64kzNfHx48cM62uK0thmwfV2hCj73JUHtzjhwp+xzYZQDN5XWsCoilWZdTE8T5Y3reQlZ6VQrmFzff2Vd9750so6d/2D3Po+bRlq+89v0XU+adeGzip6AmHYcPrmD5NSYAiThAqUgtFy+OeURb3aNLMgRGwS1II3jpwPMPXyimjjEPKtlMz8tdZSlFNinG0fjaq0TcfRySmX2z0hhlce+lIKUy4MMWCU7BbrrD+WEGgEclGRwa+QMOTQz1HgbsrcUfMaFImaM0XbufBJAb6NLFMKgyYrQzaKxhlitpQwzWg5UeqGvcTIGWMJ04gJEessM2xZVMCaOdXDUXIUuhF6DpAHbyy6zGKpGKUbdl72zfMhJKNoRQ6JtluiV0fo9oIcpjnlR80B2zLiV7Ph8pDFOve4IhSad71aGUqK9Msj7r321rzTTTjnaZyhpomMTBCMERpWTBKrp5QikUg5EVMipUJMUYRPyEVlmjH7qkoS0G4chP7Ud0xj4UVu0E3HsjUcFYWN8t4bQ0BjcM6RTA8NTOsXPF9f0ThLbwTlmZTBVtkhxxiZYmVMcNR7jhYLuplGZXViTcdy+To+joQokPihaDa7RIwjToE7alge95ScaVTlaoish8Rq4aDpuMmaRS+ABbmAdezJLOpAqhrftmzGgePOo41iM040FhaNpQBWO6oShm+olVw01lQ65zCpsrWKEBSLviOPkU4Zpphx1tJ7y+tHPd96Hvn2zcjf+83f5S/81M/wz//EV/iPf+v3qNT/n5wjt5nMvMS0MnO/JZ3os8bLs9jxbvDGnd8n/oV5YVLrqwjK+QO8NdxfrnjjdMlPvn7CxeUltVqKgqt94CZmulYEjFOuNEaTShH2tTWMY+G0M1yPhaoMjTXkGcSSi0R5trZwvGwpVEKqJGSy15mCyQGjYKoGa2SldTHCJCHe+DmcPuUiIfKlcuYKndasR4Unc6QrQ1YUDFOEYwrHTnaq+xgZpoT1Lc/Wa8o0kW42nOvEqvFU4xiVITUd2TRcRniwavjxE8eRUbTO8LVvvsu7T66xjUH5jpIz/XFHsJZnlzvKmLl3fMqoAzEEJgKTajFEKoYr1XJfRQyVpZbJ1iYpVkYTlSFYx+bq5gt//otfPutWyw9up6J/lKK7WHSf36Lrm9R7E5yplGlC6YpbnXDz8ceUlGZBkxQoUZBCv1yK+i5nsZ5oGUHHlMlJSC7Guvnhy2AMwqPPKBUBPSuYA42zWO+lIyWTfIsBnH9GKFVCyjFgG2zTkaaJYRg4O1oRqiJXjc3CMq5xQrlupj1FdC1o7SQYIAxU61F2RrwdHnBj0FXfPsTlsOfU8w19ntkVJVvXojXaiDWozB2lRhGSjFy10pSYyUqjrZl30tJ9pwqN0ZiZcKOqjLFTEYtPNnbudg/wDSORgTnPYAsgZ7TR8trkTO5aQuuhFqz3IszR8n2UwkyOEsKY5k6i0cGTqSDnRNstuPfodawWethyscBaBVVSl7SR8XtKiXEUoZwxRtTHgyQ41QopBPHHz5GGxhq5DNUqr0sxxCgdrOsWXGTLiKUvlT4lTNvRauHlJjR95zmyms5E9kNiOxV2WWPalup7NhH2ccI72fmbmRrW6ok0RIJqaJynM5ERRcGxocF5j7cT1zcbypTou5al8uRpizEdoSpWs/f7Yjuw6HqObcvzbWFfEycqMOVMrAZtA2CJpiFkwftZDLFUjBLBi6KymSK9t3KJw6JmhKmaRxO1FqwqtNbw7GZP1zq0LfMFyNB4j2HgqDecLRpuxsDXP77k9ePv8G/+lZ/j609e8N7zF7ed5A9Sfl/J97lNinppFXx19yoCOQOzY+BlFu888xHi2yGA4W5cINxqEz4ZVyifUt3++bLiUQcHG/kQPwicHy25t2j46dfvsSDyu1frGfKW2U6JxnsZIcdMzjJZYs7+DgWUtmAcMVaclUzu9W4iF0PXeFmPoG/Z5DEmYjUsO0vjFK0yaCIXm0DSjmssm2A50oFUYVKSvR1rJVAZQubEc8sYaIyi1RWdA0MqNE1HUwsozRgK+2kiK8NuN6I2F7RloneOEc+z4ijKk61H14Z3Os/PvbUUKMYUmBJc7SMvdoPoCnYD5IQ1UFJhs95wvRt48PBN3PKUkHa4GjjVic5mNtUTqkLpwoCBUjj3lXe6yoSlKsuIwehCiPH1m8367Wa1/M0f5H33qaL76Oz0c1t0u65X31FZfefrv8tbZ0ecn/Y45Rj3gwhujEFrI17V2T7VdQtyyuI5rTCNk3QjWVS8xlhaa2RfNROi8uzfSkkOkVwyzOPSgzVo6haErJgiJCyFiNEGjZEwbiwQCEkoy16J39YpYRyraStdr12iappHxEW63BSoriHNcATUvNNRGq0sZU4jUjXfPtxWq5nmPHfaKHQV0lWZhWXMiMFhFJGUdgbrzG3iUYmJkpM8tDNoPmTJT1Uznk2hMFqsVLVITIGa+bk5R6w2Aso4qKKRIOwSEnhDaToY5Gt9yVius3dXuoxysEDdsnilY80h4NuG+49ep+0X5BTprJeCOwvLnLe3k4aUMyllMJrrm5sZaymBF4cw+9sxop5zfZUwqg9YTFDsQ2CxOGEqgRoHooGNs7RGQuTX+4ky7vGq5axvUfGG9b6wywbTdQTjuRkLTZMpOXMTC3vnOe80rcm4eb0RUiaEgrZir3I14VMk5sJeCbyjdQrfOnrTkq0mFM0+VJTT7HdrVo2hWx3zeBPorKZvNLvtxDBFQskYm2lXZ9zUhklXVg58TWzDDlShc4qla3ix2aELuE5hqqwZKrLfVfVgZdO0xlBKZQxJiEQBPJXWWhrvGHPm4XHH9RC5GjK/8q33+e8/esi/9Vd/kb/xN/8jUil3SuenIxvVDLdRqBkuI8VNzRdMpcSzLw/KbAerddYdiBCuzuI7XcHMf87tUkPBIURQrqR1fsZfqei37xV9y/S+m5Akb3ehY6lXEoaE1aKky+06vnj/hJ9844TN7pKQK733WG+p2jLlgp1XWGYOoc9zXvAmVqwTPnFjZCd/MxUaY+l0QZPRVvzo+6LpdcFZgWfsYsFoWHSe9V4cG35hWbhCKoZcNUNRmJwZ68zpLgWvDGMW50bM89qrFkFOarAlEIpmozzXaWAaA9NuS0/hxIFvPC+K41p3wri3hjfun/Dm8Ypu2qCHG55cj1zvR/YxStCHNiSlGYeRpdcsFy0pR/q84+1O07aOojRVG1QxNHHPkU4M9j6bYliRMcqyLYZFgc4aYVEXi4qarBylKH39/PkXjda21voHSph/+Kvfz3jZ5s9t0W18bW52N73fbnj06BG1W9F2DTkNc7rMS/pMLdD1C6yz5BQpWYpoLoUyjVgl4cvKOEJKpDnMXiuNdQYR9irCFEgpHZY28w9ZE7RFp0SJEes8jMPc6UURX5Ug/OB2Rcaw9Gauegmd4xyHN+9Ha5V4viJxd7XpKGghXOUooA7vJQLuUOR0xVQthYsDQGPO5pl3u1qJktbO1iZrRFxVYyLFKHujpkEreRBrkmlA1gptrIyZplFSebQIu6wTq1UtlcZ5apHCnGtB54puRFSV9qOMy6vsl3Jco5NBe0fdZxFRGVBRk0qlyJwdXaV7PliwDpipFCOuaXjwxhfougXGeBo308eKFFzrzXwhkD18ivI8HaYcU5g4Xq1IKGIUFW4pwo/VRn7eB1+yQlTRJRf20yjmeqXQJMJegP/t2SlN32GtZxsLjy8ucbVnuVhxXRsmo/G2xVmDVSLcU77HV1E7j1mzQpFCYswZZSXge9V00oVEWJC47yp971B9S1aO9ZTAw7JbUGuiKMM6VdZD5c1VL2PC1uMM7GLlqO/wVnOx2bPZDex1pDpDwtDkQowT424gOhicpT2zLFs/o0JlupCqwO5rUfh5t17GCWsVZ6ue59s9x74hKCOOAQ2LVkRcqwYeHrV8cLGhMZVf/trv8i/8mV/gX/2zf4q/+V/8qmgqFLfiOTOjUc0hz+POdlXNhVe93J7OFW624FHmNC8RGpWKiI4OUY6zkl9xCH9QB9f/ATYpa4zbna/82bfFdl7r1PpJ8VadsZRqzn5Ws0hSPuOD4xX3Fx1feXDMcVP57uWA1VpSppRlKhBLFd0GcvmLuWAMYhlCk2tmlwxHDlIubIPDLxRm9hNsxgK+4qohAgubycA+i2ffuxbnK5sh05NxyrKwlZtkGZDEoJMpct4oWaOR2Wd4sZlQCpZ9z812I4LBbkW2lWXjudzsubq6Ypn3PLAyObyumrE2qMUJR95x3hnevnfCa8c90zjxYpd5vs+M44DR0Hcd19sN2zFSqsY7hfWW1lpJxfItnV+QlGZbwNbKuZ7YNqc8VUuGqglFsdWGvkpHvrIwFLiMwqYPuTJVS9KWYb1+a+ec+6cV3e+r07149vHntujuF323v744OTs65XhxTD57gHGWYbebu607D4lV+La9Vf2VXIg5QS48un/E6WqJc45l34B2vPvRcy6ub1j0shNXs7K1zt3docMVkZAm5YnWthQre7xbPrDWojoet2jby06xZKyxxGlE9VkebWVnt05GI95WXTK4lmwstSrisJNM1phQZ+f4/ogSk+w9DyBaJWMmpWRsLSJl4USHCKYWeq9QxVJTkXFOrqLedXaO7hOAyFxpZMybE2XeA2utCDndHktaC03LWEstBV0ztooh3lknu+O+I8SRlCU6jpRxUVO9JylQMR3uB7P1Z6ZU3WEnm4PKO0assbz+9hfp2paqFZqIMbILdtbc7mUPRTbGTM5SrKcg042maSilzulQ0gWV+bAs6aU5OucyrxsqMUU2ux0nKdEZTVTy91QKu6pY+o6276l7zzCMrMeIXXmWy446REpMGO8JyrAdC5hC3zVY37AuFZsVSieGrFiqiiLydO+JDk58gFoI2rMis54iF9sdOUZ2jaV5/U1ySTy7vmLKhkZZ2qbD28I6KnYhMiVwnWHlHEobut4RSibFSLYSej+NEVsVuyBAkMv1wNmqwXtDndchRluKcuRSGFOQy47VqFI47z0hJZyuaG/J0eFTpLOaxjtSqdxbeC63nufbwLtPr/jNb3+bf+Mv/Sxf/+AjfuP9jzkyVlYhB2HfzCK/Hd/Wl5YxdRA+HZ75IgVXpiOH7Gn5vXl+f6X60mqm5s52XmK80p1qXoJq9NzNqqpf8QCXUm8FgxymX8hFpN7BUtY5ynPRtjxYdHzp9Xv8zFtnXF8942Iz0Hfim42pkCpoY6ilSna1EvFjLhBTZtlZPt5G1kXhVgKILRRiErHiJiSs6whZwCU3UfN6qwgpoLVnypZnwfLVpWGqmrE6NskRU8bVhKqaXa4MKROtsAAmFPss2gijC5uQiUXTOs910sTtlpXKsN/wmlK0ned4taS6jsvtxJurBT/5+jnrMWDiRG/hgw8+ZDvsGYti3I7cW3Y0GtFEzNx3bypeVeJ+x0U1LI/PODmGUTXc2JbOFFptWShN1HI5WCpNayGkQqmK3mketHLZ+O4+0ziFM4qsDdU41uv1m8M4uFrr8Ecuus8vXnxui267a+00DK1tWhmbVkVNhRgCIIk4pcoD2rZCDoKKdZphiOSc+cL9Y3zT8OTikhQzfd/wpbfe4E/9yNv8+u+/z26Y8N7ddre3AiUtxUZpM2MiZVScSqI6jzWWlMXfWbKA4YUhUZlUR114yDtKOZsLdEEr2X/WXOfRcUHliVgKSxVo95c8vd7KwblYwuIQx1dvb+7yzM9wjTkjt9R5G6QVjTX0GMiJi6mwj4UxDDwImb7x5BCpcxGSLF75PQWISURgcngUtBFLitEvOcbWWYoq5JRx2mOtk3Q/ranz4W7mIIVxGHApz5jIQ1gBaK2wVZJIKuXW90wVlXJKifuvv8VytaCkiLMSHVayKJK11tR5DzyNI2MIhJjlEC8a69xtPxSCoCatMaRSqFUOVQmGyKSSiancwldCjOynxOm9HUf9inG2YNQ8sN3c0ObAqc341ZLjhaOUymZI9AtoO89NhklZUqmkEnFGMkwzak5gqihnJIDDVrwr7JNhGxMdERUGnpYj9mqBD4GqNEfn5+gcuXjxHJVHGu8pxqLjgKC1G2qCTkXafsF3L7Y8aDX4FViPLRDSnGOsJLw8KY3OEzEndmNh0UnSkSAz52lB1bKmmP3ZKEsmYWzh/qoj1cqQ5H3Sec/g5SJUZh3F/WXDt8bAizHxa994jy++9hp/41/6y/zb/6f/gMv9jmPfvuohUvpu3sFt4tDtAOTgQdf6sM6Vvea8kxXy2yxfrIWUX65fXmJG57AQJauNW67bncQjdfjvWZF8QKfW+hJLWtVhn6tvh9Upy97+0WrBGycLfuGLDzlzlX98vWFKBZ9g0pWCXGrUISO4iKDSAGOq8zSncLkbwSlSdRQ0ywa8gV3RTFlz0km+7tP1lsY1lM7grcTr9SbxdLSsO8dpX/jdjeVyqrxpJ7yWtLJooW1adimiaiYqz5AqucrKRRuN6Tp268huc8E99iw03GjLc9WCXrB3K7501POnzhRn58c8aCr5oxu++/Qp4dkzrnfDHEQigjuTPL2ZnwelsKpQUkA5i12cglY4Aue954qeoRqudc9I5nVbMMawyhnQTAglcEJxmQ3eVu45zXtjZURTlUwbtfVcrncPX//CW+4H4S///1XggXU2r5Z92LciZtpd3chDnWbNqRKva62apu3l9jl3uMM08trpMaUUPnzyjBgiwzAwxczjZ1f8+Z/7MX76R9/m//O1b8loSCtSlAfMGMHgiQVJ3RKonKmQdiQt3W5McSY4zjf0OSg9xEQMYlgHMDXMY7KKyRNTzVQ8fdoRdzdsdc+jBXQm8LQW0rSnpESZ83vLoYQofUt1qgcbhGT7Ccs5CZh/NyWu9omYIddKGAPTlOah2sxNnsEbKFE1l5IOshAZ33IIkld471AYrALmnXDMAYvGVbmDq1ywylJbI7281yg10jy/xOdTtsqR0BgNIedbxKTgF6UbqVUUvsdn9zk+PRPoReMlmrDIyE8rxTQMhCQJSDFn6b6VjPfU7DXVVIH4K7BWhCZGKTKFKSX2454cE0YbfONYdo6uXWFVoTFw5GQ3Z62n6ImgCmEYuBk3nLWWzmqUP6Eay37KkvhizW2MYiqQ0ZgccWFAOcdRP7HKEZUbXj+qYDyXdGgHJxWaCkNR7BOkIXOiHItFi2qPqPsbctiyOrnH/XvHXFxuhL4zFfYZMJbdMDLlynY/cOo82VqebRLLRlO1aAOGFGmMJ1RDiBNeV7R3jNXQFCEjyUUuSh7zHGdpjGEKeQ4YcfgSpUtTsm9Eabw1nHaesYzEqDnqHQ+OWp5dDzR64O//k9/ir//l/xr/+l/8ef53f/uXiVFYwKWWOeJx5rzc1sBXZcVa1VdUxAJkU7MHV9YSktg4l2st9rvCYWIlgjmt1VxcD44hERnWO95bdTuCnq1rdzbQdc7SLnPkkZ5d7JnK6bLnteMlP/2lt/iJ+wuePv2I7ZRYzl3uEDPWOubAL5xSxFKxs8grlUzjxflwb9GAUbQqUZTGGVENl1xZtW7WeGiWTcuxL3S6yOs6FhoisVi+vYa3u8o6JGIR3/02aYoqHKnE84srdvsdb54foRp/K8yaiuJyu2Pc3HBa97xuIJuWj4vhUnVk7USt/OKCLxw1vPXoNd5//JR3b67YvHjGfr+ThDTfo9ue1nsWJVOmQFWGpVWkUQpy5xxHyyX+6JzjMhDQfFyP2OoGQyEozbEKFG3ZF8+RTcQKT5MSPG8tLJwiaUPVVUb4cwBMmsNWpmE4/8IXv+jU3XjQH7ToPji797ktur7x0xtvvb3Zv/cBOUyk4AjTIEIfrWawggienHMzdF8zTJHjvsMbxbPLG1JM3Gy3DENAWYXabvh//+pv8Vf+mZ/ji2884t0Pn4oIYYY3MGfaSuCOMEdjyVTlWXnDVEUII7tk6Y619SjfY40lTzvGDEetwVBwJaKMjHBcCYQKIQfMtCburohpzdS/iWmWuKZStzvSzSVT09K0HR5F1po8nwoVBBwx5+LqefyWK+ymSIqZpVccOcveNAy1UqYMWQ5UZbTsi7W+TTxTt6PkubBXwWI66yCJJUd3DcWAUo7GOg5JqJJMNGFqwsRMXu9g3DE9f8HV9Z7+9WOy16KyngO4DzatUgo5S6+QQqRfHfHG2+/QNi0VEUCFGOawbsM4jsQosWchVpwTWlLMmZASMabbIPQQwywag2EIpJwIOaGV4f7xMYu+xdVK6zVKWwqOELaUaWAcB/TymFLBKS10mzoRauFFqJgw4mOh6xqc0QRrGYbAJkaK6+iN4rhRnDeKaTsxqBZvLSaNhO0Fa3OCW94Ti5n3nPceQiLrhpxlCxm6Y3wZuHn8XXLOMqbuWlKRIPrGd6xrZrsLrJYt29xyuRu4v1zQNo7LKbOrlkemUOuOD6OlUR5dAtP2hoUuVKMJWXKL92HC20otHlUNrSrS9RRFYxXJFFIQcErRmpIijXFMpjIog7OO5aKnGyb2VLyXorufMpdD5FtPn/NLv/6P+Bd//uf55tNL/l//6DdpLJLFelvo5n9+Roj9Syyj+GO1UhQtl25Flb2snuUY6Dl5rN5ahg5FVanD2Prl/7+VVc1KaK3UbQeLOoyRb3XMc6dcZ2xqJaZKaz1vnR3xw6+d8/NfeEgJaz5ab+i9RynNLolHv6AEHpPlRJcJjGMqRcA4WIqqtM5QqqIziYimzh1va0UoOVWJd3RW0tOokV12vLvTLGvGaVkVvLdT7Kpwkq+jxswM+G2trG+2GJ14sQ0SbelbhjGwubkmDhuOrSZpzfvZsckOowz3F44v3D/i6OSE3WbPR0+f8uJmzW59jRo28voYhzMW4wU16zX0zmG8rAc3446AxyzvMQ4b/DShcia4jnVt+K46RZfE63XDg3xBbxTXdsF9PbBwluelobm1bBk6q3gRKu8PYCicGs1mtnxpCrtxXDRt3+o/jqL78MH9z6+Qqmn2T58+Xn/bOUooFCv4upTmMPeSKBnJgXUeXWVHZZRi0TZspkAuVQruFFFGcbJagoLHLy75td/8On/hz/0iTy7XsuCfhTZai2BJzQAFqBRliCFwr/EM2jBOPev1tex3jEPZRnZhxlKrJtaCU2DThM0dRlemLH677Hvq+pLdei1CnhS5yR7voW8mLlFMN08xyyXWOxyFUYkIrBwSg6wgLG0V9CXzeNxbxaK1pFSJqdBow2QMwzCJettbSSPKWTJ+rZauPhda12Cch5xprUX7RvByxlHGPeOzjykZ9KoXteUUKGOE/UDZ7tivt4z7iTCOTFNivxtZnJ7R+g6jHd5aphk6Lv5oiWCMuVJzQivNo9ff4OTkhJozIUTi7HvWQAiRnDI5SQyZNWCVIuYsVqGSRISmFSUrShX15TAEtruBzntePz1l2Xc03rPZ7nh+dUUMkZgzuUqOsKqVo9zyYPkIZS1FV5G0KUtSMgJ8/fScP/Ol1+jqxDZEpqwgKtaT4/19ZRgGFlmRg2NyPbEUNtcvcK7S6ML1zRV1SKxOzsnF8mSfabSn9ZUj32K8IVFZR8jjQHGe6hcsdOb6ZsMYIuRM7hzaWEouWF05sZm+XfB8UlxPguusFJpaaMtErJ5OzYlSYoanKgsZtmPmuK9YLFOeL0eqkuPBMmPRBmIRQZs2ipgK1ig6bxiLhSnSNg1dKISUaZzl/qrhg5i4nCq/+u6H3D9/wL/xz/88z2+u+LVvfkCvDa6RaLfDGFff8W3PORmUnCnqVvwuo289q5nnkbAqL321ah5R64PX9o4t6LCXVfqOYlrfRWAouYAfumQ1C7UOv15FF1FKEUmXUrx2tuLNkyN+7u3XeKeH3/nuBftQWbSGmymTlcVo6cidnlcm8yXgsMKSgi4ku2oMm6A4mpOyxqoItTKmwlQVDYVSMo33rJXBKMfzAFdRU13HmCtTFeFWryqVyCYq7hvRDowZijE415KaY6Ywsb/6iO1uxz5X+rbhyjWMBRrf8kPnpxzZgtptcDmzcJZd3HF58ZzF6bmEmpTA0ck5+I7tdiCMO06swZlCLIbrpNgFjdZHTLZl0h0w4ocNPgSumgeokljUwE53YAtnOjEleZY7r7DO0RdFWzVThhG4jHBsxd88ZE06TE6qrCDiNPVt06z0rN35IxXdd774xc+xZagLH3380bem/XbKu6kpiwWxeND6JeA9J1zXzXs7zW4z0ljxyqU0K1GDiHC6rsFozWa/x1rDN957wk9+dcNbbzzg67//Hs45xpTnsbKeMYJ63jVGbnaZ9uwUyHSNp6YERqOMI+coPGUriMEU5UHRJUIOVOOAfJv/q2piN41Ya7EkQi2kqnDWySgwj5haaGrG55GEJVa5fRulsXPaT6MSqIkbXTAkctUUZagqM0RFLJI4tNtPxBBxvpH9V5avz7tOrEtGQUyYINYg3TWYtoEpUPY3cH1F8+yKPI1UVZmGyH6/ZzdGdlNiTEUKV9G3XUTfn3LvCz+KOzpj2g2kIjm+OkOscliJJKagNZw9fI3T8zO00sQyzYIejTWKlCTPtSTJLy654J3s8IcpEFPEaQMkUkLEXKWw24+01vHDb79O1zguL6/59nc/YAgRYyzeW5zzrDrZ3aeUKUVykVMYadqOMO/1TNsyhoQ3hX/5Z9/hL3z1y/z2Rze8mCpjnNBhx5QSJ5s9YYrsp8h6v8enTKsKbdiRU2C0lk5N6OmaQKU9fw1lWjyBMzNSw54xtThv2ez2+G6J7VZkrbnZ7pmSZqkyj1aOqA2bXSKUPVkJ1MXUyNU+o6zhgd4xFs9OrzhmT00DqmRK01FyxPkWb0Txa42X0IfZtlq0mVetAlDIc/iGUeC0IZtCShmjFd4ogtH0ztD6BudHCgpXDMvWc7KIXKxHvKr8p7/x2/wrf77jX/9Lv8i9d97kvcfP+fgb7xOniG+t+MlrpeS5qFXRK+jZx15KlWzjlOcsV2FpW2duKVEzX1X8ubcEtoOl5yW7XM/jYXU705673zJbgg7BJqWSsny/QWYwKKdZ9B2uVha+4Z17K778+iO+eNrw9OIJTzZbOu/Zx8I6FFpfb4VZ1szqba0Yhkm0KNbj7ByrWQopy5g35ExniqQJocjKsJngZKFJVYNWhKJ5HgwXU0HVTK2apZrYZsteGY7qhCXzjIZjZQXykQMpZ/YJmnRNHtbchEzSnteOHaeNI+oGZTR963j4YMWybXn+3HBxs+XJ7/wucdxyenZG0/Wsn13SNR3GeF5cXrIPkXtHRxy1DVkZPtrLa7dcHRGxFCz7augXC1pg3T8kmSOcmihVCudlbYTU1SiGmNmpjvPWcjQp3itVrE/z1PNJ1BgJyaLVwhmIpcglPQWnjHLKqD+GTvfRW5/bott3PfcfvPH17MyzIe3eIgx0eUeZEYzaSEfjnUdrxRQmYgisFoYwjUwhMk4T2giKrPWeaRhJKYv4Qms++PBDvvoTP0bbt6QQhM1cX5JlDrudmiLbYlnYJW64JIUJ6xwpz/aikiUsocjeKOdMLeK9zOOObBu092QaVIy4NDIqLeHzTTf7hQtOK5p+gR6ESORU4lQHdIqEqRCUp4QdXdOyPDrCmkJNlVQjTle2prAPBXcQWul5fDdF0nqLX7X4tp95tArtDCjZIbHZY9YbasxUUyFF4s2Wcb1jP0xsQ2IzRoYoismCQVsvOMbGcro4ZrXoJXmkaxlLRXcLYiroGlBFgCbaaUIEVRQPly2mZGy3pHnwSNTGYSSmMHc4dU4VYn6IMjkKkKECwxiIUYhbVcl4LpdCmEYsigcnxzJWu77hm5dXxJRY9D1nJ8d478i5ME6B6/2OcRgIqZBToGl6lve2+G5JjIUcE9paqJW2sbzZV95qbrhqIrVoFgvP85vA41Q4P1qSciJNkYerhs2UZvdYRw47atjLzzhPxOGGMpygdUO1hoijxD2dusLHwjr3NKtjbNmzHQ3ZtygSC1PwWoR7dnZBDCy43o1si4GupSfSMXFVOnSpdECrJna5oGxDSoZaE6nAPsJx61BaEbN0dYZyqxguRfbv+1jojCKSyTFjVCUpRclyofKNYxkSF8rOtG4wVO71DfupcDlF3HbkP/rVf8J/+xd+nv/OT36Zb/3pH+GjF2t+/Zd+jcff+ZBSwXtPd7Tg5N4Z56/d5+zBGUdHS7q2xWgze/AHLl9c8d677/H7v/8dhmGk9Z5aJP0qzkhV6UbnJJ87dCkLWBT2oJJWel5bifDOGRH/7KeJADgLp4/OePvhfX7kJ36Un/65n+Xs4Ql/5z/+Jd771d/gh++d8jOvn8D+hm+8uBAgSy1cjZIiHUsVm17OtH0zF3PxvlPE/uSUJeRIVYbOgtMRqiBiURVdpYPzRpTSVEUsMuqeZquU0QpH4dxrUoAXU6YxiqA1qsBlaTE10cctOo3oMbBXmhs0ve/4wqrjzbMFR53H5szp/QdcTpFv/N7v4w3ce+117h13fPf6gourHbiOEi456nqqUVzfXJGnwEm/ZNF2rENl0IZkDb3WaN/Qhh3HeUu3eMhqueLeNLJnzZPiuaShaPHgUgqXUbNsHLQabwNXk2JdBDRT5nATZWTcroosKKwqM9ugsr66oBgV+qPjG/vH0en+49/8rf/KF9c6O+4+jYF0PHlx9bh/+MaTF5fP38rDiFl1AjK4TeLhlio1jkHsNBWGKTKOQcZuxtA4h6py80EptDacHK347sfP+MqXv8S9e8d8/OETjHHkJF7dXKVg1TkYodRMiiOLviXum1lMlV5+F6rOHlBJa4lA0ZpUFeOwZ6GgNivCuKe6lqoN1zfXNOev0RqDi1tWZeR80bBDgqkzhlwVvmY6oxjHge3zp/i+4X4DND1BCdrN1kxbM1cx4x20zpBSxVpNjYHh8QsWxx0crWSkFgJ6vaHstrJHXq9ZbwZ2k8D890NgiJWxQFFKGLG2YdF3nPdLFosFy8axaBp8K/tnwohbHMPynHe//fvk6+d0xuGUCGHifJnR837XZjmYm5P7NN5CSYRUIWf8gYddErkUYkiUkuX7qYVpkjhCoxTKiHd3jIlSM2fLJcuu5+Lykg+ePCXlzKrvuX9+ilKK7W7gxeU1+2Eg5SIqbmdpvaNZLvDWoWoSUdzsI7azv9rkxAePn/Cr4YapVEwobJUl7Cb6augXK7QpxF5D/4hpimyunjNZA4uOUhKmFEIcmXKhpIE0Gm78gutSMQne6S2lRO77QhmuWW8u2agly+VbqDgxWc1YNbuQCShiUQwlgbYE5aBaphK5rJq9Nbxp95DENLWtDqMdSSuuhoGjrqU1hZInoJE0plIIudAaJe/lAlZXVt6wnybGmPFKhIZoiX80uZCNpW8tnZfsV2etBJIouL/yfHgZuJgqXG74u7/5Nf7rf+pn2V5Xjr78Ol/58f8uv/5Lv8777z3mC19+my/9yJf5whff4uGjR5yenrJcLmnbDu9abNNJjKOzjLs9f/vf//f43/9v/h0+enrF4Ym8u71Tllu+urYCTTFaYZXGKY2plZQiNUTClNjHRAI88PYPvcnP/9xP8wt/7s/z83/25/nJn/shrHsN8Pw//9a/y9Nvf8Bbxz1/9off4Atd5ttP1oy54q3nYkgMZcabpizK6Rk1qxVUbWnaViYpWtjgzhq2Sf7bO9inRgLnSUw1Y7ShM8JNz0pWYeKGqLQKKgFK5YYFm1Ik89YoQjWMKfP/Ze/Pgi1b17NM7Pnb0c05V5vdzt3vc3Q4OhJCHDoJqSiXAigkY5dtwAbDhZuLcuAIh6MIB+EIuLAvykU4AvvOEMZlB5SwKwI3AVWoLspQSAgMQj3S6Xafe+XK1c52NH/ri39k7iPABSXASBW1rjIzMnPOteYY4/u/73vf55XjjjhuEL7HJxhMQ9I1j9qaxwvLsqk4Oz/BJM/FxXNWDzLnqwVXbYGR+N2azXbHyarD1DW1BuEmDoeJykhaqzHaoo0lIHFKkIWhUhplKry0yDDQCcmjCl6rPLauIQceVQPfTA2XTtAqScyGIZUPUEvFx1FBEoXPrBVpVo9rETGUqUgk4LNAZtjcXvMLv/xL/Nf/wB/4K0rpS34VcZD/WNH9T3/sP/l1X3RFzoy6LijGb0Oy5Zxp2nav66Pdi/stq4dHqCwgFRhCFqJYVpQuqMWcqYyeYQuFO6y0xiiNtZZpcsXnqiS1rZBacXVzx+XlFY+ePOHq8nZW087iHkEhQomCbospkvsD/uwRi2Pothv6sWS05gRkSY4JVOEaTzGC1/jlEaHfoceJqnGYcUec9qQQcTFTxYBNjma8IWU4NUtS3ZJdzzBV3GYJ9ZJgWsR0R9tUHC8WJY3GB8iBJEQpjrlErikiSiUqnQlCEjHsthPNtz7CiUgaHHjPsBvY7Xt2o6N3gT4wJxcZ2qZjuep4rW1YmMIjXiyWGBLGWFIO+BBR9aIki4wDw36HPoG0Hwu8vTuCusUNB1wWFLfSDBZIEecm7Ok5mLqwtGYKDnPGZ0olQsxNxZalZ6HL5ANKFF9onnf5/egQKfLWg1Oy1Hz4yafc3N2zWiw4OzkiZ7jdbFjv9vT9WHQDteV40dI1LXVVIWQZ8Qdfdu2QMc2CPIA1osAg4h6VehZ1w6fP93x4cUVGsKobVGVIcuRkcUxdd8RKMBLoqsyQJKqq6RYdFZGxP7AeA0NMLGzEi57LPjFGz3UvWFjFqQjc70e2m4FUSy5eXGNUJq1WqKGICAO6KItlyXEmJ0KKDFmQsex95nm0nIseKTVJWPS0p2dBjpp2cqilwojSmYWoSCGSRfEMyyxRqsjmYnBkUaZLVkKOJaIyaktFgJDJxnDUWrbjUBjBugBMFlbzcNXx2frAQcI3nl+T/8HP8v3f9Ru5fHaHe+uUH/pv/gAqJR4+POXJowccrRZYa1BaoJVDEFCyL4hUaTC65vT1h/yP/6d/hJ/6e3+Pv/5jf4d/60f+azx9/R2auqNZNVRNi7ENytalGFiNNqqsLqRBSkVOieAd09hz2K/5pX/4db729a/zlS+e8of/h/8tvvTdvxdYsN9e8OE3vs76/m/xMz/7S/y1H/3rtJstP/jbvsyXHjZcXF5ycxgRQrB2gfsplkO+KCuPLAUpp3nUXYRjMRVyXF3JGc2qMErSR4HMFWMEh6BGUquiDTECFIGQNEaBzIWf7FIiCoknl7CTrMFI9sERhx2m32L8Hh8i16om6YpusWRZVTQi8vBoxVtvPuXi8pKPPv6E1WLBOAzcvrjkfLUkxMj1zW2JCGwtMfZ0IjKmgPOe48UxTW3JPjCg2AaBrUvc5ZQouFske3vCqBTncWQ/BqaoWVSWpdE8yUUA6LNkAqIElyVDLJ+5IDOlgrKVqjxPUkozQ6BYnQbnufj0Gf/wl36Rd7/4Hf+n3/VDv/t/5Zw7/AthL792/Os/2k9Jyc3tNfLhW8Ue823ePW2Me2GrqZaCs67soUIo6SYpRaxpQUqmaSq7Ha3IwRNJpFyM50YXbnBI5aGusqC2lnEayWSubm55+6036Nqa/b5HSjmPHosPFzLGKEJITDFilUG1S0y7RG025QOXs20hRVJOJG05+My6v2dRrZDtkrub55zXByoFadpxP/V0bUNXGXKYmMZESp5De4TTDdo5tlcXbKuWZnmOTqEY27sl5vRBsUi4CUniTAuGLNhGQaMlMgYmHxEpIVMZb117wfpi4Gkr8CHwweUN+94hjaJrWs5PFiybhpPFgsaWJJ/l6gRdNQyHHaP3iMUJo/f0wRFcYkIh9j3JlZ1rNm2BEDiPTZEkQdmKw+01k3NlrB0TMRdus9SWanWG0jMfKJc9XlPXKCUZpoHNdl9ShZTCp8TkPTEVvyNGEWNicxg5qiRvnB1zs+/51rPn5Bh5/PCcRdOy63uubu/ZHHqkKOlcbV3RNTV1U5d1hShTjUprurYhBEcME0IqhLWkqkamkSr3RKG5uNtzte05PTqiM2BE5qPrS/xoyJOjsjWVLSi/RmQqlVDScVotyLKizRMEjxaad446NBHld/Ra4Shd7MELbHXM2blh3/dsNvdM1QLZaYyPNER8UkwRdKVYxIFDMGRb7B/30bINiV5bOt2zj4oejR82HGyHEgKbJ3Zjja0EUnikykSRZ5WtJJQzEDplYlYopfEh4lLASIWKHkVEKkMI5SCwqAyNNow+vOJr6yRYVnDSWO72A62t+cblDZX9Gj/0G7+Lr33rOe5Lme/96pdYGEtVBdK0YZjyK9TnK3jNfJ2QYXm8pDk+Yrms+P7f8RX+t3/+z1I378yKgQw4KHOn+fcF80qM5X4lzeuLOe+64Km4v77i2Qf/gGnc8fd+4v/Fp59e8MlHH3F9dcPtpuf9n3+f1b7nt3/lLb5wWnN1+YL3r9b4mEhScD+UtBurdEmaotCkFk0Dsmg/JGVPHNE0ugSLDC4yZYHXRcmehWAMJTWnK95EPBKdFUpkGhwCiUtwcEVznZWikpLoHWm/IwwbhDugSexNRVycgdQc2WI5Oj/uWNYGReby2Sfc3a9plOSss+TDLesXVyTbcHZ0xPnpESAJ0eN3Gw5VRdsuqQIMIdIKjbYKlytO6xqhiq88JF4J5IS2rLGcaQ9esDCSqm7oZYsPojg8clGNRyS7VNYchoL/ZcY9ppjmFUJmTIKWxHa74ad/+Rsc9mv+4B/9w3/+9dfe/hPWmN2vJIr9cxTdlDO//r8E+bDh8h/8Dd76/t/NtwdvGmOcrqrJmIrW2OLLzLlkuhqFrixaSoaUkRRVYNIKP7oCeKAIl9LMaiZGlC5mQOcCdVVzvzswec9i0XHY92VnJIoU/eVo7CU1Z/SOYxGZbEMybbHuBD+rnWVRHeYEuqHP4H1Gb7dkecCPE+1+TyNLfJ4wlqgaxgRhHEljsYIchCMpRR1G1oOjzhK7Xxf8JJm0vYbVAmUt2ffFBK4tSooSgj2rPV0qwACfM4cAe59IUfC4PeNIZ75ULegay9miK6CJlGjbJTkVlahTlrWLJAKjqOiTJN/coowpwQZSg3eI6QD1AlJCmGKbQiTS5EuofAS/uYHoSVK/YmWL6LGnj2hWp6SZepTmJCMlBT56nI+kFEixPHRcKMlRSkhyCviQ6UfHWWd5/XjJBy9u+OTimq5pOD05ASG4vL3j6vaemCKLpqGbBXVVZVkuV1RVVTqPGIuXWio22w3b7YHHzTHd8hTvHXEcyFOPtJpP70c2m5HT1YIvPT5nYSW//Nkl98NIiInePwcpebQ85XzRobVi8oE0OrYvDuS6nZGdkkbC2G8xRrFUEYaJztR0tWIXFXsfSdKQdUOapoJpDBFURIrImAsEYAoJ7R0jiVOVkcCLKRaxCokgMyp6JgwH+4AswDuHqqGfRnSSnNSGPk6lI5YWMQcrCDKDT2htin2O+Ar7qZTApEjMJZu4HxzGGI67ht3ocHOmsVEwSTjuakJKvNhNPF5ZfvajTzlpNP/ad343v/DRPZdnL3jz3afE3mGMnpXuaeYhz3GSMRNC0VCo3uPcmpwSujJ8+q2/jxI/g48jKXjGfsCN4wxPFaSYC1Aml2SyFGOx0SldsqulZNktmKbA3/k7P8Xt7RqpDLt+xPtAP3hefHTF0eT4nb/hbX7Le0/od7d848Ud+5DQUnDbR4YEldYoqdCA1ZLKGKxSqFeRmEVJrY3CZ4hBEGIGVeyIMjmGbErKT4aAREoIMTPkTCcTPkocCpcyjdYMMbIdPNbfw2GNdJ4JyKbGtEe0bYUWglYrutURjZG8/fCEfhy4/PQCv7tlmnqaqmLa3iKPj1g0FbuxJ6aWWknutnvudwMmBwwalMbUHTJO5JwYZANS0hrDJAyHGQAi5sOGEAqTy308VUuUKp36hTPsgiQkwSEV65ci4TIEErmq0KYii5mil5gzoAUuej578ZxvffQJbzxZ8cO/63fwIz/8Qz93fP54l4kkFX5V1Un/l1U0JZSiv7/imz/xY3z5e7+X+vFbpBgxxjhjlSskoUwM4dXeo3juFFpLtC7e2hg8iQJIeKlyNlrjUy5s3RCppSaGgBASaxWb7Y7dds+qa7nWZb8TU3xFenXTBNaWm9I59DgQa023WtF3Sw6HNURQqwcIVRWhTBihXpCU5f7+hsq2NCoTY+A+KPzB4RHoqqY/HPD7gVV2jBjCONHaSD8O+CRZxpGm32GOzxnGgf36nrOTY4x9QBKZvdDFpztj8QQwRMEUC16udPllF/TFJw94++ExrSrB0I0WZKO5uV8zRsGOmhAmpK2QUjOlA+EwEFMkCYPwrvCs6waVy8UeTUeOM4zCj0QyAYVJGa0V43jA7+7IqYiiXBaolKh1TXf6cE4ZT6X5CIGqsozTxOTKbl2rctkfhgmlJVYqgis33Dh5zjrD07MTfumTSy6urnl0fkLXtIzTxOXVLfthwCjNatmwbFqU0mil6NqWbrlAxISbHEIKmrbl+vaeT55d4Hzk+HzLgwdP6aPD3W/J0ROSxiVoa4GWmav1nufAs81EFJp9TOAGEoZVLeauRlFbxWY/sOn3eHYYXQpTKwJ9TMX25h1xs6ZqVyybmrZZsEyCMHioFBLL1meG3Z4RyarKeK+QxuJD4MZJKpXpGDlEgXYDWbR0YWTKmYWGOo/co2h8T5p61r2irQyH0VM1HX2G2o14rRFZcKxLeEAIGaVmGH7WhUudZbHbCAUiIoSkmn2pi0bNLoNykPEZhCxhJOeLhsuYeLHzPOwM/+kvfohI8P2/4Tv44Gc+5EMXefrea59nUc8qfCGLJzd6T4wBIcoEKsaA0YZpcvzcT/0UxpgiihQC70phlbL4yl+akWKKxJhKNraQCK0L2jHBXbVhvzvw4vKWYQxIkwkxs+89t59cs9ge+B3vPeEHvvIGadrzSy/u2LqA1Zq1C2xcwtoCoxCyaEggI9U8UqY4EHyGkAtkZggRLQJSKa7u91S1p2s6iCBViZ8cQ0bKUpR8EjSmTNlCMgxIBjeSxgN5s2aKnklIkm2oq4q2qVh1C86Plyys4sgI6m7Jbpi4+/hbTDGx2WyQwYEbCcEzRcWWwlNfrZa0WrLfbFiv1wxBsOpapJCE3ZbWWhaVodKZyVgwliQMfZCsXWRRVRhtcDHhskAiWGoBaAYp6aPmwmV2otgaUyrpRyEGkpTUVY2pqplRkIkUOl7Ige12wycffcx42PH7fvC7+D2/63sZdwduLj78PcePH/w/rLbPU4z/VdH9xwqvVExDj0qBlQKnWuq61kYqG6UkBE/wE1JKUgoIqbGVBVF2qbJEzRbEX8poCVqrV148YoFfVG1N309oVYICDpPn9u6Ot987xdgK7w/FsE4q+9+mRokiLglCMKWMlZJsLNQLtA8Y2xCqBSl6lK3xfiK7ESszKisqq4tZferJKFTVQsoEN2KEpJYSXa2wuXgUrFa0Rw9oUqbTmbcXgTUDt+0Rk+mYdhvS6ogkDTILhpCZosToWHZEL43+WZVA55x5eHrKu6+/SRKCq2lAZkXTrAjeM9pMT2IaJlKO4A+FMiQEISRcCFhR4u3C3C0IrZFksndMPhcqVsow9kWq73saY7i+fMFhvy0PSzJKZAwJvVwitCE5T06eQ+/RSiFyph+K+lwIwTQVpfhLewcpo7RkmgJnreXxUcfPv/+Mu+2Od15/jbquuL3fcPHiGuccldWsFh1d21LVNUZptBA0TV06Dimwlcbair7vuXjxgsFFOiPA7ctnqooXvJ8GyIll1yCV5O4QuNvvkLLwdG29xAUHyaEwRBSDz+ynCUWZDlRVhQ4RkTwmlY575xz7ySGBB8sKzch2u2MlE9/93nt8erNlvb6jaRRLDY4Dd2vBVkuyETQULrIzDZVMTK7HScORdFRuQltLHzPHBoKLrLjnUQtb3ZDU3HXNB5swe6qVlEV8ExMVgsaC0oLtZuTDy2u++OiYs+WC4GfoyRw8YXVJiaqj4bi19O4wk5tyGXmKDDJytqi42gxc946TRvMf/cL7HKaJ3/ubvsLVN57zzdstD7/8OqdHHWRJCsVrGlMmhVCiB5XC2rJnzhKqSnIYHNpntCoq55gKtexl2AEZYo4zZ/qlfkMiVSiipJyYnKHfj4yD4zB6cIlDPzE8v2a13fM97z7ht3/lHYb9PV//9IKbvcMqxdYFXuwDUpuCa00Cqcu9OPhIYyHMIi+rJIdpImIgFXSlVOUhpo3ipK3YRfA5E0Nm+XLsnxJjNMQQOdIgU2byI/1+IBzWiBSJyhDNgmVdtBnBBaoUeOd0wfnZETJHnn/8CcP2GwUukzNX24HJB45aQ2eX6DCyaBpCCqwWHW3bst2sicmzbFt0FHTLY4ah5367ZrGQdNZyyC0xSRZhpFcKLyu0EiShSvxozkw+s8+SD0fFF83E2msupwzWcqo9Y4hcB0HvA0IbbF1jKlvEqnyOCnXjxPPL53zy6fucdJYf+d1f5fu+5wtUSjMqhdve/oDfb7+zWz16nrP8r4ruP7Hwzhm52U+IlDCLRVbKWFN32LrFuYlaigIHsBqhJHEWVtWVpVKCGEJRxiqDtRY9q5uRRXhVbrSItfYVX/Xufst7QqClKkk+qdgIXhFMhIAkCG7CTT318qSornVFV9XIPJLmfa/UmW7VlijAVNG2HZBxMSJyohESYTQhgsgJjScnkKaiDQMP64yWke244c4lRDJ00tKTaNoFywendLHHjwNBt9SijMyzkMQo5sSkojj2uRjwKyWxMnN/2BccYigGeS81PgXcMOFnL2KKxVIlpMDJ8vMUKROTZxoCWWqE1oQpQ/L4cWKaJmJyqOhJwZGDp8+Zzf0NznvqmfQFApMCqrLo1WkBDMyHG0Kirpqy44olNELKjGgb+nGClAqoIxchVaclj04WfO3TF9ysN7z9+mtUdcXN9Q3Pr2/wIdI1Vdnddh1Hy2XhMoeSOFQZjZTlkKaqYn16cRhY73sWteXBwpLCwDj0GGvISuHmUAUjWqq6Y+cOGAmLSqNU4n6/ZRxHalvGYBGNj4UclKTEqkzwiSGMWK1JEpCKRdcw3NyRpOCNx2eMwwFFoDWZo0px8h3vctiesru55MWYGaaRq31gDAofPLfDgbqqmVQBpDiZaPRUgiG841aveKQcd+NEnyq0sag8YnJiO0RG4Vha/SqEIWRd7C0KfMjonFBmxi6myHg48NktLNuyDycUnnBtdOlknENLOFu23B1GDi6AkAid0bONp7aKR8cNd9uJvYNlZfl/f+1jNuPEf/d3/mba28g3/7NfZP8b3+bs0TE5QvTh88COeSystSmFOEWs0ex3A1K5V0VW5KLvSHPBTbkkaOWYZ9DKSyTqjONIJURkv9tzu96xGzzRg1jveEtF3vviY776pXcwbuSXP73kcjsSEexc4vnBkaVkocqaSajSAGQJD1ctMQn2zrNqLEMQjEHipMIgeFDrIgqMibaqGLCl6KSA1ICIpFC0A5mivr4ZPDe3d0jv6DRMUuFUTdd2LGx51i0rxbJRLG3DUaNx63vu1xuGceT4eMHm6gWD8+wOkbZteHJ+ioqB7V5TrZboFNEyc9Io7u4yLkkenixY9567fV/CC3SNbRZEBI6S/nXdT6ytpKlnK5aEMSbugyrP7Jy51kves5m03UM0RCFYzg5+H8pBpIzlS2buGAIhFszr1Pc8++wTPvr4A56eLfk3v+83suhqPru848HZqrgU9oezFx/88v9g9d3nfz8jt/wq4Mv/pS+6M/6RxXLFbr17fPHJBz84jtO7X/wN38vp6Rm7n//bSJGQUiC1QSmFCyX/tas1Uil229IhVcYUEZWSJZk5Z7QsY2llJNZavHdobdn1PdN4KHABJTC5eDJDKN5SodSrjNowTaz8DndYk3dXLGtNd/oERAED6DRxfnTMJ5uBaT+gjCH5ERdC6byjxwWPmyYWbcuDVYMOA5WccCpx2mpcCAwiECbHGODZ1qOWkVXe8bCDcfE2PksskYhF5kyVM4f5gCBnWmyBY5SR2TROBD+RBMSQCG5ivT2QlS5e5BgJMSClREuJ8BFlNCE4/GED6WV8XhGXJe8JwSNSgBSRosBE9JzQlIAQJlpdRpAxl8ABFyJ2taRpWkLwWF1SVBaLRdnP955MRquyv5NJYqRkP4woKchCoUXmyVHDNz695PJmzWsPz6hry9XNLc8ur8g5s2wbFm0zF9wVdd3gxh6jBZWRiBSIISChMJ7JTFOJ8Wtqw5Qyu/s1zdmGs0dPQRtsvQAmel8mJ0aUKDXviqpS6wrJSIwBKsMmKhgFp43Go9jsNmy2a8ZpKPqDeIQ8ytTasFw0hCwZk8DHxOPjjqfvvMkYJ/bPvoFtl3z3W484u77h+Y1Hyp6QwHYLblxiP064fGCqWz7TBtsPDPsDdW1JaSJkwdZD0LAeYZEDHQE/JWSt8dLismZVC3YTr8SIlZ7HeXGOxwMqpYoi3sOylsQ5eMOoAnBQxtAPI1pKzpYNw/2egEJlIMcZaSpojUGuBDf7id5ljrslf/+ja9bDT/JHf+f38FWz4hf/7te4feOM5euPqK0EH8ix8KGkMhgzMvqI9wGk4H69KznJr5B/ZXf6MhHoJUw1xVQO6Kl49tPMbi++cMn9ds/z2x2xn3icEk/aiq+88ya/8c2HjIcNP//JJ3x0tytq4Zy52kemBJ3VKFmY5sVTnDESRhe4PziOVx0Zxd4FtkFQV8UT7WNi9JmYAlXVsAsZIzMNodCooiYLQSDDdGAcB9xhQxUDztRsTE1TWd45WXG+qKmbCidrVJw4suD6A34Yubu54sXlJU1dYXODsgabIg+PKrrjM+JUvO/LxRIXE4pMZwSHYSB6hxUCIxILk7najpi646yuaBdLgrTcj5LDkOlEzdLANpV7/ywPkAR3qSvqYyV4LEd0TtAsmZzl4BPboVh+YshIrYt9L6XiWJGS5Bx363s++fQD1jfXfOd7r/PmG69xsy3X+u1mT0iBru2obMXzz57/d568efdX9ero//YrjWS/yqIrhfx1X2SlkEpJ+cBo9SgL8fibX/v6O9/4xidfCVF8ZX/Yf9fu6vLBsrKk0JawdiHLVkSVXZkPoYQ2dxUhlX2utRZrzBwNUG5ApRTLxRJtDWGzLSO0+TQcvGccJ6paI7aihLvPY4wwd35KqYJ8jIEwbNkeeipZCszerAoEPiZyFKw3I0jNqjbIFBA50mqJtoboBRpBFw8c24A9PuNMR5bxwP3BkbNn4wKT6phMS5aCXRCcSInPmpAUoqrx5gg57iBHRCrjypn4TshlDyYpqSxjFvRuIjqH0JJxCqSZ1yyFQCRKFGH05BTxOZGDI6UJP01k73jJVcuxRBOKOSlEzGlFKQlcLqKXKZWMUGssh5iKjYs53UdUHFeLMhnQqvhs56zh/tATY0LNO7AYy5NSCcVi2c3e68AXzltu11subu557cEDFm3Ler3l8uqalDNHi46usqyWS46PT2hthfcTmkxt9IzfLMxhYw05eFRVc7TsQAg2/YgUmegD3e0lx+ePwNToyqOlYooRmSMyO/7uN+9JolB82qaC+gSVB2SK3I6BQxRYBV5ItgdHPzqCC8icMHKPVRKxWHG8aMvBx0+YbsWi05woh8uJ9faOzf0dyp3S395STz3vnh9hqwZhLF9Mkl/86BlNksgM971gnSGhkQiq6JjGzFJF+qgJhzX3o6c76Zi8w6fI5DP32wNvnq+IqipgkhiZcsKrEt+3qBIPli3XbYMTmrvdASMagqi4Hzx1DnRNjQsZYyx+crSmZmk8N8OEVgopiuCqNbKsE6TgLMNmDOxDYtnU/PLljj/71/8e/+2vfpEvnj/k8sNLbq82bB8fo1ddUVPnjFaRyiqG0TO5wh3fbPaF4SyK6CjlOcg+zSm6sqAd45wnzUyfSoiSvpMiIcP6dke9G3ldCb7y+jlnjx/w2vGScb/m5z74iI9ut4RUJji3Q9m31nWFMUX5H9OMsBQZq+UroeXoQSkIudj5tCx6jH0sXWzKJYJxDJ6aSFQKmcEHTwyB9TBCv4VQBGp9c4SpO1Yy83DV8OU3n/Jg2aLrCu8D//Bn/wFX0XH28BFu3JH7NefLivV+4NnFjqePH7NaWWppcUJytzuQ3cC5zGgCwhoIms3oqaxC26qMislUdUtjLY+PW7ay5maU7F3JY5Ztg5eGmMsBus8Vx8Kx1IlbscDmQJ62PPNwjeYuyZIOlQtcqFEgjS6xhqFkch82G66uXnBzfQmh5zd/+V2+/Bu+yDBNrDdbutrSNYZhkCzqCoGGHOuf+an/7E9/9Xf98P9HGfvRf1Ht8T9WdKcUmcZxFhWIX5dFVyl9fHG3/pPfvLj6fTGLU/+1b5wPhz1RGGqVaURi31Y8qMuDwIfI5CLtApTWxHgo4gKfmeZQcqX1K59nmkOijda0TVUISaLse7vFgjYGZCos4sraV4rCGCJKFDHWS1l6TpE+ZvZTIC/OWdY1YXfNoBvIGhVH+qTYYzm2FTUZmxxBtUSpCbqCOnMsI2K1IBvNIk+YCPf6BNP1uN09Lgo2yRAqhaKAH1pruK3PGCfF4nBDrzy0KwyFvWyQCA3ZRawoIeQpJnwGJYtae98fOG4bZHBEPyFiIA8JPw0M44HgHSnEmfGciKkQcUrvnMmqPNR9nBFrmRLpF/PnYeJztF9tDCe6wsWMC5FAwrvIcrWibdtXnbHzjkVXMw0jznsyYKQmxogLkRQSxihIMEyO149bRuf45sU158fHdE3FYRq5uLphcoFV17Boa9q6ZrlY0DUNKkX8bG0JriBC9cxZLt27JJvIkwenvLl+wPOrK9q6QkiJP9wz7NfopkNZS2U0/XjLz+0nRNWQkDzb9CgkT4UBu0DojmXT0DQrfMpEUWhnRhYRUM6JPEPw105wNFuWKit4eFSziZqLMRMubnm4annn3bfoh5FPPnuO0pblaoUwiidvvs7dfmJ784IvndVsXeJqu6FFUB2f8nyUrMcEPhGkwGHxOXGkwUjBxkvM0SnaDdze3s6iJ8nyyFJZjQoeRGSSBp8NwkceLCwPjzs+3BUdwe1uz7ID5xy9G1kummJVE0WtG0PieFGzGSdcCKCKRFEKhVYlH7bs6AS7ofiWj1rL3eD5Cz/xi/zAF57ww9/1Hu+azLc+uuKF1oTzFfa4oTZQjY5xmF5NYna7kl5TlLLMalnm4irmEIxcRtKxWJASn+tBhsHBbuRsdHzvo2PefnDE2aPHHKYD988/5uL+ng/uDoQsSAiuthNDktTGIISgVuUgmUWmVkWBW2pzER5FodiHiI+QYmAzRJQ0CJE5t4IkDWEWRaJhkzXT0BP2a2RwyJxx0qC7Cq0MIibaNHHW1bQExvUL1mNN1a2QeBaNZe8Ud/uR4e4FK50xTcvgApVWLKTj0Ht6EdG14rRr2eaJF/dbzpcNx61i5wKbIWBs8dkOU6KpGh60C0TO1JUgZEFrDVM2iDTxSI9c5SLylFqzEYYpa1zKGCI6jNxOgUnWeC0RIhByMXhhq6LjkCXVLEbP8+cXPH/+jJNFzXe994TGGrrlgn4YyrqwsmwOE4vGFFqd88TRcXJ6zPsffvKdjz/+4L/37he+898rnZj41Rfd/+P/5S/wb/7+f4vHrz3Fe/crMU+/Xva4Wofe1k93WX+HQNA2DYtKMoTZ+Cw0e1NxUh2RxacFsZjL6KF0WJnamCKwoqTMWKVfjYVJiSRKp2qMZpwOGCGoKsvDJw9ZdguapqKzkuF6WyIDpSbOHFetdfH0zX7dyXmEXrFoT9BDQO8jo8zEqiPlGpUltdDlxNwc0RpVrEtuAqHA6MKItS17obnJB3Ke6KMiecsYKtYxsUswZEUk8choHlWBafcJ/XpLcAfG+Izh9HWssUTnOLjA7WEqJ+EQiWEqdhtAxAKYuAxbfK2J08TgPL13DL50XiF9fuGkLF7B3hsrSUScj3S1RuRiPg/5ZdzvHLM208DIZScWUuT+cCAmcN6VCT+Zh4sVXbtCiID3U9mr+pJ7K5WaQy184d2GsgeXUhN84riuWCnBP/z0iqqqOT06YnQTL66u6fuBpqlYdh1N07BaLDlaLKmsYTz0iBy/TTgjqGyD0pLgp1e6ACUV7zw8RWfPbjfgM+x2W+6unvP0rS/hZ5vMcnXEmBU/v9U8PIMnTypSnmjiHUkpqFaYRlLVBpc0U7KcG8/JSuEOkiFUtJXGmqbk2ypDMhWHoWc3RayW7MfC9o7bgRPd0lUV3XLB3oNoa+6vLgn5g7JLDQeenHTcuUjXtNzd3+Ldjqdas2oUY55YB7h1FpsdJ005PB5GMClzqhXVrCyVSrF3iSknOiGQSaOiJ0jDLgh073l8esSdjASpmdwOOUwsG02sloRsyCqQY1GbV7WkTZaTruHZekdKUBlNkSpqpMgYLVnUJZxhO0SmJKgrxeQEf/NbL/jobse//sWnfO+br/GuhE8ub/nsEnbHK9Sb54Q5IjLGSD9OxJjKikTKOWWo2AbFXHQlghgzgTlsIGdETIiD49Q7XreaJ6+f8vjpQx4tau5vb7l7/hk32z2Xe0cfyzh43UfGVOIPpZJFuGQMIUVMwSITcsmljrO2os+Z7d6hlKLVRag2xoTPClJkSIKm0USlGaaB7foK5Q60RRmKtA2drXAxorxnWWkeLFtee3CGHLZcfPh1lsdnPHz6Btv1mvX9mnq5JPQbxn7PyYNTjpqKk6cPGSfH/W6Dj7DoLMuqRB8mX4HURNuyixBGh60KjW7XOyY38WBVbG+jqLgVhomCo2xUANOAkjwUkZhqRiEYU2JE47LA+QkZPV7XZTgXA2hR0rwQaFshlCbmwHpzz0cffUR0B777vTd5+uiM+/WW+82GbrFg8o5pcrjJsydzuqrpOsH2MGKkYOhHHj96wDd+4Wf/R++8/aX/0BjzQf7n6XQ/+ugD/uK//+f5n/2J/yXHxyfElFBSzh1g/HVRdI0xh65bXFdNUzpf0ZK0QgsJQpGcm7sFVYQUIVBp+UoUJUXGGj3HeZXCoZV8JaTQWuL8UNTNMcxZmAklJA9Ozjg5PSms3GGLlCW1yE0l1USpQtP5XNijmMaByo0k69mqBVp3pH7H5F2JSUuBEMEnT86ZURX4fgi+wDaELrzQFLFCMmrBtRRc95FhHMl+hBxxqTwYshR8bVezub1gtz9wPxVPpFQKe3MoFh5K555SoQpJUd5/ng8kLnlkjux3I5v7QEwRcmBykfhq3vLtQWefJ4jaGfjvU2A/+jJ2nLNE4xzmXXa4xdOphCy9wxw9BhktJZKErSpOzx+UDOBCFKGuLNM4zgH3hX6UYhFSkBPaKCaf8JPn6ZHh4nbNfko8ebgipsjdes1u32OMZtk2tE3Nou44WiwxEg6bNSKHQgvL5bCljJ1JVkXIFJyHFKmamlpr3nr9de53B15c3XKzXvPpxacsTx7SLI6IYcfVUBJ0joXj7uBo+wN2uSSIU6rxQE3PRV6QDnuQhX6Wk+DcLDk/9ez2I9Yoqm6BrRfFAhJAKcVu9KjseaAVbVtRiUjf9/SHRHIjuz7z4n5PazQPKss49rgQSm5pGhnpOTo64vKmYC4XyyPOqpqVUly5TBSSO1qinyAnOuFYu5ExlkPJpp9o6lNi8EgRQFboXOx2ylgGX8ArmsR9PyKFwYiABkbvKPG+BkMmE4lRI0Vg0VSchsjtdkCrQI6CQmXNBcWoBYu6QGYGF8hZobTAisxHtwf+r5tv8v7Nhn/tC6/z5vExD4bI1fUNm/WWrdYoFxFSMjqPdxGti2WphBZkcihcdKXK9xJjRCGoUuY0J5YITq3gzacPOD47QVlDOOz4+KNnfHp9x+VhYu0CkysM6rvRE5BYpVjYirNFzbIyaFWsTSmU+4YYCVGByPgcuT1MaGPRxqBTREqLi5kcM5tYLH95jIy7G1y/pzNQNTVeG7RUHC8bOmPYjgFVa54+fcKqsrz44Gucn51jmgUv1gdCvUa7nsPmln7oeXJ+glh0yFBG+1IIQhCsVkfIfsQrQ7QdatpipKJpWwKCQ5JUTUNTGxSJRk4MtuPGayoxMtgOF8CIyKoqzosrr7lKglVhSpFkhUcwhcw4BzoIqYhCElQhTuVcvPjaGjSJYX/HxcVn3Fxf8vh0yXtffIeToxUffPqMw2Hg8cNznHdkYNG1qIVkt9uzO4wcLdoSitJVHA49MUS8kG9eXz//PV/+ylf/D6VBFb+6ogtw2O/59/7Xf2rOYsx892/6zfzP/8SfhJyZpgl+jU+drbGhsXY9DcNolZCTNClkRSYK8Igs0XEijRuSMiJ3R0IpI4SudJjZx2a2BuVZ/SyEfJXBWTIIitpvnBzeeRarI977ju9ACLi/v6eqqpIVCkiZXwVrS6XKCEqUxb8QRcL/rctLMBt2soGYkZuPUaKMWckJY+0sGvLscqK2dt6bRXJIZAGT9wQf8LMi7yXoRGuN1hpBSTsyxnA9DnzqAsZopCgUr0opyAVbaZSaE4xAUYqv0hIXQtmjIkGW101zSypeDVnk/IvyZ8iCWpzDKkkJWqPIlS7gDVFGzII8j+vmdS/QaFVSeuKMdHxZlJUgpsDxyQm1NQQ/0lSaprUE5195MadxxBpNEgKjS6r54BzD6Hm0aph84LP7HQ/OzmnriuvbOza7PUprmsrQWMuybTk+WnFyfMz95TOG3Z6EoG5qKquJwZHmHGRb12Sp0aqotZPS6EWHVYZ6ecLJ8Tnb/Y7D2JOmDWJ1yojhk92BMzVyrBLdkeXeteyDRmnDMaCmAwc/QB6weJIwbLXlhZyoUkLGTCsSaRgYosFPmXGfOO0MTWOKXkGW/afSGoJnP06EFFk0ll0UbCdHv99zfn7M/fU9Fzdr3nzyAN00fHJ5z8NVxdmq5iBq3NDzhYePOB0DH17eMOWOuq4LytNn+pQIGHR23N/dskPz4PSsXEt+YqBBR1dGwVayHmAYJoTPOGnZmwWaPSILxsOBqm7RMhc4ijBoFZB4lpVhaiL3e08kvHIVMKdmGaXpaqisZPSRw+DxGZZ1hSTx85+t+fB2x5fOl3zp0QnvnJ/xbm25HwKPV0teuIrbKXCbRiZRAiFiLB1wjhktEpXwVECnFCslWFWKVVtxslry8NEDhhh4/uIF/XbDbr/nxe7AxmdCEvQedmPgdohkIThfVHS1oTK2AFtI5KSotC4WFyhajxTZTI6InB0OluB6oihUqRATqJr9wRH7HTb2RWZdN8SmIWpFrSQPT5c8OD1GI0kXnyHdRNzeIR88gBT55ocfsOo6YpiYtvf4BHW7ZHV8RFsbasqeft+P+BgQWXG0XFCJQO8HdqNhiBkXE5M0NKYEiEzKoIJGJE9bWY5C4hAFpms5FQMnFi5Zce0Uh2mkTxGjNA/9PY904GupYuNmZKhUpPkZFYUkK10yjpXESIGfBp5fX/L84gIdR77yzuu89eZrLBYdH318weWLK77nu77M8XJZlMyqUAdzBuc94+TYHobiUMiWRsPzqzUnJysr0/QDpPjngjvkf/I69vyfXb1cutrS2f7MT/09/sO/9O/zZ/93/3uOVitub+9+Bezh16JaOfTbH/v0/a/1xDA1jU3S1iILJbTWVFVdyCfKYC3N2VtvirOjk9MXz5/9gU8+/uC1lCLaWpS1iMmhtcZUhjTvuQUCHcsDrKTieFarDu89TWuxpsJYy27YkYJDKoXWihzL7kdrhRRllB1jRGbBfRRMh3u0uENpi7UKbVvUvL+suhqBoIqJfphQVcn7zcrjRl8usiwLvDuVG+Flr1kCsgutSKk5VF5BZVTJe51HuUqAQpLly72VmLOAIaQCA5hXZSgl8bEwYIUoak2R9HzNvMwxKwU4p5ch4uUAM8VAGMvOu5jS06uCzLwLEynTaEltFSiNE5HRJ4IEo4r4TUpLt1jhnZ9DCyLRO4IrHqcQA7YypFgWw8ZIvAsM/YjImaO24v1P7zG6ZtG2DOPIfhiICWqjaaqK5WLBouvomgrX77BGE5qG+82GqqnQukQstnWDMpZD37M/DGhrkEKTnSSYgEbgppL9e3ZywklaMgw90+6Kul4SJ89lv+ak08j2BG86TBgRoXQMYzTkWSdQDjgTInjG2ects2EfI6rfkZVHK81KOHZ7xbapeHC04ORIEaaerDuSUAxCsp4iNve8fnzEzUFytd2hckAkeHa1ZbnsOFqtePjwhBxXjOOE2g84lXH7exZS86gSmH6N7iPZ1MiqI2nFDs2YMkIEpvsrbmLEnp/QhsCQAzUJN/X41DAGDaaljntynLhzHcm2tDIwuR1jyKxWC4bJYUQi5YiQxZK3rEsx2g9DIY7N64wymCrFV5o5ezYV/cTBF+uIVYLdlPiZ5xs+Xg+8fb3mC4+OefPhQ778+glfrTTj5AvPNyV2h5E+RJBFcElMVEZitUHZmtWqQWuF84nNfsf7z59zf3fLdrvBx8TtGLgbC/QihMztfmLrIhnBsrYsK0NtbPHXSkFCEUS5B30oqWESzXoYSjSnEHStpXeeGEDZGoRnnDx3fU+YDnP0Yk29WHDcGYxUuGni8fkDHp4sccPA6Eam7R2vPXlMv9tw9TyUrjFEbu+3rBY1p61hfb9HVS0nrSUcthymQEiSKAwPVx0qRUL2tEbRWEjTxMYccSTviflAimWnKk1VcJ8yomzFUnuytGRd8bhyhJi4n8DncoCqwsQgF+zMEuUnfBiIwhZbYyqrpCBeojCLWtwPe65ub3jx4jmH7T3nRwveeOMxTWOYpom7zYaLq2veev0pTVWxPfQFLyoUcYqsuiVaad7/9DOc9zx9dMY0OFq7YLloGfqB5599+NXX3/6O96q6+VZO+Vff6f6Tvv7aX/urnBwf8cM/8iP8oT/4h5BKst/tf02KrZqmEX/X2r8VY/xbcobhlz1hyV9M8zg4yzmwPcM7b77xVnL9b//g/W++llPZ3ygpSgarVmhtyLOqNqRM0qXTVaoIo8ZhYLfdcHZ+xmLR4kKiaWv63XZGs5bRUKktZc8VUy4EGylKp2mrMrLO85gMsFVR6znnaaxF6bJH9j5QVRqbFZOIpOjhpRdYCAQSREmXRc6FUZSu8qV/UMw4Pq1UGc/KOeVF6AKMUKoA8PPLvzuHF8zvXSlBjoogEplcCroUzP6NORn82/UAZdScMiSfXuaEz7GH3xYITqbTcNRYhChCNy1KElAKGWsqfCpRgFXTlJ9ZKkHvSpT0l5gSITiCB1PXGFkETiFGFosFHZ6+H7jf9Tx+cEomstkf2O0GlJbUtaFrGo6XS06Pj9DAMPaFhZAiD87OqJsiroqhIqbIMHn60dFPjkaWjiPmiUW1IFGQlNM04qcysszRM/otVC2PjyumqLjejqg4UHcKm0d8VowxliAIJTHG4lQNydMJz6oqFohA4Twn15N9QEjLJBt240h2O2J0hOzpmoZVivTOsZ4CQyjs6eUyFpqW0dweNjw4WXHcOa7v1mgJK6uJxqLDRFKRtGrZ9SNZFE+xFkX4ZOkJ48CzPmGaBcYs6HVHSrDZ94i65bW2IrqRXNfFgxtGPIYsGxobGdYbpOrplaXSFZgFbhxAWDb9juBHaqNobEGASheotSHZiJERnyI+5vkw8m2QFQRtZamtZT049oNnP0Vaq6mN4urguOkdX7/a8XhxyZtnK56cHnG+OuLxyRHHuuJsaZC6KG6ltByGid3kZv1LZhgHru/u2fcHru7W3O32xCwY8lxARFl5bMdQbE0+01SWrjYsmwprFEJmhEjzAVchKWhCLYtrYjcUG15nWzZToHcR7yNBGtLk2O/W7PZ7EIJ2saTpFnSVplOSTkRef+Mpsu5Q457Ljz9ku99xd7/m4eOHjC6wvb/naOHpDweW3YLjtoboGPsBLw0PVitaI7lPmSlkKmvorCWHiJDFluRSQmhNZSw5lXF5lSeebSeWXYfOkSrtMEoSREelFedGciMqPgqGfvT0wTOQmahQVhMQfBoqtI/FAigzLscidEUBiRQD4+TYbze8uLzg/uYFtYHTowVtrXEuMGiPv7/n+fNrnj59jdcePSDEyOQcxMTR0QohJc8uL3n22XPGyc9uiczm0HO8bHl4eswHH1/w7JOP3/zK96z/jZPj82+NQ//PNAX+L+TT/Yt/6S/xF//SX+Jv/s2/yRe/8EX+nT/x77BZb37NFd4YY87/DDrunDNaa54+ecJi0Tze7PcPEiV7U0mJlGpW0/IqsUYoiRKZJOZw9Xl0KpE0TYt3jpgqpID9bk9WGqXcbLYvUHVjLUIqcnTFw/eSHZzLw0Hpl0SfUrSs0QyTo6kEiYS1ksPBk7MuXbeCKWVK6ctzF1jydIUoZnr0HP9VPA9zoLZ4tYeQs+hIqtlPTJz/j8IPNqb8ufBFWKaEQBbZUwH754BWxbLh4udgkpc78c/r6jxy5mXyU5qTvT8XXdVKsKhM4daKOXR+3g/WRtMYhXYRUdeF7KSKMjzGgGnqAt2XhRI1OY/3vqhJMzgf0FJwctTyjc+uqGtLVdXs9jvW6w2QqIylMpbTo2Mao8luJM+xb/2mZ3F0TFXXZO+ZxrHYvkzZT+V84OT4aMYXarQuu8V+HEkz/cz7AKlAGYJ39FPPvntK/eAdTg9rBjcxbu4QsSeZpoBEBFhKqHxICSE0Y7UgNSBVxuWahcksUsNhCKAslYZVVFSMJBTXm4FDEGAqpFR0dUurFQZJjnB/d8NyscDUHU3Xcdxq7tY7hn7AqAVNI7Hdgst94ZC3jSXLipBG+sEThURWDU0YONETt/c9VeuwVUNAY6qWPIxsKap9IR3ohqwkOnnWIWFNg1lkkiws3ZAFNCtqXXEIibZdcLf2IEoajlERrTUuTvP6RIOUaBHxKc35yXlWz0t0CeziRFXURrEfAv0U2E8OqwS1KYeljzeey8Md3eWWRfUZD1pLayrauqYyhsYUS1A/evbDyGGaUFKwnzzrw0TMkiQEvU+4lBFKIUV5UuymwNVuIMQCAzlqK7pKURmJlhSLWxZYMydkUcRTIglGH9GyXKOf9Y4xG850xPuR28OefiiBJXW7pGkajJI8XRhqLXGj4+jkmEZl8rBjc3fF6AZGN1HXFVbAYX1TIhySo6vKiNXUNTkI7jZ7sl4woUt3rlva2tPIgCAitGEKESMVQSiGSSJk4Cje0VQKUZ2yUh6THT54fJbsp0wae9470SAGrvOC3ZTZDyN71RFMVVLZQiysASRZt+RUsJuZEkEY3YBzA/frNZcXF+zW9ygRaWrDommJEfaHEaU1WgvuDyOroyUPz0/mTIoijBunifWnz3h+fYt3gUcPz3j7ySNSSPS9p7aacXBURoPIPPv0Wfvis49/6OTk8f+53+/cP1oKTx4++RcDx/hzf+7PAdAPPX/qT/0pgg8cDodfZxajsp89OT7GSMnF8+cENyUz+99ejlczoI2aC1BA5NLZxtKSzsItW8Yb3pNS5LNPPmMYHbeffcjjN99Cz5D1l+rdNBeQUojEPAYW5DkIQQtFGTiJeScrEdMcUD2Pt/PMc85zF0ounapIcxf7j3638+hDAEmUf5NnjVPKr7A6hd6U468AAaiZS81czMOcB5u/rYjmXDpMKyU9oRTQXLi2r2rqy7ZXvCzKiUortBRIUfbJWgoqrWYbxry/lRDj/FkoUX5+MbFs23lPKckyYpTFSEUml0I7V/qUUynOQNPWVNExuond4Hh4coSbJtbrLc5FlCnpQ8fLJUfLFj3bxcaxQC6OTs7QlaXf7Rj6A227wChVuK7TATcc5n2ipDWJfr1nO0aMMSwWC9rjBxz6A5vba2L0GCQpCXrnqd2elfYscmAbA0Fosh/oIygKvH7MkqptsNqQc+bWV1wHycLAwtYoYWltZqcWNHGNGrYMUXOyWHG+0AQfudt7umVNJRXSFM54niYs0KlI0zZMMXHcNiybwNYldqMji3nUGTM6DNSVIRiFFh3ZCXTOSJnQaeRsuWAzHnDR86A9olrfA57zeoHRkhdecbPek7VDditOjESKyNpnrK5wUdDHyJgKLrXTDTpNdLXCnB3hfZkoCKGpTcJFjda52B1zxgpRNBNSE2YBoCsqt3KfSWgqg5KCxir2Y2A3d1e9K7GBWSjCBJvJcTtEOuMJYUPImZNaF3B+TPRjIgqISTD4QCSXiD+lIMsSiAJsB89m8kwhIaViaSWrSlHr4q2VOaFEgem8PExKASmVKUmg7JSNklzuPDdTRObAYT0yhVCSgLqa2lYcNTULLbFW8rizpBQ5OT9HS8knH33I3fUVi7bBSMnZyRmHaeTm5p7XnjxAG4uIjscPT9j3jr/z4Q05Z7774YJlU7PuB5Ceh1WkO26prWJ/OLDeDxipEGTqWlOlss89Mh6rNZdBM8qKXUpsk+C8ypgwsFIBXVXELDmNPfex4mpSHIRHywaZU9FnIPAZslCkOX7Th4Fp6Nns1lx8doGOjq++9xq/4DfcHxzGtPg5/UklgZ8ckzFUteXs9BjvHUaVDOHgHILE1c0NMUZOT45o6hrnHFIqRuexVjL4gBpG2rZm8+LAT/ytv/W9r73xpe86f/zaT4fg/+USqf70n/7T/Nh/8mP8sf/+H+Pf/p/823jnmaaJX03G4L+SjlhKjNKM44S1Nuackg8OrSzGmCKEiaGg/oRESY1QmjQLklIsfkxdlexWpUDGwC/+9M+A7WhVGfelrOexUibPqjrv/aufk1BlD6vmcWsJYNAFpK814+ioK4tWEkQRhNjaUhmD835OSlFIQpnsZmavzYyte0l0Soko5tgxXu68Sr0VebYjRE9KYOvyUFczfMCFkq8qhcD5WPbDQhIEJNIr1GVtFGeqnlNgyv64TJvLuIw5v3YcfYmoqzSN0Vj9UtVdOpKYZxHabKlJqXTxRkm00gQZULYkEGmtkSIRXElTCjGUDl2IV+r7FBNZKvzkOang8naNnuP9docD49wNN0ZhbfEyK5GxVUXKmcXqmLHfU7cl7aTpFiyPT+n3W/aHHbpqGF0hg510LTkFrp5fMPnEEODgAot2y5MUWbYdQQt6H0FGktE4vWD0ARNHhGlYNKCig6S4d5HBJ6Io+33nilc75h5TL5CmYVCWq1Ew4XlQCVY243vJpo/44DF64J3zB9BV3E+R7Af2U/l5LeqazlgenpSdXK0yIjrWB8/aRV5sB/xmwvtbusbA1LOUkWgUjYbgA1fDuhSzyhBjJKA4XnXc9ZGb2xd84eyIo9WS27tbFvaE+vghW1cVCMHunosgUO0SZQ19jHjnEU2NUYaD9+zcyEmaqNuSBOZTZrvfoGxVCEPCk5TBmkz0Q6mqsRxbtS5pP350DFMRDyYyetYmVKI4EppKc5gi/eS4PXh2PrAwuUyYcp595JnJR9ZTotaaGAO7sfhBa6uolJkD5QUuBHwumM7RRaZYVjLHXUWtFZKMlQV0Iud7o+g250N+ymRROOc5zzvWOW7v5jDhxrGEPmhL13a0bUXddLy2qHhy1NLVFdJULI1kXF+xXNY8v13TLlecrhYQHPfrNU4KKi2JJaqIRVNxXHU0WrGNkSiKaFMIycIkZPRIJRgjKD+hzAJRdWQ/IGa1tfQTQWuWjSEF2HhFIHATDVooNI6DSzxsDJ0sLou60jzRgY1IvDAV22QYptJFIzVTToSUQAp8GBn3W+7v19zcXNNv7xm29zTG8IV//TexWDb8P//m32eaHHVlynM3JUbn0ZOjVS3DMGKVQrQNw77n7u6e5aLltUcPsLbifr1ju92zWi7oOsWuH1k0Fu8cwWqMtrRtzWefPXvns8uL337+2hs/7dz+81XZvywM5E/+7Z/kp//BT/Pv/m/+XVJK/Mf/0X/Mm2++ibX2FZP410xvmz8f8TokuOnbGM3gY8zORXRV9hQxR1LK834XpC6n15Ay0YlCZwoRZRVGmbnAZE7OHqC6FcuuRWmHcCXsPiUwxpRx7jy6fRk7F2bAep6RclKLUmQzhBBp21LIRC7WndraV53zy244xzmmbIZ3vBzrQkkSKdabman1bRxo8bLTzmJmVZfuVIrPu1uIRfkqJZIAogQ8i1d861mhrYqZvyify4k9p4ILKKSpMiGIfs4vnXtgOXOUpcyvRu7MAJKUQPmEBHxMOD+CEDSLZYnRwxNiQClZ0G7z9xtDKF2uLPvtEAI5RXKM3O56uuVRsWA5RwgRbRRNVWOF4uLFC2xlefvpivFwQFQ1pm7w01SY21XHi4tnXDz7iK7rOHvyOrZuOT4rXfq032ClJGhLChOnbc3F5oBWd9RnI1UamJIneY9QhgqHFppedETR0MmM8QMTmlYXtfxGHRPUAqHBq+JnjNMOFRNTEui+R9eJFQkTBg5Rc0Ajc9nd9pPn6OwBJwvF/u45yVikH8iDQx8do7XEaouQAgKse8f7Nwde9B5JwGbwo6BKA7JSBKG5G+H8aMHjTnN9d4sSDb2bUG3Nk6MV95vPmILj/OR1mqrm488GFssl7XjPuO9RquJ4uWRUFbv1LSJa7qlBKfbbHVpLdlOkspq2XXKxuSvAiMrSLpf0+57UFOuLzAGvNCJpQgxltDxPtCBjTYFMuFiSjbJSxe6TE84XMthJV7FsDIOL7CfP7TihR4FWJdWptUXoFFJmFyIaXUArMRKTZO1DKehKzszvRKRMx2qrqLSgsYXTTUqvHAUplbyiLOZJzvy8kASyKKuIzTAxuFCKt7bYrqM2lsZaHrWaRgiyUXzljQe8e35K3TZc3dxx++KS7WbL9c09QWRUjCyOl0hrcVPN/c0LVk3NNiai80hbsx4SkwskVfFb3j4pIkYkm1TWUCk7+miJceIwbci6pmkXSAG7kKikJQOVhH2AIWuOFjUhKK5HiQNO8wGbE6lAuNFSMSZBUob7VKAXKhUS36gUY4p473DDwP3tFZfPn4Pb8bgWGAZMJdj1Iz/5c1/n9/5rv5W3H3/Ms5tbzBxOr5TCOYevS23a7Qem0bHe7pgmzzBN2Lri9OiIm7s14zTSde38HM6kHIgxME4FTFIaEsluu9effvDBb/+OL33nX/Deu3/aavNfCHt5HEc++eQTAL76W77Kk8dP+Bt/429greXp06cMw4D3/l/p+DmlhLKWVbf4xw4i8/vSzjmbMxhdotqIGZmLSb3YbgqZxEdPjGWvkhHUVUVd6QLBqJZ8+Xu/yuXzF4z9gXphSdGR08vd5lwAZyVxmNFxIjNj3sr+VKkC9fbhZSZr6fh8KCdOpRQpplffi9aSGCQyyG/b1ea505WvCqaYs4Dzq63qbO6ffcjaSFSCEEu3/fI9vxylpzzTnIBARGiFSsVmNL8azIpnF0IJmVAlYSbzOYVLzEZ/Ne9aY5xDCuYowZc+35znUO7kSQJGF5FEFqsjlLWEFCF7Ukio+eaKc5HPsoziSeXB60KkVbDeDyRESUPxgWEqO/dVZ2iMRWQIWbDf90TvUUax367RVUWKie3NFaNzjP2WYfLc97eI5Hnt3S8jF0uG7S05JU67miZmtg4204gRCTdsIRqUMRyFib6PHKJkkSIhSrysGWSDTJ5aW1woFqtkl8TqHDENxQ8rOpQ0yCRJ+3ts1SOrjiHVXIwRnSdknL9PXeFlzX1U6OARGXyUCJmRWjHu11x4kHWHNYn9boefeoILrAdHazQtjqYq++8wTIgcaSrN5d6zv7igaWzZN08DmI6gKp5d3xdbSSx7TI+DqiPEzCr11DJysd1QD3tWJyc8bAMPO8PHh4F7L0gqcJ0UeXFCzIK7rDhdPkD1t4yjY7FcUUnN6ErohlWSKQQCiiRKwUpkVAJFAdtUUqO8L/tBFzCqkKR2U0CLjDW5TH4EHHcVCYXzARcCBxc5uFgElFIikWSReXnFTnOhL1pCgVC6rEyEwCiBkYX5XdwEZcJFLglbWeTP988Z+rHsmN0UGH0gZonDgG5Yrmo6ozECjrqax6uOdx+f0SwWfPjBh4TdmtEKdvfXjNPIx59+TIzFB37U1Ww2d1zu17z+8JzTRjM2hv3oGUJmcxhJwWFERq1WaCVJoUfXZ/hsCKmnZqJXCxo1EINCmZqqqkFqeh9xybCTmpQle585toKFUtyi2XnJziciGmOP6G0iycw6Rt7vK5CCtUs0ccKkzFYZJiHxfqLfbbm9vebu5hrtBh5Jx92wpqpaVFfT+4Q1ma9/+Izf9j1f4ivvvcGz64Jx1TOqM4uXzOxUMrVloeHZ2hBi5LDvkUDb1bRtXVLh6oraWnabHYfRUVWWmBJVZQtxEMHF5cU7H374wWMf3CffXnTfePu9f/mBB957Pvn0E977wnv8wA/8AH/mz/wZ3n37XR49ecR+t/9XMnqOMSJU5rf9lt/Kb/jSl4rX+Feqnfm5n//Zxd/+Oz+xzLlkVApVFMBCF1+jVhqjFDEXUYaSc7GSuoQexMSh7wnXt7z1zlu8/c7b/MLP/RzBz9FxUqCMLZQipcr4WgjA4ZybO/GSuCKFKLFtKTNOHmttobqEzBT8Kw9tygnvPeUgVsavLwVSLz/4EqogXu1ktdHzzyTNQqu5UJaSWHZKWsyFLpYyKkEaORfMXLpqQMSS2jG/aFEOy7IjFnP3Kihj7Vzyz0oHrGUJYXeeJOb3/XISMXf/KRerR85lvCbmyYCsFUtjaLsFKRXVppElHzSLYiWK0RFjwXeWfU1+td89qiQf301YW2GUZAwe7wJalptLSHDTCEoVEZcxIBTBB2LMbK6uWEpHVUnu95a2gugkt+s9D6eR7uQBebLkA7gQqY0mRU9OASEiIgUECZ/KWPzB0mNzRzQtGxKN1Kx0JnJEVtCqgcmuSKpG5ES2DVm0iGmHCxM5e1QIICHVJ/Su2CtOKk1laiQZmUaCMQyyZnQjNvUkJGk8IN2Wg2jYpJrqMJXEmZgRMaNk4rXTjn0/IpIgR0fOFaZqGd2EOyRys8RvRsb1BpUDVkkCljEZRqFoW43Jme3uwMF53nx0gpGKXb+jT5KubdlME7sPvsWjaqCvV+ztKWfLU57aSCTxC+Mtu2S4Gg33TcuDegVu4n7MZNUgsgcJ1maqKIrIzBUsZs5FwwCghcRFyFJRmcRmM5Q4T6NKco9K7KdE8AlrCgVOvlL6qzkIPpFfIhWVgJhwqWggGmte+flfRsVlBUrmEtoh8zxFEqSY5mlTmUyFVOA3zJ1s7wJSaJJQWLvgdLnEWs3ry5pKS4bDnuQGvvT6a7z1+hscdnviYcdquqe/3fPh3SVKRHwSPH3tEc557u/XVFJwvlqgtUGJzFFryJzw/s1IHST7ccQ7ePfBMX0qrIEsBfuqxmrJqTLISRNoS9xf3gOGlAxSGnpZfLOHKNiFTGM0iyPLm9WIHvfF/WFatj4gsuCQNDsfGBxY6TGqoEBrLdm6wGEKbF3P5u6G25sr1tdXnKrAd712Qm1rfmpv+drVgTcfnWArA3g2+z3/8Jc+4Du/9DZHi5b9OCJVh5Sgs8CNnr0YOD0+4ni5IMtcRFMPzunamrqyJMrnuN5sGIaJxpZJ4zCMDJUtqy6jCSnSNhWtlW93lX4qu+aTf1qN+5eaMvQTP/ETfP/3fz9/5A//EX74R36YP/QH/xDGmv+/Kp5TiqQs+Z2/4/v44he+yG63+8deWynFNPnjGFMLhSushChG69k/6kMs3W9KaCEJc3cYYiBPia6pmJxndPc4/5R33/siF88+JYxrsixFtwDTi+rNeVcsHqmMsMs8tWQ7phmkXopFREqNEopAGclKpYrAImdiEp8XWvHSCjtbhubOU4nS4WYRIb/kx760Ec2vUzjtM8RCzikquXiMjSaHQKTAMPI8j48vLVg5fe7rnUVdL226mXK0TDHN4eTi1WtnZmW4LNmoMc47blkYxuX759X3YWTG6hLinaUmxUBT1cToyh6N2cKlVHnNEJm8K4cnKWmsJiXH4DNtV4LRCyIyYCuL0RaZPT4WVaR4Od5P4KZA32+I04HupGTo3h00mz5QKxjQ2HaB0grbHeEmx/3NC1LvIGZqURKbjo9OUFoXcYwwVGrivNH0Z49IzSk6DCzdPSaMaLvgYJ8wqEXhOU/TvDYQJUd02sI4ld210LN4LBBSQCvNpErEmxSBTht01ZArw+gD5AnhD7iskcuHHGuDzR5iYLcfyLJGC0VKAmM0+qVWPWd65zHNMQdRgU8FBDPtyFKWTjYIYr/m8aJjt93TdRU5eIYxc+1G2uUZ96Plk4vnvP34GEsiG0ESGj8NjKFHCMF5LfgtS8FbbcU2wwe949l4QIcS9tAnwV1UjNFCjGgiPjlCAqMlzmdi8Og5BGAMszxxhmYsaktGFu91zLgQipfXKOYYamIuqThCgUu5WHeUxhqNkJCkIIdAQhBnGlZOReQjpZgDOAqDOfpMFGVyI2VBHMb8ciWkSGiUrTBVzbIrfPK2a2hE5nFneLKsedxK3njjdZ5/9pzd1QWPW4PyPduLb7HZ7Kgrw/JoxceXd7z28IQHXU1VST7cTWx2A+d1pq4blLbE6Nist/goOF80hJjYaosxlgtf0WbHSQUOzfN+AF1jDBxFCLVFSE1jJEPWbIJkiqoox7XCIwohzxh2Ce6ypJMbWpWxWfFABdrsCD7iYqISmUpnmjDQR8G3xorr3YGb3Y6rF9f0hzVMI/Q77LImOM8hRlaV4eYw0rtAUxmiU9RG8vWPn/HuW094+uCUX3z/GakpE8acCnOgoqBkN7sdy8WC1x4/JJPp+4lDPyGUoKksUkgWiwatJM577u43WGMwRuJcePVc39xfPWqXi0cPHr2O99O/+mi/H/3LP8qP/uUf5cd//MdfWY2Af+nFN+dyA3zf7/xB3n33C2w29//E11NK4v10nFIySuuiQUrp1c4zxoTQeaZTFQuI9BKjDTkVQVS9WJIOIy5knn/2GcO+J/ip7BDnCpRSBGTpmFPE+fDKj5v5NhUzpZBpOQcq+ADloEVjyyLf2BIM7q1hHEeELKfyPI+DhcjfptIu42n9kjg1j7OYVdo5FdJPmitczHMHLOQrj22KqRRhUcZhSglemZTmAo0qBB1JRkhFCImcI1IrJLIIq2QJOhBZlAt2Bma8FHxBLoeUVIQmkRKbmMkoXzoST6SeKVsxlpQgKRVJ5HIIyuU9KSmI80MgI6mlYL8fCSlhTUF+FsxgKnGAUjCNoaizc4ludNPI4dBze39Pu1yRQkXvIiedJQVPDJFtP3L26IyY4f7qqiglbUNzfM7Viyu0lATd8cbjU067ihgnVF2V9KR9JA97TIzIZoWkYvA1xB4vNQd7TE4JrUY6Y4pHHAG6HKS0yGiWJBFJrkRJSq3ZjSPWexa1wVvJpDvW5gykomk8Wu3RShJXT4nCkONITNBUFYuY0bqhIZGnnskJpuCQpoAV1psdg2jQlWK33rMw5UAqhMSjMNaip4HWKKbKcLfrCyUoeRxw7XqyqXn4+DFhvMW4nq7SuKjpuo63uhWZRJ8i39gnqkXDjfN8+djwxcOEIJJVxSFrpPCsp8j7B81Hg2ajMoMbULPSlVnH8VJbGOd7IqTEqq3LoRHBcWPZT4LBxfn6yfOvRRkZq3Lo0EISciROASFmsRPlcJhiIKWIlhS/rZCEUDCqSIHMCpdBGY0Suox7qwZhK7rG0mjLarGkM5Ltdk3KiacPz1mqQGsNj06PqcMB6Q4cLRv295Zp2HBUZ9596ynPbzbc3d5w2rWcnsHq+ISuktzfrdE58eDsFJ8DJ92KwUdutzsqqfBkYvQ42VBViQcLy4sBFm1DlXsOo2OSiaQVPmbCNBLZkduWMVs2UXFIgoykMpY+RBqrWdQVPgaup0wUFadiwXUMXA6ZlCULU3NiM1lI7kLGjI4mBD7ZR755c8uzq1uG+zt8vysCtNWSIUf6EHERtBSlACrN9jDy+PQIZTQ2RW42O+53B958dM7XP74sdsc5ZAVysSDmzOgjsh/Z9wPLruVoueDmfoNIRcRpreF+u2O327PZ7gjzGjDFTIyf52vf399Xt1cvnqyWJ78ys+BfVdH9R61GP/MzP8P3ff/38cf/+B9nGqdSNP4lFN/gA9//Az/I0zff4X59///zNYSUeO87KZFKz6jBlEAJtFbUdfF+8vKGSRElBJXV5JQxOnN2tMSNER8mDrs1H3/wASIHnjw+Roii6Hzp/S2AjgLxzzkRvs3HanQxw4dQxCOVNXgXcN6XnazVTN4zOk9lTRmRirJnJhev7+fj5fyKAiWY2cRzpylFJub4SmT1+RpYIHPhM5eutJzuc/6cPybkfEB46f4R8+vOySdaSkSWCJVIWbzKE335/+WYP/chU0ZtUb2UeBX/rxIFtCHmQipVsV5owCiFEsXClWNmGnukELRdh6CMof28u8xzDGNKGU3iel/+rpwV5M77YtOScwxYzKQ5zrG2FjcOvLi6JEhNZyuWi6fcXX7M7fYWH6A2krUxnJ+e02/W3Lx4zmFyJCFprAKpqBdLTk+XrLqjchCb5/4uwH7KhKmn7g+0474EixtLqDqU1BgSxEyIEqMseh4P6Koi6xLiLsnFSjEdZr+kRgePzQGdPVk1eNXiY0YOe5xRDHJFrlYoIlXokVqSPVhTc3Lk0aHHZYtTK6LcM+4K7lRZwdHRKdukOGk0NzdF7X9iG1L0+Mmzn/3vpumoQ+bF9R11pWkrjRYarxSt9nRaMB0map1QeWKKAmVr6qooQ7ebLeFoBVXFfu8QtqHRhrvtHiUS7xxpjuQIKfFbo+TZWPHxVPP84PlgO3I/BYIb2A8HRucLHjHN6MCYGT1oWe69lIs/XJgCrjhMnkie79FyvfbeI5BUWs8jGlGgCSLPObcCJTONrUq2rLJFdGdK+IOxNU3bsdCSB4sGqxU6eaQxnDYVJ12NDxOi33LIGWVr3nvjlONVx4cfP+PFJx/yzpMHfOv9DzlddSwqSNOAZsnVduDgEtfbEefgzaePuN3seH51QOsakSMni4bxkBld0aRMw8jBNMXzSqRZnpDXF7hDz8P2GJUT+/JYoVPQK8EuW2rdUufI3ZRw0hRvtMizmDQjieSkZoQljCHzPEQ+jAYZE4/ymm2u2DvL6DOH6DhMntt+5Pmu5+Lmjt39NbnfURNZ1SUww8eiy1lvtzzbDrSVQVeah0cdn91tGJwr4B6pIDpeXF/z3V96j+NFzcEnch7ZjVMRRxmFGyeqqsZ5z8XzGx6cn5SIxFjWaofrO4Zp5G69hxwLJMdYUobJFVV0U1vqynBzd8/67u4d3o065xR+zRTdl1//wY/+B/yV//tf4Uf/8o/yJ/8Xf5Lf/9/4/f/C970xRr7/B3+Qp0+fsl2v/3Nl3ALBNDrrXJA5JkxtSyaqD0hKpyRmfKPQmjy5sldNEVlXiNDT79YlfMCPHCbHrh9RhEJ3opyMpMgYpXDeE8KcbPRywT+b4MXs1S1degGrl048oCpLzpnKVoxuQms1v39FiK6oHimip1eAp9kLXFSa5aiv1LexkeckD6EEao4uYwZrvNzNqpwRshTfGBPW6pl+JZEqo0Kx+ORc4tUKyjG9ij8TlEOM92V6ILJEpM8PGi9Xzi/BHSJBFJk4i1AkogjahCSSqJUhkctYeMZ6viSHkRI+hDlebc7rzZBy8epN01DA8FYz9iPOlx27MubVwxUlyDHPJ2FHCgNVe0JTVxhj2OiGYZyQlcXWLe89rFAILl485+L6ln4q+ElygXos6rosDpyjaWpU3RGmnmF7x74fyUngNtfEZkmNAFshrS0CnKpCKos0RbxBTmg3odOA0kDdEjPouiXL11H9HdrtENpg4ojWIFSFFJLGSISq6IVBKYk+bDlsrjmEHiME0rSInFFpjxZQdx1hcmShkdrgJ4cPoOuGaduzd4K2W5KjQ2tLFkUBn0bY9BMP+x3ntYKTmhA8TdeyTi2rxYpVWCOING1F8pGcHJXUpL5ni6Jt4cnZqqART454sqhxCXovWT14gHeenVS4/RoRIrVSfHGheLdKxJOKOzre33s+O0SuxoD3sbClnWN0jv0UGXwgJU+OARKEkFE2sZCGJCS9D+iZVZ0yaFOIUa0xr0JgjDEYZYqITwoaa2isQc8JYlmUw1JdGQienBInreWN444TndkdPDs38FrbslhYPvrwAu17nixbzHLB888+5XBvYPRYPCJHHj58SN7fU+WAtg2Xm4lf/vCCRaX5jscn3A6Zz+5H1DQgY+LstMIPkRgdRmc2+x6VfNGWWEMOjiAqslWsqxWVDLx53LA+jPRSUWnFkRb0QqJIVN2SJAz7MRJCprOzoplEDhEtMj4GtFeIlCFH+pAYQuIoB5yAvU+42HPwEy+GwMV6z7PbO9a7DXLcU83vL1N0M42OBOcwdc2I5HJ34O3qmNYotK65uN8yTo6jrik6FyO4uLrn+76n4unDE37hgwuy0TgfEP3ActkhpMIaxWrVst+PfOvDjwkxcHJ0zHLR4FzJ+T5edjTzVCTEiA+BlAplJeWMNppDP/Kt999/vDg+7YL3m5e15bW3vvBro+i+VDz/5N/+Sf7oH/ujHB8f89f+6l/jzTffnDNr//mKrxCC1XLB+YMHeO8/rz7/eVaiGIlhzsxE8ZJ7KAXkkEgiYbRBzEpclCCEgLazSm8/krLgsD8wThOTG1FKEEIm57IjiikSUpwvpKLIM8agtSKGeVibv81TmwKgsNawH0YqaxBIlCxWhLL7Zfb3ilfURV6RoMS3nywKPGNOanlJrcpzNyhSGUNnKQqaMkWk0K98teSXe2nm8IGy/42xHBjmyXDBa86CK3KmDO9K0IOYfx0pBTXFRFKpcJszaCEK9jIVYHtIicRLq1Mu4rIcQclXOZzOT4x9z/HxEqNUybwMCaM/L+wxRZg/Q58ydVWEaD4EYih7p3L4mU8IKaG1wiqJjIHTk1Oyqul3G5rK0kg4evoGum6I08h+u+WDi1s+u9uiRObLj8tN+2Lv+fRmw30/ofYte99z7hIP6iO8SxALzu/uEGhvnjNFUHWxQWlty+7RVtiqsLyRqhwmhMTFTBUCmkQSmqAs2BqRj8D1JN+TJCVLVdV4JLsQUaYqYZU+UvuJPGzIbuCgu/Jvph1eJpYnZ9i6QydBFntilqhqQUAQfeC40rgworOjq+b0J1HCNE6M4igkFpTA+fr8CJESUdf04jHHFrh3JVGnPkbkgBKGlam53Ox4erzg9ZMKoWq0VLRKoLuai9sDuqqobUn7OUwjv3Qzst4eePP8lCe1Be9ZTHsen59yXBseKY84qWiqio8PkUPI3I6Riz7S+8R2mph8RJHZhXJ9Gq3L2iR4VjJz1lXsXAlxkNqUw3ZOtJWlMUX16smMfUl6enx+Sjjs2O62GGMx9KgAi6Z0lbvDGtWCzHDY7XjttaecHy84bO+R45bLIXK/PfBdX+xIYeKb3/iI467hydmKfndPszgmasUwCvohsPEbrNWI6NkfMvtUc9je8ajJPDhdlYOzbWnigU2EF33AhpFKg3OBmDK6saAsj7qK425BnwRBKBqjiGissVQZzkXEBxjkLDYSMMaISOVnaGUiCYlHzGuayBgzQ5LInNlGGIJhNw5sDwcutgeerw9st3do33OiM0lEgiw79ZAlg49oAcSI0ZKursjegTIMLlFrxXFTFX51VXEYBqwx3K43jG7izScP+flvPSOlxNFqRWVVmYKljNGaYZjYHw5orTheLXjz6ROM1vSj5zD0DEM5nHufqKwqXmFgsz+g1VxacuLTTz89rttFHWN8VXR/8Id+36+dovvya7vdst1uX1mNfvzHf5y2bXHO/apHzs65MjqcppJd+08bQ4dATClIpTM5CZJDxoG6XZaTrFHFBygFUstX/OCqrsquyiiWixYfBRcXl9yu16xnU3URBc3BATHjfcQ5N1tk1DzOnNW18+Lp5Z40pZILGlMqSUIU6pOPsSTvhNKJv9wX5/z5IeJX2KHmCyzPwAw1e2Kh7KtiSrw8Z8QQSDGjTemGXgIy0my70bqcFmWWrzCOn4udMlC8sjEWz25+GZCQUkloSQW+EVMizZ9vFon9WAD2xiSMEHRWv2IxZ1l2yFqC8wWzUbdL3DQhBBz6A01TUduacSxwFh/SnAZVlNiKMqZOKWO1wjuHdyWOS4oiOxM5v/IrV3PHkuJEdfQAlCqjxgSLhwvqtsGtL9ne3/HRzYaLuz2QeXrc8MZxS+8S4+7AWaPZh3JQCWbF1RQIL64wfiT6TKMk1mqSc8TbFwxmh7Y1QmmMsWhVxGHW1tRNh9SmdFjW4pPApIwSiTQVuEciY3WNTr5cF7oimRqvK3ZBQFScqIBaPy8HJNMWAExlUVVDjSs4P9lxyBWViQWHKkpnV2lddA3RYcctlc7U3ZL99g6VPEbXnFXQrSxtXVErCd0C4SdyCkiTuJgMN/vAxW7k0dGKR3bJO2cWTWZImRwTKyYGWTFmxTh62q6jO6kYp8Bm9LzYTFxffsq3nl+zXK34N77wBpW1PH9xQ/CG6DLHJwvesrLgL3ebMkVIoFRG6YTLkZ023BwClcicqcw4ObpK0LUtgprJjbQ5sWgluyGRZODkqGGlIEvN+jCxrIs6+WYY0Kbh8aKiO224+MwTQ8amCRkGHhoIqmU6egjesXMBpQVpe8U29mw2G7SStI1GC0utE288OOH6bksAusqwS5LN9kBnNEfHp1ze7bAi8N5r5wTnudsPxMNELSKTXpB1gx8ndKWJUXCIhbPucJzUGmErjNQMsuEzFpw3Apl2PNsGhG44asqBbcplgvWCjopI8pGExMhClivTMNAy0Qc4ZDH7IQRTlCUGNAa2Q2DX91zd33N1d8dht0a5Aw2Byli00ERVksDIGSuLCyAqjZSRHAJdXXMzDNzuDxy1NSFnmqridn8gpEhXl5HxZjdycfGCR0+e0FYWnxJKl6mh0QGlBMPkmJwjZzg7OeLR+Sk+RDa7/y97fx6r25rfdWKfZ1rTO+zhjPfeqluDazTYLhfVadsEY+xgFJxAp5uk1VKkBppEQkrSnbQ6ShQpivJPJ8rQmEYkMlEIaimIJCStBuymwTbYZvCAXWVsl6cab917z7CHd1zDM+aP33r3OTXZZWwjsHmlqzp1zzn77v2u9a7nN3y/n2/P/nBAK81i2bE/HKTg7lqsUgyjZDv71IieQRuOw9A9u7pyot35F2y8/GtZjb7pm76Jf/9/8u9ztl4zjAP/rDmCZrbVfKk96KsdupP3PpdccookOnAtlTPiz61qdEmgC9pqychVim65ZExSLWE0psDDR4/YDwMceha1wzojC6MZ+5jS7Gmdg9S5oy2dTDsQc6GtHVYL+3SaJhadcIbLKfygrkV+HyOxZKy1MiqDO/vNS0kDctDNHkI372SZRSAnOAZFiSUqZypO+b8WPQd26zLniOYTPOMFXOMkXoJCAHwp6CQpQ1or0sl6gaGokwRLRumVa+Kgyj+92WxfoQyPa2e46Bo6K4ELZNk7OyeeSaXdbHmKgAQYWOs4HA8M40guRew/SkbmqWRsKUw+gZHwihgDcf45zMzTjinPgRDCu67qmjAlwnRku91TjOXVV1/HOEsJnvG443PPr3l7O6EVPLpY8WBVcXUYGaPkID/qGvT5GV+4PrC5uWKxXHGdIufFUyvFFBM5C886TUfu20Q4brjqI9gabUQYpZzDuHZWTlqapqOuKhqjqaydxXBigzLGUVUt2jrGdk1XG1Y5oHXLEUcVI2urUSGSTEV2S3S7xlYdiYg5v0cfI9sJarMmVxPFSXKTbhe4qmbYPGUYj7TdGbpyOA2lWBbLDhUn3thH3tN2uJxYNJY+BpaVQtWZt6bC0D0k+iNvDyPPN3tSsLx+ueDBaknnDEOCPnueTBK+3mrZDT7fjAwxcX0I3PTw3ocrvuFdr9Jai8dxf91y3CXSdGAcHQsrI959yNzuj+i246gcPk3occtl07EbJ9rG8Y57F9zeXjEcb4nHLQ/OFxymkWwqlssztlfPqXThg+//Js4bx5Nnz3CrhiUBlQJT5SgqMr79Weqzc9792qvoGAiHG0qqGfqe2+OO1eN3cD1mDjfXPLhY8+ZupI2GzV52rV1X88rFghASw2FDZRW56nh7n2g6R4ojqRLi1Hl75BAqaldjjWadNTceiq24t15gjeagHHG/p/iJg8/UruOyaTlbd/TBMCVNUIazMhJzYVQW061Jdcdei15jNxUOWRFVxQNGXlM916UhzmsfbTRDEoGUL5opybNgKpnBe8ZplDzp2w3PtxvGwx4dJpoyoEvBOYfPhSEEFrXFGs0UEpEZ56mEox39RN0tWTUVtmRiTqQgnvw4r/CWXcP2eMRYzefefs6DBxcsu5br3VH0JbOtMWdZUQG89sp9mqpGKc3z62tuNjsuL9ZcrNdAYdktaNsaP02M3mMXDaYIna8UUfgfj4fF0ydPq9Oq8F/4Q/f02mw3/IW/+Bf4M3/6T3N5ecnx2PPb7S6KMRCCj0qpHGMyIWa0qbCuwTonI+8IKSSqSlG5Cp0SVV3T748MIdC15xz6I8tlx7tfeQWbCvfvn0un9pIpO+coEIEQCN5jrJ3HmmXef74QGCkjYoQM1JW7A0XklGjamlJkXFrSHGZwCnt/Edczt4oyOjXGzF26HLRZv1ARa8FPzclCshvW898rSuz/uZR5dGuFshfzzKFOM9wjkVNhUdc0NgsaU5t5/yWM5ZQSPiW5WXMhRE9brw/f+p1/8M/+6mc++60/9ZM/9Z+EmNiPE6Zt6CpzBw2xJ4KQMvhxoOQk5CEkeGLyEaU1tbGUJJ3uNExgJXwg5TKHkM9V+Dwmcs6KDzhEUT+nLMk9wTMcjxwPW1Iq9LEw9Efe9epjTF3x9HrLdiicn53ROsu9VUc2Dp8SRQ88eNTRWcWi1XSP1nzu2ZZp6um1YQyed64sg4+kkBlzoqkb1rViyIllCRz6gE+RrJC9alWjnQhXjK1xbU1b1VR1Q1W3VJXsHKO1RKOoqgaMhGscrUWJB4aSFJM9xzqFCiPaDlTtmnq1ApU55kKfDMdR3rtl0LSmxlaWql1RG80EoB2uqtEpYufiRgdP5Sp8Hikx0xtN6nvWFjA1b+QVQ/GsLh9ythy4vnpC8hs+fT3w9iHwwVfv8fqi4noQ+8pUrXg+JeIYeNZLvnTJcBgLxlRc1hGnCn6aeDp6LtXEeWeIAeIUOWTL+dmSmz4w3QQ6O3E1JXZ9IA2Zejhwtl5x24+snOP9H/wQu82G4+aaroKSFGa9Yr/fU5eEzYnD1VPqR4+4vbkG49BnK4ZhZBoHFsuW4zAwjQMPcqDOnpXNrB484AvPDTc3gasvPGHoe957ueAdFwu2g+Nqs2Xfe0LMtAYqs2RMif0YwTbUrmLTT5xXGltgdxw4Ho+sdOTxxQVbnzmOgWfbLV3T8e6LmsMQuD3KjnXZVOxKYW0CWsOqbtiwJGePtw3OWRajZ6UTcXFJTSOpSCWxGSJ9KlQI7KaymcedQYXCm150FL5ohgyHDE5lUgxsJs92GLjdHbjabtlu94ThgE4jjSpURlFw5FwIRdF7We90JVPpRFVnnDZksfijlJ39zZm2qbEl0c1c+1QSldH4kFlWGqsNlavYHHpKTCwbx/OtWB6dkTXd5APKGLqmRRVNP0zsDj1Pr665f3HBa48fcLvdM05hJgCKCCXMgTHGaMZxwi6MWPRCbMdxsP9ciFS/1a/r62v+yn/2n/Gn/t0/ycXFJcMw/LYevMY4rDGpriwhaLH2FGSkaOxd0IAk7WTGcSR5jzWOqm4YjkcWTUMKhc1hh+/3hGEglovZlvOioyov58bOnOU8W3ZKyeQsSSO5iN3Gzyrl018LM65QKU1MSXyEJ2ePerm3fcG31GYOhp8P3KKUELLmJfApfUhrTe0M4cRjVjLaJkapDqPsnK3Vc2DDiwKhFOZsy0yaJmnuS6bSIp7K04BC3X3PMcIYIpWBYRjNq49f3bz73e/7v8Rx/O6f+6f/9L9ZSmEIkdpZrBa8ppC3FFllfPA4Z2hcLarjGKkrh0bYyYfDwHEaCdNEKrB+cEHMGaM0lXOEGASEDxg7U7xOCL6ccdbA1FOniehqbsNEYwtPb3dctBW5cdTW8K+96wHXXnEoDte2PHx4nwf3H7Lf3nB9/ZwYE4c4oMORr7vo2PrC5/cTmzGwqhSXlxc0oXCcRi47R86BKZYZ7BDnjUPGlISJE5WO1FrjpxEfHAOWYhzWWhpr6CoZAbddS7X2dH7EVJq3V2c407JCioreJ5Et6JozZzmvLMFWeO3oxg26relNw3aK1NZR05FcRbQdnY3CG3cL1k1NrTNvInQrbQ3Ncs3v7SoWdcWhWPbHA/eqzDEZ9tPAq2XDWjt+sbqHevgeXj9f0YRbPv504uNPD0QMy0rjjZMRXlb4XLieElMomBQoRbFyBkpiGHuGo+Vh1xIPA+5sxWpl6afMSEVdNTw6F2DK872n+IgfRrJ2KAX3lx2N09w8eZOLWlOXkWPw9D5St60UY8cD54sKnT36eMPV20VUzodbrrc7lk3LainvxWb0pAyU53QOprbBu56mrbDOkYLnXfdW3L9ccX0UzOH5oiUqIaw9PKs5HAeeb7cMpcYtzlHOYjGklNEpcTUZlo1Bac3tPuDnpKBlU3NdP8CXkeQPEDV1Ba5ynLsG0kQfFZ9Vl+SkOOsatrlhURKlshyArFv6AFNIVLoIMpeIKwmjYMqKN0KNT9wRtAY0vhTSNDD4gV0/8LnNjmebHYfjgTgNuBJZaIWtNL4oOUi1IiLrKGsEcxtiYGlFB5IKRB9RyqCMQRUloJqsyKqwrBzWaMbJ0zlDP3iWbYOzGmNgPwzsdj2tdVhj0EUiQguFkBI2RoIx7I8DVms2hz0PLi/omobr6y25iIuhmieLpcD+MFAZEc2FmCBn2evnghqHX1M/9C/soQvw5MkT/vJf+X/wp/7kn2K9Wt1Rm367EJFKqdTUVUlJdos5TOTRok+RfiXTNDW2qkCJSCDmRFVVHHc7uamcsJV12+IVDFMvnq7yMnQRuXlSku4xJTlgOaX9SHeolVieYsx0i4ZclHA/g+D4TragmMRjGkKYR8WSIfryhRdUhpnD5oW4VZIoYcG+2L/OI2mtZfeltPyRPHOQC1HGyloOT+aQg5LyHB4t4/OjjwxJuLJ6BmXMKiv5dRbGbCrCW90Pw+L7f+C//N9/13d/9//iv/3H/vh/cNjvHn36M5/7qDaGvfesKoeZCwajhdaltaTjVE4zDAFbNNbV6AYoiUXXkIHVoqXvvaD5ckIbLcXTUcboksw0q8dLQRmHLuKzbCuNoqbOhWfHiRgiRlti8gxDZFm3vLp2vP2Z5/j6gvsXr3L/7IKHjx4x7Z/jhz0xy7itLg5HII4TOWa0gj5G3nexos81i3FPo4vACoIEo4ciu96Coa4qFpVDk7EGWqsoRjPlwhRH/JDZl8JRzVW+ddjbHYtFy/1Ks153VPce487PUUpsI04pJmextqIxmYOfeBoTC9fRaU3tMhbLsWQsWYRrxpLUrFyvGrSraFpL04+MQUF3ga07/BAYhsQhZepc2CbDVDQX41N0jizqjg91E7f+FY7OcVkqfk8TeePqik/eJD74oGKRBpZ+4g39GmPMTHkiBOFna1MR3H1u6jPqumFdjjRxz9Y2eOUYh4QKI/useDJq0hDoQ+LhxYpmWVAkpnHC1g3OKkK0VAr87oo2B2pTsChsGvjM1Y6mbVg08tD2BTbPn5Gyoju/R2ctnYno7MkxE7KiL4ZOW86WSw4hsX/6nAcP7vPqwzOmw57zVUcyHZvNhgMVZ8sFbdNTW0cfC344ii2uZHzMHKaJ+51lZRTPBospicvagbX4MVI0PN8esKbi01PDTdR8qI5cqi237hJvDEuTcAl6W3GYGiqteFoMlMjTaFhZmYQNQyApg9YwZY0rgbVO8/pLxJNPhoRGEseOGfYpMviBfnPN7c0tV4eBbX8gjD06R6pTkpLWGAW2wJDF01+KwlmFpRB8koAULYdyKQLE8bnQGFm/pSRi1JhBxcyqrVFJCtXBT4TZnmnmlVI/DtSVTLPU/D2gxaoYfMAoJUW2dbRNzWLRkGJmsz+yWnQsKsswDeyuDhyPI4dhoKksl+fMz4N5qhZ8zEX9upmy/8IeuqeD9/v+0vfxP/j3/gxN2/y2ISR1jqScotG6WC2V0JRBRXm4GK1xtibGTNM5zs7PuMmZw2GPq1oShd1ux2LRsVp0qFde5cGjx2gy17c7cjKz31UW7LpId5nnTquUF1CLMiuRrXGCcIxpFn9I5mlOiZgyWlrju3y+zBcHwhd1yslVsodVUjxopU6EgPnPidnbJMHgichJxrAnIhVFPmjGWHQq4tPVhpDizI2V/W6MgZiyjKUwVNbOkA4RWNlZQS3WoEyUdgCfi/6FX/6lP65UWf/b/86/82/8/j/wHf/z7e6/+Mvb3e6dk9Y4nemcReuCLQZrFCVnNA6NIswdibaWse+xStN2HXXbEGPEx4zTd/4p0lyg5FNEoWQIkpP4iWvrcFoRU8YU2PaeEoNcg5xoTaafJr5wHDhOjhHDvfWSKUR+6Rc/yac/9fOSxOKTrCHaBdou2O43XI9BkH8hMhmD95F6Tko69keOfY+zmrZpUFqQkbWzNFVFKZlUFAkn4e1q7txNIYZJ/NxR9t/WVOjhyGZjubGGRetY3e7p7j9m3S04M5qurVAqcOUW/FxsWfk9MLLXa3xMRC0Rk8cEJmqsTuSh51gmiBN1HijNKxzqBbEKKAJRWSoDkzI8HwI3x4lX1g24FhUT71hVfCE/4CpPXJTAWgf2RdOqwDc8Kvzk6v1snj+V3eI0sR8t09JzO0Z2odDkiC6R4hb4FPi8r9mFMx42iT4e6Ksznl4PXB96Xq0Hemu5Lpn9rlD7zPq8ZdjdoHPkfNUJgarf4Q8ji6ZhOPZgDReXZ5QQiDFz8E8JSvG+Vx6Tx4Hd4cBFZ7mnDZOtJRVr8uyPPQ8uL3jfex5xTIpxGOnHQFs7Igtu9hMpefY+kWKFU4WNz6BGcm5IVJAKm/2etQ6cr5bcN5ojmV/dGbZRYZuKPkfe1RYqAzF6puL4dFpzyRWlWpCmxOemilUyvGJrkrFMqmEKI0syxVQ4lbguHWs/cMyKY9E4M3sbsqZx4GOGJAUXM2J2mnOgc1GEkulj4vkw8GyzY3N7w3aOvHS60DoDJOFKaw3akDV3BL27cBMFTik6C0Epjh5ChsYUfFKgzN1U0Giw2hLQ+LEQQkRRqCrNoq45jhFXPA4pbMv8+e46iTf0Pkg0ppE9tIg704yJle/r6bMbeabUlv3+SN/LNS+lsFwsqOqKVAp+ijSNmSln4LSZtNbpX+pD9zRq/ov/17/I/+x/+h/Qdb89B29VVVhrfEwzX6YY+mGUizyPcherJeOhv8uyzTkzDIMIhcTny9n5JTlluqbm0eNHXD95m+dXGwoyFsl5Ho9m4a4qY+46UTX/XFZpESoVqKwj2YKfPF13UrHWoh5WCGXKirioFBl96BlHJ7t8NVd26g7faJSZOcZxNvMrihGDf5mj8HKMaGtA2zt6VvABNSMkT7KvU2pQKVKxGqMl37QSMIRC0jlkHC3KYH0XD+gJMw7PasXCKobt9Ueunl3919/3gfd//8eefPT7/sE/+Af/6xCz61XAWSMUKrKMeRTEmFm2LefrFcbKuL2uK4ySSEalNT4kaisZnylHKIaYxNZ02gXfFV/GUHyiaxqM0lwdAiVO7IcRRSFiOT9fUrUdN/01b213PBsaXr33ABUmrp+/jQ09SSWsqygesAI4UcoyKMN6tSCPgX0/kKmIKbM8a0nJ4aeRi/MzEY2kRIgZakm2mjEmQv0qwr5GS9zY5thLgtIcZCGxlZ5l00DJ7EPhMGiu9hPuasuybTlbtKzPz1msVnSrxCF4HuWBJieKsrjlkpIy09M3KZtrDk1Nf/6IlTO0qnDoa1qnsFqx87Cno2kVkYpjsSjX8TwMfGY74HXilTPJy3XtAqtW7G8zz54d0OYJF7ZmXyJPYsVtMLz+4JwhFOoyEuwZJk3sp0yfNQZLk0fsuOFCewbl6OOKoy+EbFCMWL/lzCiSbrhNDceccSTWXc3b+8ikOmyb2PcHVlZRNY7zxpB04TpavvB8x1mf+LrX7nNxZvlASkz7HSqMnJ+tOHMQUUQUV/sjyTZUXcd+Crxxc+BdrzS896zj89ly3RsOwaBSZFEVBl/YpIZtaFhRqLsldfH4GPA0kDNuseLx+oLWaUwYOCcz3lvxvKx5VhTrNrGvFnjbkfyeXx0tv1rO+PrO8o3VFcdQ+NW0koPEtZBhyFBoyaYCpXncwfUAYxJRo9OWKYmCX1s4BNEaFApWZexMspty4ZgKUwhsjwee7Xqe3W7YbK6J04gBnILGSNHdzyhRVWRslrMSEM4c8JDKidmu8TMFcFkXtAZnZWqwF5OBBFcIuQhdNFpnKjVhk0Iby71OMwYjVDASxihIihhhvRLAkVh/IihojaVx7q7xUArapmHddUxzQM9qteR2s6UJFU3T0jU1u/0gAtcUaXSNUoK4dUZ5pVX8l/7QFVvRnj/3vf8p/9F/+B9yfn5OCIEY428ZxaqqKipX+ZRSKlkRS5pD4vOcyZqw1onCNHjSNIjFREmHYmef5/r8nKurG4wy3L93ydXbb5HmearsayVPVylm/ip3LOJTHJ3WWnauMxWrckYip7KDLEklYQZTFCUZvNPMPi5I5qoUDnNxUmR/q+Yhs3SvEnavEFaymoMCXsTsmXmkziwsmg+kUyc925mMlg+QnpturWBRy05Ra8UUotTId0Iy8eYqFKlIB65VRisr6MgC2/1m1WxqvvEjH/1Lt7ebj33iE5/44z4WdqMHbbBKiY9WMFiknKirSq7RrHBWd4p0+eC0bQN5nBNdxONcZiX3KS5RvkYhZehqh7GOHCcKmdViQa46luszHqw7jN+TEOtMbSpqA/0wSNyX1miVcTpBrYlKgtUPY8SWzLKp2E+RkoWOpLSMvfrdHkXm7OKSOPXsd1tiyWQkek6hBEBhHKVA9BPbYz8fuF9eXEuySqZxhUOQkbRVkX6/Y9htudaKpm1ZnZ2zPDujXbY8bzvuVYYzXRHRqP0t/ad/HrN7yrS6wDf3ubeoWOeBUDSquY8KA4wDpIKtK2yz4GBbNinypt7xxO/QR3geDJUf6HPNVhd27WOOxzeprj7No8tzetuySS3rSrHLDVZNvN2+zkM70hy2GL2gUuI7LiGj8oTTPbpZM8WJ/RSIucGomsYuSY0jYKDU1DEQ08DbwXL/rPDgckk0iqe3R+I4MGYBXxAjbeXQlxcQPbvbDdVZx3senNG3hjxrFt4+RJ4fBh7cu2R5eZ/jMPD09oDWjnVr8OPI1rWU5oJdLIzHPTkWznLh1abi4AO+36JaS9I1o2o4xkRdOcai6PMC4yOPSFy2Z4wh0vQDQ2xo2oa2bXjL15jQUjsHTeEDxXNfD0LM0oVzV6jrlqQTWjesKYwJ9skSlCBTSxIrTk2mUVnGtRSIgZAzAcnSFqZ1ZhsKu1GsOtebG55utmx3vQBnVKaZGQYRiFlhZ+BNjInECzRtLnqO6SygobFCXvMpE5WWiZqOgtd1Dp8KsUiRH4tGiwQGowuVSyyMZx8juyGJm6GRv6NGSWgLKczhEoaS5XspIaIYaZtKIEQ54aybBaya1rZMIbLZ7/AhYq3sb2NKWKtprCHFJBM3LSCeEHPS/7KPl79I1bzZ8Oe+98/zZ/7Mn2G5WPDo0aPfsj1vVTXUTeOV0qkQBKiRZbEfshJP5zjh/YQtkdpWNC2QIxrBnymdaVcrzoumaRq6tmX0/k6oJJ3hC2CFmvMyU4ozQWrGKJo5mzaLatgaSxlHYsyi3tUGO4O7tRF6RylFCFdJOt1w140i1Z5Sd7QrpU7QihcaZ3W3BzQYKyPPUphTVebEH0FlShBBfulrZJActTwfJFBChJzwKaLQjCmTFDSVQ83FxxTTjFq0jESmBBer9VXj3Ge2Nzc0Xff0mz/2sf/Ndrt99KlPf+pbApr9ONHMo9K6aYDIFIIom62Z8y3nkfHcyS7aCu8nSYNyDbF4lAyEZiSmUK5cVXHRtEw+YeboRhUndNjjzl/j697xmLptUSTS7SCeXm1xOmNLZNKWYBwxBRbWoYqMxUuJDP0gsHylqVHEGESVnmGcJna3V2y3W2L0+FSorOzKclbYqpIQb2PQWiDzkNn3kdvdcX6YqZe82S8K0YLBifKFddfw4Kzh81dHphkHuj8e2e97qqdPcE3FcrlmfXHO+dFzr9tQ+yMFx3nVwWFHHnZsQsOz/RYVJ9LlK8RFB+E5lYo4DK6rGYrlyRTZYVGLFePqjCdesfCKzVhwa0cEhuqcqJ9yOyU+eOnY6opiW/Y+UxVLTonnSbOsF5hUsVCeykd08kQKz9SatVnyanyb7bFwXL/Cwihui+PW17xaeSqnyDFSiqEunvuu5pAl0OJ81ZA9NHXNMUHRjge15uxyyWa353p7IKeMbw4YV3FMis9fXfHsKKzzdozoRUXJgwQodB22CBTn4EV9+8qq4emcLlaXI10beZjh6b7HsCKWzKEYBtWwC4bKwTEWNh6WVtP30Ec3TxgUTZrIOVEbmVb1OXPPeB7ZifN0oI+gTMPDBnxSROMkpjJk+jnFoc+Fg89UKhHncJNWB2pVCFkxZXBFMsenKLSw62Hird2Bq5stV5tbjvsdPkyUMImot64oRt/tYXOSArvMwSwSXqJmnnshzlpVO6eTGW2wKAY/ysi40iRjMCTWtXARjMmy704aZSHFwtEnIguGlAkpkpJiSDJhSnPYSooSaqLntZiZ6Xs5F/phYrlcgJLwmlXbsu97dvsjxlisE1b+2XopVEGjqesGp5GJoAi8GUdPLCpWxuWvIGf9l/PQBXh+9Zz/+H/3H/PBD3yQ/+6f+Lfu+Mr8Jhteay2bzWbURns1d58heRa6gZwYp0DwIzEGkjVUi5bWGPabLcELe7atK3LKLFcLHr/yGGs10zQJ7UWLtUabOVN2VsiWLIerYCNmyXCBnERZVytRV5Yi9CRnDcYKKWsKHlcMpzifnIT9JF8z3R3sxhjMiZoyH8U5yYeC+dclZxF3KbH0nBJSyDMYg3wXjZeyICG1mm/olO8yRX2UpJZK5NfJ1c3W2ippyMf+uLjtxyVF/MrdarU1yu73w/RAq1I3bes/8q/91/7qxcW9nxmGfg6cDh//xm/6xv+oH45/4c033/4mkBu9XhSMq9BZkUuchWpljgEE5wxVpbBWSFl59ms5axljEriDkQCINPv1Qsy8+vgBt7cbhv1AiAGdI05rKmOIfmLsD5zfe4Cqllh7g1FSPIQCU4xoY7EKjJKf8ThJpx/nWMUpFryZ1wpKRvtxPDBMRSLixpHnmyMPLtcs6oass/zdUlF0AWXRWrM7Hrnd9/ODyPCVzPjlJTB7jIlYEM+vgvPVgocP7zOMnifPrtnvD/THnsN2z83VDd3qKev1ksX6jGV7Tll3LKcDORfejBZvHvOe8oyiDVf1Pag9OR6YVEOTCpRAuH1C2HqGKaF94klqeVe1Ig0jV2Ni5RRLnRmXD1mYHUOGT3mHjrfousbrFovs/Q/JkGMSclUYKCVC0UzF4vsNj7oDTbXg45sb3q4veH2hGX0ixiMH7Rh0y6vLDhsG3hodMY/U1vHobMV+rBj6g0TpVQ37XpCW2dbkGt7sPcdxoG0ym6S4GSzLpmN9dklbWxp/IBswl5f4secQNCutqOOekkcG85DRnHPBhtWw45DPeKob9uWKQk3nLGnwDDiUtRxDgRI5r6Am8plpQdEWpRIPG82q9FwNiWgLb4+Rw+D5xsVAblq25oK2eMwRVmHPnppdWeFD5vmkEZROwZA40xEKBJIEe4TCQmd8UWxVTUqKwzQwDQf2ux1v3+652m2Z+p5p6iEHwbXmDMqg57WbUgLcQc3QmRn4k5nbUy3JaHoG/YAkrUUloCA9Z2hPAVQxdLbQucTRgy6Gzhr2vshu18AUM1eDIqiKRQV9zPRJMK7yfQhMKAZ5fmb1AlSkraSPnUrV7XZHSSJqtVbT1I6qkrhPsijAU4gMxyODKizaWjLDp4AxlmHwcQxDUr9TOt2XX7/0y7/E9/6nf55v/ZZvwRhDipHfzMlbKNRVPVSuPnofHlgL4xQYpyDoxhjxPqAU9OPAwlqslQd3zpnFumE6HkjTRLtakEvkuBvp+4ky21CYx6enHlMpRUbGFacDUSk5AJRRwnZGC5qSQuUqkc/HJBxYK3SkVERFLJ2yiBbu/EMz6lHNtiUZqeq7nbQ6pRJlmQ2nNHOLzYtkHmbRU0Gqw5IjMaQ5B1TNLmLudhydVjTa8oFv+oa/j7Xfe/3kWd+1bX719Xd+8Ed+5Mf+l8Pu5p2VNXzbt3zr9+uq+YEf/MEf/l+ZNH1wVXf7i/PzH1PGhG6xeJEWBD/2oQ9//f8o+PifPHn6/GPWGqbJU3ICJTtwo+/SGu7oWGhJoJF0JHnfjZGfs8zdoTGaGCQtZhgGtpsbxuNxHkEnNAZTL1GuIaVAVVdoZzGLNd2iY1mPWG2IOeGPPSZ4IUWVRM6e/VjQVY11lug9poDN0NQNTdNJQlAR3/VhiOQiYJTdYWTxcEVjFMNLo+MYI74f2GwOjCHMGM/0JRaFcnoryCpTlCGnCCVTVCVCrJxpq5qz1ZKuq+mPA9vtge3+wDgN7PzEcX+kvt7RLTtu2pr7i456O+LUDXG94JWqYxFHRu8xIdHvN1z7jB8P6NUDAppmvUbrSJhG9pMj1oWWyCEGRrfgcTVwjHDfKcb+gHL3af2OfWqhrXjYAtPANi9Y2EI69pAjxXaoEnF5ZKkOeCyOwsX0hL1a0C/PaO2Ej5k23LKqBhyJQ8jcTIGzRUVjFMEojjETY6EqBbRm5xVpNxC1YsgQi6JPsN2PTBQuzy+5X0WepIpj7ujKAV0CddWhnGacMn5KnC0dg2nZjoW1ueU1dcNRa35xX5FszeuPHzPsbrmaKqg7Fs0CqxW+FMZJE8rE87TgoGpqV/GkwEfqnmNa8twbKi3PibZKbGmpgiFgoTQEk/EhEpVmmjJTyIQMrYPjGEFnrNbIzCeTlGZAQlOGlLnyA9f7A5vbG/bbG3aHA2EaUXEiBo8uZXZQWEJK+JxRqsyUOhFNGS1gIaVOOdwyECulYFTBWENO80TKnJLl48wFkNXamAylaPHpJmT/azLOFFCVdOlKSyfvC2NWGGVoNAyqkO5YB7yYiBmJTEwkTDmNu/PsxtAS+1dVPFjeJ2eZpEVfOIZRpo4lM0wjViua2jGOXrz/ujCFEKZU8u/IQxdgvz/wT3764/zBP/gH7ljFv8ludzAbfZREGo2PmWmMhCx83JQyxlrGcWKaJHxd+L1BHpYxcHv1hKp9NyUlnrz1Fvtjj62XpDjKuGXOwpXdxEseXSSJx2iJ1auVQxu5GabJU9cV1mpCTExTmJN8DD4FYph5werk9T1F9Ek3esJAKq3uduD5Ljn3pYpTzVgNNaf4GH3nwStZSE3C1z39+ouf9UqpqFXJPsTKWZtfe8c7/97Zxfl/0b/+brqu4/7Dh//wZz/+iX8z7W/eWevE+aJ745V3f933/9RP/uT/8Pmb2w8+vH9PofSktSJlhXOV7EpyQin1Yx/80If/bC7lz7317Or3j9OIHwe6tsKdQsPnjjVliSGcYsQZEZEpYyhxFo2lNKu2pco9xb7lAtc3G5wxaGfxfhK7gs5UdUW1PBOfcYzokqnqhlcuV5zrzG4KPPcelyNjSmAjqkT64DAlYLPAAl5dVtS2sB2nO0GIBUHUJcXtBKta4bOQqkrKJDS2ciilqIzmsN9znClrdwENp1P29L9z0aW1FIeKLBafedMQY+JmswEFi8WCi7MVdVVxtl4yjAO3t3v6ceQwDYyHLYfKcd12VO2G5fqaw/0LpoXjvUvDUu9ZT5kyHBmefY5Pv23Rr38z/eW7SK5luQqwuyWmyDZCVy95aDVeBYpzvM9ZhrFm6RSPzchtWTNGQwgy5n+HOjAoQ6cNloGDSkQr112PW6yCySzYbHsWOvLeLkhCj1bUdcv79J5GbfnlvmPQLY+rSJ8N19HRmop1HbgdDJ5CmyPLZY0OE9lPLJSlqws5Si5uBXRq4jBE9qUh+S11PLBcremKKPh1uyJFT8qRxcLxjjRA9jR1zcF15KHGpCg6AqsI1rHqHPuS2A2euqppK8NoWiiF2ipqVSjK8jR17KKmUhM6FxrnQEu4wkXec1MaPjdUPG4VVdsw+UzwAo9ZOUNKESEmQ59gKjBmxZQ1Q4yM08Rxv+X5zS3PNjum/oCKnkpldIlsJ49WiotlR+UMKEMIkd57MnNOt5YxsmhDkOdYFgqfVkYseoo7ElulFSGfXBdiFUIC3qAU+qiZsqGxEswXQqJxhrHINJA8iwznNLRcpBhPiOAQpclFM06zL18ptEpzqpogYlMuOKOou4r1cnknNM05oYtGkbDWymdWWZjMncUwZ4H2hBDRRk9niy7+OtPlf3kPXVE2X/FDP/TDfPu3/wF+PQrI15LBkEs+nnacMUlYdcqJrBU+JRpl5rFwnlPw5M8Nw4CyjnF/RX98QNu2XD2/Ej6zs8RQCDnNAQFpvgHlgougyswMY/VS5zbDyJN4gVNK85/JVMaKhL7kF0popcRX6/PduFHLeviLQumVmqP0soxoJPRd6BoSPWhnGDikmFBmRkQCIUWqqkJRmHwERMI/TYF2tfr4er365NXbb/2Ji8uz/cOHD3/ilVfeQSbjnGPoB/Po8YO33/zsZzHGUYwZldbbD7z//X83+vHxu97/gb/XdYtPiIiizAWCetlH/VMf+vDX/9nEJ/9P293uD8fgKY2TWMS5IHJWk0NiDGHmShtRPWrxVds7OpYjRsmAPYVdqLohhYydVRolSVhDLoqSJDN58+wJU/AslufU9YJFPZDGAVUydVOjtaIfjiQT54IsM8ZAnSrWbUtRihAi4zDifeCViyVNVaFJNEYSXEqZedogaVTzuBysjFRzIX3Zp7rcsbRfDriwSrjfSovKuOQ0j9ml8DNWU1JmnJNTlIblosMYzf5wZJo8U4iMo2f0EXM40m9v2Vw943Pdip87W/LocuJdq4aH1T0W7S3quCcBuVuCT1itYH1OyBM3cSSguWcNr+qem1wTbMOjpUeZht2UuVQTVd1xHSObY8/9laU1gSErFrVlPO4pYYt2NZWGqBy7ACHLGuS+CRibKLFnwUBtDalozhzcXzgohv3tRC4B7WqSMkRbga1pbeS1s4aNbyibjSjwVWQYFLshsaoM2Q+8MTYc25oHLqFUx3Ws2B8T2I5oK1Y24u3EAz1RGs1n+5Y3/DmKzNe3B1JW3E6ZVYncW8FUGdToKU4z5sKy0dSVYVECGIUpIzlrNr6mj5Gz3Av6U4nyth4PlLJjXRseVJopaRqdMXO4ijOKIXh8kMNmSpo+JVIM7PzEzRDZHA/c7PbsNjdMY4/LiVpljFXEBLtBJisPVx0xJZ5vj0QUqiQUmqrSFJVl6sZc5M+F/inAxCgwSFEdi+QOFxQhFUI5dcsFA1jjZpW+FNSHSUJIVs5SWRhzojaFrlJzalRhTEKoS3NnXbSWmFA9r8WYu+YsRaiaNTIpRPr5vfEhzqwCEaHGnO4maSllDv2B59cblm3N+XqJUkK2GsaJul4czs8vfcn5d+6hexJY/fAP/z0++tGP/qY6Xq31VIrurTFkYPKBunagCmGc6IeRerm46ymKmqPjKIRpIiuNigfsky/Qdh37wyB7UiREgDliTw7agNF2ViuXea+R7w4JPf9HYgw4V8kQN4styVotGbsxEYOgHXMqL3CTLz2A1Wm8rMtd1+pmuIVK8y64gJkf0lpDKaI2NPNIPM5Gc5CD2FgJsT9ZhAuicNZKffYbfu83/qXx3e9+4+xsdXtxee/HBPMYVAyxOOf6j3zko3/h2Vtv1Wdnl+vX3/Wev30chvj666//+fVq+ddfe+2db+ecty+6t5eG/0UYqUrrf/pN3/iN/+PPfOaz3xtS+u4QgkpGUxsRRxSl5mmBGOuNPVmWCklrnK6wVaRuGlEd2kGwm/O1UVoTfCTkSfbn89cctlvG7RYfIv3oud0eeOXxI5qm48lh4MltjzIV95cLKiK7Y6CPompcNIZl16Drjjd2t7IjC5lFXfHq5YpQNDebDYfRo1RhCAWlM3GcxV8KwvFAQVOMZfDhKwZbvBBvqLvwCWfmAHZlqIwhRxGItW3LvXvnpJhF4Z3BWcs0x94ppem6lrpuCd4zTAOTT6TgGWMg+InjoWe72fD20+d8br3g0cU5725f5d496LoLTByosihUY4yEquKooBk2PI8O1cDCjnzhmNEGMJFtqSnU6JR45DzHlNhOcFZnWi373YpIyYEyRarlAq2529PfTpp0iCxsYMoQtGYXFKSIU4aFVTw/BA67PeuupiuwzZF7y5paw9pZEQKlwGrdoXOkjBO6WRNyodWeWoOtW1K95KpuUHQsQ4+xhk+r+zxQI7Gq+Jl4j0/vd5zrKF+neKJyOBSLWqFy4kFlSFbIc52LtFXDW31iZQ33Ko1TRmAwKbE77iEuWClorJEiM3qK1kSluJ4MZzbzSuXZZcvGC8kLCmOIDD4xYok5cRxH+mlk7Huebjc83e7ZH2V6VKnM0iqs04wxMUyRwxiojObRumOKmevDwJSyrJ9OAlGd7p5dioJTFh8Sk8+zz1YK33ziEZSEMpoxi4UQCj5lrCqcNY7aWSafZTcrVpEZFlIYsyGGgsuZ2hZizvgsupOVM1w2limO8vmYH6b96PEh0mgHRbC2FoX3I7fbka5p6bqGcZqwRgSsPopQ99iP7Pa9FNFhRDE7Ior4hLWG/bHn1YuHm9deecWnlH5nH7oyat7zMz/zM3zbt33bLFH/jduJtNZDiGFfhjSLlwrDMEq1RpHAZ60IwWOreraUyH7T2UgoFpM0OQ584XNf4Pp2g3GVjDxnYlPOEu6ttWaaPCkn2SvGOGMUhRiFUqQkN1Pr1BzMHvHB09rFXD1mYopzilK+o8WUOZieOT5QxAqnjtYQo5jbRSAlVC2VCnYOei9zWsjJGnSKJJRsS1EypxNoPOU7PzCU+vV3vfOTX/jsZ37MSLJTyfKbpZSiQoxFKf0Tj1999U9+00c/tlisVpvd4YhS6raqqttTmMMXEywVZk7bKbMmsHLVL33kIx/5P//iL//y109+emdTOXTlZh+wdNWEQAiZ7Iq8b1EqW2tkZGWMoa4rGSUbqaYlyCGLv1cVnDIiPImFZeXxAYYxSZU9eZ5v97z/4Yqqsky64rg/kqPnnRctF4sLNofAmJD0KV3xfHPDfrcj58yqbXj/43t0bcM+AN2KZSsCuDxOlBjo+5667dDOoqqOQiEGP4vGfn2VgkK6W0Wa/dialBMycdMvEq7mTiinMhesspuz2lJyBKWoq5q6klASH6KsVGJEhYl4UIy7LVc3Wz6/Pufy8pJ7/jkPV0e6bkHpliiVKdowUnFUFRWat3zh9SwThCc0uP7IJiVM3RGUZq0il61lOBzQw4Ctz9gEwDiwBZcn8nRkMjU4zZgKVAuStvSTJyaga9hkRSwj9xt5wG/7nlUtIQzRT3TJYxRyj83vnS0R7zMXq4ZsNG8eDFNVs/U7Ur1mqNeoceRZctS1pWlXDLrBhoKNPROOUGp+wZ/xih54l7qhS3uWdYuxBqML97qKrFr6qcemLbU1NE3FVBRLU3AlUXJiTBabM0Zlzq0UchHFbYCjTzQOrOtYG0+nA1lrSjb0STy4ISbGmOhT4jYE9ocjt7fX3OyObIYjx34ghoBVgpdsaotRmT4kRp84ThONtbx6sWQcJ253RzD67vCKyHMtZEWJGTMLqAhJ8rOV4sHFOd5PeJ9QRqGNcOIpUbCwac4VPwV4KgtoQkkUheAhAa0KIUEyYuOsgCkWxlzkXi+Zi85xb9myGSO5jHc8g/3Qsz/sseZsnhJA0Up4y7sdy2VH27ZzgyHiwzBrV6Yp4KeAdY7zlUQlVtaQUyoYrUqBaRy5d+/esw984IP+Lk72d/KhK17eHT/5kz/J7//9v5+2bfn1fvAv5y+b47E/bvIsM5e9Q6CrZWyotWIYRuHhxgBa47QmK7EkWK3I2nJ7uyOpwDBMVKtzOZijvyOvpHSXAyQFQjrtdWX/YWbFsVICpw8hUjk3E1yMUJ+swB9QkGfrTS6yo707OAXkIt3tnIN7Ek9pPWfMzsSMrMvsBS2zD81KMo/RKCUHdczpLknoNKI5ZfqSYNEt9X6/s4v1ukQ/CedU6xP9qrzUmQ1KqeGLlbblK64HXFXz4NGrPHykXkxOCxhrfv7zX3jzyk/+ncyiDK0UJYEvkoscQyRajXMaNUWmmOi0QVOIIQgQxRgqI968HKNoyJV8eH1MlLrGaVi3FaHOHGJi04uQZLfZcFw6Xj3rsK7iU08Mt9sNYwh8wzvu8XteXfLZ255rH9kfdxyGicrAalnx7gcXPFi3+KKpupZqsabkTPKBVQyMw5F+kEO8lIixNTlnpmGQnfSXvb5ktIxCKYM1hjEm2QdXhmkmbqk5O1gj95syihyDjOZimIHwCm3Elhaj3E/WiS/d+yCj7+BJBXIR4MB47Lm5ueKNquJ8seTe/XPOL++xXjW0SUbNpuqoqop62HOjFzQmSqB6nXFBHqwPFgY1HRmD5mJRcTMEjuNIYwq9slAGFpWmMorB95QSWSzOse1SyHXGEX3Ba8WuGHLMnOdAU2lqa8lBYVTEOUsfHCV5ztuG2mQGn5hsxXHy+H2iNx1v2jO8ciz0ghuz4ko1vKKf8FrZYJPjeVygreGh6dExkQbP+byX7cqE1oZ31HCud4CmNo5dNKQ48UAPRKXoWg0uErLhevSM2dFZx0IHlDZEu8RGoXGpGFmrGl0UOheKqdirFbchsOnhWGQVdDt6fEyMk+f6cORqu+PpZstmvyd6D0qeQY0Ry454YQ1VbdjvB/b9SFs7Xr1YcxwndvseZzTazWKkUrAIOtJYod1l5LNalKICzpaCzr3eDGQdZkqdols0uKpimia2ux0xRKxSNMZglViVQkZ0GSiMUpJdiySWaSLLSvz+MQZIEEMiFcOUIIRELppGF9rKoqyZYTmBylmMM5IWZB0P792DAsM44SqHnybBzs7IyZQz67MlFFn5hJgIlSM3KG1MiTGqnAur1frm8sFDQgy/Jn/5d8yhe6JX/fiP/zjf8R1/iMViMft4v7aO11pz3O22mxQTTS3eTh8CZ4uWPAjUOuQsgQBBwg7KzE/2MdLWFp8r+v2OqpoIxdAZSz8Nd+o4NSMf75TDpbzYtSJCjDwLoawVS0uYooS4z3Fzpz0vRYRS4WQ/ShlyuRNmKaXRSuwkSRUxC4hAc47xm8PltXohuFKaVKKg38xpDywq4hROEYBlVvbK4Z2TCCDquj5sNpsBoOs6nj57ytnZBVVV/TPt2wsi0c9fISbLGntVVdUXXFV9s1JzPJeWTjx5KQ5CCNz6kcvztUTxRRFG1M7RT57VYknbduwOx5nmNYuxEJuNLgWVYaKwHQOtNZDlQM8ahv7AcTxncbHklWVg+d5X+NTTmjef3vCFm4Hz2jL6wO3RM44DYFgvWt71YM3lomVImWxqiIVSJkoIqBwJk3SRZhZ5qVIIY4+fPKHMVKovO3Bf3uvKr52zVLXjOHmstdTOchgnrHOsum7e84sITxvZe3V1g1fy380lk+Z71lpLKZIglUvGGE2t3JyXIZCRnD1xnAijYlSGfrfhenvN4ukzVssFZ6uOs0XH+XLJ+dkZC2N4s9S8o6mxfuTaLjjrCodx4uATlyqxO47s6oqqaphCRhuLSjVNHjCVjCCtGchYXOMolSHNWdcDihQdhsz9SoIclKkJqmfbb6ls5MFFjbWGKdU4V2Gs5MPG0EMJHPqRvFwQ2zPe9pb3dIZFzjyLiU11zisMhFzoo2GlCxOa86aD4Mlac885LopjmXvOXeHCyUP/EGTycFEVFrYmmpagDTGBCp5nNxNV16DPVpw7YQX0GTbB0hnNwhmImaWDoVieTgpdHIeguR0jLh/pJ8/TfmB7HNhv91zv9xz6I9M0oI1m2VicgNQxShE5AXpEyLcfJFDk4dmKKXi2+z2V1VRGE0vB6Nl7O6cFGcPd7jPOmihKJCdFiGkuziWGNM5TufvVJV3bMA492QeKVlROwDrBi5HXaTnUrZZmqChFjJlhjNhcmHIgY2gqYTrXTgAmU4gUNAurSSXhc5GMZKWkuEiZHEWb45oaZ504HDRUVs9ajkQuifVyyXK9JEyBYRjLFALKnISwoqExxiatzGGaxFr6az3yfkcdugBPnz7lR3/0R/meP/o9LJcr8fF+LYeuc+nm+mobgy+6rZWxlnHyWKNY1BXbY08IYU6ykVB1gfwXhsljtabuzkiuYn88kO0ZKWX8NM5UKBET6BmbWGaeMUWsRLNnfA4xEJ+sNho/yR5OazVH88lYd5bfidBrvvglpzsS1UmIJI6fk7DKyM1UypwiJCpBbfTs0c3ipUNIMX5GoRlliCnIfnpWIpaXxDxKKazR101THWX0HfnlX/0lPvTBr+fxo1f+mSAmWmuW3fKrFUhT1y1+5vrm5o+kmKpklATdW+nEtrcbfMpUleN47MUeaCyRRF3V3B6OZMW8t6wlnstWZAKTFxFWyQkVJiateGvjqbWm9x5VIsfe8+DykrMHD8nGQOi5b2H1rgc8WLU8vz3w8097bo8jPiXaquWirXjt/prz83P2xwOjj6zOlsSxhyJRgv3QM/Q93gdJ7DGSapWCF8+wqcRXqGao7N1hW77s4F00ldjpSqHtapyV6ENXtywWLcYYphAwVs8ULYM2eU7Ckiw1pTQgVJ9TWpUqcs+VJNMTozWVs1hjyCkzzhCZNEyMYcIPA/tNzXVV03QNq0XHg4szzi/OqG3FoXE8sJDrlqI02lY8T4VpkmnJlVeU7Mhaij1V19QGhrFnLIrKrXjgInVteBIV/Tiia0PEsZ0yFw7OVw1N5Tj4Qk+NW6xoG0vJmdbVKGs4Zk2lWnbJsw2GerGiWShC1VElWd5clRaDjFB3eolSDV2aSErxJFmuleN9LvDuLnJeEs+sZqkrzqNYu3pVU9tC8llISLrmDV9wpmP0GZM8t9HQWLifj5gxszNrYkzss2FvavbaQMnEMKFV5sZrbr1Hp8gwRfbjyOGw5enuwM2+59j3kvqVPNYaWmclxq+tIUvxXLS6K9pxsB9GjIZXLs/J0bPb7uVgVTMNrwBKIP8Sqa3RpdxN7JSW+EHm7G9rK9rKkdKEMY4hF/wYOPY9tq7Imbu87NrN3nlEe8KdzXIeYysRYeWUycWilMHpgtOwaBzrxjGFQO/FurRoHIfeM/os1LkUZu2LuntWxpRotaivrTbYWhGirNJkMmTwoxdCIUU1zhUh6alSKGoYB7Q2wxT87gtfeGOesqrfPYcuwFtvvcn3f//f4o//sT/GYtEx9MOv2/BaMU1vRPeUbV3VjENP9IG2qdgPI9o46QoFNMj5/QsO2z0+Cuqv7Tpss+S4GWgWLSEGxnG6ww7GKDvYk3iH2S+bZ5SY+HRFeFWsRSkIMc50Htlv5iw+QDNzm0sSstEdDCGXl3COzOhDMQppKx1zmj8cOafZbSQ7Dh+DoCetmYVLM2zD5LuHrWgepAuKSXJ3c8msVuvgp1hON7LG8MbnPk/XLui6jt9Ir1s5x5tPnnA49nPOL1+2663r6mdyyttU0gPnLFbPl1gpYs5Ya1mvlvhpJPhIzpJkUlt5D6fgqaywV8fRy/tZRKkuqUPiiy3KkI1BW0vTag7+yMNHj3ntHe/ACsmMnFs2N09xZN79YM3jRcWz7Z710lIpzdl6QWUMw9BzdX0FpuIweI7TMy6WLU3TzslQiuADU4w0JxFeCFJxz6b+ysi+S6mTyEx92YxAa8PZsqEET0iZh01DSQkfI8t1PesApCizxtxBU/wk8XfM/usy22BOXuyTTkLNI8STOl4rUb03tWGxaPBTYBgGhnEi9olkAsHJv9tu9zy7umGxaFl1HWdtxdJZLi/PuVmvOWtqLhYNh9iRjKKpa4as2AyeczVh4sAmaNa6wjQVXlmSmfBx5MxWFGXYK8s+FK6HkdjWPOtqFhHGaZCfwVZ4pWlmApbSBpthYeGtKfHp0dHUlncsHFFZki9cKE/Mmm3WOAU1gSGLBKMRKCidBkWidcI/v1QDaxPRyfC5g6I/at7XFC5sxifPG1PHPlseGMEJXvWJt3PDYl2j8pHboBkGhVEtY4LDOLHNiqtsSdlgcmQ4SAe7PQ7sjwP90NMf9vRDT5gmNIm2MmhdqF0lk4BZD5JyQudCyCdgT6KoiqpynDUVhsSxP4oWQkvEj1JyIJIKldEELdqQpE6cNzXbFV+sLqw1KK9xBmxlqIuiN0l0IccjZE9dCas55nyHrc0ShoIGvEqCgFUKQmZVGy67CucUUwwcPWSnGbNi1w8cc8EacBoOY2Sa4Rha67s1Wm0syp58wIlpHJnGibZt7jQsoNgfDoKuTamEEJTRuiy7Cme0SsmW3X6v2sXlm8c+PfmVX/kcpfwOIlL9Rl5vvvUmf+3/9ddYrdZ8zx/9ozKC/DVecqDoXbtoE2CFbazY9T2X5ysqoxnHQNN1Eid37OmW5yzPzgkpsb0emfojIQZ8hou2ZrPZ3l1QsVOKenn2GwmUImUyCa2MPEBLnuHgIlwxRs3e20gI6YX4apbHnwhTZf4ZThfcGI2eUWdKa3I5KZHlUEkv+W+hkILwVRsrYeQgVV+Iad4RF0KM5Pl7y2ne6RYJIFifn93WdVNeqMcV4zQKOvKLMIW/9quuaz7/hS/w6c98Zq401VecPVtr/klO6Xkp6YEPHorFpkKzqHhw/x7DFBgnT1vXNE3Drpdc3apS1JVj6gds182kMCF+WWtQWs3CDiN7VhJGO7IydIsl77r/KpeXl3g/Ef1EaRpyTATvOYTMdZ/Q056L1vJgtcY2S8bxyDCMxGki5oIfZMd/nBJdXdM1mnHsGYaBVArVHCFZokAtlDGY+X2otYRWSGLVnJM4pzidiq1F19EYw2bXo0rhrJXrmJWWEZvW5BTv/NiTn+YCTHQDIUUwCl3k8FVCQrnz+J6mKiedQZabUApDp3HOScGmJfUpT0dCmPDGorUlWE1/PHBjnYwsrWPx5Jr15QWPLs95sGhYOst6uaKKmlgy4yxqq3ZbdL2gX9yn1ZGF0RzrC8y0o1GZAYnG2/mIVVCVxKe3kbWFSx1Y28TNmPFUbPSSmDV1ksjHPgSCrrhJhcXoObeayTqmlFgUGRlOUaNQAvVX8NAFrNY8qjMXJlCSZ0qKbCznxtMRiSVBjrw9WTQtH72nMDFQhT3BrNmMCR09n58qnqoKpwxv0eDygD8GDjOXeBgGtlNkP3kOg2cYe/xxx+7Y0/cTOQ7ilIgeVRIlRqyxOG3RxsretcBh8Hg/iTPDy/PEzgEsMUNlKzKZ3W6LSlksdhmMKdRGcwwRn4SDno1gHFPRaGuwSg5JnfMd07xqHNs+M8ZCbcqdlkCnhM4JYwp2jiCLMc9rO4lWLMy73JKJaJGIlCze9qLZHsWP3ziN0TAm2I5itVvWCmc0t16eb5JGJGldIUSqOZQh55cErDGx3x/kHp6L2xOxTxtFCSWnklUupYSYio1JTVPg8WuXv/zhD3/ws/Is4nfnoQtwfXPD9c0N/9///P/Ht/zr/zpp3n9+pdd8MBzaph1zTrUq4im7PYxcnkkFvt9siTFycfmAw3bP9dOnnD98TLtYst/tmabA/rCj7s7l4eKnO+Sj7CINfT+irVgBJF4u31GEUppFU8YwBY/3nkXX3nUXIU5Y69BGMU5e0jKEw3RHmTq19FppyOXOoB6jjLO1ksqUOZFIz51rKeouclAOHbECxZSwGPws4ElzJ51nIU4Iibqy/XKx/Nxytcovv78rVlxdX9F1HXVdz3SsOVPTmJeEXfLvnXP88N/7ezx9/pxv/Ibf+1UFVvPrC19w9peP/fj1WosQROmMwhCjZxh6lLFU1lJXRkRvgE+BVduyPR5Zdh1N01D5kWkKWNvgjCWFNNupZOcTcyBNCaMK91fn9McD49DPB7Zlun3GdNwwJMMhyF7ylQeX3F/dIyjNIfTYFHl41tGXis9e78XvXEE/jCybSkQbRdiu1rr5weDR6DlQQ7i2rc50MbHvBXpQ7kxs+e66ny87Bu/Z9BPLrmZRV1ztDmAsTVOTUySmjJuDKSQ5C5yzjNNEOu2354mGnnd/osI/scRfAA2EQz0LtLKM6+RWFOuWIACDAAdQJGNR1qJNYJwP7s3+wPPNjreePGXRVKy7lkeXl3SNw1mHqytqBQu14KxZMRZL4zO9gaFozvWSpT+SSiQVD0HIbRulcTlgswAutqlhFxMPk4NJEXJmYRR+TMSiuI6WVZNZqQqfFU+PiZsISxQrk2l1ZIhyELQKFhpanVhojdUS/H4IGecgGcOgFFZV3G8y2kYm2/HJvMDGI3U+svWBz9OwPwb2wdMrxUghx0wdew7jwG6KxFjoh5F+ODAO0pEN00gIEjsJaT7oZOybQdLGSsKGQq0QtXoq9OMkNRoikqudXCurtXhz48SUCqZqpeBHovZSgcpoVtZwKJkhZJzyKGPJFLSS4twga6tiNFPMjLsDex8JpSJGcGpel+WA0eKfP42RG6MIaKZSUEVRa4VWhaIMQRn8NLEwonPej8K2X9aW1mrahXjhYxJAx8JYUJYxe1GNGy3CqDllLOVMjEn2yBhKVnRtyzR6pinc7ZBzSvNgspR+GFl2dbFmgTGmhBDUMHoevvLok+94/bWbq+fXX3E697vm0D293n77bX7iJ36Cb//2b5eD46v4qKw129ub64NS+ayqK7z37PY9x2PP5WrJvfWK7c0t5xfndMsF18+f063WdN2C1XrNeLjlZj/yzvddEIInhkBOcR4fG5w182iPO1tSmseKZc6pVXNCkJ+r7yTRH4IpQ0RPIYSZOf1CaZ1nUdapgJCzVKwwShmsfYnRW2ZoxtwhlSx4tJIhxHQXnh1nvGNIiRQTTmsiZeYvn0bbgeXq/DrF9OY4jF92SKaUCEFGi7vdjnFWK56dnfE3/ubf5IMf+ADLRcfnPv85/tYP/MDdROKTn/wkf+g7/iAPHz78alOK0jT1z263m/+W0dhSVXPc4jS/95FKC3fVxBd81WPvWTT1vJdWLJcrBh8Y+o0oKI3MqdPMlbZGipes5TAtT96kaVuOfU/lKrqu5bjfoVIhlig5nM4yRkhGcnmbpmUYjxwmT84TJQzoak2ePCkEQuyomg5dOYbDgEoOVeQ9T1oCv5WZ+cNkzjuJBBym8SXlsrzv5+sli8pwvT3gU5IxoVLsxkBVt1SNlcnFPJaOMQo/F3WH3jTIiJ4yoz+RTkOpdGdPu/NplyIxkCfl9/xPQboJH4WTfMKcUgo5BcpMerPGkZQmUBjHkcNecastprJ8/s23qeuWtqlomopV27DulpyPiTNVWLWWpCzRaW7aBasYqHVmlxIhJaaiGDUsVOFZFgpTCZqUK/qppS4CJNlETY4ZnxVXU8BnhW0cVoNRhaZEbEnUKnCuFUVXKDRDTLwVC6/UhUFbLoFHDjIJH3tiUFTOMBaHSpn7NvKrpeFnbzIqO1qveTqNPE+Jse9Jxz0Hn+i9Z4qSpOangWnyeJ8IYUTPKx41Z8DqghCWChhjUSqT5w4t50w6gZ60RpXC5APGWprKopB9vpVMd+rK0RiI0yQWNVuRVEfxA0ZlYpF8W6NEgLm0Epcp11g8scYZWVXNOMg0JQafScqA0gLTmAtIZqqTVSfCk0xjZkTznVohFSn6lFbokuaEMflPtk7RVBJ2oqxjComkNbUzVCqzHTxjTKJdmC2TZVaUljmLWwp+iCmw20+zpdChiiq3uz3HfrhzhEiV2Yq+oHLEOKmC6l979R0//973vpcHDx7++vohfpe83nzrLX7yp36S7/rO75whFV++7LbW3jhnt8fj8FrVVDRNzf44crU9cHGx5vLBfcLbT9lcXXN+Kcrcq6srlitPpRTPdztcs6Jyjl1/4NgLx7eua07zOecsIQZhkaY8e2szKoEzcjl8FKqKm/ePuWQm76mbWg6xSVS0yuj5gSn85DLvao0WOb9GQs6ZRQmCdJz/bMlI3K26y2dNOc2g8pnociJRnexXClJIdxXi6YBdLlabAs/vbuiXrEBN0/CP/vE/4gd/6Ifu/v1P/PQn7n79+Tfe+Mrj/pT4uz/4Q3z4wx/i/r37X9ECZp39BDDljPVexGyiQM4Yq8V7nArZibJynDylCMqxchW745GL9Zr1YsFutyMXiRIzehKQ+TxhUMaetJ30U6AoRV03rM/OIQRUlqD5nBK7UnAl0PdH4jjSLDpsVZNMxfPtrcSKoSQUOwWWdc3+2GMiBCThOwUvuDwtRBxiJCXxx6qiqLuWx5dnXG01x3GaHwia9aLl8dmKcRw4ThNWK84XDVNOjDFzeb6gmj3PcNITzA9kBUoZlBHFtFIWY2a1es7EJPtjpbjD370koruLp5RVsxSTWhUuuwY7W+OKygJiQRPm+9qpgtaFCEwpE7N4JJP3eAVF7TGz+McaR9tUtE1NW1Usa0NXW0y9gGbBSiccUGyNcRWVtqwYuA6aQTkuHaxTwOZASROTrxhjwilNZwo+JGyBog3HkGm0dGWNkvVNSJFFSTgyu6jYhkhfNK11nKXEdcxskqEqgTgcWOlI5SzPQ82QItdD4jNT4nn/jGEcmMZexE8+Er0nRU/wUjCe+MM5BrHplEKjZNdfO8lojlhiynOspTSvTks0HvN1y/NdbKyCommsJtMIZhHx55+uYyoQfI9GUWnQKRBsTSoNdRnprAj4pig7XqWku7YzWEcO+oDWZg5DkbVabZA0LJLYF+coUm0MMqUqFAylSHBCUkWEkbO2ICYpgtfW09aSMjRl5tASiTs1znEYAvtxJJSGZa1QynMzRFKxVFrG4MpVoPwcc5pRzsrXsbLu6/sBYzVVaHDOqslPKEVxzkrogbNU1swZa6UcjgP3Hjx8dnl5+Su/+Mlf+DLh7rd827f97j10AX71Vz9FyYXv/K7vROlTUMLLe938lnXu+YlxrLRiPfNon9/uefXBfe7dv+R6u6c/9HTrNc/ffkYIAk242hx59d2v4YMoOLVShHlEKqrlMo+Cs3SYRTItldJ3413xiEokXjZycIYYZ1+tfJBClv9veCHESlnk7XBKFhJh1inWT2xJc8DBne1HU7RgBfNpd4uMl601d+P4XOQjoyJ3KUR30wIFbde++eDBg7ecc3cj4aqq6LqOX/rlX+Lv/8iP/DNfs09+8hf56Ee+mddffx3v/Rd1vSmlTxjrrlFqcQKnnxCude2EKuPlEKkrxzgFipbRvQUOxwPnyyWNc3RNzaEfWbQdtavwIcj4X9bvGCWHasxCt+mUIfmJMVuSNoyp0E+eHCeOQ2Z52dHOwQ3KWNYXl8QQKEXRoon7DcuuIefC/tBjfMLOMYwhhjtQfFaZnMLdmsIYh04RYxTnbTXvtkQIeNY1hODZTSOjz9xfdqyXNVe7HrTlbL2iNo4xevFqpzT7usU+ZrQiZ6FwocSDrYp0SzmLyK9kWTGUAsqIN1PN430RXc3hGb5QGUM3W0DkAVxEXKOV4DuLjGO1MTRGsbIVMSdClLG295GsEnGaCF7Gi+NRcQOEIv/NxhlRTzcNtXPU2qCbmqZqWVaWxlmwGmUtV65hrSIrPJUT+1RMkJQUaDonWguVsYxFcTNFmf5ow4RjzNDGkZz2bINmHxXZOG68oSuRMA1c9QFKxsQjKnhSKuynzGby3I6RfpCMZpQKKTORS2+dPVirbhXqyeX5+sn9y4u4XC7r4373Wn88vCuOR7uwJjlFPXi/nrw/t0ZEcCkbUjIYddJXWCrnpMgxQiWjyKokxIIzGpRhLJlhHGmMwqiCygo/F1eNytR2hslET3GOrFt09MSc54QfTQxSQjoNarbscRfeMh+GiG4knH5L+lhqa3FayyFMwRfISNxpQb6+LiLgzFZLIVCEITC7iACxGFWVrCui94QIyipanUnZEGGmyxlSLjSVpbKGyfu7Z+Op6CxzpKrJ8uzrx17417XsgU/FqlaqKEFLlr4feP097/vMhz74wU8ejz20/KtO90tfn/r0p0Ep/uj3fA9VVXE8Hl/udN+2rv60tfYPBh9lDFNXhBB4drtjUVVcXl6Ca9nv90QFq4tLSkl8/o03aM7u07Qt43DEjyNKKZq6IcaAnbvWcorvE82fQLW1LPILMsrTSs9K5DxLkE8s5HDXfWaYLUIzsGKO6tNaEoL0bHyX0bb+ou7zZRPZqTPJRawQzIdmSrPo6xTJBSSy8J5Tfhkqwnp99iur5WprjKHkQtu1fPZzn+XjH/84/+jH//GvK2L79V4f/9lPMHnP5eUFr736GtM0SfhATk+sdb+Ycny9ADEnchDilLsb44tHWqpZTQiQrcXOH6hhmnBaUTvHrvSM00S7aAkpcuwHdMn40cv+cx6bxozYfoYDl/fuM2nDcb/DGkfTtOyz52K9xjlLVAVrLAFouxZ97Ikqc9a1KFtxGEdSkQIqhii2LZCA8Xl/XlSScbDSFAUxBPw4gTG0TUMVCzlGDvsd05xUZJTiwcUKbQy3x5GmW7NaLyXflEKlLWRFKmHOT06kOZfZh3g32it5HlOm9EW+8qLU7NXWJz2zdMtptnnMB/qxZEoUWxwn8WlIdxnSKYNzc9SaA20MlTagLHVbE0IkeCSXOQSiT5RcaOrax+jt5jBphZKMVOMw2qGswbkKW1mMtVRaUzmDqlpqrWi0qP9r67BGz7AFi1OZahYLZaWJqRCLIgB+RosWL57pIWtSlgJpDJLB7cdB4AlJDrmcC9o67yTEZ+usuVku26ca3tDKvLE8W7/94N7F24uue/KFN9/cbre7w73Li+Prr78znZ2dmd3mdm2Uuvfkjc+5tnbpne9+78JWzeuff/PN/85P/MRP/ImqMSyaCgyEUnB1TTXv/21JlJhJJVFSIfjAYTpQsmAk68UCHxM+eBonB2atYUqGQwhYLV2wsMgjyTp80ZBGKAlV0rxrFcHdiZGslL5jGzvnqLTCZ2i0hHj4JAe/Qt1N04rW5JQIKZKVwVBwSlTPISummGlMQemKrApOCcWqtgZdOY5JUXxgDImsK2otn/tj1iijcW5W22eFDwGjJSPXOEsMET9NQvLLWUA7VmOMKp1rRQhWOSil9P1YTrGnmlKmaVQp5fR1X/eBH/3ABz606fsevgafxu+6QxfgU5/6FH/zb/wNzi8u+MN/5I8wjaMICawNVVX9cuWqgCouxSxc16IpyvLG8xt8LpydnbHoOiYfCIx85nNvMgV49+uvkGKk73tSDnf2mhNz+cQRVkp8oCkllCov9rs5Y7KeQRWn8RB38IopSBLRKb8uJglfONmFpMvVs/1I3XXYEuCs79jUp8CG+dsTL+8spspK/GsiwhCxlMDD5+zMWatVEBpWW7fDYrH4uaubK19ywTnH/o09/9Xf+Tvc3N78llyvnDM//ws/T9s0TN/oWS4WJxHZ2LbNz+72u+8OwOQjjbNY26K0Fpa0kvfJpoQzipQUqAplPU2a2B12rBdLmqbmYrXgdnfAVWcsupZ+HOW6mUIJGWfsrG6WQmYKhdvtFkph9Jmz85aqrlisYbFcELwX7+qxZ+p7xjExnuAmShHDNOcUZ0IYxSoWo3heZ8tOUZCziPpEG5coWeIaizIEH0hRusOQEtpaQogsmpp76wXHwTNGeO38DGONRFRqOcCVKZT0YlSckpDHOAmjlHQf5BdCvVIEl0nJGESncDpATxjF0/QlpDxHSjJHQ0r3PoyeFBPWWerKUiHxeuPo77y/RSmclfQWZytySagotrXXXn3Hp3/fN3/0Lz599vYy5fye3W7zeL893Ju8v5dSPAshdMf9ockZ6dxn/rjWBqU0xohnHW3mB+gs8FMz6EPJGoYstpU0/9wxJ2KSXXeRG5O6sql21YRWk9J6WLTttmna20W3eN527Rt+Gt5oqurte/fvff7m5uZt59xu8v44HPvh4nwdX3n8CFD4z3z27hkQYxTdRoy7VMoXUkrEAN3ZORcX9ymu/umf+8Vf+thuv323c3beSda42uFsJe9zySS8pPBoEVDZumG3P4iKN0dWiwX7XSLkMkMoYOky2wi7kFk7TaUKJQdIicpUxKYjhREfBlJJVMZKFzkbzYRrLLqPkGXuHEo+hUrL6BmZnAizWZ41IRXQMvEgg9HSQISYRUGtNQnxChcMlc00zrANCo/worM2ZGUlp9knDkkoakaZGbKjZm2LCA8t0NQVKBFzKWPRWhdXOVXmiYsPoahSip3fZ6tUnpU0pR/H2jbdm9/4kY/97WE40vfD18aE4Hfp6zOf+Qx85jMcj0c+9rHfJ92TnJK/EmO+Vlo91lpjFVApCOATPLnasNls5oo98vz6ijFq3v3e9+GcZrc9Mo39HQjjNIY9iZhOO8+U8vx70i3kIlL5pOes3ZiIFszpgTbv0VQRhm5OAgPPc5c6R+DdHbovd7YnYVWeu488k4YE7iE7k5JPgqyAUpas0vywFc6zPj18MzP/N5NSZLVavNk2zSfGfijGGK6vrvg7P/SDjOP4W37NhnHkp3/6p/noRz/K+fkZOad0fn72E8+eP4uV1dYaTeaUlyt9fE6ZMpNyVJFx1DBKFFljDJtpYqwaFnWDUobDMDEcepqmom0q+sMwR/8VQorYYmVPrpQA28cg7wWa47FH5URlLbdXV7KzMpb+eJgTmywxK2JWsrNLQVjWKZKiHHZGzSP8IgrNE3mszIUZWeOcWEDQAqRQRqxDRmtizkwp8eq9c2qneXo70CyWrJYdcQqUIqlVnKxmWQ7RlBLM8HnlDCmdDtlTQVZeOnhlxGjsfL/NI2PRKLwAqJx4uqfjWERUmRTCHQ1GIyNmVcpdcVeSkMFSiGJ1KoUUI1opurYbPvrRj/4fHz9+9ftC9LpbdM2TJ1X9nvd83Zqi3vn85vmjGNNF17QPx2l6xzROj4ZxWocYmpySianYlLPLJVtKsUnWyq6oclKDeYqK1qioKx200lEbFY3RSWsTnXV92zT7uqq2bdc+Ox6Pz/3kt2fn68N6vdqsF6vnz29unyo4np+fTc+fPZ20Nuny4oL9fo/34W6sn1KeOfH6ays+U8JPIyrnX/z6D37o//4j/+BH/reDMbRtjZ3TwHJOqPn9nyaPNppxnNhtd1R1hascztWEfkR1mqppGI5HXKUp2mBU4byxbMfEZgqsHbMuJOOyl0mbsyS9RM+hAiLHlHAVM3/+UAn9cmMA1NagsgS5aA3KWcZckMegpnMKU0T6nJVmOyWCT3RupvPlQiwZg2bZyVonBGlcUlEU7WgoqOzZ+0Ix5kWSWD5N8wyVk5xejaKuJaQ+J0kxQmn85Ius/DIlU7bjRAihUGDRNqVpqpJyKcd+4Os+8OGf+MD73/9P+n78mm2Rv2sP3dPrl3/plxj6nm/6yDdJR6jUp0LMz3Mpj5vaniLnUUrTNA5XNfih57Df0B97tFvx3ve8g7qyjP3IOAwilJr3YDHm+WKUu0OwzFaMnPPMwRXkYDGzeKLIw07N4+Uwe2L1rCJ9sVfL84fxpdHy/PVOyuaXQYGnfUs+PQrVHGAw75XNPDo0RuLyZvwCMWd0kYdnnklaap4Xnl1c/lJTN58qpfA3vv9vMY0j45z3+tvxijHy8Y9/nD/8nd/F2eU9jsf+ZyjlV0MIH3K2mYVIhejiPGJW5BmbmefD2BmYsvhD2zThw8SqazEmsV4uuN5sURN0bUdMGT95aiuRhymJn5cioyuNhAVoK/nGu2OabViKPAMkisBo0TqirAUjqlFmlrYgGcPcvcrXA4Wy6mWZMLkojLMoUwkJSCNYyvk6FWD0kWXd8PBixXH0XB8GXnvHfbquIaeMUQ4/iTCLuwmLdFZl9oek+R5JKc/7XfVlkwczx6KVXKQtKS+oWDEV2YNrdYfxVPO+LwQRolmjcVYEfCVmEbKU030nh/UU/ewpTncP71dfffz3X3n18f8zxZhSSinFGGKM+6qqroxxn64OFcahzs8vzH6/t+95z3vqRbdcHftjM/nRDv3gpilUIYQqxGhTDFUppU45W1BJK+2VVt45F+u68s5VoaldaNo2VlUdlu1iuLm9PWy2m3h+fhaVUnmf97lu69K2Ld1igbrdEHwg3K0LXuy0f7OvU/FzcXHxV8/W5/+9w373e6vKyQolZ7nXregZmqpiOin5KxmlLxdnMm04eMo4Ui86ctPio6cxhpAMVkXOGsNmgmMqLEzBWid2ID+RfKHYGlt35AwxRxnNlnTXrZcSsZUGjOxnZ/xsLhKzVxSQRanstMIp0Q9IMptmOwViTCzcnGNbCkYVxgRdpbGuYhsimUxrDFNWaKtZ6ch2KARlaU/F5YldoDQkKUqdMZjKUJQ8T2OMaFSpGqf8NJWcEwKtksI0hJCNMSitiyqk4IMJIY4f+30f+/63n7w5fTXW/zd88zf/q0P3K73eeOMNVqsV3/at30pK6dO73fHNw3H/DSK3V7NStsY5h62ciFlMxWIdWa9WVE6z2x04HI+EMNx1lPKszHeJPafDtCAVfylFAARztivzvrAk2QOeOuI51u7u/5eS0WV+OBYkUWWmC+mZnWvuwPYvrEkvvLwnX7IizQ9eo06FgZoP9tmjxrzXfWmkxiyCMdqU+5cPf3yxXG/+P3/9/812u/3ncr289/zAf/W3aZqG7/qOP/Tm2XL1g9e31x8a9URdzQdr1JjZppWL5AfLaCtTVVYEVZOMqHyYGL2nVmCVGPr95DHW0jaNKBJnZXQKCZKarURSIGX5ZEuRZWSvpRGlb8xZrkvlpJHSijhFQvJoJfSxlGWHqmekHqbMIRty4OSS7/y0+WQfi4WsuQu4KLkwhoCi8PjynLZu+PyTZ5Q5QjKnhFJ29obHu3vKzyNwpTUlZ0JOLyYbSqFOXG9e2u1S5Oc72dPm5CLmEIyY4wsiZX6hHshZCGtqVtNrLePi0+QgJplTnArRlERnkOevq7QePvjhD3+fc9XWGBHVHHvZw59WKVorstgqYyklGmNG59zWWkvKgglNMd8Fq5c7gSOzJW+2pmiNnbGid/84KylWs7r+VDif3v87HOtvweH6lQ5bBTy7viaGyGKx+NUPvP8Df+XHf+LH/w/eh9mqJXqOhHR0zB7o9Xp1935SMtoKlSuGQDVNIhxUislPskdNGqsiq9ow+kgfM64ErLFkZYlpJKeeECrQFmsNxhlSEaJUJlESpCAFvC5QEi/uG+1QWoAvlco4I78XkiaSGUIixMTCaSqDqKSVrAS6pqauDNspMMVEpTQhQVSGjkw/Bg5JxHXalC9asSolehln5L0SNoJ8PgURmWcCYU0/TnkcvfLeE0vJKUW1dDYXCUMp/XBwDx+/8nPf/u1/6O+enodf6+tfHbrz6xd+4Rfo+57f8/Vfv0OVT2htvss556wRUVPTtGglwHKRxWvarsNZxbEf6ceR/nggp0lGYnOc391omJMAqcx0qPhF3efp10LGEoBFybI3vfPn5ijevFzuUlPTnHurZ+9cPoXc6jvmhoiO5qzdPLOe9Wz9UGpe0M5djdLMHs0XBYNWElYd06lqlA/Par1868nzt3/sZnMT+6H/53q9cs70fc8P/O3/cnjHa+/4AWvdv1cyTc6ZGAMpuRk8Lu/UFANqVjuGGOTAVMJj7izsdzvsekldVSxTZpsS0+RpmoqmbZmmCWMNKp1244l+DLSrJY8ePhJ8o5/wYZQEl3khq+cHZswz+GS2bQnqc44znOk9Co02ZoZVlBnJWGb0hZ4FSpmUJhnFylMErbSQrmLi3tmaR/fOOQwCVXjl1ce0rWPyAW3KCXeKc5KmEnyQ0IxS5gU/M3dZzbaPfJfAVObxsJ59oKfC4IRGlf15FMtLKZSsOI3pQDFNQr6yRlhDJw86Vom4avaWn2D6pYiqPkZ5CL/3ve/52+//wAd/yFUVb771Jre7PT/6oz866xsK9y8v2Wy2okdImWPf8/DhQ5q6FupWSQQbSGYuLFIifQ1d5Zf+88/9VQqubsTyN2c/55x5+PDhf/7gwYP//s311TedJl1NsyKFiJ8LiWpODBNr4DwVK4q2rhkLwo1PGeUqihFrl9Nm5gzLwdcHTR8TNgnbPQBGW0qKqBTRWFHbK1BlDlExNTnPljckKrN2kh+uQ8TpRDNjGY2GMUrubzrZEJ2iqUAVDxRqZ8HVBGUZk2fykc5VoDU+GzqrKH7geoioqhEnQDllZc+zltk9UtmaPE8IrREXSyiFkopClTwcIsdxQilVlBKqiDOWurJFa5VzyWx3B/Vv/Jv/9l9/+PDRG7e311/ziuCf56H7lRAd5V+0g/ezn/2sxE51i3/Ytu2fVqU8kMDimqauSFFQd1iL0QVnDdPkORyOohydjpQsSEHZe0kFn+foPWbCUTopU4u4wN28d4gzocm+VOlT0hxUn+4YzjLoTaT8Ymds7Mxing3nInyVh6PQegshycEvCb3SkeW7dB0BLKgMXzSdnjuWNKMjRfhTMM5QV/XHP/e5z31iGEYA91Wusfotune+4teKKYUvvPXmP3l078E/LuTvEDN9YpgmlKrlJ0+ZoiHGDLmaSVhQVY6xD6xUojGKw+RZd8t5RFY4jAMhJbq2EWHQNMmoS0lXOcVIVaBbnWGtJXhPCB7vR8Zjz3jsScmjSoZQiHMn5ZyRXYI2ZAMqSRFQkmAnldaoLDGQ8lkuYgcr8zU+7XiVFD8ZGHygdY53PLyHc4ZPf+GGplvw+P7DGeE5W86QkXRIEu4QUmaaO+QyI0uVUoR511tIc9bw3MmlhJm9jWaerKi5Y885v4QNnffpyJjZ+4CPXgR9s+YgpSwIziDrGDNDSYSUmkGLdcPHRNM0m6//8If//Gc/+7ntYX/gh3/4h7/oPvjEJ372K948x8ORzbu3HPojMXr8JGCZmBLdoqNrWrHA/TauRH7zK5XA+sFjQpbOVbKn4eHDR7/6oQ9+6Pv+4T/+h98bQ7DJOaYpoFE4q1FG3amEs6gtUcaQYsZVTtYRg3DIdcnCdieRlKIyFSEGUom0TqGzJXgpzhQGn/JspZOwe5WmOUBlZno7TW0rlBEBXW0UlVWEDKGI/U5WXZrjGNiOAYumqzS1LdRG0LeJQlGWaFu0cRyOE4OfOG+EcNcjXa3LI8/HAFVNXTkK+a65sNbOND5omuqucLHKzKuVOH8GKK1u8CEVrSCXVPI8m66cycaYbIyOfX9cXlze/+R3fdd/4685q9ODBw9+Q9fT/iYOzV/v4ap+nb9/YhZ+tQNZf43fk/oqB7j6db6nr/Tv9Gc+85np8vLez7z73e96I0T1YAyJM+vkoeGjqCgBVGEYJ/b7PcfDnqE/3KmETzvbU4Vf5u5SrOovoq70nHP7Rc3uqaKeR7m5FLSZwRdFuMlZF1KGlONsdRIuqCJD1hQtB71GlJhxPkDT3NEYI17MMgfSa/0lb1UpL4Q7BXJiRsvJmNYahTHGH4fxp0KINfBeoOFL8+VeXBv1Ve4V9Ru4//JXuWYh53zsx+HH66r6dmLWRRWInklprLEyvo1SiHgv6EttBSk3RZlC3G8rrqfAEAKLbimHQOXY7LakYjhfr9luNgLY0BqUpqocYRx58uRtLi/vzQHemrrusLah6jqmoSf0PSl6kg8UayQDtQAxkXMkz36bUjJkGenOlxtd1N1oVs3pT5yoPbNi+DiMKOC1B/e4v1rw1s0tfcy8//FDSVoahahjZwtZAYZ+JMQo6uwkB2vKalbCS/C9nPfqDrqSkviW7fxznq5EyqILENVtetFVZBFbpSxF0MkO97KiWT4iefYly9fLOWG0uTvEtda8853v/L89efr0x37qp/7Jb9gi+KlPf/or/t5yueT87JyUE48fPxaiU1Gkkv6FOXBLySzW5xQUfX+803EATNPIgwf3/urDBw+/++b6+R+POTONE3Vd4aMkop3scyFFEWrOiWXi1tDUTU3fF0xKVAaidTL2DxFtHBFFLEL6spViSpqUNDZFKis848EXotIvcrvn6M/aSHGokQYlpsLgMyhNyInj4OlDZu9FX3Bem1kTAOYkOq1aFm2Hz4VntztyKVy2DcoaDhicq6niwM3+iFc1XdOKjqIonDF37gszq+KZXQCyapMpirWWpmmkpUiFxVlbll3HsR/Y9wOTD0VLMZFLRl3fbPS/+6f+rb/88NHjX4npN36v2N/kYatfeoiqLzkA1Zc8XNVX+fvqKxzQ6iscrF/6a/1VvhZf8v3cWUpfenjrr/BnTl8z73bb/ng4/Hy7WH6z1kZN08Q4ztF3CBg+5cgwDBwPB4a+J864x5SSjC7mh86puz1NfTOJPPtW9Unpd7ISaTXjB9PdEiLPvkslp+D8dWexSikz+k1k9oK7Leh8tyBEpXn3N38/Sil5I/JpxnyCZ3AnxylF9sryWNR3e8s877iN0pSsnxynIccYvwdYfkkBpL7GA/Vr+TPlSwq1L/t7Oef9se+jMebaKfcgloSyRhBv9Zx7mRJKG0LKWA3j0Uu0WNUQteGmH1jVNbvjAafPqJoaQiQthattO8v5xTlXN7dMg6eq5GFmrYUQ2N7eUDUt1UuAEGsdZnlGqBrG/sB42OOHo3SBpUCUrlwrBfMOv+SX90NiWZnbXaH6FO6ykDOKYfKklHjt/iWvPbzkMPb/f/beNVaWKzsP+9bau6q6+5xzz728vLwkL+chesiROSMPYHFMWVAiJRESyZKsSNbDskaS4bENGbAAG/4RwA9BiZHA8gNQINkObOWB2EAQOw/ph5JYEoxEtsf+YVkzHkszJDUUR8MZkby8z3P6UbUfKz/Wruo6dXdV97l8WDO8DRycR3fX6Uf1/va31re+D6++cRuPXLmKS8fH8FFZLCff2ZhmM4VahzLto/qo+1wdZ4sg8QkUFWjbfiWQlNukjlkREcGp81ATImL03fNn0hGdzaburFApdfYkaoxgTIYZyuYJIiGVT9UBCiBcefjh/2e5XP7Uiy++6Aabujd1OT09xenpKQBgtVqB2WCxmON973uf2rYWBco0p1mk+dfZbIaqUn1HG8bRJn51C40xqkZ/i9ooi6MLADOWy9MzASAigqIobj31ez7wE//m7t0POec+YNjAGI+7JyeaW3xgNU0IhMqWWMekso2CGLS/XhQGbhNQxYB5YRDYwovANw5FWUI8YdPUMNCScLSMEBkQj4oEs5mePwG6cSsLArFFHZEcswRrL2rN6QIaARoftbKXhFRMQBM83lgrm3/4oMLFozlsWaJxHjfvrOBjwPFihrIssYFFwQalq3H75BQnAVgcVt3Cbo1NZi9aUqaksBfR85DJwDUN6rrRvG0ISRDxIUjtPa3Xm2itRVWWQgQJwQfL1t+4efP40WtP/Otv/ub/9H8n5hjeItClPZglMuA2Bow8ALUhQHIGBE3vOgyORYPb9/9meix5eEyeOA73vqz3/vTGzZvPP8z2blVVx0vvu5SgmBis9zU2a02PcU3KWkylZCXCoiINpQg6Q8usKS2SRD0aKgSQdH62MQQdOGdOM4J60nASYAVpbRwFhpThxqiSeZuitEQE3GJfQvwgKhyh9jFBd3oMgkRSAwZweh6csn6jznKSmqfHVA4EsW8a92rtmt8D4Jn0usfeJmyqUkF7lpKRAdux23vnmtC45pYxfAWkRh4UPThoSLeaOSQRW9QFN0Jw8XAG5yJO1g6LIuDAALdO7+BotgAbg8P5HG7jcHL3FEfHB7h4fAG35TbW6xpHVYmHLl0EkUHtHTaru2hshWo27z7wAGDLEof2EmxR4uTmG3CbtfrPQj1gwaZtsmv4RNqRC0KyXqROC0DJtlFEc5yjAFcfuoj3Xr0MRI8vvHYD1fwAV65c7hzIqrLQXGbvU6RbTEr0FMKN1jMZcL61E20rIWpGoa0Nr2k1hG6WXMLW7s/71CslSgEUGujQOJ8cq9ImM5X3RfS2rRhMX64UnBk00OHowoVfBNF/8frrr38xVVPQO8dk8DtGft/Z1mpFgLduAXfv3lUrYdaeNDPh0qWL+NCHP4xf+sVfamdo8XXPPQciwm+9/BKeffZZGGMwq2Z4+bc+h4uXLuPy5ctJ3MVnwj5Y+AxgE3H62oaB9IFc0qz/ENxb4D06Ovrk4489/lO//crn/6YLfoZNRJs/W9e1zqynTX5VlDAxwPkkDkyjXVxYnDqHBRpUJcGyRTARjQ+wYNiiQvAOjQsorWBmLTxK3axJRGE8TAxYx6hl5BCw9CGtLUCd1lDN/1ZLRmaN+5sZgY+Ah0FZVljMShwtSpBhXL+9xN11jaoocOXCIchYrMXoBIBvcPvubThT4vBors9DBNaqKQrS+duKtiRtajf1Jo3zEebzGUKIUq9dSzqk9p6WIVCIMUqMqMoiHh4sfN1sytV6HT7+Pd/3s+/9qq96maBWlufulw2FAZTNUsuCLo2Aax8ozQTY9YHVTIBgH5jN4P79/9HfRHDv72ZwvPZvtvdz/8sCQFEU5uGHr3xsNpv9fk7jEbqrd4hR5+W8c2jSB7D3+mlPLvWzpA0liBFgwrpJpvIpP5fIoEiZ5CEoq7GchvLbUR5Ae3GxteRTVad6rAaouDS58iSVazuiQYnR1KnnxsboTJ8o27LpZCRScVar2A6JTbW7Q+e15FlaBhFfb5z/jRijG+nl5gB06rzKtSdy5elcqboTNZdlcfnwYPEha4tSoi7axloczGe6lDPUks5HhOCwmM8wm1WaShIBEo9ZaFALIZDBYr4AMVCva9y5fRu1czg4PIC1Bjdu3kJdN7j22FUczg9wulphs97AxwBTVpgdHKAsqq5/SSmAtl4vcfO11+DrDbiwqeGwfSoKqJSU7jqLHdLV1PZKAWycAwS4cvEI73vkMhaVwcvXb+DUEd5z7RoeunSs56JRdfx6telSo2IIKvxyDptklmFS6Tn2VLj6pQpd5/R7YVURXtlSS8cias6RjhUFMFY3BZuNQ9M0ChgJdJAqOkPsE+mFdojAFsW6qsp/AuBnVuvNZ4P383SnkL4ioJkcvd+T1P7Mz7mvXcCcvVRVhbrX+1VPdaCua8xms/Q8jWbQpipIDCoW+8AHPgAiwgsvvKCtC8N46umvxm+++DyI1ClJYkqZMgaLxQLf8PVfh7pucPfuKWyqoEwIvhafff4z/1Pw7nuLokBVVTCGURjGbLHoggVUoKnOci6ElDWtGzAfAkLjURlBZQs0UTR4BQKrdQ84F9AErwYbRp+vCutUouxChCVtoa0DdZMOLJSSu7S1RkbPB5PaZ/OywMPHhygLi7pxuLva4M5a9Q2LWYmDstDRtHIGJoJfrnHn7imkLLC4cASb1PeWjepbelqaFnBbQhRTFriuhUYAiDqfNQCT1idjlNo5YYIczhdhPp/5L736O8df99zX/8JP/Ff/9Z+88sgjr46NCfUvTz391F6guy/Y5hgtTYAnD25nBsA5dT+TuV/uOHYApn2AHQJr+3Mx+FuhbStyBwcHHzg8OPzDIphrbJmy1Bg8QnBpwH0rHOm/fpT6uJ0WKbHcpnFA8hs1hlEk5hlSYoghLRsGiUmYkJJ+UipOWxJsR0ham3lDpH3d1gxDG2gqigkRjfOJgRDYcFJKCywnIX9iHiSsop20UKrRAToGXBhauRBeCCGeptdsDFRpDzEVjbAQGrBl2VFxEQCRiHB0uHhqXs4eEgndY54t5qgKC4kBbCwCESprcHSw0NU5qNsUG4PV8gTGbeACITDj8PAQkrJMT5ZL1E2D+XyOxWyOO3fuYrk8xdHhIQ4qCwFjU6t63RQFiqqCLWcoilLjHEkzR09PTnDz9d9BjF6FXhJBbJKrU4oCT1UQzSxOrrVREKIm6FhrceXoAI9dPsaFWYkvvHETt+uAq489jocuXUCR5opBgk3tUNea4btJAQkxBKw3NTbOobAFjKE0U76t2HjvO89nl8wpysJoRmtRgEjdziRGrOsmjSEZ+BjS/4sgIlFHNYi0vrX6S6q2CIhIQAzRhuWJMea3jTG/GkL4RNM0b4hImUB0k4C2/XLpq/+7T7d16bvvAXTsAXLMAPHbqyYd5Ervyplu7Vsff+xxXLt2rRsLyj1cDRDgr/n1f/dv/zEzf9AYdduaL+Y4mM87hbnzvjPL2TQNyOhmK3h9ORrn4WsV/5XWaMvKWjDSDHXK8HYxqiJeBIUBqjR3bZjgIqEJ2puNUdsVIOlyuXVch8EEFAQsqgKLmQWJx6r2OKk9ggBVUWAxKzErCzW0MhbGWDSrFW7duQtPJR555LI6rTmnbmJxu3ltzYk4hSsEH+BDA4JJzl8OMUYxxkgIAZvGSRIxxhCDEBCrqoiLw7k/uXtydLA4+u0f/dE/86e+7Tu+85eKlGp2P6C7j5BqjF30F8Z2d2ky95E9ji0DhpwrC+f6tEPmPATUFoCHfyt61xUD4C0AWBGhuq5vzWaz571rPtI0jnQsZxuzh6TkbYVQ/fKylm1j2+RBFEHjvZ7E0sb4KYiGmBSrRIgk6mallmOa/JFKQV0PTt25O+clSq+AGtenCUpqHWoAF87GsQH6P1l0VldIezxCre2g9licD4lxJ4tJS86H+MUQ4qZX6tsHZO8HdMfKzWOgSyLi68bdKY09JiJDrK+Fcx6GNM/YGIIhg+V6A2stqqJAYSx80OjCcjbDqq5hxEMC4eQkgerBAZhJmcdyCec8jo4OUJYFbt66hfWacPHCIY4OZ6hrBx8EFDzIO40/25COHBGjsBazxRFO797S1jsZCJlOIYxkEt86YSEp251XwdPhvMTl4wu4cuEIB5XBb79xCzeWDa5du4aHLh6DmeCdh0ket7VzaLyH+JD8qQN81DJzGvwHc0qmSUYi0gZlkLJZJCEKE3cOaiQCkYAmBAhTiDC3gnNNiNETcVMUxhORkxi9drDFA5QS5ySqXpCiCAkTAhEtReR6iPEN59ztGOPDAB5JANr0vlzv+/C6/t8DgDr9rQ/WubbF2w68Q4DdNX7UriWvfPEVvPLFV/C1X/u1OL5wjKZpsrcviuLT7/uqJ//aC89/9u/NZ7NCokaDeudRpDWImeEkwCRQI8PwzoEN1HM7Bl0rjMFyU6NgTTiiwoKLAoEJ8F49iYsSznnE4NFEj6ZO+xjWgPvScrKatdvgkFT5iWkssfEBfuNwd1Ojdg7GGMyrGY7mFRaFQYhALZrOJs7j9u2bWDYNuJrhcL5Q042UrKRVmdBpCloC5EMAx1SRCQExNijLCmVVimuaJKqCxCgi0YMEFCGxKgoxxsh6tS5PT5f+h37443/n9z/70X9aNzrDvw/ovhn1skwsrrH3tzDo3Q7BV0YWU5lgNjJgrrnSUOgBsh9cb0Y+VJKePw3+T3uswjkXTk9O/s1sVpVAfMb5uC2RpYcSk5KZCWfe6FYIRWnhahrfhbYrE02JP4nZtmFRyfcpzfZyMrWgbkFud3Bt2YSoVZiqsKUFc7V01AU3xtBZCSJZnknKv4ztCFJ6xVTYk0Q80gZhC4rCRiZ+tQ7uDoByIKI7L8PdR0m+C5w5c16apnGr2trTsqqOqQ1YFwUWQ9ovgwBlUehYEYCqVAn5er2BtYTIhYZbE9CEBnfu3MbBfIGLx8daYq9KXL95Gzfv3MWFwwM88sgV3L59F9dv3MFsbnEwm6GaLTS5xih4FiB43yi4VxUOZgWWJ2r4D7W4SZ7GApABwSezep2bFgjKwuLi4QEuX9Q4woIjXrl+A9dPGjz62KOJlQdlEawLXl03kKCRek5nR9D4JinoY1qktkDfgkE7YhKTRzin3mZ7XInaL9OqD8DGfK5xm0967xwRBSJE7xPTFImSysIhHV7tEtoxWYohSCCiIFt57kGPsUpGeEkTLYkzFZAda9CXzeXWrVtomgaPPfYYnHO5qiQeuvjQP3ri2rVv/MIrr/zxxXyBeqPnuFSlnovJH4DTuJe2utIMOFT1W6aQlyYp3Quv4s/CWrA18KSCxAIKhlwUYOiGrnZePYtFrSBbn3iCTlUQABdDkproOVfCYlYWODw6RGXT5sBaBC4AA1DwWJ2ucXe5go8R88UhZgudxfUSQHVMepvYvSatwKklQu1Eti0KOCdoGgfDRMEHqWYzHB1VWG82WC5X4lyU5F8vIQa5+caN2XNf9wd/4du/4zv++8evPRHWq9Wbsrm9nzldySx6Q+FM7DFfyogf+iXk9nahB3r9300PTHlQXo49kDSD/m2unMw95mt719key+2XnItNXd+NIr9YVeVdIv/RugkGEKSs867E21ojtkygm38wWoILwW8/JAnwkMZ41PApjfH0ArAk9SRisjKkNPNIrKNDxGkEo8shkC6wumXWPoRk/K+LZUxuQ9rrjV1qUScyQqvniV3KzWw2E2a+Xtf1jV6FYPie0znANad0ljEGO6Jsz/V8SUTCpmlu26I8sGxsRABFPaVq58FORRVVUaRdbxt1qBnHrlFwk/IIm+USpWjE38l6BTGMhy5cwMXjYzAzlqs1Tk9XKGyBw4M5XFlis6lx6/YSMCuURYGDxQKltTDWIPpGH3BTw9d16qVphSGmnns7L931o5hQWIt5ZXF8uMDR4REOD+YwEvGF127gzmqDxx9/DBcvXUIMuuAZUwJQodVq0+iHyqsLlXdNp6RvGpeSXgSCAMPSnTuxHalIfSu18ktfxMnsRVD7AIK9sVyufs355qaaqkjsAV4c6beG7XXioQ5S/dv6AZN1mZKy67HY9jZxUGoelpnDBJEYq7j8rvAUeCmNPm02Gzz55JNYrVb3AG9Zlquv+fDv+2unp6d/4ObNm88cHBxgvdGKSTXTvnBpShVmJt/2zaYGpbFDY3XMho3BwWwOGF03QlOrS5tnsLFgqNqYKE1QgGBMiTlblDZoOTgpmpE2vm3MlKFCP4OVxaIqNMyjKGFskfzIo35mhHC6XuN0ucKqduCqwPHiWG1YkxrCJgYP0vXXOTVy0dJy7D5LIWraEuk4pcQo5CVKiCI+rNA0DlVV4HBxIJumic45ISDevnXr8In3vOdz3/9Hf+AnjTE36lRlGJc+3Z+Q6rxzuzQy/jMcxTGZXarJ9ILH+rqU+bvJ9Il5oiec6wubjLBqCMjRFkVVleWzAL5hU28e17lH07oDqhCHJdmVcZrlJXUKSqIXSoPjJgU+t9aQzEZFM92bkpR2yaSBmVBVVb2oZr5uNrMgwXRxWmlesw9DkkqqXRA7MZLrGdqsS9nOCUHQeucqCIsosDMRiqJYMfGNuqlveq+dlZ5SeexcGDtf4oiq+TyjRjyyCHJ/wzefza8cLBYPx+hhSGCshYigms1QJLFFBIHY4GhRpcAL7uIQy1mhlYLTU8DV6vpEjKKcYbGYw1pGcB4b57Fe6sLAVt2ZTAzY1A6n9UZzkNueW69P51yAa2VUqWfe9XOhWbWFNZhXJRZVhXn6OpwV8L7GF6/fwjIAjz76KC4cHWlJOCojNYXqB+rapwxmHROK3qOuawTR/+ec000ZMaqyUEV1ElqFNP7mg4dlg9IUms6TIg5j1LzbIAguxv97ebr8jd7rHzLg2u+tht6X6/3sM1/92/nMbcOO/9f/e3/zHzN93bEer+yhsH9HLx965hk899wfwGq1Vv9u2gr2Dg4WeOON69/5z/7ZP/9Z7+uH5/OFahuqCqU1sGWhqTognK6WqOsGRVmomA7b9lkrBgVpbKZ3HogBJmlIwKmNxQa196AAWKOtKR11a2lJGjETSUk+aqN68cIRmFOwBwy8C/CuhoWgcQHLdY1V48BVqfoIZlRlCWPacA0dS1MLUB3pbOoaEaJiquSp3Fp2tuutJk0ZCSGIjxEUQ5vJIGxZQBwKY8JmvT4Qput/6S/+lT/3h77t2/+Xuqkxn893u5IJwIZxfOECHn388bcMdKeEM1MqZxrp2WJixIgzoM4ToJwTdpkJkO+DMCaEWpGNodms+kBVVN/Y+OZDrmkeg1ClfrHo2cQlM4FIXZKQzjWqEpkZXehAa5DRRtRy6tf6xDKJ6CaAz5dleZ2JfdPUC2I6JNBcYqgkRXQTswUJi4A0ZF5YRxCUPrNh9RxvAxYIqUPNIlqZBiveU4jiRWQDYBlCuOOdX0eJw5EsGoDdFAATzmegkuvdY4do60xFxbCxh4eH7yGmisTDWobh5KFrVAxExsDHiFmp/rGSSulMBLaEqqxw93QJ74J6zxIQhABToJjNURnGwdERogju3LqF23fuwKfxmYIN2Bo432Cz3qB2Hr4dCWuDvllbA4YBNoVujCSkJJQCVVmgKkrMZhVmRQFDEaenp3jt1glQVnjkkStYLOZprjqk1oJuunzwCI32gGunyTa+adC40KVEOecQY4S1FqUtOn1BTL3f1ie5SIraduwlDS7CuwhY+2sny+XPeedWPRALGYCNA7AdsN0OSEMGLHMCqOH1MmDTcQCsOfFUDnTj4Dsy38f0Le/YxTDj6qNX8fTTT+NDzzyD9Xp9Bgyc9/TS5176+Kc//am/LhIvlWUJIkJZFupJnsaS1NREAbWstEISoocId77tKiJVVhwSw4jewyTtiDXcZSzrp1CVxBFR1c09kWCMQFUYXLowx6wsoUMdagm6Wq2x3tSau+sjImup+8LhoSq8NzWKskBZWq2PpNAV57SK6Jy6jbFJrbEEtsH7VAeMrUufiBBiDErDdRxTQgwiEbEoy4AYZpumufGnfvRP/8U/8SMf/x8Oj45i67WdBcIkiquqCoW1ePW11/Dn/8JfwK/8yq+8paC7LxDToKQ8vH7M5GLYt+EdAiuMjCftYtsY9IungFmYOZRleURE1yDyGECPBwmPksgBgYwQzNYPnpiZ035Q1ShsOE04AkwsbFS7Kd17R9pNi7J2zp06514VkVsxxihqJMzMbAUoINEmvCyIqACREYg6PBKZdoJJHR/ZaIuZSAPUEs4m+k1ETNBkrRhjiDH6qBf0SvJjhiLYUeWYun6f63gEYHMivPZ7qMrqeFaV1yCRmAnVrIJhVtW4LaDpLOpFawuCYYsQ1HaTmSGI2NQNirKCZYKrNyBXq32csYjEmFUzLOZzWMM4PTlBFMFys06jJZzERslhKs1dQxKrTQpOY6yOUwRtW5TWwDLD2AJlYTErLJxrcP3GLdypHQ4Oj3Dl8iWUZZki9HTRc87pIsgGdePSTLiaVzhfo2kcfJTOmtEnAwftc7cl5dhF/YWgYQTWWt2epYxdiYLGRdjC3lo37h8ul8sXexUQybDN0APEMDLakwNZGfldRn4eAmvMjA/FAbD2f8bg8fRZb5wYOZJ/XyXp5KaEb/rG/xCPXr3aqZObpsGdO3f51Vdf/TMvvPD8fyMSL7TtgcJarcYZwqxI9rZRUJRFsuSMaK3y2hG1mMCrtaCMae5fIOCYrGVZZ5slJZK1Y3JqXcldjve8KjGrLKL3aFzExqkdqaTUjwi1tS1tkTKCTfcY2/Yas4G1FiIR602dwicCgk/54ul1MDZ5IySDnNRillRdFIAk+ICgln9SFoWPwc9Pl5sbH/uhj/2Vj/3wx/7+lctXfTWr7mG41toO7JumwfHxMf7Exz+Oz3zmM3De4/r161lW/FaD7i6BzBRDQWYMCSNsasiy6ByAnAONMZX0mKlGUIGfYQA2RqmIUBDIJoWVZY204QR+Ri0VhZNahUWEiWhYAj/j7BVjlBDCUH09tvnIMXTqjVINNyJmRP0tyM83j7UAxoxRaMdtcu8dJt6H3G3GzhdKI0Q8q6pHq8JcFtEP8qxQsAURqqoEs+lcvloLz86IgERHY1L4dYiC1WoFqTcw4mFMgUg6a1tWMxAE1jCMtdhsNohR1P1JBC44HctIc6xayjYoDPeCJdS20lpWz21Sw4g7J0vcXq4BY3Hx4jEODxYplSqNnIjOgp4sN5qOY1gFdEHj0mKMaJq6W9gkbvNxkUwKdIYyaQxC6MVFGlirYKvmDG3fjCWCf3m5PP1/Q9s8OwueMdPTHQJpGAHH3P1jBiTHQDdOMN4cgIceSPaPg8F9MLg/BoAtGVb8jrBgZsa3/aFvxdWrV9U4Zb3GrZu3sNlszO07t3/sxRee/6sxxkPdQKmIqiy1VeB96NKTWuewNoKUWCsnIUSID9054GPowlWkpRRddU62FnztSyCaVzufzRFjgPMOJoFWSvdOeoG0AKXPoLFGBWAp4cta7SerEtrAh9CbnVaBlPehG6Zs+Z6xNom3RGIUitGLczF18QQSJVpr4KMrVnW4+z3f9Z1/6Y/94Mf+3sVLF5vjo2PMFwvEGNP8s74+L7/8Mg4PD/FzP//z+Ot/42+AiM7McY8p1N8O0N0XcHeBLjLK4r6KkUcYM2WEPlPOWbsWed4xviSZxX/ImnMA1/9uM+DHPVEX7ehTT/2PXFk9d9shQGNHP31sw5J7zfmcrzvveO92bazanyOzKRdV8R7DfCiAmqMXFiBCYQtUsxKFNWhcTONYSJZ/KippDQ4oxe4RMZqmRrPZQBoHy1oeDgIIG7AxylzT4mWMzjp3ZhMhwlijjjlRIBQBryNjnAQCUdS8YtM0WG5qiC1xdHCAsiwVbIlQlhbBezSNA6W567qudTQomS/EFHIgUUMDIrZ5zNIauiTAVZFdcqkKQQOHUvxeq1pWVagCN9vipdPl6hca19xJ54/fAbo5UN0HZGWP48XMMWUHcMdMKTlXio4D0O0/ZgwAOGSAOPbWibcdfL/1W/4zzOdzXLp0Ca/9zqs4XS4RYihPT05+7MUXXvxx792FqiwBqPdyy1xbLUP7fqsdqJZwfZrRtaQxmcl6pxuJVB/5ZFOapii6HUjQqoktDS5fuoSqLLHe1FitV5hVFYqyhA8OIbZhK3oOWk5OXan91p9pdo1TD3Brtc2RvBLa6Y6uSmOSf3cK1EjtNpRlIWwM6k2DpnESY4zG2Lip16UXnP7n3/4df/l7vv97/+7xheNmvpjh4oVLOL54EcfHx/jUpz6F169fR9M0+OEf+ZFzj4m9U6ALnD944B5VauY2PNL32+XLzCOl712zwTzBxsyOvvPwODnAnDITGX7Zwe0Nxo1Epo4zNBehkVI7Mo9XJlg6ZzZHuXI/TwCz2XPjwzv0A6Eo7IWysF9lQVaN3hUMiQllWaEqiuS3ozt0wwZlGrFAcvBpB/pbwRsRwXunyk/vYDR8L821EhC1fFdVFazRMlibtWoL9W1We8Um9ctEzVO8x6Z28AJQUeBgPsPR4SEMp1hJSWyaCavVBpsmYDavgKgGHs55mEJDw51Th6k251bHw6Rju9yNiqQRtRZ0U3QkG04uZxYQNUlRVzN7e+PcL6/X61d6ZeU4UkqOIwy3D2JxpPQcdwCynwDlsQ3AVO93DHxzLDd3XNkhzpIRNvyWlqMXiwU++tFnAQEW8xlOl0sQYFbr9Q8//5nP/Ph6vXn/fFYmdqnOdlrlSd7tTB0OpBnWNO7IZwCwrZS0YisJ7Tw3qckONJSlLAo88vBDWFQlXFAnLO8bnZyIiTXH7RxFlKDgT0kpH6Gb09Rjdq5RLwPexvf5pM5XG81tSIi1NpnCbDrjjFSllLIoJEhE8EFOlmvLhk++94/8kb/8Xd/9XX+HmH1ZlDi+eAG/94PP4OXPfx6/9slP4m/+rb+FF198cf9Rn3+PoHu/vWBM9Ih5Aox3CXxox32G7IknyqI5MDaZ0aipcnUO9LjHPMeYbv96O8F07R4AP+YONmTFGNweA3acu93w72ZQjZjywqYdbQDunRMm1ycmIrHWXJ0Z8x4iYmIN+wZpKbYsC1RliSjbnpRJgNsaTIgAoUtQUTV0TL0tierwJEFHw4IXBOchKV3FcjtfRuA0VoYE8t5rhqiPyYrSMGazOarZDMSEwlgUlrUkl0RQIjrO1SQBSVVYVStv6qQmJTTepXnsJEzvzS22Yr92DaLELkJrzpGef2sr2m42vBcYy84F+VfL1ep5EeEB+5sCQT9S0p3q38YRUMZAnRwHPeQhwCOzGdgFunEEVMf6xmPAjRER13lU0/dVoj4+PsaVhx/G1auPqDGMtVivVt/4wgsv/OSNW7efW5SFnouklRHt2UsHxkTczf/7VEEpCttt0M56EmxDU9qJiSgRVVXg8kMX9fPlI7yoWQdRAnPRSMsoEWQYTAbeOfjWKjctGQKBaxRYlZ2rY5oPsQvP0F62+hK0kyKcPushRHgfIDEmL6AoZFiIwaerhhbz+e2P/cAf/Ynv/O7v/pnNZhPqpsZ73/NeRAn4P/+Pn8e//tVfxa+k7ObzXH43g+4uNryrNL1LWMNvso881bvkkf7wFOiOsb0c6E6NUQ2BdzgGRSN/5wnWnSshmwlFOAbqb+Cs6YgdgCIPmGyO1TLu9efmCXU67WC/ICKqrH2isHxN1doEY9T+0Baq3iWjPdWO1AjBFkZneaOoby0RSmaAqRMxGaO9JcNGlegupFEFVQdLSOlN7asT0hwu9UQhhUVpLcqygLUKoho+pPu3mFKfmqbpIvac8wrorCp5ScDqg84dx144BvcUlh3oRnQxe+1croiOc7SLWOt/E0NUkQvxb6xW63+X+rjIgNhYbzUHulPlZ4z0b/sAPwRVP6FY3sWax/rPucePEdDNMXRkNgySAfJdbHhoRLQ3CF+8eBEf+ZoPo6wqBavGPf2533zpr37hd770fZXlpA/ANpCBe6CbNqLe+9TXLxNjlDOAwsnjXc8nBlHEfFbh4sULKEsL57ZOUSpsCmmTm1oqMQIMGDJwKe+4vb1JVrnOOYTgVYcRI0LQIA5l5/q4YwRC8J0zVYdn1EataWeXDCGGQMvG0/vf997nf+D7v+8n/5P/+Jv/Qe2d985hcbDA3/7bfxevX38dn/jEv7xvUPvdDrrnLT9jguXKCCjv20ceU9DuOwaFEYDYBdb7lKanvsyAeY6ZhvCO0vSQkQ4dwWiiZ4wRQRcwHnqxj183Z0B+rA+ce12FmY215n0l0RMaBqBjRFpiMygKm0ptKiBqVb4hBW6HoOHfZVHqCphm/lp3JiZWdx+jSo8WxIikCwZo/ZaSZjxNWKh5J0PnGFuBSlmYNP4RuuQo59Owf/BducwFn8QjMR1fhSutZ7MMvm9plKQFT3qetdsxNkr+ojHNGgubz6829WeD9w22Rjb7gJlM9F939W1zKuc+iPUB2o+w29z/yLHdsAfjzvWB447fZUIxPcWQh6Vt2QG4o0B8eHiAxeIAH/maDyWlMT/8+vXX/9wLz3/mzzcbt7CF7T42mnwEtHMXhG7M8Mzeuj2fKOXXMkvnWTCblTg+PtDkshAQglZoTOv7nto03Jr0RHRZwW3qlPeti58uHa3IUVmrT25T7bmdWDZpVCERa7CBV7tTdXlrnwShcZ5cCHjuox/93z7y+z78U//BN3zDv3j/+58EFxY//dM/jU9+6lP47Geff9NA9uUEulPgex5VtEyAsYwwYBmUPqdygXnkOt4TnBnTM8tjPc0x5pdLbjoP6O4L6rnEp1zvd1iuxkh5e9emYorl5wB77LUXZi5La560RNd0hItAZGCtUWMTwzCmQFma5MZDykyhyt7CmqSypO3KmOwbiVVpiTRWEwF4r4ZLhSl0TjGl+REREFJ8HBMCREVWxnRBE+0TcT6oP7egU1g3jYOIDp81TtkvRenOwC2jza/MJMrcW0vQbWAHtn07JGc1JgjRl9ab5rdCCPWA6YWRHu0+oJsb9YkjwLxPP9YPgMqP9IbH+sb7MGLB+LjTFLCOjSyNgfoUUMuEWnqSAc9mM4gIPvj0U/DeLxDjt9y8cePP3rp185uYQWnoAkjz6m1oyhYXzvZ7uw1k7+FYW+LgYAFjCK5xKUhD4L1DVZWwxiL0xpJarUP7WWq9DbY6iBbY5Z5wmTYBa/v4VNTFlIyLoAIxHyKERKIXcjHg+OjCqz/0g3/sv/36r/+D/+O/+MQnXnv22Wfx0ku/hf/u7/8srl+/ft++yl8JoLsv+O5Tjt6HLU/Ni/IIOGOEAe8CX+yhnJ4aX8rlE+d6sLSHyjkH0LvSnobAPsaAh9nIBuPGJmMOY2ZPUDZ7KKOFmavSmqct0eNaeVKPZEopTEQ6tmMLFZjEIEm9u2WMbcatjiKaTv0pEmHYwqeUqJZJGqYu4zNKRBRlt9o35TTziCQMidi2S0UTUYIHQwVUmqVbd843zut4EAagq6U+GjzmVGWLEdQyDtmW5zrHsuT5DSIJgtca515JgMvnYHZx0IPdV1EcJ8rVY6C7rwgrZErPY73i3PMYA+jchiMMyss5oRYmhFljr+2wv0y4d5QJmBhf6gPXe9/zxBO+rn/w7p3bf9p792RqyKhaP0nb+0IrPT+S7zs6E5/EjhllWaVSb9r4JdOVEEJKp2rDWii1P9CViTXL26ee8XZDm+ow6gtP0vWajeEuy1k/N9slXWjrihWDVoeqar586gNP/vJXf/Crf+q116//82/51m/xP/4T/2WneH6rwPYrAXTPC8D7gvE+103NoeZU0FNgix23wQiQ7nLz4ow6mibYJ02IqKZYLo+AImVYbY4dIwOkYyIyM9JTNoNescmUq3ex4MjGzCprnmHgWrtd17JbTHOMFsaqCKMNAmhHEDjt/L0IWATG8jYHN2oPKoiWhAtrAAKCjyDmVEYLSajFvR28xqsJtmM62jejDiTbBKIYkQQjW2OMli30WQhRTM5CckZE1Y56BNnaiG7ZTFrPRSDEMQherxv3pag1Zs6UO3Psawxgxkq3u4A7x46nGGbcQ7k8ZtARR4Bzqk88ZdqRKxfnnLGGo0mS2ajs6iPn3pv++FKOCUdrbV2WpZ1V5XPRuR/zrvmPRMIlgHo33oJ0C7BncSNVesDqCBXlntW0S47OpC1tsU6SAct2llyEk1NfOg4lz/J07uqcOXV50F0SD2l1KoqgtMX6ykMP/dr7nnzyZ9Z1/X998lP/9o4bSWt6ALpvDfC+WdDNlZZp5G8y0f/dB8xz5WVMlKGnQDinvB4aYNAIA6UJ4GPknbuG4I0JURRP9Ian/pfdsUHIgX+O/UZr7EFZ8EdY8Hiru2x38swGxJz6qsqCrTUdIAqoc2/S2ybz9a4/Kl0vSkVZCnJRAEvSRTlqSa3teUnyheVOqCLJsKJfLm59kbU0rESnBeCzH/at1XX//kqLtM9siDvQbclacgYKIeD1unHXo6I0ZwREPMKupuwWx6wXx3qg2KMvmnOUwggwYeT2MiHiGhphjCmUc/+3fyzCuNMVRh5jzIBnC8iYeN1yry0mytOOmde2KC6Ulr+JRf5wjPH9IvFSDiP6ub6U/NpB7XVnTwdJSWags/YGLTPl1kI3chu5sk1Py4TEUmLiLfOWMxoFdAp/CFCUpb9wdPDrx5ce+p+JzP/6my+99MWmaWgg/ASms5WHIra9hWxfSaD7VrDeXWAsEyXnfk83l4STS+Hpg6FMiLOAvJJa9gDdKYbMO9gx4965Ws70jHOs1mYAlfcQR9FEOZlHSt39Ergd9Jg5w3in5oGDtfaoKuxHSOT9LVPsymjMqYeb+rhJBGLMVmSlvVw+W76N2zW2ZcnaGo4gIVimTkmswpDQ9b2Y+283ul6YLj6cMkP1+NKpSAfh6G0KxzYkfvv4BIiiRhlM1MW79T/2AnJe4o3GhZuJFZuR3mFulCVmPkNDkMmVP2Vk8Rv7GZi2acTI/9z1eHKPI/ccZeQ57DpubsGeUi3LCOiOPd99R5Nk5DFviHhjjTkyhp9iyFcT8AQgD3cVED3J0GWsJV9bEmWXCrC98O4zuElJPJUAOwmgEmZvn7S0ZvC9FzP1gdsABSQxcnf+JxUXEaEoi9V8vnhxPl/8f2D6uTt3T3799t27UWIse2ucHxHm5aoUfsd5+64B3beKAb/ZvvA+Zv379I53ibKAaQvF8xh6jCl/p0A3Z3Zh9hRDca8svA8gW+QDK/qA22fPdoLt0ki/lxPwLkotNX8wSpz1BnyTJaSGZKs5AHWqY2W/fIZhah8rdqMW+slT/1qiFC/BujDFBIQ65rBdK2Oal1XGoMKp1twihF5y1JkRoF6frmXJ2DoD6XxQcs5KqSzcY+OSKIWAlk0IN0Lwa5G9Up9yOi2MALKM6bomrsMI2AP7mUtM3W/qPlObC5nYZOQAmnY81+EiTiMAPtWvzdlR5oCbMD2e1AJQDSJviAoivmQNP0rAZYIcA3LUktceVd2WoLVn0Z3fPQTqPlcx6Q84uWvENgWtnScHQ9JWj6JAGN35TKlP3M2cp6hUw0aMsa+w5c8R06cF5tNN3XxhtVk3EmO7PuSSqiI0xaruXd+/rp9olVPSj26s3g2g+1aDMDBtY7lPyfq8gq1dvd+pnvEY4wV22zXyoOSyK70pB5rI9FuH14+JsSzyphxDUdYu9bXZo9Q8fNyRmQtrzDXD+DAjlZuTCKkdKdKfuetrqd2iiqG2AfAt023Lx6lP25XjtqrNrWipLSHHrqTcztG2oxghpRO1rLT92A7VnO2DiMO+WYzwyfjAngFoddECEHyU2y7E2zEEB+wNuJQB2zio6MjEsfrTAlOhATLx/+OO42MHqO/aIMg5jjsE96lNxRCYx9yq4sSxsWeFABMgLhnwPjOjnM75gojmBBwx4SITXSTQBQKq1p1qWB/sYkRbk+bhu5vKwDC89Wtug+/5bAVn+7mJ6bgEZl6SMTcM8asReDnE8LKPcj14vwoheNybve4z39vc5RW2ec39HOf+V3s/Nyjx54Rsauz8LgPdt4MF0zmOvSv2bldfd0oVfZ6Z4Slby6l54l2OUrlSs2RYZQ6szUSpeaqsPKW6Huv1Dv2sc0EREQAZw8eFMU8boqcAlMO3ubXIU3ZLafwHIDJJLSxp8296C8YWXLmb4ZVerzUm9bP0xCMhlc1wptQ8BNptSVzO+NP2Omrq/ZzKyZb4niaKEC29DzddDEuJIntsNPdhudgBukPA29d1Kcdc92WRhP3SgOQcv5+HbZ/nGLtY7djtdoHuPuAcBxuGtrzaB2TDxAURFkxUglBCpEpRp0WKjy4JXBFQCktBqR2UPgt6BqtBlGbztm9MTE0TUudwLdCQJ7ADYxmB2xLlZoS8QcANIT6VGE9EUIcYwuD9zo2f5SImW9Bt0nOt089N+nkIxLk85weg+zYB8T4mHWOsdhdj3ReQd8UaYqJ3e56QAYP9xpbGXLWAvHtVro+LHaBrJ4DUDu5X4F4XLpM5To6Jg5gKa8yj1vBTLLiQohDPrEEt8BKjE4lQKtf2WW9bGrbW9ErOlFhs7EC1ddPR+8XEdM9WLlvT9k6cQrleMqWklojQpsOI5q9als43GkLRi6xDlFshxlOJ0eOsfSkmGCpNAB9GwA17gNM+YHue45znehkB8F1WjPImfpc9Ngc5Jrwv0O7Tj5aJ/viwbN2/7qzIa/uIhc6SDgPApkQ1wvYU3o4vAZwmkCKIvI6QSwCppwwAB0IgkAOwicAGIo2IDK0+gWmF+Rjw+gSmqx6oNgMArnuM2I+A7j0bmHdjefmtBl86x885VrqLmQp2RxBOge6uHu4u0DWZkvMUMOdGkYBp96pdIRA5dmsywGp6fV3b+zI90O2D8JQRSO75RWaeW2uuWuAxEBbQOMYzbyX1+rtRYmef187I9p14zpoKUAfKbeWsFUVtmS0NrsM9DHd7vPaYyc0nATMzwYDB1P1PHyDLEHAzxLBKCxff5+eC7gM0aU9WvIu5nheo9wXt+wXcMXEUnYPNyo7e8j6sd19RWpwoNccdZefhsaeU07nbANMzy2PjWUBeKJab5e4fI9ebDT0Qbb82PbANg+/DsnLOqOWec+EB6L45ljsFrGNjQWO91V29V9rRt51SKGOPMvK+sYU8Auo5JrzruFP94NyokM2Abv/nYgC4xQB4h4Irxn45v2d7hQQxxDNrzCNs+KqReCiIpIBIW3/iVlTSfY5a4ORurIcHPap+b7bt/25fasHw8zp0AurQQHTQIoqWkoUoKZMJhdbofETceMEyhngnivTBdqp3O/V32ROUd91uV7l3nzGN8wC0nBM4aQSI92WuhGkF9hBg48TxZOL2Y0IpjIBonOgJj4mychGGObBFptyaC7jIzSfviobsf/eDXm0cgGPs/dzv4w5B1GX+nmPEudGzyb79A9B9c8C7S/y0y5UK2J0piz1AYZ8M4Kny8RgTzomspoIFpkrIU7aVyPRYzQjQmhEmW06Arsn0f8dSpGikZDo8NyKIYI1ZWKbLDHqIiC4QUMrAPiB2vVUViBCzhh2k0Z02i5SgUxci9xKpLYuNZx92D74E0om2ulUvmcMzEwhwJLQJkFWI8U6McRUFrqPZ96riMbGpPM/nZlc5mSYAdwxM9wHNMUbJE+BFmDaOkIk+8q7RJ4wwx/My3Vy5NweGhOn53zHQHZauh38PGRAdM+SYMinJlXj9RI81jrDUOCjv9oE29gA0DP5P7phTzmX7jKntLrVkQNfi3X2RcywmsqOfNTQQyC0cufvQCAjIjsfSX1BookTYv13o3TZObBCG1nImc9thalAY2YhIZtMxpsYcW/j7H452IZiKWBTkU57CyHOWzAbp7PmgBuynnnDCZL5kmY7Y8CXDfBEiR4AUbShBm83buk1poxfdAI866gAIlOZykxAq0d+tvV47iaHzGTElH8UoCO1D1sM7Im6YsSHIJkapo8haotRBpOmo9qB8PvL+7PpcjJVa92W15wXdffu0Y4zTT1xHGVCkHawRGFcW7xIv7QLcXcAqIyXfMaY6ZZCRc9LyA1Y6dMUKmA658LjXA9tn+qchA6QhA45DlhkGpd2ck5iMbAaA/HzzeUVxb57pPejp3jcDHi7au1jw1NztWA93rLycu82YfSSwv6Vk7vi5EjP2YMYto8VEeXcfpXGfzXKmvJxjwmPjRVP+1fsoyc8sxMxkiLhkpgWTLCTSARMOQTKPgoLUQcAykWnHJrj3ee7GKbqjUps8tkWDNihc4KOIJ6FaiBpANiKoAWokyhqIToAASOuQJ3tUXcbOacF0pvUYYO7Tt5WJzeV5RUn9xxpwryHHLqYSJ8qrY4x32L/r/xwmmOaYuxYy/cGxPmiY6KPmmGSOaQ6BzI8A6TAbOXeb4TEkA5oy0m/d18oyTpTd93mv9zk/3z5W96C8/LaWn4H7F1oB+40O5UrVU8KtXUCeKyGPsccpZfRYuXqsjD4FgGO2jkO7SIt7FclToLtLRGXO8fjHNliGCAaCQkCWAANtq84IKAQwBFjNFQITwaTpxlbopaErIg0BTXKODETkATSiik0PIiFI6H10ZY+Nw3nZKWWYrUwcc9+fx/qmQ9eoOHGbKeOHHKsBxp2aYqZfGSeY5JA5jQFhyLDKnIIW2C+Zaar3OSwB53qgOba6T9RgwPgMLwYMeYqxR+x25poq38qXI4A8AN13HoTH7rfv7zSyMO4jftnXOxojgD41zsQTx5gCpSFbHjPpGGPyU9GHwyzhXcCey/6dsow0E89h6jUCpkVyw+c6trjwyAaORkrjcs4dvexgs/suev1+IDCueD3PPOkY6I4da8zwfxgcP6aEHWO2OZ/ksfJvLsR+yid5mEo0Zf8IjIt6MAJ0cUfZexfbv5+S/5c9aL4doPtu7+me+zXcA1BlhE2c9wSkPRbFfe5/P6Ye2OO+OTaUY0e7wP48t9lVQZgSSNHIJmbI6HdtQNr3Yh8rzvO8nrRHmyIH6vuWeXcBp9zHZ4F2MJWxMZnzOidhR3kRI/cbExLtA0LDvu0+qmXBeL8XE+CYe47Y4/nu8/7Jfaw770qAfKcuD0D37QHi+13MpoRUb3WT/+0saYyZI5xHpYoJEDnPc5L7eL48sYHa5/HuIyai+3gd+puGXKDGeS9xj03jPq/NPmIs2YM9y56Lv2C3tWTuGHKfn2nZsRmmN/GZf8uZ1Nu8nj24PADddxWAf7n8L3nwIX7HL/S76DX/SmZLXzH9xgeXB6D74PLg8uDyzm6iCOcbmxv7P+dpXTwAqAeXd/WFH7wEDy4PLg8uDy4PLg8u78yF3oaewIPLg8uDy4PLg8uDy4NL5vL/DwCo/8acogC23wAAAABJRU5ErkJggg==","provType":"MONITORING","date":"2018-03-12T13:37:03.121Z"}}},"provision.device.location":{"_value":{"_current":{"value":{"position":{"type":"Point","coordinates":[-5.84747,43.61222]}},"provType":"MONITORING","date":"2018-03-12T13:37:03.028Z"}}},"provision.device.name":{"_value":{"_current":{"value":"tow","provType":"MONITORING","date":"2018-03-12T13:37:03.096Z"}}},"provision.device.operationalStatus":{"_value":{"_current":{"value":"NORMAL","provType":"MONITORING","date":"2018-03-12T13:37:03.196Z"}}},"provision.device.serialNumber":{"_value":{"_current":{"value":"Gsm123","provType":"IDENTIFIER","date":"2018-03-12T13:37:03.119Z"}}},"provision.device.specificType":{"_value":{"_current":{"value":"VEHICLE","provType":"MONITORING","date":"2018-03-12T13:37:03.203Z"}}},"resourceType":{"_value":{"_current":{"value":"entity.device","provType":"IDENTIFIER","date":"2018-03-12T11:02:46.919Z"}}}}]},"statusCode":200}
  [32m✔ Then response code should be: 200[39m
  [32m✔ Then does not throws an error[39m

  [36m@searching @searching_devices @select-fields[39m
  Scenario: I want to obtain the summary
  [32m✔ Given an apikey user by "require-real-apikey"[39m
  [32m✔ And an ogapi "devices search" util[39m
  [32m✔ When I build it with summary response[39m
  [32m✔ And I execute it[39m
RESPONSE_: {"data":{"summary":{"count":14,"summaryGroup":[{"provision.administration.channel":{"count":14,"list":[{"count":14,"name":"default_channel"}]}},{"provision.administration.organization":{"count":14,"list":[{"count":12,"name":"chemacorp"},{"count":1,"name":"organization_UX"},{"count":1,"name":"devices_organization_searching"}]}}]}},"statusCode":200}
  [32m✔ Then response code should be: 200[39m
  [32m✔ Then does not throws an error[39m

  [36m@searching @searching_devices @select-fields[39m
  Scenario: I want to download csv
  [32m✔ Given an apikey user by "require-real-apikey"[39m
  [32m✔ And an ogapi "devices search" util[39m
  [32m✔ When I add a filter and with[39m
      | [32moperator[39m | [32mkey                                  [39m | [32mvalue                         [39m |
      | [32meq      [39m | [32mprovision.administration.organization[39m | [32mdevices_organization_searching[39m |
  [32m✔ When I build it with select...[39m
      | [32mdatastreamId                        [39m | [32mfields                                  [39m |
      | [32mprovision.device.administrativeState[39m | [32m[{"field" : "value", "alias": "state"} ][39m |
  [32m✔ And I download csv it[39m
RESPONSE_: {"data":{"req":{"method":"POST","url":"https://172.19.18.132:8444/v80/search/entities","data":{"filter":{"and":[{"exists":{"provision.device.identifier":true}},{"and":[{"eq":{"provision.administration.organization":"devices_organization_searching"}}]}]},"select":[{"name":"provision.device.administrativeState","fields":[{"field":"value","alias":"state"}]}]},"headers":{"user-agent":"node-superagent/2.3.0","content-type":"application/json","x-apikey":"2829be88-a7d7-4f51-aefc-3cc2385b6506","accept":"text/plain"}},"header":{"connection":"close","date":"Mon, 12 Mar 2018 14:56:45 GMT","strict-transport-security":"max-age=2000; includeSubDomains","set-cookie":["JSESSIONID=node01g4szljz4nnqbkfix1qfqy74b3599.node0;Path=/;Secure"],"expires":"Thu, 01 Jan 1970 00:00:00 GMT","content-disposition":"attachment; filename=result.csv","content-type":"text/plain","content-length":"13","server":"Jetty(9.4.0.v20161208)"},"status":200,"text":"state\nACTIVE\n"},"statusCode":200}
  [32m✔ Then response code should be: 200[39m
  [32m✔ Then does not throws an error[39m
  [32m✔ Then the content of file "search.csv" must be:[39m
      [32m"""
      state
      ACTIVE

      """[39m

  [36m@searching @searching_devices @select-fields[39m
  Scenario: I want to delete the entity
  [32m✔ Given an apikey user by "require-real-apikey"[39m
  [32m✔ Given the entity of type "devices builder" with "devices_organization_searching"[39m
  [32m✔ When I try to define the entity with...[39m
      | [32mdatastream                 [39m | [32mtypeFunction[39m | [32mvalue         [39m | [32mparent[39m |
      | [32mprovision.device.identifier[39m | [32msimple      [39m | [32mdevice_ogapi_0[39m | [32m      [39m |
  [32m✔ And I delete it[39m
RESPONSE_: {"statusCode":200}
  [32m✔ Then response code should be: 200[39m

  [36m@searching @searching_devices @select-fields[39m
  Scenario: Deleting an organization
  [32m✔ Given an apikey user by "require-real-apikey"[39m
  [32m✔ Given an ogapi "organizations builder" util[39m
  [32m✔ Then I want to delete an "organization"[39m
name
delete
organization
withName
  [32m✔ And the "name" "devices_organization_searching"[39m
  [32m✔ Then I delete it[39m
RESPONSE_: {"statusCode":200}
  [32m✔ And response code should be: 200[39m

[36m@searching @searching_entities @select-fields[39m
Feature: Searching entities

  As a user of JsApi
  I want to search into entities collection
  So I can add filter, sorting, limit, select to search any device

  [36m@searching @searching_entities @select-fields[39m
  Scenario: Creating an organization to use in create device
  [32m✔ Given an apikey user by "require-real-apikey"[39m
  [32m✔ Given an ogapi "organizations builder" util[39m
  [32m✔ Then I want to create an "organization"[39m
name
create
organization
withName
  [32m✔ And the "name" "entities_organization_searching"[39m
description
create
organization
withDescription
  [32m✔ And the "description" "asset organization"[39m
country code
create
organization
withCountryCode
  [32m✔ And the "country code" "ES"[39m
lang code
create
organization
withLangCode
  [32m✔ And the "lang code" "es"[39m
time zone
create
organization
withTimeZone
  [32m✔ And the "time zone" "Europe/Andorra"[39m
  [32m✔ And the "zoom" 10[39m
  [32m✔ And the "location" with 1 and 1[39m
  [32m✔ Then I delete it[39m
  [32m✔ Then I create it[39m
RESPONSE_: {"location":"https://172.19.18.132:8444/v80/provision/organizations/entities_organization_searching","statusCode":201}
  [32m✔ And response code should be: 201[39m

  [36m@searching @searching_entities @select-fields[39m
  Scenario: I want to create a device
  [32m✔ Given an apikey user by "require-real-apikey"[39m
  [32m✔ Given the entity of type "devices builder" with "entities_organization_searching"[39m
  [32m✔ And I get allowed Datastreams fields[39m
  [32m✔ And I can found "provision.device.identifier" as datastream name[39m
  [32m✔ When I try to define the entity with...[39m
      | [32mdatastream                           [39m | [32mtypeFunction[39m | [32mvalue                          [39m | [32mparent[39m |
      | [32mprovision.administration.channel     [39m | [32msimple      [39m | [32mdefault_channel                [39m | [32m      [39m |
      | [32mprovision.administration.organization[39m | [32msimple      [39m | [32mentities_organization_searching[39m | [32m      [39m |
      | [32mprovision.administration.serviceGroup[39m | [32msimple      [39m | [32memptyServiceGroup              [39m | [32m      [39m |
      | [32mprovision.device.identifier          [39m | [32msimple      [39m | [32mentity_ogapi_srch              [39m | [32m      [39m |
      | [32mprovision.device.operationalStatus   [39m | [32msimple      [39m | [32mNORMAL                         [39m | [32m      [39m |
      | [32mprovision.device.administrativeState [39m | [32msimple      [39m | [32mACTIVE                         [39m | [32m      [39m |
CREATEOK: {"req":{"method":"POST","url":"https://172.19.18.132:8444/v80/provision/organizations/entities_organization_searching/devices?flattened=true","data":{"provision.administration.channel":{"_value":{"_current":{"value":"default_channel"}}},"provision.administration.organization":{"_value":{"_current":{"value":"entities_organization_searching"}}},"provision.administration.serviceGroup":{"_value":{"_current":{"value":"emptyServiceGroup"}}},"provision.device.identifier":{"_value":{"_current":{"value":"entity_ogapi_srch"}}},"provision.device.operationalStatus":{"_value":{"_current":{"value":"NORMAL"}}},"provision.device.administrativeState":{"_value":{"_current":{"value":"ACTIVE"}}}},"headers":{"user-agent":"node-superagent/2.3.0","content-type":"application/json","x-apikey":"2829be88-a7d7-4f51-aefc-3cc2385b6506"}},"header":{"connection":"close","date":"Mon, 12 Mar 2018 14:56:53 GMT","strict-transport-security":"max-age=2000; includeSubDomains","set-cookie":["JSESSIONID=node0mg6ty0jdiqia1wmhj3tmu0u393606.node0;Path=/;Secure"],"expires":"Thu, 01 Jan 1970 00:00:00 GMT","location":"https://172.19.18.132:8444/v80/provision/organizations/entities_organization_searching/devices/entity_ogapi_srch","server":"Jetty(9.4.0.v20161208)"},"status":201,"text":""}
  [32m✔ Then I create it[39m
RESPONSE_: {"location":"https://172.19.18.132:8444/v80/provision/organizations/entities_organization_searching/devices/entity_ogapi_srch","statusCode":201}
  [32m✔ And response code should be: 201[39m

  [36m@searching @searching_entities @select-fields[39m
  Scenario: Execute searching with a invalid start limit
  [32m✔ Given an apikey user by "require-real-apikey"[39m
  [32m✔ And an ogapi "entities search" util[39m
  [32m✔ And the start limit by "null" and size limit by "5"[39m
  [32m✔ When I build it[39m
{"filter":{},"limit":{"size":5,"start":1}}
  [32m✔ And I execute it[39m
RESPONSE_: {"data":{"page":{"number":1},"entities":[{"resourceType":{"_current":{"value":"entity.device","provType":"IDENTIFIER","date":"2018-03-12T10:59:01.011Z"}},"provision":{"device":{"identifier":{"_current":{"value":"CHD_DEV_1","provType":"MONITORING","date":"2018-03-12T10:59:00.018Z"}},"model":{"_current":{"value":{"name":"OpenGate","version":"1.0","manufacturer":"OpenGate"},"provType":"MONITORING","date":"2018-03-12T10:59:00.905Z"}},"location":{"_current":{"value":{"position":{"type":"Point","coordinates":[39.62467550256621,3.1096776465796636]},"postal":"28033","source":"GPS"},"provType":"MONITORING","date":"2018-03-12T10:59:00.099Z"}},"image":{"_current":{"value":"data:image/jpeg;base64,/9j/4AAQSkZJRgABAQEASABIAAD/2wBDAAMCAgICAgMCAgIDAwMDBAYEBAQEBAgGBgUGCQgKCgkICQkKDA8MCgsOCwkJDRENDg8QEBEQCgwSExIQEw8QEBD/2wBDAQMDAwQDBAgEBAgQCwkLEBAQEBAQEBAQEBAQEBAQEBAQEBAQEBAQEBAQEBAQEBAQEBAQEBAQEBAQEBAQEBAQEBD/wgARCAGQAZADASIAAhEBAxEB/8QAHAABAAEFAQEAAAAAAAAAAAAAAAYCAwQFBwgB/8QAGQEBAQEBAQEAAAAAAAAAAAAAAAEEBQMG/9oADAMBAAIQAxAAAAH1SAAAAAAAAAAAAAAAAAAAAAAAAAAAAAAAAAAAAAAAAAAAAAAAAAAAAAAAAAAAAAAAAAAAAAAAAAAAAAAAAAAAAAAAAAAAAAAAAAAAAAAAAAAAAAAQUnTlnUwAAAAAAAAAAAAAAAAAAAAAAB499hcLPP8A7z8s+pwAAAAAAAAAAAAAAAAAAAAAABxjs/GCG+mfM3pkAAAAAAAAAAAAAAAAAAAAAAAcY7PxghvpnzN6ZAAAAAAAAAAILpuIQ096Pn0AAAAAAAAAAAcX7Rw8h/qDyh6vAAAAAAAAAAOFwzoENPTIAAAAAAAAAAAHBO9+eiC+v/GnssAAAAAAAAAA4xDZlDT0yAAAAAAAAAAAxcgq87+iPO5zz2X409lgAAAAAAAAAHGIbMYOeoAAAAAAAACOkio4tGTsUIs/DS5mrHQYFb+kQ9fefJedURmRFwAAAAAAAAHD4BNOdnr8AAAAAxjJc7gh2vm0KlxDL0/05sMeK2i/Y+gfQ+Wy79xfhmZun+nQJZxX6ejr3neVHXkRk5fAAAAAB565z0Pnh7LAAAWeQnYo7yvVkxjGNcN5fitJINPjgUFX3BpM3GtCtjWjM+4X0zWJUZCzUXftuouV2qi9ma+om0v45UeicrzrJjsiEykzQAAed+edD54eywACg1XmjsUFOMTKYRElX3kW5OhsS2Z9nVVl/wCY+MbDFs1D79+ipUPv36KlQqVCpUKlQqVCpUKlQvW6iRyvmX07xm8A3p2JBpWcF550Lnp7LAA0W9hxz+J7jTi5R9M+DSy2cJwZNgkU10u1hocuzryVb7mw7fLvMV49SVcH6cSyr5WPv2o+VqhUqFSo+Vfaj5V9rKaqvp8+tQbjTwLZFGv6zLU4bt+1Xl5Rn9RjR0rZeV+wHSAIXNI0cY11usrqVC9brOJ4tVmS9XifLdjYx7ho470W4cpdB1xD7/Tpscz7VgcrO4VYWeKlwpqyskwsjKrLN25WU11VlP1AjM18t6ERST7PKTVZu3xS7HoZzMkfPZTG1k3ZY9ITpgGv2GKeWYz6P42WNvzbKOj1x3eHE95o8PJi2+FizPNmiFMljWvZ9y8XJ06usdR5b1oh3NumcHKIbpcAnfoHyJ6tNzmXKyzYt0cnjZv3X53N5mwu67bd/wCipXYhp1aybWuhlvMyc1Me7qOZLPOUauRGhkt60cz6RqOhFOxw8w6WADH00h+HKuZendUePa/R/NDgX2QQ4233X5hd+qinKsZJ1XrHKOsEN4j27hxroROxyvvPLOunWbnEpeSrXynI5PGj1O9zsHP12bXV3/o9doc/pXt7XNzTEyRwKB4xTn7S6U3KPh9fai5MYVYOg67mPWTo/wBt3AAAC3rdsOfc29D4B4rg/ufnZ5dzptADYZWg251/rPJetkL4f3Hh5rqvn0v+ivN/oQmUBmtaed913aODL4x8XtVWu25ur8IgBJIxuNiWshSV0qj5V9zjHytTBTf6WV9YIn0rMyh9AAAAACnDzhEIB23FPIHP/ccFOQ9n5ptjM4j1HkJR9ouD0T539HpvqlYqfbLuBm2l88ZG7kUun3qs+vn0VLpbyrkeN/BLPQSCdclcgMDZ1gAAAAAAAAD5YyBHoV1W0eaeSe3IgeLc/uHKDD9L+TfRZ0arXbFPtfyuxh5uGvIJNo97L9fLh8rvVlWLqss0e9nkxI5Lsu4fPoAAAAAAAAAAAALdwamK9AoPPMK9Wxs89TLfQw6JteKSNOm4WDfrl0hjcnl+5ON8LNyZyki0s22WWb/0AAAAAAAAAAAAAAAAKahiavf/AAgsO7PjnnDXelomcAnuz6eQ2Z7PKMXMrAAAAAAAAAAAAAAAAAAAAAHyi4LFdwfPoAAAAAAAAf/EADMQAAAGAQIDBwMDBAMAAAAAAAABAgMEBQYHERIgQBATFCEzNTYwMVAiIzQVFiQyJWCA/9oACAEBAAEFAv8A2vkeWwMdFBn8C5lfkM677+54fe+LL7fj9UYcfwem0KPKvPyGqPs+l3vH5DVH2fS73j8hqj7Ppd7x0uR5bAx0UGfwLmV1OqPs+l3vHS51339zw+98WX26jVI9qbStW930uqMOP4PTaFHlXnU6sq4aTSNfFfdLqj7Ppd7x1OsSuGh0aXxZB0uqPs+l3vHU61Hw4/op55D0uqPs+l3vHU62fH9E/kHS6o+z6Xe8dMqVHQojJRDWz4/on8g6XVI9qbStW930alpQU7KqiEHr62tDdNaXI9nNjCNlbpDUwzyWi0dhSoeRdLqyrhpNI18V90Nhf1NYU3PX3h3V9cqi4/FhplWLaS5I8t+K5FymQgRsgr5AQ424XRaxK4aHRpfFkH1plnAgJn6gRkCTb5JcnDxd102qqurkv3SEE6+8+r6DMuSwcbJ5bYjZFBfDbzTxfX1qPhx/RTzyH6b0liMmdmtbHEvIshsw1jsqUqNjkZgjk1UISL19YccW6rl3IgbrZDxDY8QO+WO8dHG8ON4Mzpsc4uVTWxFyaA+Gn2Xi+prZ8f0T+QfQUpKCl38CMJeSWb5/0+RYON19XEH9ThMBy6lqDkh57lUtCQclI45Ch3bpju2SG8ch3yCHiFDv1jvXB3ix3ix3ix3ix3qw1NkMnGyiY0IuTwXgzKjvl9HWz4/on8g5nnm47SNRqyxXIs5kobmCVsDfdMuVS0oBydxwvrHAwgeIQkG+4Y3Uf123nWji5FPYEbKIrgZmRpBc2tnx/RP5BzWDzRtZBp5WLUdhlGOHXZPV2IIyPlW8hsd4+6O6bSDkJSFOrV0yFrQca9nxxGydlYYmRpJdutnx/RP5ByrUSEyZRmcmWtS0yCUVjh9LZhcLLMbOuzKDINMuMtK58NseNS+CciNhUviG+/VoWtBsX82KImVRXwzOiyBrZ8f0T+QctxJ8PElu/oPzMEoyCJJkLmprrE/6LHSTlXGQFsIbCuJI8VJSG7eyaDWTW7QYzR8hHy2sdJiVGkp6WXbwYQfyOY+fg7OebNRJjhqfaxTkzWb2LiNRWYxaMWMORy5Me0SSrdPITBLOSg/EqhpUF1CFB2jfDkCW0DIy5G3nWVQcqsoorMjgWAL6mw4THCobH2TrWJAJ+0s7Q4GNOunCxtpsM1sdsigtLCaSMoHWwIyZ1hEbTIyRht7EpUp7kyo9oLp7p5EHsJjn+Z3w70E6OMjDkZh8n6VJh+HIj8iGXViqyGfVqiymJjXMTajBMgmkgkkNhsNgeySnW5rOJjpTFwscjMEiGlsEgw2wZhLaWymXjLRXGTNsOWq5ckY/WoiNYp/L7chY8RVFJTsSiPlm/wAwm1nyEowTg4ScD1D4g/7anoVDxYzEXHmGhLpq2QwTkzFp0OWzOY7CSZhLIJBENhsNhsNhsFrQ0iXMfsnKujJIYjIaIiCGjMJZISJbEYry8XHbORcXQebg49DpYL1jMXHSxFxT+X2yT/Re18qBJZsjI2JyFhLiVdsvymtLQ4U8myCIr6yNCkH2MH+5UElYZiRlNWMZpgSromzlZAJtr4lOK3CoE0ghkEnYKUhtKHnXh/nDvloCTSothsDMklLku2b9VUJbJtskklBmEMhx1mOmbbfplZKqYqNUGayIW/HOsqCEllub6GK/y+15HEVnWd8VpjZ8TkaXENixUkR7BKg26lQm/wAzsiymHEWbkdTfYx6lOIx/t3J+VsymSqXGfjrBHseOySn1Ow2Bd3xOSX3jSkwk1EGPJ7YbC2lKdXT1ZJJtrhJDI4UNlJtCSLTJY7LhRrO0NlhphBIGxBFeXiYMc0osEmljFf5fItolCRXIcE7H0OCxxjYPQZcQ2LBbZvSCVJJRGC7duxj1KcR/TuvtMP8AdcaQ8idXrjGMBsYqIJeY2EiI5uhbe5GgG82RxIjjJ7CY/wCGj1MFT7saJwJQ0RCROZji2vmIyXJ1xcqhVsSCRJMxuSR9+xpXAqBIjqFwlPg8YcLxpHvzKbJQfgoWJtE24LHGBY4xIZUtD8ZSHwlZHyMepTiP6d19pvqgyJRWFWbYoNOo17jLxZpiKqnNKqwCFJWSiQ4PCV4bNLJfcbCW0ubKrK1MZt15mMmdb7IlZFKnLj1DSXSLcbJSDMz7NuwyMg682wkrJ+xXQxERUI+3OaCMPQ0LEykbcFli6FlY4m40bzEqIaHwlwj7GP8AemEf07r7TfV7CMYo4TVAbhLFzg1BdB6hzPFFVWfQZCmH2JLew2GxivgtRkyLTYrTJmmXTr5VmtCENp4dhvyNtLcPdiOLG9QhTFdOtXaqiJoo0YmyLy+kaSMOxULEunbcKxxlKys8RNByIUyEaHxGdI10xiP6d1/rN9Xtxv2YEEuGQtsZo70pGC5HQLg567Dcg2UCyaLyFvfRq9t561vCiQo8Jsi3G+3IRGoyZQ0J9szGbclWFsqpxokiDUoaJthKC+qaSMOR0qEqpbcFhjaFi0w8t11s2C5RyBEeI27kyNM31e3Hi2p+QlGQn1tbatXWFpqnqmzzKS3CqmYp/ceRD79m3YhgzJclthMu7W6qBQvy3a2iQ2TENDZEki6HbcLYSoSaxtwT8dQsP0j8JcS1Q2LaTumU+Rukoj7aIv8AiOV0+Fu6dWtxtPAjlQ2pw/2mROt22j8NPtV1eOpQIlahokNknpdgppKhIrkOCdj6HBPx95BWVLOZWTq0GiQRglkYpPaeWX6MlHHP7dgRGYJpKBJmoaQt6ZOOvx/zhVCGw1HSgiLbqVNkYfgoWJtE24LfEW3im41LiBK3Urp7MmojMttwEZHyS/Rf/TOGxn2IaMwbyGyXLceVGplurh1CSDENKAlBF1poIw9DQsTKRtwWGLoM3a6ZENiyeYOHdkYYnNuBKiPsmei952ASk1H+20H5fmzVyZZxKpKCjwUpCGiT+BNJGHYqViVUNuCZjqFCRjzrZ8U+CcO8EexacEtxJsKPexLYLeS2liJMniFTMxwzCIg2wSQRbfhDIjC2EqDsBCg9VIMTMUjuiRWW9YHLxRN10k5Nk33slcHHkINuMQQwRAkkX4k0EYUwRhUYhZ4rV2aYGAohSo0BmMhLQJH43YcI4ASf+i//xAAkEQABAwIGAgMAAAAAAAAAAAABAgMEABEFBhMhIjESQCBwgP/aAAgBAwEBPwH9KEgd+zLhiUBvan1vYcwkNjyqHIVJa1FC3znYuiKrTSLmhmNYPJFRJSJjQdR683B25StRJsaRlvfmumGERmw2319Qf//EACMRAAICAQMEAwEAAAAAAAAAAAECAwQABRESISIxQAYgcID/2gAIAQIBAT8B/pQkDz7NqqLIHXbJ3loQqIxyypObEXNht97mqpWbgo3ODX3B7lyrZW3GJU9e5pKWW5qdjifH+ve+QQpXQRp4/IP/xABIEAABAgMDBwcJBgQEBwAAAAABAAIDBBESITEQEyJBUXTCICMyQFJhcQUUMDNCYoGhsVByc5HB0QYkY4IVQ2ThNDVTYICSk//aAAgBAQAGPwL/AM12w4rHRo77xDadXehJRpd0rFf0KuqHfH7Rm873Wfu0UHMeszjbPjX7RlZ8Q+fzuate7QlPiR4doy8HOM7nVH2jK7zwlTW7cQ+0ZXeeEqa3biH2jK7zwlTW7cQ6s2HFY6NHfeIbTq70JKNLulYr+hV1Q749ald54SprduIdWm873Wfu0UHMeszjbPjXrUrvPCVNj/S8Q6tKz4h8/nc1a92hKfEjw7Rl4OcZ3OqOtSu88JU5uvG3q0rvPCVNbtxDrUpvXA5Tu6cberSu88JU1u3EOtSW98DlPbnxt6tK7zwlTW7cQ61Jb5wOU7ufG3q0rvPCVNbtxDq9h8dgdsqqg1ySW+cDlO7nxt6tK7zwlTY/0vEOqWnuAHeizP52J2Yd6pAYZeF3YogvJOs1XNx3KkzCDu8KWg+TGF8WFMZxzO6yVPNmYDoZ801j329Wld54SpzdeNvUv5qcYD2ReUYfkmS/vifsqzk1ELT7OAWdmXAeKzMk2y3tcnOwX2XYVVJhger32D3qsN4d4dTlN64HKd3Tjb6e3NzTIfiUYfkyWdHd2jcFZfGMJh9mHcrcap8VajuaFYkYVPeKtRYhcfQ1hRXBUjARAqPObPerUKIHeHUJLe+Byntz42+ktx4zGD3irEo10y/3cEWQP5aGexis5Mve87XFWotAqNo8+6rMu0Qh81aiPLj38q8rpLWrmFXQivVr1a9WqwiWqkeFbCpErDPeqwojXeB9LJb5wOU7ufG30NpxoFc4xXbGKzKtZBbtOKtzUy6KfFc7FbXuX8vLV8VRllngFzkVzvjyb3LRBK0WUWnFWk+qubVXQ10RkxXSXSXSWOSsN5CpFFsKkWsMqsKK13x9FJb5wOU7ufG3lvjxnWWMFpx2BPheSogdZ1uuK5yMaZMKqzbu2DlaRoqQ2Fy0n2VpGpWgxbFefT1hxC1Ue7ODvVI7CwqsKM08uS3zgcp3c+NvLdLPAdbFHA7EZnyLGMnGxs10f9lY8pSxmIA9sfug0Rs3E7L7ldybytAWRtVqK6p71SG1Xnq1WOIVM5bHeqTEOz3hVgxWnkSW+cDlO7nxt5RedQqnRCcVirMQAg7UYkFvmsXtQ8PyVqE7z2WGy+5ZqcaZaJ72CtNjsIPetKYZ+a0IzGt8VXOtJ8VoEBXnrdWOIWnFq33lzgp3tNVzUZpUlvnA5Tu58beVSnrNHk3ouiy4D+224ojzmKKE6166J+a0Y7/zV0Z35rRmYn/sVoTsX8168P8AvBfzEq133Sudtwj3hW4EZrx3Hq3OxgXdlt5VmRl7A2lVmYr3dytQnOae5aWmmyPlaXe+G02gHaio3lCAYliPBzVk6rwf0XNxh8eTCP8AU/TlxmVuER31XrHL1zh8FVkVrlpQT8FeORahRHMPcVSK4Rm+9igy3movZd6bArArDJzr6v1NGKzcEZqH3K1EBK0mroBdBVMNWntY0d6LIDG07RXm0jWYj9liiw5lxqGh1Ca0PIhn+p+nLj/iO+vIvWlDa5VgPp3Fc4z48jQaUIE61z4PvYhCNLvDmn0F5WCw5FTcjAkhU63rOx4dSdaFGrRAWGSrrkWSwtO26lZiPfHjOwYy9N/xCM6Hb6MtDN/9yzrYQbVTP4bfryIwA0mi0FQ8qP8AiO+qqGHk3qgv7lWCwsd8lSLDNNq0mrSARgx2DuOxUa/OSzz8k2YgOq12W5aSuHLMSIaALMwKiF9UHParhyKYu2IxJ2MGQtQC/lB5pLf9R3SPgjFay3Hdg517nFGZmDacTVUaFM/ht+vIIOtRHwmWoJNRTUqFYrHLGP8AVd9VVpQI6StNhkhUe2hyhAPaCr4LSi6Xu91FpNCrnIsfeEJaI7mIxp4HJpK5WnuAHeqyspFiDtdEfNf8Iz/7Bc/Lvh9+IVWmoy2nXALNQqiEPmgS1UAy1iOoiQ/NsGtOlvIrM9EwMU9Bq858pxzNxsRXot8ArlY9iFcFWi+Kmfw2/Xkm5FzW0KvBIVCrysVH/Ed9coFoAgYFANILu7KEMhRDjR2pwVIt/fqyVCgTJvdZo7xyvmY7M5YdZhMOHiVzkQ5MVYb7V9MvmUE/fQcWqgGS04gBWZf80YLXmYmThDZerflmLZhaoEP9ShDgw2saNQCq80Vyc6mJqqAK/apj8Nv15XRR0ES1qwJCo5RTtefQDIclh7agq2zSh/TI+Tix2tiW6taTqy52ALW1qo42TsNy6QVkG044NbeUZmaFl7hZhw+yNpyOia8As468m9AUyUbpOWcnZgNGpqsw2mSlO0fWO/ZcxD0ji83uK7lo/nlqRVUtgeKLmkYhTAB9hvoOiugiQxF8Gu2hVmMwt5QQyHLQhGPLjR1jYpbynCnHy848uNcWm+5UnIJmpYe0NIIQ4rsxFOpytMcCO5UjQYcT7zV/y6D81SXhQ4X3G0V+Rsuzosx8ULr1V5+CLnPEKGMb0ZfyJBtDXMPuaP3Xnc48zMz236vBUCvvKvyX5LwrcR4aAsxKlwha3LQbecTt9FguijzdUXQKt7tSpGhkd/ICGQ8mXhsuAr9VR4qCjEEHzWMf8yFd8kYvk6KZ6VGoX/JZjynDdKRcNLBCLAite04EHLcs9FpU31VmAKe8V5vKMdNzJ9lurxQmPLMa1sgN6A/dBjGhoGAC0lQXDLctEfFXc4/5BZuFz0bYNSESccSNTRgho+lwXRR0EXQQWH5LnYZptGQIZDyZfw5B8+k25w/5jbnJ0z/DHlIxoeOadj+xXmf8SeT4kvEF1sN/RZ6SmYcVvulVVuZi1Psw24laZdIyvZHTd+yzcvDsjWdZWwLR/PkUCrHP9oXOPDG6mjWrEAGDB+ZQJYhorD0+C6KOgi6G2we5abKt2hDIUeRLfd5Wa8oycOM33hejN/w75SiQHj2C79U+Umwxgp69wv8A91nYj3R45xiRLyrltV+S/JaebLVzeiNbijC8nttu1vOCz80S9x2oaKw6nguijoLOQB8FmpkGE7vwVQa8mV/D5RKsA4mia3YOVohdt3yVmuciamhc+S1nYCGguj1fBdFHQREMmmxF7W2grLwQe/LK/hjlFQx72W7LWMfgtJwYzYrEu0w4fa1lVLanaUNFYdb6KOijWHftCJhEupqWbLTawooMBx6DQFjySof3sl+S064bVzd3vFWJVtt3a1LOTBMR3yXRWHX8F0VbbDv20WjUhUfUK8rHKVDHvZKBdpys3vfqaFamjZb2AgGsoFh9h4LoroKsElq5xhptVHFYq4qH4q9Y2QubbmoXaOJWi2rtbjisFh9jYLBdFF0KsJ+1uCtWDFhj2mKy4pt+FSs1Jw847bqCEWcOdibNQWH2ZgsFz0Cy7tsuKdEM1bhHVrQhwYYaP+9//8QALBABAAIBAwIGAgMBAQADAAAAAQARITFBUWFxECBAgZGhscEwUPDR4WCA8f/aAAgBAQABPyH/AO65oBUwrktpg0FXdxgZ/sdx65+hU3/tOuKpel61/YDCCsOrhH3IGpi3Siv7f7H6yf3n9j/WT+8/sf6yf3nps0AqYVyW0waCru4wM+q+sn956b3Hrn6FTf8AtOuKpel616m4dE+7D02MIKw6uEfcgamLdKK/t9VZ+mdM6/TH1k/vPVdt6YUJd/pj6yf3nqu1dMGoeXpj6yf3nqv66H33pj6yf3np/rcIblcQdx8ProffemLh0T7sPSbcC1VUfoljmd4vcdtU7wsx5DcVEgbXiVpTsMOEFGuP+Ul/aTS9MWfpnTOv0JdZYo6hfoI+scSPBbD9Mr6zLCHbjXL2muXxLMjLAqcGtcSmObphlIM+01qTyv0dt6YUJd/84rBHc+IxsM138ziBqpUM2jqu2Caxs6vtKlOh/BO+tH+DTSCqLwyr5YdZWK+FK6Lq9BaumDUPL+Qaie4kdfY5bvEqGgBo7y7p6qWFEI5xCcJ2FwN5J1hYgbq/M6YO7NWMdi3tKOvlkF2k9NDgS9S6Mp+rt5Rs/jiAyj/KfXQ++/hFIy1VgKd8H3GS31I6kxdwh4vG2TEFIzfGDtL7kavvHlaLE0bs2p3zinaf9un/ACibSnAEt4PbwvXTqocqE50PiXiPRleTrayk7oyShc6fxProffecCiunQNWPiHVNnUHaPN9bDFNVl+6LrmZkHaE6vlCsYsWjmbOHBNb35jgfqmiJ2R1qypUCBAgQIECBAgQIELMjhlJRdpqeYjJDlp2vPn+uh995wgvUVltmA3rQJv03jSLXWx2fuGBN1kAtCeXmvg1j8j2s+yZDIODeDxqVKgQIECBAgQIECBAgQIECW4vRlIqG2crkKAG67XnyfXQ++8xomsplVNY5p1Ny9gWMuCXPI6xeF1KvZqQdoq83fb3gzTwhhFn4K5mg5lW2Zt18LNIRzeYp3YyvCpUCBAgQIECBAgQIECBAgQJUDyW6pwwCxLZwoB7AhY2m10z6aH33mLjWefEpVMVj4aWwuoX59n/9IY96rRhSZzS3jSvUXL+ehoX2hoQ73/MvBucLGaE5omfOBcfUNrkCBAgQIECBAgQIECBKgSoHkxUACr3hswFnlj4gfVZJBphOSma7HPFdWPZYVNYZN0uCTLdlTLHJ5P8AWdURfEJUyM1mZYIV3TVwuaD8xA2M+5eKQ3yiNIPXyFjjeqKm8Z+yFoU1evh3lEsgQIECBAgQIECBBcMP/Gh/5Uq3So30TdqXhttrfeAnDzABCAg+CYavxEKbKRhvGzYEypVFrR+92ji1vmLU8nSQ/lBevAgQJZuUv/u0FCdwahpnxK57RmW1nBDLXDJ5GolWZ5U9GAdexIECBAgQL0m2V3h/8IXlB6GEkEWjgMqzbDlH4mQLWrWJFDCaitVhNUJbYBqsp2eL6IMY9Zy+0f3KqKcqOKQ1qf5HLyMDPwrX6jLE0ZhAgQJ/n8odYnaaa+Au0BLcZQw7LdL5D6ZTGItAYZQPzQQYka7Oo+SXSVlu/wCjCrm+HiBAjNC5uKbQQkgggggkJ7VlOhtde6EZCDQScJNghNSJAnGm8MS1jIKuoYeiEGxPnjG5WRYbqUk/yOXkKksFJGaIrqHDL2/MEBgjEECUWLBPvAoq44i1W+tcSzuaMu04k8WIBd4CV4lNElTymr/UrwGozUjrao4/Kj7bBekRz8IQoVGRnqqE9S59sAcvbzza9/pZCZE3IQQ3QBaszKPB+UzNoOg2Sb6ShDo3Y4KNa2sRPPWU77wTbsMAFCiHVXFdd5oJYafZP8jl5LUj8hLJ+QmPo3I4KkoyFOkf4/KaZGbxEVYtW0vVfDw8o0+HhTkJDJoOh1eCElJkY41trowwkhs8tjqalvECngvEdAavKiFVaNMQggmytx+JmLQwgZ1Jg0N2XdCmr0mCE2YvrxF5brdRX3TQzhSIIYHjdlKt88sdmvCKCmmyf5nLyJcGyQJsQqg+Iqo3kmHgS0SJzLk6n7ZvnlKZpQz+Lweb3jQ22iwFN/28Atp1O+iAFkIttSste5LWs65RCH7YY2IFnsS6bti1Nep0hBcQp5ZXlTZYRkC2wTHxmkY7DLl7G8ZOT0HoQj5XNPVmd05MNPt5RVWtspglQTVEdsJdg4mHIOt8soX5UGHaQdsQxofENwT2iHWVULs7qYgOrNwgw8QZ/F4fV7wYoAjqMPsNe/8A+JswuAC0aneC0fv1d9T3i+mzTL6MMPGRUDpvSX5hddv+dZSKutC+dZlWrhAerAEkYZlMd7DViDfWmmJsRz4ji5na5TtbRVRcPoLaaq9vA7HSXijBNQCJd8SzPEsu/Yhm7d9Yv52sP0g7ZhDj8Q1SHZJYiciKHQ9k5WbhBHxyMO0Mxn38Bh1TAUMKG2UvCYiJYzdAVOTy6GcpBBh1edOIMsi3L3294Qh7thIQRdjVESDIUJiAg63T9+5tKqQbXXdgwxUCggMnXTeLqjoHgC9DmFH7Svd5aRPoDdgvyGDTiyIL0WaO66Q2BBSv4tsgjZijGY5o9J0QQPwiEoesTnZmaE4s/H4XV7yvAlw+r8wIkmoTBTMHW9zX3l1C5VPgr/hLfvsqscrruYhBa3tTuakyHCWHPyE4CFr43dj6sUQamonK7xRfuMBpe7WdWGcBcoNcsowr0get21mIqX1UWWzfa/UzTLlXVmCkIBABp/LsEHbEBcITQ/ECm5Tj4l3YmTGbAudpnGfa8anzv9wIECE3yI2Y6Ls6kyZ9vHsD8MwNwPmCsQ61274OICqFwNfP6iqtTSex0nQ0nf02N8Q6qN1bGif9gDL69B2lmH4hCjNp9CnVCciCOEJoPiJaFbjDCNi71feAoQmoxBmbxDwq7aBAgeATthLS9JDN2jwvFGDjwLdPmFGnzK57kOmfwlyODCFjpo+8CuSukCYQfBNPSIdYZkQJsQqg+ILT8EfPvhrK2FqCprDCdZWm5BA8AhFUbaMVfjwqXbQthyyxCgtgftTqxQktBqy3Bbj4IQGJlyLDMHxDwQGj1CDD9IO2IZQ/Ew4bNQlZzuGZU/tkM3Cz2rACjALGBAgQwVo6JoXDgDiHAQWzroyCU1gxfvLRD3XHR2JWrB5RgOnrT9IO2YA4xiE95MRAgf3SUZMMowPD4rIpqU5uH+KiYOQjCK2f3w4gbBBSQsEANP6DZIE2YI4y0ofEQNONoaFe3JCxCKYx8w1Po36hWqiMLH5Y3m3D+AhZnOQpUXAUD/SNkmoCXuMvSqPSVZ2X6Ebe8B8kstHhm24pMrdz8hm4VCMQBUJtM2z+oQZsniQkwLxnk4JSq8XC5/g1hm0I2lV/WIYmV4gm0AP/AIJ//9oADAMBAAIAAwAAABDzzzzzzzzzzzzzzzzzzzzzzzzzzzzzzzzzzzzzzzzzzzzzzzzzzzzzzzzzzzzzzzzzzzzzzzzzzzzzzzzzzzzzzzzzzzzzzzzzzzzzzzzzzzzzzzzzzzzzzzzzzzzzzzzzzzzzzziTzzzzzzzzzzzzzzzzzzzzzzzxTzzzzzzzzzzzzzzzzzzzzzzzxTzzzzzzzzzzzTzzzzzzzzzzzzzzzzzzzzzzwjzzzzzzzzzzzyxzzzzzzzzzzyjzzzzzzzzzzzyhTzzzzzzzzzyzzzzzzzzzTRDDTzjzzzzzzzzzDzzzzzzjDSTQhCyRBjDzzzzzzDzzzQChRgCRDiSzBDCCBDzTzwDzzxwTTCjRxSBTzzzzzwARTTAjzyzgTwQBRywQhCAADDizji8AwzyzTChjTDTTyAQhTRwwQRmFEQzyhigTE5yTjCzjRGItTyGxDxSjyzyDxxTDAARTwznyKyQAzghCRTzyxjQDjSixhxe8zgTARiAQwRzzzzzxxQBAzS1tVRCAAgRjBTzzzzzzzzyzihjAqlyQAgCSBzzzzzzzzzzzzwyCTzuxyBhxzzzzzzzzzzzzzzzzzyxxjQwRzzzzzzzzzzzzzzzzzzzzxyzzzzzzzzzz/8QAJREAAQMDAgYDAAAAAAAAAAAAAQARITFAQVFhECAwUICBkaHB/9oACAEDAQE/EPIt+iFcmuayQ9j4UYa7kvGkDHuEBuZhv0bc5Sy66BQcI2JURYODgiotytx1yCqt8bCfsoeTBalUT25VOAuRcMm77//EACMRAAEDAwQCAwAAAAAAAAAAAAEAESExQFEwQVBhgaEggMH/2gAIAQIBAT8Q+xbaMqTWD6NdAefShiHcl4xA28wgZ6x+jr5mDZrgKBJHRUFAOx2ItyZ5VwVVujoT7QWWDkKJs24QCNw6J53/xAAtEAEAAgEEAQIFBQEAAwEAAAABABEhMUFRYXGBkRAgQKHBMLHR4fBQYHDxgP/aAAgBAQABPxD/APa9/wAfZ0Lt1dsK8Rp70cDdg4CZ/wCjxHv1bL1rPcUfAa7qeDl+a/6Bzc4RXaKGnbM1NfHpGu6FXD/6s8+fPnz5v+Ps6F26u2FeI096OBuwcBM/V+WV/TTxHv1bL1rPcUfAa7qeDl+a+pJaSZjov02c3OEV2ihp2zNTXx6RruhVw/VZz1KeR7p/+iefOR9SgufB6/6P58qDqmTcG1/8J/z5fv8Ayyv6eSzpoZ7IIPVgkfU+pfvyWkmY6L9JhB6xQerDxdAF8MCMExwlMva2ekeEeRputhV8q7aeGG4qDpkwbFsIsmzFVznsC6Y7/TZz1KeR7p/oRAUANViwFwFd4yV6y7B4yL7B+WGUpqwOKYg8W2Iz43YdKi9Qv2eYql1VtXea5dJV5Y1sD1L5RfgVxs8WGOojccpYIRrqDgfJBJSsRw9Po8j6lBc+D1+v7EPjt4GZXdFF9hqiBIuQy2Uyx+88onq5jFMWU+hqY9LmKl/45jBSb1g8GhA3Z50lXA5+IXC1lTHJ6ulr2hJt1CveQZragu3mEkfcX6BQdUybg2v6n5orJH7w5AsK19mQGUUUWuXv4qGXnaC94DILVg+8scHVTLt0iBzgOh50IkTrWKdGsD4hUzHhwmEX4zBP2MHpgh98G/4h+UXBP7/5g2/3P5hEU56ipg4aJTzMRHWWW8zLGYQft9O/flBm6YIOVWBGXaomOchVX5cEUm5G16QwRAAU4p7DSGX4mAvZVsMF+mYerHt+2avbSZXqdE0wawPeC5/hc+0u+PiiaAd31feOWo3P9I5KLfn7Q1ovV+8AUatLoimkerHRPiizh4CH9IQfX7c/+Ahs/sIfVXmBYRu5DSfhvo8wEz9UZPMGr3Fft9E/fsA3mgbTwERX0oqtbktmKiQowA4iFqe2YKZpWntLuGbGp8BFVUtdVi38NZ4lRt25YPcgKI5qHyy92TI+xAPeJSYszpHL82wg/VAAAAOCixclf2BqNeZdzMLZJRhl0J7Jrk/Wfv0klNKVIOtm0Zwh8NeV6nCnUCLCiJrgQsc42w485csxouHLswU8aI38Fv4l0TtzKYUW8omtKZXA+kolxopR7S3FF0EC4HtCCD9EAAHR+gAAHDXIsVP9oLZgC/och7Tbmsk9uv6b9+jAMDwFx0u8dOCCtQ8x0RKOB2Os0hMAC1WmMu5TFmVzoDLa9/MHckMZ7ujwIUhrVCe8ucksGfAuWrB30HvKBU0VD0XMjqAVFzW1VuEBCD9MAAAdHzgAEIwAIECGtDSxUJh+qFAdsWVLVfsU1jFnQz7DGLjZrnz7+pLUVq0KvsMre3HdbthiPC8shZUdOa0LXdTHquMCiZBYRwYcEbqroQfZrnMWaLd1/uJhbeGh/eYsg0pfmXeYKpPzQ8AV6Z4qpgWRlu98I/vBmRg/clocjxs1L2TZgHT5QDo+B0fOAAfAEKwAKIECssDTMUQTrGnrCAI0H64aENzOph9GJTrzdnmoaF8ylZwkDIG1KZNvQ03jRIFavZtldxEaV4h7wAII6J8jiNYERa7x8A+AYSgXWmJqcNiRK9ISomqzooB6ShZW5s/ptN2ABr5xOmJCn5HAFYxX6S2gcHA6EH0OEs+xFEoiWJ8Do/SAAAfo3pF6N6p0rylDJeRgtyCxZyrG18esW4E56u9UUydrdWX+ZW0VCSBh0PEHrFyRyXbQCCUgQAnR+ZuKKAHnRHbKct4yEB4KPkBq/s42suyBvBKJyQTBvGzmWkjaI6kMSwNxph9E94P9xreDVAfG/tGVsjrngZWw6/yvxBWgtYLtt4QSGqUC1pLW7DicR0RdJs/MADqgr1KPSjUK9CpS/ebmmHwQuJ1ToiCZqFAQ27Ky1f7vCKs1lntjwSppLhVauCmBF/ojIrEh7tFBHA2KFJycxDyNWWhTQg4rXpZDodGYuDpRm33q/LAyi37VOf7kqV4yzMm+sI5uWfAzEFhK4CCjbiKQImo/A7lFdWMAQ96+8MR7gjf4Y9tw1ezs29IFp6lnxMt8b4QR6uSBfVDK2icxmUgYcmaLwQZamxzRlcJOj4FgKmn6EhYB6MwuJ1zpnXOmdMsk0bAR3TSqzt/hLrmC2Sl8GxHaJIl4QwrYacGHunviClS6UtjlYjX68l9nG7GXOkChqosDVqajbT76HBAiEOCBLPkBhV1BhEpJnxcWhujqBHiOTBgAbe4aSblUsZmIrJnHIYI17TcX0SUy9C9di9wMMLoqzq41JNaT8DqZk3IchxvVNeYhEfeGrJUNPq/EdE1MBIrXm0Z4zVzTsxJwOgJgeLaGYOq9K3lBiP8AMwYEdQAy3SBOG2hXsYs7LgQMdn2QYckoH7tawk4WJYzrm7UR6JbAEJPQw38vxAvYDkgoiuCOhnAKi0tKwZ8BHrOEpGqu0A3FCRWLd44IHE3Gi8Pg8uYCIGACggQoBslZXmGiEDNQcDT935cGCNSAZejtMtyWmo3EHQbj8wcjDwLeWAhNxCwyhVYHkagqFy3vBZYIITUWgmOd4UQ3Lks3eXbFf/YZyQnE3J+KAGYz40g5hbNYjJ0m5EC5Nq/wvXwSMsBqJoymYztv4y/WdU64sKGT93RgviBExQaArYMVEBRvjiUtqOFsqIgYsBhtQ2nROiBGFHdu384GjQ5IYIoqUrAU1CLRC9Hg8PEYl63T4sHtiUJcnCAyujEJk1DF6EN3HTV4iVcA+RnKmVa3BWiDSLan88ZX8gAKSJgW4HIvqJSLuGKFaBTHSp8N1DKspMIy/wAmaA4Ep6yrYEo5MPMA1zKonMq9k0IaVcMwLyhigpRp2cMVsC0M9f5fARcwkgWh2uvWEHEdEnXFa/q6/PI9S0PFO+WMudl64VNGvkm8FjAnUqqXi4GAGydEtmesnSDqqUtVbWEmKC8QgAAascuDRsPLB/jfl2ByppS4KfZhN3MGSGVLDVXLCKUWuIP5mC6v08EeOTVWCFhjS4OXcN/SUXJVaUCGuDvGyiQHR/uhD8rUCLBLe0NEX1FdF3D9MWiUZXfMairbTtKpU1eR4dJVENHEJ0fgIB8hG0Z0lKm8D2mOn7Tah9noFiR2p4Oe05/ZCqCmUusKTBg+kq6mec1rlrGFEX7Tt2oyaOO6hXkB6JyJBYJgpR933hLVXeSvtjFAOq2DvU94jGJyq2s6ImnLoYV/BGsmLVKkVdx6EcUAFg5Zmd6ao3zLXjEMGm6SNzTPG8LLXBMnUNjj5d4+OA0GA8E0hmX03P8AEW0ug3ioMpZZVkEXltaBGUiX/bmDRiHJbtmDfHzoCkjARnmAWZ1F8dYu7VYUZW6lbCvyRarKoK/XaE0fch40zDLEn3UH7JrRGhOzKrzdDXEqZgARKRMJAMJR0BSiUm1TgOyOGBZl0Fn/ACKj0EvOB3FUGtghdWECtNBgPZAEFFYlzwmpOiBxAKFIxMlUl5ljgh4OiIkZK4fOiYhm41wBja84gOzFgGgBDLB1Dq/iKrvePLvA50gNlcjSJKOd3r/UtVQ4A8sY4VnWvzD/AH8oNMBHCEWR6O75jUiggdOCCA/RQdSDtjMJEX1M2l9QMDDY3GWr2tWLzs9Imemg+ruespo+7DpGpvD+hNCo+0Yb8qHCBWYkmvFL+7m5G8NTFK4524DUlDxNixCGC0pDUeXLtBdBht6Lym7ZHpAEvdDkdhjIQ4ARXnSLjhTOOHlj4MhS6poeNYG10DyCsp7l8p/irmYLN6jxxMrYq8wKyHEMrxtj+YfWsAIdva0X5OIuFlJ9LGVli+0jHlbJegqitOV3mHJA2gAAOobQ/VApg0dfUstl6lpC7i4X11DzognQ+Vovc1JQeKGjBgBozOjlAqBvCKImv3l8kFjRjwWlV+Ak7p2nDHq4EZjOpIoYEgkIDZndhmd4qZeaWQ9XB6JdMjXg8sylB9v8y3B4lmrXYgktPRr/AFLxRXAlaRZca+CHdPyS3i9I8RkBV6d0fA1svQNCK4kCCYiHEEAGPoSsI8ED1LPS+oluu4yky2xAACFM6dbfWWmCFgTpgOnVgoglHMepXA3fu/IAGxKpm+qUyeDC91qaJQvoVAvUxLNI2RpADLBlFHL8EGjy6rWWbpusB5Yjs3JdX8xwp4z6fBgI/YMpKdt4xAUogzArqGQSoAKCvpC6EdCLlnC+pdQu4QR7wV9m0LklQUTxvHSTpRHoyoBmCCY5b4oBsSqCIo3GPewbfa/xAvLCBYBa1oeWANs+0QG5dAIHrLld+TiByDL93dmiV7gXTaNHfVl2sakqqDBldQah9RqBEwluWIL6iMq7gmULTV4ma+fFdG+dGEBPNDoqanpRuGYvXnuVpN/GLPE9oqUiy/cEilwXxELbwHL5YAAAGxKaD1w34hMgc704izw1fv5XeOhLcoaXitoNArqBgGJpg+rQSkjARnmATL6jeMt7QzEugKesYqjgrMKKrUDBD/Vmdk9wUmj3CqxFS9RGaD+DCDC06uxBqUe29+ZQW1otvsaRVmRRqd/xBq6BQjYgrqGgSoBQ+vQdSFojMPEX1Fmy+oRdQCi5EKpbXvovq8RH3lhNme4Tlsd4Qi37oi2cOC1jkb1Lz5cwipsKAS4G47PlgCD2gKhjqBUB/wAQSmAUVfUK3XUEYAiNhiCiyDJ70+1RUtNBYbOqfePCKxwIxHbJV6Af3NWloPfgww6RqdG8NJiAFBCjGAEaYP8Aj6oQpwm1Iq6HtNMX1AvdYfUmpTg+y0U7wI41RD2XeUCwWXANB/zNSIzYjZGwCCYP/BP/2Q==","provType":"MONITORING","date":"2018-03-12T10:59:00.125Z"}},"communicationModules":[{"identifier":{"_current":{"value":"COMMS1_SN_CHD_DEV_1","provType":"MONITORING","date":"2018-03-12T10:59:00.618Z"}},"subscription":{"identifier":{"_current":{"value":"SUBT1_SN_CHD_DEV_1","provType":"MONITORING","date":"2018-03-12T10:59:00.72Z"}},"address":{"_current":{"value":{"type":"IPV4","value":"172.18.19.24","apn":"movistar.es"},"provType":"REFERENCE","date":"2018-03-12T10:59:00.702Z"}},"mobile":{"imsi":{"_current":{"value":"SUBT1_SN_CHD_DEV_1_IMSI","provType":"IDENTIFIER","date":"2018-03-12T10:59:00.71Z"}},"registeredOperator":{"_current":{"value":"Telefónica Móviles España, SAU","provType":"MONITORING","date":"2018-03-12T10:59:00.712Z"}},"homeOperator":{"_current":{"value":"Telefónica Móviles España, SAU","provType":"MONITORING","date":"2018-03-12T10:59:00.717Z"}},"msisdn":{"_current":{"value":"MSISDN_FAKE","provType":"MONITORING","date":"2018-03-12T10:59:00.715Z"}}},"name":{"_current":{"value":"SUBT1_SN_CHD_DEV_1 name","provType":"MONITORING","date":"2018-03-12T10:59:00.627Z"}},"description":{"_current":{"value":"SUBT1_SN_CHD_DEV_1 desc","provType":"MONITORING","date":"2018-03-12T10:59:00.704Z"}},"administrativeState":{"_current":{"value":"ACTIVE","provType":"MONITORING","date":"2018-03-12T10:59:00.708Z"}},"specificType":{"_current":{"value":"MOBILE","provType":"MONITORING","date":"2018-03-12T10:59:00.625Z"}}},"subscriber":{"identifier":{"_current":{"value":"SUBS1_SN_CHD_DEV_1","provType":"MONITORING","date":"2018-03-12T10:59:00.723Z"}},"serialNumber":{"_current":{"value":"SUBS1_SN_CHD_DEV_1ICC","provType":"IDENTIFIER","date":"2018-03-12T10:59:00.805Z"}},"model":{"_current":{"value":{"name":"TEST","version":"1.0","manufacturer":"sb-HD"},"provType":"MONITORING","date":"2018-03-12T10:59:00.799Z"}},"software":{"_current":{"value":{"name":"software","version":"1.0","type":"SOFTWARE"},"provType":"MONITORING","date":"2018-03-12T10:59:00.814Z"}},"administrativeState":{"_current":{"value":"ACTIVE","provType":"MONITORING","date":"2018-03-12T10:59:00.818Z"}},"specificType":{"_current":{"value":"GENERIC","provType":"MONITORING","date":"2018-03-12T10:59:00.809Z"}},"name":{"_current":{"value":"SUBS1_SN_CHD_DEV_1 name","provType":"MONITORING","date":"2018-03-12T10:59:00.803Z"}},"description":{"_current":{"value":"SUBS1_SN_CHD_DEV_1 desc","provType":"MONITORING","date":"2018-03-12T10:59:00.801Z"}}},"name":{"_current":{"value":"COMMS1_SN_CHD_DEV_1 name","provType":"MONITORING","date":"2018-03-12T10:59:00.614Z"}},"description":{"_current":{"value":"COMMS1_SN_CHD_DEV_1 desc","provType":"MONITORING","date":"2018-03-12T10:59:00.616Z"}}},{"identifier":{"_current":{"value":"COMMS2_SN_CHD_DEV_1","provType":"MONITORING","date":"2018-03-12T10:59:00.605Z"}},"subscription":{"identifier":{"_current":{"value":"SUBT2_SN_CHD_DEV_1","provType":"MONITORING","date":"2018-03-12T10:59:00.523Z"}},"address":{"_current":{"value":{"type":"IPV4","value":"172.18.19.24","apn":"movistar.es"},"provType":"REFERENCE","date":"2018-03-12T10:59:00.428Z"}},"mobile":{"imsi":{"_current":{"value":"SUBT2_SN_CHD_DEV_1_IMSI","provType":"IDENTIFIER","date":"2018-03-12T10:59:00.505Z"}},"msisdn":{"_current":{"value":"MSISDN_FAKE","provType":"MONITORING","date":"2018-03-12T10:59:00.51Z"}},"homeOperator":{"_current":{"value":"Telefónica Móviles España, SAU","provType":"MONITORING","date":"2018-03-12T10:59:00.511Z"}},"registeredOperator":{"_current":{"value":"Telefónica Móviles España, SAU","provType":"MONITORING","date":"2018-03-12T10:59:00.507Z"}}},"description":{"_current":{"value":"SUBT2_SN_CHD_DEV_1 desc","provType":"MONITORING","date":"2018-03-12T10:59:00.422Z"}},"specificType":{"_current":{"value":"MOBILE","provType":"MONITORING","date":"2018-03-12T10:59:00.421Z"}},"name":{"_current":{"value":"SUBT2_SN_CHD_DEV_1 name","provType":"MONITORING","date":"2018-03-12T10:59:00.525Z"}},"administrativeState":{"_current":{"value":"ACTIVE","provType":"MONITORING","date":"2018-03-12T10:59:00.431Z"}}},"subscriber":{"identifier":{"_current":{"value":"SUBS2_SN_CHD_DEV_1","provType":"MONITORING","date":"2018-03-12T10:59:00.323Z"}},"serialNumber":{"_current":{"value":"SUBS2_SN_CHD_DEV_1ICC","provType":"IDENTIFIER","date":"2018-03-12T10:59:00.22Z"}},"model":{"_current":{"value":{"name":"TEST","version":"1.0","manufacturer":"sb-HD"},"provType":"MONITORING","date":"2018-03-12T10:59:00.227Z"}},"software":{"_current":{"value":{"name":"software","version":"1.0","type":"SOFTWARE"},"provType":"MONITORING","date":"2018-03-12T10:59:00.412Z"}},"administrativeState":{"_current":{"value":"ACTIVE","provType":"MONITORING","date":"2018-03-12T10:59:00.416Z"}},"description":{"_current":{"value":"SUBS2_SN_CHD_DEV_1 desc","provType":"MONITORING","date":"2018-03-12T10:59:00.297Z"}},"specificType":{"_current":{"value":"GENERIC","provType":"MONITORING","date":"2018-03-12T10:59:00.327Z"}},"name":{"_current":{"value":"SUBS2_SN_CHD_DEV_1 name","provType":"MONITORING","date":"2018-03-12T10:59:00.222Z"}}},"name":{"_current":{"value":"COMMS2_SN_CHD_DEV_1 name","provType":"MONITORING","date":"2018-03-12T10:59:00.529Z"}},"description":{"_current":{"value":"COMMS2_SN_CHD_DEV_1 desc","provType":"MONITORING","date":"2018-03-12T10:59:00.527Z"}}}],"description":{"_current":{"value":"CHD_DEV_1 desc","provType":"MONITORING","date":"2018-03-12T10:59:00.02Z"}},"name":{"_current":{"value":"CHD_DEV_1 name","provType":"MONITORING","date":"2018-03-12T10:59:00.82Z"}},"specificType":{"_current":{"value":"SENSOR","provType":"MONITORING","date":"2018-03-12T10:59:00.122Z"}},"administrativeState":{"_current":{"value":"ACTIVE","provType":"MONITORING","date":"2018-03-12T10:59:00.21Z"}}},"administration":{"channel":{"_current":{"value":"default_channel","provType":"MONITORING","date":"2018-03-12T10:59:00.918Z"}},"serviceGroup":{"_current":{"value":"emptyServiceGroup","provType":"MONITORING","date":"2018-03-12T10:59:00.914Z"}},"plan":{"_current":{"value":"FLOW_RATE_100","provType":"MONITORING","date":"2018-03-12T10:59:00.908Z"}},"identifier":{"_current":{"value":"CHD_DEV_1","provType":"MONITORING","date":"2018-03-12T10:59:00.912Z"}},"organization":{"_current":{"value":"chemacorp","provType":"MONITORING","date":"2018-03-12T10:59:00.916Z"}}}}},{"resourceType":{"_current":{"value":"entity.device","provType":"IDENTIFIER","date":"2018-03-12T11:00:01.619Z"}},"provision":{"device":{"identifier":{"_current":{"value":"CHD_DEV_10","provType":"MONITORING","date":"2018-03-12T11:00:01.214Z"}},"model":{"_current":{"value":{"name":"OpenGate","version":"1.0","manufacturer":"OpenGate"},"provType":"MONITORING","date":"2018-03-12T11:00:01.618Z"}},"location":{"_current":{"value":{"position":{"type":"Point","coordinates":[40.78375249031102,5.90943812094679]},"postal":"28033","source":"GPS"},"provType":"MONITORING","date":"2018-03-12T11:00:01.613Z"}},"image":{"_current":{"value":"data:image/jpeg;base64,/9j/4AAQSkZJRgABAQEASABIAAD/2wBDAAMCAgICAgMCAgIDAwMDBAYEBAQEBAgGBgUGCQgKCgkICQkKDA8MCgsOCwkJDRENDg8QEBEQCgwSExIQEw8QEBD/2wBDAQMDAwQDBAgEBAgQCwkLEBAQEBAQEBAQEBAQEBAQEBAQEBAQEBAQEBAQEBAQEBAQEBAQEBAQEBAQEBAQEBAQEBD/wgARCAGQAZADASIAAhEBAxEB/8QAHAABAAEFAQEAAAAAAAAAAAAAAAYCAwQFBwgB/8QAGQEBAQEBAQEAAAAAAAAAAAAAAAEEBQMG/9oADAMBAAIQAxAAAAH1SAAAAAAAAAAAAAAAAAAAAAAAAAAAAAAAAAAAAAAAAAAAAAAAAAAAAAAAAAAAAAAAAAAAAAAAAAAAAAAAAAAAAAAAAAAAAAAAAAAAAAAAAAAAAAAQUnTlnUwAAAAAAAAAAAAAAAAAAAAAAB499hcLPP8A7z8s+pwAAAAAAAAAAAAAAAAAAAAAABxjs/GCG+mfM3pkAAAAAAAAAAAAAAAAAAAAAAAcY7PxghvpnzN6ZAAAAAAAAAAILpuIQ096Pn0AAAAAAAAAAAcX7Rw8h/qDyh6vAAAAAAAAAAOFwzoENPTIAAAAAAAAAAAHBO9+eiC+v/GnssAAAAAAAAAA4xDZlDT0yAAAAAAAAAAAxcgq87+iPO5zz2X409lgAAAAAAAAAHGIbMYOeoAAAAAAAACOkio4tGTsUIs/DS5mrHQYFb+kQ9fefJedURmRFwAAAAAAAAHD4BNOdnr8AAAAAxjJc7gh2vm0KlxDL0/05sMeK2i/Y+gfQ+Wy79xfhmZun+nQJZxX6ejr3neVHXkRk5fAAAAAB565z0Pnh7LAAAWeQnYo7yvVkxjGNcN5fitJINPjgUFX3BpM3GtCtjWjM+4X0zWJUZCzUXftuouV2qi9ma+om0v45UeicrzrJjsiEykzQAAed+edD54eywACg1XmjsUFOMTKYRElX3kW5OhsS2Z9nVVl/wCY+MbDFs1D79+ipUPv36KlQqVCpUKlQqVCpUKlQvW6iRyvmX07xm8A3p2JBpWcF550Lnp7LAA0W9hxz+J7jTi5R9M+DSy2cJwZNgkU10u1hocuzryVb7mw7fLvMV49SVcH6cSyr5WPv2o+VqhUqFSo+Vfaj5V9rKaqvp8+tQbjTwLZFGv6zLU4bt+1Xl5Rn9RjR0rZeV+wHSAIXNI0cY11usrqVC9brOJ4tVmS9XifLdjYx7ho470W4cpdB1xD7/Tpscz7VgcrO4VYWeKlwpqyskwsjKrLN25WU11VlP1AjM18t6ERST7PKTVZu3xS7HoZzMkfPZTG1k3ZY9ITpgGv2GKeWYz6P42WNvzbKOj1x3eHE95o8PJi2+FizPNmiFMljWvZ9y8XJ06usdR5b1oh3NumcHKIbpcAnfoHyJ6tNzmXKyzYt0cnjZv3X53N5mwu67bd/wCipXYhp1aybWuhlvMyc1Me7qOZLPOUauRGhkt60cz6RqOhFOxw8w6WADH00h+HKuZendUePa/R/NDgX2QQ4233X5hd+qinKsZJ1XrHKOsEN4j27hxroROxyvvPLOunWbnEpeSrXynI5PGj1O9zsHP12bXV3/o9doc/pXt7XNzTEyRwKB4xTn7S6U3KPh9fai5MYVYOg67mPWTo/wBt3AAAC3rdsOfc29D4B4rg/ufnZ5dzptADYZWg251/rPJetkL4f3Hh5rqvn0v+ivN/oQmUBmtaed913aODL4x8XtVWu25ur8IgBJIxuNiWshSV0qj5V9zjHytTBTf6WV9YIn0rMyh9AAAAACnDzhEIB23FPIHP/ccFOQ9n5ptjM4j1HkJR9ouD0T539HpvqlYqfbLuBm2l88ZG7kUun3qs+vn0VLpbyrkeN/BLPQSCdclcgMDZ1gAAAAAAAAD5YyBHoV1W0eaeSe3IgeLc/uHKDD9L+TfRZ0arXbFPtfyuxh5uGvIJNo97L9fLh8rvVlWLqss0e9nkxI5Lsu4fPoAAAAAAAAAAAALdwamK9AoPPMK9Wxs89TLfQw6JteKSNOm4WDfrl0hjcnl+5ON8LNyZyki0s22WWb/0AAAAAAAAAAAAAAAAKahiavf/AAgsO7PjnnDXelomcAnuz6eQ2Z7PKMXMrAAAAAAAAAAAAAAAAAAAAAHyi4LFdwfPoAAAAAAAAf/EADMQAAAGAQIDBwMDBAMAAAAAAAABAgMEBQYHERIgQBATFCEzNTYwMVAiIzQVFiQyJWCA/9oACAEBAAEFAv8A2vkeWwMdFBn8C5lfkM677+54fe+LL7fj9UYcfwem0KPKvPyGqPs+l3vH5DVH2fS73j8hqj7Ppd7x0uR5bAx0UGfwLmV1OqPs+l3vHS51339zw+98WX26jVI9qbStW930uqMOP4PTaFHlXnU6sq4aTSNfFfdLqj7Ppd7x1OsSuGh0aXxZB0uqPs+l3vHU61Hw4/op55D0uqPs+l3vHU62fH9E/kHS6o+z6Xe8dMqVHQojJRDWz4/on8g6XVI9qbStW930alpQU7KqiEHr62tDdNaXI9nNjCNlbpDUwzyWi0dhSoeRdLqyrhpNI18V90Nhf1NYU3PX3h3V9cqi4/FhplWLaS5I8t+K5FymQgRsgr5AQ424XRaxK4aHRpfFkH1plnAgJn6gRkCTb5JcnDxd102qqurkv3SEE6+8+r6DMuSwcbJ5bYjZFBfDbzTxfX1qPhx/RTzyH6b0liMmdmtbHEvIshsw1jsqUqNjkZgjk1UISL19YccW6rl3IgbrZDxDY8QO+WO8dHG8ON4Mzpsc4uVTWxFyaA+Gn2Xi+prZ8f0T+QfQUpKCl38CMJeSWb5/0+RYON19XEH9ThMBy6lqDkh57lUtCQclI45Ch3bpju2SG8ch3yCHiFDv1jvXB3ix3ix3ix3ix3qw1NkMnGyiY0IuTwXgzKjvl9HWz4/on8g5nnm47SNRqyxXIs5kobmCVsDfdMuVS0oBydxwvrHAwgeIQkG+4Y3Uf123nWji5FPYEbKIrgZmRpBc2tnx/RP5BzWDzRtZBp5WLUdhlGOHXZPV2IIyPlW8hsd4+6O6bSDkJSFOrV0yFrQca9nxxGydlYYmRpJdutnx/RP5ByrUSEyZRmcmWtS0yCUVjh9LZhcLLMbOuzKDINMuMtK58NseNS+CciNhUviG+/VoWtBsX82KImVRXwzOiyBrZ8f0T+QctxJ8PElu/oPzMEoyCJJkLmprrE/6LHSTlXGQFsIbCuJI8VJSG7eyaDWTW7QYzR8hHy2sdJiVGkp6WXbwYQfyOY+fg7OebNRJjhqfaxTkzWb2LiNRWYxaMWMORy5Me0SSrdPITBLOSg/EqhpUF1CFB2jfDkCW0DIy5G3nWVQcqsoorMjgWAL6mw4THCobH2TrWJAJ+0s7Q4GNOunCxtpsM1sdsigtLCaSMoHWwIyZ1hEbTIyRht7EpUp7kyo9oLp7p5EHsJjn+Z3w70E6OMjDkZh8n6VJh+HIj8iGXViqyGfVqiymJjXMTajBMgmkgkkNhsNgeySnW5rOJjpTFwscjMEiGlsEgw2wZhLaWymXjLRXGTNsOWq5ckY/WoiNYp/L7chY8RVFJTsSiPlm/wAwm1nyEowTg4ScD1D4g/7anoVDxYzEXHmGhLpq2QwTkzFp0OWzOY7CSZhLIJBENhsNhsNhsFrQ0iXMfsnKujJIYjIaIiCGjMJZISJbEYry8XHbORcXQebg49DpYL1jMXHSxFxT+X2yT/Re18qBJZsjI2JyFhLiVdsvymtLQ4U8myCIr6yNCkH2MH+5UElYZiRlNWMZpgSromzlZAJtr4lOK3CoE0ghkEnYKUhtKHnXh/nDvloCTSothsDMklLku2b9VUJbJtskklBmEMhx1mOmbbfplZKqYqNUGayIW/HOsqCEllub6GK/y+15HEVnWd8VpjZ8TkaXENixUkR7BKg26lQm/wAzsiymHEWbkdTfYx6lOIx/t3J+VsymSqXGfjrBHseOySn1Ow2Bd3xOSX3jSkwk1EGPJ7YbC2lKdXT1ZJJtrhJDI4UNlJtCSLTJY7LhRrO0NlhphBIGxBFeXiYMc0osEmljFf5fItolCRXIcE7H0OCxxjYPQZcQ2LBbZvSCVJJRGC7duxj1KcR/TuvtMP8AdcaQ8idXrjGMBsYqIJeY2EiI5uhbe5GgG82RxIjjJ7CY/wCGj1MFT7saJwJQ0RCROZji2vmIyXJ1xcqhVsSCRJMxuSR9+xpXAqBIjqFwlPg8YcLxpHvzKbJQfgoWJtE24LHGBY4xIZUtD8ZSHwlZHyMepTiP6d19pvqgyJRWFWbYoNOo17jLxZpiKqnNKqwCFJWSiQ4PCV4bNLJfcbCW0ubKrK1MZt15mMmdb7IlZFKnLj1DSXSLcbJSDMz7NuwyMg682wkrJ+xXQxERUI+3OaCMPQ0LEykbcFli6FlY4m40bzEqIaHwlwj7GP8AemEf07r7TfV7CMYo4TVAbhLFzg1BdB6hzPFFVWfQZCmH2JLew2GxivgtRkyLTYrTJmmXTr5VmtCENp4dhvyNtLcPdiOLG9QhTFdOtXaqiJoo0YmyLy+kaSMOxULEunbcKxxlKys8RNByIUyEaHxGdI10xiP6d1/rN9Xtxv2YEEuGQtsZo70pGC5HQLg567Dcg2UCyaLyFvfRq9t561vCiQo8Jsi3G+3IRGoyZQ0J9szGbclWFsqpxokiDUoaJthKC+qaSMOR0qEqpbcFhjaFi0w8t11s2C5RyBEeI27kyNM31e3Hi2p+QlGQn1tbatXWFpqnqmzzKS3CqmYp/ceRD79m3YhgzJclthMu7W6qBQvy3a2iQ2TENDZEki6HbcLYSoSaxtwT8dQsP0j8JcS1Q2LaTumU+Rukoj7aIv8AiOV0+Fu6dWtxtPAjlQ2pw/2mROt22j8NPtV1eOpQIlahokNknpdgppKhIrkOCdj6HBPx95BWVLOZWTq0GiQRglkYpPaeWX6MlHHP7dgRGYJpKBJmoaQt6ZOOvx/zhVCGw1HSgiLbqVNkYfgoWJtE24LfEW3im41LiBK3Urp7MmojMttwEZHyS/Rf/TOGxn2IaMwbyGyXLceVGplurh1CSDENKAlBF1poIw9DQsTKRtwWGLoM3a6ZENiyeYOHdkYYnNuBKiPsmei952ASk1H+20H5fmzVyZZxKpKCjwUpCGiT+BNJGHYqViVUNuCZjqFCRjzrZ8U+CcO8EexacEtxJsKPexLYLeS2liJMniFTMxwzCIg2wSQRbfhDIjC2EqDsBCg9VIMTMUjuiRWW9YHLxRN10k5Nk33slcHHkINuMQQwRAkkX4k0EYUwRhUYhZ4rV2aYGAohSo0BmMhLQJH43YcI4ASf+i//xAAkEQABAwIGAgMAAAAAAAAAAAABAgMEABEFBhMhIjESQCBwgP/aAAgBAwEBPwH9KEgd+zLhiUBvan1vYcwkNjyqHIVJa1FC3znYuiKrTSLmhmNYPJFRJSJjQdR683B25StRJsaRlvfmumGERmw2319Qf//EACMRAAICAQMEAwEAAAAAAAAAAAECAwQABRESISIxQAYgcID/2gAIAQIBAT8B/pQkDz7NqqLIHXbJ3loQqIxyypObEXNht97mqpWbgo3ODX3B7lyrZW3GJU9e5pKWW5qdjifH+ve+QQpXQRp4/IP/xABIEAABAgMDBwcJBgQEBwAAAAABAAIDBBESITEQEyJBUXTCICMyQFJhcQUUMDNCYoGhsVByc5HB0QYkY4IVQ2ThNDVTYICSk//aAAgBAQAGPwL/AM12w4rHRo77xDadXehJRpd0rFf0KuqHfH7Rm873Wfu0UHMeszjbPjX7RlZ8Q+fzuate7QlPiR4doy8HOM7nVH2jK7zwlTW7cQ+0ZXeeEqa3biH2jK7zwlTW7cQ6s2HFY6NHfeIbTq70JKNLulYr+hV1Q749ald54SprduIdWm873Wfu0UHMeszjbPjXrUrvPCVNj/S8Q6tKz4h8/nc1a92hKfEjw7Rl4OcZ3OqOtSu88JU5uvG3q0rvPCVNbtxDrUpvXA5Tu6cberSu88JU1u3EOtSW98DlPbnxt6tK7zwlTW7cQ61Jb5wOU7ufG3q0rvPCVNbtxDq9h8dgdsqqg1ySW+cDlO7nxt6tK7zwlTY/0vEOqWnuAHeizP52J2Yd6pAYZeF3YogvJOs1XNx3KkzCDu8KWg+TGF8WFMZxzO6yVPNmYDoZ801j329Wld54SpzdeNvUv5qcYD2ReUYfkmS/vifsqzk1ELT7OAWdmXAeKzMk2y3tcnOwX2XYVVJhger32D3qsN4d4dTlN64HKd3Tjb6e3NzTIfiUYfkyWdHd2jcFZfGMJh9mHcrcap8VajuaFYkYVPeKtRYhcfQ1hRXBUjARAqPObPerUKIHeHUJLe+Byntz42+ktx4zGD3irEo10y/3cEWQP5aGexis5Mve87XFWotAqNo8+6rMu0Qh81aiPLj38q8rpLWrmFXQivVr1a9WqwiWqkeFbCpErDPeqwojXeB9LJb5wOU7ufG30NpxoFc4xXbGKzKtZBbtOKtzUy6KfFc7FbXuX8vLV8VRllngFzkVzvjyb3LRBK0WUWnFWk+qubVXQ10RkxXSXSXSWOSsN5CpFFsKkWsMqsKK13x9FJb5wOU7ufG3lvjxnWWMFpx2BPheSogdZ1uuK5yMaZMKqzbu2DlaRoqQ2Fy0n2VpGpWgxbFefT1hxC1Ue7ODvVI7CwqsKM08uS3zgcp3c+NvLdLPAdbFHA7EZnyLGMnGxs10f9lY8pSxmIA9sfug0Rs3E7L7ldybytAWRtVqK6p71SG1Xnq1WOIVM5bHeqTEOz3hVgxWnkSW+cDlO7nxt5RedQqnRCcVirMQAg7UYkFvmsXtQ8PyVqE7z2WGy+5ZqcaZaJ72CtNjsIPetKYZ+a0IzGt8VXOtJ8VoEBXnrdWOIWnFq33lzgp3tNVzUZpUlvnA5Tu58beVSnrNHk3ouiy4D+224ojzmKKE6166J+a0Y7/zV0Z35rRmYn/sVoTsX8168P8AvBfzEq133Sudtwj3hW4EZrx3Hq3OxgXdlt5VmRl7A2lVmYr3dytQnOae5aWmmyPlaXe+G02gHaio3lCAYliPBzVk6rwf0XNxh8eTCP8AU/TlxmVuER31XrHL1zh8FVkVrlpQT8FeORahRHMPcVSK4Rm+9igy3movZd6bArArDJzr6v1NGKzcEZqH3K1EBK0mroBdBVMNWntY0d6LIDG07RXm0jWYj9liiw5lxqGh1Ca0PIhn+p+nLj/iO+vIvWlDa5VgPp3Fc4z48jQaUIE61z4PvYhCNLvDmn0F5WCw5FTcjAkhU63rOx4dSdaFGrRAWGSrrkWSwtO26lZiPfHjOwYy9N/xCM6Hb6MtDN/9yzrYQbVTP4bfryIwA0mi0FQ8qP8AiO+qqGHk3qgv7lWCwsd8lSLDNNq0mrSARgx2DuOxUa/OSzz8k2YgOq12W5aSuHLMSIaALMwKiF9UHParhyKYu2IxJ2MGQtQC/lB5pLf9R3SPgjFay3Hdg517nFGZmDacTVUaFM/ht+vIIOtRHwmWoJNRTUqFYrHLGP8AVd9VVpQI6StNhkhUe2hyhAPaCr4LSi6Xu91FpNCrnIsfeEJaI7mIxp4HJpK5WnuAHeqyspFiDtdEfNf8Iz/7Bc/Lvh9+IVWmoy2nXALNQqiEPmgS1UAy1iOoiQ/NsGtOlvIrM9EwMU9Bq858pxzNxsRXot8ArlY9iFcFWi+Kmfw2/Xkm5FzW0KvBIVCrysVH/Ed9coFoAgYFANILu7KEMhRDjR2pwVIt/fqyVCgTJvdZo7xyvmY7M5YdZhMOHiVzkQ5MVYb7V9MvmUE/fQcWqgGS04gBWZf80YLXmYmThDZerflmLZhaoEP9ShDgw2saNQCq80Vyc6mJqqAK/apj8Nv15XRR0ES1qwJCo5RTtefQDIclh7agq2zSh/TI+Tix2tiW6taTqy52ALW1qo42TsNy6QVkG044NbeUZmaFl7hZhw+yNpyOia8As468m9AUyUbpOWcnZgNGpqsw2mSlO0fWO/ZcxD0ji83uK7lo/nlqRVUtgeKLmkYhTAB9hvoOiugiQxF8Gu2hVmMwt5QQyHLQhGPLjR1jYpbynCnHy848uNcWm+5UnIJmpYe0NIIQ4rsxFOpytMcCO5UjQYcT7zV/y6D81SXhQ4X3G0V+Rsuzosx8ULr1V5+CLnPEKGMb0ZfyJBtDXMPuaP3Xnc48zMz236vBUCvvKvyX5LwrcR4aAsxKlwha3LQbecTt9FguijzdUXQKt7tSpGhkd/ICGQ8mXhsuAr9VR4qCjEEHzWMf8yFd8kYvk6KZ6VGoX/JZjynDdKRcNLBCLAite04EHLcs9FpU31VmAKe8V5vKMdNzJ9lurxQmPLMa1sgN6A/dBjGhoGAC0lQXDLctEfFXc4/5BZuFz0bYNSESccSNTRgho+lwXRR0EXQQWH5LnYZptGQIZDyZfw5B8+k25w/5jbnJ0z/DHlIxoeOadj+xXmf8SeT4kvEF1sN/RZ6SmYcVvulVVuZi1Psw24laZdIyvZHTd+yzcvDsjWdZWwLR/PkUCrHP9oXOPDG6mjWrEAGDB+ZQJYhorD0+C6KOgi6G2we5abKt2hDIUeRLfd5Wa8oycOM33hejN/w75SiQHj2C79U+Umwxgp69wv8A91nYj3R45xiRLyrltV+S/JaebLVzeiNbijC8nttu1vOCz80S9x2oaKw6nguijoLOQB8FmpkGE7vwVQa8mV/D5RKsA4mia3YOVohdt3yVmuciamhc+S1nYCGguj1fBdFHQREMmmxF7W2grLwQe/LK/hjlFQx72W7LWMfgtJwYzYrEu0w4fa1lVLanaUNFYdb6KOijWHftCJhEupqWbLTawooMBx6DQFjySof3sl+S064bVzd3vFWJVtt3a1LOTBMR3yXRWHX8F0VbbDv20WjUhUfUK8rHKVDHvZKBdpys3vfqaFamjZb2AgGsoFh9h4LoroKsElq5xhptVHFYq4qH4q9Y2QubbmoXaOJWi2rtbjisFh9jYLBdFF0KsJ+1uCtWDFhj2mKy4pt+FSs1Jw847bqCEWcOdibNQWH2ZgsFz0Cy7tsuKdEM1bhHVrQhwYYaP+9//8QALBABAAIBAwIGAgMBAQADAAAAAQARITFBUWFxECBAgZGhscEwUPDR4WCA8f/aAAgBAQABPyH/AO65oBUwrktpg0FXdxgZ/sdx65+hU3/tOuKpel61/YDCCsOrhH3IGpi3Siv7f7H6yf3n9j/WT+8/sf6yf3nps0AqYVyW0waCru4wM+q+sn956b3Hrn6FTf8AtOuKpel616m4dE+7D02MIKw6uEfcgamLdKK/t9VZ+mdM6/TH1k/vPVdt6YUJd/pj6yf3nqu1dMGoeXpj6yf3nqv66H33pj6yf3np/rcIblcQdx8ProffemLh0T7sPSbcC1VUfoljmd4vcdtU7wsx5DcVEgbXiVpTsMOEFGuP+Ul/aTS9MWfpnTOv0JdZYo6hfoI+scSPBbD9Mr6zLCHbjXL2muXxLMjLAqcGtcSmObphlIM+01qTyv0dt6YUJd/84rBHc+IxsM138ziBqpUM2jqu2Caxs6vtKlOh/BO+tH+DTSCqLwyr5YdZWK+FK6Lq9BaumDUPL+Qaie4kdfY5bvEqGgBo7y7p6qWFEI5xCcJ2FwN5J1hYgbq/M6YO7NWMdi3tKOvlkF2k9NDgS9S6Mp+rt5Rs/jiAyj/KfXQ++/hFIy1VgKd8H3GS31I6kxdwh4vG2TEFIzfGDtL7kavvHlaLE0bs2p3zinaf9un/ACibSnAEt4PbwvXTqocqE50PiXiPRleTrayk7oyShc6fxProffecCiunQNWPiHVNnUHaPN9bDFNVl+6LrmZkHaE6vlCsYsWjmbOHBNb35jgfqmiJ2R1qypUCBAgQIECBAgQIELMjhlJRdpqeYjJDlp2vPn+uh995wgvUVltmA3rQJv03jSLXWx2fuGBN1kAtCeXmvg1j8j2s+yZDIODeDxqVKgQIECBAgQIECBAgQIECW4vRlIqG2crkKAG67XnyfXQ++8xomsplVNY5p1Ny9gWMuCXPI6xeF1KvZqQdoq83fb3gzTwhhFn4K5mg5lW2Zt18LNIRzeYp3YyvCpUCBAgQIECBAgQIECBAgQJUDyW6pwwCxLZwoB7AhY2m10z6aH33mLjWefEpVMVj4aWwuoX59n/9IY96rRhSZzS3jSvUXL+ehoX2hoQ73/MvBucLGaE5omfOBcfUNrkCBAgQIECBAgQIECBKgSoHkxUACr3hswFnlj4gfVZJBphOSma7HPFdWPZYVNYZN0uCTLdlTLHJ5P8AWdURfEJUyM1mZYIV3TVwuaD8xA2M+5eKQ3yiNIPXyFjjeqKm8Z+yFoU1evh3lEsgQIECBAgQIECBBcMP/Gh/5Uq3So30TdqXhttrfeAnDzABCAg+CYavxEKbKRhvGzYEypVFrR+92ji1vmLU8nSQ/lBevAgQJZuUv/u0FCdwahpnxK57RmW1nBDLXDJ5GolWZ5U9GAdexIECBAgQL0m2V3h/8IXlB6GEkEWjgMqzbDlH4mQLWrWJFDCaitVhNUJbYBqsp2eL6IMY9Zy+0f3KqKcqOKQ1qf5HLyMDPwrX6jLE0ZhAgQJ/n8odYnaaa+Au0BLcZQw7LdL5D6ZTGItAYZQPzQQYka7Oo+SXSVlu/wCjCrm+HiBAjNC5uKbQQkgggggkJ7VlOhtde6EZCDQScJNghNSJAnGm8MS1jIKuoYeiEGxPnjG5WRYbqUk/yOXkKksFJGaIrqHDL2/MEBgjEECUWLBPvAoq44i1W+tcSzuaMu04k8WIBd4CV4lNElTymr/UrwGozUjrao4/Kj7bBekRz8IQoVGRnqqE9S59sAcvbzza9/pZCZE3IQQ3QBaszKPB+UzNoOg2Sb6ShDo3Y4KNa2sRPPWU77wTbsMAFCiHVXFdd5oJYafZP8jl5LUj8hLJ+QmPo3I4KkoyFOkf4/KaZGbxEVYtW0vVfDw8o0+HhTkJDJoOh1eCElJkY41trowwkhs8tjqalvECngvEdAavKiFVaNMQggmytx+JmLQwgZ1Jg0N2XdCmr0mCE2YvrxF5brdRX3TQzhSIIYHjdlKt88sdmvCKCmmyf5nLyJcGyQJsQqg+Iqo3kmHgS0SJzLk6n7ZvnlKZpQz+Lweb3jQ22iwFN/28Atp1O+iAFkIttSste5LWs65RCH7YY2IFnsS6bti1Nep0hBcQp5ZXlTZYRkC2wTHxmkY7DLl7G8ZOT0HoQj5XNPVmd05MNPt5RVWtspglQTVEdsJdg4mHIOt8soX5UGHaQdsQxofENwT2iHWVULs7qYgOrNwgw8QZ/F4fV7wYoAjqMPsNe/8A+JswuAC0aneC0fv1d9T3i+mzTL6MMPGRUDpvSX5hddv+dZSKutC+dZlWrhAerAEkYZlMd7DViDfWmmJsRz4ji5na5TtbRVRcPoLaaq9vA7HSXijBNQCJd8SzPEsu/Yhm7d9Yv52sP0g7ZhDj8Q1SHZJYiciKHQ9k5WbhBHxyMO0Mxn38Bh1TAUMKG2UvCYiJYzdAVOTy6GcpBBh1edOIMsi3L3294Qh7thIQRdjVESDIUJiAg63T9+5tKqQbXXdgwxUCggMnXTeLqjoHgC9DmFH7Svd5aRPoDdgvyGDTiyIL0WaO66Q2BBSv4tsgjZijGY5o9J0QQPwiEoesTnZmaE4s/H4XV7yvAlw+r8wIkmoTBTMHW9zX3l1C5VPgr/hLfvsqscrruYhBa3tTuakyHCWHPyE4CFr43dj6sUQamonK7xRfuMBpe7WdWGcBcoNcsowr0get21mIqX1UWWzfa/UzTLlXVmCkIBABp/LsEHbEBcITQ/ECm5Tj4l3YmTGbAudpnGfa8anzv9wIECE3yI2Y6Ls6kyZ9vHsD8MwNwPmCsQ61274OICqFwNfP6iqtTSex0nQ0nf02N8Q6qN1bGif9gDL69B2lmH4hCjNp9CnVCciCOEJoPiJaFbjDCNi71feAoQmoxBmbxDwq7aBAgeATthLS9JDN2jwvFGDjwLdPmFGnzK57kOmfwlyODCFjpo+8CuSukCYQfBNPSIdYZkQJsQqg+ILT8EfPvhrK2FqCprDCdZWm5BA8AhFUbaMVfjwqXbQthyyxCgtgftTqxQktBqy3Bbj4IQGJlyLDMHxDwQGj1CDD9IO2IZQ/Ew4bNQlZzuGZU/tkM3Cz2rACjALGBAgQwVo6JoXDgDiHAQWzroyCU1gxfvLRD3XHR2JWrB5RgOnrT9IO2YA4xiE95MRAgf3SUZMMowPD4rIpqU5uH+KiYOQjCK2f3w4gbBBSQsEANP6DZIE2YI4y0ofEQNONoaFe3JCxCKYx8w1Po36hWqiMLH5Y3m3D+AhZnOQpUXAUD/SNkmoCXuMvSqPSVZ2X6Ebe8B8kstHhm24pMrdz8hm4VCMQBUJtM2z+oQZsniQkwLxnk4JSq8XC5/g1hm0I2lV/WIYmV4gm0AP/AIJ//9oADAMBAAIAAwAAABDzzzzzzzzzzzzzzzzzzzzzzzzzzzzzzzzzzzzzzzzzzzzzzzzzzzzzzzzzzzzzzzzzzzzzzzzzzzzzzzzzzzzzzzzzzzzzzzzzzzzzzzzzzzzzzzzzzzzzzzzzzzzzzzzzzzzzzziTzzzzzzzzzzzzzzzzzzzzzzzxTzzzzzzzzzzzzzzzzzzzzzzzxTzzzzzzzzzzzTzzzzzzzzzzzzzzzzzzzzzzwjzzzzzzzzzzzyxzzzzzzzzzzyjzzzzzzzzzzzyhTzzzzzzzzzyzzzzzzzzzTRDDTzjzzzzzzzzzDzzzzzzjDSTQhCyRBjDzzzzzzDzzzQChRgCRDiSzBDCCBDzTzwDzzxwTTCjRxSBTzzzzzwARTTAjzyzgTwQBRywQhCAADDizji8AwzyzTChjTDTTyAQhTRwwQRmFEQzyhigTE5yTjCzjRGItTyGxDxSjyzyDxxTDAARTwznyKyQAzghCRTzyxjQDjSixhxe8zgTARiAQwRzzzzzxxQBAzS1tVRCAAgRjBTzzzzzzzzyzihjAqlyQAgCSBzzzzzzzzzzzzwyCTzuxyBhxzzzzzzzzzzzzzzzzzyxxjQwRzzzzzzzzzzzzzzzzzzzzxyzzzzzzzzzz/8QAJREAAQMDAgYDAAAAAAAAAAAAAQARITFAQVFhECAwUICBkaHB/9oACAEDAQE/EPIt+iFcmuayQ9j4UYa7kvGkDHuEBuZhv0bc5Sy66BQcI2JURYODgiotytx1yCqt8bCfsoeTBalUT25VOAuRcMm77//EACMRAAEDAwQCAwAAAAAAAAAAAAEAESExQFEwQVBhgaEggMH/2gAIAQIBAT8Q+xbaMqTWD6NdAefShiHcl4xA28wgZ6x+jr5mDZrgKBJHRUFAOx2ItyZ5VwVVujoT7QWWDkKJs24QCNw6J53/xAAtEAEAAgEEAQIFBQEAAwEAAAABABEhMUFRYXGBkRAgQKHBMLHR4fBQYHDxgP/aAAgBAQABPxD/APa9/wAfZ0Lt1dsK8Rp70cDdg4CZ/wCjxHv1bL1rPcUfAa7qeDl+a/6Bzc4RXaKGnbM1NfHpGu6FXD/6s8+fPnz5v+Ps6F26u2FeI096OBuwcBM/V+WV/TTxHv1bL1rPcUfAa7qeDl+a+pJaSZjov02c3OEV2ihp2zNTXx6RruhVw/VZz1KeR7p/+iefOR9SgufB6/6P58qDqmTcG1/8J/z5fv8Ayyv6eSzpoZ7IIPVgkfU+pfvyWkmY6L9JhB6xQerDxdAF8MCMExwlMva2ekeEeRputhV8q7aeGG4qDpkwbFsIsmzFVznsC6Y7/TZz1KeR7p/oRAUANViwFwFd4yV6y7B4yL7B+WGUpqwOKYg8W2Iz43YdKi9Qv2eYql1VtXea5dJV5Y1sD1L5RfgVxs8WGOojccpYIRrqDgfJBJSsRw9Po8j6lBc+D1+v7EPjt4GZXdFF9hqiBIuQy2Uyx+88onq5jFMWU+hqY9LmKl/45jBSb1g8GhA3Z50lXA5+IXC1lTHJ6ulr2hJt1CveQZragu3mEkfcX6BQdUybg2v6n5orJH7w5AsK19mQGUUUWuXv4qGXnaC94DILVg+8scHVTLt0iBzgOh50IkTrWKdGsD4hUzHhwmEX4zBP2MHpgh98G/4h+UXBP7/5g2/3P5hEU56ipg4aJTzMRHWWW8zLGYQft9O/flBm6YIOVWBGXaomOchVX5cEUm5G16QwRAAU4p7DSGX4mAvZVsMF+mYerHt+2avbSZXqdE0wawPeC5/hc+0u+PiiaAd31feOWo3P9I5KLfn7Q1ovV+8AUatLoimkerHRPiizh4CH9IQfX7c/+Ahs/sIfVXmBYRu5DSfhvo8wEz9UZPMGr3Fft9E/fsA3mgbTwERX0oqtbktmKiQowA4iFqe2YKZpWntLuGbGp8BFVUtdVi38NZ4lRt25YPcgKI5qHyy92TI+xAPeJSYszpHL82wg/VAAAAOCixclf2BqNeZdzMLZJRhl0J7Jrk/Wfv0klNKVIOtm0Zwh8NeV6nCnUCLCiJrgQsc42w485csxouHLswU8aI38Fv4l0TtzKYUW8omtKZXA+kolxopR7S3FF0EC4HtCCD9EAAHR+gAAHDXIsVP9oLZgC/och7Tbmsk9uv6b9+jAMDwFx0u8dOCCtQ8x0RKOB2Os0hMAC1WmMu5TFmVzoDLa9/MHckMZ7ujwIUhrVCe8ucksGfAuWrB30HvKBU0VD0XMjqAVFzW1VuEBCD9MAAAdHzgAEIwAIECGtDSxUJh+qFAdsWVLVfsU1jFnQz7DGLjZrnz7+pLUVq0KvsMre3HdbthiPC8shZUdOa0LXdTHquMCiZBYRwYcEbqroQfZrnMWaLd1/uJhbeGh/eYsg0pfmXeYKpPzQ8AV6Z4qpgWRlu98I/vBmRg/clocjxs1L2TZgHT5QDo+B0fOAAfAEKwAKIECssDTMUQTrGnrCAI0H64aENzOph9GJTrzdnmoaF8ylZwkDIG1KZNvQ03jRIFavZtldxEaV4h7wAII6J8jiNYERa7x8A+AYSgXWmJqcNiRK9ISomqzooB6ShZW5s/ptN2ABr5xOmJCn5HAFYxX6S2gcHA6EH0OEs+xFEoiWJ8Do/SAAAfo3pF6N6p0rylDJeRgtyCxZyrG18esW4E56u9UUydrdWX+ZW0VCSBh0PEHrFyRyXbQCCUgQAnR+ZuKKAHnRHbKct4yEB4KPkBq/s42suyBvBKJyQTBvGzmWkjaI6kMSwNxph9E94P9xreDVAfG/tGVsjrngZWw6/yvxBWgtYLtt4QSGqUC1pLW7DicR0RdJs/MADqgr1KPSjUK9CpS/ebmmHwQuJ1ToiCZqFAQ27Ky1f7vCKs1lntjwSppLhVauCmBF/ojIrEh7tFBHA2KFJycxDyNWWhTQg4rXpZDodGYuDpRm33q/LAyi37VOf7kqV4yzMm+sI5uWfAzEFhK4CCjbiKQImo/A7lFdWMAQ96+8MR7gjf4Y9tw1ezs29IFp6lnxMt8b4QR6uSBfVDK2icxmUgYcmaLwQZamxzRlcJOj4FgKmn6EhYB6MwuJ1zpnXOmdMsk0bAR3TSqzt/hLrmC2Sl8GxHaJIl4QwrYacGHunviClS6UtjlYjX68l9nG7GXOkChqosDVqajbT76HBAiEOCBLPkBhV1BhEpJnxcWhujqBHiOTBgAbe4aSblUsZmIrJnHIYI17TcX0SUy9C9di9wMMLoqzq41JNaT8DqZk3IchxvVNeYhEfeGrJUNPq/EdE1MBIrXm0Z4zVzTsxJwOgJgeLaGYOq9K3lBiP8AMwYEdQAy3SBOG2hXsYs7LgQMdn2QYckoH7tawk4WJYzrm7UR6JbAEJPQw38vxAvYDkgoiuCOhnAKi0tKwZ8BHrOEpGqu0A3FCRWLd44IHE3Gi8Pg8uYCIGACggQoBslZXmGiEDNQcDT935cGCNSAZejtMtyWmo3EHQbj8wcjDwLeWAhNxCwyhVYHkagqFy3vBZYIITUWgmOd4UQ3Lks3eXbFf/YZyQnE3J+KAGYz40g5hbNYjJ0m5EC5Nq/wvXwSMsBqJoymYztv4y/WdU64sKGT93RgviBExQaArYMVEBRvjiUtqOFsqIgYsBhtQ2nROiBGFHdu384GjQ5IYIoqUrAU1CLRC9Hg8PEYl63T4sHtiUJcnCAyujEJk1DF6EN3HTV4iVcA+RnKmVa3BWiDSLan88ZX8gAKSJgW4HIvqJSLuGKFaBTHSp8N1DKspMIy/wAmaA4Ep6yrYEo5MPMA1zKonMq9k0IaVcMwLyhigpRp2cMVsC0M9f5fARcwkgWh2uvWEHEdEnXFa/q6/PI9S0PFO+WMudl64VNGvkm8FjAnUqqXi4GAGydEtmesnSDqqUtVbWEmKC8QgAAascuDRsPLB/jfl2ByppS4KfZhN3MGSGVLDVXLCKUWuIP5mC6v08EeOTVWCFhjS4OXcN/SUXJVaUCGuDvGyiQHR/uhD8rUCLBLe0NEX1FdF3D9MWiUZXfMairbTtKpU1eR4dJVENHEJ0fgIB8hG0Z0lKm8D2mOn7Tah9noFiR2p4Oe05/ZCqCmUusKTBg+kq6mec1rlrGFEX7Tt2oyaOO6hXkB6JyJBYJgpR933hLVXeSvtjFAOq2DvU94jGJyq2s6ImnLoYV/BGsmLVKkVdx6EcUAFg5Zmd6ao3zLXjEMGm6SNzTPG8LLXBMnUNjj5d4+OA0GA8E0hmX03P8AEW0ug3ioMpZZVkEXltaBGUiX/bmDRiHJbtmDfHzoCkjARnmAWZ1F8dYu7VYUZW6lbCvyRarKoK/XaE0fch40zDLEn3UH7JrRGhOzKrzdDXEqZgARKRMJAMJR0BSiUm1TgOyOGBZl0Fn/ACKj0EvOB3FUGtghdWECtNBgPZAEFFYlzwmpOiBxAKFIxMlUl5ljgh4OiIkZK4fOiYhm41wBja84gOzFgGgBDLB1Dq/iKrvePLvA50gNlcjSJKOd3r/UtVQ4A8sY4VnWvzD/AH8oNMBHCEWR6O75jUiggdOCCA/RQdSDtjMJEX1M2l9QMDDY3GWr2tWLzs9Imemg+ruespo+7DpGpvD+hNCo+0Yb8qHCBWYkmvFL+7m5G8NTFK4524DUlDxNixCGC0pDUeXLtBdBht6Lym7ZHpAEvdDkdhjIQ4ARXnSLjhTOOHlj4MhS6poeNYG10DyCsp7l8p/irmYLN6jxxMrYq8wKyHEMrxtj+YfWsAIdva0X5OIuFlJ9LGVli+0jHlbJegqitOV3mHJA2gAAOobQ/VApg0dfUstl6lpC7i4X11DzognQ+Vovc1JQeKGjBgBozOjlAqBvCKImv3l8kFjRjwWlV+Ak7p2nDHq4EZjOpIoYEgkIDZndhmd4qZeaWQ9XB6JdMjXg8sylB9v8y3B4lmrXYgktPRr/AFLxRXAlaRZca+CHdPyS3i9I8RkBV6d0fA1svQNCK4kCCYiHEEAGPoSsI8ED1LPS+oluu4yky2xAACFM6dbfWWmCFgTpgOnVgoglHMepXA3fu/IAGxKpm+qUyeDC91qaJQvoVAvUxLNI2RpADLBlFHL8EGjy6rWWbpusB5Yjs3JdX8xwp4z6fBgI/YMpKdt4xAUogzArqGQSoAKCvpC6EdCLlnC+pdQu4QR7wV9m0LklQUTxvHSTpRHoyoBmCCY5b4oBsSqCIo3GPewbfa/xAvLCBYBa1oeWANs+0QG5dAIHrLld+TiByDL93dmiV7gXTaNHfVl2sakqqDBldQah9RqBEwluWIL6iMq7gmULTV4ma+fFdG+dGEBPNDoqanpRuGYvXnuVpN/GLPE9oqUiy/cEilwXxELbwHL5YAAAGxKaD1w34hMgc704izw1fv5XeOhLcoaXitoNArqBgGJpg+rQSkjARnmATL6jeMt7QzEugKesYqjgrMKKrUDBD/Vmdk9wUmj3CqxFS9RGaD+DCDC06uxBqUe29+ZQW1otvsaRVmRRqd/xBq6BQjYgrqGgSoBQ+vQdSFojMPEX1Fmy+oRdQCi5EKpbXvovq8RH3lhNme4Tlsd4Qi37oi2cOC1jkb1Lz5cwipsKAS4G47PlgCD2gKhjqBUB/wAQSmAUVfUK3XUEYAiNhiCiyDJ70+1RUtNBYbOqfePCKxwIxHbJV6Af3NWloPfgww6RqdG8NJiAFBCjGAEaYP8Aj6oQpwm1Iq6HtNMX1AvdYfUmpTg+y0U7wI41RD2XeUCwWXANB/zNSIzYjZGwCCYP/BP/2Q==","provType":"MONITORING","date":"2018-03-12T11:00:01.216Z"}},"communicationModules":[{"identifier":{"_current":{"value":"COMMS1_SN_CHD_DEV_10","provType":"MONITORING","date":"2018-03-12T11:00:01.411Z"}},"subscription":{"identifier":{"_current":{"value":"SUBT1_SN_CHD_DEV_10","provType":"MONITORING","date":"2018-03-12T11:00:01.509Z"}},"address":{"_current":{"value":{"type":"IPV4","value":"172.18.19.24","apn":"movistar.es"},"provType":"REFERENCE","date":"2018-03-12T11:00:01.512Z"}},"mobile":{"imsi":{"_current":{"value":"SUBT1_SN_CHD_DEV_10_IMSI","provType":"IDENTIFIER","date":"2018-03-12T11:00:01.516Z"}},"msisdn":{"_current":{"value":"MSISDN_FAKE","provType":"MONITORING","date":"2018-03-12T11:00:01.52Z"}},"homeOperator":{"_current":{"value":"Telefónica Móviles España, SAU","provType":"MONITORING","date":"2018-03-12T11:00:01.522Z"}},"registeredOperator":{"_current":{"value":"Telefónica Móviles España, SAU","provType":"MONITORING","date":"2018-03-12T11:00:01.518Z"}}},"specificType":{"_current":{"value":"MOBILE","provType":"MONITORING","date":"2018-03-12T11:00:01.506Z"}},"administrativeState":{"_current":{"value":"ACTIVE","provType":"MONITORING","date":"2018-03-12T11:00:01.515Z"}},"name":{"_current":{"value":"SUBT1_SN_CHD_DEV_10 name","provType":"MONITORING","date":"2018-03-12T11:00:01.524Z"}},"description":{"_current":{"value":"SUBT1_SN_CHD_DEV_10 desc","provType":"MONITORING","date":"2018-03-12T11:00:01.523Z"}}},"subscriber":{"identifier":{"_current":{"value":"SUBS1_SN_CHD_DEV_10","provType":"MONITORING","date":"2018-03-12T11:00:01.423Z"}},"serialNumber":{"_current":{"value":"SUBS1_SN_CHD_DEV_10ICC","provType":"IDENTIFIER","date":"2018-03-12T11:00:01.414Z"}},"model":{"_current":{"value":{"name":"TEST","version":"1.0","manufacturer":"sb-HD"},"provType":"MONITORING","date":"2018-03-12T11:00:01.417Z"}},"software":{"_current":{"value":{"name":"software","version":"1.0","type":"SOFTWARE"},"provType":"MONITORING","date":"2018-03-12T11:00:01.5Z"}},"description":{"_current":{"value":"SUBS1_SN_CHD_DEV_10 desc","provType":"MONITORING","date":"2018-03-12T11:00:01.42Z"}},"name":{"_current":{"value":"SUBS1_SN_CHD_DEV_10 name","provType":"MONITORING","date":"2018-03-12T11:00:01.419Z"}},"specificType":{"_current":{"value":"GENERIC","provType":"MONITORING","date":"2018-03-12T11:00:01.496Z"}},"administrativeState":{"_current":{"value":"ACTIVE","provType":"MONITORING","date":"2018-03-12T11:00:01.503Z"}}},"name":{"_current":{"value":"COMMS1_SN_CHD_DEV_10 name","provType":"MONITORING","date":"2018-03-12T11:00:01.412Z"}},"description":{"_current":{"value":"COMMS1_SN_CHD_DEV_10 desc","provType":"MONITORING","date":"2018-03-12T11:00:01.596Z"}}},{"identifier":{"_current":{"value":"COMMS2_SN_CHD_DEV_10","provType":"MONITORING","date":"2018-03-12T11:00:01.409Z"}},"subscription":{"identifier":{"_current":{"value":"SUBT2_SN_CHD_DEV_10","provType":"MONITORING","date":"2018-03-12T11:00:01.406Z"}},"address":{"_current":{"value":{"type":"IPV4","value":"172.18.19.24","apn":"movistar.es"},"provType":"REFERENCE","date":"2018-03-12T11:00:01.319Z"}},"mobile":{"imsi":{"_current":{"value":"SUBT2_SN_CHD_DEV_10_IMSI","provType":"IDENTIFIER","date":"2018-03-12T11:00:01.324Z"}},"homeOperator":{"_current":{"value":"Telefónica Móviles España, SAU","provType":"MONITORING","date":"2018-03-12T11:00:01.403Z"}},"msisdn":{"_current":{"value":"MSISDN_FAKE","provType":"MONITORING","date":"2018-03-12T11:00:01.401Z"}},"registeredOperator":{"_current":{"value":"Telefónica Móviles España, SAU","provType":"MONITORING","date":"2018-03-12T11:00:01.397Z"}}},"name":{"_current":{"value":"SUBT2_SN_CHD_DEV_10 name","provType":"MONITORING","date":"2018-03-12T11:00:01.408Z"}},"specificType":{"_current":{"value":"MOBILE","provType":"MONITORING","date":"2018-03-12T11:00:01.314Z"}},"description":{"_current":{"value":"SUBT2_SN_CHD_DEV_10 desc","provType":"MONITORING","date":"2018-03-12T11:00:01.316Z"}},"administrativeState":{"_current":{"value":"ACTIVE","provType":"MONITORING","date":"2018-03-12T11:00:01.322Z"}}},"subscriber":{"identifier":{"_current":{"value":"SUBS2_SN_CHD_DEV_10","provType":"MONITORING","date":"2018-03-12T11:00:01.219Z"}},"serialNumber":{"_current":{"value":"SUBS2_SN_CHD_DEV_10ICC","provType":"IDENTIFIER","date":"2018-03-12T11:00:01.299Z"}},"model":{"_current":{"value":{"name":"TEST","version":"1.0","manufacturer":"sb-HD"},"provType":"MONITORING","date":"2018-03-12T11:00:01.221Z"}},"software":{"_current":{"value":{"name":"software","version":"1.0","type":"SOFTWARE"},"provType":"MONITORING","date":"2018-03-12T11:00:01.303Z"}},"name":{"_current":{"value":"SUBS2_SN_CHD_DEV_10 name","provType":"MONITORING","date":"2018-03-12T11:00:01.305Z"}},"description":{"_current":{"value":"SUBS2_SN_CHD_DEV_10 desc","provType":"MONITORING","date":"2018-03-12T11:00:01.297Z"}},"specificType":{"_current":{"value":"GENERIC","provType":"MONITORING","date":"2018-03-12T11:00:01.223Z"}},"administrativeState":{"_current":{"value":"ACTIVE","provType":"MONITORING","date":"2018-03-12T11:00:01.308Z"}}},"description":{"_current":{"value":"COMMS2_SN_CHD_DEV_10 desc","provType":"MONITORING","date":"2018-03-12T11:00:01.309Z"}},"name":{"_current":{"value":"COMMS2_SN_CHD_DEV_10 name","provType":"MONITORING","date":"2018-03-12T11:00:01.311Z"}}}],"name":{"_current":{"value":"CHD_DEV_10 name","provType":"MONITORING","date":"2018-03-12T11:00:01.606Z"}},"description":{"_current":{"value":"CHD_DEV_10 desc","provType":"MONITORING","date":"2018-03-12T11:00:01.211Z"}},"administrativeState":{"_current":{"value":"ACTIVE","provType":"MONITORING","date":"2018-03-12T11:00:01.603Z"}},"specificType":{"_current":{"value":"CONCENTRATOR","provType":"MONITORING","date":"2018-03-12T11:00:01.601Z"}}},"administration":{"channel":{"_current":{"value":"default_channel","provType":"MONITORING","date":"2018-03-12T11:00:01.207Z"}},"serviceGroup":{"_current":{"value":"emptyServiceGroup","provType":"MONITORING","date":"2018-03-12T11:00:01.204Z"}},"plan":{"_current":{"value":"FLOW_RATE_100","provType":"MONITORING","date":"2018-03-12T11:00:01.203Z"}},"identifier":{"_current":{"value":"CHD_DEV_10","provType":"MONITORING","date":"2018-03-12T11:00:01.21Z"}},"organization":{"_current":{"value":"chemacorp","provType":"MONITORING","date":"2018-03-12T11:00:01.206Z"}}}}},{"resourceType":{"_current":{"value":"entity.device","provType":"IDENTIFIER","date":"2018-03-12T11:00:06.713Z"}},"provision":{"device":{"identifier":{"_current":{"value":"CHD_DEV_11","provType":"MONITORING","date":"2018-03-12T11:00:06.332Z"}},"model":{"_current":{"value":{"name":"OpenGate","version":"1.0","manufacturer":"OpenGate"},"provType":"MONITORING","date":"2018-03-12T11:00:06.703Z"}},"location":{"_current":{"value":{"position":{"type":"Point","coordinates":[40.33856521658566,6.626322979152751]},"postal":"28033","source":"GPS"},"provType":"MONITORING","date":"2018-03-12T11:00:06.396Z"}},"image":{"_current":{"value":"data:image/jpeg;base64,/9j/4AAQSkZJRgABAQEASABIAAD/2wBDAAMCAgICAgMCAgIDAwMDBAYEBAQEBAgGBgUGCQgKCgkICQkKDA8MCgsOCwkJDRENDg8QEBEQCgwSExIQEw8QEBD/2wBDAQMDAwQDBAgEBAgQCwkLEBAQEBAQEBAQEBAQEBAQEBAQEBAQEBAQEBAQEBAQEBAQEBAQEBAQEBAQEBAQEBAQEBD/wgARCAGQAZADASIAAhEBAxEB/8QAHAABAAEFAQEAAAAAAAAAAAAAAAYCAwQFBwgB/8QAGQEBAQEBAQEAAAAAAAAAAAAAAAEEBQMG/9oADAMBAAIQAxAAAAH1SAAAAAAAAAAAAAAAAAAAAAAAAAAAAAAAAAAAAAAAAAAAAAAAAAAAAAAAAAAAAAAAAAAAAAAAAAAAAAAAAAAAAAAAAAAAAAAAAAAAAAAAAAAAAAAQUnTlnUwAAAAAAAAAAAAAAAAAAAAAAB499hcLPP8A7z8s+pwAAAAAAAAAAAAAAAAAAAAAABxjs/GCG+mfM3pkAAAAAAAAAAAAAAAAAAAAAAAcY7PxghvpnzN6ZAAAAAAAAAAILpuIQ096Pn0AAAAAAAAAAAcX7Rw8h/qDyh6vAAAAAAAAAAOFwzoENPTIAAAAAAAAAAAHBO9+eiC+v/GnssAAAAAAAAAA4xDZlDT0yAAAAAAAAAAAxcgq87+iPO5zz2X409lgAAAAAAAAAHGIbMYOeoAAAAAAAACOkio4tGTsUIs/DS5mrHQYFb+kQ9fefJedURmRFwAAAAAAAAHD4BNOdnr8AAAAAxjJc7gh2vm0KlxDL0/05sMeK2i/Y+gfQ+Wy79xfhmZun+nQJZxX6ejr3neVHXkRk5fAAAAAB565z0Pnh7LAAAWeQnYo7yvVkxjGNcN5fitJINPjgUFX3BpM3GtCtjWjM+4X0zWJUZCzUXftuouV2qi9ma+om0v45UeicrzrJjsiEykzQAAed+edD54eywACg1XmjsUFOMTKYRElX3kW5OhsS2Z9nVVl/wCY+MbDFs1D79+ipUPv36KlQqVCpUKlQqVCpUKlQvW6iRyvmX07xm8A3p2JBpWcF550Lnp7LAA0W9hxz+J7jTi5R9M+DSy2cJwZNgkU10u1hocuzryVb7mw7fLvMV49SVcH6cSyr5WPv2o+VqhUqFSo+Vfaj5V9rKaqvp8+tQbjTwLZFGv6zLU4bt+1Xl5Rn9RjR0rZeV+wHSAIXNI0cY11usrqVC9brOJ4tVmS9XifLdjYx7ho470W4cpdB1xD7/Tpscz7VgcrO4VYWeKlwpqyskwsjKrLN25WU11VlP1AjM18t6ERST7PKTVZu3xS7HoZzMkfPZTG1k3ZY9ITpgGv2GKeWYz6P42WNvzbKOj1x3eHE95o8PJi2+FizPNmiFMljWvZ9y8XJ06usdR5b1oh3NumcHKIbpcAnfoHyJ6tNzmXKyzYt0cnjZv3X53N5mwu67bd/wCipXYhp1aybWuhlvMyc1Me7qOZLPOUauRGhkt60cz6RqOhFOxw8w6WADH00h+HKuZendUePa/R/NDgX2QQ4233X5hd+qinKsZJ1XrHKOsEN4j27hxroROxyvvPLOunWbnEpeSrXynI5PGj1O9zsHP12bXV3/o9doc/pXt7XNzTEyRwKB4xTn7S6U3KPh9fai5MYVYOg67mPWTo/wBt3AAAC3rdsOfc29D4B4rg/ufnZ5dzptADYZWg251/rPJetkL4f3Hh5rqvn0v+ivN/oQmUBmtaed913aODL4x8XtVWu25ur8IgBJIxuNiWshSV0qj5V9zjHytTBTf6WV9YIn0rMyh9AAAAACnDzhEIB23FPIHP/ccFOQ9n5ptjM4j1HkJR9ouD0T539HpvqlYqfbLuBm2l88ZG7kUun3qs+vn0VLpbyrkeN/BLPQSCdclcgMDZ1gAAAAAAAAD5YyBHoV1W0eaeSe3IgeLc/uHKDD9L+TfRZ0arXbFPtfyuxh5uGvIJNo97L9fLh8rvVlWLqss0e9nkxI5Lsu4fPoAAAAAAAAAAAALdwamK9AoPPMK9Wxs89TLfQw6JteKSNOm4WDfrl0hjcnl+5ON8LNyZyki0s22WWb/0AAAAAAAAAAAAAAAAKahiavf/AAgsO7PjnnDXelomcAnuz6eQ2Z7PKMXMrAAAAAAAAAAAAAAAAAAAAAHyi4LFdwfPoAAAAAAAAf/EADMQAAAGAQIDBwMDBAMAAAAAAAABAgMEBQYHERIgQBATFCEzNTYwMVAiIzQVFiQyJWCA/9oACAEBAAEFAv8A2vkeWwMdFBn8C5lfkM677+54fe+LL7fj9UYcfwem0KPKvPyGqPs+l3vH5DVH2fS73j8hqj7Ppd7x0uR5bAx0UGfwLmV1OqPs+l3vHS51339zw+98WX26jVI9qbStW930uqMOP4PTaFHlXnU6sq4aTSNfFfdLqj7Ppd7x1OsSuGh0aXxZB0uqPs+l3vHU61Hw4/op55D0uqPs+l3vHU62fH9E/kHS6o+z6Xe8dMqVHQojJRDWz4/on8g6XVI9qbStW930alpQU7KqiEHr62tDdNaXI9nNjCNlbpDUwzyWi0dhSoeRdLqyrhpNI18V90Nhf1NYU3PX3h3V9cqi4/FhplWLaS5I8t+K5FymQgRsgr5AQ424XRaxK4aHRpfFkH1plnAgJn6gRkCTb5JcnDxd102qqurkv3SEE6+8+r6DMuSwcbJ5bYjZFBfDbzTxfX1qPhx/RTzyH6b0liMmdmtbHEvIshsw1jsqUqNjkZgjk1UISL19YccW6rl3IgbrZDxDY8QO+WO8dHG8ON4Mzpsc4uVTWxFyaA+Gn2Xi+prZ8f0T+QfQUpKCl38CMJeSWb5/0+RYON19XEH9ThMBy6lqDkh57lUtCQclI45Ch3bpju2SG8ch3yCHiFDv1jvXB3ix3ix3ix3ix3qw1NkMnGyiY0IuTwXgzKjvl9HWz4/on8g5nnm47SNRqyxXIs5kobmCVsDfdMuVS0oBydxwvrHAwgeIQkG+4Y3Uf123nWji5FPYEbKIrgZmRpBc2tnx/RP5BzWDzRtZBp5WLUdhlGOHXZPV2IIyPlW8hsd4+6O6bSDkJSFOrV0yFrQca9nxxGydlYYmRpJdutnx/RP5ByrUSEyZRmcmWtS0yCUVjh9LZhcLLMbOuzKDINMuMtK58NseNS+CciNhUviG+/VoWtBsX82KImVRXwzOiyBrZ8f0T+QctxJ8PElu/oPzMEoyCJJkLmprrE/6LHSTlXGQFsIbCuJI8VJSG7eyaDWTW7QYzR8hHy2sdJiVGkp6WXbwYQfyOY+fg7OebNRJjhqfaxTkzWb2LiNRWYxaMWMORy5Me0SSrdPITBLOSg/EqhpUF1CFB2jfDkCW0DIy5G3nWVQcqsoorMjgWAL6mw4THCobH2TrWJAJ+0s7Q4GNOunCxtpsM1sdsigtLCaSMoHWwIyZ1hEbTIyRht7EpUp7kyo9oLp7p5EHsJjn+Z3w70E6OMjDkZh8n6VJh+HIj8iGXViqyGfVqiymJjXMTajBMgmkgkkNhsNgeySnW5rOJjpTFwscjMEiGlsEgw2wZhLaWymXjLRXGTNsOWq5ckY/WoiNYp/L7chY8RVFJTsSiPlm/wAwm1nyEowTg4ScD1D4g/7anoVDxYzEXHmGhLpq2QwTkzFp0OWzOY7CSZhLIJBENhsNhsNhsFrQ0iXMfsnKujJIYjIaIiCGjMJZISJbEYry8XHbORcXQebg49DpYL1jMXHSxFxT+X2yT/Re18qBJZsjI2JyFhLiVdsvymtLQ4U8myCIr6yNCkH2MH+5UElYZiRlNWMZpgSromzlZAJtr4lOK3CoE0ghkEnYKUhtKHnXh/nDvloCTSothsDMklLku2b9VUJbJtskklBmEMhx1mOmbbfplZKqYqNUGayIW/HOsqCEllub6GK/y+15HEVnWd8VpjZ8TkaXENixUkR7BKg26lQm/wAzsiymHEWbkdTfYx6lOIx/t3J+VsymSqXGfjrBHseOySn1Ow2Bd3xOSX3jSkwk1EGPJ7YbC2lKdXT1ZJJtrhJDI4UNlJtCSLTJY7LhRrO0NlhphBIGxBFeXiYMc0osEmljFf5fItolCRXIcE7H0OCxxjYPQZcQ2LBbZvSCVJJRGC7duxj1KcR/TuvtMP8AdcaQ8idXrjGMBsYqIJeY2EiI5uhbe5GgG82RxIjjJ7CY/wCGj1MFT7saJwJQ0RCROZji2vmIyXJ1xcqhVsSCRJMxuSR9+xpXAqBIjqFwlPg8YcLxpHvzKbJQfgoWJtE24LHGBY4xIZUtD8ZSHwlZHyMepTiP6d19pvqgyJRWFWbYoNOo17jLxZpiKqnNKqwCFJWSiQ4PCV4bNLJfcbCW0ubKrK1MZt15mMmdb7IlZFKnLj1DSXSLcbJSDMz7NuwyMg682wkrJ+xXQxERUI+3OaCMPQ0LEykbcFli6FlY4m40bzEqIaHwlwj7GP8AemEf07r7TfV7CMYo4TVAbhLFzg1BdB6hzPFFVWfQZCmH2JLew2GxivgtRkyLTYrTJmmXTr5VmtCENp4dhvyNtLcPdiOLG9QhTFdOtXaqiJoo0YmyLy+kaSMOxULEunbcKxxlKys8RNByIUyEaHxGdI10xiP6d1/rN9Xtxv2YEEuGQtsZo70pGC5HQLg567Dcg2UCyaLyFvfRq9t561vCiQo8Jsi3G+3IRGoyZQ0J9szGbclWFsqpxokiDUoaJthKC+qaSMOR0qEqpbcFhjaFi0w8t11s2C5RyBEeI27kyNM31e3Hi2p+QlGQn1tbatXWFpqnqmzzKS3CqmYp/ceRD79m3YhgzJclthMu7W6qBQvy3a2iQ2TENDZEki6HbcLYSoSaxtwT8dQsP0j8JcS1Q2LaTumU+Rukoj7aIv8AiOV0+Fu6dWtxtPAjlQ2pw/2mROt22j8NPtV1eOpQIlahokNknpdgppKhIrkOCdj6HBPx95BWVLOZWTq0GiQRglkYpPaeWX6MlHHP7dgRGYJpKBJmoaQt6ZOOvx/zhVCGw1HSgiLbqVNkYfgoWJtE24LfEW3im41LiBK3Urp7MmojMttwEZHyS/Rf/TOGxn2IaMwbyGyXLceVGplurh1CSDENKAlBF1poIw9DQsTKRtwWGLoM3a6ZENiyeYOHdkYYnNuBKiPsmei952ASk1H+20H5fmzVyZZxKpKCjwUpCGiT+BNJGHYqViVUNuCZjqFCRjzrZ8U+CcO8EexacEtxJsKPexLYLeS2liJMniFTMxwzCIg2wSQRbfhDIjC2EqDsBCg9VIMTMUjuiRWW9YHLxRN10k5Nk33slcHHkINuMQQwRAkkX4k0EYUwRhUYhZ4rV2aYGAohSo0BmMhLQJH43YcI4ASf+i//xAAkEQABAwIGAgMAAAAAAAAAAAABAgMEABEFBhMhIjESQCBwgP/aAAgBAwEBPwH9KEgd+zLhiUBvan1vYcwkNjyqHIVJa1FC3znYuiKrTSLmhmNYPJFRJSJjQdR683B25StRJsaRlvfmumGERmw2319Qf//EACMRAAICAQMEAwEAAAAAAAAAAAECAwQABRESISIxQAYgcID/2gAIAQIBAT8B/pQkDz7NqqLIHXbJ3loQqIxyypObEXNht97mqpWbgo3ODX3B7lyrZW3GJU9e5pKWW5qdjifH+ve+QQpXQRp4/IP/xABIEAABAgMDBwcJBgQEBwAAAAABAAIDBBESITEQEyJBUXTCICMyQFJhcQUUMDNCYoGhsVByc5HB0QYkY4IVQ2ThNDVTYICSk//aAAgBAQAGPwL/AM12w4rHRo77xDadXehJRpd0rFf0KuqHfH7Rm873Wfu0UHMeszjbPjX7RlZ8Q+fzuate7QlPiR4doy8HOM7nVH2jK7zwlTW7cQ+0ZXeeEqa3biH2jK7zwlTW7cQ6s2HFY6NHfeIbTq70JKNLulYr+hV1Q749ald54SprduIdWm873Wfu0UHMeszjbPjXrUrvPCVNj/S8Q6tKz4h8/nc1a92hKfEjw7Rl4OcZ3OqOtSu88JU5uvG3q0rvPCVNbtxDrUpvXA5Tu6cberSu88JU1u3EOtSW98DlPbnxt6tK7zwlTW7cQ61Jb5wOU7ufG3q0rvPCVNbtxDq9h8dgdsqqg1ySW+cDlO7nxt6tK7zwlTY/0vEOqWnuAHeizP52J2Yd6pAYZeF3YogvJOs1XNx3KkzCDu8KWg+TGF8WFMZxzO6yVPNmYDoZ801j329Wld54SpzdeNvUv5qcYD2ReUYfkmS/vifsqzk1ELT7OAWdmXAeKzMk2y3tcnOwX2XYVVJhger32D3qsN4d4dTlN64HKd3Tjb6e3NzTIfiUYfkyWdHd2jcFZfGMJh9mHcrcap8VajuaFYkYVPeKtRYhcfQ1hRXBUjARAqPObPerUKIHeHUJLe+Byntz42+ktx4zGD3irEo10y/3cEWQP5aGexis5Mve87XFWotAqNo8+6rMu0Qh81aiPLj38q8rpLWrmFXQivVr1a9WqwiWqkeFbCpErDPeqwojXeB9LJb5wOU7ufG30NpxoFc4xXbGKzKtZBbtOKtzUy6KfFc7FbXuX8vLV8VRllngFzkVzvjyb3LRBK0WUWnFWk+qubVXQ10RkxXSXSXSWOSsN5CpFFsKkWsMqsKK13x9FJb5wOU7ufG3lvjxnWWMFpx2BPheSogdZ1uuK5yMaZMKqzbu2DlaRoqQ2Fy0n2VpGpWgxbFefT1hxC1Ue7ODvVI7CwqsKM08uS3zgcp3c+NvLdLPAdbFHA7EZnyLGMnGxs10f9lY8pSxmIA9sfug0Rs3E7L7ldybytAWRtVqK6p71SG1Xnq1WOIVM5bHeqTEOz3hVgxWnkSW+cDlO7nxt5RedQqnRCcVirMQAg7UYkFvmsXtQ8PyVqE7z2WGy+5ZqcaZaJ72CtNjsIPetKYZ+a0IzGt8VXOtJ8VoEBXnrdWOIWnFq33lzgp3tNVzUZpUlvnA5Tu58beVSnrNHk3ouiy4D+224ojzmKKE6166J+a0Y7/zV0Z35rRmYn/sVoTsX8168P8AvBfzEq133Sudtwj3hW4EZrx3Hq3OxgXdlt5VmRl7A2lVmYr3dytQnOae5aWmmyPlaXe+G02gHaio3lCAYliPBzVk6rwf0XNxh8eTCP8AU/TlxmVuER31XrHL1zh8FVkVrlpQT8FeORahRHMPcVSK4Rm+9igy3movZd6bArArDJzr6v1NGKzcEZqH3K1EBK0mroBdBVMNWntY0d6LIDG07RXm0jWYj9liiw5lxqGh1Ca0PIhn+p+nLj/iO+vIvWlDa5VgPp3Fc4z48jQaUIE61z4PvYhCNLvDmn0F5WCw5FTcjAkhU63rOx4dSdaFGrRAWGSrrkWSwtO26lZiPfHjOwYy9N/xCM6Hb6MtDN/9yzrYQbVTP4bfryIwA0mi0FQ8qP8AiO+qqGHk3qgv7lWCwsd8lSLDNNq0mrSARgx2DuOxUa/OSzz8k2YgOq12W5aSuHLMSIaALMwKiF9UHParhyKYu2IxJ2MGQtQC/lB5pLf9R3SPgjFay3Hdg517nFGZmDacTVUaFM/ht+vIIOtRHwmWoJNRTUqFYrHLGP8AVd9VVpQI6StNhkhUe2hyhAPaCr4LSi6Xu91FpNCrnIsfeEJaI7mIxp4HJpK5WnuAHeqyspFiDtdEfNf8Iz/7Bc/Lvh9+IVWmoy2nXALNQqiEPmgS1UAy1iOoiQ/NsGtOlvIrM9EwMU9Bq858pxzNxsRXot8ArlY9iFcFWi+Kmfw2/Xkm5FzW0KvBIVCrysVH/Ed9coFoAgYFANILu7KEMhRDjR2pwVIt/fqyVCgTJvdZo7xyvmY7M5YdZhMOHiVzkQ5MVYb7V9MvmUE/fQcWqgGS04gBWZf80YLXmYmThDZerflmLZhaoEP9ShDgw2saNQCq80Vyc6mJqqAK/apj8Nv15XRR0ES1qwJCo5RTtefQDIclh7agq2zSh/TI+Tix2tiW6taTqy52ALW1qo42TsNy6QVkG044NbeUZmaFl7hZhw+yNpyOia8As468m9AUyUbpOWcnZgNGpqsw2mSlO0fWO/ZcxD0ji83uK7lo/nlqRVUtgeKLmkYhTAB9hvoOiugiQxF8Gu2hVmMwt5QQyHLQhGPLjR1jYpbynCnHy848uNcWm+5UnIJmpYe0NIIQ4rsxFOpytMcCO5UjQYcT7zV/y6D81SXhQ4X3G0V+Rsuzosx8ULr1V5+CLnPEKGMb0ZfyJBtDXMPuaP3Xnc48zMz236vBUCvvKvyX5LwrcR4aAsxKlwha3LQbecTt9FguijzdUXQKt7tSpGhkd/ICGQ8mXhsuAr9VR4qCjEEHzWMf8yFd8kYvk6KZ6VGoX/JZjynDdKRcNLBCLAite04EHLcs9FpU31VmAKe8V5vKMdNzJ9lurxQmPLMa1sgN6A/dBjGhoGAC0lQXDLctEfFXc4/5BZuFz0bYNSESccSNTRgho+lwXRR0EXQQWH5LnYZptGQIZDyZfw5B8+k25w/5jbnJ0z/DHlIxoeOadj+xXmf8SeT4kvEF1sN/RZ6SmYcVvulVVuZi1Psw24laZdIyvZHTd+yzcvDsjWdZWwLR/PkUCrHP9oXOPDG6mjWrEAGDB+ZQJYhorD0+C6KOgi6G2we5abKt2hDIUeRLfd5Wa8oycOM33hejN/w75SiQHj2C79U+Umwxgp69wv8A91nYj3R45xiRLyrltV+S/JaebLVzeiNbijC8nttu1vOCz80S9x2oaKw6nguijoLOQB8FmpkGE7vwVQa8mV/D5RKsA4mia3YOVohdt3yVmuciamhc+S1nYCGguj1fBdFHQREMmmxF7W2grLwQe/LK/hjlFQx72W7LWMfgtJwYzYrEu0w4fa1lVLanaUNFYdb6KOijWHftCJhEupqWbLTawooMBx6DQFjySof3sl+S064bVzd3vFWJVtt3a1LOTBMR3yXRWHX8F0VbbDv20WjUhUfUK8rHKVDHvZKBdpys3vfqaFamjZb2AgGsoFh9h4LoroKsElq5xhptVHFYq4qH4q9Y2QubbmoXaOJWi2rtbjisFh9jYLBdFF0KsJ+1uCtWDFhj2mKy4pt+FSs1Jw847bqCEWcOdibNQWH2ZgsFz0Cy7tsuKdEM1bhHVrQhwYYaP+9//8QALBABAAIBAwIGAgMBAQADAAAAAQARITFBUWFxECBAgZGhscEwUPDR4WCA8f/aAAgBAQABPyH/AO65oBUwrktpg0FXdxgZ/sdx65+hU3/tOuKpel61/YDCCsOrhH3IGpi3Siv7f7H6yf3n9j/WT+8/sf6yf3nps0AqYVyW0waCru4wM+q+sn956b3Hrn6FTf8AtOuKpel616m4dE+7D02MIKw6uEfcgamLdKK/t9VZ+mdM6/TH1k/vPVdt6YUJd/pj6yf3nqu1dMGoeXpj6yf3nqv66H33pj6yf3np/rcIblcQdx8ProffemLh0T7sPSbcC1VUfoljmd4vcdtU7wsx5DcVEgbXiVpTsMOEFGuP+Ul/aTS9MWfpnTOv0JdZYo6hfoI+scSPBbD9Mr6zLCHbjXL2muXxLMjLAqcGtcSmObphlIM+01qTyv0dt6YUJd/84rBHc+IxsM138ziBqpUM2jqu2Caxs6vtKlOh/BO+tH+DTSCqLwyr5YdZWK+FK6Lq9BaumDUPL+Qaie4kdfY5bvEqGgBo7y7p6qWFEI5xCcJ2FwN5J1hYgbq/M6YO7NWMdi3tKOvlkF2k9NDgS9S6Mp+rt5Rs/jiAyj/KfXQ++/hFIy1VgKd8H3GS31I6kxdwh4vG2TEFIzfGDtL7kavvHlaLE0bs2p3zinaf9un/ACibSnAEt4PbwvXTqocqE50PiXiPRleTrayk7oyShc6fxProffecCiunQNWPiHVNnUHaPN9bDFNVl+6LrmZkHaE6vlCsYsWjmbOHBNb35jgfqmiJ2R1qypUCBAgQIECBAgQIELMjhlJRdpqeYjJDlp2vPn+uh995wgvUVltmA3rQJv03jSLXWx2fuGBN1kAtCeXmvg1j8j2s+yZDIODeDxqVKgQIECBAgQIECBAgQIECW4vRlIqG2crkKAG67XnyfXQ++8xomsplVNY5p1Ny9gWMuCXPI6xeF1KvZqQdoq83fb3gzTwhhFn4K5mg5lW2Zt18LNIRzeYp3YyvCpUCBAgQIECBAgQIECBAgQJUDyW6pwwCxLZwoB7AhY2m10z6aH33mLjWefEpVMVj4aWwuoX59n/9IY96rRhSZzS3jSvUXL+ehoX2hoQ73/MvBucLGaE5omfOBcfUNrkCBAgQIECBAgQIECBKgSoHkxUACr3hswFnlj4gfVZJBphOSma7HPFdWPZYVNYZN0uCTLdlTLHJ5P8AWdURfEJUyM1mZYIV3TVwuaD8xA2M+5eKQ3yiNIPXyFjjeqKm8Z+yFoU1evh3lEsgQIECBAgQIECBBcMP/Gh/5Uq3So30TdqXhttrfeAnDzABCAg+CYavxEKbKRhvGzYEypVFrR+92ji1vmLU8nSQ/lBevAgQJZuUv/u0FCdwahpnxK57RmW1nBDLXDJ5GolWZ5U9GAdexIECBAgQL0m2V3h/8IXlB6GEkEWjgMqzbDlH4mQLWrWJFDCaitVhNUJbYBqsp2eL6IMY9Zy+0f3KqKcqOKQ1qf5HLyMDPwrX6jLE0ZhAgQJ/n8odYnaaa+Au0BLcZQw7LdL5D6ZTGItAYZQPzQQYka7Oo+SXSVlu/wCjCrm+HiBAjNC5uKbQQkgggggkJ7VlOhtde6EZCDQScJNghNSJAnGm8MS1jIKuoYeiEGxPnjG5WRYbqUk/yOXkKksFJGaIrqHDL2/MEBgjEECUWLBPvAoq44i1W+tcSzuaMu04k8WIBd4CV4lNElTymr/UrwGozUjrao4/Kj7bBekRz8IQoVGRnqqE9S59sAcvbzza9/pZCZE3IQQ3QBaszKPB+UzNoOg2Sb6ShDo3Y4KNa2sRPPWU77wTbsMAFCiHVXFdd5oJYafZP8jl5LUj8hLJ+QmPo3I4KkoyFOkf4/KaZGbxEVYtW0vVfDw8o0+HhTkJDJoOh1eCElJkY41trowwkhs8tjqalvECngvEdAavKiFVaNMQggmytx+JmLQwgZ1Jg0N2XdCmr0mCE2YvrxF5brdRX3TQzhSIIYHjdlKt88sdmvCKCmmyf5nLyJcGyQJsQqg+Iqo3kmHgS0SJzLk6n7ZvnlKZpQz+Lweb3jQ22iwFN/28Atp1O+iAFkIttSste5LWs65RCH7YY2IFnsS6bti1Nep0hBcQp5ZXlTZYRkC2wTHxmkY7DLl7G8ZOT0HoQj5XNPVmd05MNPt5RVWtspglQTVEdsJdg4mHIOt8soX5UGHaQdsQxofENwT2iHWVULs7qYgOrNwgw8QZ/F4fV7wYoAjqMPsNe/8A+JswuAC0aneC0fv1d9T3i+mzTL6MMPGRUDpvSX5hddv+dZSKutC+dZlWrhAerAEkYZlMd7DViDfWmmJsRz4ji5na5TtbRVRcPoLaaq9vA7HSXijBNQCJd8SzPEsu/Yhm7d9Yv52sP0g7ZhDj8Q1SHZJYiciKHQ9k5WbhBHxyMO0Mxn38Bh1TAUMKG2UvCYiJYzdAVOTy6GcpBBh1edOIMsi3L3294Qh7thIQRdjVESDIUJiAg63T9+5tKqQbXXdgwxUCggMnXTeLqjoHgC9DmFH7Svd5aRPoDdgvyGDTiyIL0WaO66Q2BBSv4tsgjZijGY5o9J0QQPwiEoesTnZmaE4s/H4XV7yvAlw+r8wIkmoTBTMHW9zX3l1C5VPgr/hLfvsqscrruYhBa3tTuakyHCWHPyE4CFr43dj6sUQamonK7xRfuMBpe7WdWGcBcoNcsowr0get21mIqX1UWWzfa/UzTLlXVmCkIBABp/LsEHbEBcITQ/ECm5Tj4l3YmTGbAudpnGfa8anzv9wIECE3yI2Y6Ls6kyZ9vHsD8MwNwPmCsQ61274OICqFwNfP6iqtTSex0nQ0nf02N8Q6qN1bGif9gDL69B2lmH4hCjNp9CnVCciCOEJoPiJaFbjDCNi71feAoQmoxBmbxDwq7aBAgeATthLS9JDN2jwvFGDjwLdPmFGnzK57kOmfwlyODCFjpo+8CuSukCYQfBNPSIdYZkQJsQqg+ILT8EfPvhrK2FqCprDCdZWm5BA8AhFUbaMVfjwqXbQthyyxCgtgftTqxQktBqy3Bbj4IQGJlyLDMHxDwQGj1CDD9IO2IZQ/Ew4bNQlZzuGZU/tkM3Cz2rACjALGBAgQwVo6JoXDgDiHAQWzroyCU1gxfvLRD3XHR2JWrB5RgOnrT9IO2YA4xiE95MRAgf3SUZMMowPD4rIpqU5uH+KiYOQjCK2f3w4gbBBSQsEANP6DZIE2YI4y0ofEQNONoaFe3JCxCKYx8w1Po36hWqiMLH5Y3m3D+AhZnOQpUXAUD/SNkmoCXuMvSqPSVZ2X6Ebe8B8kstHhm24pMrdz8hm4VCMQBUJtM2z+oQZsniQkwLxnk4JSq8XC5/g1hm0I2lV/WIYmV4gm0AP/AIJ//9oADAMBAAIAAwAAABDzzzzzzzzzzzzzzzzzzzzzzzzzzzzzzzzzzzzzzzzzzzzzzzzzzzzzzzzzzzzzzzzzzzzzzzzzzzzzzzzzzzzzzzzzzzzzzzzzzzzzzzzzzzzzzzzzzzzzzzzzzzzzzzzzzzzzzziTzzzzzzzzzzzzzzzzzzzzzzzxTzzzzzzzzzzzzzzzzzzzzzzzxTzzzzzzzzzzzTzzzzzzzzzzzzzzzzzzzzzzwjzzzzzzzzzzzyxzzzzzzzzzzyjzzzzzzzzzzzyhTzzzzzzzzzyzzzzzzzzzTRDDTzjzzzzzzzzzDzzzzzzjDSTQhCyRBjDzzzzzzDzzzQChRgCRDiSzBDCCBDzTzwDzzxwTTCjRxSBTzzzzzwARTTAjzyzgTwQBRywQhCAADDizji8AwzyzTChjTDTTyAQhTRwwQRmFEQzyhigTE5yTjCzjRGItTyGxDxSjyzyDxxTDAARTwznyKyQAzghCRTzyxjQDjSixhxe8zgTARiAQwRzzzzzxxQBAzS1tVRCAAgRjBTzzzzzzzzyzihjAqlyQAgCSBzzzzzzzzzzzzwyCTzuxyBhxzzzzzzzzzzzzzzzzzyxxjQwRzzzzzzzzzzzzzzzzzzzzxyzzzzzzzzzz/8QAJREAAQMDAgYDAAAAAAAAAAAAAQARITFAQVFhECAwUICBkaHB/9oACAEDAQE/EPIt+iFcmuayQ9j4UYa7kvGkDHuEBuZhv0bc5Sy66BQcI2JURYODgiotytx1yCqt8bCfsoeTBalUT25VOAuRcMm77//EACMRAAEDAwQCAwAAAAAAAAAAAAEAESExQFEwQVBhgaEggMH/2gAIAQIBAT8Q+xbaMqTWD6NdAefShiHcl4xA28wgZ6x+jr5mDZrgKBJHRUFAOx2ItyZ5VwVVujoT7QWWDkKJs24QCNw6J53/xAAtEAEAAgEEAQIFBQEAAwEAAAABABEhMUFRYXGBkRAgQKHBMLHR4fBQYHDxgP/aAAgBAQABPxD/APa9/wAfZ0Lt1dsK8Rp70cDdg4CZ/wCjxHv1bL1rPcUfAa7qeDl+a/6Bzc4RXaKGnbM1NfHpGu6FXD/6s8+fPnz5v+Ps6F26u2FeI096OBuwcBM/V+WV/TTxHv1bL1rPcUfAa7qeDl+a+pJaSZjov02c3OEV2ihp2zNTXx6RruhVw/VZz1KeR7p/+iefOR9SgufB6/6P58qDqmTcG1/8J/z5fv8Ayyv6eSzpoZ7IIPVgkfU+pfvyWkmY6L9JhB6xQerDxdAF8MCMExwlMva2ekeEeRputhV8q7aeGG4qDpkwbFsIsmzFVznsC6Y7/TZz1KeR7p/oRAUANViwFwFd4yV6y7B4yL7B+WGUpqwOKYg8W2Iz43YdKi9Qv2eYql1VtXea5dJV5Y1sD1L5RfgVxs8WGOojccpYIRrqDgfJBJSsRw9Po8j6lBc+D1+v7EPjt4GZXdFF9hqiBIuQy2Uyx+88onq5jFMWU+hqY9LmKl/45jBSb1g8GhA3Z50lXA5+IXC1lTHJ6ulr2hJt1CveQZragu3mEkfcX6BQdUybg2v6n5orJH7w5AsK19mQGUUUWuXv4qGXnaC94DILVg+8scHVTLt0iBzgOh50IkTrWKdGsD4hUzHhwmEX4zBP2MHpgh98G/4h+UXBP7/5g2/3P5hEU56ipg4aJTzMRHWWW8zLGYQft9O/flBm6YIOVWBGXaomOchVX5cEUm5G16QwRAAU4p7DSGX4mAvZVsMF+mYerHt+2avbSZXqdE0wawPeC5/hc+0u+PiiaAd31feOWo3P9I5KLfn7Q1ovV+8AUatLoimkerHRPiizh4CH9IQfX7c/+Ahs/sIfVXmBYRu5DSfhvo8wEz9UZPMGr3Fft9E/fsA3mgbTwERX0oqtbktmKiQowA4iFqe2YKZpWntLuGbGp8BFVUtdVi38NZ4lRt25YPcgKI5qHyy92TI+xAPeJSYszpHL82wg/VAAAAOCixclf2BqNeZdzMLZJRhl0J7Jrk/Wfv0klNKVIOtm0Zwh8NeV6nCnUCLCiJrgQsc42w485csxouHLswU8aI38Fv4l0TtzKYUW8omtKZXA+kolxopR7S3FF0EC4HtCCD9EAAHR+gAAHDXIsVP9oLZgC/och7Tbmsk9uv6b9+jAMDwFx0u8dOCCtQ8x0RKOB2Os0hMAC1WmMu5TFmVzoDLa9/MHckMZ7ujwIUhrVCe8ucksGfAuWrB30HvKBU0VD0XMjqAVFzW1VuEBCD9MAAAdHzgAEIwAIECGtDSxUJh+qFAdsWVLVfsU1jFnQz7DGLjZrnz7+pLUVq0KvsMre3HdbthiPC8shZUdOa0LXdTHquMCiZBYRwYcEbqroQfZrnMWaLd1/uJhbeGh/eYsg0pfmXeYKpPzQ8AV6Z4qpgWRlu98I/vBmRg/clocjxs1L2TZgHT5QDo+B0fOAAfAEKwAKIECssDTMUQTrGnrCAI0H64aENzOph9GJTrzdnmoaF8ylZwkDIG1KZNvQ03jRIFavZtldxEaV4h7wAII6J8jiNYERa7x8A+AYSgXWmJqcNiRK9ISomqzooB6ShZW5s/ptN2ABr5xOmJCn5HAFYxX6S2gcHA6EH0OEs+xFEoiWJ8Do/SAAAfo3pF6N6p0rylDJeRgtyCxZyrG18esW4E56u9UUydrdWX+ZW0VCSBh0PEHrFyRyXbQCCUgQAnR+ZuKKAHnRHbKct4yEB4KPkBq/s42suyBvBKJyQTBvGzmWkjaI6kMSwNxph9E94P9xreDVAfG/tGVsjrngZWw6/yvxBWgtYLtt4QSGqUC1pLW7DicR0RdJs/MADqgr1KPSjUK9CpS/ebmmHwQuJ1ToiCZqFAQ27Ky1f7vCKs1lntjwSppLhVauCmBF/ojIrEh7tFBHA2KFJycxDyNWWhTQg4rXpZDodGYuDpRm33q/LAyi37VOf7kqV4yzMm+sI5uWfAzEFhK4CCjbiKQImo/A7lFdWMAQ96+8MR7gjf4Y9tw1ezs29IFp6lnxMt8b4QR6uSBfVDK2icxmUgYcmaLwQZamxzRlcJOj4FgKmn6EhYB6MwuJ1zpnXOmdMsk0bAR3TSqzt/hLrmC2Sl8GxHaJIl4QwrYacGHunviClS6UtjlYjX68l9nG7GXOkChqosDVqajbT76HBAiEOCBLPkBhV1BhEpJnxcWhujqBHiOTBgAbe4aSblUsZmIrJnHIYI17TcX0SUy9C9di9wMMLoqzq41JNaT8DqZk3IchxvVNeYhEfeGrJUNPq/EdE1MBIrXm0Z4zVzTsxJwOgJgeLaGYOq9K3lBiP8AMwYEdQAy3SBOG2hXsYs7LgQMdn2QYckoH7tawk4WJYzrm7UR6JbAEJPQw38vxAvYDkgoiuCOhnAKi0tKwZ8BHrOEpGqu0A3FCRWLd44IHE3Gi8Pg8uYCIGACggQoBslZXmGiEDNQcDT935cGCNSAZejtMtyWmo3EHQbj8wcjDwLeWAhNxCwyhVYHkagqFy3vBZYIITUWgmOd4UQ3Lks3eXbFf/YZyQnE3J+KAGYz40g5hbNYjJ0m5EC5Nq/wvXwSMsBqJoymYztv4y/WdU64sKGT93RgviBExQaArYMVEBRvjiUtqOFsqIgYsBhtQ2nROiBGFHdu384GjQ5IYIoqUrAU1CLRC9Hg8PEYl63T4sHtiUJcnCAyujEJk1DF6EN3HTV4iVcA+RnKmVa3BWiDSLan88ZX8gAKSJgW4HIvqJSLuGKFaBTHSp8N1DKspMIy/wAmaA4Ep6yrYEo5MPMA1zKonMq9k0IaVcMwLyhigpRp2cMVsC0M9f5fARcwkgWh2uvWEHEdEnXFa/q6/PI9S0PFO+WMudl64VNGvkm8FjAnUqqXi4GAGydEtmesnSDqqUtVbWEmKC8QgAAascuDRsPLB/jfl2ByppS4KfZhN3MGSGVLDVXLCKUWuIP5mC6v08EeOTVWCFhjS4OXcN/SUXJVaUCGuDvGyiQHR/uhD8rUCLBLe0NEX1FdF3D9MWiUZXfMairbTtKpU1eR4dJVENHEJ0fgIB8hG0Z0lKm8D2mOn7Tah9noFiR2p4Oe05/ZCqCmUusKTBg+kq6mec1rlrGFEX7Tt2oyaOO6hXkB6JyJBYJgpR933hLVXeSvtjFAOq2DvU94jGJyq2s6ImnLoYV/BGsmLVKkVdx6EcUAFg5Zmd6ao3zLXjEMGm6SNzTPG8LLXBMnUNjj5d4+OA0GA8E0hmX03P8AEW0ug3ioMpZZVkEXltaBGUiX/bmDRiHJbtmDfHzoCkjARnmAWZ1F8dYu7VYUZW6lbCvyRarKoK/XaE0fch40zDLEn3UH7JrRGhOzKrzdDXEqZgARKRMJAMJR0BSiUm1TgOyOGBZl0Fn/ACKj0EvOB3FUGtghdWECtNBgPZAEFFYlzwmpOiBxAKFIxMlUl5ljgh4OiIkZK4fOiYhm41wBja84gOzFgGgBDLB1Dq/iKrvePLvA50gNlcjSJKOd3r/UtVQ4A8sY4VnWvzD/AH8oNMBHCEWR6O75jUiggdOCCA/RQdSDtjMJEX1M2l9QMDDY3GWr2tWLzs9Imemg+ruespo+7DpGpvD+hNCo+0Yb8qHCBWYkmvFL+7m5G8NTFK4524DUlDxNixCGC0pDUeXLtBdBht6Lym7ZHpAEvdDkdhjIQ4ARXnSLjhTOOHlj4MhS6poeNYG10DyCsp7l8p/irmYLN6jxxMrYq8wKyHEMrxtj+YfWsAIdva0X5OIuFlJ9LGVli+0jHlbJegqitOV3mHJA2gAAOobQ/VApg0dfUstl6lpC7i4X11DzognQ+Vovc1JQeKGjBgBozOjlAqBvCKImv3l8kFjRjwWlV+Ak7p2nDHq4EZjOpIoYEgkIDZndhmd4qZeaWQ9XB6JdMjXg8sylB9v8y3B4lmrXYgktPRr/AFLxRXAlaRZca+CHdPyS3i9I8RkBV6d0fA1svQNCK4kCCYiHEEAGPoSsI8ED1LPS+oluu4yky2xAACFM6dbfWWmCFgTpgOnVgoglHMepXA3fu/IAGxKpm+qUyeDC91qaJQvoVAvUxLNI2RpADLBlFHL8EGjy6rWWbpusB5Yjs3JdX8xwp4z6fBgI/YMpKdt4xAUogzArqGQSoAKCvpC6EdCLlnC+pdQu4QR7wV9m0LklQUTxvHSTpRHoyoBmCCY5b4oBsSqCIo3GPewbfa/xAvLCBYBa1oeWANs+0QG5dAIHrLld+TiByDL93dmiV7gXTaNHfVl2sakqqDBldQah9RqBEwluWIL6iMq7gmULTV4ma+fFdG+dGEBPNDoqanpRuGYvXnuVpN/GLPE9oqUiy/cEilwXxELbwHL5YAAAGxKaD1w34hMgc704izw1fv5XeOhLcoaXitoNArqBgGJpg+rQSkjARnmATL6jeMt7QzEugKesYqjgrMKKrUDBD/Vmdk9wUmj3CqxFS9RGaD+DCDC06uxBqUe29+ZQW1otvsaRVmRRqd/xBq6BQjYgrqGgSoBQ+vQdSFojMPEX1Fmy+oRdQCi5EKpbXvovq8RH3lhNme4Tlsd4Qi37oi2cOC1jkb1Lz5cwipsKAS4G47PlgCD2gKhjqBUB/wAQSmAUVfUK3XUEYAiNhiCiyDJ70+1RUtNBYbOqfePCKxwIxHbJV6Af3NWloPfgww6RqdG8NJiAFBCjGAEaYP8Aj6oQpwm1Iq6HtNMX1AvdYfUmpTg+y0U7wI41RD2XeUCwWXANB/zNSIzYjZGwCCYP/BP/2Q==","provType":"MONITORING","date":"2018-03-12T11:00:06.33Z"}},"communicationModules":[{"identifier":{"_current":{"value":"COMMS1_SN_CHD_DEV_11","provType":"MONITORING","date":"2018-03-12T11:00:06.605Z"}},"subscription":{"identifier":{"_current":{"value":"SUBT1_SN_CHD_DEV_11","provType":"MONITORING","date":"2018-03-12T11:00:06.625Z"}},"address":{"_current":{"value":{"type":"IPV4","value":"172.18.19.24","apn":"movistar.es"},"provType":"REFERENCE","date":"2018-03-12T11:00:06.622Z"}},"mobile":{"imsi":{"_current":{"value":"SUBT1_SN_CHD_DEV_11_IMSI","provType":"IDENTIFIER","date":"2018-03-12T11:00:06.611Z"}},"registeredOperator":{"_current":{"value":"Telefónica Móviles España, SAU","provType":"MONITORING","date":"2018-03-12T11:00:06.612Z"}},"msisdn":{"_current":{"value":"MSISDN_FAKE","provType":"MONITORING","date":"2018-03-12T11:00:06.615Z"}},"homeOperator":{"_current":{"value":"Telefónica Móviles España, SAU","provType":"MONITORING","date":"2018-03-12T11:00:06.616Z"}}},"name":{"_current":{"value":"SUBT1_SN_CHD_DEV_11 name","provType":"MONITORING","date":"2018-03-12T11:00:06.7Z"}},"administrativeState":{"_current":{"value":"ACTIVE","provType":"MONITORING","date":"2018-03-12T11:00:06.698Z"}},"description":{"_current":{"value":"SUBT1_SN_CHD_DEV_11 desc","provType":"MONITORING","date":"2018-03-12T11:00:06.609Z"}},"specificType":{"_current":{"value":"MOBILE","provType":"MONITORING","date":"2018-03-12T11:00:06.619Z"}}},"subscriber":{"identifier":{"_current":{"value":"SUBS1_SN_CHD_DEV_11","provType":"MONITORING","date":"2018-03-12T11:00:06.519Z"}},"serialNumber":{"_current":{"value":"SUBS1_SN_CHD_DEV_11ICC","provType":"IDENTIFIER","date":"2018-03-12T11:00:06.513Z"}},"model":{"_current":{"value":{"name":"TEST","version":"1.0","manufacturer":"sb-HD"},"provType":"MONITORING","date":"2018-03-12T11:00:06.516Z"}},"software":{"_current":{"value":{"name":"software","version":"1.0","type":"SOFTWARE"},"provType":"MONITORING","date":"2018-03-12T11:00:06.598Z"}},"specificType":{"_current":{"value":"GENERIC","provType":"MONITORING","date":"2018-03-12T11:00:06.521Z"}},"description":{"_current":{"value":"SUBS1_SN_CHD_DEV_11 desc","provType":"MONITORING","date":"2018-03-12T11:00:06.512Z"}},"administrativeState":{"_current":{"value":"ACTIVE","provType":"MONITORING","date":"2018-03-12T11:00:06.603Z"}},"name":{"_current":{"value":"SUBS1_SN_CHD_DEV_11 name","provType":"MONITORING","date":"2018-03-12T11:00:06.6Z"}}},"name":{"_current":{"value":"COMMS1_SN_CHD_DEV_11 name","provType":"MONITORING","date":"2018-03-12T11:00:06.606Z"}},"description":{"_current":{"value":"COMMS1_SN_CHD_DEV_11 desc","provType":"MONITORING","date":"2018-03-12T11:00:06.608Z"}}},{"identifier":{"_current":{"value":"COMMS2_SN_CHD_DEV_11","provType":"MONITORING","date":"2018-03-12T11:00:06.511Z"}},"subscription":{"identifier":{"_current":{"value":"SUBT2_SN_CHD_DEV_11","provType":"MONITORING","date":"2018-03-12T11:00:06.419Z"}},"address":{"_current":{"value":{"type":"IPV4","value":"172.18.19.24","apn":"movistar.es"},"provType":"REFERENCE","date":"2018-03-12T11:00:06.413Z"}},"mobile":{"imsi":{"_current":{"value":"SUBT2_SN_CHD_DEV_11_IMSI","provType":"IDENTIFIER","date":"2018-03-12T11:00:06.403Z"}},"homeOperator":{"_current":{"value":"Telefónica Móviles España, SAU","provType":"MONITORING","date":"2018-03-12T11:00:06.409Z"}},"registeredOperator":{"_current":{"value":"Telefónica Móviles España, SAU","provType":"MONITORING","date":"2018-03-12T11:00:06.405Z"}},"msisdn":{"_current":{"value":"MSISDN_FAKE","provType":"MONITORING","date":"2018-03-12T11:00:06.407Z"}}},"specificType":{"_current":{"value":"MOBILE","provType":"MONITORING","date":"2018-03-12T11:00:06.4Z"}},"description":{"_current":{"value":"SUBT2_SN_CHD_DEV_11 desc","provType":"MONITORING","date":"2018-03-12T11:00:06.414Z"}},"name":{"_current":{"value":"SUBT2_SN_CHD_DEV_11 name","provType":"MONITORING","date":"2018-03-12T11:00:06.402Z"}},"administrativeState":{"_current":{"value":"ACTIVE","provType":"MONITORING","date":"2018-03-12T11:00:06.417Z"}}},"subscriber":{"identifier":{"_current":{"value":"SUBS2_SN_CHD_DEV_11","provType":"MONITORING","date":"2018-03-12T11:00:06.507Z"}},"serialNumber":{"_current":{"value":"SUBS2_SN_CHD_DEV_11ICC","provType":"IDENTIFIER","date":"2018-03-12T11:00:06.502Z"}},"model":{"_current":{"value":{"name":"TEST","version":"1.0","manufacturer":"sb-HD"},"provType":"MONITORING","date":"2018-03-12T11:00:06.425Z"}},"software":{"_current":{"value":{"name":"software","version":"1.0","type":"SOFTWARE"},"provType":"MONITORING","date":"2018-03-12T11:00:06.501Z"}},"name":{"_current":{"value":"SUBS2_SN_CHD_DEV_11 name","provType":"MONITORING","date":"2018-03-12T11:00:06.421Z"}},"administrativeState":{"_current":{"value":"ACTIVE","provType":"MONITORING","date":"2018-03-12T11:00:06.504Z"}},"specificType":{"_current":{"value":"GENERIC","provType":"MONITORING","date":"2018-03-12T11:00:06.498Z"}},"description":{"_current":{"value":"SUBS2_SN_CHD_DEV_11 desc","provType":"MONITORING","date":"2018-03-12T11:00:06.422Z"}}},"description":{"_current":{"value":"COMMS2_SN_CHD_DEV_11 desc","provType":"MONITORING","date":"2018-03-12T11:00:06.508Z"}},"name":{"_current":{"value":"COMMS2_SN_CHD_DEV_11 name","provType":"MONITORING","date":"2018-03-12T11:00:06.509Z"}}}],"name":{"_current":{"value":"CHD_DEV_11 name","provType":"MONITORING","date":"2018-03-12T11:00:06.335Z"}},"specificType":{"_current":{"value":"SENSOR","provType":"MONITORING","date":"2018-03-12T11:00:06.328Z"}},"administrativeState":{"_current":{"value":"ACTIVE","provType":"MONITORING","date":"2018-03-12T11:00:06.338Z"}},"description":{"_current":{"value":"CHD_DEV_11 desc","provType":"MONITORING","date":"2018-03-12T11:00:06.334Z"}}},"administration":{"channel":{"_current":{"value":"default_channel","provType":"MONITORING","date":"2018-03-12T11:00:06.712Z"}},"serviceGroup":{"_current":{"value":"emptyServiceGroup","provType":"MONITORING","date":"2018-03-12T11:00:06.709Z"}},"plan":{"_current":{"value":"FLOW_RATE_100","provType":"MONITORING","date":"2018-03-12T11:00:06.705Z"}},"identifier":{"_current":{"value":"CHD_DEV_11","provType":"MONITORING","date":"2018-03-12T11:00:06.708Z"}},"organization":{"_current":{"value":"chemacorp","provType":"MONITORING","date":"2018-03-12T11:00:06.711Z"}}}}},{"resourceType":{"_current":{"value":"entity.device","provType":"IDENTIFIER","date":"2018-03-12T11:00:12.407Z"}},"provision":{"device":{"identifier":{"_current":{"value":"CHD_DEV_12","provType":"MONITORING","date":"2018-03-12T11:00:11.9Z"}},"model":{"_current":{"value":{"name":"OpenGate","version":"1.0","manufacturer":"OpenGate"},"provType":"MONITORING","date":"2018-03-12T11:00:12.406Z"}},"location":{"_current":{"value":{"position":{"type":"Point","coordinates":[40.888357464612,6.765541515806426]},"postal":"28033","source":"GPS"},"provType":"MONITORING","date":"2018-03-12T11:00:11.909Z"}},"image":{"_current":{"value":"data:image/jpeg;base64,/9j/4AAQSkZJRgABAQEASABIAAD/2wBDAAMCAgICAgMCAgIDAwMDBAYEBAQEBAgGBgUGCQgKCgkICQkKDA8MCgsOCwkJDRENDg8QEBEQCgwSExIQEw8QEBD/2wBDAQMDAwQDBAgEBAgQCwkLEBAQEBAQEBAQEBAQEBAQEBAQEBAQEBAQEBAQEBAQEBAQEBAQEBAQEBAQEBAQEBAQEBD/wgARCAGQAZADASIAAhEBAxEB/8QAHAABAAEFAQEAAAAAAAAAAAAAAAYCAwQFBwgB/8QAGQEBAQEBAQEAAAAAAAAAAAAAAAEEBQMG/9oADAMBAAIQAxAAAAH1SAAAAAAAAAAAAAAAAAAAAAAAAAAAAAAAAAAAAAAAAAAAAAAAAAAAAAAAAAAAAAAAAAAAAAAAAAAAAAAAAAAAAAAAAAAAAAAAAAAAAAAAAAAAAAAQUnTlnUwAAAAAAAAAAAAAAAAAAAAAAB499hcLPP8A7z8s+pwAAAAAAAAAAAAAAAAAAAAAABxjs/GCG+mfM3pkAAAAAAAAAAAAAAAAAAAAAAAcY7PxghvpnzN6ZAAAAAAAAAAILpuIQ096Pn0AAAAAAAAAAAcX7Rw8h/qDyh6vAAAAAAAAAAOFwzoENPTIAAAAAAAAAAAHBO9+eiC+v/GnssAAAAAAAAAA4xDZlDT0yAAAAAAAAAAAxcgq87+iPO5zz2X409lgAAAAAAAAAHGIbMYOeoAAAAAAAACOkio4tGTsUIs/DS5mrHQYFb+kQ9fefJedURmRFwAAAAAAAAHD4BNOdnr8AAAAAxjJc7gh2vm0KlxDL0/05sMeK2i/Y+gfQ+Wy79xfhmZun+nQJZxX6ejr3neVHXkRk5fAAAAAB565z0Pnh7LAAAWeQnYo7yvVkxjGNcN5fitJINPjgUFX3BpM3GtCtjWjM+4X0zWJUZCzUXftuouV2qi9ma+om0v45UeicrzrJjsiEykzQAAed+edD54eywACg1XmjsUFOMTKYRElX3kW5OhsS2Z9nVVl/wCY+MbDFs1D79+ipUPv36KlQqVCpUKlQqVCpUKlQvW6iRyvmX07xm8A3p2JBpWcF550Lnp7LAA0W9hxz+J7jTi5R9M+DSy2cJwZNgkU10u1hocuzryVb7mw7fLvMV49SVcH6cSyr5WPv2o+VqhUqFSo+Vfaj5V9rKaqvp8+tQbjTwLZFGv6zLU4bt+1Xl5Rn9RjR0rZeV+wHSAIXNI0cY11usrqVC9brOJ4tVmS9XifLdjYx7ho470W4cpdB1xD7/Tpscz7VgcrO4VYWeKlwpqyskwsjKrLN25WU11VlP1AjM18t6ERST7PKTVZu3xS7HoZzMkfPZTG1k3ZY9ITpgGv2GKeWYz6P42WNvzbKOj1x3eHE95o8PJi2+FizPNmiFMljWvZ9y8XJ06usdR5b1oh3NumcHKIbpcAnfoHyJ6tNzmXKyzYt0cnjZv3X53N5mwu67bd/wCipXYhp1aybWuhlvMyc1Me7qOZLPOUauRGhkt60cz6RqOhFOxw8w6WADH00h+HKuZendUePa/R/NDgX2QQ4233X5hd+qinKsZJ1XrHKOsEN4j27hxroROxyvvPLOunWbnEpeSrXynI5PGj1O9zsHP12bXV3/o9doc/pXt7XNzTEyRwKB4xTn7S6U3KPh9fai5MYVYOg67mPWTo/wBt3AAAC3rdsOfc29D4B4rg/ufnZ5dzptADYZWg251/rPJetkL4f3Hh5rqvn0v+ivN/oQmUBmtaed913aODL4x8XtVWu25ur8IgBJIxuNiWshSV0qj5V9zjHytTBTf6WV9YIn0rMyh9AAAAACnDzhEIB23FPIHP/ccFOQ9n5ptjM4j1HkJR9ouD0T539HpvqlYqfbLuBm2l88ZG7kUun3qs+vn0VLpbyrkeN/BLPQSCdclcgMDZ1gAAAAAAAAD5YyBHoV1W0eaeSe3IgeLc/uHKDD9L+TfRZ0arXbFPtfyuxh5uGvIJNo97L9fLh8rvVlWLqss0e9nkxI5Lsu4fPoAAAAAAAAAAAALdwamK9AoPPMK9Wxs89TLfQw6JteKSNOm4WDfrl0hjcnl+5ON8LNyZyki0s22WWb/0AAAAAAAAAAAAAAAAKahiavf/AAgsO7PjnnDXelomcAnuz6eQ2Z7PKMXMrAAAAAAAAAAAAAAAAAAAAAHyi4LFdwfPoAAAAAAAAf/EADMQAAAGAQIDBwMDBAMAAAAAAAABAgMEBQYHERIgQBATFCEzNTYwMVAiIzQVFiQyJWCA/9oACAEBAAEFAv8A2vkeWwMdFBn8C5lfkM677+54fe+LL7fj9UYcfwem0KPKvPyGqPs+l3vH5DVH2fS73j8hqj7Ppd7x0uR5bAx0UGfwLmV1OqPs+l3vHS51339zw+98WX26jVI9qbStW930uqMOP4PTaFHlXnU6sq4aTSNfFfdLqj7Ppd7x1OsSuGh0aXxZB0uqPs+l3vHU61Hw4/op55D0uqPs+l3vHU62fH9E/kHS6o+z6Xe8dMqVHQojJRDWz4/on8g6XVI9qbStW930alpQU7KqiEHr62tDdNaXI9nNjCNlbpDUwzyWi0dhSoeRdLqyrhpNI18V90Nhf1NYU3PX3h3V9cqi4/FhplWLaS5I8t+K5FymQgRsgr5AQ424XRaxK4aHRpfFkH1plnAgJn6gRkCTb5JcnDxd102qqurkv3SEE6+8+r6DMuSwcbJ5bYjZFBfDbzTxfX1qPhx/RTzyH6b0liMmdmtbHEvIshsw1jsqUqNjkZgjk1UISL19YccW6rl3IgbrZDxDY8QO+WO8dHG8ON4Mzpsc4uVTWxFyaA+Gn2Xi+prZ8f0T+QfQUpKCl38CMJeSWb5/0+RYON19XEH9ThMBy6lqDkh57lUtCQclI45Ch3bpju2SG8ch3yCHiFDv1jvXB3ix3ix3ix3ix3qw1NkMnGyiY0IuTwXgzKjvl9HWz4/on8g5nnm47SNRqyxXIs5kobmCVsDfdMuVS0oBydxwvrHAwgeIQkG+4Y3Uf123nWji5FPYEbKIrgZmRpBc2tnx/RP5BzWDzRtZBp5WLUdhlGOHXZPV2IIyPlW8hsd4+6O6bSDkJSFOrV0yFrQca9nxxGydlYYmRpJdutnx/RP5ByrUSEyZRmcmWtS0yCUVjh9LZhcLLMbOuzKDINMuMtK58NseNS+CciNhUviG+/VoWtBsX82KImVRXwzOiyBrZ8f0T+QctxJ8PElu/oPzMEoyCJJkLmprrE/6LHSTlXGQFsIbCuJI8VJSG7eyaDWTW7QYzR8hHy2sdJiVGkp6WXbwYQfyOY+fg7OebNRJjhqfaxTkzWb2LiNRWYxaMWMORy5Me0SSrdPITBLOSg/EqhpUF1CFB2jfDkCW0DIy5G3nWVQcqsoorMjgWAL6mw4THCobH2TrWJAJ+0s7Q4GNOunCxtpsM1sdsigtLCaSMoHWwIyZ1hEbTIyRht7EpUp7kyo9oLp7p5EHsJjn+Z3w70E6OMjDkZh8n6VJh+HIj8iGXViqyGfVqiymJjXMTajBMgmkgkkNhsNgeySnW5rOJjpTFwscjMEiGlsEgw2wZhLaWymXjLRXGTNsOWq5ckY/WoiNYp/L7chY8RVFJTsSiPlm/wAwm1nyEowTg4ScD1D4g/7anoVDxYzEXHmGhLpq2QwTkzFp0OWzOY7CSZhLIJBENhsNhsNhsFrQ0iXMfsnKujJIYjIaIiCGjMJZISJbEYry8XHbORcXQebg49DpYL1jMXHSxFxT+X2yT/Re18qBJZsjI2JyFhLiVdsvymtLQ4U8myCIr6yNCkH2MH+5UElYZiRlNWMZpgSromzlZAJtr4lOK3CoE0ghkEnYKUhtKHnXh/nDvloCTSothsDMklLku2b9VUJbJtskklBmEMhx1mOmbbfplZKqYqNUGayIW/HOsqCEllub6GK/y+15HEVnWd8VpjZ8TkaXENixUkR7BKg26lQm/wAzsiymHEWbkdTfYx6lOIx/t3J+VsymSqXGfjrBHseOySn1Ow2Bd3xOSX3jSkwk1EGPJ7YbC2lKdXT1ZJJtrhJDI4UNlJtCSLTJY7LhRrO0NlhphBIGxBFeXiYMc0osEmljFf5fItolCRXIcE7H0OCxxjYPQZcQ2LBbZvSCVJJRGC7duxj1KcR/TuvtMP8AdcaQ8idXrjGMBsYqIJeY2EiI5uhbe5GgG82RxIjjJ7CY/wCGj1MFT7saJwJQ0RCROZji2vmIyXJ1xcqhVsSCRJMxuSR9+xpXAqBIjqFwlPg8YcLxpHvzKbJQfgoWJtE24LHGBY4xIZUtD8ZSHwlZHyMepTiP6d19pvqgyJRWFWbYoNOo17jLxZpiKqnNKqwCFJWSiQ4PCV4bNLJfcbCW0ubKrK1MZt15mMmdb7IlZFKnLj1DSXSLcbJSDMz7NuwyMg682wkrJ+xXQxERUI+3OaCMPQ0LEykbcFli6FlY4m40bzEqIaHwlwj7GP8AemEf07r7TfV7CMYo4TVAbhLFzg1BdB6hzPFFVWfQZCmH2JLew2GxivgtRkyLTYrTJmmXTr5VmtCENp4dhvyNtLcPdiOLG9QhTFdOtXaqiJoo0YmyLy+kaSMOxULEunbcKxxlKys8RNByIUyEaHxGdI10xiP6d1/rN9Xtxv2YEEuGQtsZo70pGC5HQLg567Dcg2UCyaLyFvfRq9t561vCiQo8Jsi3G+3IRGoyZQ0J9szGbclWFsqpxokiDUoaJthKC+qaSMOR0qEqpbcFhjaFi0w8t11s2C5RyBEeI27kyNM31e3Hi2p+QlGQn1tbatXWFpqnqmzzKS3CqmYp/ceRD79m3YhgzJclthMu7W6qBQvy3a2iQ2TENDZEki6HbcLYSoSaxtwT8dQsP0j8JcS1Q2LaTumU+Rukoj7aIv8AiOV0+Fu6dWtxtPAjlQ2pw/2mROt22j8NPtV1eOpQIlahokNknpdgppKhIrkOCdj6HBPx95BWVLOZWTq0GiQRglkYpPaeWX6MlHHP7dgRGYJpKBJmoaQt6ZOOvx/zhVCGw1HSgiLbqVNkYfgoWJtE24LfEW3im41LiBK3Urp7MmojMttwEZHyS/Rf/TOGxn2IaMwbyGyXLceVGplurh1CSDENKAlBF1poIw9DQsTKRtwWGLoM3a6ZENiyeYOHdkYYnNuBKiPsmei952ASk1H+20H5fmzVyZZxKpKCjwUpCGiT+BNJGHYqViVUNuCZjqFCRjzrZ8U+CcO8EexacEtxJsKPexLYLeS2liJMniFTMxwzCIg2wSQRbfhDIjC2EqDsBCg9VIMTMUjuiRWW9YHLxRN10k5Nk33slcHHkINuMQQwRAkkX4k0EYUwRhUYhZ4rV2aYGAohSo0BmMhLQJH43YcI4ASf+i//xAAkEQABAwIGAgMAAAAAAAAAAAABAgMEABEFBhMhIjESQCBwgP/aAAgBAwEBPwH9KEgd+zLhiUBvan1vYcwkNjyqHIVJa1FC3znYuiKrTSLmhmNYPJFRJSJjQdR683B25StRJsaRlvfmumGERmw2319Qf//EACMRAAICAQMEAwEAAAAAAAAAAAECAwQABRESISIxQAYgcID/2gAIAQIBAT8B/pQkDz7NqqLIHXbJ3loQqIxyypObEXNht97mqpWbgo3ODX3B7lyrZW3GJU9e5pKWW5qdjifH+ve+QQpXQRp4/IP/xABIEAABAgMDBwcJBgQEBwAAAAABAAIDBBESITEQEyJBUXTCICMyQFJhcQUUMDNCYoGhsVByc5HB0QYkY4IVQ2ThNDVTYICSk//aAAgBAQAGPwL/AM12w4rHRo77xDadXehJRpd0rFf0KuqHfH7Rm873Wfu0UHMeszjbPjX7RlZ8Q+fzuate7QlPiR4doy8HOM7nVH2jK7zwlTW7cQ+0ZXeeEqa3biH2jK7zwlTW7cQ6s2HFY6NHfeIbTq70JKNLulYr+hV1Q749ald54SprduIdWm873Wfu0UHMeszjbPjXrUrvPCVNj/S8Q6tKz4h8/nc1a92hKfEjw7Rl4OcZ3OqOtSu88JU5uvG3q0rvPCVNbtxDrUpvXA5Tu6cberSu88JU1u3EOtSW98DlPbnxt6tK7zwlTW7cQ61Jb5wOU7ufG3q0rvPCVNbtxDq9h8dgdsqqg1ySW+cDlO7nxt6tK7zwlTY/0vEOqWnuAHeizP52J2Yd6pAYZeF3YogvJOs1XNx3KkzCDu8KWg+TGF8WFMZxzO6yVPNmYDoZ801j329Wld54SpzdeNvUv5qcYD2ReUYfkmS/vifsqzk1ELT7OAWdmXAeKzMk2y3tcnOwX2XYVVJhger32D3qsN4d4dTlN64HKd3Tjb6e3NzTIfiUYfkyWdHd2jcFZfGMJh9mHcrcap8VajuaFYkYVPeKtRYhcfQ1hRXBUjARAqPObPerUKIHeHUJLe+Byntz42+ktx4zGD3irEo10y/3cEWQP5aGexis5Mve87XFWotAqNo8+6rMu0Qh81aiPLj38q8rpLWrmFXQivVr1a9WqwiWqkeFbCpErDPeqwojXeB9LJb5wOU7ufG30NpxoFc4xXbGKzKtZBbtOKtzUy6KfFc7FbXuX8vLV8VRllngFzkVzvjyb3LRBK0WUWnFWk+qubVXQ10RkxXSXSXSWOSsN5CpFFsKkWsMqsKK13x9FJb5wOU7ufG3lvjxnWWMFpx2BPheSogdZ1uuK5yMaZMKqzbu2DlaRoqQ2Fy0n2VpGpWgxbFefT1hxC1Ue7ODvVI7CwqsKM08uS3zgcp3c+NvLdLPAdbFHA7EZnyLGMnGxs10f9lY8pSxmIA9sfug0Rs3E7L7ldybytAWRtVqK6p71SG1Xnq1WOIVM5bHeqTEOz3hVgxWnkSW+cDlO7nxt5RedQqnRCcVirMQAg7UYkFvmsXtQ8PyVqE7z2WGy+5ZqcaZaJ72CtNjsIPetKYZ+a0IzGt8VXOtJ8VoEBXnrdWOIWnFq33lzgp3tNVzUZpUlvnA5Tu58beVSnrNHk3ouiy4D+224ojzmKKE6166J+a0Y7/zV0Z35rRmYn/sVoTsX8168P8AvBfzEq133Sudtwj3hW4EZrx3Hq3OxgXdlt5VmRl7A2lVmYr3dytQnOae5aWmmyPlaXe+G02gHaio3lCAYliPBzVk6rwf0XNxh8eTCP8AU/TlxmVuER31XrHL1zh8FVkVrlpQT8FeORahRHMPcVSK4Rm+9igy3movZd6bArArDJzr6v1NGKzcEZqH3K1EBK0mroBdBVMNWntY0d6LIDG07RXm0jWYj9liiw5lxqGh1Ca0PIhn+p+nLj/iO+vIvWlDa5VgPp3Fc4z48jQaUIE61z4PvYhCNLvDmn0F5WCw5FTcjAkhU63rOx4dSdaFGrRAWGSrrkWSwtO26lZiPfHjOwYy9N/xCM6Hb6MtDN/9yzrYQbVTP4bfryIwA0mi0FQ8qP8AiO+qqGHk3qgv7lWCwsd8lSLDNNq0mrSARgx2DuOxUa/OSzz8k2YgOq12W5aSuHLMSIaALMwKiF9UHParhyKYu2IxJ2MGQtQC/lB5pLf9R3SPgjFay3Hdg517nFGZmDacTVUaFM/ht+vIIOtRHwmWoJNRTUqFYrHLGP8AVd9VVpQI6StNhkhUe2hyhAPaCr4LSi6Xu91FpNCrnIsfeEJaI7mIxp4HJpK5WnuAHeqyspFiDtdEfNf8Iz/7Bc/Lvh9+IVWmoy2nXALNQqiEPmgS1UAy1iOoiQ/NsGtOlvIrM9EwMU9Bq858pxzNxsRXot8ArlY9iFcFWi+Kmfw2/Xkm5FzW0KvBIVCrysVH/Ed9coFoAgYFANILu7KEMhRDjR2pwVIt/fqyVCgTJvdZo7xyvmY7M5YdZhMOHiVzkQ5MVYb7V9MvmUE/fQcWqgGS04gBWZf80YLXmYmThDZerflmLZhaoEP9ShDgw2saNQCq80Vyc6mJqqAK/apj8Nv15XRR0ES1qwJCo5RTtefQDIclh7agq2zSh/TI+Tix2tiW6taTqy52ALW1qo42TsNy6QVkG044NbeUZmaFl7hZhw+yNpyOia8As468m9AUyUbpOWcnZgNGpqsw2mSlO0fWO/ZcxD0ji83uK7lo/nlqRVUtgeKLmkYhTAB9hvoOiugiQxF8Gu2hVmMwt5QQyHLQhGPLjR1jYpbynCnHy848uNcWm+5UnIJmpYe0NIIQ4rsxFOpytMcCO5UjQYcT7zV/y6D81SXhQ4X3G0V+Rsuzosx8ULr1V5+CLnPEKGMb0ZfyJBtDXMPuaP3Xnc48zMz236vBUCvvKvyX5LwrcR4aAsxKlwha3LQbecTt9FguijzdUXQKt7tSpGhkd/ICGQ8mXhsuAr9VR4qCjEEHzWMf8yFd8kYvk6KZ6VGoX/JZjynDdKRcNLBCLAite04EHLcs9FpU31VmAKe8V5vKMdNzJ9lurxQmPLMa1sgN6A/dBjGhoGAC0lQXDLctEfFXc4/5BZuFz0bYNSESccSNTRgho+lwXRR0EXQQWH5LnYZptGQIZDyZfw5B8+k25w/5jbnJ0z/DHlIxoeOadj+xXmf8SeT4kvEF1sN/RZ6SmYcVvulVVuZi1Psw24laZdIyvZHTd+yzcvDsjWdZWwLR/PkUCrHP9oXOPDG6mjWrEAGDB+ZQJYhorD0+C6KOgi6G2we5abKt2hDIUeRLfd5Wa8oycOM33hejN/w75SiQHj2C79U+Umwxgp69wv8A91nYj3R45xiRLyrltV+S/JaebLVzeiNbijC8nttu1vOCz80S9x2oaKw6nguijoLOQB8FmpkGE7vwVQa8mV/D5RKsA4mia3YOVohdt3yVmuciamhc+S1nYCGguj1fBdFHQREMmmxF7W2grLwQe/LK/hjlFQx72W7LWMfgtJwYzYrEu0w4fa1lVLanaUNFYdb6KOijWHftCJhEupqWbLTawooMBx6DQFjySof3sl+S064bVzd3vFWJVtt3a1LOTBMR3yXRWHX8F0VbbDv20WjUhUfUK8rHKVDHvZKBdpys3vfqaFamjZb2AgGsoFh9h4LoroKsElq5xhptVHFYq4qH4q9Y2QubbmoXaOJWi2rtbjisFh9jYLBdFF0KsJ+1uCtWDFhj2mKy4pt+FSs1Jw847bqCEWcOdibNQWH2ZgsFz0Cy7tsuKdEM1bhHVrQhwYYaP+9//8QALBABAAIBAwIGAgMBAQADAAAAAQARITFBUWFxECBAgZGhscEwUPDR4WCA8f/aAAgBAQABPyH/AO65oBUwrktpg0FXdxgZ/sdx65+hU3/tOuKpel61/YDCCsOrhH3IGpi3Siv7f7H6yf3n9j/WT+8/sf6yf3nps0AqYVyW0waCru4wM+q+sn956b3Hrn6FTf8AtOuKpel616m4dE+7D02MIKw6uEfcgamLdKK/t9VZ+mdM6/TH1k/vPVdt6YUJd/pj6yf3nqu1dMGoeXpj6yf3nqv66H33pj6yf3np/rcIblcQdx8ProffemLh0T7sPSbcC1VUfoljmd4vcdtU7wsx5DcVEgbXiVpTsMOEFGuP+Ul/aTS9MWfpnTOv0JdZYo6hfoI+scSPBbD9Mr6zLCHbjXL2muXxLMjLAqcGtcSmObphlIM+01qTyv0dt6YUJd/84rBHc+IxsM138ziBqpUM2jqu2Caxs6vtKlOh/BO+tH+DTSCqLwyr5YdZWK+FK6Lq9BaumDUPL+Qaie4kdfY5bvEqGgBo7y7p6qWFEI5xCcJ2FwN5J1hYgbq/M6YO7NWMdi3tKOvlkF2k9NDgS9S6Mp+rt5Rs/jiAyj/KfXQ++/hFIy1VgKd8H3GS31I6kxdwh4vG2TEFIzfGDtL7kavvHlaLE0bs2p3zinaf9un/ACibSnAEt4PbwvXTqocqE50PiXiPRleTrayk7oyShc6fxProffecCiunQNWPiHVNnUHaPN9bDFNVl+6LrmZkHaE6vlCsYsWjmbOHBNb35jgfqmiJ2R1qypUCBAgQIECBAgQIELMjhlJRdpqeYjJDlp2vPn+uh995wgvUVltmA3rQJv03jSLXWx2fuGBN1kAtCeXmvg1j8j2s+yZDIODeDxqVKgQIECBAgQIECBAgQIECW4vRlIqG2crkKAG67XnyfXQ++8xomsplVNY5p1Ny9gWMuCXPI6xeF1KvZqQdoq83fb3gzTwhhFn4K5mg5lW2Zt18LNIRzeYp3YyvCpUCBAgQIECBAgQIECBAgQJUDyW6pwwCxLZwoB7AhY2m10z6aH33mLjWefEpVMVj4aWwuoX59n/9IY96rRhSZzS3jSvUXL+ehoX2hoQ73/MvBucLGaE5omfOBcfUNrkCBAgQIECBAgQIECBKgSoHkxUACr3hswFnlj4gfVZJBphOSma7HPFdWPZYVNYZN0uCTLdlTLHJ5P8AWdURfEJUyM1mZYIV3TVwuaD8xA2M+5eKQ3yiNIPXyFjjeqKm8Z+yFoU1evh3lEsgQIECBAgQIECBBcMP/Gh/5Uq3So30TdqXhttrfeAnDzABCAg+CYavxEKbKRhvGzYEypVFrR+92ji1vmLU8nSQ/lBevAgQJZuUv/u0FCdwahpnxK57RmW1nBDLXDJ5GolWZ5U9GAdexIECBAgQL0m2V3h/8IXlB6GEkEWjgMqzbDlH4mQLWrWJFDCaitVhNUJbYBqsp2eL6IMY9Zy+0f3KqKcqOKQ1qf5HLyMDPwrX6jLE0ZhAgQJ/n8odYnaaa+Au0BLcZQw7LdL5D6ZTGItAYZQPzQQYka7Oo+SXSVlu/wCjCrm+HiBAjNC5uKbQQkgggggkJ7VlOhtde6EZCDQScJNghNSJAnGm8MS1jIKuoYeiEGxPnjG5WRYbqUk/yOXkKksFJGaIrqHDL2/MEBgjEECUWLBPvAoq44i1W+tcSzuaMu04k8WIBd4CV4lNElTymr/UrwGozUjrao4/Kj7bBekRz8IQoVGRnqqE9S59sAcvbzza9/pZCZE3IQQ3QBaszKPB+UzNoOg2Sb6ShDo3Y4KNa2sRPPWU77wTbsMAFCiHVXFdd5oJYafZP8jl5LUj8hLJ+QmPo3I4KkoyFOkf4/KaZGbxEVYtW0vVfDw8o0+HhTkJDJoOh1eCElJkY41trowwkhs8tjqalvECngvEdAavKiFVaNMQggmytx+JmLQwgZ1Jg0N2XdCmr0mCE2YvrxF5brdRX3TQzhSIIYHjdlKt88sdmvCKCmmyf5nLyJcGyQJsQqg+Iqo3kmHgS0SJzLk6n7ZvnlKZpQz+Lweb3jQ22iwFN/28Atp1O+iAFkIttSste5LWs65RCH7YY2IFnsS6bti1Nep0hBcQp5ZXlTZYRkC2wTHxmkY7DLl7G8ZOT0HoQj5XNPVmd05MNPt5RVWtspglQTVEdsJdg4mHIOt8soX5UGHaQdsQxofENwT2iHWVULs7qYgOrNwgw8QZ/F4fV7wYoAjqMPsNe/8A+JswuAC0aneC0fv1d9T3i+mzTL6MMPGRUDpvSX5hddv+dZSKutC+dZlWrhAerAEkYZlMd7DViDfWmmJsRz4ji5na5TtbRVRcPoLaaq9vA7HSXijBNQCJd8SzPEsu/Yhm7d9Yv52sP0g7ZhDj8Q1SHZJYiciKHQ9k5WbhBHxyMO0Mxn38Bh1TAUMKG2UvCYiJYzdAVOTy6GcpBBh1edOIMsi3L3294Qh7thIQRdjVESDIUJiAg63T9+5tKqQbXXdgwxUCggMnXTeLqjoHgC9DmFH7Svd5aRPoDdgvyGDTiyIL0WaO66Q2BBSv4tsgjZijGY5o9J0QQPwiEoesTnZmaE4s/H4XV7yvAlw+r8wIkmoTBTMHW9zX3l1C5VPgr/hLfvsqscrruYhBa3tTuakyHCWHPyE4CFr43dj6sUQamonK7xRfuMBpe7WdWGcBcoNcsowr0get21mIqX1UWWzfa/UzTLlXVmCkIBABp/LsEHbEBcITQ/ECm5Tj4l3YmTGbAudpnGfa8anzv9wIECE3yI2Y6Ls6kyZ9vHsD8MwNwPmCsQ61274OICqFwNfP6iqtTSex0nQ0nf02N8Q6qN1bGif9gDL69B2lmH4hCjNp9CnVCciCOEJoPiJaFbjDCNi71feAoQmoxBmbxDwq7aBAgeATthLS9JDN2jwvFGDjwLdPmFGnzK57kOmfwlyODCFjpo+8CuSukCYQfBNPSIdYZkQJsQqg+ILT8EfPvhrK2FqCprDCdZWm5BA8AhFUbaMVfjwqXbQthyyxCgtgftTqxQktBqy3Bbj4IQGJlyLDMHxDwQGj1CDD9IO2IZQ/Ew4bNQlZzuGZU/tkM3Cz2rACjALGBAgQwVo6JoXDgDiHAQWzroyCU1gxfvLRD3XHR2JWrB5RgOnrT9IO2YA4xiE95MRAgf3SUZMMowPD4rIpqU5uH+KiYOQjCK2f3w4gbBBSQsEANP6DZIE2YI4y0ofEQNONoaFe3JCxCKYx8w1Po36hWqiMLH5Y3m3D+AhZnOQpUXAUD/SNkmoCXuMvSqPSVZ2X6Ebe8B8kstHhm24pMrdz8hm4VCMQBUJtM2z+oQZsniQkwLxnk4JSq8XC5/g1hm0I2lV/WIYmV4gm0AP/AIJ//9oADAMBAAIAAwAAABDzzzzzzzzzzzzzzzzzzzzzzzzzzzzzzzzzzzzzzzzzzzzzzzzzzzzzzzzzzzzzzzzzzzzzzzzzzzzzzzzzzzzzzzzzzzzzzzzzzzzzzzzzzzzzzzzzzzzzzzzzzzzzzzzzzzzzzziTzzzzzzzzzzzzzzzzzzzzzzzxTzzzzzzzzzzzzzzzzzzzzzzzxTzzzzzzzzzzzTzzzzzzzzzzzzzzzzzzzzzzwjzzzzzzzzzzzyxzzzzzzzzzzyjzzzzzzzzzzzyhTzzzzzzzzzyzzzzzzzzzTRDDTzjzzzzzzzzzDzzzzzzjDSTQhCyRBjDzzzzzzDzzzQChRgCRDiSzBDCCBDzTzwDzzxwTTCjRxSBTzzzzzwARTTAjzyzgTwQBRywQhCAADDizji8AwzyzTChjTDTTyAQhTRwwQRmFEQzyhigTE5yTjCzjRGItTyGxDxSjyzyDxxTDAARTwznyKyQAzghCRTzyxjQDjSixhxe8zgTARiAQwRzzzzzxxQBAzS1tVRCAAgRjBTzzzzzzzzyzihjAqlyQAgCSBzzzzzzzzzzzzwyCTzuxyBhxzzzzzzzzzzzzzzzzzyxxjQwRzzzzzzzzzzzzzzzzzzzzxyzzzzzzzzzz/8QAJREAAQMDAgYDAAAAAAAAAAAAAQARITFAQVFhECAwUICBkaHB/9oACAEDAQE/EPIt+iFcmuayQ9j4UYa7kvGkDHuEBuZhv0bc5Sy66BQcI2JURYODgiotytx1yCqt8bCfsoeTBalUT25VOAuRcMm77//EACMRAAEDAwQCAwAAAAAAAAAAAAEAESExQFEwQVBhgaEggMH/2gAIAQIBAT8Q+xbaMqTWD6NdAefShiHcl4xA28wgZ6x+jr5mDZrgKBJHRUFAOx2ItyZ5VwVVujoT7QWWDkKJs24QCNw6J53/xAAtEAEAAgEEAQIFBQEAAwEAAAABABEhMUFRYXGBkRAgQKHBMLHR4fBQYHDxgP/aAAgBAQABPxD/APa9/wAfZ0Lt1dsK8Rp70cDdg4CZ/wCjxHv1bL1rPcUfAa7qeDl+a/6Bzc4RXaKGnbM1NfHpGu6FXD/6s8+fPnz5v+Ps6F26u2FeI096OBuwcBM/V+WV/TTxHv1bL1rPcUfAa7qeDl+a+pJaSZjov02c3OEV2ihp2zNTXx6RruhVw/VZz1KeR7p/+iefOR9SgufB6/6P58qDqmTcG1/8J/z5fv8Ayyv6eSzpoZ7IIPVgkfU+pfvyWkmY6L9JhB6xQerDxdAF8MCMExwlMva2ekeEeRputhV8q7aeGG4qDpkwbFsIsmzFVznsC6Y7/TZz1KeR7p/oRAUANViwFwFd4yV6y7B4yL7B+WGUpqwOKYg8W2Iz43YdKi9Qv2eYql1VtXea5dJV5Y1sD1L5RfgVxs8WGOojccpYIRrqDgfJBJSsRw9Po8j6lBc+D1+v7EPjt4GZXdFF9hqiBIuQy2Uyx+88onq5jFMWU+hqY9LmKl/45jBSb1g8GhA3Z50lXA5+IXC1lTHJ6ulr2hJt1CveQZragu3mEkfcX6BQdUybg2v6n5orJH7w5AsK19mQGUUUWuXv4qGXnaC94DILVg+8scHVTLt0iBzgOh50IkTrWKdGsD4hUzHhwmEX4zBP2MHpgh98G/4h+UXBP7/5g2/3P5hEU56ipg4aJTzMRHWWW8zLGYQft9O/flBm6YIOVWBGXaomOchVX5cEUm5G16QwRAAU4p7DSGX4mAvZVsMF+mYerHt+2avbSZXqdE0wawPeC5/hc+0u+PiiaAd31feOWo3P9I5KLfn7Q1ovV+8AUatLoimkerHRPiizh4CH9IQfX7c/+Ahs/sIfVXmBYRu5DSfhvo8wEz9UZPMGr3Fft9E/fsA3mgbTwERX0oqtbktmKiQowA4iFqe2YKZpWntLuGbGp8BFVUtdVi38NZ4lRt25YPcgKI5qHyy92TI+xAPeJSYszpHL82wg/VAAAAOCixclf2BqNeZdzMLZJRhl0J7Jrk/Wfv0klNKVIOtm0Zwh8NeV6nCnUCLCiJrgQsc42w485csxouHLswU8aI38Fv4l0TtzKYUW8omtKZXA+kolxopR7S3FF0EC4HtCCD9EAAHR+gAAHDXIsVP9oLZgC/och7Tbmsk9uv6b9+jAMDwFx0u8dOCCtQ8x0RKOB2Os0hMAC1WmMu5TFmVzoDLa9/MHckMZ7ujwIUhrVCe8ucksGfAuWrB30HvKBU0VD0XMjqAVFzW1VuEBCD9MAAAdHzgAEIwAIECGtDSxUJh+qFAdsWVLVfsU1jFnQz7DGLjZrnz7+pLUVq0KvsMre3HdbthiPC8shZUdOa0LXdTHquMCiZBYRwYcEbqroQfZrnMWaLd1/uJhbeGh/eYsg0pfmXeYKpPzQ8AV6Z4qpgWRlu98I/vBmRg/clocjxs1L2TZgHT5QDo+B0fOAAfAEKwAKIECssDTMUQTrGnrCAI0H64aENzOph9GJTrzdnmoaF8ylZwkDIG1KZNvQ03jRIFavZtldxEaV4h7wAII6J8jiNYERa7x8A+AYSgXWmJqcNiRK9ISomqzooB6ShZW5s/ptN2ABr5xOmJCn5HAFYxX6S2gcHA6EH0OEs+xFEoiWJ8Do/SAAAfo3pF6N6p0rylDJeRgtyCxZyrG18esW4E56u9UUydrdWX+ZW0VCSBh0PEHrFyRyXbQCCUgQAnR+ZuKKAHnRHbKct4yEB4KPkBq/s42suyBvBKJyQTBvGzmWkjaI6kMSwNxph9E94P9xreDVAfG/tGVsjrngZWw6/yvxBWgtYLtt4QSGqUC1pLW7DicR0RdJs/MADqgr1KPSjUK9CpS/ebmmHwQuJ1ToiCZqFAQ27Ky1f7vCKs1lntjwSppLhVauCmBF/ojIrEh7tFBHA2KFJycxDyNWWhTQg4rXpZDodGYuDpRm33q/LAyi37VOf7kqV4yzMm+sI5uWfAzEFhK4CCjbiKQImo/A7lFdWMAQ96+8MR7gjf4Y9tw1ezs29IFp6lnxMt8b4QR6uSBfVDK2icxmUgYcmaLwQZamxzRlcJOj4FgKmn6EhYB6MwuJ1zpnXOmdMsk0bAR3TSqzt/hLrmC2Sl8GxHaJIl4QwrYacGHunviClS6UtjlYjX68l9nG7GXOkChqosDVqajbT76HBAiEOCBLPkBhV1BhEpJnxcWhujqBHiOTBgAbe4aSblUsZmIrJnHIYI17TcX0SUy9C9di9wMMLoqzq41JNaT8DqZk3IchxvVNeYhEfeGrJUNPq/EdE1MBIrXm0Z4zVzTsxJwOgJgeLaGYOq9K3lBiP8AMwYEdQAy3SBOG2hXsYs7LgQMdn2QYckoH7tawk4WJYzrm7UR6JbAEJPQw38vxAvYDkgoiuCOhnAKi0tKwZ8BHrOEpGqu0A3FCRWLd44IHE3Gi8Pg8uYCIGACggQoBslZXmGiEDNQcDT935cGCNSAZejtMtyWmo3EHQbj8wcjDwLeWAhNxCwyhVYHkagqFy3vBZYIITUWgmOd4UQ3Lks3eXbFf/YZyQnE3J+KAGYz40g5hbNYjJ0m5EC5Nq/wvXwSMsBqJoymYztv4y/WdU64sKGT93RgviBExQaArYMVEBRvjiUtqOFsqIgYsBhtQ2nROiBGFHdu384GjQ5IYIoqUrAU1CLRC9Hg8PEYl63T4sHtiUJcnCAyujEJk1DF6EN3HTV4iVcA+RnKmVa3BWiDSLan88ZX8gAKSJgW4HIvqJSLuGKFaBTHSp8N1DKspMIy/wAmaA4Ep6yrYEo5MPMA1zKonMq9k0IaVcMwLyhigpRp2cMVsC0M9f5fARcwkgWh2uvWEHEdEnXFa/q6/PI9S0PFO+WMudl64VNGvkm8FjAnUqqXi4GAGydEtmesnSDqqUtVbWEmKC8QgAAascuDRsPLB/jfl2ByppS4KfZhN3MGSGVLDVXLCKUWuIP5mC6v08EeOTVWCFhjS4OXcN/SUXJVaUCGuDvGyiQHR/uhD8rUCLBLe0NEX1FdF3D9MWiUZXfMairbTtKpU1eR4dJVENHEJ0fgIB8hG0Z0lKm8D2mOn7Tah9noFiR2p4Oe05/ZCqCmUusKTBg+kq6mec1rlrGFEX7Tt2oyaOO6hXkB6JyJBYJgpR933hLVXeSvtjFAOq2DvU94jGJyq2s6ImnLoYV/BGsmLVKkVdx6EcUAFg5Zmd6ao3zLXjEMGm6SNzTPG8LLXBMnUNjj5d4+OA0GA8E0hmX03P8AEW0ug3ioMpZZVkEXltaBGUiX/bmDRiHJbtmDfHzoCkjARnmAWZ1F8dYu7VYUZW6lbCvyRarKoK/XaE0fch40zDLEn3UH7JrRGhOzKrzdDXEqZgARKRMJAMJR0BSiUm1TgOyOGBZl0Fn/ACKj0EvOB3FUGtghdWECtNBgPZAEFFYlzwmpOiBxAKFIxMlUl5ljgh4OiIkZK4fOiYhm41wBja84gOzFgGgBDLB1Dq/iKrvePLvA50gNlcjSJKOd3r/UtVQ4A8sY4VnWvzD/AH8oNMBHCEWR6O75jUiggdOCCA/RQdSDtjMJEX1M2l9QMDDY3GWr2tWLzs9Imemg+ruespo+7DpGpvD+hNCo+0Yb8qHCBWYkmvFL+7m5G8NTFK4524DUlDxNixCGC0pDUeXLtBdBht6Lym7ZHpAEvdDkdhjIQ4ARXnSLjhTOOHlj4MhS6poeNYG10DyCsp7l8p/irmYLN6jxxMrYq8wKyHEMrxtj+YfWsAIdva0X5OIuFlJ9LGVli+0jHlbJegqitOV3mHJA2gAAOobQ/VApg0dfUstl6lpC7i4X11DzognQ+Vovc1JQeKGjBgBozOjlAqBvCKImv3l8kFjRjwWlV+Ak7p2nDHq4EZjOpIoYEgkIDZndhmd4qZeaWQ9XB6JdMjXg8sylB9v8y3B4lmrXYgktPRr/AFLxRXAlaRZca+CHdPyS3i9I8RkBV6d0fA1svQNCK4kCCYiHEEAGPoSsI8ED1LPS+oluu4yky2xAACFM6dbfWWmCFgTpgOnVgoglHMepXA3fu/IAGxKpm+qUyeDC91qaJQvoVAvUxLNI2RpADLBlFHL8EGjy6rWWbpusB5Yjs3JdX8xwp4z6fBgI/YMpKdt4xAUogzArqGQSoAKCvpC6EdCLlnC+pdQu4QR7wV9m0LklQUTxvHSTpRHoyoBmCCY5b4oBsSqCIo3GPewbfa/xAvLCBYBa1oeWANs+0QG5dAIHrLld+TiByDL93dmiV7gXTaNHfVl2sakqqDBldQah9RqBEwluWIL6iMq7gmULTV4ma+fFdG+dGEBPNDoqanpRuGYvXnuVpN/GLPE9oqUiy/cEilwXxELbwHL5YAAAGxKaD1w34hMgc704izw1fv5XeOhLcoaXitoNArqBgGJpg+rQSkjARnmATL6jeMt7QzEugKesYqjgrMKKrUDBD/Vmdk9wUmj3CqxFS9RGaD+DCDC06uxBqUe29+ZQW1otvsaRVmRRqd/xBq6BQjYgrqGgSoBQ+vQdSFojMPEX1Fmy+oRdQCi5EKpbXvovq8RH3lhNme4Tlsd4Qi37oi2cOC1jkb1Lz5cwipsKAS4G47PlgCD2gKhjqBUB/wAQSmAUVfUK3XUEYAiNhiCiyDJ70+1RUtNBYbOqfePCKxwIxHbJV6Af3NWloPfgww6RqdG8NJiAFBCjGAEaYP8Aj6oQpwm1Iq6HtNMX1AvdYfUmpTg+y0U7wI41RD2XeUCwWXANB/zNSIzYjZGwCCYP/BP/2Q==","provType":"MONITORING","date":"2018-03-12T11:00:11.897Z"}},"communicationModules":[{"identifier":{"_current":{"value":"COMMS2_SN_CHD_DEV_12","provType":"MONITORING","date":"2018-03-12T11:00:12.198Z"}},"subscription":{"identifier":{"_current":{"value":"SUBT2_SN_CHD_DEV_12","provType":"MONITORING","date":"2018-03-12T11:00:12.1Z"}},"address":{"_current":{"value":{"type":"IPV4","value":"172.18.19.24","apn":"movistar.es"},"provType":"REFERENCE","date":"2018-03-12T11:00:12.105Z"}},"mobile":{"imsi":{"_current":{"value":"SUBT2_SN_CHD_DEV_12_IMSI","provType":"IDENTIFIER","date":"2018-03-12T11:00:12.01Z"}},"homeOperator":{"_current":{"value":"Telefónica Móviles España, SAU","provType":"MONITORING","date":"2018-03-12T11:00:12.016Z"}},"msisdn":{"_current":{"value":"MSISDN_FAKE","provType":"MONITORING","date":"2018-03-12T11:00:12.015Z"}},"registeredOperator":{"_current":{"value":"Telefónica Móviles España, SAU","provType":"MONITORING","date":"2018-03-12T11:00:12.011Z"}}},"specificType":{"_current":{"value":"MOBILE","provType":"MONITORING","date":"2018-03-12T11:00:12.096Z"}},"description":{"_current":{"value":"SUBT2_SN_CHD_DEV_12 desc","provType":"MONITORING","date":"2018-03-12T11:00:12.119Z"}},"administrativeState":{"_current":{"value":"ACTIVE","provType":"MONITORING","date":"2018-03-12T11:00:12.118Z"}},"name":{"_current":{"value":"SUBT2_SN_CHD_DEV_12 name","provType":"MONITORING","date":"2018-03-12T11:00:12.102Z"}}},"subscriber":{"identifier":{"_current":{"value":"SUBS2_SN_CHD_DEV_12","provType":"MONITORING","date":"2018-03-12T11:00:12.003Z"}},"serialNumber":{"_current":{"value":"SUBS2_SN_CHD_DEV_12ICC","provType":"IDENTIFIER","date":"2018-03-12T11:00:11.916Z"}},"model":{"_current":{"value":{"name":"TEST","version":"1.0","manufacturer":"sb-HD"},"provType":"MONITORING","date":"2018-03-12T11:00:11.913Z"}},"software":{"_current":{"value":{"name":"software","version":"1.0","type":"SOFTWARE"},"provType":"MONITORING","date":"2018-03-12T11:00:12Z"}},"description":{"_current":{"value":"SUBS2_SN_CHD_DEV_12 desc","provType":"MONITORING","date":"2018-03-12T11:00:11.915Z"}},"name":{"_current":{"value":"SUBS2_SN_CHD_DEV_12 name","provType":"MONITORING","date":"2018-03-12T11:00:11.911Z"}},"administrativeState":{"_current":{"value":"ACTIVE","provType":"MONITORING","date":"2018-03-12T11:00:12.005Z"}},"specificType":{"_current":{"value":"GENERIC","provType":"MONITORING","date":"2018-03-12T11:00:11.918Z"}}},"name":{"_current":{"value":"COMMS2_SN_CHD_DEV_12 name","provType":"MONITORING","date":"2018-03-12T11:00:12.007Z"}},"description":{"_current":{"value":"COMMS2_SN_CHD_DEV_12 desc","provType":"MONITORING","date":"2018-03-12T11:00:12.008Z"}}},{"identifier":{"_current":{"value":"COMMS1_SN_CHD_DEV_12","provType":"MONITORING","date":"2018-03-12T11:00:12.2Z"}},"subscription":{"identifier":{"_current":{"value":"SUBT1_SN_CHD_DEV_12","provType":"MONITORING","date":"2018-03-12T11:00:12.206Z"}},"address":{"_current":{"value":{"type":"IPV4","value":"172.18.19.24","apn":"movistar.es"},"provType":"REFERENCE","date":"2018-03-12T11:00:12.209Z"}},"mobile":{"imsi":{"_current":{"value":"SUBT1_SN_CHD_DEV_12_IMSI","provType":"IDENTIFIER","date":"2018-03-12T11:00:12.213Z"}},"registeredOperator":{"_current":{"value":"Telefónica Móviles España, SAU","provType":"MONITORING","date":"2018-03-12T11:00:12.215Z"}},"msisdn":{"_current":{"value":"MSISDN_FAKE","provType":"MONITORING","date":"2018-03-12T11:00:12.217Z"}},"homeOperator":{"_current":{"value":"Telefónica Móviles España, SAU","provType":"MONITORING","date":"2018-03-12T11:00:12.218Z"}}},"description":{"_current":{"value":"SUBT1_SN_CHD_DEV_12 desc","provType":"MONITORING","date":"2018-03-12T11:00:12.212Z"}},"specificType":{"_current":{"value":"MOBILE","provType":"MONITORING","date":"2018-03-12T11:00:12.203Z"}},"administrativeState":{"_current":{"value":"ACTIVE","provType":"MONITORING","date":"2018-03-12T11:00:12.211Z"}},"name":{"_current":{"value":"SUBT1_SN_CHD_DEV_12 name","provType":"MONITORING","date":"2018-03-12T11:00:12.201Z"}}},"subscriber":{"identifier":{"_current":{"value":"SUBS1_SN_CHD_DEV_12","provType":"MONITORING","date":"2018-03-12T11:00:12.299Z"}},"serialNumber":{"_current":{"value":"SUBS1_SN_CHD_DEV_12ICC","provType":"IDENTIFIER","date":"2018-03-12T11:00:12.31Z"}},"model":{"_current":{"value":{"name":"TEST","version":"1.0","manufacturer":"sb-HD"},"provType":"MONITORING","date":"2018-03-12T11:00:12.305Z"}},"software":{"_current":{"value":{"name":"software","version":"1.0","type":"SOFTWARE"},"provType":"MONITORING","date":"2018-03-12T11:00:12.397Z"}},"name":{"_current":{"value":"SUBS1_SN_CHD_DEV_12 name","provType":"MONITORING","date":"2018-03-12T11:00:12.221Z"}},"description":{"_current":{"value":"SUBS1_SN_CHD_DEV_12 desc","provType":"MONITORING","date":"2018-03-12T11:00:12.301Z"}},"specificType":{"_current":{"value":"GENERIC","provType":"MONITORING","date":"2018-03-12T11:00:12.308Z"}},"administrativeState":{"_current":{"value":"ACTIVE","provType":"MONITORING","date":"2018-03-12T11:00:12.401Z"}}},"name":{"_current":{"value":"COMMS1_SN_CHD_DEV_12 name","provType":"MONITORING","date":"2018-03-12T11:00:12.219Z"}},"description":{"_current":{"value":"COMMS1_SN_CHD_DEV_12 desc","provType":"MONITORING","date":"2018-03-12T11:00:12.22Z"}}}],"administrativeState":{"_current":{"value":"ACTIVE","provType":"MONITORING","date":"2018-03-12T11:00:11.905Z"}},"specificType":{"_current":{"value":"CONCENTRATOR","provType":"MONITORING","date":"2018-03-12T11:00:11.902Z"}},"name":{"_current":{"value":"CHD_DEV_12 name","provType":"MONITORING","date":"2018-03-12T11:00:11.822Z"}},"description":{"_current":{"value":"CHD_DEV_12 desc","provType":"MONITORING","date":"2018-03-12T11:00:12.403Z"}}},"administration":{"channel":{"_current":{"value":"default_channel","provType":"MONITORING","date":"2018-03-12T11:00:11.821Z"}},"serviceGroup":{"_current":{"value":"emptyServiceGroup","provType":"MONITORING","date":"2018-03-12T11:00:11.818Z"}},"plan":{"_current":{"value":"FLOW_RATE_100","provType":"MONITORING","date":"2018-03-12T11:00:11.814Z"}},"identifier":{"_current":{"value":"CHD_DEV_12","provType":"MONITORING","date":"2018-03-12T11:00:11.817Z"}},"organization":{"_current":{"value":"chemacorp","provType":"MONITORING","date":"2018-03-12T11:00:11.82Z"}}}}},{"resourceType":{"_current":{"value":"entity.device","provType":"IDENTIFIER","date":"2018-03-12T10:59:09.91Z"}},"provision":{"device":{"identifier":{"_current":{"value":"CHD_DEV_2","provType":"MONITORING","date":"2018-03-12T10:59:09.811Z"}},"model":{"_current":{"value":{"name":"OpenGate","version":"1.0","manufacturer":"OpenGate"},"provType":"MONITORING","date":"2018-03-12T10:59:09.815Z"}},"location":{"_current":{"value":{"position":{"type":"Point","coordinates":[39.6173538785486,3.5535692655892546]},"postal":"28033","source":"GPS"},"provType":"MONITORING","date":"2018-03-12T10:59:09.82Z"}},"image":{"_current":{"value":"data:image/jpeg;base64,/9j/4AAQSkZJRgABAQEASABIAAD/2wBDAAMCAgICAgMCAgIDAwMDBAYEBAQEBAgGBgUGCQgKCgkICQkKDA8MCgsOCwkJDRENDg8QEBEQCgwSExIQEw8QEBD/2wBDAQMDAwQDBAgEBAgQCwkLEBAQEBAQEBAQEBAQEBAQEBAQEBAQEBAQEBAQEBAQEBAQEBAQEBAQEBAQEBAQEBAQEBD/wgARCAGQAZADASIAAhEBAxEB/8QAHAABAAEFAQEAAAAAAAAAAAAAAAYCAwQFBwgB/8QAGQEBAQEBAQEAAAAAAAAAAAAAAAEEBQMG/9oADAMBAAIQAxAAAAH1SAAAAAAAAAAAAAAAAAAAAAAAAAAAAAAAAAAAAAAAAAAAAAAAAAAAAAAAAAAAAAAAAAAAAAAAAAAAAAAAAAAAAAAAAAAAAAAAAAAAAAAAAAAAAAAQUnTlnUwAAAAAAAAAAAAAAAAAAAAAAB499hcLPP8A7z8s+pwAAAAAAAAAAAAAAAAAAAAAABxjs/GCG+mfM3pkAAAAAAAAAAAAAAAAAAAAAAAcY7PxghvpnzN6ZAAAAAAAAAAILpuIQ096Pn0AAAAAAAAAAAcX7Rw8h/qDyh6vAAAAAAAAAAOFwzoENPTIAAAAAAAAAAAHBO9+eiC+v/GnssAAAAAAAAAA4xDZlDT0yAAAAAAAAAAAxcgq87+iPO5zz2X409lgAAAAAAAAAHGIbMYOeoAAAAAAAACOkio4tGTsUIs/DS5mrHQYFb+kQ9fefJedURmRFwAAAAAAAAHD4BNOdnr8AAAAAxjJc7gh2vm0KlxDL0/05sMeK2i/Y+gfQ+Wy79xfhmZun+nQJZxX6ejr3neVHXkRk5fAAAAAB565z0Pnh7LAAAWeQnYo7yvVkxjGNcN5fitJINPjgUFX3BpM3GtCtjWjM+4X0zWJUZCzUXftuouV2qi9ma+om0v45UeicrzrJjsiEykzQAAed+edD54eywACg1XmjsUFOMTKYRElX3kW5OhsS2Z9nVVl/wCY+MbDFs1D79+ipUPv36KlQqVCpUKlQqVCpUKlQvW6iRyvmX07xm8A3p2JBpWcF550Lnp7LAA0W9hxz+J7jTi5R9M+DSy2cJwZNgkU10u1hocuzryVb7mw7fLvMV49SVcH6cSyr5WPv2o+VqhUqFSo+Vfaj5V9rKaqvp8+tQbjTwLZFGv6zLU4bt+1Xl5Rn9RjR0rZeV+wHSAIXNI0cY11usrqVC9brOJ4tVmS9XifLdjYx7ho470W4cpdB1xD7/Tpscz7VgcrO4VYWeKlwpqyskwsjKrLN25WU11VlP1AjM18t6ERST7PKTVZu3xS7HoZzMkfPZTG1k3ZY9ITpgGv2GKeWYz6P42WNvzbKOj1x3eHE95o8PJi2+FizPNmiFMljWvZ9y8XJ06usdR5b1oh3NumcHKIbpcAnfoHyJ6tNzmXKyzYt0cnjZv3X53N5mwu67bd/wCipXYhp1aybWuhlvMyc1Me7qOZLPOUauRGhkt60cz6RqOhFOxw8w6WADH00h+HKuZendUePa/R/NDgX2QQ4233X5hd+qinKsZJ1XrHKOsEN4j27hxroROxyvvPLOunWbnEpeSrXynI5PGj1O9zsHP12bXV3/o9doc/pXt7XNzTEyRwKB4xTn7S6U3KPh9fai5MYVYOg67mPWTo/wBt3AAAC3rdsOfc29D4B4rg/ufnZ5dzptADYZWg251/rPJetkL4f3Hh5rqvn0v+ivN/oQmUBmtaed913aODL4x8XtVWu25ur8IgBJIxuNiWshSV0qj5V9zjHytTBTf6WV9YIn0rMyh9AAAAACnDzhEIB23FPIHP/ccFOQ9n5ptjM4j1HkJR9ouD0T539HpvqlYqfbLuBm2l88ZG7kUun3qs+vn0VLpbyrkeN/BLPQSCdclcgMDZ1gAAAAAAAAD5YyBHoV1W0eaeSe3IgeLc/uHKDD9L+TfRZ0arXbFPtfyuxh5uGvIJNo97L9fLh8rvVlWLqss0e9nkxI5Lsu4fPoAAAAAAAAAAAALdwamK9AoPPMK9Wxs89TLfQw6JteKSNOm4WDfrl0hjcnl+5ON8LNyZyki0s22WWb/0AAAAAAAAAAAAAAAAKahiavf/AAgsO7PjnnDXelomcAnuz6eQ2Z7PKMXMrAAAAAAAAAAAAAAAAAAAAAHyi4LFdwfPoAAAAAAAAf/EADMQAAAGAQIDBwMDBAMAAAAAAAABAgMEBQYHERIgQBATFCEzNTYwMVAiIzQVFiQyJWCA/9oACAEBAAEFAv8A2vkeWwMdFBn8C5lfkM677+54fe+LL7fj9UYcfwem0KPKvPyGqPs+l3vH5DVH2fS73j8hqj7Ppd7x0uR5bAx0UGfwLmV1OqPs+l3vHS51339zw+98WX26jVI9qbStW930uqMOP4PTaFHlXnU6sq4aTSNfFfdLqj7Ppd7x1OsSuGh0aXxZB0uqPs+l3vHU61Hw4/op55D0uqPs+l3vHU62fH9E/kHS6o+z6Xe8dMqVHQojJRDWz4/on8g6XVI9qbStW930alpQU7KqiEHr62tDdNaXI9nNjCNlbpDUwzyWi0dhSoeRdLqyrhpNI18V90Nhf1NYU3PX3h3V9cqi4/FhplWLaS5I8t+K5FymQgRsgr5AQ424XRaxK4aHRpfFkH1plnAgJn6gRkCTb5JcnDxd102qqurkv3SEE6+8+r6DMuSwcbJ5bYjZFBfDbzTxfX1qPhx/RTzyH6b0liMmdmtbHEvIshsw1jsqUqNjkZgjk1UISL19YccW6rl3IgbrZDxDY8QO+WO8dHG8ON4Mzpsc4uVTWxFyaA+Gn2Xi+prZ8f0T+QfQUpKCl38CMJeSWb5/0+RYON19XEH9ThMBy6lqDkh57lUtCQclI45Ch3bpju2SG8ch3yCHiFDv1jvXB3ix3ix3ix3ix3qw1NkMnGyiY0IuTwXgzKjvl9HWz4/on8g5nnm47SNRqyxXIs5kobmCVsDfdMuVS0oBydxwvrHAwgeIQkG+4Y3Uf123nWji5FPYEbKIrgZmRpBc2tnx/RP5BzWDzRtZBp5WLUdhlGOHXZPV2IIyPlW8hsd4+6O6bSDkJSFOrV0yFrQca9nxxGydlYYmRpJdutnx/RP5ByrUSEyZRmcmWtS0yCUVjh9LZhcLLMbOuzKDINMuMtK58NseNS+CciNhUviG+/VoWtBsX82KImVRXwzOiyBrZ8f0T+QctxJ8PElu/oPzMEoyCJJkLmprrE/6LHSTlXGQFsIbCuJI8VJSG7eyaDWTW7QYzR8hHy2sdJiVGkp6WXbwYQfyOY+fg7OebNRJjhqfaxTkzWb2LiNRWYxaMWMORy5Me0SSrdPITBLOSg/EqhpUF1CFB2jfDkCW0DIy5G3nWVQcqsoorMjgWAL6mw4THCobH2TrWJAJ+0s7Q4GNOunCxtpsM1sdsigtLCaSMoHWwIyZ1hEbTIyRht7EpUp7kyo9oLp7p5EHsJjn+Z3w70E6OMjDkZh8n6VJh+HIj8iGXViqyGfVqiymJjXMTajBMgmkgkkNhsNgeySnW5rOJjpTFwscjMEiGlsEgw2wZhLaWymXjLRXGTNsOWq5ckY/WoiNYp/L7chY8RVFJTsSiPlm/wAwm1nyEowTg4ScD1D4g/7anoVDxYzEXHmGhLpq2QwTkzFp0OWzOY7CSZhLIJBENhsNhsNhsFrQ0iXMfsnKujJIYjIaIiCGjMJZISJbEYry8XHbORcXQebg49DpYL1jMXHSxFxT+X2yT/Re18qBJZsjI2JyFhLiVdsvymtLQ4U8myCIr6yNCkH2MH+5UElYZiRlNWMZpgSromzlZAJtr4lOK3CoE0ghkEnYKUhtKHnXh/nDvloCTSothsDMklLku2b9VUJbJtskklBmEMhx1mOmbbfplZKqYqNUGayIW/HOsqCEllub6GK/y+15HEVnWd8VpjZ8TkaXENixUkR7BKg26lQm/wAzsiymHEWbkdTfYx6lOIx/t3J+VsymSqXGfjrBHseOySn1Ow2Bd3xOSX3jSkwk1EGPJ7YbC2lKdXT1ZJJtrhJDI4UNlJtCSLTJY7LhRrO0NlhphBIGxBFeXiYMc0osEmljFf5fItolCRXIcE7H0OCxxjYPQZcQ2LBbZvSCVJJRGC7duxj1KcR/TuvtMP8AdcaQ8idXrjGMBsYqIJeY2EiI5uhbe5GgG82RxIjjJ7CY/wCGj1MFT7saJwJQ0RCROZji2vmIyXJ1xcqhVsSCRJMxuSR9+xpXAqBIjqFwlPg8YcLxpHvzKbJQfgoWJtE24LHGBY4xIZUtD8ZSHwlZHyMepTiP6d19pvqgyJRWFWbYoNOo17jLxZpiKqnNKqwCFJWSiQ4PCV4bNLJfcbCW0ubKrK1MZt15mMmdb7IlZFKnLj1DSXSLcbJSDMz7NuwyMg682wkrJ+xXQxERUI+3OaCMPQ0LEykbcFli6FlY4m40bzEqIaHwlwj7GP8AemEf07r7TfV7CMYo4TVAbhLFzg1BdB6hzPFFVWfQZCmH2JLew2GxivgtRkyLTYrTJmmXTr5VmtCENp4dhvyNtLcPdiOLG9QhTFdOtXaqiJoo0YmyLy+kaSMOxULEunbcKxxlKys8RNByIUyEaHxGdI10xiP6d1/rN9Xtxv2YEEuGQtsZo70pGC5HQLg567Dcg2UCyaLyFvfRq9t561vCiQo8Jsi3G+3IRGoyZQ0J9szGbclWFsqpxokiDUoaJthKC+qaSMOR0qEqpbcFhjaFi0w8t11s2C5RyBEeI27kyNM31e3Hi2p+QlGQn1tbatXWFpqnqmzzKS3CqmYp/ceRD79m3YhgzJclthMu7W6qBQvy3a2iQ2TENDZEki6HbcLYSoSaxtwT8dQsP0j8JcS1Q2LaTumU+Rukoj7aIv8AiOV0+Fu6dWtxtPAjlQ2pw/2mROt22j8NPtV1eOpQIlahokNknpdgppKhIrkOCdj6HBPx95BWVLOZWTq0GiQRglkYpPaeWX6MlHHP7dgRGYJpKBJmoaQt6ZOOvx/zhVCGw1HSgiLbqVNkYfgoWJtE24LfEW3im41LiBK3Urp7MmojMttwEZHyS/Rf/TOGxn2IaMwbyGyXLceVGplurh1CSDENKAlBF1poIw9DQsTKRtwWGLoM3a6ZENiyeYOHdkYYnNuBKiPsmei952ASk1H+20H5fmzVyZZxKpKCjwUpCGiT+BNJGHYqViVUNuCZjqFCRjzrZ8U+CcO8EexacEtxJsKPexLYLeS2liJMniFTMxwzCIg2wSQRbfhDIjC2EqDsBCg9VIMTMUjuiRWW9YHLxRN10k5Nk33slcHHkINuMQQwRAkkX4k0EYUwRhUYhZ4rV2aYGAohSo0BmMhLQJH43YcI4ASf+i//xAAkEQABAwIGAgMAAAAAAAAAAAABAgMEABEFBhMhIjESQCBwgP/aAAgBAwEBPwH9KEgd+zLhiUBvan1vYcwkNjyqHIVJa1FC3znYuiKrTSLmhmNYPJFRJSJjQdR683B25StRJsaRlvfmumGERmw2319Qf//EACMRAAICAQMEAwEAAAAAAAAAAAECAwQABRESISIxQAYgcID/2gAIAQIBAT8B/pQkDz7NqqLIHXbJ3loQqIxyypObEXNht97mqpWbgo3ODX3B7lyrZW3GJU9e5pKWW5qdjifH+ve+QQpXQRp4/IP/xABIEAABAgMDBwcJBgQEBwAAAAABAAIDBBESITEQEyJBUXTCICMyQFJhcQUUMDNCYoGhsVByc5HB0QYkY4IVQ2ThNDVTYICSk//aAAgBAQAGPwL/AM12w4rHRo77xDadXehJRpd0rFf0KuqHfH7Rm873Wfu0UHMeszjbPjX7RlZ8Q+fzuate7QlPiR4doy8HOM7nVH2jK7zwlTW7cQ+0ZXeeEqa3biH2jK7zwlTW7cQ6s2HFY6NHfeIbTq70JKNLulYr+hV1Q749ald54SprduIdWm873Wfu0UHMeszjbPjXrUrvPCVNj/S8Q6tKz4h8/nc1a92hKfEjw7Rl4OcZ3OqOtSu88JU5uvG3q0rvPCVNbtxDrUpvXA5Tu6cberSu88JU1u3EOtSW98DlPbnxt6tK7zwlTW7cQ61Jb5wOU7ufG3q0rvPCVNbtxDq9h8dgdsqqg1ySW+cDlO7nxt6tK7zwlTY/0vEOqWnuAHeizP52J2Yd6pAYZeF3YogvJOs1XNx3KkzCDu8KWg+TGF8WFMZxzO6yVPNmYDoZ801j329Wld54SpzdeNvUv5qcYD2ReUYfkmS/vifsqzk1ELT7OAWdmXAeKzMk2y3tcnOwX2XYVVJhger32D3qsN4d4dTlN64HKd3Tjb6e3NzTIfiUYfkyWdHd2jcFZfGMJh9mHcrcap8VajuaFYkYVPeKtRYhcfQ1hRXBUjARAqPObPerUKIHeHUJLe+Byntz42+ktx4zGD3irEo10y/3cEWQP5aGexis5Mve87XFWotAqNo8+6rMu0Qh81aiPLj38q8rpLWrmFXQivVr1a9WqwiWqkeFbCpErDPeqwojXeB9LJb5wOU7ufG30NpxoFc4xXbGKzKtZBbtOKtzUy6KfFc7FbXuX8vLV8VRllngFzkVzvjyb3LRBK0WUWnFWk+qubVXQ10RkxXSXSXSWOSsN5CpFFsKkWsMqsKK13x9FJb5wOU7ufG3lvjxnWWMFpx2BPheSogdZ1uuK5yMaZMKqzbu2DlaRoqQ2Fy0n2VpGpWgxbFefT1hxC1Ue7ODvVI7CwqsKM08uS3zgcp3c+NvLdLPAdbFHA7EZnyLGMnGxs10f9lY8pSxmIA9sfug0Rs3E7L7ldybytAWRtVqK6p71SG1Xnq1WOIVM5bHeqTEOz3hVgxWnkSW+cDlO7nxt5RedQqnRCcVirMQAg7UYkFvmsXtQ8PyVqE7z2WGy+5ZqcaZaJ72CtNjsIPetKYZ+a0IzGt8VXOtJ8VoEBXnrdWOIWnFq33lzgp3tNVzUZpUlvnA5Tu58beVSnrNHk3ouiy4D+224ojzmKKE6166J+a0Y7/zV0Z35rRmYn/sVoTsX8168P8AvBfzEq133Sudtwj3hW4EZrx3Hq3OxgXdlt5VmRl7A2lVmYr3dytQnOae5aWmmyPlaXe+G02gHaio3lCAYliPBzVk6rwf0XNxh8eTCP8AU/TlxmVuER31XrHL1zh8FVkVrlpQT8FeORahRHMPcVSK4Rm+9igy3movZd6bArArDJzr6v1NGKzcEZqH3K1EBK0mroBdBVMNWntY0d6LIDG07RXm0jWYj9liiw5lxqGh1Ca0PIhn+p+nLj/iO+vIvWlDa5VgPp3Fc4z48jQaUIE61z4PvYhCNLvDmn0F5WCw5FTcjAkhU63rOx4dSdaFGrRAWGSrrkWSwtO26lZiPfHjOwYy9N/xCM6Hb6MtDN/9yzrYQbVTP4bfryIwA0mi0FQ8qP8AiO+qqGHk3qgv7lWCwsd8lSLDNNq0mrSARgx2DuOxUa/OSzz8k2YgOq12W5aSuHLMSIaALMwKiF9UHParhyKYu2IxJ2MGQtQC/lB5pLf9R3SPgjFay3Hdg517nFGZmDacTVUaFM/ht+vIIOtRHwmWoJNRTUqFYrHLGP8AVd9VVpQI6StNhkhUe2hyhAPaCr4LSi6Xu91FpNCrnIsfeEJaI7mIxp4HJpK5WnuAHeqyspFiDtdEfNf8Iz/7Bc/Lvh9+IVWmoy2nXALNQqiEPmgS1UAy1iOoiQ/NsGtOlvIrM9EwMU9Bq858pxzNxsRXot8ArlY9iFcFWi+Kmfw2/Xkm5FzW0KvBIVCrysVH/Ed9coFoAgYFANILu7KEMhRDjR2pwVIt/fqyVCgTJvdZo7xyvmY7M5YdZhMOHiVzkQ5MVYb7V9MvmUE/fQcWqgGS04gBWZf80YLXmYmThDZerflmLZhaoEP9ShDgw2saNQCq80Vyc6mJqqAK/apj8Nv15XRR0ES1qwJCo5RTtefQDIclh7agq2zSh/TI+Tix2tiW6taTqy52ALW1qo42TsNy6QVkG044NbeUZmaFl7hZhw+yNpyOia8As468m9AUyUbpOWcnZgNGpqsw2mSlO0fWO/ZcxD0ji83uK7lo/nlqRVUtgeKLmkYhTAB9hvoOiugiQxF8Gu2hVmMwt5QQyHLQhGPLjR1jYpbynCnHy848uNcWm+5UnIJmpYe0NIIQ4rsxFOpytMcCO5UjQYcT7zV/y6D81SXhQ4X3G0V+Rsuzosx8ULr1V5+CLnPEKGMb0ZfyJBtDXMPuaP3Xnc48zMz236vBUCvvKvyX5LwrcR4aAsxKlwha3LQbecTt9FguijzdUXQKt7tSpGhkd/ICGQ8mXhsuAr9VR4qCjEEHzWMf8yFd8kYvk6KZ6VGoX/JZjynDdKRcNLBCLAite04EHLcs9FpU31VmAKe8V5vKMdNzJ9lurxQmPLMa1sgN6A/dBjGhoGAC0lQXDLctEfFXc4/5BZuFz0bYNSESccSNTRgho+lwXRR0EXQQWH5LnYZptGQIZDyZfw5B8+k25w/5jbnJ0z/DHlIxoeOadj+xXmf8SeT4kvEF1sN/RZ6SmYcVvulVVuZi1Psw24laZdIyvZHTd+yzcvDsjWdZWwLR/PkUCrHP9oXOPDG6mjWrEAGDB+ZQJYhorD0+C6KOgi6G2we5abKt2hDIUeRLfd5Wa8oycOM33hejN/w75SiQHj2C79U+Umwxgp69wv8A91nYj3R45xiRLyrltV+S/JaebLVzeiNbijC8nttu1vOCz80S9x2oaKw6nguijoLOQB8FmpkGE7vwVQa8mV/D5RKsA4mia3YOVohdt3yVmuciamhc+S1nYCGguj1fBdFHQREMmmxF7W2grLwQe/LK/hjlFQx72W7LWMfgtJwYzYrEu0w4fa1lVLanaUNFYdb6KOijWHftCJhEupqWbLTawooMBx6DQFjySof3sl+S064bVzd3vFWJVtt3a1LOTBMR3yXRWHX8F0VbbDv20WjUhUfUK8rHKVDHvZKBdpys3vfqaFamjZb2AgGsoFh9h4LoroKsElq5xhptVHFYq4qH4q9Y2QubbmoXaOJWi2rtbjisFh9jYLBdFF0KsJ+1uCtWDFhj2mKy4pt+FSs1Jw847bqCEWcOdibNQWH2ZgsFz0Cy7tsuKdEM1bhHVrQhwYYaP+9//8QALBABAAIBAwIGAgMBAQADAAAAAQARITFBUWFxECBAgZGhscEwUPDR4WCA8f/aAAgBAQABPyH/AO65oBUwrktpg0FXdxgZ/sdx65+hU3/tOuKpel61/YDCCsOrhH3IGpi3Siv7f7H6yf3n9j/WT+8/sf6yf3nps0AqYVyW0waCru4wM+q+sn956b3Hrn6FTf8AtOuKpel616m4dE+7D02MIKw6uEfcgamLdKK/t9VZ+mdM6/TH1k/vPVdt6YUJd/pj6yf3nqu1dMGoeXpj6yf3nqv66H33pj6yf3np/rcIblcQdx8ProffemLh0T7sPSbcC1VUfoljmd4vcdtU7wsx5DcVEgbXiVpTsMOEFGuP+Ul/aTS9MWfpnTOv0JdZYo6hfoI+scSPBbD9Mr6zLCHbjXL2muXxLMjLAqcGtcSmObphlIM+01qTyv0dt6YUJd/84rBHc+IxsM138ziBqpUM2jqu2Caxs6vtKlOh/BO+tH+DTSCqLwyr5YdZWK+FK6Lq9BaumDUPL+Qaie4kdfY5bvEqGgBo7y7p6qWFEI5xCcJ2FwN5J1hYgbq/M6YO7NWMdi3tKOvlkF2k9NDgS9S6Mp+rt5Rs/jiAyj/KfXQ++/hFIy1VgKd8H3GS31I6kxdwh4vG2TEFIzfGDtL7kavvHlaLE0bs2p3zinaf9un/ACibSnAEt4PbwvXTqocqE50PiXiPRleTrayk7oyShc6fxProffecCiunQNWPiHVNnUHaPN9bDFNVl+6LrmZkHaE6vlCsYsWjmbOHBNb35jgfqmiJ2R1qypUCBAgQIECBAgQIELMjhlJRdpqeYjJDlp2vPn+uh995wgvUVltmA3rQJv03jSLXWx2fuGBN1kAtCeXmvg1j8j2s+yZDIODeDxqVKgQIECBAgQIECBAgQIECW4vRlIqG2crkKAG67XnyfXQ++8xomsplVNY5p1Ny9gWMuCXPI6xeF1KvZqQdoq83fb3gzTwhhFn4K5mg5lW2Zt18LNIRzeYp3YyvCpUCBAgQIECBAgQIECBAgQJUDyW6pwwCxLZwoB7AhY2m10z6aH33mLjWefEpVMVj4aWwuoX59n/9IY96rRhSZzS3jSvUXL+ehoX2hoQ73/MvBucLGaE5omfOBcfUNrkCBAgQIECBAgQIECBKgSoHkxUACr3hswFnlj4gfVZJBphOSma7HPFdWPZYVNYZN0uCTLdlTLHJ5P8AWdURfEJUyM1mZYIV3TVwuaD8xA2M+5eKQ3yiNIPXyFjjeqKm8Z+yFoU1evh3lEsgQIECBAgQIECBBcMP/Gh/5Uq3So30TdqXhttrfeAnDzABCAg+CYavxEKbKRhvGzYEypVFrR+92ji1vmLU8nSQ/lBevAgQJZuUv/u0FCdwahpnxK57RmW1nBDLXDJ5GolWZ5U9GAdexIECBAgQL0m2V3h/8IXlB6GEkEWjgMqzbDlH4mQLWrWJFDCaitVhNUJbYBqsp2eL6IMY9Zy+0f3KqKcqOKQ1qf5HLyMDPwrX6jLE0ZhAgQJ/n8odYnaaa+Au0BLcZQw7LdL5D6ZTGItAYZQPzQQYka7Oo+SXSVlu/wCjCrm+HiBAjNC5uKbQQkgggggkJ7VlOhtde6EZCDQScJNghNSJAnGm8MS1jIKuoYeiEGxPnjG5WRYbqUk/yOXkKksFJGaIrqHDL2/MEBgjEECUWLBPvAoq44i1W+tcSzuaMu04k8WIBd4CV4lNElTymr/UrwGozUjrao4/Kj7bBekRz8IQoVGRnqqE9S59sAcvbzza9/pZCZE3IQQ3QBaszKPB+UzNoOg2Sb6ShDo3Y4KNa2sRPPWU77wTbsMAFCiHVXFdd5oJYafZP8jl5LUj8hLJ+QmPo3I4KkoyFOkf4/KaZGbxEVYtW0vVfDw8o0+HhTkJDJoOh1eCElJkY41trowwkhs8tjqalvECngvEdAavKiFVaNMQggmytx+JmLQwgZ1Jg0N2XdCmr0mCE2YvrxF5brdRX3TQzhSIIYHjdlKt88sdmvCKCmmyf5nLyJcGyQJsQqg+Iqo3kmHgS0SJzLk6n7ZvnlKZpQz+Lweb3jQ22iwFN/28Atp1O+iAFkIttSste5LWs65RCH7YY2IFnsS6bti1Nep0hBcQp5ZXlTZYRkC2wTHxmkY7DLl7G8ZOT0HoQj5XNPVmd05MNPt5RVWtspglQTVEdsJdg4mHIOt8soX5UGHaQdsQxofENwT2iHWVULs7qYgOrNwgw8QZ/F4fV7wYoAjqMPsNe/8A+JswuAC0aneC0fv1d9T3i+mzTL6MMPGRUDpvSX5hddv+dZSKutC+dZlWrhAerAEkYZlMd7DViDfWmmJsRz4ji5na5TtbRVRcPoLaaq9vA7HSXijBNQCJd8SzPEsu/Yhm7d9Yv52sP0g7ZhDj8Q1SHZJYiciKHQ9k5WbhBHxyMO0Mxn38Bh1TAUMKG2UvCYiJYzdAVOTy6GcpBBh1edOIMsi3L3294Qh7thIQRdjVESDIUJiAg63T9+5tKqQbXXdgwxUCggMnXTeLqjoHgC9DmFH7Svd5aRPoDdgvyGDTiyIL0WaO66Q2BBSv4tsgjZijGY5o9J0QQPwiEoesTnZmaE4s/H4XV7yvAlw+r8wIkmoTBTMHW9zX3l1C5VPgr/hLfvsqscrruYhBa3tTuakyHCWHPyE4CFr43dj6sUQamonK7xRfuMBpe7WdWGcBcoNcsowr0get21mIqX1UWWzfa/UzTLlXVmCkIBABp/LsEHbEBcITQ/ECm5Tj4l3YmTGbAudpnGfa8anzv9wIECE3yI2Y6Ls6kyZ9vHsD8MwNwPmCsQ61274OICqFwNfP6iqtTSex0nQ0nf02N8Q6qN1bGif9gDL69B2lmH4hCjNp9CnVCciCOEJoPiJaFbjDCNi71feAoQmoxBmbxDwq7aBAgeATthLS9JDN2jwvFGDjwLdPmFGnzK57kOmfwlyODCFjpo+8CuSukCYQfBNPSIdYZkQJsQqg+ILT8EfPvhrK2FqCprDCdZWm5BA8AhFUbaMVfjwqXbQthyyxCgtgftTqxQktBqy3Bbj4IQGJlyLDMHxDwQGj1CDD9IO2IZQ/Ew4bNQlZzuGZU/tkM3Cz2rACjALGBAgQwVo6JoXDgDiHAQWzroyCU1gxfvLRD3XHR2JWrB5RgOnrT9IO2YA4xiE95MRAgf3SUZMMowPD4rIpqU5uH+KiYOQjCK2f3w4gbBBSQsEANP6DZIE2YI4y0ofEQNONoaFe3JCxCKYx8w1Po36hWqiMLH5Y3m3D+AhZnOQpUXAUD/SNkmoCXuMvSqPSVZ2X6Ebe8B8kstHhm24pMrdz8hm4VCMQBUJtM2z+oQZsniQkwLxnk4JSq8XC5/g1hm0I2lV/WIYmV4gm0AP/AIJ//9oADAMBAAIAAwAAABDzzzzzzzzzzzzzzzzzzzzzzzzzzzzzzzzzzzzzzzzzzzzzzzzzzzzzzzzzzzzzzzzzzzzzzzzzzzzzzzzzzzzzzzzzzzzzzzzzzzzzzzzzzzzzzzzzzzzzzzzzzzzzzzzzzzzzzziTzzzzzzzzzzzzzzzzzzzzzzzxTzzzzzzzzzzzzzzzzzzzzzzzxTzzzzzzzzzzzTzzzzzzzzzzzzzzzzzzzzzzwjzzzzzzzzzzzyxzzzzzzzzzzyjzzzzzzzzzzzyhTzzzzzzzzzyzzzzzzzzzTRDDTzjzzzzzzzzzDzzzzzzjDSTQhCyRBjDzzzzzzDzzzQChRgCRDiSzBDCCBDzTzwDzzxwTTCjRxSBTzzzzzwARTTAjzyzgTwQBRywQhCAADDizji8AwzyzTChjTDTTyAQhTRwwQRmFEQzyhigTE5yTjCzjRGItTyGxDxSjyzyDxxTDAARTwznyKyQAzghCRTzyxjQDjSixhxe8zgTARiAQwRzzzzzxxQBAzS1tVRCAAgRjBTzzzzzzzzyzihjAqlyQAgCSBzzzzzzzzzzzzwyCTzuxyBhxzzzzzzzzzzzzzzzzzyxxjQwRzzzzzzzzzzzzzzzzzzzzxyzzzzzzzzzz/8QAJREAAQMDAgYDAAAAAAAAAAAAAQARITFAQVFhECAwUICBkaHB/9oACAEDAQE/EPIt+iFcmuayQ9j4UYa7kvGkDHuEBuZhv0bc5Sy66BQcI2JURYODgiotytx1yCqt8bCfsoeTBalUT25VOAuRcMm77//EACMRAAEDAwQCAwAAAAAAAAAAAAEAESExQFEwQVBhgaEggMH/2gAIAQIBAT8Q+xbaMqTWD6NdAefShiHcl4xA28wgZ6x+jr5mDZrgKBJHRUFAOx2ItyZ5VwVVujoT7QWWDkKJs24QCNw6J53/xAAtEAEAAgEEAQIFBQEAAwEAAAABABEhMUFRYXGBkRAgQKHBMLHR4fBQYHDxgP/aAAgBAQABPxD/APa9/wAfZ0Lt1dsK8Rp70cDdg4CZ/wCjxHv1bL1rPcUfAa7qeDl+a/6Bzc4RXaKGnbM1NfHpGu6FXD/6s8+fPnz5v+Ps6F26u2FeI096OBuwcBM/V+WV/TTxHv1bL1rPcUfAa7qeDl+a+pJaSZjov02c3OEV2ihp2zNTXx6RruhVw/VZz1KeR7p/+iefOR9SgufB6/6P58qDqmTcG1/8J/z5fv8Ayyv6eSzpoZ7IIPVgkfU+pfvyWkmY6L9JhB6xQerDxdAF8MCMExwlMva2ekeEeRputhV8q7aeGG4qDpkwbFsIsmzFVznsC6Y7/TZz1KeR7p/oRAUANViwFwFd4yV6y7B4yL7B+WGUpqwOKYg8W2Iz43YdKi9Qv2eYql1VtXea5dJV5Y1sD1L5RfgVxs8WGOojccpYIRrqDgfJBJSsRw9Po8j6lBc+D1+v7EPjt4GZXdFF9hqiBIuQy2Uyx+88onq5jFMWU+hqY9LmKl/45jBSb1g8GhA3Z50lXA5+IXC1lTHJ6ulr2hJt1CveQZragu3mEkfcX6BQdUybg2v6n5orJH7w5AsK19mQGUUUWuXv4qGXnaC94DILVg+8scHVTLt0iBzgOh50IkTrWKdGsD4hUzHhwmEX4zBP2MHpgh98G/4h+UXBP7/5g2/3P5hEU56ipg4aJTzMRHWWW8zLGYQft9O/flBm6YIOVWBGXaomOchVX5cEUm5G16QwRAAU4p7DSGX4mAvZVsMF+mYerHt+2avbSZXqdE0wawPeC5/hc+0u+PiiaAd31feOWo3P9I5KLfn7Q1ovV+8AUatLoimkerHRPiizh4CH9IQfX7c/+Ahs/sIfVXmBYRu5DSfhvo8wEz9UZPMGr3Fft9E/fsA3mgbTwERX0oqtbktmKiQowA4iFqe2YKZpWntLuGbGp8BFVUtdVi38NZ4lRt25YPcgKI5qHyy92TI+xAPeJSYszpHL82wg/VAAAAOCixclf2BqNeZdzMLZJRhl0J7Jrk/Wfv0klNKVIOtm0Zwh8NeV6nCnUCLCiJrgQsc42w485csxouHLswU8aI38Fv4l0TtzKYUW8omtKZXA+kolxopR7S3FF0EC4HtCCD9EAAHR+gAAHDXIsVP9oLZgC/och7Tbmsk9uv6b9+jAMDwFx0u8dOCCtQ8x0RKOB2Os0hMAC1WmMu5TFmVzoDLa9/MHckMZ7ujwIUhrVCe8ucksGfAuWrB30HvKBU0VD0XMjqAVFzW1VuEBCD9MAAAdHzgAEIwAIECGtDSxUJh+qFAdsWVLVfsU1jFnQz7DGLjZrnz7+pLUVq0KvsMre3HdbthiPC8shZUdOa0LXdTHquMCiZBYRwYcEbqroQfZrnMWaLd1/uJhbeGh/eYsg0pfmXeYKpPzQ8AV6Z4qpgWRlu98I/vBmRg/clocjxs1L2TZgHT5QDo+B0fOAAfAEKwAKIECssDTMUQTrGnrCAI0H64aENzOph9GJTrzdnmoaF8ylZwkDIG1KZNvQ03jRIFavZtldxEaV4h7wAII6J8jiNYERa7x8A+AYSgXWmJqcNiRK9ISomqzooB6ShZW5s/ptN2ABr5xOmJCn5HAFYxX6S2gcHA6EH0OEs+xFEoiWJ8Do/SAAAfo3pF6N6p0rylDJeRgtyCxZyrG18esW4E56u9UUydrdWX+ZW0VCSBh0PEHrFyRyXbQCCUgQAnR+ZuKKAHnRHbKct4yEB4KPkBq/s42suyBvBKJyQTBvGzmWkjaI6kMSwNxph9E94P9xreDVAfG/tGVsjrngZWw6/yvxBWgtYLtt4QSGqUC1pLW7DicR0RdJs/MADqgr1KPSjUK9CpS/ebmmHwQuJ1ToiCZqFAQ27Ky1f7vCKs1lntjwSppLhVauCmBF/ojIrEh7tFBHA2KFJycxDyNWWhTQg4rXpZDodGYuDpRm33q/LAyi37VOf7kqV4yzMm+sI5uWfAzEFhK4CCjbiKQImo/A7lFdWMAQ96+8MR7gjf4Y9tw1ezs29IFp6lnxMt8b4QR6uSBfVDK2icxmUgYcmaLwQZamxzRlcJOj4FgKmn6EhYB6MwuJ1zpnXOmdMsk0bAR3TSqzt/hLrmC2Sl8GxHaJIl4QwrYacGHunviClS6UtjlYjX68l9nG7GXOkChqosDVqajbT76HBAiEOCBLPkBhV1BhEpJnxcWhujqBHiOTBgAbe4aSblUsZmIrJnHIYI17TcX0SUy9C9di9wMMLoqzq41JNaT8DqZk3IchxvVNeYhEfeGrJUNPq/EdE1MBIrXm0Z4zVzTsxJwOgJgeLaGYOq9K3lBiP8AMwYEdQAy3SBOG2hXsYs7LgQMdn2QYckoH7tawk4WJYzrm7UR6JbAEJPQw38vxAvYDkgoiuCOhnAKi0tKwZ8BHrOEpGqu0A3FCRWLd44IHE3Gi8Pg8uYCIGACggQoBslZXmGiEDNQcDT935cGCNSAZejtMtyWmo3EHQbj8wcjDwLeWAhNxCwyhVYHkagqFy3vBZYIITUWgmOd4UQ3Lks3eXbFf/YZyQnE3J+KAGYz40g5hbNYjJ0m5EC5Nq/wvXwSMsBqJoymYztv4y/WdU64sKGT93RgviBExQaArYMVEBRvjiUtqOFsqIgYsBhtQ2nROiBGFHdu384GjQ5IYIoqUrAU1CLRC9Hg8PEYl63T4sHtiUJcnCAyujEJk1DF6EN3HTV4iVcA+RnKmVa3BWiDSLan88ZX8gAKSJgW4HIvqJSLuGKFaBTHSp8N1DKspMIy/wAmaA4Ep6yrYEo5MPMA1zKonMq9k0IaVcMwLyhigpRp2cMVsC0M9f5fARcwkgWh2uvWEHEdEnXFa/q6/PI9S0PFO+WMudl64VNGvkm8FjAnUqqXi4GAGydEtmesnSDqqUtVbWEmKC8QgAAascuDRsPLB/jfl2ByppS4KfZhN3MGSGVLDVXLCKUWuIP5mC6v08EeOTVWCFhjS4OXcN/SUXJVaUCGuDvGyiQHR/uhD8rUCLBLe0NEX1FdF3D9MWiUZXfMairbTtKpU1eR4dJVENHEJ0fgIB8hG0Z0lKm8D2mOn7Tah9noFiR2p4Oe05/ZCqCmUusKTBg+kq6mec1rlrGFEX7Tt2oyaOO6hXkB6JyJBYJgpR933hLVXeSvtjFAOq2DvU94jGJyq2s6ImnLoYV/BGsmLVKkVdx6EcUAFg5Zmd6ao3zLXjEMGm6SNzTPG8LLXBMnUNjj5d4+OA0GA8E0hmX03P8AEW0ug3ioMpZZVkEXltaBGUiX/bmDRiHJbtmDfHzoCkjARnmAWZ1F8dYu7VYUZW6lbCvyRarKoK/XaE0fch40zDLEn3UH7JrRGhOzKrzdDXEqZgARKRMJAMJR0BSiUm1TgOyOGBZl0Fn/ACKj0EvOB3FUGtghdWECtNBgPZAEFFYlzwmpOiBxAKFIxMlUl5ljgh4OiIkZK4fOiYhm41wBja84gOzFgGgBDLB1Dq/iKrvePLvA50gNlcjSJKOd3r/UtVQ4A8sY4VnWvzD/AH8oNMBHCEWR6O75jUiggdOCCA/RQdSDtjMJEX1M2l9QMDDY3GWr2tWLzs9Imemg+ruespo+7DpGpvD+hNCo+0Yb8qHCBWYkmvFL+7m5G8NTFK4524DUlDxNixCGC0pDUeXLtBdBht6Lym7ZHpAEvdDkdhjIQ4ARXnSLjhTOOHlj4MhS6poeNYG10DyCsp7l8p/irmYLN6jxxMrYq8wKyHEMrxtj+YfWsAIdva0X5OIuFlJ9LGVli+0jHlbJegqitOV3mHJA2gAAOobQ/VApg0dfUstl6lpC7i4X11DzognQ+Vovc1JQeKGjBgBozOjlAqBvCKImv3l8kFjRjwWlV+Ak7p2nDHq4EZjOpIoYEgkIDZndhmd4qZeaWQ9XB6JdMjXg8sylB9v8y3B4lmrXYgktPRr/AFLxRXAlaRZca+CHdPyS3i9I8RkBV6d0fA1svQNCK4kCCYiHEEAGPoSsI8ED1LPS+oluu4yky2xAACFM6dbfWWmCFgTpgOnVgoglHMepXA3fu/IAGxKpm+qUyeDC91qaJQvoVAvUxLNI2RpADLBlFHL8EGjy6rWWbpusB5Yjs3JdX8xwp4z6fBgI/YMpKdt4xAUogzArqGQSoAKCvpC6EdCLlnC+pdQu4QR7wV9m0LklQUTxvHSTpRHoyoBmCCY5b4oBsSqCIo3GPewbfa/xAvLCBYBa1oeWANs+0QG5dAIHrLld+TiByDL93dmiV7gXTaNHfVl2sakqqDBldQah9RqBEwluWIL6iMq7gmULTV4ma+fFdG+dGEBPNDoqanpRuGYvXnuVpN/GLPE9oqUiy/cEilwXxELbwHL5YAAAGxKaD1w34hMgc704izw1fv5XeOhLcoaXitoNArqBgGJpg+rQSkjARnmATL6jeMt7QzEugKesYqjgrMKKrUDBD/Vmdk9wUmj3CqxFS9RGaD+DCDC06uxBqUe29+ZQW1otvsaRVmRRqd/xBq6BQjYgrqGgSoBQ+vQdSFojMPEX1Fmy+oRdQCi5EKpbXvovq8RH3lhNme4Tlsd4Qi37oi2cOC1jkb1Lz5cwipsKAS4G47PlgCD2gKhjqBUB/wAQSmAUVfUK3XUEYAiNhiCiyDJ70+1RUtNBYbOqfePCKxwIxHbJV6Af3NWloPfgww6RqdG8NJiAFBCjGAEaYP8Aj6oQpwm1Iq6HtNMX1AvdYfUmpTg+y0U7wI41RD2XeUCwWXANB/zNSIzYjZGwCCYP/BP/2Q==","provType":"MONITORING","date":"2018-03-12T10:59:09.716Z"}},"communicationModules":[{"identifier":{"_current":{"value":"COMMS1_SN_CHD_DEV_2","provType":"MONITORING","date":"2018-03-12T10:59:09.517Z"}},"subscription":{"identifier":{"_current":{"value":"SUBT1_SN_CHD_DEV_2","provType":"MONITORING","date":"2018-03-12T10:59:09.504Z"}},"address":{"_current":{"value":{"type":"IPV4","value":"172.18.19.24","apn":"movistar.es"},"provType":"REFERENCE","date":"2018-03-12T10:59:09.414Z"}},"mobile":{"imsi":{"_current":{"value":"SUBT1_SN_CHD_DEV_2_IMSI","provType":"IDENTIFIER","date":"2018-03-12T10:59:09.42Z"}},"homeOperator":{"_current":{"value":"Telefónica Móviles España, SAU","provType":"MONITORING","date":"2018-03-12T10:59:09.496Z"}},"msisdn":{"_current":{"value":"MSISDN_FAKE","provType":"MONITORING","date":"2018-03-12T10:59:09.419Z"}},"registeredOperator":{"_current":{"value":"Telefónica Móviles España, SAU","provType":"MONITORING","date":"2018-03-12T10:59:09.416Z"}}},"specificType":{"_current":{"value":"MOBILE","provType":"MONITORING","date":"2018-03-12T10:59:09.411Z"}},"name":{"_current":{"value":"SUBT1_SN_CHD_DEV_2 name","provType":"MONITORING","date":"2018-03-12T10:59:09.506Z"}},"description":{"_current":{"value":"SUBT1_SN_CHD_DEV_2 desc","provType":"MONITORING","date":"2018-03-12T10:59:09.515Z"}},"administrativeState":{"_current":{"value":"ACTIVE","provType":"MONITORING","date":"2018-03-12T10:59:09.513Z"}}},"subscriber":{"identifier":{"_current":{"value":"SUBS1_SN_CHD_DEV_2","provType":"MONITORING","date":"2018-03-12T10:59:09.605Z"}},"serialNumber":{"_current":{"value":"SUBS1_SN_CHD_DEV_2ICC","provType":"IDENTIFIER","date":"2018-03-12T10:59:09.617Z"}},"model":{"_current":{"value":{"name":"TEST","version":"1.0","manufacturer":"sb-HD"},"provType":"MONITORING","date":"2018-03-12T10:59:09.6Z"}},"software":{"_current":{"value":{"name":"software","version":"1.0","type":"SOFTWARE"},"provType":"MONITORING","date":"2018-03-12T10:59:09.704Z"}},"administrativeState":{"_current":{"value":"ACTIVE","provType":"MONITORING","date":"2018-03-12T10:59:09.708Z"}},"specificType":{"_current":{"value":"GENERIC","provType":"MONITORING","date":"2018-03-12T10:59:09.621Z"}},"description":{"_current":{"value":"SUBS1_SN_CHD_DEV_2 desc","provType":"MONITORING","date":"2018-03-12T10:59:09.712Z"}},"name":{"_current":{"value":"SUBS1_SN_CHD_DEV_2 name","provType":"MONITORING","date":"2018-03-12T10:59:09.71Z"}}},"name":{"_current":{"value":"COMMS1_SN_CHD_DEV_2 name","provType":"MONITORING","date":"2018-03-12T10:59:09.522Z"}},"description":{"_current":{"value":"COMMS1_SN_CHD_DEV_2 desc","provType":"MONITORING","date":"2018-03-12T10:59:09.52Z"}}},{"identifier":{"_current":{"value":"COMMS2_SN_CHD_DEV_2","provType":"MONITORING","date":"2018-03-12T10:59:09.218Z"}},"subscription":{"identifier":{"_current":{"value":"SUBT2_SN_CHD_DEV_2","provType":"MONITORING","date":"2018-03-12T10:59:09.399Z"}},"address":{"_current":{"value":{"type":"IPV4","value":"172.18.19.24","apn":"movistar.es"},"provType":"REFERENCE","date":"2018-03-12T10:59:09.318Z"}},"mobile":{"imsi":{"_current":{"value":"SUBT2_SN_CHD_DEV_2_IMSI","provType":"IDENTIFIER","date":"2018-03-12T10:59:09.3Z"}},"msisdn":{"_current":{"value":"MSISDN_FAKE","provType":"MONITORING","date":"2018-03-12T10:59:09.309Z"}},"registeredOperator":{"_current":{"value":"Telefónica Móviles España, SAU","provType":"MONITORING","date":"2018-03-12T10:59:09.305Z"}},"homeOperator":{"_current":{"value":"Telefónica Móviles España, SAU","provType":"MONITORING","date":"2018-03-12T10:59:09.311Z"}}},"description":{"_current":{"value":"SUBT2_SN_CHD_DEV_2 desc","provType":"MONITORING","date":"2018-03-12T10:59:09.313Z"}},"name":{"_current":{"value":"SUBT2_SN_CHD_DEV_2 name","provType":"MONITORING","date":"2018-03-12T10:59:09.401Z"}},"specificType":{"_current":{"value":"MOBILE","provType":"MONITORING","date":"2018-03-12T10:59:09.298Z"}},"administrativeState":{"_current":{"value":"ACTIVE","provType":"MONITORING","date":"2018-03-12T10:59:09.322Z"}}},"subscriber":{"identifier":{"_current":{"value":"SUBS2_SN_CHD_DEV_2","provType":"MONITORING","date":"2018-03-12T10:59:09.126Z"}},"serialNumber":{"_current":{"value":"SUBS2_SN_CHD_DEV_2ICC","provType":"IDENTIFIER","date":"2018-03-12T10:59:09.215Z"}},"model":{"_current":{"value":{"name":"TEST","version":"1.0","manufacturer":"sb-HD"},"provType":"MONITORING","date":"2018-03-12T10:59:09.123Z"}},"software":{"_current":{"value":{"name":"software","version":"1.0","type":"SOFTWARE"},"provType":"MONITORING","date":"2018-03-12T10:59:09.208Z"}},"specificType":{"_current":{"value":"GENERIC","provType":"MONITORING","date":"2018-03-12T10:59:09.202Z"}},"description":{"_current":{"value":"SUBS2_SN_CHD_DEV_2 desc","provType":"MONITORING","date":"2018-03-12T10:59:09.198Z"}},"administrativeState":{"_current":{"value":"ACTIVE","provType":"MONITORING","date":"2018-03-12T10:59:09.213Z"}},"name":{"_current":{"value":"SUBS2_SN_CHD_DEV_2 name","provType":"MONITORING","date":"2018-03-12T10:59:09.118Z"}}},"description":{"_current":{"value":"COMMS2_SN_CHD_DEV_2 desc","provType":"MONITORING","date":"2018-03-12T10:59:09.22Z"}},"name":{"_current":{"value":"COMMS2_SN_CHD_DEV_2 name","provType":"MONITORING","date":"2018-03-12T10:59:09.115Z"}}}],"specificType":{"_current":{"value":"SENSOR","provType":"MONITORING","date":"2018-03-12T10:59:09.113Z"}},"name":{"_current":{"value":"CHD_DEV_2 name","provType":"MONITORING","date":"2018-03-12T10:59:09.718Z"}},"description":{"_current":{"value":"CHD_DEV_2 desc","provType":"MONITORING","date":"2018-03-12T10:59:09.806Z"}},"administrativeState":{"_current":{"value":"ACTIVE","provType":"MONITORING","date":"2018-03-12T10:59:09.804Z"}}},"administration":{"channel":{"_current":{"value":"default_channel","provType":"MONITORING","date":"2018-03-12T10:59:09.909Z"}},"serviceGroup":{"_current":{"value":"emptyServiceGroup","provType":"MONITORING","date":"2018-03-12T10:59:09.905Z"}},"plan":{"_current":{"value":"FLOW_RATE_100","provType":"MONITORING","date":"2018-03-12T10:59:09.897Z"}},"identifier":{"_current":{"value":"CHD_DEV_2","provType":"MONITORING","date":"2018-03-12T10:59:09.902Z"}},"organization":{"_current":{"value":"chemacorp","provType":"MONITORING","date":"2018-03-12T10:59:09.907Z"}}}}}]},"statusCode":200}
  [32m✔ Then response code should be: 200[39m
  [32m✔ Then does not throws an error[39m

  [36m@searching @searching_entities @select-fields[39m
  Scenario: Execute searching with a flattened response
  [32m✔ Given an apikey user by "require-real-apikey"[39m
  [32m✔ And an ogapi "entities search" util[39m
  [32m✔ When I build it with flattened response[39m
{"filter":{},"limit":{"size":1000,"start":1}}
  [32m✔ And I execute it[39m
RESPONSE_: {"data":{"entities":[{"provision.administration.channel":{"_value":{"_current":{"value":"default_channel","provType":"MONITORING","date":"2018-03-12T10:59:00.918Z"}}},"provision.administration.identifier":{"_value":{"_current":{"value":"CHD_DEV_1","provType":"MONITORING","date":"2018-03-12T10:59:00.912Z"}}},"provision.administration.organization":{"_value":{"_current":{"value":"chemacorp","provType":"MONITORING","date":"2018-03-12T10:59:00.916Z"}}},"provision.administration.plan":{"_value":{"_current":{"value":"FLOW_RATE_100","provType":"MONITORING","date":"2018-03-12T10:59:00.908Z"}}},"provision.administration.serviceGroup":{"_value":{"_current":{"value":"emptyServiceGroup","provType":"MONITORING","date":"2018-03-12T10:59:00.914Z"}}},"provision.device.administrativeState":{"_value":{"_current":{"value":"ACTIVE","provType":"MONITORING","date":"2018-03-12T10:59:00.21Z"}}},"provision.device.communicationModules[].description":[{"_index":{"path":"provision.device.communicationModules[].identifier","value":{"_current":{"value":"COMMS1_SN_CHD_DEV_1","provType":"MONITORING","date":"2018-03-12T10:59:00.618Z"}}},"_value":{"_current":{"value":"COMMS1_SN_CHD_DEV_1 desc","provType":"MONITORING","date":"2018-03-12T10:59:00.616Z"}}},{"_index":{"path":"provision.device.communicationModules[].identifier","value":{"_current":{"value":"COMMS2_SN_CHD_DEV_1","provType":"MONITORING","date":"2018-03-12T10:59:00.605Z"}}},"_value":{"_current":{"value":"COMMS2_SN_CHD_DEV_1 desc","provType":"MONITORING","date":"2018-03-12T10:59:00.527Z"}}}],"provision.device.communicationModules[].identifier":[{"_index":{"path":"provision.device.communicationModules[].identifier","value":{"_current":{"value":"COMMS1_SN_CHD_DEV_1","provType":"MONITORING","date":"2018-03-12T10:59:00.618Z"}}},"_value":{"_current":{"value":"COMMS1_SN_CHD_DEV_1","provType":"MONITORING","date":"2018-03-12T10:59:00.618Z"}}},{"_index":{"path":"provision.device.communicationModules[].identifier","value":{"_current":{"value":"COMMS2_SN_CHD_DEV_1","provType":"MONITORING","date":"2018-03-12T10:59:00.605Z"}}},"_value":{"_current":{"value":"COMMS2_SN_CHD_DEV_1","provType":"MONITORING","date":"2018-03-12T10:59:00.605Z"}}}],"provision.device.communicationModules[].name":[{"_index":{"path":"provision.device.communicationModules[].identifier","value":{"_current":{"value":"COMMS1_SN_CHD_DEV_1","provType":"MONITORING","date":"2018-03-12T10:59:00.618Z"}}},"_value":{"_current":{"value":"COMMS1_SN_CHD_DEV_1 name","provType":"MONITORING","date":"2018-03-12T10:59:00.614Z"}}},{"_index":{"path":"provision.device.communicationModules[].identifier","value":{"_current":{"value":"COMMS2_SN_CHD_DEV_1","provType":"MONITORING","date":"2018-03-12T10:59:00.605Z"}}},"_value":{"_current":{"value":"COMMS2_SN_CHD_DEV_1 name","provType":"MONITORING","date":"2018-03-12T10:59:00.529Z"}}}],"provision.device.communicationModules[].subscriber.administrativeState":[{"_index":{"path":"provision.device.communicationModules[].identifier","value":{"_current":{"value":"COMMS1_SN_CHD_DEV_1","provType":"MONITORING","date":"2018-03-12T10:59:00.618Z"}}},"_value":{"_current":{"value":"ACTIVE","provType":"MONITORING","date":"2018-03-12T10:59:00.818Z"}}},{"_index":{"path":"provision.device.communicationModules[].identifier","value":{"_current":{"value":"COMMS2_SN_CHD_DEV_1","provType":"MONITORING","date":"2018-03-12T10:59:00.605Z"}}},"_value":{"_current":{"value":"ACTIVE","provType":"MONITORING","date":"2018-03-12T10:59:00.416Z"}}}],"provision.device.communicationModules[].subscriber.description":[{"_index":{"path":"provision.device.communicationModules[].identifier","value":{"_current":{"value":"COMMS1_SN_CHD_DEV_1","provType":"MONITORING","date":"2018-03-12T10:59:00.618Z"}}},"_value":{"_current":{"value":"SUBS1_SN_CHD_DEV_1 desc","provType":"MONITORING","date":"2018-03-12T10:59:00.801Z"}}},{"_index":{"path":"provision.device.communicationModules[].identifier","value":{"_current":{"value":"COMMS2_SN_CHD_DEV_1","provType":"MONITORING","date":"2018-03-12T10:59:00.605Z"}}},"_value":{"_current":{"value":"SUBS2_SN_CHD_DEV_1 desc","provType":"MONITORING","date":"2018-03-12T10:59:00.297Z"}}}],"provision.device.communicationModules[].subscriber.identifier":[{"_index":{"path":"provision.device.communicationModules[].identifier","value":{"_current":{"value":"COMMS1_SN_CHD_DEV_1","provType":"MONITORING","date":"2018-03-12T10:59:00.618Z"}}},"_value":{"_current":{"value":"SUBS1_SN_CHD_DEV_1","provType":"MONITORING","date":"2018-03-12T10:59:00.723Z"}}},{"_index":{"path":"provision.device.communicationModules[].identifier","value":{"_current":{"value":"COMMS2_SN_CHD_DEV_1","provType":"MONITORING","date":"2018-03-12T10:59:00.605Z"}}},"_value":{"_current":{"value":"SUBS2_SN_CHD_DEV_1","provType":"MONITORING","date":"2018-03-12T10:59:00.323Z"}}}],"provision.device.communicationModules[].subscriber.model":[{"_index":{"path":"provision.device.communicationModules[].identifier","value":{"_current":{"value":"COMMS1_SN_CHD_DEV_1","provType":"MONITORING","date":"2018-03-12T10:59:00.618Z"}}},"_value":{"_current":{"value":{"name":"TEST","version":"1.0","manufacturer":"sb-HD"},"provType":"MONITORING","date":"2018-03-12T10:59:00.799Z"}}},{"_index":{"path":"provision.device.communicationModules[].identifier","value":{"_current":{"value":"COMMS2_SN_CHD_DEV_1","provType":"MONITORING","date":"2018-03-12T10:59:00.605Z"}}},"_value":{"_current":{"value":{"name":"TEST","version":"1.0","manufacturer":"sb-HD"},"provType":"MONITORING","date":"2018-03-12T10:59:00.227Z"}}}],"provision.device.communicationModules[].subscriber.name":[{"_index":{"path":"provision.device.communicationModules[].identifier","value":{"_current":{"value":"COMMS1_SN_CHD_DEV_1","provType":"MONITORING","date":"2018-03-12T10:59:00.618Z"}}},"_value":{"_current":{"value":"SUBS1_SN_CHD_DEV_1 name","provType":"MONITORING","date":"2018-03-12T10:59:00.803Z"}}},{"_index":{"path":"provision.device.communicationModules[].identifier","value":{"_current":{"value":"COMMS2_SN_CHD_DEV_1","provType":"MONITORING","date":"2018-03-12T10:59:00.605Z"}}},"_value":{"_current":{"value":"SUBS2_SN_CHD_DEV_1 name","provType":"MONITORING","date":"2018-03-12T10:59:00.222Z"}}}],"provision.device.communicationModules[].subscriber.serialNumber":[{"_index":{"path":"provision.device.communicationModules[].identifier","value":{"_current":{"value":"COMMS1_SN_CHD_DEV_1","provType":"MONITORING","date":"2018-03-12T10:59:00.618Z"}}},"_value":{"_current":{"value":"SUBS1_SN_CHD_DEV_1ICC","provType":"IDENTIFIER","date":"2018-03-12T10:59:00.805Z"}}},{"_index":{"path":"provision.device.communicationModules[].identifier","value":{"_current":{"value":"COMMS2_SN_CHD_DEV_1","provType":"MONITORING","date":"2018-03-12T10:59:00.605Z"}}},"_value":{"_current":{"value":"SUBS2_SN_CHD_DEV_1ICC","provType":"IDENTIFIER","date":"2018-03-12T10:59:00.22Z"}}}],"provision.device.communicationModules[].subscriber.software":[{"_index":{"path":"provision.device.communicationModules[].identifier","value":{"_current":{"value":"COMMS1_SN_CHD_DEV_1","provType":"MONITORING","date":"2018-03-12T10:59:00.618Z"}}},"_value":{"_current":{"value":{"name":"software","version":"1.0","type":"SOFTWARE"},"provType":"MONITORING","date":"2018-03-12T10:59:00.814Z"}}},{"_index":{"path":"provision.device.communicationModules[].identifier","value":{"_current":{"value":"COMMS2_SN_CHD_DEV_1","provType":"MONITORING","date":"2018-03-12T10:59:00.605Z"}}},"_value":{"_current":{"value":{"name":"software","version":"1.0","type":"SOFTWARE"},"provType":"MONITORING","date":"2018-03-12T10:59:00.412Z"}}}],"provision.device.communicationModules[].subscriber.specificType":[{"_index":{"path":"provision.device.communicationModules[].identifier","value":{"_current":{"value":"COMMS1_SN_CHD_DEV_1","provType":"MONITORING","date":"2018-03-12T10:59:00.618Z"}}},"_value":{"_current":{"value":"GENERIC","provType":"MONITORING","date":"2018-03-12T10:59:00.809Z"}}},{"_index":{"path":"provision.device.communicationModules[].identifier","value":{"_current":{"value":"COMMS2_SN_CHD_DEV_1","provType":"MONITORING","date":"2018-03-12T10:59:00.605Z"}}},"_value":{"_current":{"value":"GENERIC","provType":"MONITORING","date":"2018-03-12T10:59:00.327Z"}}}],"provision.device.communicationModules[].subscription.address":[{"_index":{"path":"provision.device.communicationModules[].identifier","value":{"_current":{"value":"COMMS1_SN_CHD_DEV_1","provType":"MONITORING","date":"2018-03-12T10:59:00.618Z"}}},"_value":{"_current":{"value":{"type":"IPV4","value":"172.18.19.24","apn":"movistar.es"},"provType":"REFERENCE","date":"2018-03-12T10:59:00.702Z"}}},{"_index":{"path":"provision.device.communicationModules[].identifier","value":{"_current":{"value":"COMMS2_SN_CHD_DEV_1","provType":"MONITORING","date":"2018-03-12T10:59:00.605Z"}}},"_value":{"_current":{"value":{"type":"IPV4","value":"172.18.19.24","apn":"movistar.es"},"provType":"REFERENCE","date":"2018-03-12T10:59:00.428Z"}}}],"provision.device.communicationModules[].subscription.administrativeState":[{"_index":{"path":"provision.device.communicationModules[].identifier","value":{"_current":{"value":"COMMS1_SN_CHD_DEV_1","provType":"MONITORING","date":"2018-03-12T10:59:00.618Z"}}},"_value":{"_current":{"value":"ACTIVE","provType":"MONITORING","date":"2018-03-12T10:59:00.708Z"}}},{"_index":{"path":"provision.device.communicationModules[].identifier","value":{"_current":{"value":"COMMS2_SN_CHD_DEV_1","provType":"MONITORING","date":"2018-03-12T10:59:00.605Z"}}},"_value":{"_current":{"value":"ACTIVE","provType":"MONITORING","date":"2018-03-12T10:59:00.431Z"}}}],"provision.device.communicationModules[].subscription.description":[{"_index":{"path":"provision.device.communicationModules[].identifier","value":{"_current":{"value":"COMMS1_SN_CHD_DEV_1","provType":"MONITORING","date":"2018-03-12T10:59:00.618Z"}}},"_value":{"_current":{"value":"SUBT1_SN_CHD_DEV_1 desc","provType":"MONITORING","date":"2018-03-12T10:59:00.704Z"}}},{"_index":{"path":"provision.device.communicationModules[].identifier","value":{"_current":{"value":"COMMS2_SN_CHD_DEV_1","provType":"MONITORING","date":"2018-03-12T10:59:00.605Z"}}},"_value":{"_current":{"value":"SUBT2_SN_CHD_DEV_1 desc","provType":"MONITORING","date":"2018-03-12T10:59:00.422Z"}}}],"provision.device.communicationModules[].subscription.identifier":[{"_index":{"path":"provision.device.communicationModules[].identifier","value":{"_current":{"value":"COMMS1_SN_CHD_DEV_1","provType":"MONITORING","date":"2018-03-12T10:59:00.618Z"}}},"_value":{"_current":{"value":"SUBT1_SN_CHD_DEV_1","provType":"MONITORING","date":"2018-03-12T10:59:00.72Z"}}},{"_index":{"path":"provision.device.communicationModules[].identifier","value":{"_current":{"value":"COMMS2_SN_CHD_DEV_1","provType":"MONITORING","date":"2018-03-12T10:59:00.605Z"}}},"_value":{"_current":{"value":"SUBT2_SN_CHD_DEV_1","provType":"MONITORING","date":"2018-03-12T10:59:00.523Z"}}}],"provision.device.communicationModules[].subscription.mobile.homeOperator":[{"_index":{"path":"provision.device.communicationModules[].identifier","value":{"_current":{"value":"COMMS1_SN_CHD_DEV_1","provType":"MONITORING","date":"2018-03-12T10:59:00.618Z"}}},"_value":{"_current":{"value":"Telefónica Móviles España, SAU","provType":"MONITORING","date":"2018-03-12T10:59:00.717Z"}}},{"_index":{"path":"provision.device.communicationModules[].identifier","value":{"_current":{"value":"COMMS2_SN_CHD_DEV_1","provType":"MONITORING","date":"2018-03-12T10:59:00.605Z"}}},"_value":{"_current":{"value":"Telefónica Móviles España, SAU","provType":"MONITORING","date":"2018-03-12T10:59:00.511Z"}}}],"provision.device.communicationModules[].subscription.mobile.imsi":[{"_index":{"path":"provision.device.communicationModules[].identifier","value":{"_current":{"value":"COMMS1_SN_CHD_DEV_1","provType":"MONITORING","date":"2018-03-12T10:59:00.618Z"}}},"_value":{"_current":{"value":"SUBT1_SN_CHD_DEV_1_IMSI","provType":"IDENTIFIER","date":"2018-03-12T10:59:00.71Z"}}},{"_index":{"path":"provision.device.communicationModules[].identifier","value":{"_current":{"value":"COMMS2_SN_CHD_DEV_1","provType":"MONITORING","date":"2018-03-12T10:59:00.605Z"}}},"_value":{"_current":{"value":"SUBT2_SN_CHD_DEV_1_IMSI","provType":"IDENTIFIER","date":"2018-03-12T10:59:00.505Z"}}}],"provision.device.communicationModules[].subscription.mobile.msisdn":[{"_index":{"path":"provision.device.communicationModules[].identifier","value":{"_current":{"value":"COMMS1_SN_CHD_DEV_1","provType":"MONITORING","date":"2018-03-12T10:59:00.618Z"}}},"_value":{"_current":{"value":"MSISDN_FAKE","provType":"MONITORING","date":"2018-03-12T10:59:00.715Z"}}},{"_index":{"path":"provision.device.communicationModules[].identifier","value":{"_current":{"value":"COMMS2_SN_CHD_DEV_1","provType":"MONITORING","date":"2018-03-12T10:59:00.605Z"}}},"_value":{"_current":{"value":"MSISDN_FAKE","provType":"MONITORING","date":"2018-03-12T10:59:00.51Z"}}}],"provision.device.communicationModules[].subscription.mobile.registeredOperator":[{"_index":{"path":"provision.device.communicationModules[].identifier","value":{"_current":{"value":"COMMS1_SN_CHD_DEV_1","provType":"MONITORING","date":"2018-03-12T10:59:00.618Z"}}},"_value":{"_current":{"value":"Telefónica Móviles España, SAU","provType":"MONITORING","date":"2018-03-12T10:59:00.712Z"}}},{"_index":{"path":"provision.device.communicationModules[].identifier","value":{"_current":{"value":"COMMS2_SN_CHD_DEV_1","provType":"MONITORING","date":"2018-03-12T10:59:00.605Z"}}},"_value":{"_current":{"value":"Telefónica Móviles España, SAU","provType":"MONITORING","date":"2018-03-12T10:59:00.507Z"}}}],"provision.device.communicationModules[].subscription.name":[{"_index":{"path":"provision.device.communicationModules[].identifier","value":{"_current":{"value":"COMMS1_SN_CHD_DEV_1","provType":"MONITORING","date":"2018-03-12T10:59:00.618Z"}}},"_value":{"_current":{"value":"SUBT1_SN_CHD_DEV_1 name","provType":"MONITORING","date":"2018-03-12T10:59:00.627Z"}}},{"_index":{"path":"provision.device.communicationModules[].identifier","value":{"_current":{"value":"COMMS2_SN_CHD_DEV_1","provType":"MONITORING","date":"2018-03-12T10:59:00.605Z"}}},"_value":{"_current":{"value":"SUBT2_SN_CHD_DEV_1 name","provType":"MONITORING","date":"2018-03-12T10:59:00.525Z"}}}],"provision.device.communicationModules[].subscription.specificType":[{"_index":{"path":"provision.device.communicationModules[].identifier","value":{"_current":{"value":"COMMS1_SN_CHD_DEV_1","provType":"MONITORING","date":"2018-03-12T10:59:00.618Z"}}},"_value":{"_current":{"value":"MOBILE","provType":"MONITORING","date":"2018-03-12T10:59:00.625Z"}}},{"_index":{"path":"provision.device.communicationModules[].identifier","value":{"_current":{"value":"COMMS2_SN_CHD_DEV_1","provType":"MONITORING","date":"2018-03-12T10:59:00.605Z"}}},"_value":{"_current":{"value":"MOBILE","provType":"MONITORING","date":"2018-03-12T10:59:00.421Z"}}}],"provision.device.description":{"_value":{"_current":{"value":"CHD_DEV_1 desc","provType":"MONITORING","date":"2018-03-12T10:59:00.02Z"}}},"provision.device.identifier":{"_value":{"_current":{"value":"CHD_DEV_1","provType":"MONITORING","date":"2018-03-12T10:59:00.018Z"}}},"provision.device.image":{"_value":{"_current":{"value":"data:image/jpeg;base64,/9j/4AAQSkZJRgABAQEASABIAAD/2wBDAAMCAgICAgMCAgIDAwMDBAYEBAQEBAgGBgUGCQgKCgkICQkKDA8MCgsOCwkJDRENDg8QEBEQCgwSExIQEw8QEBD/2wBDAQMDAwQDBAgEBAgQCwkLEBAQEBAQEBAQEBAQEBAQEBAQEBAQEBAQEBAQEBAQEBAQEBAQEBAQEBAQEBAQEBAQEBD/wgARCAGQAZADASIAAhEBAxEB/8QAHAABAAEFAQEAAAAAAAAAAAAAAAYCAwQFBwgB/8QAGQEBAQEBAQEAAAAAAAAAAAAAAAEEBQMG/9oADAMBAAIQAxAAAAH1SAAAAAAAAAAAAAAAAAAAAAAAAAAAAAAAAAAAAAAAAAAAAAAAAAAAAAAAAAAAAAAAAAAAAAAAAAAAAAAAAAAAAAAAAAAAAAAAAAAAAAAAAAAAAAAQUnTlnUwAAAAAAAAAAAAAAAAAAAAAAB499hcLPP8A7z8s+pwAAAAAAAAAAAAAAAAAAAAAABxjs/GCG+mfM3pkAAAAAAAAAAAAAAAAAAAAAAAcY7PxghvpnzN6ZAAAAAAAAAAILpuIQ096Pn0AAAAAAAAAAAcX7Rw8h/qDyh6vAAAAAAAAAAOFwzoENPTIAAAAAAAAAAAHBO9+eiC+v/GnssAAAAAAAAAA4xDZlDT0yAAAAAAAAAAAxcgq87+iPO5zz2X409lgAAAAAAAAAHGIbMYOeoAAAAAAAACOkio4tGTsUIs/DS5mrHQYFb+kQ9fefJedURmRFwAAAAAAAAHD4BNOdnr8AAAAAxjJc7gh2vm0KlxDL0/05sMeK2i/Y+gfQ+Wy79xfhmZun+nQJZxX6ejr3neVHXkRk5fAAAAAB565z0Pnh7LAAAWeQnYo7yvVkxjGNcN5fitJINPjgUFX3BpM3GtCtjWjM+4X0zWJUZCzUXftuouV2qi9ma+om0v45UeicrzrJjsiEykzQAAed+edD54eywACg1XmjsUFOMTKYRElX3kW5OhsS2Z9nVVl/wCY+MbDFs1D79+ipUPv36KlQqVCpUKlQqVCpUKlQvW6iRyvmX07xm8A3p2JBpWcF550Lnp7LAA0W9hxz+J7jTi5R9M+DSy2cJwZNgkU10u1hocuzryVb7mw7fLvMV49SVcH6cSyr5WPv2o+VqhUqFSo+Vfaj5V9rKaqvp8+tQbjTwLZFGv6zLU4bt+1Xl5Rn9RjR0rZeV+wHSAIXNI0cY11usrqVC9brOJ4tVmS9XifLdjYx7ho470W4cpdB1xD7/Tpscz7VgcrO4VYWeKlwpqyskwsjKrLN25WU11VlP1AjM18t6ERST7PKTVZu3xS7HoZzMkfPZTG1k3ZY9ITpgGv2GKeWYz6P42WNvzbKOj1x3eHE95o8PJi2+FizPNmiFMljWvZ9y8XJ06usdR5b1oh3NumcHKIbpcAnfoHyJ6tNzmXKyzYt0cnjZv3X53N5mwu67bd/wCipXYhp1aybWuhlvMyc1Me7qOZLPOUauRGhkt60cz6RqOhFOxw8w6WADH00h+HKuZendUePa/R/NDgX2QQ4233X5hd+qinKsZJ1XrHKOsEN4j27hxroROxyvvPLOunWbnEpeSrXynI5PGj1O9zsHP12bXV3/o9doc/pXt7XNzTEyRwKB4xTn7S6U3KPh9fai5MYVYOg67mPWTo/wBt3AAAC3rdsOfc29D4B4rg/ufnZ5dzptADYZWg251/rPJetkL4f3Hh5rqvn0v+ivN/oQmUBmtaed913aODL4x8XtVWu25ur8IgBJIxuNiWshSV0qj5V9zjHytTBTf6WV9YIn0rMyh9AAAAACnDzhEIB23FPIHP/ccFOQ9n5ptjM4j1HkJR9ouD0T539HpvqlYqfbLuBm2l88ZG7kUun3qs+vn0VLpbyrkeN/BLPQSCdclcgMDZ1gAAAAAAAAD5YyBHoV1W0eaeSe3IgeLc/uHKDD9L+TfRZ0arXbFPtfyuxh5uGvIJNo97L9fLh8rvVlWLqss0e9nkxI5Lsu4fPoAAAAAAAAAAAALdwamK9AoPPMK9Wxs89TLfQw6JteKSNOm4WDfrl0hjcnl+5ON8LNyZyki0s22WWb/0AAAAAAAAAAAAAAAAKahiavf/AAgsO7PjnnDXelomcAnuz6eQ2Z7PKMXMrAAAAAAAAAAAAAAAAAAAAAHyi4LFdwfPoAAAAAAAAf/EADMQAAAGAQIDBwMDBAMAAAAAAAABAgMEBQYHERIgQBATFCEzNTYwMVAiIzQVFiQyJWCA/9oACAEBAAEFAv8A2vkeWwMdFBn8C5lfkM677+54fe+LL7fj9UYcfwem0KPKvPyGqPs+l3vH5DVH2fS73j8hqj7Ppd7x0uR5bAx0UGfwLmV1OqPs+l3vHS51339zw+98WX26jVI9qbStW930uqMOP4PTaFHlXnU6sq4aTSNfFfdLqj7Ppd7x1OsSuGh0aXxZB0uqPs+l3vHU61Hw4/op55D0uqPs+l3vHU62fH9E/kHS6o+z6Xe8dMqVHQojJRDWz4/on8g6XVI9qbStW930alpQU7KqiEHr62tDdNaXI9nNjCNlbpDUwzyWi0dhSoeRdLqyrhpNI18V90Nhf1NYU3PX3h3V9cqi4/FhplWLaS5I8t+K5FymQgRsgr5AQ424XRaxK4aHRpfFkH1plnAgJn6gRkCTb5JcnDxd102qqurkv3SEE6+8+r6DMuSwcbJ5bYjZFBfDbzTxfX1qPhx/RTzyH6b0liMmdmtbHEvIshsw1jsqUqNjkZgjk1UISL19YccW6rl3IgbrZDxDY8QO+WO8dHG8ON4Mzpsc4uVTWxFyaA+Gn2Xi+prZ8f0T+QfQUpKCl38CMJeSWb5/0+RYON19XEH9ThMBy6lqDkh57lUtCQclI45Ch3bpju2SG8ch3yCHiFDv1jvXB3ix3ix3ix3ix3qw1NkMnGyiY0IuTwXgzKjvl9HWz4/on8g5nnm47SNRqyxXIs5kobmCVsDfdMuVS0oBydxwvrHAwgeIQkG+4Y3Uf123nWji5FPYEbKIrgZmRpBc2tnx/RP5BzWDzRtZBp5WLUdhlGOHXZPV2IIyPlW8hsd4+6O6bSDkJSFOrV0yFrQca9nxxGydlYYmRpJdutnx/RP5ByrUSEyZRmcmWtS0yCUVjh9LZhcLLMbOuzKDINMuMtK58NseNS+CciNhUviG+/VoWtBsX82KImVRXwzOiyBrZ8f0T+QctxJ8PElu/oPzMEoyCJJkLmprrE/6LHSTlXGQFsIbCuJI8VJSG7eyaDWTW7QYzR8hHy2sdJiVGkp6WXbwYQfyOY+fg7OebNRJjhqfaxTkzWb2LiNRWYxaMWMORy5Me0SSrdPITBLOSg/EqhpUF1CFB2jfDkCW0DIy5G3nWVQcqsoorMjgWAL6mw4THCobH2TrWJAJ+0s7Q4GNOunCxtpsM1sdsigtLCaSMoHWwIyZ1hEbTIyRht7EpUp7kyo9oLp7p5EHsJjn+Z3w70E6OMjDkZh8n6VJh+HIj8iGXViqyGfVqiymJjXMTajBMgmkgkkNhsNgeySnW5rOJjpTFwscjMEiGlsEgw2wZhLaWymXjLRXGTNsOWq5ckY/WoiNYp/L7chY8RVFJTsSiPlm/wAwm1nyEowTg4ScD1D4g/7anoVDxYzEXHmGhLpq2QwTkzFp0OWzOY7CSZhLIJBENhsNhsNhsFrQ0iXMfsnKujJIYjIaIiCGjMJZISJbEYry8XHbORcXQebg49DpYL1jMXHSxFxT+X2yT/Re18qBJZsjI2JyFhLiVdsvymtLQ4U8myCIr6yNCkH2MH+5UElYZiRlNWMZpgSromzlZAJtr4lOK3CoE0ghkEnYKUhtKHnXh/nDvloCTSothsDMklLku2b9VUJbJtskklBmEMhx1mOmbbfplZKqYqNUGayIW/HOsqCEllub6GK/y+15HEVnWd8VpjZ8TkaXENixUkR7BKg26lQm/wAzsiymHEWbkdTfYx6lOIx/t3J+VsymSqXGfjrBHseOySn1Ow2Bd3xOSX3jSkwk1EGPJ7YbC2lKdXT1ZJJtrhJDI4UNlJtCSLTJY7LhRrO0NlhphBIGxBFeXiYMc0osEmljFf5fItolCRXIcE7H0OCxxjYPQZcQ2LBbZvSCVJJRGC7duxj1KcR/TuvtMP8AdcaQ8idXrjGMBsYqIJeY2EiI5uhbe5GgG82RxIjjJ7CY/wCGj1MFT7saJwJQ0RCROZji2vmIyXJ1xcqhVsSCRJMxuSR9+xpXAqBIjqFwlPg8YcLxpHvzKbJQfgoWJtE24LHGBY4xIZUtD8ZSHwlZHyMepTiP6d19pvqgyJRWFWbYoNOo17jLxZpiKqnNKqwCFJWSiQ4PCV4bNLJfcbCW0ubKrK1MZt15mMmdb7IlZFKnLj1DSXSLcbJSDMz7NuwyMg682wkrJ+xXQxERUI+3OaCMPQ0LEykbcFli6FlY4m40bzEqIaHwlwj7GP8AemEf07r7TfV7CMYo4TVAbhLFzg1BdB6hzPFFVWfQZCmH2JLew2GxivgtRkyLTYrTJmmXTr5VmtCENp4dhvyNtLcPdiOLG9QhTFdOtXaqiJoo0YmyLy+kaSMOxULEunbcKxxlKys8RNByIUyEaHxGdI10xiP6d1/rN9Xtxv2YEEuGQtsZo70pGC5HQLg567Dcg2UCyaLyFvfRq9t561vCiQo8Jsi3G+3IRGoyZQ0J9szGbclWFsqpxokiDUoaJthKC+qaSMOR0qEqpbcFhjaFi0w8t11s2C5RyBEeI27kyNM31e3Hi2p+QlGQn1tbatXWFpqnqmzzKS3CqmYp/ceRD79m3YhgzJclthMu7W6qBQvy3a2iQ2TENDZEki6HbcLYSoSaxtwT8dQsP0j8JcS1Q2LaTumU+Rukoj7aIv8AiOV0+Fu6dWtxtPAjlQ2pw/2mROt22j8NPtV1eOpQIlahokNknpdgppKhIrkOCdj6HBPx95BWVLOZWTq0GiQRglkYpPaeWX6MlHHP7dgRGYJpKBJmoaQt6ZOOvx/zhVCGw1HSgiLbqVNkYfgoWJtE24LfEW3im41LiBK3Urp7MmojMttwEZHyS/Rf/TOGxn2IaMwbyGyXLceVGplurh1CSDENKAlBF1poIw9DQsTKRtwWGLoM3a6ZENiyeYOHdkYYnNuBKiPsmei952ASk1H+20H5fmzVyZZxKpKCjwUpCGiT+BNJGHYqViVUNuCZjqFCRjzrZ8U+CcO8EexacEtxJsKPexLYLeS2liJMniFTMxwzCIg2wSQRbfhDIjC2EqDsBCg9VIMTMUjuiRWW9YHLxRN10k5Nk33slcHHkINuMQQwRAkkX4k0EYUwRhUYhZ4rV2aYGAohSo0BmMhLQJH43YcI4ASf+i//xAAkEQABAwIGAgMAAAAAAAAAAAABAgMEABEFBhMhIjESQCBwgP/aAAgBAwEBPwH9KEgd+zLhiUBvan1vYcwkNjyqHIVJa1FC3znYuiKrTSLmhmNYPJFRJSJjQdR683B25StRJsaRlvfmumGERmw2319Qf//EACMRAAICAQMEAwEAAAAAAAAAAAECAwQABRESISIxQAYgcID/2gAIAQIBAT8B/pQkDz7NqqLIHXbJ3loQqIxyypObEXNht97mqpWbgo3ODX3B7lyrZW3GJU9e5pKWW5qdjifH+ve+QQpXQRp4/IP/xABIEAABAgMDBwcJBgQEBwAAAAABAAIDBBESITEQEyJBUXTCICMyQFJhcQUUMDNCYoGhsVByc5HB0QYkY4IVQ2ThNDVTYICSk//aAAgBAQAGPwL/AM12w4rHRo77xDadXehJRpd0rFf0KuqHfH7Rm873Wfu0UHMeszjbPjX7RlZ8Q+fzuate7QlPiR4doy8HOM7nVH2jK7zwlTW7cQ+0ZXeeEqa3biH2jK7zwlTW7cQ6s2HFY6NHfeIbTq70JKNLulYr+hV1Q749ald54SprduIdWm873Wfu0UHMeszjbPjXrUrvPCVNj/S8Q6tKz4h8/nc1a92hKfEjw7Rl4OcZ3OqOtSu88JU5uvG3q0rvPCVNbtxDrUpvXA5Tu6cberSu88JU1u3EOtSW98DlPbnxt6tK7zwlTW7cQ61Jb5wOU7ufG3q0rvPCVNbtxDq9h8dgdsqqg1ySW+cDlO7nxt6tK7zwlTY/0vEOqWnuAHeizP52J2Yd6pAYZeF3YogvJOs1XNx3KkzCDu8KWg+TGF8WFMZxzO6yVPNmYDoZ801j329Wld54SpzdeNvUv5qcYD2ReUYfkmS/vifsqzk1ELT7OAWdmXAeKzMk2y3tcnOwX2XYVVJhger32D3qsN4d4dTlN64HKd3Tjb6e3NzTIfiUYfkyWdHd2jcFZfGMJh9mHcrcap8VajuaFYkYVPeKtRYhcfQ1hRXBUjARAqPObPerUKIHeHUJLe+Byntz42+ktx4zGD3irEo10y/3cEWQP5aGexis5Mve87XFWotAqNo8+6rMu0Qh81aiPLj38q8rpLWrmFXQivVr1a9WqwiWqkeFbCpErDPeqwojXeB9LJb5wOU7ufG30NpxoFc4xXbGKzKtZBbtOKtzUy6KfFc7FbXuX8vLV8VRllngFzkVzvjyb3LRBK0WUWnFWk+qubVXQ10RkxXSXSXSWOSsN5CpFFsKkWsMqsKK13x9FJb5wOU7ufG3lvjxnWWMFpx2BPheSogdZ1uuK5yMaZMKqzbu2DlaRoqQ2Fy0n2VpGpWgxbFefT1hxC1Ue7ODvVI7CwqsKM08uS3zgcp3c+NvLdLPAdbFHA7EZnyLGMnGxs10f9lY8pSxmIA9sfug0Rs3E7L7ldybytAWRtVqK6p71SG1Xnq1WOIVM5bHeqTEOz3hVgxWnkSW+cDlO7nxt5RedQqnRCcVirMQAg7UYkFvmsXtQ8PyVqE7z2WGy+5ZqcaZaJ72CtNjsIPetKYZ+a0IzGt8VXOtJ8VoEBXnrdWOIWnFq33lzgp3tNVzUZpUlvnA5Tu58beVSnrNHk3ouiy4D+224ojzmKKE6166J+a0Y7/zV0Z35rRmYn/sVoTsX8168P8AvBfzEq133Sudtwj3hW4EZrx3Hq3OxgXdlt5VmRl7A2lVmYr3dytQnOae5aWmmyPlaXe+G02gHaio3lCAYliPBzVk6rwf0XNxh8eTCP8AU/TlxmVuER31XrHL1zh8FVkVrlpQT8FeORahRHMPcVSK4Rm+9igy3movZd6bArArDJzr6v1NGKzcEZqH3K1EBK0mroBdBVMNWntY0d6LIDG07RXm0jWYj9liiw5lxqGh1Ca0PIhn+p+nLj/iO+vIvWlDa5VgPp3Fc4z48jQaUIE61z4PvYhCNLvDmn0F5WCw5FTcjAkhU63rOx4dSdaFGrRAWGSrrkWSwtO26lZiPfHjOwYy9N/xCM6Hb6MtDN/9yzrYQbVTP4bfryIwA0mi0FQ8qP8AiO+qqGHk3qgv7lWCwsd8lSLDNNq0mrSARgx2DuOxUa/OSzz8k2YgOq12W5aSuHLMSIaALMwKiF9UHParhyKYu2IxJ2MGQtQC/lB5pLf9R3SPgjFay3Hdg517nFGZmDacTVUaFM/ht+vIIOtRHwmWoJNRTUqFYrHLGP8AVd9VVpQI6StNhkhUe2hyhAPaCr4LSi6Xu91FpNCrnIsfeEJaI7mIxp4HJpK5WnuAHeqyspFiDtdEfNf8Iz/7Bc/Lvh9+IVWmoy2nXALNQqiEPmgS1UAy1iOoiQ/NsGtOlvIrM9EwMU9Bq858pxzNxsRXot8ArlY9iFcFWi+Kmfw2/Xkm5FzW0KvBIVCrysVH/Ed9coFoAgYFANILu7KEMhRDjR2pwVIt/fqyVCgTJvdZo7xyvmY7M5YdZhMOHiVzkQ5MVYb7V9MvmUE/fQcWqgGS04gBWZf80YLXmYmThDZerflmLZhaoEP9ShDgw2saNQCq80Vyc6mJqqAK/apj8Nv15XRR0ES1qwJCo5RTtefQDIclh7agq2zSh/TI+Tix2tiW6taTqy52ALW1qo42TsNy6QVkG044NbeUZmaFl7hZhw+yNpyOia8As468m9AUyUbpOWcnZgNGpqsw2mSlO0fWO/ZcxD0ji83uK7lo/nlqRVUtgeKLmkYhTAB9hvoOiugiQxF8Gu2hVmMwt5QQyHLQhGPLjR1jYpbynCnHy848uNcWm+5UnIJmpYe0NIIQ4rsxFOpytMcCO5UjQYcT7zV/y6D81SXhQ4X3G0V+Rsuzosx8ULr1V5+CLnPEKGMb0ZfyJBtDXMPuaP3Xnc48zMz236vBUCvvKvyX5LwrcR4aAsxKlwha3LQbecTt9FguijzdUXQKt7tSpGhkd/ICGQ8mXhsuAr9VR4qCjEEHzWMf8yFd8kYvk6KZ6VGoX/JZjynDdKRcNLBCLAite04EHLcs9FpU31VmAKe8V5vKMdNzJ9lurxQmPLMa1sgN6A/dBjGhoGAC0lQXDLctEfFXc4/5BZuFz0bYNSESccSNTRgho+lwXRR0EXQQWH5LnYZptGQIZDyZfw5B8+k25w/5jbnJ0z/DHlIxoeOadj+xXmf8SeT4kvEF1sN/RZ6SmYcVvulVVuZi1Psw24laZdIyvZHTd+yzcvDsjWdZWwLR/PkUCrHP9oXOPDG6mjWrEAGDB+ZQJYhorD0+C6KOgi6G2we5abKt2hDIUeRLfd5Wa8oycOM33hejN/w75SiQHj2C79U+Umwxgp69wv8A91nYj3R45xiRLyrltV+S/JaebLVzeiNbijC8nttu1vOCz80S9x2oaKw6nguijoLOQB8FmpkGE7vwVQa8mV/D5RKsA4mia3YOVohdt3yVmuciamhc+S1nYCGguj1fBdFHQREMmmxF7W2grLwQe/LK/hjlFQx72W7LWMfgtJwYzYrEu0w4fa1lVLanaUNFYdb6KOijWHftCJhEupqWbLTawooMBx6DQFjySof3sl+S064bVzd3vFWJVtt3a1LOTBMR3yXRWHX8F0VbbDv20WjUhUfUK8rHKVDHvZKBdpys3vfqaFamjZb2AgGsoFh9h4LoroKsElq5xhptVHFYq4qH4q9Y2QubbmoXaOJWi2rtbjisFh9jYLBdFF0KsJ+1uCtWDFhj2mKy4pt+FSs1Jw847bqCEWcOdibNQWH2ZgsFz0Cy7tsuKdEM1bhHVrQhwYYaP+9//8QALBABAAIBAwIGAgMBAQADAAAAAQARITFBUWFxECBAgZGhscEwUPDR4WCA8f/aAAgBAQABPyH/AO65oBUwrktpg0FXdxgZ/sdx65+hU3/tOuKpel61/YDCCsOrhH3IGpi3Siv7f7H6yf3n9j/WT+8/sf6yf3nps0AqYVyW0waCru4wM+q+sn956b3Hrn6FTf8AtOuKpel616m4dE+7D02MIKw6uEfcgamLdKK/t9VZ+mdM6/TH1k/vPVdt6YUJd/pj6yf3nqu1dMGoeXpj6yf3nqv66H33pj6yf3np/rcIblcQdx8ProffemLh0T7sPSbcC1VUfoljmd4vcdtU7wsx5DcVEgbXiVpTsMOEFGuP+Ul/aTS9MWfpnTOv0JdZYo6hfoI+scSPBbD9Mr6zLCHbjXL2muXxLMjLAqcGtcSmObphlIM+01qTyv0dt6YUJd/84rBHc+IxsM138ziBqpUM2jqu2Caxs6vtKlOh/BO+tH+DTSCqLwyr5YdZWK+FK6Lq9BaumDUPL+Qaie4kdfY5bvEqGgBo7y7p6qWFEI5xCcJ2FwN5J1hYgbq/M6YO7NWMdi3tKOvlkF2k9NDgS9S6Mp+rt5Rs/jiAyj/KfXQ++/hFIy1VgKd8H3GS31I6kxdwh4vG2TEFIzfGDtL7kavvHlaLE0bs2p3zinaf9un/ACibSnAEt4PbwvXTqocqE50PiXiPRleTrayk7oyShc6fxProffecCiunQNWPiHVNnUHaPN9bDFNVl+6LrmZkHaE6vlCsYsWjmbOHBNb35jgfqmiJ2R1qypUCBAgQIECBAgQIELMjhlJRdpqeYjJDlp2vPn+uh995wgvUVltmA3rQJv03jSLXWx2fuGBN1kAtCeXmvg1j8j2s+yZDIODeDxqVKgQIECBAgQIECBAgQIECW4vRlIqG2crkKAG67XnyfXQ++8xomsplVNY5p1Ny9gWMuCXPI6xeF1KvZqQdoq83fb3gzTwhhFn4K5mg5lW2Zt18LNIRzeYp3YyvCpUCBAgQIECBAgQIECBAgQJUDyW6pwwCxLZwoB7AhY2m10z6aH33mLjWefEpVMVj4aWwuoX59n/9IY96rRhSZzS3jSvUXL+ehoX2hoQ73/MvBucLGaE5omfOBcfUNrkCBAgQIECBAgQIECBKgSoHkxUACr3hswFnlj4gfVZJBphOSma7HPFdWPZYVNYZN0uCTLdlTLHJ5P8AWdURfEJUyM1mZYIV3TVwuaD8xA2M+5eKQ3yiNIPXyFjjeqKm8Z+yFoU1evh3lEsgQIECBAgQIECBBcMP/Gh/5Uq3So30TdqXhttrfeAnDzABCAg+CYavxEKbKRhvGzYEypVFrR+92ji1vmLU8nSQ/lBevAgQJZuUv/u0FCdwahpnxK57RmW1nBDLXDJ5GolWZ5U9GAdexIECBAgQL0m2V3h/8IXlB6GEkEWjgMqzbDlH4mQLWrWJFDCaitVhNUJbYBqsp2eL6IMY9Zy+0f3KqKcqOKQ1qf5HLyMDPwrX6jLE0ZhAgQJ/n8odYnaaa+Au0BLcZQw7LdL5D6ZTGItAYZQPzQQYka7Oo+SXSVlu/wCjCrm+HiBAjNC5uKbQQkgggggkJ7VlOhtde6EZCDQScJNghNSJAnGm8MS1jIKuoYeiEGxPnjG5WRYbqUk/yOXkKksFJGaIrqHDL2/MEBgjEECUWLBPvAoq44i1W+tcSzuaMu04k8WIBd4CV4lNElTymr/UrwGozUjrao4/Kj7bBekRz8IQoVGRnqqE9S59sAcvbzza9/pZCZE3IQQ3QBaszKPB+UzNoOg2Sb6ShDo3Y4KNa2sRPPWU77wTbsMAFCiHVXFdd5oJYafZP8jl5LUj8hLJ+QmPo3I4KkoyFOkf4/KaZGbxEVYtW0vVfDw8o0+HhTkJDJoOh1eCElJkY41trowwkhs8tjqalvECngvEdAavKiFVaNMQggmytx+JmLQwgZ1Jg0N2XdCmr0mCE2YvrxF5brdRX3TQzhSIIYHjdlKt88sdmvCKCmmyf5nLyJcGyQJsQqg+Iqo3kmHgS0SJzLk6n7ZvnlKZpQz+Lweb3jQ22iwFN/28Atp1O+iAFkIttSste5LWs65RCH7YY2IFnsS6bti1Nep0hBcQp5ZXlTZYRkC2wTHxmkY7DLl7G8ZOT0HoQj5XNPVmd05MNPt5RVWtspglQTVEdsJdg4mHIOt8soX5UGHaQdsQxofENwT2iHWVULs7qYgOrNwgw8QZ/F4fV7wYoAjqMPsNe/8A+JswuAC0aneC0fv1d9T3i+mzTL6MMPGRUDpvSX5hddv+dZSKutC+dZlWrhAerAEkYZlMd7DViDfWmmJsRz4ji5na5TtbRVRcPoLaaq9vA7HSXijBNQCJd8SzPEsu/Yhm7d9Yv52sP0g7ZhDj8Q1SHZJYiciKHQ9k5WbhBHxyMO0Mxn38Bh1TAUMKG2UvCYiJYzdAVOTy6GcpBBh1edOIMsi3L3294Qh7thIQRdjVESDIUJiAg63T9+5tKqQbXXdgwxUCggMnXTeLqjoHgC9DmFH7Svd5aRPoDdgvyGDTiyIL0WaO66Q2BBSv4tsgjZijGY5o9J0QQPwiEoesTnZmaE4s/H4XV7yvAlw+r8wIkmoTBTMHW9zX3l1C5VPgr/hLfvsqscrruYhBa3tTuakyHCWHPyE4CFr43dj6sUQamonK7xRfuMBpe7WdWGcBcoNcsowr0get21mIqX1UWWzfa/UzTLlXVmCkIBABp/LsEHbEBcITQ/ECm5Tj4l3YmTGbAudpnGfa8anzv9wIECE3yI2Y6Ls6kyZ9vHsD8MwNwPmCsQ61274OICqFwNfP6iqtTSex0nQ0nf02N8Q6qN1bGif9gDL69B2lmH4hCjNp9CnVCciCOEJoPiJaFbjDCNi71feAoQmoxBmbxDwq7aBAgeATthLS9JDN2jwvFGDjwLdPmFGnzK57kOmfwlyODCFjpo+8CuSukCYQfBNPSIdYZkQJsQqg+ILT8EfPvhrK2FqCprDCdZWm5BA8AhFUbaMVfjwqXbQthyyxCgtgftTqxQktBqy3Bbj4IQGJlyLDMHxDwQGj1CDD9IO2IZQ/Ew4bNQlZzuGZU/tkM3Cz2rACjALGBAgQwVo6JoXDgDiHAQWzroyCU1gxfvLRD3XHR2JWrB5RgOnrT9IO2YA4xiE95MRAgf3SUZMMowPD4rIpqU5uH+KiYOQjCK2f3w4gbBBSQsEANP6DZIE2YI4y0ofEQNONoaFe3JCxCKYx8w1Po36hWqiMLH5Y3m3D+AhZnOQpUXAUD/SNkmoCXuMvSqPSVZ2X6Ebe8B8kstHhm24pMrdz8hm4VCMQBUJtM2z+oQZsniQkwLxnk4JSq8XC5/g1hm0I2lV/WIYmV4gm0AP/AIJ//9oADAMBAAIAAwAAABDzzzzzzzzzzzzzzzzzzzzzzzzzzzzzzzzzzzzzzzzzzzzzzzzzzzzzzzzzzzzzzzzzzzzzzzzzzzzzzzzzzzzzzzzzzzzzzzzzzzzzzzzzzzzzzzzzzzzzzzzzzzzzzzzzzzzzzziTzzzzzzzzzzzzzzzzzzzzzzzxTzzzzzzzzzzzzzzzzzzzzzzzxTzzzzzzzzzzzTzzzzzzzzzzzzzzzzzzzzzzwjzzzzzzzzzzzyxzzzzzzzzzzyjzzzzzzzzzzzyhTzzzzzzzzzyzzzzzzzzzTRDDTzjzzzzzzzzzDzzzzzzjDSTQhCyRBjDzzzzzzDzzzQChRgCRDiSzBDCCBDzTzwDzzxwTTCjRxSBTzzzzzwARTTAjzyzgTwQBRywQhCAADDizji8AwzyzTChjTDTTyAQhTRwwQRmFEQzyhigTE5yTjCzjRGItTyGxDxSjyzyDxxTDAARTwznyKyQAzghCRTzyxjQDjSixhxe8zgTARiAQwRzzzzzxxQBAzS1tVRCAAgRjBTzzzzzzzzyzihjAqlyQAgCSBzzzzzzzzzzzzwyCTzuxyBhxzzzzzzzzzzzzzzzzzyxxjQwRzzzzzzzzzzzzzzzzzzzzxyzzzzzzzzzz/8QAJREAAQMDAgYDAAAAAAAAAAAAAQARITFAQVFhECAwUICBkaHB/9oACAEDAQE/EPIt+iFcmuayQ9j4UYa7kvGkDHuEBuZhv0bc5Sy66BQcI2JURYODgiotytx1yCqt8bCfsoeTBalUT25VOAuRcMm77//EACMRAAEDAwQCAwAAAAAAAAAAAAEAESExQFEwQVBhgaEggMH/2gAIAQIBAT8Q+xbaMqTWD6NdAefShiHcl4xA28wgZ6x+jr5mDZrgKBJHRUFAOx2ItyZ5VwVVujoT7QWWDkKJs24QCNw6J53/xAAtEAEAAgEEAQIFBQEAAwEAAAABABEhMUFRYXGBkRAgQKHBMLHR4fBQYHDxgP/aAAgBAQABPxD/APa9/wAfZ0Lt1dsK8Rp70cDdg4CZ/wCjxHv1bL1rPcUfAa7qeDl+a/6Bzc4RXaKGnbM1NfHpGu6FXD/6s8+fPnz5v+Ps6F26u2FeI096OBuwcBM/V+WV/TTxHv1bL1rPcUfAa7qeDl+a+pJaSZjov02c3OEV2ihp2zNTXx6RruhVw/VZz1KeR7p/+iefOR9SgufB6/6P58qDqmTcG1/8J/z5fv8Ayyv6eSzpoZ7IIPVgkfU+pfvyWkmY6L9JhB6xQerDxdAF8MCMExwlMva2ekeEeRputhV8q7aeGG4qDpkwbFsIsmzFVznsC6Y7/TZz1KeR7p/oRAUANViwFwFd4yV6y7B4yL7B+WGUpqwOKYg8W2Iz43YdKi9Qv2eYql1VtXea5dJV5Y1sD1L5RfgVxs8WGOojccpYIRrqDgfJBJSsRw9Po8j6lBc+D1+v7EPjt4GZXdFF9hqiBIuQy2Uyx+88onq5jFMWU+hqY9LmKl/45jBSb1g8GhA3Z50lXA5+IXC1lTHJ6ulr2hJt1CveQZragu3mEkfcX6BQdUybg2v6n5orJH7w5AsK19mQGUUUWuXv4qGXnaC94DILVg+8scHVTLt0iBzgOh50IkTrWKdGsD4hUzHhwmEX4zBP2MHpgh98G/4h+UXBP7/5g2/3P5hEU56ipg4aJTzMRHWWW8zLGYQft9O/flBm6YIOVWBGXaomOchVX5cEUm5G16QwRAAU4p7DSGX4mAvZVsMF+mYerHt+2avbSZXqdE0wawPeC5/hc+0u+PiiaAd31feOWo3P9I5KLfn7Q1ovV+8AUatLoimkerHRPiizh4CH9IQfX7c/+Ahs/sIfVXmBYRu5DSfhvo8wEz9UZPMGr3Fft9E/fsA3mgbTwERX0oqtbktmKiQowA4iFqe2YKZpWntLuGbGp8BFVUtdVi38NZ4lRt25YPcgKI5qHyy92TI+xAPeJSYszpHL82wg/VAAAAOCixclf2BqNeZdzMLZJRhl0J7Jrk/Wfv0klNKVIOtm0Zwh8NeV6nCnUCLCiJrgQsc42w485csxouHLswU8aI38Fv4l0TtzKYUW8omtKZXA+kolxopR7S3FF0EC4HtCCD9EAAHR+gAAHDXIsVP9oLZgC/och7Tbmsk9uv6b9+jAMDwFx0u8dOCCtQ8x0RKOB2Os0hMAC1WmMu5TFmVzoDLa9/MHckMZ7ujwIUhrVCe8ucksGfAuWrB30HvKBU0VD0XMjqAVFzW1VuEBCD9MAAAdHzgAEIwAIECGtDSxUJh+qFAdsWVLVfsU1jFnQz7DGLjZrnz7+pLUVq0KvsMre3HdbthiPC8shZUdOa0LXdTHquMCiZBYRwYcEbqroQfZrnMWaLd1/uJhbeGh/eYsg0pfmXeYKpPzQ8AV6Z4qpgWRlu98I/vBmRg/clocjxs1L2TZgHT5QDo+B0fOAAfAEKwAKIECssDTMUQTrGnrCAI0H64aENzOph9GJTrzdnmoaF8ylZwkDIG1KZNvQ03jRIFavZtldxEaV4h7wAII6J8jiNYERa7x8A+AYSgXWmJqcNiRK9ISomqzooB6ShZW5s/ptN2ABr5xOmJCn5HAFYxX6S2gcHA6EH0OEs+xFEoiWJ8Do/SAAAfo3pF6N6p0rylDJeRgtyCxZyrG18esW4E56u9UUydrdWX+ZW0VCSBh0PEHrFyRyXbQCCUgQAnR+ZuKKAHnRHbKct4yEB4KPkBq/s42suyBvBKJyQTBvGzmWkjaI6kMSwNxph9E94P9xreDVAfG/tGVsjrngZWw6/yvxBWgtYLtt4QSGqUC1pLW7DicR0RdJs/MADqgr1KPSjUK9CpS/ebmmHwQuJ1ToiCZqFAQ27Ky1f7vCKs1lntjwSppLhVauCmBF/ojIrEh7tFBHA2KFJycxDyNWWhTQg4rXpZDodGYuDpRm33q/LAyi37VOf7kqV4yzMm+sI5uWfAzEFhK4CCjbiKQImo/A7lFdWMAQ96+8MR7gjf4Y9tw1ezs29IFp6lnxMt8b4QR6uSBfVDK2icxmUgYcmaLwQZamxzRlcJOj4FgKmn6EhYB6MwuJ1zpnXOmdMsk0bAR3TSqzt/hLrmC2Sl8GxHaJIl4QwrYacGHunviClS6UtjlYjX68l9nG7GXOkChqosDVqajbT76HBAiEOCBLPkBhV1BhEpJnxcWhujqBHiOTBgAbe4aSblUsZmIrJnHIYI17TcX0SUy9C9di9wMMLoqzq41JNaT8DqZk3IchxvVNeYhEfeGrJUNPq/EdE1MBIrXm0Z4zVzTsxJwOgJgeLaGYOq9K3lBiP8AMwYEdQAy3SBOG2hXsYs7LgQMdn2QYckoH7tawk4WJYzrm7UR6JbAEJPQw38vxAvYDkgoiuCOhnAKi0tKwZ8BHrOEpGqu0A3FCRWLd44IHE3Gi8Pg8uYCIGACggQoBslZXmGiEDNQcDT935cGCNSAZejtMtyWmo3EHQbj8wcjDwLeWAhNxCwyhVYHkagqFy3vBZYIITUWgmOd4UQ3Lks3eXbFf/YZyQnE3J+KAGYz40g5hbNYjJ0m5EC5Nq/wvXwSMsBqJoymYztv4y/WdU64sKGT93RgviBExQaArYMVEBRvjiUtqOFsqIgYsBhtQ2nROiBGFHdu384GjQ5IYIoqUrAU1CLRC9Hg8PEYl63T4sHtiUJcnCAyujEJk1DF6EN3HTV4iVcA+RnKmVa3BWiDSLan88ZX8gAKSJgW4HIvqJSLuGKFaBTHSp8N1DKspMIy/wAmaA4Ep6yrYEo5MPMA1zKonMq9k0IaVcMwLyhigpRp2cMVsC0M9f5fARcwkgWh2uvWEHEdEnXFa/q6/PI9S0PFO+WMudl64VNGvkm8FjAnUqqXi4GAGydEtmesnSDqqUtVbWEmKC8QgAAascuDRsPLB/jfl2ByppS4KfZhN3MGSGVLDVXLCKUWuIP5mC6v08EeOTVWCFhjS4OXcN/SUXJVaUCGuDvGyiQHR/uhD8rUCLBLe0NEX1FdF3D9MWiUZXfMairbTtKpU1eR4dJVENHEJ0fgIB8hG0Z0lKm8D2mOn7Tah9noFiR2p4Oe05/ZCqCmUusKTBg+kq6mec1rlrGFEX7Tt2oyaOO6hXkB6JyJBYJgpR933hLVXeSvtjFAOq2DvU94jGJyq2s6ImnLoYV/BGsmLVKkVdx6EcUAFg5Zmd6ao3zLXjEMGm6SNzTPG8LLXBMnUNjj5d4+OA0GA8E0hmX03P8AEW0ug3ioMpZZVkEXltaBGUiX/bmDRiHJbtmDfHzoCkjARnmAWZ1F8dYu7VYUZW6lbCvyRarKoK/XaE0fch40zDLEn3UH7JrRGhOzKrzdDXEqZgARKRMJAMJR0BSiUm1TgOyOGBZl0Fn/ACKj0EvOB3FUGtghdWECtNBgPZAEFFYlzwmpOiBxAKFIxMlUl5ljgh4OiIkZK4fOiYhm41wBja84gOzFgGgBDLB1Dq/iKrvePLvA50gNlcjSJKOd3r/UtVQ4A8sY4VnWvzD/AH8oNMBHCEWR6O75jUiggdOCCA/RQdSDtjMJEX1M2l9QMDDY3GWr2tWLzs9Imemg+ruespo+7DpGpvD+hNCo+0Yb8qHCBWYkmvFL+7m5G8NTFK4524DUlDxNixCGC0pDUeXLtBdBht6Lym7ZHpAEvdDkdhjIQ4ARXnSLjhTOOHlj4MhS6poeNYG10DyCsp7l8p/irmYLN6jxxMrYq8wKyHEMrxtj+YfWsAIdva0X5OIuFlJ9LGVli+0jHlbJegqitOV3mHJA2gAAOobQ/VApg0dfUstl6lpC7i4X11DzognQ+Vovc1JQeKGjBgBozOjlAqBvCKImv3l8kFjRjwWlV+Ak7p2nDHq4EZjOpIoYEgkIDZndhmd4qZeaWQ9XB6JdMjXg8sylB9v8y3B4lmrXYgktPRr/AFLxRXAlaRZca+CHdPyS3i9I8RkBV6d0fA1svQNCK4kCCYiHEEAGPoSsI8ED1LPS+oluu4yky2xAACFM6dbfWWmCFgTpgOnVgoglHMepXA3fu/IAGxKpm+qUyeDC91qaJQvoVAvUxLNI2RpADLBlFHL8EGjy6rWWbpusB5Yjs3JdX8xwp4z6fBgI/YMpKdt4xAUogzArqGQSoAKCvpC6EdCLlnC+pdQu4QR7wV9m0LklQUTxvHSTpRHoyoBmCCY5b4oBsSqCIo3GPewbfa/xAvLCBYBa1oeWANs+0QG5dAIHrLld+TiByDL93dmiV7gXTaNHfVl2sakqqDBldQah9RqBEwluWIL6iMq7gmULTV4ma+fFdG+dGEBPNDoqanpRuGYvXnuVpN/GLPE9oqUiy/cEilwXxELbwHL5YAAAGxKaD1w34hMgc704izw1fv5XeOhLcoaXitoNArqBgGJpg+rQSkjARnmATL6jeMt7QzEugKesYqjgrMKKrUDBD/Vmdk9wUmj3CqxFS9RGaD+DCDC06uxBqUe29+ZQW1otvsaRVmRRqd/xBq6BQjYgrqGgSoBQ+vQdSFojMPEX1Fmy+oRdQCi5EKpbXvovq8RH3lhNme4Tlsd4Qi37oi2cOC1jkb1Lz5cwipsKAS4G47PlgCD2gKhjqBUB/wAQSmAUVfUK3XUEYAiNhiCiyDJ70+1RUtNBYbOqfePCKxwIxHbJV6Af3NWloPfgww6RqdG8NJiAFBCjGAEaYP8Aj6oQpwm1Iq6HtNMX1AvdYfUmpTg+y0U7wI41RD2XeUCwWXANB/zNSIzYjZGwCCYP/BP/2Q==","provType":"MONITORING","date":"2018-03-12T10:59:00.125Z"}}},"provision.device.location":{"_value":{"_current":{"value":{"position":{"type":"Point","coordinates":[39.62467550256621,3.1096776465796636]},"postal":"28033","source":"GPS"},"provType":"MONITORING","date":"2018-03-12T10:59:00.099Z"}}},"provision.device.model":{"_value":{"_current":{"value":{"name":"OpenGate","version":"1.0","manufacturer":"OpenGate"},"provType":"MONITORING","date":"2018-03-12T10:59:00.905Z"}}},"provision.device.name":{"_value":{"_current":{"value":"CHD_DEV_1 name","provType":"MONITORING","date":"2018-03-12T10:59:00.82Z"}}},"provision.device.specificType":{"_value":{"_current":{"value":"SENSOR","provType":"MONITORING","date":"2018-03-12T10:59:00.122Z"}}},"resourceType":{"_value":{"_current":{"value":"entity.device","provType":"IDENTIFIER","date":"2018-03-12T10:59:01.011Z"}}}},{"provision.administration.channel":{"_value":{"_current":{"value":"default_channel","provType":"MONITORING","date":"2018-03-12T11:00:01.207Z"}}},"provision.administration.identifier":{"_value":{"_current":{"value":"CHD_DEV_10","provType":"MONITORING","date":"2018-03-12T11:00:01.21Z"}}},"provision.administration.organization":{"_value":{"_current":{"value":"chemacorp","provType":"MONITORING","date":"2018-03-12T11:00:01.206Z"}}},"provision.administration.plan":{"_value":{"_current":{"value":"FLOW_RATE_100","provType":"MONITORING","date":"2018-03-12T11:00:01.203Z"}}},"provision.administration.serviceGroup":{"_value":{"_current":{"value":"emptyServiceGroup","provType":"MONITORING","date":"2018-03-12T11:00:01.204Z"}}},"provision.device.administrativeState":{"_value":{"_current":{"value":"ACTIVE","provType":"MONITORING","date":"2018-03-12T11:00:01.603Z"}}},"provision.device.communicationModules[].description":[{"_index":{"path":"provision.device.communicationModules[].identifier","value":{"_current":{"value":"COMMS1_SN_CHD_DEV_10","provType":"MONITORING","date":"2018-03-12T11:00:01.411Z"}}},"_value":{"_current":{"value":"COMMS1_SN_CHD_DEV_10 desc","provType":"MONITORING","date":"2018-03-12T11:00:01.596Z"}}},{"_index":{"path":"provision.device.communicationModules[].identifier","value":{"_current":{"value":"COMMS2_SN_CHD_DEV_10","provType":"MONITORING","date":"2018-03-12T11:00:01.409Z"}}},"_value":{"_current":{"value":"COMMS2_SN_CHD_DEV_10 desc","provType":"MONITORING","date":"2018-03-12T11:00:01.309Z"}}}],"provision.device.communicationModules[].identifier":[{"_index":{"path":"provision.device.communicationModules[].identifier","value":{"_current":{"value":"COMMS1_SN_CHD_DEV_10","provType":"MONITORING","date":"2018-03-12T11:00:01.411Z"}}},"_value":{"_current":{"value":"COMMS1_SN_CHD_DEV_10","provType":"MONITORING","date":"2018-03-12T11:00:01.411Z"}}},{"_index":{"path":"provision.device.communicationModules[].identifier","value":{"_current":{"value":"COMMS2_SN_CHD_DEV_10","provType":"MONITORING","date":"2018-03-12T11:00:01.409Z"}}},"_value":{"_current":{"value":"COMMS2_SN_CHD_DEV_10","provType":"MONITORING","date":"2018-03-12T11:00:01.409Z"}}}],"provision.device.communicationModules[].name":[{"_index":{"path":"provision.device.communicationModules[].identifier","value":{"_current":{"value":"COMMS1_SN_CHD_DEV_10","provType":"MONITORING","date":"2018-03-12T11:00:01.411Z"}}},"_value":{"_current":{"value":"COMMS1_SN_CHD_DEV_10 name","provType":"MONITORING","date":"2018-03-12T11:00:01.412Z"}}},{"_index":{"path":"provision.device.communicationModules[].identifier","value":{"_current":{"value":"COMMS2_SN_CHD_DEV_10","provType":"MONITORING","date":"2018-03-12T11:00:01.409Z"}}},"_value":{"_current":{"value":"COMMS2_SN_CHD_DEV_10 name","provType":"MONITORING","date":"2018-03-12T11:00:01.311Z"}}}],"provision.device.communicationModules[].subscriber.administrativeState":[{"_index":{"path":"provision.device.communicationModules[].identifier","value":{"_current":{"value":"COMMS1_SN_CHD_DEV_10","provType":"MONITORING","date":"2018-03-12T11:00:01.411Z"}}},"_value":{"_current":{"value":"ACTIVE","provType":"MONITORING","date":"2018-03-12T11:00:01.503Z"}}},{"_index":{"path":"provision.device.communicationModules[].identifier","value":{"_current":{"value":"COMMS2_SN_CHD_DEV_10","provType":"MONITORING","date":"2018-03-12T11:00:01.409Z"}}},"_value":{"_current":{"value":"ACTIVE","provType":"MONITORING","date":"2018-03-12T11:00:01.308Z"}}}],"provision.device.communicationModules[].subscriber.description":[{"_index":{"path":"provision.device.communicationModules[].identifier","value":{"_current":{"value":"COMMS1_SN_CHD_DEV_10","provType":"MONITORING","date":"2018-03-12T11:00:01.411Z"}}},"_value":{"_current":{"value":"SUBS1_SN_CHD_DEV_10 desc","provType":"MONITORING","date":"2018-03-12T11:00:01.42Z"}}},{"_index":{"path":"provision.device.communicationModules[].identifier","value":{"_current":{"value":"COMMS2_SN_CHD_DEV_10","provType":"MONITORING","date":"2018-03-12T11:00:01.409Z"}}},"_value":{"_current":{"value":"SUBS2_SN_CHD_DEV_10 desc","provType":"MONITORING","date":"2018-03-12T11:00:01.297Z"}}}],"provision.device.communicationModules[].subscriber.identifier":[{"_index":{"path":"provision.device.communicationModules[].identifier","value":{"_current":{"value":"COMMS1_SN_CHD_DEV_10","provType":"MONITORING","date":"2018-03-12T11:00:01.411Z"}}},"_value":{"_current":{"value":"SUBS1_SN_CHD_DEV_10","provType":"MONITORING","date":"2018-03-12T11:00:01.423Z"}}},{"_index":{"path":"provision.device.communicationModules[].identifier","value":{"_current":{"value":"COMMS2_SN_CHD_DEV_10","provType":"MONITORING","date":"2018-03-12T11:00:01.409Z"}}},"_value":{"_current":{"value":"SUBS2_SN_CHD_DEV_10","provType":"MONITORING","date":"2018-03-12T11:00:01.219Z"}}}],"provision.device.communicationModules[].subscriber.model":[{"_index":{"path":"provision.device.communicationModules[].identifier","value":{"_current":{"value":"COMMS1_SN_CHD_DEV_10","provType":"MONITORING","date":"2018-03-12T11:00:01.411Z"}}},"_value":{"_current":{"value":{"name":"TEST","version":"1.0","manufacturer":"sb-HD"},"provType":"MONITORING","date":"2018-03-12T11:00:01.417Z"}}},{"_index":{"path":"provision.device.communicationModules[].identifier","value":{"_current":{"value":"COMMS2_SN_CHD_DEV_10","provType":"MONITORING","date":"2018-03-12T11:00:01.409Z"}}},"_value":{"_current":{"value":{"name":"TEST","version":"1.0","manufacturer":"sb-HD"},"provType":"MONITORING","date":"2018-03-12T11:00:01.221Z"}}}],"provision.device.communicationModules[].subscriber.name":[{"_index":{"path":"provision.device.communicationModules[].identifier","value":{"_current":{"value":"COMMS1_SN_CHD_DEV_10","provType":"MONITORING","date":"2018-03-12T11:00:01.411Z"}}},"_value":{"_current":{"value":"SUBS1_SN_CHD_DEV_10 name","provType":"MONITORING","date":"2018-03-12T11:00:01.419Z"}}},{"_index":{"path":"provision.device.communicationModules[].identifier","value":{"_current":{"value":"COMMS2_SN_CHD_DEV_10","provType":"MONITORING","date":"2018-03-12T11:00:01.409Z"}}},"_value":{"_current":{"value":"SUBS2_SN_CHD_DEV_10 name","provType":"MONITORING","date":"2018-03-12T11:00:01.305Z"}}}],"provision.device.communicationModules[].subscriber.serialNumber":[{"_index":{"path":"provision.device.communicationModules[].identifier","value":{"_current":{"value":"COMMS1_SN_CHD_DEV_10","provType":"MONITORING","date":"2018-03-12T11:00:01.411Z"}}},"_value":{"_current":{"value":"SUBS1_SN_CHD_DEV_10ICC","provType":"IDENTIFIER","date":"2018-03-12T11:00:01.414Z"}}},{"_index":{"path":"provision.device.communicationModules[].identifier","value":{"_current":{"value":"COMMS2_SN_CHD_DEV_10","provType":"MONITORING","date":"2018-03-12T11:00:01.409Z"}}},"_value":{"_current":{"value":"SUBS2_SN_CHD_DEV_10ICC","provType":"IDENTIFIER","date":"2018-03-12T11:00:01.299Z"}}}],"provision.device.communicationModules[].subscriber.software":[{"_index":{"path":"provision.device.communicationModules[].identifier","value":{"_current":{"value":"COMMS1_SN_CHD_DEV_10","provType":"MONITORING","date":"2018-03-12T11:00:01.411Z"}}},"_value":{"_current":{"value":{"name":"software","version":"1.0","type":"SOFTWARE"},"provType":"MONITORING","date":"2018-03-12T11:00:01.5Z"}}},{"_index":{"path":"provision.device.communicationModules[].identifier","value":{"_current":{"value":"COMMS2_SN_CHD_DEV_10","provType":"MONITORING","date":"2018-03-12T11:00:01.409Z"}}},"_value":{"_current":{"value":{"name":"software","version":"1.0","type":"SOFTWARE"},"provType":"MONITORING","date":"2018-03-12T11:00:01.303Z"}}}],"provision.device.communicationModules[].subscriber.specificType":[{"_index":{"path":"provision.device.communicationModules[].identifier","value":{"_current":{"value":"COMMS1_SN_CHD_DEV_10","provType":"MONITORING","date":"2018-03-12T11:00:01.411Z"}}},"_value":{"_current":{"value":"GENERIC","provType":"MONITORING","date":"2018-03-12T11:00:01.496Z"}}},{"_index":{"path":"provision.device.communicationModules[].identifier","value":{"_current":{"value":"COMMS2_SN_CHD_DEV_10","provType":"MONITORING","date":"2018-03-12T11:00:01.409Z"}}},"_value":{"_current":{"value":"GENERIC","provType":"MONITORING","date":"2018-03-12T11:00:01.223Z"}}}],"provision.device.communicationModules[].subscription.address":[{"_index":{"path":"provision.device.communicationModules[].identifier","value":{"_current":{"value":"COMMS1_SN_CHD_DEV_10","provType":"MONITORING","date":"2018-03-12T11:00:01.411Z"}}},"_value":{"_current":{"value":{"type":"IPV4","value":"172.18.19.24","apn":"movistar.es"},"provType":"REFERENCE","date":"2018-03-12T11:00:01.512Z"}}},{"_index":{"path":"provision.device.communicationModules[].identifier","value":{"_current":{"value":"COMMS2_SN_CHD_DEV_10","provType":"MONITORING","date":"2018-03-12T11:00:01.409Z"}}},"_value":{"_current":{"value":{"type":"IPV4","value":"172.18.19.24","apn":"movistar.es"},"provType":"REFERENCE","date":"2018-03-12T11:00:01.319Z"}}}],"provision.device.communicationModules[].subscription.administrativeState":[{"_index":{"path":"provision.device.communicationModules[].identifier","value":{"_current":{"value":"COMMS1_SN_CHD_DEV_10","provType":"MONITORING","date":"2018-03-12T11:00:01.411Z"}}},"_value":{"_current":{"value":"ACTIVE","provType":"MONITORING","date":"2018-03-12T11:00:01.515Z"}}},{"_index":{"path":"provision.device.communicationModules[].identifier","value":{"_current":{"value":"COMMS2_SN_CHD_DEV_10","provType":"MONITORING","date":"2018-03-12T11:00:01.409Z"}}},"_value":{"_current":{"value":"ACTIVE","provType":"MONITORING","date":"2018-03-12T11:00:01.322Z"}}}],"provision.device.communicationModules[].subscription.description":[{"_index":{"path":"provision.device.communicationModules[].identifier","value":{"_current":{"value":"COMMS1_SN_CHD_DEV_10","provType":"MONITORING","date":"2018-03-12T11:00:01.411Z"}}},"_value":{"_current":{"value":"SUBT1_SN_CHD_DEV_10 desc","provType":"MONITORING","date":"2018-03-12T11:00:01.523Z"}}},{"_index":{"path":"provision.device.communicationModules[].identifier","value":{"_current":{"value":"COMMS2_SN_CHD_DEV_10","provType":"MONITORING","date":"2018-03-12T11:00:01.409Z"}}},"_value":{"_current":{"value":"SUBT2_SN_CHD_DEV_10 desc","provType":"MONITORING","date":"2018-03-12T11:00:01.316Z"}}}],"provision.device.communicationModules[].subscription.identifier":[{"_index":{"path":"provision.device.communicationModules[].identifier","value":{"_current":{"value":"COMMS1_SN_CHD_DEV_10","provType":"MONITORING","date":"2018-03-12T11:00:01.411Z"}}},"_value":{"_current":{"value":"SUBT1_SN_CHD_DEV_10","provType":"MONITORING","date":"2018-03-12T11:00:01.509Z"}}},{"_index":{"path":"provision.device.communicationModules[].identifier","value":{"_current":{"value":"COMMS2_SN_CHD_DEV_10","provType":"MONITORING","date":"2018-03-12T11:00:01.409Z"}}},"_value":{"_current":{"value":"SUBT2_SN_CHD_DEV_10","provType":"MONITORING","date":"2018-03-12T11:00:01.406Z"}}}],"provision.device.communicationModules[].subscription.mobile.homeOperator":[{"_index":{"path":"provision.device.communicationModules[].identifier","value":{"_current":{"value":"COMMS1_SN_CHD_DEV_10","provType":"MONITORING","date":"2018-03-12T11:00:01.411Z"}}},"_value":{"_current":{"value":"Telefónica Móviles España, SAU","provType":"MONITORING","date":"2018-03-12T11:00:01.522Z"}}},{"_index":{"path":"provision.device.communicationModules[].identifier","value":{"_current":{"value":"COMMS2_SN_CHD_DEV_10","provType":"MONITORING","date":"2018-03-12T11:00:01.409Z"}}},"_value":{"_current":{"value":"Telefónica Móviles España, SAU","provType":"MONITORING","date":"2018-03-12T11:00:01.403Z"}}}],"provision.device.communicationModules[].subscription.mobile.imsi":[{"_index":{"path":"provision.device.communicationModules[].identifier","value":{"_current":{"value":"COMMS1_SN_CHD_DEV_10","provType":"MONITORING","date":"2018-03-12T11:00:01.411Z"}}},"_value":{"_current":{"value":"SUBT1_SN_CHD_DEV_10_IMSI","provType":"IDENTIFIER","date":"2018-03-12T11:00:01.516Z"}}},{"_index":{"path":"provision.device.communicationModules[].identifier","value":{"_current":{"value":"COMMS2_SN_CHD_DEV_10","provType":"MONITORING","date":"2018-03-12T11:00:01.409Z"}}},"_value":{"_current":{"value":"SUBT2_SN_CHD_DEV_10_IMSI","provType":"IDENTIFIER","date":"2018-03-12T11:00:01.324Z"}}}],"provision.device.communicationModules[].subscription.mobile.msisdn":[{"_index":{"path":"provision.device.communicationModules[].identifier","value":{"_current":{"value":"COMMS1_SN_CHD_DEV_10","provType":"MONITORING","date":"2018-03-12T11:00:01.411Z"}}},"_value":{"_current":{"value":"MSISDN_FAKE","provType":"MONITORING","date":"2018-03-12T11:00:01.52Z"}}},{"_index":{"path":"provision.device.communicationModules[].identifier","value":{"_current":{"value":"COMMS2_SN_CHD_DEV_10","provType":"MONITORING","date":"2018-03-12T11:00:01.409Z"}}},"_value":{"_current":{"value":"MSISDN_FAKE","provType":"MONITORING","date":"2018-03-12T11:00:01.401Z"}}}],"provision.device.communicationModules[].subscription.mobile.registeredOperator":[{"_index":{"path":"provision.device.communicationModules[].identifier","value":{"_current":{"value":"COMMS1_SN_CHD_DEV_10","provType":"MONITORING","date":"2018-03-12T11:00:01.411Z"}}},"_value":{"_current":{"value":"Telefónica Móviles España, SAU","provType":"MONITORING","date":"2018-03-12T11:00:01.518Z"}}},{"_index":{"path":"provision.device.communicationModules[].identifier","value":{"_current":{"value":"COMMS2_SN_CHD_DEV_10","provType":"MONITORING","date":"2018-03-12T11:00:01.409Z"}}},"_value":{"_current":{"value":"Telefónica Móviles España, SAU","provType":"MONITORING","date":"2018-03-12T11:00:01.397Z"}}}],"provision.device.communicationModules[].subscription.name":[{"_index":{"path":"provision.device.communicationModules[].identifier","value":{"_current":{"value":"COMMS1_SN_CHD_DEV_10","provType":"MONITORING","date":"2018-03-12T11:00:01.411Z"}}},"_value":{"_current":{"value":"SUBT1_SN_CHD_DEV_10 name","provType":"MONITORING","date":"2018-03-12T11:00:01.524Z"}}},{"_index":{"path":"provision.device.communicationModules[].identifier","value":{"_current":{"value":"COMMS2_SN_CHD_DEV_10","provType":"MONITORING","date":"2018-03-12T11:00:01.409Z"}}},"_value":{"_current":{"value":"SUBT2_SN_CHD_DEV_10 name","provType":"MONITORING","date":"2018-03-12T11:00:01.408Z"}}}],"provision.device.communicationModules[].subscription.specificType":[{"_index":{"path":"provision.device.communicationModules[].identifier","value":{"_current":{"value":"COMMS1_SN_CHD_DEV_10","provType":"MONITORING","date":"2018-03-12T11:00:01.411Z"}}},"_value":{"_current":{"value":"MOBILE","provType":"MONITORING","date":"2018-03-12T11:00:01.506Z"}}},{"_index":{"path":"provision.device.communicationModules[].identifier","value":{"_current":{"value":"COMMS2_SN_CHD_DEV_10","provType":"MONITORING","date":"2018-03-12T11:00:01.409Z"}}},"_value":{"_current":{"value":"MOBILE","provType":"MONITORING","date":"2018-03-12T11:00:01.314Z"}}}],"provision.device.description":{"_value":{"_current":{"value":"CHD_DEV_10 desc","provType":"MONITORING","date":"2018-03-12T11:00:01.211Z"}}},"provision.device.identifier":{"_value":{"_current":{"value":"CHD_DEV_10","provType":"MONITORING","date":"2018-03-12T11:00:01.214Z"}}},"provision.device.image":{"_value":{"_current":{"value":"data:image/jpeg;base64,/9j/4AAQSkZJRgABAQEASABIAAD/2wBDAAMCAgICAgMCAgIDAwMDBAYEBAQEBAgGBgUGCQgKCgkICQkKDA8MCgsOCwkJDRENDg8QEBEQCgwSExIQEw8QEBD/2wBDAQMDAwQDBAgEBAgQCwkLEBAQEBAQEBAQEBAQEBAQEBAQEBAQEBAQEBAQEBAQEBAQEBAQEBAQEBAQEBAQEBAQEBD/wgARCAGQAZADASIAAhEBAxEB/8QAHAABAAEFAQEAAAAAAAAAAAAAAAYCAwQFBwgB/8QAGQEBAQEBAQEAAAAAAAAAAAAAAAEEBQMG/9oADAMBAAIQAxAAAAH1SAAAAAAAAAAAAAAAAAAAAAAAAAAAAAAAAAAAAAAAAAAAAAAAAAAAAAAAAAAAAAAAAAAAAAAAAAAAAAAAAAAAAAAAAAAAAAAAAAAAAAAAAAAAAAAQUnTlnUwAAAAAAAAAAAAAAAAAAAAAAB499hcLPP8A7z8s+pwAAAAAAAAAAAAAAAAAAAAAABxjs/GCG+mfM3pkAAAAAAAAAAAAAAAAAAAAAAAcY7PxghvpnzN6ZAAAAAAAAAAILpuIQ096Pn0AAAAAAAAAAAcX7Rw8h/qDyh6vAAAAAAAAAAOFwzoENPTIAAAAAAAAAAAHBO9+eiC+v/GnssAAAAAAAAAA4xDZlDT0yAAAAAAAAAAAxcgq87+iPO5zz2X409lgAAAAAAAAAHGIbMYOeoAAAAAAAACOkio4tGTsUIs/DS5mrHQYFb+kQ9fefJedURmRFwAAAAAAAAHD4BNOdnr8AAAAAxjJc7gh2vm0KlxDL0/05sMeK2i/Y+gfQ+Wy79xfhmZun+nQJZxX6ejr3neVHXkRk5fAAAAAB565z0Pnh7LAAAWeQnYo7yvVkxjGNcN5fitJINPjgUFX3BpM3GtCtjWjM+4X0zWJUZCzUXftuouV2qi9ma+om0v45UeicrzrJjsiEykzQAAed+edD54eywACg1XmjsUFOMTKYRElX3kW5OhsS2Z9nVVl/wCY+MbDFs1D79+ipUPv36KlQqVCpUKlQqVCpUKlQvW6iRyvmX07xm8A3p2JBpWcF550Lnp7LAA0W9hxz+J7jTi5R9M+DSy2cJwZNgkU10u1hocuzryVb7mw7fLvMV49SVcH6cSyr5WPv2o+VqhUqFSo+Vfaj5V9rKaqvp8+tQbjTwLZFGv6zLU4bt+1Xl5Rn9RjR0rZeV+wHSAIXNI0cY11usrqVC9brOJ4tVmS9XifLdjYx7ho470W4cpdB1xD7/Tpscz7VgcrO4VYWeKlwpqyskwsjKrLN25WU11VlP1AjM18t6ERST7PKTVZu3xS7HoZzMkfPZTG1k3ZY9ITpgGv2GKeWYz6P42WNvzbKOj1x3eHE95o8PJi2+FizPNmiFMljWvZ9y8XJ06usdR5b1oh3NumcHKIbpcAnfoHyJ6tNzmXKyzYt0cnjZv3X53N5mwu67bd/wCipXYhp1aybWuhlvMyc1Me7qOZLPOUauRGhkt60cz6RqOhFOxw8w6WADH00h+HKuZendUePa/R/NDgX2QQ4233X5hd+qinKsZJ1XrHKOsEN4j27hxroROxyvvPLOunWbnEpeSrXynI5PGj1O9zsHP12bXV3/o9doc/pXt7XNzTEyRwKB4xTn7S6U3KPh9fai5MYVYOg67mPWTo/wBt3AAAC3rdsOfc29D4B4rg/ufnZ5dzptADYZWg251/rPJetkL4f3Hh5rqvn0v+ivN/oQmUBmtaed913aODL4x8XtVWu25ur8IgBJIxuNiWshSV0qj5V9zjHytTBTf6WV9YIn0rMyh9AAAAACnDzhEIB23FPIHP/ccFOQ9n5ptjM4j1HkJR9ouD0T539HpvqlYqfbLuBm2l88ZG7kUun3qs+vn0VLpbyrkeN/BLPQSCdclcgMDZ1gAAAAAAAAD5YyBHoV1W0eaeSe3IgeLc/uHKDD9L+TfRZ0arXbFPtfyuxh5uGvIJNo97L9fLh8rvVlWLqss0e9nkxI5Lsu4fPoAAAAAAAAAAAALdwamK9AoPPMK9Wxs89TLfQw6JteKSNOm4WDfrl0hjcnl+5ON8LNyZyki0s22WWb/0AAAAAAAAAAAAAAAAKahiavf/AAgsO7PjnnDXelomcAnuz6eQ2Z7PKMXMrAAAAAAAAAAAAAAAAAAAAAHyi4LFdwfPoAAAAAAAAf/EADMQAAAGAQIDBwMDBAMAAAAAAAABAgMEBQYHERIgQBATFCEzNTYwMVAiIzQVFiQyJWCA/9oACAEBAAEFAv8A2vkeWwMdFBn8C5lfkM677+54fe+LL7fj9UYcfwem0KPKvPyGqPs+l3vH5DVH2fS73j8hqj7Ppd7x0uR5bAx0UGfwLmV1OqPs+l3vHS51339zw+98WX26jVI9qbStW930uqMOP4PTaFHlXnU6sq4aTSNfFfdLqj7Ppd7x1OsSuGh0aXxZB0uqPs+l3vHU61Hw4/op55D0uqPs+l3vHU62fH9E/kHS6o+z6Xe8dMqVHQojJRDWz4/on8g6XVI9qbStW930alpQU7KqiEHr62tDdNaXI9nNjCNlbpDUwzyWi0dhSoeRdLqyrhpNI18V90Nhf1NYU3PX3h3V9cqi4/FhplWLaS5I8t+K5FymQgRsgr5AQ424XRaxK4aHRpfFkH1plnAgJn6gRkCTb5JcnDxd102qqurkv3SEE6+8+r6DMuSwcbJ5bYjZFBfDbzTxfX1qPhx/RTzyH6b0liMmdmtbHEvIshsw1jsqUqNjkZgjk1UISL19YccW6rl3IgbrZDxDY8QO+WO8dHG8ON4Mzpsc4uVTWxFyaA+Gn2Xi+prZ8f0T+QfQUpKCl38CMJeSWb5/0+RYON19XEH9ThMBy6lqDkh57lUtCQclI45Ch3bpju2SG8ch3yCHiFDv1jvXB3ix3ix3ix3ix3qw1NkMnGyiY0IuTwXgzKjvl9HWz4/on8g5nnm47SNRqyxXIs5kobmCVsDfdMuVS0oBydxwvrHAwgeIQkG+4Y3Uf123nWji5FPYEbKIrgZmRpBc2tnx/RP5BzWDzRtZBp5WLUdhlGOHXZPV2IIyPlW8hsd4+6O6bSDkJSFOrV0yFrQca9nxxGydlYYmRpJdutnx/RP5ByrUSEyZRmcmWtS0yCUVjh9LZhcLLMbOuzKDINMuMtK58NseNS+CciNhUviG+/VoWtBsX82KImVRXwzOiyBrZ8f0T+QctxJ8PElu/oPzMEoyCJJkLmprrE/6LHSTlXGQFsIbCuJI8VJSG7eyaDWTW7QYzR8hHy2sdJiVGkp6WXbwYQfyOY+fg7OebNRJjhqfaxTkzWb2LiNRWYxaMWMORy5Me0SSrdPITBLOSg/EqhpUF1CFB2jfDkCW0DIy5G3nWVQcqsoorMjgWAL6mw4THCobH2TrWJAJ+0s7Q4GNOunCxtpsM1sdsigtLCaSMoHWwIyZ1hEbTIyRht7EpUp7kyo9oLp7p5EHsJjn+Z3w70E6OMjDkZh8n6VJh+HIj8iGXViqyGfVqiymJjXMTajBMgmkgkkNhsNgeySnW5rOJjpTFwscjMEiGlsEgw2wZhLaWymXjLRXGTNsOWq5ckY/WoiNYp/L7chY8RVFJTsSiPlm/wAwm1nyEowTg4ScD1D4g/7anoVDxYzEXHmGhLpq2QwTkzFp0OWzOY7CSZhLIJBENhsNhsNhsFrQ0iXMfsnKujJIYjIaIiCGjMJZISJbEYry8XHbORcXQebg49DpYL1jMXHSxFxT+X2yT/Re18qBJZsjI2JyFhLiVdsvymtLQ4U8myCIr6yNCkH2MH+5UElYZiRlNWMZpgSromzlZAJtr4lOK3CoE0ghkEnYKUhtKHnXh/nDvloCTSothsDMklLku2b9VUJbJtskklBmEMhx1mOmbbfplZKqYqNUGayIW/HOsqCEllub6GK/y+15HEVnWd8VpjZ8TkaXENixUkR7BKg26lQm/wAzsiymHEWbkdTfYx6lOIx/t3J+VsymSqXGfjrBHseOySn1Ow2Bd3xOSX3jSkwk1EGPJ7YbC2lKdXT1ZJJtrhJDI4UNlJtCSLTJY7LhRrO0NlhphBIGxBFeXiYMc0osEmljFf5fItolCRXIcE7H0OCxxjYPQZcQ2LBbZvSCVJJRGC7duxj1KcR/TuvtMP8AdcaQ8idXrjGMBsYqIJeY2EiI5uhbe5GgG82RxIjjJ7CY/wCGj1MFT7saJwJQ0RCROZji2vmIyXJ1xcqhVsSCRJMxuSR9+xpXAqBIjqFwlPg8YcLxpHvzKbJQfgoWJtE24LHGBY4xIZUtD8ZSHwlZHyMepTiP6d19pvqgyJRWFWbYoNOo17jLxZpiKqnNKqwCFJWSiQ4PCV4bNLJfcbCW0ubKrK1MZt15mMmdb7IlZFKnLj1DSXSLcbJSDMz7NuwyMg682wkrJ+xXQxERUI+3OaCMPQ0LEykbcFli6FlY4m40bzEqIaHwlwj7GP8AemEf07r7TfV7CMYo4TVAbhLFzg1BdB6hzPFFVWfQZCmH2JLew2GxivgtRkyLTYrTJmmXTr5VmtCENp4dhvyNtLcPdiOLG9QhTFdOtXaqiJoo0YmyLy+kaSMOxULEunbcKxxlKys8RNByIUyEaHxGdI10xiP6d1/rN9Xtxv2YEEuGQtsZo70pGC5HQLg567Dcg2UCyaLyFvfRq9t561vCiQo8Jsi3G+3IRGoyZQ0J9szGbclWFsqpxokiDUoaJthKC+qaSMOR0qEqpbcFhjaFi0w8t11s2C5RyBEeI27kyNM31e3Hi2p+QlGQn1tbatXWFpqnqmzzKS3CqmYp/ceRD79m3YhgzJclthMu7W6qBQvy3a2iQ2TENDZEki6HbcLYSoSaxtwT8dQsP0j8JcS1Q2LaTumU+Rukoj7aIv8AiOV0+Fu6dWtxtPAjlQ2pw/2mROt22j8NPtV1eOpQIlahokNknpdgppKhIrkOCdj6HBPx95BWVLOZWTq0GiQRglkYpPaeWX6MlHHP7dgRGYJpKBJmoaQt6ZOOvx/zhVCGw1HSgiLbqVNkYfgoWJtE24LfEW3im41LiBK3Urp7MmojMttwEZHyS/Rf/TOGxn2IaMwbyGyXLceVGplurh1CSDENKAlBF1poIw9DQsTKRtwWGLoM3a6ZENiyeYOHdkYYnNuBKiPsmei952ASk1H+20H5fmzVyZZxKpKCjwUpCGiT+BNJGHYqViVUNuCZjqFCRjzrZ8U+CcO8EexacEtxJsKPexLYLeS2liJMniFTMxwzCIg2wSQRbfhDIjC2EqDsBCg9VIMTMUjuiRWW9YHLxRN10k5Nk33slcHHkINuMQQwRAkkX4k0EYUwRhUYhZ4rV2aYGAohSo0BmMhLQJH43YcI4ASf+i//xAAkEQABAwIGAgMAAAAAAAAAAAABAgMEABEFBhMhIjESQCBwgP/aAAgBAwEBPwH9KEgd+zLhiUBvan1vYcwkNjyqHIVJa1FC3znYuiKrTSLmhmNYPJFRJSJjQdR683B25StRJsaRlvfmumGERmw2319Qf//EACMRAAICAQMEAwEAAAAAAAAAAAECAwQABRESISIxQAYgcID/2gAIAQIBAT8B/pQkDz7NqqLIHXbJ3loQqIxyypObEXNht97mqpWbgo3ODX3B7lyrZW3GJU9e5pKWW5qdjifH+ve+QQpXQRp4/IP/xABIEAABAgMDBwcJBgQEBwAAAAABAAIDBBESITEQEyJBUXTCICMyQFJhcQUUMDNCYoGhsVByc5HB0QYkY4IVQ2ThNDVTYICSk//aAAgBAQAGPwL/AM12w4rHRo77xDadXehJRpd0rFf0KuqHfH7Rm873Wfu0UHMeszjbPjX7RlZ8Q+fzuate7QlPiR4doy8HOM7nVH2jK7zwlTW7cQ+0ZXeeEqa3biH2jK7zwlTW7cQ6s2HFY6NHfeIbTq70JKNLulYr+hV1Q749ald54SprduIdWm873Wfu0UHMeszjbPjXrUrvPCVNj/S8Q6tKz4h8/nc1a92hKfEjw7Rl4OcZ3OqOtSu88JU5uvG3q0rvPCVNbtxDrUpvXA5Tu6cberSu88JU1u3EOtSW98DlPbnxt6tK7zwlTW7cQ61Jb5wOU7ufG3q0rvPCVNbtxDq9h8dgdsqqg1ySW+cDlO7nxt6tK7zwlTY/0vEOqWnuAHeizP52J2Yd6pAYZeF3YogvJOs1XNx3KkzCDu8KWg+TGF8WFMZxzO6yVPNmYDoZ801j329Wld54SpzdeNvUv5qcYD2ReUYfkmS/vifsqzk1ELT7OAWdmXAeKzMk2y3tcnOwX2XYVVJhger32D3qsN4d4dTlN64HKd3Tjb6e3NzTIfiUYfkyWdHd2jcFZfGMJh9mHcrcap8VajuaFYkYVPeKtRYhcfQ1hRXBUjARAqPObPerUKIHeHUJLe+Byntz42+ktx4zGD3irEo10y/3cEWQP5aGexis5Mve87XFWotAqNo8+6rMu0Qh81aiPLj38q8rpLWrmFXQivVr1a9WqwiWqkeFbCpErDPeqwojXeB9LJb5wOU7ufG30NpxoFc4xXbGKzKtZBbtOKtzUy6KfFc7FbXuX8vLV8VRllngFzkVzvjyb3LRBK0WUWnFWk+qubVXQ10RkxXSXSXSWOSsN5CpFFsKkWsMqsKK13x9FJb5wOU7ufG3lvjxnWWMFpx2BPheSogdZ1uuK5yMaZMKqzbu2DlaRoqQ2Fy0n2VpGpWgxbFefT1hxC1Ue7ODvVI7CwqsKM08uS3zgcp3c+NvLdLPAdbFHA7EZnyLGMnGxs10f9lY8pSxmIA9sfug0Rs3E7L7ldybytAWRtVqK6p71SG1Xnq1WOIVM5bHeqTEOz3hVgxWnkSW+cDlO7nxt5RedQqnRCcVirMQAg7UYkFvmsXtQ8PyVqE7z2WGy+5ZqcaZaJ72CtNjsIPetKYZ+a0IzGt8VXOtJ8VoEBXnrdWOIWnFq33lzgp3tNVzUZpUlvnA5Tu58beVSnrNHk3ouiy4D+224ojzmKKE6166J+a0Y7/zV0Z35rRmYn/sVoTsX8168P8AvBfzEq133Sudtwj3hW4EZrx3Hq3OxgXdlt5VmRl7A2lVmYr3dytQnOae5aWmmyPlaXe+G02gHaio3lCAYliPBzVk6rwf0XNxh8eTCP8AU/TlxmVuER31XrHL1zh8FVkVrlpQT8FeORahRHMPcVSK4Rm+9igy3movZd6bArArDJzr6v1NGKzcEZqH3K1EBK0mroBdBVMNWntY0d6LIDG07RXm0jWYj9liiw5lxqGh1Ca0PIhn+p+nLj/iO+vIvWlDa5VgPp3Fc4z48jQaUIE61z4PvYhCNLvDmn0F5WCw5FTcjAkhU63rOx4dSdaFGrRAWGSrrkWSwtO26lZiPfHjOwYy9N/xCM6Hb6MtDN/9yzrYQbVTP4bfryIwA0mi0FQ8qP8AiO+qqGHk3qgv7lWCwsd8lSLDNNq0mrSARgx2DuOxUa/OSzz8k2YgOq12W5aSuHLMSIaALMwKiF9UHParhyKYu2IxJ2MGQtQC/lB5pLf9R3SPgjFay3Hdg517nFGZmDacTVUaFM/ht+vIIOtRHwmWoJNRTUqFYrHLGP8AVd9VVpQI6StNhkhUe2hyhAPaCr4LSi6Xu91FpNCrnIsfeEJaI7mIxp4HJpK5WnuAHeqyspFiDtdEfNf8Iz/7Bc/Lvh9+IVWmoy2nXALNQqiEPmgS1UAy1iOoiQ/NsGtOlvIrM9EwMU9Bq858pxzNxsRXot8ArlY9iFcFWi+Kmfw2/Xkm5FzW0KvBIVCrysVH/Ed9coFoAgYFANILu7KEMhRDjR2pwVIt/fqyVCgTJvdZo7xyvmY7M5YdZhMOHiVzkQ5MVYb7V9MvmUE/fQcWqgGS04gBWZf80YLXmYmThDZerflmLZhaoEP9ShDgw2saNQCq80Vyc6mJqqAK/apj8Nv15XRR0ES1qwJCo5RTtefQDIclh7agq2zSh/TI+Tix2tiW6taTqy52ALW1qo42TsNy6QVkG044NbeUZmaFl7hZhw+yNpyOia8As468m9AUyUbpOWcnZgNGpqsw2mSlO0fWO/ZcxD0ji83uK7lo/nlqRVUtgeKLmkYhTAB9hvoOiugiQxF8Gu2hVmMwt5QQyHLQhGPLjR1jYpbynCnHy848uNcWm+5UnIJmpYe0NIIQ4rsxFOpytMcCO5UjQYcT7zV/y6D81SXhQ4X3G0V+Rsuzosx8ULr1V5+CLnPEKGMb0ZfyJBtDXMPuaP3Xnc48zMz236vBUCvvKvyX5LwrcR4aAsxKlwha3LQbecTt9FguijzdUXQKt7tSpGhkd/ICGQ8mXhsuAr9VR4qCjEEHzWMf8yFd8kYvk6KZ6VGoX/JZjynDdKRcNLBCLAite04EHLcs9FpU31VmAKe8V5vKMdNzJ9lurxQmPLMa1sgN6A/dBjGhoGAC0lQXDLctEfFXc4/5BZuFz0bYNSESccSNTRgho+lwXRR0EXQQWH5LnYZptGQIZDyZfw5B8+k25w/5jbnJ0z/DHlIxoeOadj+xXmf8SeT4kvEF1sN/RZ6SmYcVvulVVuZi1Psw24laZdIyvZHTd+yzcvDsjWdZWwLR/PkUCrHP9oXOPDG6mjWrEAGDB+ZQJYhorD0+C6KOgi6G2we5abKt2hDIUeRLfd5Wa8oycOM33hejN/w75SiQHj2C79U+Umwxgp69wv8A91nYj3R45xiRLyrltV+S/JaebLVzeiNbijC8nttu1vOCz80S9x2oaKw6nguijoLOQB8FmpkGE7vwVQa8mV/D5RKsA4mia3YOVohdt3yVmuciamhc+S1nYCGguj1fBdFHQREMmmxF7W2grLwQe/LK/hjlFQx72W7LWMfgtJwYzYrEu0w4fa1lVLanaUNFYdb6KOijWHftCJhEupqWbLTawooMBx6DQFjySof3sl+S064bVzd3vFWJVtt3a1LOTBMR3yXRWHX8F0VbbDv20WjUhUfUK8rHKVDHvZKBdpys3vfqaFamjZb2AgGsoFh9h4LoroKsElq5xhptVHFYq4qH4q9Y2QubbmoXaOJWi2rtbjisFh9jYLBdFF0KsJ+1uCtWDFhj2mKy4pt+FSs1Jw847bqCEWcOdibNQWH2ZgsFz0Cy7tsuKdEM1bhHVrQhwYYaP+9//8QALBABAAIBAwIGAgMBAQADAAAAAQARITFBUWFxECBAgZGhscEwUPDR4WCA8f/aAAgBAQABPyH/AO65oBUwrktpg0FXdxgZ/sdx65+hU3/tOuKpel61/YDCCsOrhH3IGpi3Siv7f7H6yf3n9j/WT+8/sf6yf3nps0AqYVyW0waCru4wM+q+sn956b3Hrn6FTf8AtOuKpel616m4dE+7D02MIKw6uEfcgamLdKK/t9VZ+mdM6/TH1k/vPVdt6YUJd/pj6yf3nqu1dMGoeXpj6yf3nqv66H33pj6yf3np/rcIblcQdx8ProffemLh0T7sPSbcC1VUfoljmd4vcdtU7wsx5DcVEgbXiVpTsMOEFGuP+Ul/aTS9MWfpnTOv0JdZYo6hfoI+scSPBbD9Mr6zLCHbjXL2muXxLMjLAqcGtcSmObphlIM+01qTyv0dt6YUJd/84rBHc+IxsM138ziBqpUM2jqu2Caxs6vtKlOh/BO+tH+DTSCqLwyr5YdZWK+FK6Lq9BaumDUPL+Qaie4kdfY5bvEqGgBo7y7p6qWFEI5xCcJ2FwN5J1hYgbq/M6YO7NWMdi3tKOvlkF2k9NDgS9S6Mp+rt5Rs/jiAyj/KfXQ++/hFIy1VgKd8H3GS31I6kxdwh4vG2TEFIzfGDtL7kavvHlaLE0bs2p3zinaf9un/ACibSnAEt4PbwvXTqocqE50PiXiPRleTrayk7oyShc6fxProffecCiunQNWPiHVNnUHaPN9bDFNVl+6LrmZkHaE6vlCsYsWjmbOHBNb35jgfqmiJ2R1qypUCBAgQIECBAgQIELMjhlJRdpqeYjJDlp2vPn+uh995wgvUVltmA3rQJv03jSLXWx2fuGBN1kAtCeXmvg1j8j2s+yZDIODeDxqVKgQIECBAgQIECBAgQIECW4vRlIqG2crkKAG67XnyfXQ++8xomsplVNY5p1Ny9gWMuCXPI6xeF1KvZqQdoq83fb3gzTwhhFn4K5mg5lW2Zt18LNIRzeYp3YyvCpUCBAgQIECBAgQIECBAgQJUDyW6pwwCxLZwoB7AhY2m10z6aH33mLjWefEpVMVj4aWwuoX59n/9IY96rRhSZzS3jSvUXL+ehoX2hoQ73/MvBucLGaE5omfOBcfUNrkCBAgQIECBAgQIECBKgSoHkxUACr3hswFnlj4gfVZJBphOSma7HPFdWPZYVNYZN0uCTLdlTLHJ5P8AWdURfEJUyM1mZYIV3TVwuaD8xA2M+5eKQ3yiNIPXyFjjeqKm8Z+yFoU1evh3lEsgQIECBAgQIECBBcMP/Gh/5Uq3So30TdqXhttrfeAnDzABCAg+CYavxEKbKRhvGzYEypVFrR+92ji1vmLU8nSQ/lBevAgQJZuUv/u0FCdwahpnxK57RmW1nBDLXDJ5GolWZ5U9GAdexIECBAgQL0m2V3h/8IXlB6GEkEWjgMqzbDlH4mQLWrWJFDCaitVhNUJbYBqsp2eL6IMY9Zy+0f3KqKcqOKQ1qf5HLyMDPwrX6jLE0ZhAgQJ/n8odYnaaa+Au0BLcZQw7LdL5D6ZTGItAYZQPzQQYka7Oo+SXSVlu/wCjCrm+HiBAjNC5uKbQQkgggggkJ7VlOhtde6EZCDQScJNghNSJAnGm8MS1jIKuoYeiEGxPnjG5WRYbqUk/yOXkKksFJGaIrqHDL2/MEBgjEECUWLBPvAoq44i1W+tcSzuaMu04k8WIBd4CV4lNElTymr/UrwGozUjrao4/Kj7bBekRz8IQoVGRnqqE9S59sAcvbzza9/pZCZE3IQQ3QBaszKPB+UzNoOg2Sb6ShDo3Y4KNa2sRPPWU77wTbsMAFCiHVXFdd5oJYafZP8jl5LUj8hLJ+QmPo3I4KkoyFOkf4/KaZGbxEVYtW0vVfDw8o0+HhTkJDJoOh1eCElJkY41trowwkhs8tjqalvECngvEdAavKiFVaNMQggmytx+JmLQwgZ1Jg0N2XdCmr0mCE2YvrxF5brdRX3TQzhSIIYHjdlKt88sdmvCKCmmyf5nLyJcGyQJsQqg+Iqo3kmHgS0SJzLk6n7ZvnlKZpQz+Lweb3jQ22iwFN/28Atp1O+iAFkIttSste5LWs65RCH7YY2IFnsS6bti1Nep0hBcQp5ZXlTZYRkC2wTHxmkY7DLl7G8ZOT0HoQj5XNPVmd05MNPt5RVWtspglQTVEdsJdg4mHIOt8soX5UGHaQdsQxofENwT2iHWVULs7qYgOrNwgw8QZ/F4fV7wYoAjqMPsNe/8A+JswuAC0aneC0fv1d9T3i+mzTL6MMPGRUDpvSX5hddv+dZSKutC+dZlWrhAerAEkYZlMd7DViDfWmmJsRz4ji5na5TtbRVRcPoLaaq9vA7HSXijBNQCJd8SzPEsu/Yhm7d9Yv52sP0g7ZhDj8Q1SHZJYiciKHQ9k5WbhBHxyMO0Mxn38Bh1TAUMKG2UvCYiJYzdAVOTy6GcpBBh1edOIMsi3L3294Qh7thIQRdjVESDIUJiAg63T9+5tKqQbXXdgwxUCggMnXTeLqjoHgC9DmFH7Svd5aRPoDdgvyGDTiyIL0WaO66Q2BBSv4tsgjZijGY5o9J0QQPwiEoesTnZmaE4s/H4XV7yvAlw+r8wIkmoTBTMHW9zX3l1C5VPgr/hLfvsqscrruYhBa3tTuakyHCWHPyE4CFr43dj6sUQamonK7xRfuMBpe7WdWGcBcoNcsowr0get21mIqX1UWWzfa/UzTLlXVmCkIBABp/LsEHbEBcITQ/ECm5Tj4l3YmTGbAudpnGfa8anzv9wIECE3yI2Y6Ls6kyZ9vHsD8MwNwPmCsQ61274OICqFwNfP6iqtTSex0nQ0nf02N8Q6qN1bGif9gDL69B2lmH4hCjNp9CnVCciCOEJoPiJaFbjDCNi71feAoQmoxBmbxDwq7aBAgeATthLS9JDN2jwvFGDjwLdPmFGnzK57kOmfwlyODCFjpo+8CuSukCYQfBNPSIdYZkQJsQqg+ILT8EfPvhrK2FqCprDCdZWm5BA8AhFUbaMVfjwqXbQthyyxCgtgftTqxQktBqy3Bbj4IQGJlyLDMHxDwQGj1CDD9IO2IZQ/Ew4bNQlZzuGZU/tkM3Cz2rACjALGBAgQwVo6JoXDgDiHAQWzroyCU1gxfvLRD3XHR2JWrB5RgOnrT9IO2YA4xiE95MRAgf3SUZMMowPD4rIpqU5uH+KiYOQjCK2f3w4gbBBSQsEANP6DZIE2YI4y0ofEQNONoaFe3JCxCKYx8w1Po36hWqiMLH5Y3m3D+AhZnOQpUXAUD/SNkmoCXuMvSqPSVZ2X6Ebe8B8kstHhm24pMrdz8hm4VCMQBUJtM2z+oQZsniQkwLxnk4JSq8XC5/g1hm0I2lV/WIYmV4gm0AP/AIJ//9oADAMBAAIAAwAAABDzzzzzzzzzzzzzzzzzzzzzzzzzzzzzzzzzzzzzzzzzzzzzzzzzzzzzzzzzzzzzzzzzzzzzzzzzzzzzzzzzzzzzzzzzzzzzzzzzzzzzzzzzzzzzzzzzzzzzzzzzzzzzzzzzzzzzzziTzzzzzzzzzzzzzzzzzzzzzzzxTzzzzzzzzzzzzzzzzzzzzzzzxTzzzzzzzzzzzTzzzzzzzzzzzzzzzzzzzzzzwjzzzzzzzzzzzyxzzzzzzzzzzyjzzzzzzzzzzzyhTzzzzzzzzzyzzzzzzzzzTRDDTzjzzzzzzzzzDzzzzzzjDSTQhCyRBjDzzzzzzDzzzQChRgCRDiSzBDCCBDzTzwDzzxwTTCjRxSBTzzzzzwARTTAjzyzgTwQBRywQhCAADDizji8AwzyzTChjTDTTyAQhTRwwQRmFEQzyhigTE5yTjCzjRGItTyGxDxSjyzyDxxTDAARTwznyKyQAzghCRTzyxjQDjSixhxe8zgTARiAQwRzzzzzxxQBAzS1tVRCAAgRjBTzzzzzzzzyzihjAqlyQAgCSBzzzzzzzzzzzzwyCTzuxyBhxzzzzzzzzzzzzzzzzzyxxjQwRzzzzzzzzzzzzzzzzzzzzxyzzzzzzzzzz/8QAJREAAQMDAgYDAAAAAAAAAAAAAQARITFAQVFhECAwUICBkaHB/9oACAEDAQE/EPIt+iFcmuayQ9j4UYa7kvGkDHuEBuZhv0bc5Sy66BQcI2JURYODgiotytx1yCqt8bCfsoeTBalUT25VOAuRcMm77//EACMRAAEDAwQCAwAAAAAAAAAAAAEAESExQFEwQVBhgaEggMH/2gAIAQIBAT8Q+xbaMqTWD6NdAefShiHcl4xA28wgZ6x+jr5mDZrgKBJHRUFAOx2ItyZ5VwVVujoT7QWWDkKJs24QCNw6J53/xAAtEAEAAgEEAQIFBQEAAwEAAAABABEhMUFRYXGBkRAgQKHBMLHR4fBQYHDxgP/aAAgBAQABPxD/APa9/wAfZ0Lt1dsK8Rp70cDdg4CZ/wCjxHv1bL1rPcUfAa7qeDl+a/6Bzc4RXaKGnbM1NfHpGu6FXD/6s8+fPnz5v+Ps6F26u2FeI096OBuwcBM/V+WV/TTxHv1bL1rPcUfAa7qeDl+a+pJaSZjov02c3OEV2ihp2zNTXx6RruhVw/VZz1KeR7p/+iefOR9SgufB6/6P58qDqmTcG1/8J/z5fv8Ayyv6eSzpoZ7IIPVgkfU+pfvyWkmY6L9JhB6xQerDxdAF8MCMExwlMva2ekeEeRputhV8q7aeGG4qDpkwbFsIsmzFVznsC6Y7/TZz1KeR7p/oRAUANViwFwFd4yV6y7B4yL7B+WGUpqwOKYg8W2Iz43YdKi9Qv2eYql1VtXea5dJV5Y1sD1L5RfgVxs8WGOojccpYIRrqDgfJBJSsRw9Po8j6lBc+D1+v7EPjt4GZXdFF9hqiBIuQy2Uyx+88onq5jFMWU+hqY9LmKl/45jBSb1g8GhA3Z50lXA5+IXC1lTHJ6ulr2hJt1CveQZragu3mEkfcX6BQdUybg2v6n5orJH7w5AsK19mQGUUUWuXv4qGXnaC94DILVg+8scHVTLt0iBzgOh50IkTrWKdGsD4hUzHhwmEX4zBP2MHpgh98G/4h+UXBP7/5g2/3P5hEU56ipg4aJTzMRHWWW8zLGYQft9O/flBm6YIOVWBGXaomOchVX5cEUm5G16QwRAAU4p7DSGX4mAvZVsMF+mYerHt+2avbSZXqdE0wawPeC5/hc+0u+PiiaAd31feOWo3P9I5KLfn7Q1ovV+8AUatLoimkerHRPiizh4CH9IQfX7c/+Ahs/sIfVXmBYRu5DSfhvo8wEz9UZPMGr3Fft9E/fsA3mgbTwERX0oqtbktmKiQowA4iFqe2YKZpWntLuGbGp8BFVUtdVi38NZ4lRt25YPcgKI5qHyy92TI+xAPeJSYszpHL82wg/VAAAAOCixclf2BqNeZdzMLZJRhl0J7Jrk/Wfv0klNKVIOtm0Zwh8NeV6nCnUCLCiJrgQsc42w485csxouHLswU8aI38Fv4l0TtzKYUW8omtKZXA+kolxopR7S3FF0EC4HtCCD9EAAHR+gAAHDXIsVP9oLZgC/och7Tbmsk9uv6b9+jAMDwFx0u8dOCCtQ8x0RKOB2Os0hMAC1WmMu5TFmVzoDLa9/MHckMZ7ujwIUhrVCe8ucksGfAuWrB30HvKBU0VD0XMjqAVFzW1VuEBCD9MAAAdHzgAEIwAIECGtDSxUJh+qFAdsWVLVfsU1jFnQz7DGLjZrnz7+pLUVq0KvsMre3HdbthiPC8shZUdOa0LXdTHquMCiZBYRwYcEbqroQfZrnMWaLd1/uJhbeGh/eYsg0pfmXeYKpPzQ8AV6Z4qpgWRlu98I/vBmRg/clocjxs1L2TZgHT5QDo+B0fOAAfAEKwAKIECssDTMUQTrGnrCAI0H64aENzOph9GJTrzdnmoaF8ylZwkDIG1KZNvQ03jRIFavZtldxEaV4h7wAII6J8jiNYERa7x8A+AYSgXWmJqcNiRK9ISomqzooB6ShZW5s/ptN2ABr5xOmJCn5HAFYxX6S2gcHA6EH0OEs+xFEoiWJ8Do/SAAAfo3pF6N6p0rylDJeRgtyCxZyrG18esW4E56u9UUydrdWX+ZW0VCSBh0PEHrFyRyXbQCCUgQAnR+ZuKKAHnRHbKct4yEB4KPkBq/s42suyBvBKJyQTBvGzmWkjaI6kMSwNxph9E94P9xreDVAfG/tGVsjrngZWw6/yvxBWgtYLtt4QSGqUC1pLW7DicR0RdJs/MADqgr1KPSjUK9CpS/ebmmHwQuJ1ToiCZqFAQ27Ky1f7vCKs1lntjwSppLhVauCmBF/ojIrEh7tFBHA2KFJycxDyNWWhTQg4rXpZDodGYuDpRm33q/LAyi37VOf7kqV4yzMm+sI5uWfAzEFhK4CCjbiKQImo/A7lFdWMAQ96+8MR7gjf4Y9tw1ezs29IFp6lnxMt8b4QR6uSBfVDK2icxmUgYcmaLwQZamxzRlcJOj4FgKmn6EhYB6MwuJ1zpnXOmdMsk0bAR3TSqzt/hLrmC2Sl8GxHaJIl4QwrYacGHunviClS6UtjlYjX68l9nG7GXOkChqosDVqajbT76HBAiEOCBLPkBhV1BhEpJnxcWhujqBHiOTBgAbe4aSblUsZmIrJnHIYI17TcX0SUy9C9di9wMMLoqzq41JNaT8DqZk3IchxvVNeYhEfeGrJUNPq/EdE1MBIrXm0Z4zVzTsxJwOgJgeLaGYOq9K3lBiP8AMwYEdQAy3SBOG2hXsYs7LgQMdn2QYckoH7tawk4WJYzrm7UR6JbAEJPQw38vxAvYDkgoiuCOhnAKi0tKwZ8BHrOEpGqu0A3FCRWLd44IHE3Gi8Pg8uYCIGACggQoBslZXmGiEDNQcDT935cGCNSAZejtMtyWmo3EHQbj8wcjDwLeWAhNxCwyhVYHkagqFy3vBZYIITUWgmOd4UQ3Lks3eXbFf/YZyQnE3J+KAGYz40g5hbNYjJ0m5EC5Nq/wvXwSMsBqJoymYztv4y/WdU64sKGT93RgviBExQaArYMVEBRvjiUtqOFsqIgYsBhtQ2nROiBGFHdu384GjQ5IYIoqUrAU1CLRC9Hg8PEYl63T4sHtiUJcnCAyujEJk1DF6EN3HTV4iVcA+RnKmVa3BWiDSLan88ZX8gAKSJgW4HIvqJSLuGKFaBTHSp8N1DKspMIy/wAmaA4Ep6yrYEo5MPMA1zKonMq9k0IaVcMwLyhigpRp2cMVsC0M9f5fARcwkgWh2uvWEHEdEnXFa/q6/PI9S0PFO+WMudl64VNGvkm8FjAnUqqXi4GAGydEtmesnSDqqUtVbWEmKC8QgAAascuDRsPLB/jfl2ByppS4KfZhN3MGSGVLDVXLCKUWuIP5mC6v08EeOTVWCFhjS4OXcN/SUXJVaUCGuDvGyiQHR/uhD8rUCLBLe0NEX1FdF3D9MWiUZXfMairbTtKpU1eR4dJVENHEJ0fgIB8hG0Z0lKm8D2mOn7Tah9noFiR2p4Oe05/ZCqCmUusKTBg+kq6mec1rlrGFEX7Tt2oyaOO6hXkB6JyJBYJgpR933hLVXeSvtjFAOq2DvU94jGJyq2s6ImnLoYV/BGsmLVKkVdx6EcUAFg5Zmd6ao3zLXjEMGm6SNzTPG8LLXBMnUNjj5d4+OA0GA8E0hmX03P8AEW0ug3ioMpZZVkEXltaBGUiX/bmDRiHJbtmDfHzoCkjARnmAWZ1F8dYu7VYUZW6lbCvyRarKoK/XaE0fch40zDLEn3UH7JrRGhOzKrzdDXEqZgARKRMJAMJR0BSiUm1TgOyOGBZl0Fn/ACKj0EvOB3FUGtghdWECtNBgPZAEFFYlzwmpOiBxAKFIxMlUl5ljgh4OiIkZK4fOiYhm41wBja84gOzFgGgBDLB1Dq/iKrvePLvA50gNlcjSJKOd3r/UtVQ4A8sY4VnWvzD/AH8oNMBHCEWR6O75jUiggdOCCA/RQdSDtjMJEX1M2l9QMDDY3GWr2tWLzs9Imemg+ruespo+7DpGpvD+hNCo+0Yb8qHCBWYkmvFL+7m5G8NTFK4524DUlDxNixCGC0pDUeXLtBdBht6Lym7ZHpAEvdDkdhjIQ4ARXnSLjhTOOHlj4MhS6poeNYG10DyCsp7l8p/irmYLN6jxxMrYq8wKyHEMrxtj+YfWsAIdva0X5OIuFlJ9LGVli+0jHlbJegqitOV3mHJA2gAAOobQ/VApg0dfUstl6lpC7i4X11DzognQ+Vovc1JQeKGjBgBozOjlAqBvCKImv3l8kFjRjwWlV+Ak7p2nDHq4EZjOpIoYEgkIDZndhmd4qZeaWQ9XB6JdMjXg8sylB9v8y3B4lmrXYgktPRr/AFLxRXAlaRZca+CHdPyS3i9I8RkBV6d0fA1svQNCK4kCCYiHEEAGPoSsI8ED1LPS+oluu4yky2xAACFM6dbfWWmCFgTpgOnVgoglHMepXA3fu/IAGxKpm+qUyeDC91qaJQvoVAvUxLNI2RpADLBlFHL8EGjy6rWWbpusB5Yjs3JdX8xwp4z6fBgI/YMpKdt4xAUogzArqGQSoAKCvpC6EdCLlnC+pdQu4QR7wV9m0LklQUTxvHSTpRHoyoBmCCY5b4oBsSqCIo3GPewbfa/xAvLCBYBa1oeWANs+0QG5dAIHrLld+TiByDL93dmiV7gXTaNHfVl2sakqqDBldQah9RqBEwluWIL6iMq7gmULTV4ma+fFdG+dGEBPNDoqanpRuGYvXnuVpN/GLPE9oqUiy/cEilwXxELbwHL5YAAAGxKaD1w34hMgc704izw1fv5XeOhLcoaXitoNArqBgGJpg+rQSkjARnmATL6jeMt7QzEugKesYqjgrMKKrUDBD/Vmdk9wUmj3CqxFS9RGaD+DCDC06uxBqUe29+ZQW1otvsaRVmRRqd/xBq6BQjYgrqGgSoBQ+vQdSFojMPEX1Fmy+oRdQCi5EKpbXvovq8RH3lhNme4Tlsd4Qi37oi2cOC1jkb1Lz5cwipsKAS4G47PlgCD2gKhjqBUB/wAQSmAUVfUK3XUEYAiNhiCiyDJ70+1RUtNBYbOqfePCKxwIxHbJV6Af3NWloPfgww6RqdG8NJiAFBCjGAEaYP8Aj6oQpwm1Iq6HtNMX1AvdYfUmpTg+y0U7wI41RD2XeUCwWXANB/zNSIzYjZGwCCYP/BP/2Q==","provType":"MONITORING","date":"2018-03-12T11:00:01.216Z"}}},"provision.device.location":{"_value":{"_current":{"value":{"position":{"type":"Point","coordinates":[40.78375249031102,5.90943812094679]},"postal":"28033","source":"GPS"},"provType":"MONITORING","date":"2018-03-12T11:00:01.613Z"}}},"provision.device.model":{"_value":{"_current":{"value":{"name":"OpenGate","version":"1.0","manufacturer":"OpenGate"},"provType":"MONITORING","date":"2018-03-12T11:00:01.618Z"}}},"provision.device.name":{"_value":{"_current":{"value":"CHD_DEV_10 name","provType":"MONITORING","date":"2018-03-12T11:00:01.606Z"}}},"provision.device.specificType":{"_value":{"_current":{"value":"CONCENTRATOR","provType":"MONITORING","date":"2018-03-12T11:00:01.601Z"}}},"resourceType":{"_value":{"_current":{"value":"entity.device","provType":"IDENTIFIER","date":"2018-03-12T11:00:01.619Z"}}}},{"provision.administration.channel":{"_value":{"_current":{"value":"default_channel","provType":"MONITORING","date":"2018-03-12T11:00:06.712Z"}}},"provision.administration.identifier":{"_value":{"_current":{"value":"CHD_DEV_11","provType":"MONITORING","date":"2018-03-12T11:00:06.708Z"}}},"provision.administration.organization":{"_value":{"_current":{"value":"chemacorp","provType":"MONITORING","date":"2018-03-12T11:00:06.711Z"}}},"provision.administration.plan":{"_value":{"_current":{"value":"FLOW_RATE_100","provType":"MONITORING","date":"2018-03-12T11:00:06.705Z"}}},"provision.administration.serviceGroup":{"_value":{"_current":{"value":"emptyServiceGroup","provType":"MONITORING","date":"2018-03-12T11:00:06.709Z"}}},"provision.device.administrativeState":{"_value":{"_current":{"value":"ACTIVE","provType":"MONITORING","date":"2018-03-12T11:00:06.338Z"}}},"provision.device.communicationModules[].description":[{"_index":{"path":"provision.device.communicationModules[].identifier","value":{"_current":{"value":"COMMS1_SN_CHD_DEV_11","provType":"MONITORING","date":"2018-03-12T11:00:06.605Z"}}},"_value":{"_current":{"value":"COMMS1_SN_CHD_DEV_11 desc","provType":"MONITORING","date":"2018-03-12T11:00:06.608Z"}}},{"_index":{"path":"provision.device.communicationModules[].identifier","value":{"_current":{"value":"COMMS2_SN_CHD_DEV_11","provType":"MONITORING","date":"2018-03-12T11:00:06.511Z"}}},"_value":{"_current":{"value":"COMMS2_SN_CHD_DEV_11 desc","provType":"MONITORING","date":"2018-03-12T11:00:06.508Z"}}}],"provision.device.communicationModules[].identifier":[{"_index":{"path":"provision.device.communicationModules[].identifier","value":{"_current":{"value":"COMMS1_SN_CHD_DEV_11","provType":"MONITORING","date":"2018-03-12T11:00:06.605Z"}}},"_value":{"_current":{"value":"COMMS1_SN_CHD_DEV_11","provType":"MONITORING","date":"2018-03-12T11:00:06.605Z"}}},{"_index":{"path":"provision.device.communicationModules[].identifier","value":{"_current":{"value":"COMMS2_SN_CHD_DEV_11","provType":"MONITORING","date":"2018-03-12T11:00:06.511Z"}}},"_value":{"_current":{"value":"COMMS2_SN_CHD_DEV_11","provType":"MONITORING","date":"2018-03-12T11:00:06.511Z"}}}],"provision.device.communicationModules[].name":[{"_index":{"path":"provision.device.communicationModules[].identifier","value":{"_current":{"value":"COMMS1_SN_CHD_DEV_11","provType":"MONITORING","date":"2018-03-12T11:00:06.605Z"}}},"_value":{"_current":{"value":"COMMS1_SN_CHD_DEV_11 name","provType":"MONITORING","date":"2018-03-12T11:00:06.606Z"}}},{"_index":{"path":"provision.device.communicationModules[].identifier","value":{"_current":{"value":"COMMS2_SN_CHD_DEV_11","provType":"MONITORING","date":"2018-03-12T11:00:06.511Z"}}},"_value":{"_current":{"value":"COMMS2_SN_CHD_DEV_11 name","provType":"MONITORING","date":"2018-03-12T11:00:06.509Z"}}}],"provision.device.communicationModules[].subscriber.administrativeState":[{"_index":{"path":"provision.device.communicationModules[].identifier","value":{"_current":{"value":"COMMS1_SN_CHD_DEV_11","provType":"MONITORING","date":"2018-03-12T11:00:06.605Z"}}},"_value":{"_current":{"value":"ACTIVE","provType":"MONITORING","date":"2018-03-12T11:00:06.603Z"}}},{"_index":{"path":"provision.device.communicationModules[].identifier","value":{"_current":{"value":"COMMS2_SN_CHD_DEV_11","provType":"MONITORING","date":"2018-03-12T11:00:06.511Z"}}},"_value":{"_current":{"value":"ACTIVE","provType":"MONITORING","date":"2018-03-12T11:00:06.504Z"}}}],"provision.device.communicationModules[].subscriber.description":[{"_index":{"path":"provision.device.communicationModules[].identifier","value":{"_current":{"value":"COMMS1_SN_CHD_DEV_11","provType":"MONITORING","date":"2018-03-12T11:00:06.605Z"}}},"_value":{"_current":{"value":"SUBS1_SN_CHD_DEV_11 desc","provType":"MONITORING","date":"2018-03-12T11:00:06.512Z"}}},{"_index":{"path":"provision.device.communicationModules[].identifier","value":{"_current":{"value":"COMMS2_SN_CHD_DEV_11","provType":"MONITORING","date":"2018-03-12T11:00:06.511Z"}}},"_value":{"_current":{"value":"SUBS2_SN_CHD_DEV_11 desc","provType":"MONITORING","date":"2018-03-12T11:00:06.422Z"}}}],"provision.device.communicationModules[].subscriber.identifier":[{"_index":{"path":"provision.device.communicationModules[].identifier","value":{"_current":{"value":"COMMS1_SN_CHD_DEV_11","provType":"MONITORING","date":"2018-03-12T11:00:06.605Z"}}},"_value":{"_current":{"value":"SUBS1_SN_CHD_DEV_11","provType":"MONITORING","date":"2018-03-12T11:00:06.519Z"}}},{"_index":{"path":"provision.device.communicationModules[].identifier","value":{"_current":{"value":"COMMS2_SN_CHD_DEV_11","provType":"MONITORING","date":"2018-03-12T11:00:06.511Z"}}},"_value":{"_current":{"value":"SUBS2_SN_CHD_DEV_11","provType":"MONITORING","date":"2018-03-12T11:00:06.507Z"}}}],"provision.device.communicationModules[].subscriber.model":[{"_index":{"path":"provision.device.communicationModules[].identifier","value":{"_current":{"value":"COMMS1_SN_CHD_DEV_11","provType":"MONITORING","date":"2018-03-12T11:00:06.605Z"}}},"_value":{"_current":{"value":{"name":"TEST","version":"1.0","manufacturer":"sb-HD"},"provType":"MONITORING","date":"2018-03-12T11:00:06.516Z"}}},{"_index":{"path":"provision.device.communicationModules[].identifier","value":{"_current":{"value":"COMMS2_SN_CHD_DEV_11","provType":"MONITORING","date":"2018-03-12T11:00:06.511Z"}}},"_value":{"_current":{"value":{"name":"TEST","version":"1.0","manufacturer":"sb-HD"},"provType":"MONITORING","date":"2018-03-12T11:00:06.425Z"}}}],"provision.device.communicationModules[].subscriber.name":[{"_index":{"path":"provision.device.communicationModules[].identifier","value":{"_current":{"value":"COMMS1_SN_CHD_DEV_11","provType":"MONITORING","date":"2018-03-12T11:00:06.605Z"}}},"_value":{"_current":{"value":"SUBS1_SN_CHD_DEV_11 name","provType":"MONITORING","date":"2018-03-12T11:00:06.6Z"}}},{"_index":{"path":"provision.device.communicationModules[].identifier","value":{"_current":{"value":"COMMS2_SN_CHD_DEV_11","provType":"MONITORING","date":"2018-03-12T11:00:06.511Z"}}},"_value":{"_current":{"value":"SUBS2_SN_CHD_DEV_11 name","provType":"MONITORING","date":"2018-03-12T11:00:06.421Z"}}}],"provision.device.communicationModules[].subscriber.serialNumber":[{"_index":{"path":"provision.device.communicationModules[].identifier","value":{"_current":{"value":"COMMS1_SN_CHD_DEV_11","provType":"MONITORING","date":"2018-03-12T11:00:06.605Z"}}},"_value":{"_current":{"value":"SUBS1_SN_CHD_DEV_11ICC","provType":"IDENTIFIER","date":"2018-03-12T11:00:06.513Z"}}},{"_index":{"path":"provision.device.communicationModules[].identifier","value":{"_current":{"value":"COMMS2_SN_CHD_DEV_11","provType":"MONITORING","date":"2018-03-12T11:00:06.511Z"}}},"_value":{"_current":{"value":"SUBS2_SN_CHD_DEV_11ICC","provType":"IDENTIFIER","date":"2018-03-12T11:00:06.502Z"}}}],"provision.device.communicationModules[].subscriber.software":[{"_index":{"path":"provision.device.communicationModules[].identifier","value":{"_current":{"value":"COMMS1_SN_CHD_DEV_11","provType":"MONITORING","date":"2018-03-12T11:00:06.605Z"}}},"_value":{"_current":{"value":{"name":"software","version":"1.0","type":"SOFTWARE"},"provType":"MONITORING","date":"2018-03-12T11:00:06.598Z"}}},{"_index":{"path":"provision.device.communicationModules[].identifier","value":{"_current":{"value":"COMMS2_SN_CHD_DEV_11","provType":"MONITORING","date":"2018-03-12T11:00:06.511Z"}}},"_value":{"_current":{"value":{"name":"software","version":"1.0","type":"SOFTWARE"},"provType":"MONITORING","date":"2018-03-12T11:00:06.501Z"}}}],"provision.device.communicationModules[].subscriber.specificType":[{"_index":{"path":"provision.device.communicationModules[].identifier","value":{"_current":{"value":"COMMS1_SN_CHD_DEV_11","provType":"MONITORING","date":"2018-03-12T11:00:06.605Z"}}},"_value":{"_current":{"value":"GENERIC","provType":"MONITORING","date":"2018-03-12T11:00:06.521Z"}}},{"_index":{"path":"provision.device.communicationModules[].identifier","value":{"_current":{"value":"COMMS2_SN_CHD_DEV_11","provType":"MONITORING","date":"2018-03-12T11:00:06.511Z"}}},"_value":{"_current":{"value":"GENERIC","provType":"MONITORING","date":"2018-03-12T11:00:06.498Z"}}}],"provision.device.communicationModules[].subscription.address":[{"_index":{"path":"provision.device.communicationModules[].identifier","value":{"_current":{"value":"COMMS1_SN_CHD_DEV_11","provType":"MONITORING","date":"2018-03-12T11:00:06.605Z"}}},"_value":{"_current":{"value":{"type":"IPV4","value":"172.18.19.24","apn":"movistar.es"},"provType":"REFERENCE","date":"2018-03-12T11:00:06.622Z"}}},{"_index":{"path":"provision.device.communicationModules[].identifier","value":{"_current":{"value":"COMMS2_SN_CHD_DEV_11","provType":"MONITORING","date":"2018-03-12T11:00:06.511Z"}}},"_value":{"_current":{"value":{"type":"IPV4","value":"172.18.19.24","apn":"movistar.es"},"provType":"REFERENCE","date":"2018-03-12T11:00:06.413Z"}}}],"provision.device.communicationModules[].subscription.administrativeState":[{"_index":{"path":"provision.device.communicationModules[].identifier","value":{"_current":{"value":"COMMS1_SN_CHD_DEV_11","provType":"MONITORING","date":"2018-03-12T11:00:06.605Z"}}},"_value":{"_current":{"value":"ACTIVE","provType":"MONITORING","date":"2018-03-12T11:00:06.698Z"}}},{"_index":{"path":"provision.device.communicationModules[].identifier","value":{"_current":{"value":"COMMS2_SN_CHD_DEV_11","provType":"MONITORING","date":"2018-03-12T11:00:06.511Z"}}},"_value":{"_current":{"value":"ACTIVE","provType":"MONITORING","date":"2018-03-12T11:00:06.417Z"}}}],"provision.device.communicationModules[].subscription.description":[{"_index":{"path":"provision.device.communicationModules[].identifier","value":{"_current":{"value":"COMMS1_SN_CHD_DEV_11","provType":"MONITORING","date":"2018-03-12T11:00:06.605Z"}}},"_value":{"_current":{"value":"SUBT1_SN_CHD_DEV_11 desc","provType":"MONITORING","date":"2018-03-12T11:00:06.609Z"}}},{"_index":{"path":"provision.device.communicationModules[].identifier","value":{"_current":{"value":"COMMS2_SN_CHD_DEV_11","provType":"MONITORING","date":"2018-03-12T11:00:06.511Z"}}},"_value":{"_current":{"value":"SUBT2_SN_CHD_DEV_11 desc","provType":"MONITORING","date":"2018-03-12T11:00:06.414Z"}}}],"provision.device.communicationModules[].subscription.identifier":[{"_index":{"path":"provision.device.communicationModules[].identifier","value":{"_current":{"value":"COMMS1_SN_CHD_DEV_11","provType":"MONITORING","date":"2018-03-12T11:00:06.605Z"}}},"_value":{"_current":{"value":"SUBT1_SN_CHD_DEV_11","provType":"MONITORING","date":"2018-03-12T11:00:06.625Z"}}},{"_index":{"path":"provision.device.communicationModules[].identifier","value":{"_current":{"value":"COMMS2_SN_CHD_DEV_11","provType":"MONITORING","date":"2018-03-12T11:00:06.511Z"}}},"_value":{"_current":{"value":"SUBT2_SN_CHD_DEV_11","provType":"MONITORING","date":"2018-03-12T11:00:06.419Z"}}}],"provision.device.communicationModules[].subscription.mobile.homeOperator":[{"_index":{"path":"provision.device.communicationModules[].identifier","value":{"_current":{"value":"COMMS1_SN_CHD_DEV_11","provType":"MONITORING","date":"2018-03-12T11:00:06.605Z"}}},"_value":{"_current":{"value":"Telefónica Móviles España, SAU","provType":"MONITORING","date":"2018-03-12T11:00:06.616Z"}}},{"_index":{"path":"provision.device.communicationModules[].identifier","value":{"_current":{"value":"COMMS2_SN_CHD_DEV_11","provType":"MONITORING","date":"2018-03-12T11:00:06.511Z"}}},"_value":{"_current":{"value":"Telefónica Móviles España, SAU","provType":"MONITORING","date":"2018-03-12T11:00:06.409Z"}}}],"provision.device.communicationModules[].subscription.mobile.imsi":[{"_index":{"path":"provision.device.communicationModules[].identifier","value":{"_current":{"value":"COMMS1_SN_CHD_DEV_11","provType":"MONITORING","date":"2018-03-12T11:00:06.605Z"}}},"_value":{"_current":{"value":"SUBT1_SN_CHD_DEV_11_IMSI","provType":"IDENTIFIER","date":"2018-03-12T11:00:06.611Z"}}},{"_index":{"path":"provision.device.communicationModules[].identifier","value":{"_current":{"value":"COMMS2_SN_CHD_DEV_11","provType":"MONITORING","date":"2018-03-12T11:00:06.511Z"}}},"_value":{"_current":{"value":"SUBT2_SN_CHD_DEV_11_IMSI","provType":"IDENTIFIER","date":"2018-03-12T11:00:06.403Z"}}}],"provision.device.communicationModules[].subscription.mobile.msisdn":[{"_index":{"path":"provision.device.communicationModules[].identifier","value":{"_current":{"value":"COMMS1_SN_CHD_DEV_11","provType":"MONITORING","date":"2018-03-12T11:00:06.605Z"}}},"_value":{"_current":{"value":"MSISDN_FAKE","provType":"MONITORING","date":"2018-03-12T11:00:06.615Z"}}},{"_index":{"path":"provision.device.communicationModules[].identifier","value":{"_current":{"value":"COMMS2_SN_CHD_DEV_11","provType":"MONITORING","date":"2018-03-12T11:00:06.511Z"}}},"_value":{"_current":{"value":"MSISDN_FAKE","provType":"MONITORING","date":"2018-03-12T11:00:06.407Z"}}}],"provision.device.communicationModules[].subscription.mobile.registeredOperator":[{"_index":{"path":"provision.device.communicationModules[].identifier","value":{"_current":{"value":"COMMS1_SN_CHD_DEV_11","provType":"MONITORING","date":"2018-03-12T11:00:06.605Z"}}},"_value":{"_current":{"value":"Telefónica Móviles España, SAU","provType":"MONITORING","date":"2018-03-12T11:00:06.612Z"}}},{"_index":{"path":"provision.device.communicationModules[].identifier","value":{"_current":{"value":"COMMS2_SN_CHD_DEV_11","provType":"MONITORING","date":"2018-03-12T11:00:06.511Z"}}},"_value":{"_current":{"value":"Telefónica Móviles España, SAU","provType":"MONITORING","date":"2018-03-12T11:00:06.405Z"}}}],"provision.device.communicationModules[].subscription.name":[{"_index":{"path":"provision.device.communicationModules[].identifier","value":{"_current":{"value":"COMMS1_SN_CHD_DEV_11","provType":"MONITORING","date":"2018-03-12T11:00:06.605Z"}}},"_value":{"_current":{"value":"SUBT1_SN_CHD_DEV_11 name","provType":"MONITORING","date":"2018-03-12T11:00:06.7Z"}}},{"_index":{"path":"provision.device.communicationModules[].identifier","value":{"_current":{"value":"COMMS2_SN_CHD_DEV_11","provType":"MONITORING","date":"2018-03-12T11:00:06.511Z"}}},"_value":{"_current":{"value":"SUBT2_SN_CHD_DEV_11 name","provType":"MONITORING","date":"2018-03-12T11:00:06.402Z"}}}],"provision.device.communicationModules[].subscription.specificType":[{"_index":{"path":"provision.device.communicationModules[].identifier","value":{"_current":{"value":"COMMS1_SN_CHD_DEV_11","provType":"MONITORING","date":"2018-03-12T11:00:06.605Z"}}},"_value":{"_current":{"value":"MOBILE","provType":"MONITORING","date":"2018-03-12T11:00:06.619Z"}}},{"_index":{"path":"provision.device.communicationModules[].identifier","value":{"_current":{"value":"COMMS2_SN_CHD_DEV_11","provType":"MONITORING","date":"2018-03-12T11:00:06.511Z"}}},"_value":{"_current":{"value":"MOBILE","provType":"MONITORING","date":"2018-03-12T11:00:06.4Z"}}}],"provision.device.description":{"_value":{"_current":{"value":"CHD_DEV_11 desc","provType":"MONITORING","date":"2018-03-12T11:00:06.334Z"}}},"provision.device.identifier":{"_value":{"_current":{"value":"CHD_DEV_11","provType":"MONITORING","date":"2018-03-12T11:00:06.332Z"}}},"provision.device.image":{"_value":{"_current":{"value":"data:image/jpeg;base64,/9j/4AAQSkZJRgABAQEASABIAAD/2wBDAAMCAgICAgMCAgIDAwMDBAYEBAQEBAgGBgUGCQgKCgkICQkKDA8MCgsOCwkJDRENDg8QEBEQCgwSExIQEw8QEBD/2wBDAQMDAwQDBAgEBAgQCwkLEBAQEBAQEBAQEBAQEBAQEBAQEBAQEBAQEBAQEBAQEBAQEBAQEBAQEBAQEBAQEBAQEBD/wgARCAGQAZADASIAAhEBAxEB/8QAHAABAAEFAQEAAAAAAAAAAAAAAAYCAwQFBwgB/8QAGQEBAQEBAQEAAAAAAAAAAAAAAAEEBQMG/9oADAMBAAIQAxAAAAH1SAAAAAAAAAAAAAAAAAAAAAAAAAAAAAAAAAAAAAAAAAAAAAAAAAAAAAAAAAAAAAAAAAAAAAAAAAAAAAAAAAAAAAAAAAAAAAAAAAAAAAAAAAAAAAAQUnTlnUwAAAAAAAAAAAAAAAAAAAAAAB499hcLPP8A7z8s+pwAAAAAAAAAAAAAAAAAAAAAABxjs/GCG+mfM3pkAAAAAAAAAAAAAAAAAAAAAAAcY7PxghvpnzN6ZAAAAAAAAAAILpuIQ096Pn0AAAAAAAAAAAcX7Rw8h/qDyh6vAAAAAAAAAAOFwzoENPTIAAAAAAAAAAAHBO9+eiC+v/GnssAAAAAAAAAA4xDZlDT0yAAAAAAAAAAAxcgq87+iPO5zz2X409lgAAAAAAAAAHGIbMYOeoAAAAAAAACOkio4tGTsUIs/DS5mrHQYFb+kQ9fefJedURmRFwAAAAAAAAHD4BNOdnr8AAAAAxjJc7gh2vm0KlxDL0/05sMeK2i/Y+gfQ+Wy79xfhmZun+nQJZxX6ejr3neVHXkRk5fAAAAAB565z0Pnh7LAAAWeQnYo7yvVkxjGNcN5fitJINPjgUFX3BpM3GtCtjWjM+4X0zWJUZCzUXftuouV2qi9ma+om0v45UeicrzrJjsiEykzQAAed+edD54eywACg1XmjsUFOMTKYRElX3kW5OhsS2Z9nVVl/wCY+MbDFs1D79+ipUPv36KlQqVCpUKlQqVCpUKlQvW6iRyvmX07xm8A3p2JBpWcF550Lnp7LAA0W9hxz+J7jTi5R9M+DSy2cJwZNgkU10u1hocuzryVb7mw7fLvMV49SVcH6cSyr5WPv2o+VqhUqFSo+Vfaj5V9rKaqvp8+tQbjTwLZFGv6zLU4bt+1Xl5Rn9RjR0rZeV+wHSAIXNI0cY11usrqVC9brOJ4tVmS9XifLdjYx7ho470W4cpdB1xD7/Tpscz7VgcrO4VYWeKlwpqyskwsjKrLN25WU11VlP1AjM18t6ERST7PKTVZu3xS7HoZzMkfPZTG1k3ZY9ITpgGv2GKeWYz6P42WNvzbKOj1x3eHE95o8PJi2+FizPNmiFMljWvZ9y8XJ06usdR5b1oh3NumcHKIbpcAnfoHyJ6tNzmXKyzYt0cnjZv3X53N5mwu67bd/wCipXYhp1aybWuhlvMyc1Me7qOZLPOUauRGhkt60cz6RqOhFOxw8w6WADH00h+HKuZendUePa/R/NDgX2QQ4233X5hd+qinKsZJ1XrHKOsEN4j27hxroROxyvvPLOunWbnEpeSrXynI5PGj1O9zsHP12bXV3/o9doc/pXt7XNzTEyRwKB4xTn7S6U3KPh9fai5MYVYOg67mPWTo/wBt3AAAC3rdsOfc29D4B4rg/ufnZ5dzptADYZWg251/rPJetkL4f3Hh5rqvn0v+ivN/oQmUBmtaed913aODL4x8XtVWu25ur8IgBJIxuNiWshSV0qj5V9zjHytTBTf6WV9YIn0rMyh9AAAAACnDzhEIB23FPIHP/ccFOQ9n5ptjM4j1HkJR9ouD0T539HpvqlYqfbLuBm2l88ZG7kUun3qs+vn0VLpbyrkeN/BLPQSCdclcgMDZ1gAAAAAAAAD5YyBHoV1W0eaeSe3IgeLc/uHKDD9L+TfRZ0arXbFPtfyuxh5uGvIJNo97L9fLh8rvVlWLqss0e9nkxI5Lsu4fPoAAAAAAAAAAAALdwamK9AoPPMK9Wxs89TLfQw6JteKSNOm4WDfrl0hjcnl+5ON8LNyZyki0s22WWb/0AAAAAAAAAAAAAAAAKahiavf/AAgsO7PjnnDXelomcAnuz6eQ2Z7PKMXMrAAAAAAAAAAAAAAAAAAAAAHyi4LFdwfPoAAAAAAAAf/EADMQAAAGAQIDBwMDBAMAAAAAAAABAgMEBQYHERIgQBATFCEzNTYwMVAiIzQVFiQyJWCA/9oACAEBAAEFAv8A2vkeWwMdFBn8C5lfkM677+54fe+LL7fj9UYcfwem0KPKvPyGqPs+l3vH5DVH2fS73j8hqj7Ppd7x0uR5bAx0UGfwLmV1OqPs+l3vHS51339zw+98WX26jVI9qbStW930uqMOP4PTaFHlXnU6sq4aTSNfFfdLqj7Ppd7x1OsSuGh0aXxZB0uqPs+l3vHU61Hw4/op55D0uqPs+l3vHU62fH9E/kHS6o+z6Xe8dMqVHQojJRDWz4/on8g6XVI9qbStW930alpQU7KqiEHr62tDdNaXI9nNjCNlbpDUwzyWi0dhSoeRdLqyrhpNI18V90Nhf1NYU3PX3h3V9cqi4/FhplWLaS5I8t+K5FymQgRsgr5AQ424XRaxK4aHRpfFkH1plnAgJn6gRkCTb5JcnDxd102qqurkv3SEE6+8+r6DMuSwcbJ5bYjZFBfDbzTxfX1qPhx/RTzyH6b0liMmdmtbHEvIshsw1jsqUqNjkZgjk1UISL19YccW6rl3IgbrZDxDY8QO+WO8dHG8ON4Mzpsc4uVTWxFyaA+Gn2Xi+prZ8f0T+QfQUpKCl38CMJeSWb5/0+RYON19XEH9ThMBy6lqDkh57lUtCQclI45Ch3bpju2SG8ch3yCHiFDv1jvXB3ix3ix3ix3ix3qw1NkMnGyiY0IuTwXgzKjvl9HWz4/on8g5nnm47SNRqyxXIs5kobmCVsDfdMuVS0oBydxwvrHAwgeIQkG+4Y3Uf123nWji5FPYEbKIrgZmRpBc2tnx/RP5BzWDzRtZBp5WLUdhlGOHXZPV2IIyPlW8hsd4+6O6bSDkJSFOrV0yFrQca9nxxGydlYYmRpJdutnx/RP5ByrUSEyZRmcmWtS0yCUVjh9LZhcLLMbOuzKDINMuMtK58NseNS+CciNhUviG+/VoWtBsX82KImVRXwzOiyBrZ8f0T+QctxJ8PElu/oPzMEoyCJJkLmprrE/6LHSTlXGQFsIbCuJI8VJSG7eyaDWTW7QYzR8hHy2sdJiVGkp6WXbwYQfyOY+fg7OebNRJjhqfaxTkzWb2LiNRWYxaMWMORy5Me0SSrdPITBLOSg/EqhpUF1CFB2jfDkCW0DIy5G3nWVQcqsoorMjgWAL6mw4THCobH2TrWJAJ+0s7Q4GNOunCxtpsM1sdsigtLCaSMoHWwIyZ1hEbTIyRht7EpUp7kyo9oLp7p5EHsJjn+Z3w70E6OMjDkZh8n6VJh+HIj8iGXViqyGfVqiymJjXMTajBMgmkgkkNhsNgeySnW5rOJjpTFwscjMEiGlsEgw2wZhLaWymXjLRXGTNsOWq5ckY/WoiNYp/L7chY8RVFJTsSiPlm/wAwm1nyEowTg4ScD1D4g/7anoVDxYzEXHmGhLpq2QwTkzFp0OWzOY7CSZhLIJBENhsNhsNhsFrQ0iXMfsnKujJIYjIaIiCGjMJZISJbEYry8XHbORcXQebg49DpYL1jMXHSxFxT+X2yT/Re18qBJZsjI2JyFhLiVdsvymtLQ4U8myCIr6yNCkH2MH+5UElYZiRlNWMZpgSromzlZAJtr4lOK3CoE0ghkEnYKUhtKHnXh/nDvloCTSothsDMklLku2b9VUJbJtskklBmEMhx1mOmbbfplZKqYqNUGayIW/HOsqCEllub6GK/y+15HEVnWd8VpjZ8TkaXENixUkR7BKg26lQm/wAzsiymHEWbkdTfYx6lOIx/t3J+VsymSqXGfjrBHseOySn1Ow2Bd3xOSX3jSkwk1EGPJ7YbC2lKdXT1ZJJtrhJDI4UNlJtCSLTJY7LhRrO0NlhphBIGxBFeXiYMc0osEmljFf5fItolCRXIcE7H0OCxxjYPQZcQ2LBbZvSCVJJRGC7duxj1KcR/TuvtMP8AdcaQ8idXrjGMBsYqIJeY2EiI5uhbe5GgG82RxIjjJ7CY/wCGj1MFT7saJwJQ0RCROZji2vmIyXJ1xcqhVsSCRJMxuSR9+xpXAqBIjqFwlPg8YcLxpHvzKbJQfgoWJtE24LHGBY4xIZUtD8ZSHwlZHyMepTiP6d19pvqgyJRWFWbYoNOo17jLxZpiKqnNKqwCFJWSiQ4PCV4bNLJfcbCW0ubKrK1MZt15mMmdb7IlZFKnLj1DSXSLcbJSDMz7NuwyMg682wkrJ+xXQxERUI+3OaCMPQ0LEykbcFli6FlY4m40bzEqIaHwlwj7GP8AemEf07r7TfV7CMYo4TVAbhLFzg1BdB6hzPFFVWfQZCmH2JLew2GxivgtRkyLTYrTJmmXTr5VmtCENp4dhvyNtLcPdiOLG9QhTFdOtXaqiJoo0YmyLy+kaSMOxULEunbcKxxlKys8RNByIUyEaHxGdI10xiP6d1/rN9Xtxv2YEEuGQtsZo70pGC5HQLg567Dcg2UCyaLyFvfRq9t561vCiQo8Jsi3G+3IRGoyZQ0J9szGbclWFsqpxokiDUoaJthKC+qaSMOR0qEqpbcFhjaFi0w8t11s2C5RyBEeI27kyNM31e3Hi2p+QlGQn1tbatXWFpqnqmzzKS3CqmYp/ceRD79m3YhgzJclthMu7W6qBQvy3a2iQ2TENDZEki6HbcLYSoSaxtwT8dQsP0j8JcS1Q2LaTumU+Rukoj7aIv8AiOV0+Fu6dWtxtPAjlQ2pw/2mROt22j8NPtV1eOpQIlahokNknpdgppKhIrkOCdj6HBPx95BWVLOZWTq0GiQRglkYpPaeWX6MlHHP7dgRGYJpKBJmoaQt6ZOOvx/zhVCGw1HSgiLbqVNkYfgoWJtE24LfEW3im41LiBK3Urp7MmojMttwEZHyS/Rf/TOGxn2IaMwbyGyXLceVGplurh1CSDENKAlBF1poIw9DQsTKRtwWGLoM3a6ZENiyeYOHdkYYnNuBKiPsmei952ASk1H+20H5fmzVyZZxKpKCjwUpCGiT+BNJGHYqViVUNuCZjqFCRjzrZ8U+CcO8EexacEtxJsKPexLYLeS2liJMniFTMxwzCIg2wSQRbfhDIjC2EqDsBCg9VIMTMUjuiRWW9YHLxRN10k5Nk33slcHHkINuMQQwRAkkX4k0EYUwRhUYhZ4rV2aYGAohSo0BmMhLQJH43YcI4ASf+i//xAAkEQABAwIGAgMAAAAAAAAAAAABAgMEABEFBhMhIjESQCBwgP/aAAgBAwEBPwH9KEgd+zLhiUBvan1vYcwkNjyqHIVJa1FC3znYuiKrTSLmhmNYPJFRJSJjQdR683B25StRJsaRlvfmumGERmw2319Qf//EACMRAAICAQMEAwEAAAAAAAAAAAECAwQABRESISIxQAYgcID/2gAIAQIBAT8B/pQkDz7NqqLIHXbJ3loQqIxyypObEXNht97mqpWbgo3ODX3B7lyrZW3GJU9e5pKWW5qdjifH+ve+QQpXQRp4/IP/xABIEAABAgMDBwcJBgQEBwAAAAABAAIDBBESITEQEyJBUXTCICMyQFJhcQUUMDNCYoGhsVByc5HB0QYkY4IVQ2ThNDVTYICSk//aAAgBAQAGPwL/AM12w4rHRo77xDadXehJRpd0rFf0KuqHfH7Rm873Wfu0UHMeszjbPjX7RlZ8Q+fzuate7QlPiR4doy8HOM7nVH2jK7zwlTW7cQ+0ZXeeEqa3biH2jK7zwlTW7cQ6s2HFY6NHfeIbTq70JKNLulYr+hV1Q749ald54SprduIdWm873Wfu0UHMeszjbPjXrUrvPCVNj/S8Q6tKz4h8/nc1a92hKfEjw7Rl4OcZ3OqOtSu88JU5uvG3q0rvPCVNbtxDrUpvXA5Tu6cberSu88JU1u3EOtSW98DlPbnxt6tK7zwlTW7cQ61Jb5wOU7ufG3q0rvPCVNbtxDq9h8dgdsqqg1ySW+cDlO7nxt6tK7zwlTY/0vEOqWnuAHeizP52J2Yd6pAYZeF3YogvJOs1XNx3KkzCDu8KWg+TGF8WFMZxzO6yVPNmYDoZ801j329Wld54SpzdeNvUv5qcYD2ReUYfkmS/vifsqzk1ELT7OAWdmXAeKzMk2y3tcnOwX2XYVVJhger32D3qsN4d4dTlN64HKd3Tjb6e3NzTIfiUYfkyWdHd2jcFZfGMJh9mHcrcap8VajuaFYkYVPeKtRYhcfQ1hRXBUjARAqPObPerUKIHeHUJLe+Byntz42+ktx4zGD3irEo10y/3cEWQP5aGexis5Mve87XFWotAqNo8+6rMu0Qh81aiPLj38q8rpLWrmFXQivVr1a9WqwiWqkeFbCpErDPeqwojXeB9LJb5wOU7ufG30NpxoFc4xXbGKzKtZBbtOKtzUy6KfFc7FbXuX8vLV8VRllngFzkVzvjyb3LRBK0WUWnFWk+qubVXQ10RkxXSXSXSWOSsN5CpFFsKkWsMqsKK13x9FJb5wOU7ufG3lvjxnWWMFpx2BPheSogdZ1uuK5yMaZMKqzbu2DlaRoqQ2Fy0n2VpGpWgxbFefT1hxC1Ue7ODvVI7CwqsKM08uS3zgcp3c+NvLdLPAdbFHA7EZnyLGMnGxs10f9lY8pSxmIA9sfug0Rs3E7L7ldybytAWRtVqK6p71SG1Xnq1WOIVM5bHeqTEOz3hVgxWnkSW+cDlO7nxt5RedQqnRCcVirMQAg7UYkFvmsXtQ8PyVqE7z2WGy+5ZqcaZaJ72CtNjsIPetKYZ+a0IzGt8VXOtJ8VoEBXnrdWOIWnFq33lzgp3tNVzUZpUlvnA5Tu58beVSnrNHk3ouiy4D+224ojzmKKE6166J+a0Y7/zV0Z35rRmYn/sVoTsX8168P8AvBfzEq133Sudtwj3hW4EZrx3Hq3OxgXdlt5VmRl7A2lVmYr3dytQnOae5aWmmyPlaXe+G02gHaio3lCAYliPBzVk6rwf0XNxh8eTCP8AU/TlxmVuER31XrHL1zh8FVkVrlpQT8FeORahRHMPcVSK4Rm+9igy3movZd6bArArDJzr6v1NGKzcEZqH3K1EBK0mroBdBVMNWntY0d6LIDG07RXm0jWYj9liiw5lxqGh1Ca0PIhn+p+nLj/iO+vIvWlDa5VgPp3Fc4z48jQaUIE61z4PvYhCNLvDmn0F5WCw5FTcjAkhU63rOx4dSdaFGrRAWGSrrkWSwtO26lZiPfHjOwYy9N/xCM6Hb6MtDN/9yzrYQbVTP4bfryIwA0mi0FQ8qP8AiO+qqGHk3qgv7lWCwsd8lSLDNNq0mrSARgx2DuOxUa/OSzz8k2YgOq12W5aSuHLMSIaALMwKiF9UHParhyKYu2IxJ2MGQtQC/lB5pLf9R3SPgjFay3Hdg517nFGZmDacTVUaFM/ht+vIIOtRHwmWoJNRTUqFYrHLGP8AVd9VVpQI6StNhkhUe2hyhAPaCr4LSi6Xu91FpNCrnIsfeEJaI7mIxp4HJpK5WnuAHeqyspFiDtdEfNf8Iz/7Bc/Lvh9+IVWmoy2nXALNQqiEPmgS1UAy1iOoiQ/NsGtOlvIrM9EwMU9Bq858pxzNxsRXot8ArlY9iFcFWi+Kmfw2/Xkm5FzW0KvBIVCrysVH/Ed9coFoAgYFANILu7KEMhRDjR2pwVIt/fqyVCgTJvdZo7xyvmY7M5YdZhMOHiVzkQ5MVYb7V9MvmUE/fQcWqgGS04gBWZf80YLXmYmThDZerflmLZhaoEP9ShDgw2saNQCq80Vyc6mJqqAK/apj8Nv15XRR0ES1qwJCo5RTtefQDIclh7agq2zSh/TI+Tix2tiW6taTqy52ALW1qo42TsNy6QVkG044NbeUZmaFl7hZhw+yNpyOia8As468m9AUyUbpOWcnZgNGpqsw2mSlO0fWO/ZcxD0ji83uK7lo/nlqRVUtgeKLmkYhTAB9hvoOiugiQxF8Gu2hVmMwt5QQyHLQhGPLjR1jYpbynCnHy848uNcWm+5UnIJmpYe0NIIQ4rsxFOpytMcCO5UjQYcT7zV/y6D81SXhQ4X3G0V+Rsuzosx8ULr1V5+CLnPEKGMb0ZfyJBtDXMPuaP3Xnc48zMz236vBUCvvKvyX5LwrcR4aAsxKlwha3LQbecTt9FguijzdUXQKt7tSpGhkd/ICGQ8mXhsuAr9VR4qCjEEHzWMf8yFd8kYvk6KZ6VGoX/JZjynDdKRcNLBCLAite04EHLcs9FpU31VmAKe8V5vKMdNzJ9lurxQmPLMa1sgN6A/dBjGhoGAC0lQXDLctEfFXc4/5BZuFz0bYNSESccSNTRgho+lwXRR0EXQQWH5LnYZptGQIZDyZfw5B8+k25w/5jbnJ0z/DHlIxoeOadj+xXmf8SeT4kvEF1sN/RZ6SmYcVvulVVuZi1Psw24laZdIyvZHTd+yzcvDsjWdZWwLR/PkUCrHP9oXOPDG6mjWrEAGDB+ZQJYhorD0+C6KOgi6G2we5abKt2hDIUeRLfd5Wa8oycOM33hejN/w75SiQHj2C79U+Umwxgp69wv8A91nYj3R45xiRLyrltV+S/JaebLVzeiNbijC8nttu1vOCz80S9x2oaKw6nguijoLOQB8FmpkGE7vwVQa8mV/D5RKsA4mia3YOVohdt3yVmuciamhc+S1nYCGguj1fBdFHQREMmmxF7W2grLwQe/LK/hjlFQx72W7LWMfgtJwYzYrEu0w4fa1lVLanaUNFYdb6KOijWHftCJhEupqWbLTawooMBx6DQFjySof3sl+S064bVzd3vFWJVtt3a1LOTBMR3yXRWHX8F0VbbDv20WjUhUfUK8rHKVDHvZKBdpys3vfqaFamjZb2AgGsoFh9h4LoroKsElq5xhptVHFYq4qH4q9Y2QubbmoXaOJWi2rtbjisFh9jYLBdFF0KsJ+1uCtWDFhj2mKy4pt+FSs1Jw847bqCEWcOdibNQWH2ZgsFz0Cy7tsuKdEM1bhHVrQhwYYaP+9//8QALBABAAIBAwIGAgMBAQADAAAAAQARITFBUWFxECBAgZGhscEwUPDR4WCA8f/aAAgBAQABPyH/AO65oBUwrktpg0FXdxgZ/sdx65+hU3/tOuKpel61/YDCCsOrhH3IGpi3Siv7f7H6yf3n9j/WT+8/sf6yf3nps0AqYVyW0waCru4wM+q+sn956b3Hrn6FTf8AtOuKpel616m4dE+7D02MIKw6uEfcgamLdKK/t9VZ+mdM6/TH1k/vPVdt6YUJd/pj6yf3nqu1dMGoeXpj6yf3nqv66H33pj6yf3np/rcIblcQdx8ProffemLh0T7sPSbcC1VUfoljmd4vcdtU7wsx5DcVEgbXiVpTsMOEFGuP+Ul/aTS9MWfpnTOv0JdZYo6hfoI+scSPBbD9Mr6zLCHbjXL2muXxLMjLAqcGtcSmObphlIM+01qTyv0dt6YUJd/84rBHc+IxsM138ziBqpUM2jqu2Caxs6vtKlOh/BO+tH+DTSCqLwyr5YdZWK+FK6Lq9BaumDUPL+Qaie4kdfY5bvEqGgBo7y7p6qWFEI5xCcJ2FwN5J1hYgbq/M6YO7NWMdi3tKOvlkF2k9NDgS9S6Mp+rt5Rs/jiAyj/KfXQ++/hFIy1VgKd8H3GS31I6kxdwh4vG2TEFIzfGDtL7kavvHlaLE0bs2p3zinaf9un/ACibSnAEt4PbwvXTqocqE50PiXiPRleTrayk7oyShc6fxProffecCiunQNWPiHVNnUHaPN9bDFNVl+6LrmZkHaE6vlCsYsWjmbOHBNb35jgfqmiJ2R1qypUCBAgQIECBAgQIELMjhlJRdpqeYjJDlp2vPn+uh995wgvUVltmA3rQJv03jSLXWx2fuGBN1kAtCeXmvg1j8j2s+yZDIODeDxqVKgQIECBAgQIECBAgQIECW4vRlIqG2crkKAG67XnyfXQ++8xomsplVNY5p1Ny9gWMuCXPI6xeF1KvZqQdoq83fb3gzTwhhFn4K5mg5lW2Zt18LNIRzeYp3YyvCpUCBAgQIECBAgQIECBAgQJUDyW6pwwCxLZwoB7AhY2m10z6aH33mLjWefEpVMVj4aWwuoX59n/9IY96rRhSZzS3jSvUXL+ehoX2hoQ73/MvBucLGaE5omfOBcfUNrkCBAgQIECBAgQIECBKgSoHkxUACr3hswFnlj4gfVZJBphOSma7HPFdWPZYVNYZN0uCTLdlTLHJ5P8AWdURfEJUyM1mZYIV3TVwuaD8xA2M+5eKQ3yiNIPXyFjjeqKm8Z+yFoU1evh3lEsgQIECBAgQIECBBcMP/Gh/5Uq3So30TdqXhttrfeAnDzABCAg+CYavxEKbKRhvGzYEypVFrR+92ji1vmLU8nSQ/lBevAgQJZuUv/u0FCdwahpnxK57RmW1nBDLXDJ5GolWZ5U9GAdexIECBAgQL0m2V3h/8IXlB6GEkEWjgMqzbDlH4mQLWrWJFDCaitVhNUJbYBqsp2eL6IMY9Zy+0f3KqKcqOKQ1qf5HLyMDPwrX6jLE0ZhAgQJ/n8odYnaaa+Au0BLcZQw7LdL5D6ZTGItAYZQPzQQYka7Oo+SXSVlu/wCjCrm+HiBAjNC5uKbQQkgggggkJ7VlOhtde6EZCDQScJNghNSJAnGm8MS1jIKuoYeiEGxPnjG5WRYbqUk/yOXkKksFJGaIrqHDL2/MEBgjEECUWLBPvAoq44i1W+tcSzuaMu04k8WIBd4CV4lNElTymr/UrwGozUjrao4/Kj7bBekRz8IQoVGRnqqE9S59sAcvbzza9/pZCZE3IQQ3QBaszKPB+UzNoOg2Sb6ShDo3Y4KNa2sRPPWU77wTbsMAFCiHVXFdd5oJYafZP8jl5LUj8hLJ+QmPo3I4KkoyFOkf4/KaZGbxEVYtW0vVfDw8o0+HhTkJDJoOh1eCElJkY41trowwkhs8tjqalvECngvEdAavKiFVaNMQggmytx+JmLQwgZ1Jg0N2XdCmr0mCE2YvrxF5brdRX3TQzhSIIYHjdlKt88sdmvCKCmmyf5nLyJcGyQJsQqg+Iqo3kmHgS0SJzLk6n7ZvnlKZpQz+Lweb3jQ22iwFN/28Atp1O+iAFkIttSste5LWs65RCH7YY2IFnsS6bti1Nep0hBcQp5ZXlTZYRkC2wTHxmkY7DLl7G8ZOT0HoQj5XNPVmd05MNPt5RVWtspglQTVEdsJdg4mHIOt8soX5UGHaQdsQxofENwT2iHWVULs7qYgOrNwgw8QZ/F4fV7wYoAjqMPsNe/8A+JswuAC0aneC0fv1d9T3i+mzTL6MMPGRUDpvSX5hddv+dZSKutC+dZlWrhAerAEkYZlMd7DViDfWmmJsRz4ji5na5TtbRVRcPoLaaq9vA7HSXijBNQCJd8SzPEsu/Yhm7d9Yv52sP0g7ZhDj8Q1SHZJYiciKHQ9k5WbhBHxyMO0Mxn38Bh1TAUMKG2UvCYiJYzdAVOTy6GcpBBh1edOIMsi3L3294Qh7thIQRdjVESDIUJiAg63T9+5tKqQbXXdgwxUCggMnXTeLqjoHgC9DmFH7Svd5aRPoDdgvyGDTiyIL0WaO66Q2BBSv4tsgjZijGY5o9J0QQPwiEoesTnZmaE4s/H4XV7yvAlw+r8wIkmoTBTMHW9zX3l1C5VPgr/hLfvsqscrruYhBa3tTuakyHCWHPyE4CFr43dj6sUQamonK7xRfuMBpe7WdWGcBcoNcsowr0get21mIqX1UWWzfa/UzTLlXVmCkIBABp/LsEHbEBcITQ/ECm5Tj4l3YmTGbAudpnGfa8anzv9wIECE3yI2Y6Ls6kyZ9vHsD8MwNwPmCsQ61274OICqFwNfP6iqtTSex0nQ0nf02N8Q6qN1bGif9gDL69B2lmH4hCjNp9CnVCciCOEJoPiJaFbjDCNi71feAoQmoxBmbxDwq7aBAgeATthLS9JDN2jwvFGDjwLdPmFGnzK57kOmfwlyODCFjpo+8CuSukCYQfBNPSIdYZkQJsQqg+ILT8EfPvhrK2FqCprDCdZWm5BA8AhFUbaMVfjwqXbQthyyxCgtgftTqxQktBqy3Bbj4IQGJlyLDMHxDwQGj1CDD9IO2IZQ/Ew4bNQlZzuGZU/tkM3Cz2rACjALGBAgQwVo6JoXDgDiHAQWzroyCU1gxfvLRD3XHR2JWrB5RgOnrT9IO2YA4xiE95MRAgf3SUZMMowPD4rIpqU5uH+KiYOQjCK2f3w4gbBBSQsEANP6DZIE2YI4y0ofEQNONoaFe3JCxCKYx8w1Po36hWqiMLH5Y3m3D+AhZnOQpUXAUD/SNkmoCXuMvSqPSVZ2X6Ebe8B8kstHhm24pMrdz8hm4VCMQBUJtM2z+oQZsniQkwLxnk4JSq8XC5/g1hm0I2lV/WIYmV4gm0AP/AIJ//9oADAMBAAIAAwAAABDzzzzzzzzzzzzzzzzzzzzzzzzzzzzzzzzzzzzzzzzzzzzzzzzzzzzzzzzzzzzzzzzzzzzzzzzzzzzzzzzzzzzzzzzzzzzzzzzzzzzzzzzzzzzzzzzzzzzzzzzzzzzzzzzzzzzzzziTzzzzzzzzzzzzzzzzzzzzzzzxTzzzzzzzzzzzzzzzzzzzzzzzxTzzzzzzzzzzzTzzzzzzzzzzzzzzzzzzzzzzwjzzzzzzzzzzzyxzzzzzzzzzzyjzzzzzzzzzzzyhTzzzzzzzzzyzzzzzzzzzTRDDTzjzzzzzzzzzDzzzzzzjDSTQhCyRBjDzzzzzzDzzzQChRgCRDiSzBDCCBDzTzwDzzxwTTCjRxSBTzzzzzwARTTAjzyzgTwQBRywQhCAADDizji8AwzyzTChjTDTTyAQhTRwwQRmFEQzyhigTE5yTjCzjRGItTyGxDxSjyzyDxxTDAARTwznyKyQAzghCRTzyxjQDjSixhxe8zgTARiAQwRzzzzzxxQBAzS1tVRCAAgRjBTzzzzzzzzyzihjAqlyQAgCSBzzzzzzzzzzzzwyCTzuxyBhxzzzzzzzzzzzzzzzzzyxxjQwRzzzzzzzzzzzzzzzzzzzzxyzzzzzzzzzz/8QAJREAAQMDAgYDAAAAAAAAAAAAAQARITFAQVFhECAwUICBkaHB/9oACAEDAQE/EPIt+iFcmuayQ9j4UYa7kvGkDHuEBuZhv0bc5Sy66BQcI2JURYODgiotytx1yCqt8bCfsoeTBalUT25VOAuRcMm77//EACMRAAEDAwQCAwAAAAAAAAAAAAEAESExQFEwQVBhgaEggMH/2gAIAQIBAT8Q+xbaMqTWD6NdAefShiHcl4xA28wgZ6x+jr5mDZrgKBJHRUFAOx2ItyZ5VwVVujoT7QWWDkKJs24QCNw6J53/xAAtEAEAAgEEAQIFBQEAAwEAAAABABEhMUFRYXGBkRAgQKHBMLHR4fBQYHDxgP/aAAgBAQABPxD/APa9/wAfZ0Lt1dsK8Rp70cDdg4CZ/wCjxHv1bL1rPcUfAa7qeDl+a/6Bzc4RXaKGnbM1NfHpGu6FXD/6s8+fPnz5v+Ps6F26u2FeI096OBuwcBM/V+WV/TTxHv1bL1rPcUfAa7qeDl+a+pJaSZjov02c3OEV2ihp2zNTXx6RruhVw/VZz1KeR7p/+iefOR9SgufB6/6P58qDqmTcG1/8J/z5fv8Ayyv6eSzpoZ7IIPVgkfU+pfvyWkmY6L9JhB6xQerDxdAF8MCMExwlMva2ekeEeRputhV8q7aeGG4qDpkwbFsIsmzFVznsC6Y7/TZz1KeR7p/oRAUANViwFwFd4yV6y7B4yL7B+WGUpqwOKYg8W2Iz43YdKi9Qv2eYql1VtXea5dJV5Y1sD1L5RfgVxs8WGOojccpYIRrqDgfJBJSsRw9Po8j6lBc+D1+v7EPjt4GZXdFF9hqiBIuQy2Uyx+88onq5jFMWU+hqY9LmKl/45jBSb1g8GhA3Z50lXA5+IXC1lTHJ6ulr2hJt1CveQZragu3mEkfcX6BQdUybg2v6n5orJH7w5AsK19mQGUUUWuXv4qGXnaC94DILVg+8scHVTLt0iBzgOh50IkTrWKdGsD4hUzHhwmEX4zBP2MHpgh98G/4h+UXBP7/5g2/3P5hEU56ipg4aJTzMRHWWW8zLGYQft9O/flBm6YIOVWBGXaomOchVX5cEUm5G16QwRAAU4p7DSGX4mAvZVsMF+mYerHt+2avbSZXqdE0wawPeC5/hc+0u+PiiaAd31feOWo3P9I5KLfn7Q1ovV+8AUatLoimkerHRPiizh4CH9IQfX7c/+Ahs/sIfVXmBYRu5DSfhvo8wEz9UZPMGr3Fft9E/fsA3mgbTwERX0oqtbktmKiQowA4iFqe2YKZpWntLuGbGp8BFVUtdVi38NZ4lRt25YPcgKI5qHyy92TI+xAPeJSYszpHL82wg/VAAAAOCixclf2BqNeZdzMLZJRhl0J7Jrk/Wfv0klNKVIOtm0Zwh8NeV6nCnUCLCiJrgQsc42w485csxouHLswU8aI38Fv4l0TtzKYUW8omtKZXA+kolxopR7S3FF0EC4HtCCD9EAAHR+gAAHDXIsVP9oLZgC/och7Tbmsk9uv6b9+jAMDwFx0u8dOCCtQ8x0RKOB2Os0hMAC1WmMu5TFmVzoDLa9/MHckMZ7ujwIUhrVCe8ucksGfAuWrB30HvKBU0VD0XMjqAVFzW1VuEBCD9MAAAdHzgAEIwAIECGtDSxUJh+qFAdsWVLVfsU1jFnQz7DGLjZrnz7+pLUVq0KvsMre3HdbthiPC8shZUdOa0LXdTHquMCiZBYRwYcEbqroQfZrnMWaLd1/uJhbeGh/eYsg0pfmXeYKpPzQ8AV6Z4qpgWRlu98I/vBmRg/clocjxs1L2TZgHT5QDo+B0fOAAfAEKwAKIECssDTMUQTrGnrCAI0H64aENzOph9GJTrzdnmoaF8ylZwkDIG1KZNvQ03jRIFavZtldxEaV4h7wAII6J8jiNYERa7x8A+AYSgXWmJqcNiRK9ISomqzooB6ShZW5s/ptN2ABr5xOmJCn5HAFYxX6S2gcHA6EH0OEs+xFEoiWJ8Do/SAAAfo3pF6N6p0rylDJeRgtyCxZyrG18esW4E56u9UUydrdWX+ZW0VCSBh0PEHrFyRyXbQCCUgQAnR+ZuKKAHnRHbKct4yEB4KPkBq/s42suyBvBKJyQTBvGzmWkjaI6kMSwNxph9E94P9xreDVAfG/tGVsjrngZWw6/yvxBWgtYLtt4QSGqUC1pLW7DicR0RdJs/MADqgr1KPSjUK9CpS/ebmmHwQuJ1ToiCZqFAQ27Ky1f7vCKs1lntjwSppLhVauCmBF/ojIrEh7tFBHA2KFJycxDyNWWhTQg4rXpZDodGYuDpRm33q/LAyi37VOf7kqV4yzMm+sI5uWfAzEFhK4CCjbiKQImo/A7lFdWMAQ96+8MR7gjf4Y9tw1ezs29IFp6lnxMt8b4QR6uSBfVDK2icxmUgYcmaLwQZamxzRlcJOj4FgKmn6EhYB6MwuJ1zpnXOmdMsk0bAR3TSqzt/hLrmC2Sl8GxHaJIl4QwrYacGHunviClS6UtjlYjX68l9nG7GXOkChqosDVqajbT76HBAiEOCBLPkBhV1BhEpJnxcWhujqBHiOTBgAbe4aSblUsZmIrJnHIYI17TcX0SUy9C9di9wMMLoqzq41JNaT8DqZk3IchxvVNeYhEfeGrJUNPq/EdE1MBIrXm0Z4zVzTsxJwOgJgeLaGYOq9K3lBiP8AMwYEdQAy3SBOG2hXsYs7LgQMdn2QYckoH7tawk4WJYzrm7UR6JbAEJPQw38vxAvYDkgoiuCOhnAKi0tKwZ8BHrOEpGqu0A3FCRWLd44IHE3Gi8Pg8uYCIGACggQoBslZXmGiEDNQcDT935cGCNSAZejtMtyWmo3EHQbj8wcjDwLeWAhNxCwyhVYHkagqFy3vBZYIITUWgmOd4UQ3Lks3eXbFf/YZyQnE3J+KAGYz40g5hbNYjJ0m5EC5Nq/wvXwSMsBqJoymYztv4y/WdU64sKGT93RgviBExQaArYMVEBRvjiUtqOFsqIgYsBhtQ2nROiBGFHdu384GjQ5IYIoqUrAU1CLRC9Hg8PEYl63T4sHtiUJcnCAyujEJk1DF6EN3HTV4iVcA+RnKmVa3BWiDSLan88ZX8gAKSJgW4HIvqJSLuGKFaBTHSp8N1DKspMIy/wAmaA4Ep6yrYEo5MPMA1zKonMq9k0IaVcMwLyhigpRp2cMVsC0M9f5fARcwkgWh2uvWEHEdEnXFa/q6/PI9S0PFO+WMudl64VNGvkm8FjAnUqqXi4GAGydEtmesnSDqqUtVbWEmKC8QgAAascuDRsPLB/jfl2ByppS4KfZhN3MGSGVLDVXLCKUWuIP5mC6v08EeOTVWCFhjS4OXcN/SUXJVaUCGuDvGyiQHR/uhD8rUCLBLe0NEX1FdF3D9MWiUZXfMairbTtKpU1eR4dJVENHEJ0fgIB8hG0Z0lKm8D2mOn7Tah9noFiR2p4Oe05/ZCqCmUusKTBg+kq6mec1rlrGFEX7Tt2oyaOO6hXkB6JyJBYJgpR933hLVXeSvtjFAOq2DvU94jGJyq2s6ImnLoYV/BGsmLVKkVdx6EcUAFg5Zmd6ao3zLXjEMGm6SNzTPG8LLXBMnUNjj5d4+OA0GA8E0hmX03P8AEW0ug3ioMpZZVkEXltaBGUiX/bmDRiHJbtmDfHzoCkjARnmAWZ1F8dYu7VYUZW6lbCvyRarKoK/XaE0fch40zDLEn3UH7JrRGhOzKrzdDXEqZgARKRMJAMJR0BSiUm1TgOyOGBZl0Fn/ACKj0EvOB3FUGtghdWECtNBgPZAEFFYlzwmpOiBxAKFIxMlUl5ljgh4OiIkZK4fOiYhm41wBja84gOzFgGgBDLB1Dq/iKrvePLvA50gNlcjSJKOd3r/UtVQ4A8sY4VnWvzD/AH8oNMBHCEWR6O75jUiggdOCCA/RQdSDtjMJEX1M2l9QMDDY3GWr2tWLzs9Imemg+ruespo+7DpGpvD+hNCo+0Yb8qHCBWYkmvFL+7m5G8NTFK4524DUlDxNixCGC0pDUeXLtBdBht6Lym7ZHpAEvdDkdhjIQ4ARXnSLjhTOOHlj4MhS6poeNYG10DyCsp7l8p/irmYLN6jxxMrYq8wKyHEMrxtj+YfWsAIdva0X5OIuFlJ9LGVli+0jHlbJegqitOV3mHJA2gAAOobQ/VApg0dfUstl6lpC7i4X11DzognQ+Vovc1JQeKGjBgBozOjlAqBvCKImv3l8kFjRjwWlV+Ak7p2nDHq4EZjOpIoYEgkIDZndhmd4qZeaWQ9XB6JdMjXg8sylB9v8y3B4lmrXYgktPRr/AFLxRXAlaRZca+CHdPyS3i9I8RkBV6d0fA1svQNCK4kCCYiHEEAGPoSsI8ED1LPS+oluu4yky2xAACFM6dbfWWmCFgTpgOnVgoglHMepXA3fu/IAGxKpm+qUyeDC91qaJQvoVAvUxLNI2RpADLBlFHL8EGjy6rWWbpusB5Yjs3JdX8xwp4z6fBgI/YMpKdt4xAUogzArqGQSoAKCvpC6EdCLlnC+pdQu4QR7wV9m0LklQUTxvHSTpRHoyoBmCCY5b4oBsSqCIo3GPewbfa/xAvLCBYBa1oeWANs+0QG5dAIHrLld+TiByDL93dmiV7gXTaNHfVl2sakqqDBldQah9RqBEwluWIL6iMq7gmULTV4ma+fFdG+dGEBPNDoqanpRuGYvXnuVpN/GLPE9oqUiy/cEilwXxELbwHL5YAAAGxKaD1w34hMgc704izw1fv5XeOhLcoaXitoNArqBgGJpg+rQSkjARnmATL6jeMt7QzEugKesYqjgrMKKrUDBD/Vmdk9wUmj3CqxFS9RGaD+DCDC06uxBqUe29+ZQW1otvsaRVmRRqd/xBq6BQjYgrqGgSoBQ+vQdSFojMPEX1Fmy+oRdQCi5EKpbXvovq8RH3lhNme4Tlsd4Qi37oi2cOC1jkb1Lz5cwipsKAS4G47PlgCD2gKhjqBUB/wAQSmAUVfUK3XUEYAiNhiCiyDJ70+1RUtNBYbOqfePCKxwIxHbJV6Af3NWloPfgww6RqdG8NJiAFBCjGAEaYP8Aj6oQpwm1Iq6HtNMX1AvdYfUmpTg+y0U7wI41RD2XeUCwWXANB/zNSIzYjZGwCCYP/BP/2Q==","provType":"MONITORING","date":"2018-03-12T11:00:06.33Z"}}},"provision.device.location":{"_value":{"_current":{"value":{"position":{"type":"Point","coordinates":[40.33856521658566,6.626322979152751]},"postal":"28033","source":"GPS"},"provType":"MONITORING","date":"2018-03-12T11:00:06.396Z"}}},"provision.device.model":{"_value":{"_current":{"value":{"name":"OpenGate","version":"1.0","manufacturer":"OpenGate"},"provType":"MONITORING","date":"2018-03-12T11:00:06.703Z"}}},"provision.device.name":{"_value":{"_current":{"value":"CHD_DEV_11 name","provType":"MONITORING","date":"2018-03-12T11:00:06.335Z"}}},"provision.device.specificType":{"_value":{"_current":{"value":"SENSOR","provType":"MONITORING","date":"2018-03-12T11:00:06.328Z"}}},"resourceType":{"_value":{"_current":{"value":"entity.device","provType":"IDENTIFIER","date":"2018-03-12T11:00:06.713Z"}}}},{"provision.administration.channel":{"_value":{"_current":{"value":"default_channel","provType":"MONITORING","date":"2018-03-12T11:00:11.821Z"}}},"provision.administration.identifier":{"_value":{"_current":{"value":"CHD_DEV_12","provType":"MONITORING","date":"2018-03-12T11:00:11.817Z"}}},"provision.administration.organization":{"_value":{"_current":{"value":"chemacorp","provType":"MONITORING","date":"2018-03-12T11:00:11.82Z"}}},"provision.administration.plan":{"_value":{"_current":{"value":"FLOW_RATE_100","provType":"MONITORING","date":"2018-03-12T11:00:11.814Z"}}},"provision.administration.serviceGroup":{"_value":{"_current":{"value":"emptyServiceGroup","provType":"MONITORING","date":"2018-03-12T11:00:11.818Z"}}},"provision.device.administrativeState":{"_value":{"_current":{"value":"ACTIVE","provType":"MONITORING","date":"2018-03-12T11:00:11.905Z"}}},"provision.device.communicationModules[].description":[{"_index":{"path":"provision.device.communicationModules[].identifier","value":{"_current":{"value":"COMMS2_SN_CHD_DEV_12","provType":"MONITORING","date":"2018-03-12T11:00:12.198Z"}}},"_value":{"_current":{"value":"COMMS2_SN_CHD_DEV_12 desc","provType":"MONITORING","date":"2018-03-12T11:00:12.008Z"}}},{"_index":{"path":"provision.device.communicationModules[].identifier","value":{"_current":{"value":"COMMS1_SN_CHD_DEV_12","provType":"MONITORING","date":"2018-03-12T11:00:12.2Z"}}},"_value":{"_current":{"value":"COMMS1_SN_CHD_DEV_12 desc","provType":"MONITORING","date":"2018-03-12T11:00:12.22Z"}}}],"provision.device.communicationModules[].identifier":[{"_index":{"path":"provision.device.communicationModules[].identifier","value":{"_current":{"value":"COMMS2_SN_CHD_DEV_12","provType":"MONITORING","date":"2018-03-12T11:00:12.198Z"}}},"_value":{"_current":{"value":"COMMS2_SN_CHD_DEV_12","provType":"MONITORING","date":"2018-03-12T11:00:12.198Z"}}},{"_index":{"path":"provision.device.communicationModules[].identifier","value":{"_current":{"value":"COMMS1_SN_CHD_DEV_12","provType":"MONITORING","date":"2018-03-12T11:00:12.2Z"}}},"_value":{"_current":{"value":"COMMS1_SN_CHD_DEV_12","provType":"MONITORING","date":"2018-03-12T11:00:12.2Z"}}}],"provision.device.communicationModules[].name":[{"_index":{"path":"provision.device.communicationModules[].identifier","value":{"_current":{"value":"COMMS2_SN_CHD_DEV_12","provType":"MONITORING","date":"2018-03-12T11:00:12.198Z"}}},"_value":{"_current":{"value":"COMMS2_SN_CHD_DEV_12 name","provType":"MONITORING","date":"2018-03-12T11:00:12.007Z"}}},{"_index":{"path":"provision.device.communicationModules[].identifier","value":{"_current":{"value":"COMMS1_SN_CHD_DEV_12","provType":"MONITORING","date":"2018-03-12T11:00:12.2Z"}}},"_value":{"_current":{"value":"COMMS1_SN_CHD_DEV_12 name","provType":"MONITORING","date":"2018-03-12T11:00:12.219Z"}}}],"provision.device.communicationModules[].subscriber.administrativeState":[{"_index":{"path":"provision.device.communicationModules[].identifier","value":{"_current":{"value":"COMMS2_SN_CHD_DEV_12","provType":"MONITORING","date":"2018-03-12T11:00:12.198Z"}}},"_value":{"_current":{"value":"ACTIVE","provType":"MONITORING","date":"2018-03-12T11:00:12.005Z"}}},{"_index":{"path":"provision.device.communicationModules[].identifier","value":{"_current":{"value":"COMMS1_SN_CHD_DEV_12","provType":"MONITORING","date":"2018-03-12T11:00:12.2Z"}}},"_value":{"_current":{"value":"ACTIVE","provType":"MONITORING","date":"2018-03-12T11:00:12.401Z"}}}],"provision.device.communicationModules[].subscriber.description":[{"_index":{"path":"provision.device.communicationModules[].identifier","value":{"_current":{"value":"COMMS2_SN_CHD_DEV_12","provType":"MONITORING","date":"2018-03-12T11:00:12.198Z"}}},"_value":{"_current":{"value":"SUBS2_SN_CHD_DEV_12 desc","provType":"MONITORING","date":"2018-03-12T11:00:11.915Z"}}},{"_index":{"path":"provision.device.communicationModules[].identifier","value":{"_current":{"value":"COMMS1_SN_CHD_DEV_12","provType":"MONITORING","date":"2018-03-12T11:00:12.2Z"}}},"_value":{"_current":{"value":"SUBS1_SN_CHD_DEV_12 desc","provType":"MONITORING","date":"2018-03-12T11:00:12.301Z"}}}],"provision.device.communicationModules[].subscriber.identifier":[{"_index":{"path":"provision.device.communicationModules[].identifier","value":{"_current":{"value":"COMMS2_SN_CHD_DEV_12","provType":"MONITORING","date":"2018-03-12T11:00:12.198Z"}}},"_value":{"_current":{"value":"SUBS2_SN_CHD_DEV_12","provType":"MONITORING","date":"2018-03-12T11:00:12.003Z"}}},{"_index":{"path":"provision.device.communicationModules[].identifier","value":{"_current":{"value":"COMMS1_SN_CHD_DEV_12","provType":"MONITORING","date":"2018-03-12T11:00:12.2Z"}}},"_value":{"_current":{"value":"SUBS1_SN_CHD_DEV_12","provType":"MONITORING","date":"2018-03-12T11:00:12.299Z"}}}],"provision.device.communicationModules[].subscriber.model":[{"_index":{"path":"provision.device.communicationModules[].identifier","value":{"_current":{"value":"COMMS2_SN_CHD_DEV_12","provType":"MONITORING","date":"2018-03-12T11:00:12.198Z"}}},"_value":{"_current":{"value":{"name":"TEST","version":"1.0","manufacturer":"sb-HD"},"provType":"MONITORING","date":"2018-03-12T11:00:11.913Z"}}},{"_index":{"path":"provision.device.communicationModules[].identifier","value":{"_current":{"value":"COMMS1_SN_CHD_DEV_12","provType":"MONITORING","date":"2018-03-12T11:00:12.2Z"}}},"_value":{"_current":{"value":{"name":"TEST","version":"1.0","manufacturer":"sb-HD"},"provType":"MONITORING","date":"2018-03-12T11:00:12.305Z"}}}],"provision.device.communicationModules[].subscriber.name":[{"_index":{"path":"provision.device.communicationModules[].identifier","value":{"_current":{"value":"COMMS2_SN_CHD_DEV_12","provType":"MONITORING","date":"2018-03-12T11:00:12.198Z"}}},"_value":{"_current":{"value":"SUBS2_SN_CHD_DEV_12 name","provType":"MONITORING","date":"2018-03-12T11:00:11.911Z"}}},{"_index":{"path":"provision.device.communicationModules[].identifier","value":{"_current":{"value":"COMMS1_SN_CHD_DEV_12","provType":"MONITORING","date":"2018-03-12T11:00:12.2Z"}}},"_value":{"_current":{"value":"SUBS1_SN_CHD_DEV_12 name","provType":"MONITORING","date":"2018-03-12T11:00:12.221Z"}}}],"provision.device.communicationModules[].subscriber.serialNumber":[{"_index":{"path":"provision.device.communicationModules[].identifier","value":{"_current":{"value":"COMMS2_SN_CHD_DEV_12","provType":"MONITORING","date":"2018-03-12T11:00:12.198Z"}}},"_value":{"_current":{"value":"SUBS2_SN_CHD_DEV_12ICC","provType":"IDENTIFIER","date":"2018-03-12T11:00:11.916Z"}}},{"_index":{"path":"provision.device.communicationModules[].identifier","value":{"_current":{"value":"COMMS1_SN_CHD_DEV_12","provType":"MONITORING","date":"2018-03-12T11:00:12.2Z"}}},"_value":{"_current":{"value":"SUBS1_SN_CHD_DEV_12ICC","provType":"IDENTIFIER","date":"2018-03-12T11:00:12.31Z"}}}],"provision.device.communicationModules[].subscriber.software":[{"_index":{"path":"provision.device.communicationModules[].identifier","value":{"_current":{"value":"COMMS2_SN_CHD_DEV_12","provType":"MONITORING","date":"2018-03-12T11:00:12.198Z"}}},"_value":{"_current":{"value":{"name":"software","version":"1.0","type":"SOFTWARE"},"provType":"MONITORING","date":"2018-03-12T11:00:12Z"}}},{"_index":{"path":"provision.device.communicationModules[].identifier","value":{"_current":{"value":"COMMS1_SN_CHD_DEV_12","provType":"MONITORING","date":"2018-03-12T11:00:12.2Z"}}},"_value":{"_current":{"value":{"name":"software","version":"1.0","type":"SOFTWARE"},"provType":"MONITORING","date":"2018-03-12T11:00:12.397Z"}}}],"provision.device.communicationModules[].subscriber.specificType":[{"_index":{"path":"provision.device.communicationModules[].identifier","value":{"_current":{"value":"COMMS2_SN_CHD_DEV_12","provType":"MONITORING","date":"2018-03-12T11:00:12.198Z"}}},"_value":{"_current":{"value":"GENERIC","provType":"MONITORING","date":"2018-03-12T11:00:11.918Z"}}},{"_index":{"path":"provision.device.communicationModules[].identifier","value":{"_current":{"value":"COMMS1_SN_CHD_DEV_12","provType":"MONITORING","date":"2018-03-12T11:00:12.2Z"}}},"_value":{"_current":{"value":"GENERIC","provType":"MONITORING","date":"2018-03-12T11:00:12.308Z"}}}],"provision.device.communicationModules[].subscription.address":[{"_index":{"path":"provision.device.communicationModules[].identifier","value":{"_current":{"value":"COMMS2_SN_CHD_DEV_12","provType":"MONITORING","date":"2018-03-12T11:00:12.198Z"}}},"_value":{"_current":{"value":{"type":"IPV4","value":"172.18.19.24","apn":"movistar.es"},"provType":"REFERENCE","date":"2018-03-12T11:00:12.105Z"}}},{"_index":{"path":"provision.device.communicationModules[].identifier","value":{"_current":{"value":"COMMS1_SN_CHD_DEV_12","provType":"MONITORING","date":"2018-03-12T11:00:12.2Z"}}},"_value":{"_current":{"value":{"type":"IPV4","value":"172.18.19.24","apn":"movistar.es"},"provType":"REFERENCE","date":"2018-03-12T11:00:12.209Z"}}}],"provision.device.communicationModules[].subscription.administrativeState":[{"_index":{"path":"provision.device.communicationModules[].identifier","value":{"_current":{"value":"COMMS2_SN_CHD_DEV_12","provType":"MONITORING","date":"2018-03-12T11:00:12.198Z"}}},"_value":{"_current":{"value":"ACTIVE","provType":"MONITORING","date":"2018-03-12T11:00:12.118Z"}}},{"_index":{"path":"provision.device.communicationModules[].identifier","value":{"_current":{"value":"COMMS1_SN_CHD_DEV_12","provType":"MONITORING","date":"2018-03-12T11:00:12.2Z"}}},"_value":{"_current":{"value":"ACTIVE","provType":"MONITORING","date":"2018-03-12T11:00:12.211Z"}}}],"provision.device.communicationModules[].subscription.description":[{"_index":{"path":"provision.device.communicationModules[].identifier","value":{"_current":{"value":"COMMS2_SN_CHD_DEV_12","provType":"MONITORING","date":"2018-03-12T11:00:12.198Z"}}},"_value":{"_current":{"value":"SUBT2_SN_CHD_DEV_12 desc","provType":"MONITORING","date":"2018-03-12T11:00:12.119Z"}}},{"_index":{"path":"provision.device.communicationModules[].identifier","value":{"_current":{"value":"COMMS1_SN_CHD_DEV_12","provType":"MONITORING","date":"2018-03-12T11:00:12.2Z"}}},"_value":{"_current":{"value":"SUBT1_SN_CHD_DEV_12 desc","provType":"MONITORING","date":"2018-03-12T11:00:12.212Z"}}}],"provision.device.communicationModules[].subscription.identifier":[{"_index":{"path":"provision.device.communicationModules[].identifier","value":{"_current":{"value":"COMMS2_SN_CHD_DEV_12","provType":"MONITORING","date":"2018-03-12T11:00:12.198Z"}}},"_value":{"_current":{"value":"SUBT2_SN_CHD_DEV_12","provType":"MONITORING","date":"2018-03-12T11:00:12.1Z"}}},{"_index":{"path":"provision.device.communicationModules[].identifier","value":{"_current":{"value":"COMMS1_SN_CHD_DEV_12","provType":"MONITORING","date":"2018-03-12T11:00:12.2Z"}}},"_value":{"_current":{"value":"SUBT1_SN_CHD_DEV_12","provType":"MONITORING","date":"2018-03-12T11:00:12.206Z"}}}],"provision.device.communicationModules[].subscription.mobile.homeOperator":[{"_index":{"path":"provision.device.communicationModules[].identifier","value":{"_current":{"value":"COMMS2_SN_CHD_DEV_12","provType":"MONITORING","date":"2018-03-12T11:00:12.198Z"}}},"_value":{"_current":{"value":"Telefónica Móviles España, SAU","provType":"MONITORING","date":"2018-03-12T11:00:12.016Z"}}},{"_index":{"path":"provision.device.communicationModules[].identifier","value":{"_current":{"value":"COMMS1_SN_CHD_DEV_12","provType":"MONITORING","date":"2018-03-12T11:00:12.2Z"}}},"_value":{"_current":{"value":"Telefónica Móviles España, SAU","provType":"MONITORING","date":"2018-03-12T11:00:12.218Z"}}}],"provision.device.communicationModules[].subscription.mobile.imsi":[{"_index":{"path":"provision.device.communicationModules[].identifier","value":{"_current":{"value":"COMMS2_SN_CHD_DEV_12","provType":"MONITORING","date":"2018-03-12T11:00:12.198Z"}}},"_value":{"_current":{"value":"SUBT2_SN_CHD_DEV_12_IMSI","provType":"IDENTIFIER","date":"2018-03-12T11:00:12.01Z"}}},{"_index":{"path":"provision.device.communicationModules[].identifier","value":{"_current":{"value":"COMMS1_SN_CHD_DEV_12","provType":"MONITORING","date":"2018-03-12T11:00:12.2Z"}}},"_value":{"_current":{"value":"SUBT1_SN_CHD_DEV_12_IMSI","provType":"IDENTIFIER","date":"2018-03-12T11:00:12.213Z"}}}],"provision.device.communicationModules[].subscription.mobile.msisdn":[{"_index":{"path":"provision.device.communicationModules[].identifier","value":{"_current":{"value":"COMMS2_SN_CHD_DEV_12","provType":"MONITORING","date":"2018-03-12T11:00:12.198Z"}}},"_value":{"_current":{"value":"MSISDN_FAKE","provType":"MONITORING","date":"2018-03-12T11:00:12.015Z"}}},{"_index":{"path":"provision.device.communicationModules[].identifier","value":{"_current":{"value":"COMMS1_SN_CHD_DEV_12","provType":"MONITORING","date":"2018-03-12T11:00:12.2Z"}}},"_value":{"_current":{"value":"MSISDN_FAKE","provType":"MONITORING","date":"2018-03-12T11:00:12.217Z"}}}],"provision.device.communicationModules[].subscription.mobile.registeredOperator":[{"_index":{"path":"provision.device.communicationModules[].identifier","value":{"_current":{"value":"COMMS2_SN_CHD_DEV_12","provType":"MONITORING","date":"2018-03-12T11:00:12.198Z"}}},"_value":{"_current":{"value":"Telefónica Móviles España, SAU","provType":"MONITORING","date":"2018-03-12T11:00:12.011Z"}}},{"_index":{"path":"provision.device.communicationModules[].identifier","value":{"_current":{"value":"COMMS1_SN_CHD_DEV_12","provType":"MONITORING","date":"2018-03-12T11:00:12.2Z"}}},"_value":{"_current":{"value":"Telefónica Móviles España, SAU","provType":"MONITORING","date":"2018-03-12T11:00:12.215Z"}}}],"provision.device.communicationModules[].subscription.name":[{"_index":{"path":"provision.device.communicationModules[].identifier","value":{"_current":{"value":"COMMS2_SN_CHD_DEV_12","provType":"MONITORING","date":"2018-03-12T11:00:12.198Z"}}},"_value":{"_current":{"value":"SUBT2_SN_CHD_DEV_12 name","provType":"MONITORING","date":"2018-03-12T11:00:12.102Z"}}},{"_index":{"path":"provision.device.communicationModules[].identifier","value":{"_current":{"value":"COMMS1_SN_CHD_DEV_12","provType":"MONITORING","date":"2018-03-12T11:00:12.2Z"}}},"_value":{"_current":{"value":"SUBT1_SN_CHD_DEV_12 name","provType":"MONITORING","date":"2018-03-12T11:00:12.201Z"}}}],"provision.device.communicationModules[].subscription.specificType":[{"_index":{"path":"provision.device.communicationModules[].identifier","value":{"_current":{"value":"COMMS2_SN_CHD_DEV_12","provType":"MONITORING","date":"2018-03-12T11:00:12.198Z"}}},"_value":{"_current":{"value":"MOBILE","provType":"MONITORING","date":"2018-03-12T11:00:12.096Z"}}},{"_index":{"path":"provision.device.communicationModules[].identifier","value":{"_current":{"value":"COMMS1_SN_CHD_DEV_12","provType":"MONITORING","date":"2018-03-12T11:00:12.2Z"}}},"_value":{"_current":{"value":"MOBILE","provType":"MONITORING","date":"2018-03-12T11:00:12.203Z"}}}],"provision.device.description":{"_value":{"_current":{"value":"CHD_DEV_12 desc","provType":"MONITORING","date":"2018-03-12T11:00:12.403Z"}}},"provision.device.identifier":{"_value":{"_current":{"value":"CHD_DEV_12","provType":"MONITORING","date":"2018-03-12T11:00:11.9Z"}}},"provision.device.image":{"_value":{"_current":{"value":"data:image/jpeg;base64,/9j/4AAQSkZJRgABAQEASABIAAD/2wBDAAMCAgICAgMCAgIDAwMDBAYEBAQEBAgGBgUGCQgKCgkICQkKDA8MCgsOCwkJDRENDg8QEBEQCgwSExIQEw8QEBD/2wBDAQMDAwQDBAgEBAgQCwkLEBAQEBAQEBAQEBAQEBAQEBAQEBAQEBAQEBAQEBAQEBAQEBAQEBAQEBAQEBAQEBAQEBD/wgARCAGQAZADASIAAhEBAxEB/8QAHAABAAEFAQEAAAAAAAAAAAAAAAYCAwQFBwgB/8QAGQEBAQEBAQEAAAAAAAAAAAAAAAEEBQMG/9oADAMBAAIQAxAAAAH1SAAAAAAAAAAAAAAAAAAAAAAAAAAAAAAAAAAAAAAAAAAAAAAAAAAAAAAAAAAAAAAAAAAAAAAAAAAAAAAAAAAAAAAAAAAAAAAAAAAAAAAAAAAAAAAQUnTlnUwAAAAAAAAAAAAAAAAAAAAAAB499hcLPP8A7z8s+pwAAAAAAAAAAAAAAAAAAAAAABxjs/GCG+mfM3pkAAAAAAAAAAAAAAAAAAAAAAAcY7PxghvpnzN6ZAAAAAAAAAAILpuIQ096Pn0AAAAAAAAAAAcX7Rw8h/qDyh6vAAAAAAAAAAOFwzoENPTIAAAAAAAAAAAHBO9+eiC+v/GnssAAAAAAAAAA4xDZlDT0yAAAAAAAAAAAxcgq87+iPO5zz2X409lgAAAAAAAAAHGIbMYOeoAAAAAAAACOkio4tGTsUIs/DS5mrHQYFb+kQ9fefJedURmRFwAAAAAAAAHD4BNOdnr8AAAAAxjJc7gh2vm0KlxDL0/05sMeK2i/Y+gfQ+Wy79xfhmZun+nQJZxX6ejr3neVHXkRk5fAAAAAB565z0Pnh7LAAAWeQnYo7yvVkxjGNcN5fitJINPjgUFX3BpM3GtCtjWjM+4X0zWJUZCzUXftuouV2qi9ma+om0v45UeicrzrJjsiEykzQAAed+edD54eywACg1XmjsUFOMTKYRElX3kW5OhsS2Z9nVVl/wCY+MbDFs1D79+ipUPv36KlQqVCpUKlQqVCpUKlQvW6iRyvmX07xm8A3p2JBpWcF550Lnp7LAA0W9hxz+J7jTi5R9M+DSy2cJwZNgkU10u1hocuzryVb7mw7fLvMV49SVcH6cSyr5WPv2o+VqhUqFSo+Vfaj5V9rKaqvp8+tQbjTwLZFGv6zLU4bt+1Xl5Rn9RjR0rZeV+wHSAIXNI0cY11usrqVC9brOJ4tVmS9XifLdjYx7ho470W4cpdB1xD7/Tpscz7VgcrO4VYWeKlwpqyskwsjKrLN25WU11VlP1AjM18t6ERST7PKTVZu3xS7HoZzMkfPZTG1k3ZY9ITpgGv2GKeWYz6P42WNvzbKOj1x3eHE95o8PJi2+FizPNmiFMljWvZ9y8XJ06usdR5b1oh3NumcHKIbpcAnfoHyJ6tNzmXKyzYt0cnjZv3X53N5mwu67bd/wCipXYhp1aybWuhlvMyc1Me7qOZLPOUauRGhkt60cz6RqOhFOxw8w6WADH00h+HKuZendUePa/R/NDgX2QQ4233X5hd+qinKsZJ1XrHKOsEN4j27hxroROxyvvPLOunWbnEpeSrXynI5PGj1O9zsHP12bXV3/o9doc/pXt7XNzTEyRwKB4xTn7S6U3KPh9fai5MYVYOg67mPWTo/wBt3AAAC3rdsOfc29D4B4rg/ufnZ5dzptADYZWg251/rPJetkL4f3Hh5rqvn0v+ivN/oQmUBmtaed913aODL4x8XtVWu25ur8IgBJIxuNiWshSV0qj5V9zjHytTBTf6WV9YIn0rMyh9AAAAACnDzhEIB23FPIHP/ccFOQ9n5ptjM4j1HkJR9ouD0T539HpvqlYqfbLuBm2l88ZG7kUun3qs+vn0VLpbyrkeN/BLPQSCdclcgMDZ1gAAAAAAAAD5YyBHoV1W0eaeSe3IgeLc/uHKDD9L+TfRZ0arXbFPtfyuxh5uGvIJNo97L9fLh8rvVlWLqss0e9nkxI5Lsu4fPoAAAAAAAAAAAALdwamK9AoPPMK9Wxs89TLfQw6JteKSNOm4WDfrl0hjcnl+5ON8LNyZyki0s22WWb/0AAAAAAAAAAAAAAAAKahiavf/AAgsO7PjnnDXelomcAnuz6eQ2Z7PKMXMrAAAAAAAAAAAAAAAAAAAAAHyi4LFdwfPoAAAAAAAAf/EADMQAAAGAQIDBwMDBAMAAAAAAAABAgMEBQYHERIgQBATFCEzNTYwMVAiIzQVFiQyJWCA/9oACAEBAAEFAv8A2vkeWwMdFBn8C5lfkM677+54fe+LL7fj9UYcfwem0KPKvPyGqPs+l3vH5DVH2fS73j8hqj7Ppd7x0uR5bAx0UGfwLmV1OqPs+l3vHS51339zw+98WX26jVI9qbStW930uqMOP4PTaFHlXnU6sq4aTSNfFfdLqj7Ppd7x1OsSuGh0aXxZB0uqPs+l3vHU61Hw4/op55D0uqPs+l3vHU62fH9E/kHS6o+z6Xe8dMqVHQojJRDWz4/on8g6XVI9qbStW930alpQU7KqiEHr62tDdNaXI9nNjCNlbpDUwzyWi0dhSoeRdLqyrhpNI18V90Nhf1NYU3PX3h3V9cqi4/FhplWLaS5I8t+K5FymQgRsgr5AQ424XRaxK4aHRpfFkH1plnAgJn6gRkCTb5JcnDxd102qqurkv3SEE6+8+r6DMuSwcbJ5bYjZFBfDbzTxfX1qPhx/RTzyH6b0liMmdmtbHEvIshsw1jsqUqNjkZgjk1UISL19YccW6rl3IgbrZDxDY8QO+WO8dHG8ON4Mzpsc4uVTWxFyaA+Gn2Xi+prZ8f0T+QfQUpKCl38CMJeSWb5/0+RYON19XEH9ThMBy6lqDkh57lUtCQclI45Ch3bpju2SG8ch3yCHiFDv1jvXB3ix3ix3ix3ix3qw1NkMnGyiY0IuTwXgzKjvl9HWz4/on8g5nnm47SNRqyxXIs5kobmCVsDfdMuVS0oBydxwvrHAwgeIQkG+4Y3Uf123nWji5FPYEbKIrgZmRpBc2tnx/RP5BzWDzRtZBp5WLUdhlGOHXZPV2IIyPlW8hsd4+6O6bSDkJSFOrV0yFrQca9nxxGydlYYmRpJdutnx/RP5ByrUSEyZRmcmWtS0yCUVjh9LZhcLLMbOuzKDINMuMtK58NseNS+CciNhUviG+/VoWtBsX82KImVRXwzOiyBrZ8f0T+QctxJ8PElu/oPzMEoyCJJkLmprrE/6LHSTlXGQFsIbCuJI8VJSG7eyaDWTW7QYzR8hHy2sdJiVGkp6WXbwYQfyOY+fg7OebNRJjhqfaxTkzWb2LiNRWYxaMWMORy5Me0SSrdPITBLOSg/EqhpUF1CFB2jfDkCW0DIy5G3nWVQcqsoorMjgWAL6mw4THCobH2TrWJAJ+0s7Q4GNOunCxtpsM1sdsigtLCaSMoHWwIyZ1hEbTIyRht7EpUp7kyo9oLp7p5EHsJjn+Z3w70E6OMjDkZh8n6VJh+HIj8iGXViqyGfVqiymJjXMTajBMgmkgkkNhsNgeySnW5rOJjpTFwscjMEiGlsEgw2wZhLaWymXjLRXGTNsOWq5ckY/WoiNYp/L7chY8RVFJTsSiPlm/wAwm1nyEowTg4ScD1D4g/7anoVDxYzEXHmGhLpq2QwTkzFp0OWzOY7CSZhLIJBENhsNhsNhsFrQ0iXMfsnKujJIYjIaIiCGjMJZISJbEYry8XHbORcXQebg49DpYL1jMXHSxFxT+X2yT/Re18qBJZsjI2JyFhLiVdsvymtLQ4U8myCIr6yNCkH2MH+5UElYZiRlNWMZpgSromzlZAJtr4lOK3CoE0ghkEnYKUhtKHnXh/nDvloCTSothsDMklLku2b9VUJbJtskklBmEMhx1mOmbbfplZKqYqNUGayIW/HOsqCEllub6GK/y+15HEVnWd8VpjZ8TkaXENixUkR7BKg26lQm/wAzsiymHEWbkdTfYx6lOIx/t3J+VsymSqXGfjrBHseOySn1Ow2Bd3xOSX3jSkwk1EGPJ7YbC2lKdXT1ZJJtrhJDI4UNlJtCSLTJY7LhRrO0NlhphBIGxBFeXiYMc0osEmljFf5fItolCRXIcE7H0OCxxjYPQZcQ2LBbZvSCVJJRGC7duxj1KcR/TuvtMP8AdcaQ8idXrjGMBsYqIJeY2EiI5uhbe5GgG82RxIjjJ7CY/wCGj1MFT7saJwJQ0RCROZji2vmIyXJ1xcqhVsSCRJMxuSR9+xpXAqBIjqFwlPg8YcLxpHvzKbJQfgoWJtE24LHGBY4xIZUtD8ZSHwlZHyMepTiP6d19pvqgyJRWFWbYoNOo17jLxZpiKqnNKqwCFJWSiQ4PCV4bNLJfcbCW0ubKrK1MZt15mMmdb7IlZFKnLj1DSXSLcbJSDMz7NuwyMg682wkrJ+xXQxERUI+3OaCMPQ0LEykbcFli6FlY4m40bzEqIaHwlwj7GP8AemEf07r7TfV7CMYo4TVAbhLFzg1BdB6hzPFFVWfQZCmH2JLew2GxivgtRkyLTYrTJmmXTr5VmtCENp4dhvyNtLcPdiOLG9QhTFdOtXaqiJoo0YmyLy+kaSMOxULEunbcKxxlKys8RNByIUyEaHxGdI10xiP6d1/rN9Xtxv2YEEuGQtsZo70pGC5HQLg567Dcg2UCyaLyFvfRq9t561vCiQo8Jsi3G+3IRGoyZQ0J9szGbclWFsqpxokiDUoaJthKC+qaSMOR0qEqpbcFhjaFi0w8t11s2C5RyBEeI27kyNM31e3Hi2p+QlGQn1tbatXWFpqnqmzzKS3CqmYp/ceRD79m3YhgzJclthMu7W6qBQvy3a2iQ2TENDZEki6HbcLYSoSaxtwT8dQsP0j8JcS1Q2LaTumU+Rukoj7aIv8AiOV0+Fu6dWtxtPAjlQ2pw/2mROt22j8NPtV1eOpQIlahokNknpdgppKhIrkOCdj6HBPx95BWVLOZWTq0GiQRglkYpPaeWX6MlHHP7dgRGYJpKBJmoaQt6ZOOvx/zhVCGw1HSgiLbqVNkYfgoWJtE24LfEW3im41LiBK3Urp7MmojMttwEZHyS/Rf/TOGxn2IaMwbyGyXLceVGplurh1CSDENKAlBF1poIw9DQsTKRtwWGLoM3a6ZENiyeYOHdkYYnNuBKiPsmei952ASk1H+20H5fmzVyZZxKpKCjwUpCGiT+BNJGHYqViVUNuCZjqFCRjzrZ8U+CcO8EexacEtxJsKPexLYLeS2liJMniFTMxwzCIg2wSQRbfhDIjC2EqDsBCg9VIMTMUjuiRWW9YHLxRN10k5Nk33slcHHkINuMQQwRAkkX4k0EYUwRhUYhZ4rV2aYGAohSo0BmMhLQJH43YcI4ASf+i//xAAkEQABAwIGAgMAAAAAAAAAAAABAgMEABEFBhMhIjESQCBwgP/aAAgBAwEBPwH9KEgd+zLhiUBvan1vYcwkNjyqHIVJa1FC3znYuiKrTSLmhmNYPJFRJSJjQdR683B25StRJsaRlvfmumGERmw2319Qf//EACMRAAICAQMEAwEAAAAAAAAAAAECAwQABRESISIxQAYgcID/2gAIAQIBAT8B/pQkDz7NqqLIHXbJ3loQqIxyypObEXNht97mqpWbgo3ODX3B7lyrZW3GJU9e5pKWW5qdjifH+ve+QQpXQRp4/IP/xABIEAABAgMDBwcJBgQEBwAAAAABAAIDBBESITEQEyJBUXTCICMyQFJhcQUUMDNCYoGhsVByc5HB0QYkY4IVQ2ThNDVTYICSk//aAAgBAQAGPwL/AM12w4rHRo77xDadXehJRpd0rFf0KuqHfH7Rm873Wfu0UHMeszjbPjX7RlZ8Q+fzuate7QlPiR4doy8HOM7nVH2jK7zwlTW7cQ+0ZXeeEqa3biH2jK7zwlTW7cQ6s2HFY6NHfeIbTq70JKNLulYr+hV1Q749ald54SprduIdWm873Wfu0UHMeszjbPjXrUrvPCVNj/S8Q6tKz4h8/nc1a92hKfEjw7Rl4OcZ3OqOtSu88JU5uvG3q0rvPCVNbtxDrUpvXA5Tu6cberSu88JU1u3EOtSW98DlPbnxt6tK7zwlTW7cQ61Jb5wOU7ufG3q0rvPCVNbtxDq9h8dgdsqqg1ySW+cDlO7nxt6tK7zwlTY/0vEOqWnuAHeizP52J2Yd6pAYZeF3YogvJOs1XNx3KkzCDu8KWg+TGF8WFMZxzO6yVPNmYDoZ801j329Wld54SpzdeNvUv5qcYD2ReUYfkmS/vifsqzk1ELT7OAWdmXAeKzMk2y3tcnOwX2XYVVJhger32D3qsN4d4dTlN64HKd3Tjb6e3NzTIfiUYfkyWdHd2jcFZfGMJh9mHcrcap8VajuaFYkYVPeKtRYhcfQ1hRXBUjARAqPObPerUKIHeHUJLe+Byntz42+ktx4zGD3irEo10y/3cEWQP5aGexis5Mve87XFWotAqNo8+6rMu0Qh81aiPLj38q8rpLWrmFXQivVr1a9WqwiWqkeFbCpErDPeqwojXeB9LJb5wOU7ufG30NpxoFc4xXbGKzKtZBbtOKtzUy6KfFc7FbXuX8vLV8VRllngFzkVzvjyb3LRBK0WUWnFWk+qubVXQ10RkxXSXSXSWOSsN5CpFFsKkWsMqsKK13x9FJb5wOU7ufG3lvjxnWWMFpx2BPheSogdZ1uuK5yMaZMKqzbu2DlaRoqQ2Fy0n2VpGpWgxbFefT1hxC1Ue7ODvVI7CwqsKM08uS3zgcp3c+NvLdLPAdbFHA7EZnyLGMnGxs10f9lY8pSxmIA9sfug0Rs3E7L7ldybytAWRtVqK6p71SG1Xnq1WOIVM5bHeqTEOz3hVgxWnkSW+cDlO7nxt5RedQqnRCcVirMQAg7UYkFvmsXtQ8PyVqE7z2WGy+5ZqcaZaJ72CtNjsIPetKYZ+a0IzGt8VXOtJ8VoEBXnrdWOIWnFq33lzgp3tNVzUZpUlvnA5Tu58beVSnrNHk3ouiy4D+224ojzmKKE6166J+a0Y7/zV0Z35rRmYn/sVoTsX8168P8AvBfzEq133Sudtwj3hW4EZrx3Hq3OxgXdlt5VmRl7A2lVmYr3dytQnOae5aWmmyPlaXe+G02gHaio3lCAYliPBzVk6rwf0XNxh8eTCP8AU/TlxmVuER31XrHL1zh8FVkVrlpQT8FeORahRHMPcVSK4Rm+9igy3movZd6bArArDJzr6v1NGKzcEZqH3K1EBK0mroBdBVMNWntY0d6LIDG07RXm0jWYj9liiw5lxqGh1Ca0PIhn+p+nLj/iO+vIvWlDa5VgPp3Fc4z48jQaUIE61z4PvYhCNLvDmn0F5WCw5FTcjAkhU63rOx4dSdaFGrRAWGSrrkWSwtO26lZiPfHjOwYy9N/xCM6Hb6MtDN/9yzrYQbVTP4bfryIwA0mi0FQ8qP8AiO+qqGHk3qgv7lWCwsd8lSLDNNq0mrSARgx2DuOxUa/OSzz8k2YgOq12W5aSuHLMSIaALMwKiF9UHParhyKYu2IxJ2MGQtQC/lB5pLf9R3SPgjFay3Hdg517nFGZmDacTVUaFM/ht+vIIOtRHwmWoJNRTUqFYrHLGP8AVd9VVpQI6StNhkhUe2hyhAPaCr4LSi6Xu91FpNCrnIsfeEJaI7mIxp4HJpK5WnuAHeqyspFiDtdEfNf8Iz/7Bc/Lvh9+IVWmoy2nXALNQqiEPmgS1UAy1iOoiQ/NsGtOlvIrM9EwMU9Bq858pxzNxsRXot8ArlY9iFcFWi+Kmfw2/Xkm5FzW0KvBIVCrysVH/Ed9coFoAgYFANILu7KEMhRDjR2pwVIt/fqyVCgTJvdZo7xyvmY7M5YdZhMOHiVzkQ5MVYb7V9MvmUE/fQcWqgGS04gBWZf80YLXmYmThDZerflmLZhaoEP9ShDgw2saNQCq80Vyc6mJqqAK/apj8Nv15XRR0ES1qwJCo5RTtefQDIclh7agq2zSh/TI+Tix2tiW6taTqy52ALW1qo42TsNy6QVkG044NbeUZmaFl7hZhw+yNpyOia8As468m9AUyUbpOWcnZgNGpqsw2mSlO0fWO/ZcxD0ji83uK7lo/nlqRVUtgeKLmkYhTAB9hvoOiugiQxF8Gu2hVmMwt5QQyHLQhGPLjR1jYpbynCnHy848uNcWm+5UnIJmpYe0NIIQ4rsxFOpytMcCO5UjQYcT7zV/y6D81SXhQ4X3G0V+Rsuzosx8ULr1V5+CLnPEKGMb0ZfyJBtDXMPuaP3Xnc48zMz236vBUCvvKvyX5LwrcR4aAsxKlwha3LQbecTt9FguijzdUXQKt7tSpGhkd/ICGQ8mXhsuAr9VR4qCjEEHzWMf8yFd8kYvk6KZ6VGoX/JZjynDdKRcNLBCLAite04EHLcs9FpU31VmAKe8V5vKMdNzJ9lurxQmPLMa1sgN6A/dBjGhoGAC0lQXDLctEfFXc4/5BZuFz0bYNSESccSNTRgho+lwXRR0EXQQWH5LnYZptGQIZDyZfw5B8+k25w/5jbnJ0z/DHlIxoeOadj+xXmf8SeT4kvEF1sN/RZ6SmYcVvulVVuZi1Psw24laZdIyvZHTd+yzcvDsjWdZWwLR/PkUCrHP9oXOPDG6mjWrEAGDB+ZQJYhorD0+C6KOgi6G2we5abKt2hDIUeRLfd5Wa8oycOM33hejN/w75SiQHj2C79U+Umwxgp69wv8A91nYj3R45xiRLyrltV+S/JaebLVzeiNbijC8nttu1vOCz80S9x2oaKw6nguijoLOQB8FmpkGE7vwVQa8mV/D5RKsA4mia3YOVohdt3yVmuciamhc+S1nYCGguj1fBdFHQREMmmxF7W2grLwQe/LK/hjlFQx72W7LWMfgtJwYzYrEu0w4fa1lVLanaUNFYdb6KOijWHftCJhEupqWbLTawooMBx6DQFjySof3sl+S064bVzd3vFWJVtt3a1LOTBMR3yXRWHX8F0VbbDv20WjUhUfUK8rHKVDHvZKBdpys3vfqaFamjZb2AgGsoFh9h4LoroKsElq5xhptVHFYq4qH4q9Y2QubbmoXaOJWi2rtbjisFh9jYLBdFF0KsJ+1uCtWDFhj2mKy4pt+FSs1Jw847bqCEWcOdibNQWH2ZgsFz0Cy7tsuKdEM1bhHVrQhwYYaP+9//8QALBABAAIBAwIGAgMBAQADAAAAAQARITFBUWFxECBAgZGhscEwUPDR4WCA8f/aAAgBAQABPyH/AO65oBUwrktpg0FXdxgZ/sdx65+hU3/tOuKpel61/YDCCsOrhH3IGpi3Siv7f7H6yf3n9j/WT+8/sf6yf3nps0AqYVyW0waCru4wM+q+sn956b3Hrn6FTf8AtOuKpel616m4dE+7D02MIKw6uEfcgamLdKK/t9VZ+mdM6/TH1k/vPVdt6YUJd/pj6yf3nqu1dMGoeXpj6yf3nqv66H33pj6yf3np/rcIblcQdx8ProffemLh0T7sPSbcC1VUfoljmd4vcdtU7wsx5DcVEgbXiVpTsMOEFGuP+Ul/aTS9MWfpnTOv0JdZYo6hfoI+scSPBbD9Mr6zLCHbjXL2muXxLMjLAqcGtcSmObphlIM+01qTyv0dt6YUJd/84rBHc+IxsM138ziBqpUM2jqu2Caxs6vtKlOh/BO+tH+DTSCqLwyr5YdZWK+FK6Lq9BaumDUPL+Qaie4kdfY5bvEqGgBo7y7p6qWFEI5xCcJ2FwN5J1hYgbq/M6YO7NWMdi3tKOvlkF2k9NDgS9S6Mp+rt5Rs/jiAyj/KfXQ++/hFIy1VgKd8H3GS31I6kxdwh4vG2TEFIzfGDtL7kavvHlaLE0bs2p3zinaf9un/ACibSnAEt4PbwvXTqocqE50PiXiPRleTrayk7oyShc6fxProffecCiunQNWPiHVNnUHaPN9bDFNVl+6LrmZkHaE6vlCsYsWjmbOHBNb35jgfqmiJ2R1qypUCBAgQIECBAgQIELMjhlJRdpqeYjJDlp2vPn+uh995wgvUVltmA3rQJv03jSLXWx2fuGBN1kAtCeXmvg1j8j2s+yZDIODeDxqVKgQIECBAgQIECBAgQIECW4vRlIqG2crkKAG67XnyfXQ++8xomsplVNY5p1Ny9gWMuCXPI6xeF1KvZqQdoq83fb3gzTwhhFn4K5mg5lW2Zt18LNIRzeYp3YyvCpUCBAgQIECBAgQIECBAgQJUDyW6pwwCxLZwoB7AhY2m10z6aH33mLjWefEpVMVj4aWwuoX59n/9IY96rRhSZzS3jSvUXL+ehoX2hoQ73/MvBucLGaE5omfOBcfUNrkCBAgQIECBAgQIECBKgSoHkxUACr3hswFnlj4gfVZJBphOSma7HPFdWPZYVNYZN0uCTLdlTLHJ5P8AWdURfEJUyM1mZYIV3TVwuaD8xA2M+5eKQ3yiNIPXyFjjeqKm8Z+yFoU1evh3lEsgQIECBAgQIECBBcMP/Gh/5Uq3So30TdqXhttrfeAnDzABCAg+CYavxEKbKRhvGzYEypVFrR+92ji1vmLU8nSQ/lBevAgQJZuUv/u0FCdwahpnxK57RmW1nBDLXDJ5GolWZ5U9GAdexIECBAgQL0m2V3h/8IXlB6GEkEWjgMqzbDlH4mQLWrWJFDCaitVhNUJbYBqsp2eL6IMY9Zy+0f3KqKcqOKQ1qf5HLyMDPwrX6jLE0ZhAgQJ/n8odYnaaa+Au0BLcZQw7LdL5D6ZTGItAYZQPzQQYka7Oo+SXSVlu/wCjCrm+HiBAjNC5uKbQQkgggggkJ7VlOhtde6EZCDQScJNghNSJAnGm8MS1jIKuoYeiEGxPnjG5WRYbqUk/yOXkKksFJGaIrqHDL2/MEBgjEECUWLBPvAoq44i1W+tcSzuaMu04k8WIBd4CV4lNElTymr/UrwGozUjrao4/Kj7bBekRz8IQoVGRnqqE9S59sAcvbzza9/pZCZE3IQQ3QBaszKPB+UzNoOg2Sb6ShDo3Y4KNa2sRPPWU77wTbsMAFCiHVXFdd5oJYafZP8jl5LUj8hLJ+QmPo3I4KkoyFOkf4/KaZGbxEVYtW0vVfDw8o0+HhTkJDJoOh1eCElJkY41trowwkhs8tjqalvECngvEdAavKiFVaNMQggmytx+JmLQwgZ1Jg0N2XdCmr0mCE2YvrxF5brdRX3TQzhSIIYHjdlKt88sdmvCKCmmyf5nLyJcGyQJsQqg+Iqo3kmHgS0SJzLk6n7ZvnlKZpQz+Lweb3jQ22iwFN/28Atp1O+iAFkIttSste5LWs65RCH7YY2IFnsS6bti1Nep0hBcQp5ZXlTZYRkC2wTHxmkY7DLl7G8ZOT0HoQj5XNPVmd05MNPt5RVWtspglQTVEdsJdg4mHIOt8soX5UGHaQdsQxofENwT2iHWVULs7qYgOrNwgw8QZ/F4fV7wYoAjqMPsNe/8A+JswuAC0aneC0fv1d9T3i+mzTL6MMPGRUDpvSX5hddv+dZSKutC+dZlWrhAerAEkYZlMd7DViDfWmmJsRz4ji5na5TtbRVRcPoLaaq9vA7HSXijBNQCJd8SzPEsu/Yhm7d9Yv52sP0g7ZhDj8Q1SHZJYiciKHQ9k5WbhBHxyMO0Mxn38Bh1TAUMKG2UvCYiJYzdAVOTy6GcpBBh1edOIMsi3L3294Qh7thIQRdjVESDIUJiAg63T9+5tKqQbXXdgwxUCggMnXTeLqjoHgC9DmFH7Svd5aRPoDdgvyGDTiyIL0WaO66Q2BBSv4tsgjZijGY5o9J0QQPwiEoesTnZmaE4s/H4XV7yvAlw+r8wIkmoTBTMHW9zX3l1C5VPgr/hLfvsqscrruYhBa3tTuakyHCWHPyE4CFr43dj6sUQamonK7xRfuMBpe7WdWGcBcoNcsowr0get21mIqX1UWWzfa/UzTLlXVmCkIBABp/LsEHbEBcITQ/ECm5Tj4l3YmTGbAudpnGfa8anzv9wIECE3yI2Y6Ls6kyZ9vHsD8MwNwPmCsQ61274OICqFwNfP6iqtTSex0nQ0nf02N8Q6qN1bGif9gDL69B2lmH4hCjNp9CnVCciCOEJoPiJaFbjDCNi71feAoQmoxBmbxDwq7aBAgeATthLS9JDN2jwvFGDjwLdPmFGnzK57kOmfwlyODCFjpo+8CuSukCYQfBNPSIdYZkQJsQqg+ILT8EfPvhrK2FqCprDCdZWm5BA8AhFUbaMVfjwqXbQthyyxCgtgftTqxQktBqy3Bbj4IQGJlyLDMHxDwQGj1CDD9IO2IZQ/Ew4bNQlZzuGZU/tkM3Cz2rACjALGBAgQwVo6JoXDgDiHAQWzroyCU1gxfvLRD3XHR2JWrB5RgOnrT9IO2YA4xiE95MRAgf3SUZMMowPD4rIpqU5uH+KiYOQjCK2f3w4gbBBSQsEANP6DZIE2YI4y0ofEQNONoaFe3JCxCKYx8w1Po36hWqiMLH5Y3m3D+AhZnOQpUXAUD/SNkmoCXuMvSqPSVZ2X6Ebe8B8kstHhm24pMrdz8hm4VCMQBUJtM2z+oQZsniQkwLxnk4JSq8XC5/g1hm0I2lV/WIYmV4gm0AP/AIJ//9oADAMBAAIAAwAAABDzzzzzzzzzzzzzzzzzzzzzzzzzzzzzzzzzzzzzzzzzzzzzzzzzzzzzzzzzzzzzzzzzzzzzzzzzzzzzzzzzzzzzzzzzzzzzzzzzzzzzzzzzzzzzzzzzzzzzzzzzzzzzzzzzzzzzzziTzzzzzzzzzzzzzzzzzzzzzzzxTzzzzzzzzzzzzzzzzzzzzzzzxTzzzzzzzzzzzTzzzzzzzzzzzzzzzzzzzzzzwjzzzzzzzzzzzyxzzzzzzzzzzyjzzzzzzzzzzzyhTzzzzzzzzzyzzzzzzzzzTRDDTzjzzzzzzzzzDzzzzzzjDSTQhCyRBjDzzzzzzDzzzQChRgCRDiSzBDCCBDzTzwDzzxwTTCjRxSBTzzzzzwARTTAjzyzgTwQBRywQhCAADDizji8AwzyzTChjTDTTyAQhTRwwQRmFEQzyhigTE5yTjCzjRGItTyGxDxSjyzyDxxTDAARTwznyKyQAzghCRTzyxjQDjSixhxe8zgTARiAQwRzzzzzxxQBAzS1tVRCAAgRjBTzzzzzzzzyzihjAqlyQAgCSBzzzzzzzzzzzzwyCTzuxyBhxzzzzzzzzzzzzzzzzzyxxjQwRzzzzzzzzzzzzzzzzzzzzxyzzzzzzzzzz/8QAJREAAQMDAgYDAAAAAAAAAAAAAQARITFAQVFhECAwUICBkaHB/9oACAEDAQE/EPIt+iFcmuayQ9j4UYa7kvGkDHuEBuZhv0bc5Sy66BQcI2JURYODgiotytx1yCqt8bCfsoeTBalUT25VOAuRcMm77//EACMRAAEDAwQCAwAAAAAAAAAAAAEAESExQFEwQVBhgaEggMH/2gAIAQIBAT8Q+xbaMqTWD6NdAefShiHcl4xA28wgZ6x+jr5mDZrgKBJHRUFAOx2ItyZ5VwVVujoT7QWWDkKJs24QCNw6J53/xAAtEAEAAgEEAQIFBQEAAwEAAAABABEhMUFRYXGBkRAgQKHBMLHR4fBQYHDxgP/aAAgBAQABPxD/APa9/wAfZ0Lt1dsK8Rp70cDdg4CZ/wCjxHv1bL1rPcUfAa7qeDl+a/6Bzc4RXaKGnbM1NfHpGu6FXD/6s8+fPnz5v+Ps6F26u2FeI096OBuwcBM/V+WV/TTxHv1bL1rPcUfAa7qeDl+a+pJaSZjov02c3OEV2ihp2zNTXx6RruhVw/VZz1KeR7p/+iefOR9SgufB6/6P58qDqmTcG1/8J/z5fv8Ayyv6eSzpoZ7IIPVgkfU+pfvyWkmY6L9JhB6xQerDxdAF8MCMExwlMva2ekeEeRputhV8q7aeGG4qDpkwbFsIsmzFVznsC6Y7/TZz1KeR7p/oRAUANViwFwFd4yV6y7B4yL7B+WGUpqwOKYg8W2Iz43YdKi9Qv2eYql1VtXea5dJV5Y1sD1L5RfgVxs8WGOojccpYIRrqDgfJBJSsRw9Po8j6lBc+D1+v7EPjt4GZXdFF9hqiBIuQy2Uyx+88onq5jFMWU+hqY9LmKl/45jBSb1g8GhA3Z50lXA5+IXC1lTHJ6ulr2hJt1CveQZragu3mEkfcX6BQdUybg2v6n5orJH7w5AsK19mQGUUUWuXv4qGXnaC94DILVg+8scHVTLt0iBzgOh50IkTrWKdGsD4hUzHhwmEX4zBP2MHpgh98G/4h+UXBP7/5g2/3P5hEU56ipg4aJTzMRHWWW8zLGYQft9O/flBm6YIOVWBGXaomOchVX5cEUm5G16QwRAAU4p7DSGX4mAvZVsMF+mYerHt+2avbSZXqdE0wawPeC5/hc+0u+PiiaAd31feOWo3P9I5KLfn7Q1ovV+8AUatLoimkerHRPiizh4CH9IQfX7c/+Ahs/sIfVXmBYRu5DSfhvo8wEz9UZPMGr3Fft9E/fsA3mgbTwERX0oqtbktmKiQowA4iFqe2YKZpWntLuGbGp8BFVUtdVi38NZ4lRt25YPcgKI5qHyy92TI+xAPeJSYszpHL82wg/VAAAAOCixclf2BqNeZdzMLZJRhl0J7Jrk/Wfv0klNKVIOtm0Zwh8NeV6nCnUCLCiJrgQsc42w485csxouHLswU8aI38Fv4l0TtzKYUW8omtKZXA+kolxopR7S3FF0EC4HtCCD9EAAHR+gAAHDXIsVP9oLZgC/och7Tbmsk9uv6b9+jAMDwFx0u8dOCCtQ8x0RKOB2Os0hMAC1WmMu5TFmVzoDLa9/MHckMZ7ujwIUhrVCe8ucksGfAuWrB30HvKBU0VD0XMjqAVFzW1VuEBCD9MAAAdHzgAEIwAIECGtDSxUJh+qFAdsWVLVfsU1jFnQz7DGLjZrnz7+pLUVq0KvsMre3HdbthiPC8shZUdOa0LXdTHquMCiZBYRwYcEbqroQfZrnMWaLd1/uJhbeGh/eYsg0pfmXeYKpPzQ8AV6Z4qpgWRlu98I/vBmRg/clocjxs1L2TZgHT5QDo+B0fOAAfAEKwAKIECssDTMUQTrGnrCAI0H64aENzOph9GJTrzdnmoaF8ylZwkDIG1KZNvQ03jRIFavZtldxEaV4h7wAII6J8jiNYERa7x8A+AYSgXWmJqcNiRK9ISomqzooB6ShZW5s/ptN2ABr5xOmJCn5HAFYxX6S2gcHA6EH0OEs+xFEoiWJ8Do/SAAAfo3pF6N6p0rylDJeRgtyCxZyrG18esW4E56u9UUydrdWX+ZW0VCSBh0PEHrFyRyXbQCCUgQAnR+ZuKKAHnRHbKct4yEB4KPkBq/s42suyBvBKJyQTBvGzmWkjaI6kMSwNxph9E94P9xreDVAfG/tGVsjrngZWw6/yvxBWgtYLtt4QSGqUC1pLW7DicR0RdJs/MADqgr1KPSjUK9CpS/ebmmHwQuJ1ToiCZqFAQ27Ky1f7vCKs1lntjwSppLhVauCmBF/ojIrEh7tFBHA2KFJycxDyNWWhTQg4rXpZDodGYuDpRm33q/LAyi37VOf7kqV4yzMm+sI5uWfAzEFhK4CCjbiKQImo/A7lFdWMAQ96+8MR7gjf4Y9tw1ezs29IFp6lnxMt8b4QR6uSBfVDK2icxmUgYcmaLwQZamxzRlcJOj4FgKmn6EhYB6MwuJ1zpnXOmdMsk0bAR3TSqzt/hLrmC2Sl8GxHaJIl4QwrYacGHunviClS6UtjlYjX68l9nG7GXOkChqosDVqajbT76HBAiEOCBLPkBhV1BhEpJnxcWhujqBHiOTBgAbe4aSblUsZmIrJnHIYI17TcX0SUy9C9di9wMMLoqzq41JNaT8DqZk3IchxvVNeYhEfeGrJUNPq/EdE1MBIrXm0Z4zVzTsxJwOgJgeLaGYOq9K3lBiP8AMwYEdQAy3SBOG2hXsYs7LgQMdn2QYckoH7tawk4WJYzrm7UR6JbAEJPQw38vxAvYDkgoiuCOhnAKi0tKwZ8BHrOEpGqu0A3FCRWLd44IHE3Gi8Pg8uYCIGACggQoBslZXmGiEDNQcDT935cGCNSAZejtMtyWmo3EHQbj8wcjDwLeWAhNxCwyhVYHkagqFy3vBZYIITUWgmOd4UQ3Lks3eXbFf/YZyQnE3J+KAGYz40g5hbNYjJ0m5EC5Nq/wvXwSMsBqJoymYztv4y/WdU64sKGT93RgviBExQaArYMVEBRvjiUtqOFsqIgYsBhtQ2nROiBGFHdu384GjQ5IYIoqUrAU1CLRC9Hg8PEYl63T4sHtiUJcnCAyujEJk1DF6EN3HTV4iVcA+RnKmVa3BWiDSLan88ZX8gAKSJgW4HIvqJSLuGKFaBTHSp8N1DKspMIy/wAmaA4Ep6yrYEo5MPMA1zKonMq9k0IaVcMwLyhigpRp2cMVsC0M9f5fARcwkgWh2uvWEHEdEnXFa/q6/PI9S0PFO+WMudl64VNGvkm8FjAnUqqXi4GAGydEtmesnSDqqUtVbWEmKC8QgAAascuDRsPLB/jfl2ByppS4KfZhN3MGSGVLDVXLCKUWuIP5mC6v08EeOTVWCFhjS4OXcN/SUXJVaUCGuDvGyiQHR/uhD8rUCLBLe0NEX1FdF3D9MWiUZXfMairbTtKpU1eR4dJVENHEJ0fgIB8hG0Z0lKm8D2mOn7Tah9noFiR2p4Oe05/ZCqCmUusKTBg+kq6mec1rlrGFEX7Tt2oyaOO6hXkB6JyJBYJgpR933hLVXeSvtjFAOq2DvU94jGJyq2s6ImnLoYV/BGsmLVKkVdx6EcUAFg5Zmd6ao3zLXjEMGm6SNzTPG8LLXBMnUNjj5d4+OA0GA8E0hmX03P8AEW0ug3ioMpZZVkEXltaBGUiX/bmDRiHJbtmDfHzoCkjARnmAWZ1F8dYu7VYUZW6lbCvyRarKoK/XaE0fch40zDLEn3UH7JrRGhOzKrzdDXEqZgARKRMJAMJR0BSiUm1TgOyOGBZl0Fn/ACKj0EvOB3FUGtghdWECtNBgPZAEFFYlzwmpOiBxAKFIxMlUl5ljgh4OiIkZK4fOiYhm41wBja84gOzFgGgBDLB1Dq/iKrvePLvA50gNlcjSJKOd3r/UtVQ4A8sY4VnWvzD/AH8oNMBHCEWR6O75jUiggdOCCA/RQdSDtjMJEX1M2l9QMDDY3GWr2tWLzs9Imemg+ruespo+7DpGpvD+hNCo+0Yb8qHCBWYkmvFL+7m5G8NTFK4524DUlDxNixCGC0pDUeXLtBdBht6Lym7ZHpAEvdDkdhjIQ4ARXnSLjhTOOHlj4MhS6poeNYG10DyCsp7l8p/irmYLN6jxxMrYq8wKyHEMrxtj+YfWsAIdva0X5OIuFlJ9LGVli+0jHlbJegqitOV3mHJA2gAAOobQ/VApg0dfUstl6lpC7i4X11DzognQ+Vovc1JQeKGjBgBozOjlAqBvCKImv3l8kFjRjwWlV+Ak7p2nDHq4EZjOpIoYEgkIDZndhmd4qZeaWQ9XB6JdMjXg8sylB9v8y3B4lmrXYgktPRr/AFLxRXAlaRZca+CHdPyS3i9I8RkBV6d0fA1svQNCK4kCCYiHEEAGPoSsI8ED1LPS+oluu4yky2xAACFM6dbfWWmCFgTpgOnVgoglHMepXA3fu/IAGxKpm+qUyeDC91qaJQvoVAvUxLNI2RpADLBlFHL8EGjy6rWWbpusB5Yjs3JdX8xwp4z6fBgI/YMpKdt4xAUogzArqGQSoAKCvpC6EdCLlnC+pdQu4QR7wV9m0LklQUTxvHSTpRHoyoBmCCY5b4oBsSqCIo3GPewbfa/xAvLCBYBa1oeWANs+0QG5dAIHrLld+TiByDL93dmiV7gXTaNHfVl2sakqqDBldQah9RqBEwluWIL6iMq7gmULTV4ma+fFdG+dGEBPNDoqanpRuGYvXnuVpN/GLPE9oqUiy/cEilwXxELbwHL5YAAAGxKaD1w34hMgc704izw1fv5XeOhLcoaXitoNArqBgGJpg+rQSkjARnmATL6jeMt7QzEugKesYqjgrMKKrUDBD/Vmdk9wUmj3CqxFS9RGaD+DCDC06uxBqUe29+ZQW1otvsaRVmRRqd/xBq6BQjYgrqGgSoBQ+vQdSFojMPEX1Fmy+oRdQCi5EKpbXvovq8RH3lhNme4Tlsd4Qi37oi2cOC1jkb1Lz5cwipsKAS4G47PlgCD2gKhjqBUB/wAQSmAUVfUK3XUEYAiNhiCiyDJ70+1RUtNBYbOqfePCKxwIxHbJV6Af3NWloPfgww6RqdG8NJiAFBCjGAEaYP8Aj6oQpwm1Iq6HtNMX1AvdYfUmpTg+y0U7wI41RD2XeUCwWXANB/zNSIzYjZGwCCYP/BP/2Q==","provType":"MONITORING","date":"2018-03-12T11:00:11.897Z"}}},"provision.device.location":{"_value":{"_current":{"value":{"position":{"type":"Point","coordinates":[40.888357464612,6.765541515806426]},"postal":"28033","source":"GPS"},"provType":"MONITORING","date":"2018-03-12T11:00:11.909Z"}}},"provision.device.model":{"_value":{"_current":{"value":{"name":"OpenGate","version":"1.0","manufacturer":"OpenGate"},"provType":"MONITORING","date":"2018-03-12T11:00:12.406Z"}}},"provision.device.name":{"_value":{"_current":{"value":"CHD_DEV_12 name","provType":"MONITORING","date":"2018-03-12T11:00:11.822Z"}}},"provision.device.specificType":{"_value":{"_current":{"value":"CONCENTRATOR","provType":"MONITORING","date":"2018-03-12T11:00:11.902Z"}}},"resourceType":{"_value":{"_current":{"value":"entity.device","provType":"IDENTIFIER","date":"2018-03-12T11:00:12.407Z"}}}},{"provision.administration.channel":{"_value":{"_current":{"value":"default_channel","provType":"MONITORING","date":"2018-03-12T10:59:09.909Z"}}},"provision.administration.identifier":{"_value":{"_current":{"value":"CHD_DEV_2","provType":"MONITORING","date":"2018-03-12T10:59:09.902Z"}}},"provision.administration.organization":{"_value":{"_current":{"value":"chemacorp","provType":"MONITORING","date":"2018-03-12T10:59:09.907Z"}}},"provision.administration.plan":{"_value":{"_current":{"value":"FLOW_RATE_100","provType":"MONITORING","date":"2018-03-12T10:59:09.897Z"}}},"provision.administration.serviceGroup":{"_value":{"_current":{"value":"emptyServiceGroup","provType":"MONITORING","date":"2018-03-12T10:59:09.905Z"}}},"provision.device.administrativeState":{"_value":{"_current":{"value":"ACTIVE","provType":"MONITORING","date":"2018-03-12T10:59:09.804Z"}}},"provision.device.communicationModules[].description":[{"_index":{"path":"provision.device.communicationModules[].identifier","value":{"_current":{"value":"COMMS1_SN_CHD_DEV_2","provType":"MONITORING","date":"2018-03-12T10:59:09.517Z"}}},"_value":{"_current":{"value":"COMMS1_SN_CHD_DEV_2 desc","provType":"MONITORING","date":"2018-03-12T10:59:09.52Z"}}},{"_index":{"path":"provision.device.communicationModules[].identifier","value":{"_current":{"value":"COMMS2_SN_CHD_DEV_2","provType":"MONITORING","date":"2018-03-12T10:59:09.218Z"}}},"_value":{"_current":{"value":"COMMS2_SN_CHD_DEV_2 desc","provType":"MONITORING","date":"2018-03-12T10:59:09.22Z"}}}],"provision.device.communicationModules[].identifier":[{"_index":{"path":"provision.device.communicationModules[].identifier","value":{"_current":{"value":"COMMS1_SN_CHD_DEV_2","provType":"MONITORING","date":"2018-03-12T10:59:09.517Z"}}},"_value":{"_current":{"value":"COMMS1_SN_CHD_DEV_2","provType":"MONITORING","date":"2018-03-12T10:59:09.517Z"}}},{"_index":{"path":"provision.device.communicationModules[].identifier","value":{"_current":{"value":"COMMS2_SN_CHD_DEV_2","provType":"MONITORING","date":"2018-03-12T10:59:09.218Z"}}},"_value":{"_current":{"value":"COMMS2_SN_CHD_DEV_2","provType":"MONITORING","date":"2018-03-12T10:59:09.218Z"}}}],"provision.device.communicationModules[].name":[{"_index":{"path":"provision.device.communicationModules[].identifier","value":{"_current":{"value":"COMMS1_SN_CHD_DEV_2","provType":"MONITORING","date":"2018-03-12T10:59:09.517Z"}}},"_value":{"_current":{"value":"COMMS1_SN_CHD_DEV_2 name","provType":"MONITORING","date":"2018-03-12T10:59:09.522Z"}}},{"_index":{"path":"provision.device.communicationModules[].identifier","value":{"_current":{"value":"COMMS2_SN_CHD_DEV_2","provType":"MONITORING","date":"2018-03-12T10:59:09.218Z"}}},"_value":{"_current":{"value":"COMMS2_SN_CHD_DEV_2 name","provType":"MONITORING","date":"2018-03-12T10:59:09.115Z"}}}],"provision.device.communicationModules[].subscriber.administrativeState":[{"_index":{"path":"provision.device.communicationModules[].identifier","value":{"_current":{"value":"COMMS1_SN_CHD_DEV_2","provType":"MONITORING","date":"2018-03-12T10:59:09.517Z"}}},"_value":{"_current":{"value":"ACTIVE","provType":"MONITORING","date":"2018-03-12T10:59:09.708Z"}}},{"_index":{"path":"provision.device.communicationModules[].identifier","value":{"_current":{"value":"COMMS2_SN_CHD_DEV_2","provType":"MONITORING","date":"2018-03-12T10:59:09.218Z"}}},"_value":{"_current":{"value":"ACTIVE","provType":"MONITORING","date":"2018-03-12T10:59:09.213Z"}}}],"provision.device.communicationModules[].subscriber.description":[{"_index":{"path":"provision.device.communicationModules[].identifier","value":{"_current":{"value":"COMMS1_SN_CHD_DEV_2","provType":"MONITORING","date":"2018-03-12T10:59:09.517Z"}}},"_value":{"_current":{"value":"SUBS1_SN_CHD_DEV_2 desc","provType":"MONITORING","date":"2018-03-12T10:59:09.712Z"}}},{"_index":{"path":"provision.device.communicationModules[].identifier","value":{"_current":{"value":"COMMS2_SN_CHD_DEV_2","provType":"MONITORING","date":"2018-03-12T10:59:09.218Z"}}},"_value":{"_current":{"value":"SUBS2_SN_CHD_DEV_2 desc","provType":"MONITORING","date":"2018-03-12T10:59:09.198Z"}}}],"provision.device.communicationModules[].subscriber.identifier":[{"_index":{"path":"provision.device.communicationModules[].identifier","value":{"_current":{"value":"COMMS1_SN_CHD_DEV_2","provType":"MONITORING","date":"2018-03-12T10:59:09.517Z"}}},"_value":{"_current":{"value":"SUBS1_SN_CHD_DEV_2","provType":"MONITORING","date":"2018-03-12T10:59:09.605Z"}}},{"_index":{"path":"provision.device.communicationModules[].identifier","value":{"_current":{"value":"COMMS2_SN_CHD_DEV_2","provType":"MONITORING","date":"2018-03-12T10:59:09.218Z"}}},"_value":{"_current":{"value":"SUBS2_SN_CHD_DEV_2","provType":"MONITORING","date":"2018-03-12T10:59:09.126Z"}}}],"provision.device.communicationModules[].subscriber.model":[{"_index":{"path":"provision.device.communicationModules[].identifier","value":{"_current":{"value":"COMMS1_SN_CHD_DEV_2","provType":"MONITORING","date":"2018-03-12T10:59:09.517Z"}}},"_value":{"_current":{"value":{"name":"TEST","version":"1.0","manufacturer":"sb-HD"},"provType":"MONITORING","date":"2018-03-12T10:59:09.6Z"}}},{"_index":{"path":"provision.device.communicationModules[].identifier","value":{"_current":{"value":"COMMS2_SN_CHD_DEV_2","provType":"MONITORING","date":"2018-03-12T10:59:09.218Z"}}},"_value":{"_current":{"value":{"name":"TEST","version":"1.0","manufacturer":"sb-HD"},"provType":"MONITORING","date":"2018-03-12T10:59:09.123Z"}}}],"provision.device.communicationModules[].subscriber.name":[{"_index":{"path":"provision.device.communicationModules[].identifier","value":{"_current":{"value":"COMMS1_SN_CHD_DEV_2","provType":"MONITORING","date":"2018-03-12T10:59:09.517Z"}}},"_value":{"_current":{"value":"SUBS1_SN_CHD_DEV_2 name","provType":"MONITORING","date":"2018-03-12T10:59:09.71Z"}}},{"_index":{"path":"provision.device.communicationModules[].identifier","value":{"_current":{"value":"COMMS2_SN_CHD_DEV_2","provType":"MONITORING","date":"2018-03-12T10:59:09.218Z"}}},"_value":{"_current":{"value":"SUBS2_SN_CHD_DEV_2 name","provType":"MONITORING","date":"2018-03-12T10:59:09.118Z"}}}],"provision.device.communicationModules[].subscriber.serialNumber":[{"_index":{"path":"provision.device.communicationModules[].identifier","value":{"_current":{"value":"COMMS1_SN_CHD_DEV_2","provType":"MONITORING","date":"2018-03-12T10:59:09.517Z"}}},"_value":{"_current":{"value":"SUBS1_SN_CHD_DEV_2ICC","provType":"IDENTIFIER","date":"2018-03-12T10:59:09.617Z"}}},{"_index":{"path":"provision.device.communicationModules[].identifier","value":{"_current":{"value":"COMMS2_SN_CHD_DEV_2","provType":"MONITORING","date":"2018-03-12T10:59:09.218Z"}}},"_value":{"_current":{"value":"SUBS2_SN_CHD_DEV_2ICC","provType":"IDENTIFIER","date":"2018-03-12T10:59:09.215Z"}}}],"provision.device.communicationModules[].subscriber.software":[{"_index":{"path":"provision.device.communicationModules[].identifier","value":{"_current":{"value":"COMMS1_SN_CHD_DEV_2","provType":"MONITORING","date":"2018-03-12T10:59:09.517Z"}}},"_value":{"_current":{"value":{"name":"software","version":"1.0","type":"SOFTWARE"},"provType":"MONITORING","date":"2018-03-12T10:59:09.704Z"}}},{"_index":{"path":"provision.device.communicationModules[].identifier","value":{"_current":{"value":"COMMS2_SN_CHD_DEV_2","provType":"MONITORING","date":"2018-03-12T10:59:09.218Z"}}},"_value":{"_current":{"value":{"name":"software","version":"1.0","type":"SOFTWARE"},"provType":"MONITORING","date":"2018-03-12T10:59:09.208Z"}}}],"provision.device.communicationModules[].subscriber.specificType":[{"_index":{"path":"provision.device.communicationModules[].identifier","value":{"_current":{"value":"COMMS1_SN_CHD_DEV_2","provType":"MONITORING","date":"2018-03-12T10:59:09.517Z"}}},"_value":{"_current":{"value":"GENERIC","provType":"MONITORING","date":"2018-03-12T10:59:09.621Z"}}},{"_index":{"path":"provision.device.communicationModules[].identifier","value":{"_current":{"value":"COMMS2_SN_CHD_DEV_2","provType":"MONITORING","date":"2018-03-12T10:59:09.218Z"}}},"_value":{"_current":{"value":"GENERIC","provType":"MONITORING","date":"2018-03-12T10:59:09.202Z"}}}],"provision.device.communicationModules[].subscription.address":[{"_index":{"path":"provision.device.communicationModules[].identifier","value":{"_current":{"value":"COMMS1_SN_CHD_DEV_2","provType":"MONITORING","date":"2018-03-12T10:59:09.517Z"}}},"_value":{"_current":{"value":{"type":"IPV4","value":"172.18.19.24","apn":"movistar.es"},"provType":"REFERENCE","date":"2018-03-12T10:59:09.414Z"}}},{"_index":{"path":"provision.device.communicationModules[].identifier","value":{"_current":{"value":"COMMS2_SN_CHD_DEV_2","provType":"MONITORING","date":"2018-03-12T10:59:09.218Z"}}},"_value":{"_current":{"value":{"type":"IPV4","value":"172.18.19.24","apn":"movistar.es"},"provType":"REFERENCE","date":"2018-03-12T10:59:09.318Z"}}}],"provision.device.communicationModules[].subscription.administrativeState":[{"_index":{"path":"provision.device.communicationModules[].identifier","value":{"_current":{"value":"COMMS1_SN_CHD_DEV_2","provType":"MONITORING","date":"2018-03-12T10:59:09.517Z"}}},"_value":{"_current":{"value":"ACTIVE","provType":"MONITORING","date":"2018-03-12T10:59:09.513Z"}}},{"_index":{"path":"provision.device.communicationModules[].identifier","value":{"_current":{"value":"COMMS2_SN_CHD_DEV_2","provType":"MONITORING","date":"2018-03-12T10:59:09.218Z"}}},"_value":{"_current":{"value":"ACTIVE","provType":"MONITORING","date":"2018-03-12T10:59:09.322Z"}}}],"provision.device.communicationModules[].subscription.description":[{"_index":{"path":"provision.device.communicationModules[].identifier","value":{"_current":{"value":"COMMS1_SN_CHD_DEV_2","provType":"MONITORING","date":"2018-03-12T10:59:09.517Z"}}},"_value":{"_current":{"value":"SUBT1_SN_CHD_DEV_2 desc","provType":"MONITORING","date":"2018-03-12T10:59:09.515Z"}}},{"_index":{"path":"provision.device.communicationModules[].identifier","value":{"_current":{"value":"COMMS2_SN_CHD_DEV_2","provType":"MONITORING","date":"2018-03-12T10:59:09.218Z"}}},"_value":{"_current":{"value":"SUBT2_SN_CHD_DEV_2 desc","provType":"MONITORING","date":"2018-03-12T10:59:09.313Z"}}}],"provision.device.communicationModules[].subscription.identifier":[{"_index":{"path":"provision.device.communicationModules[].identifier","value":{"_current":{"value":"COMMS1_SN_CHD_DEV_2","provType":"MONITORING","date":"2018-03-12T10:59:09.517Z"}}},"_value":{"_current":{"value":"SUBT1_SN_CHD_DEV_2","provType":"MONITORING","date":"2018-03-12T10:59:09.504Z"}}},{"_index":{"path":"provision.device.communicationModules[].identifier","value":{"_current":{"value":"COMMS2_SN_CHD_DEV_2","provType":"MONITORING","date":"2018-03-12T10:59:09.218Z"}}},"_value":{"_current":{"value":"SUBT2_SN_CHD_DEV_2","provType":"MONITORING","date":"2018-03-12T10:59:09.399Z"}}}],"provision.device.communicationModules[].subscription.mobile.homeOperator":[{"_index":{"path":"provision.device.communicationModules[].identifier","value":{"_current":{"value":"COMMS1_SN_CHD_DEV_2","provType":"MONITORING","date":"2018-03-12T10:59:09.517Z"}}},"_value":{"_current":{"value":"Telefónica Móviles España, SAU","provType":"MONITORING","date":"2018-03-12T10:59:09.496Z"}}},{"_index":{"path":"provision.device.communicationModules[].identifier","value":{"_current":{"value":"COMMS2_SN_CHD_DEV_2","provType":"MONITORING","date":"2018-03-12T10:59:09.218Z"}}},"_value":{"_current":{"value":"Telefónica Móviles España, SAU","provType":"MONITORING","date":"2018-03-12T10:59:09.311Z"}}}],"provision.device.communicationModules[].subscription.mobile.imsi":[{"_index":{"path":"provision.device.communicationModules[].identifier","value":{"_current":{"value":"COMMS1_SN_CHD_DEV_2","provType":"MONITORING","date":"2018-03-12T10:59:09.517Z"}}},"_value":{"_current":{"value":"SUBT1_SN_CHD_DEV_2_IMSI","provType":"IDENTIFIER","date":"2018-03-12T10:59:09.42Z"}}},{"_index":{"path":"provision.device.communicationModules[].identifier","value":{"_current":{"value":"COMMS2_SN_CHD_DEV_2","provType":"MONITORING","date":"2018-03-12T10:59:09.218Z"}}},"_value":{"_current":{"value":"SUBT2_SN_CHD_DEV_2_IMSI","provType":"IDENTIFIER","date":"2018-03-12T10:59:09.3Z"}}}],"provision.device.communicationModules[].subscription.mobile.msisdn":[{"_index":{"path":"provision.device.communicationModules[].identifier","value":{"_current":{"value":"COMMS1_SN_CHD_DEV_2","provType":"MONITORING","date":"2018-03-12T10:59:09.517Z"}}},"_value":{"_current":{"value":"MSISDN_FAKE","provType":"MONITORING","date":"2018-03-12T10:59:09.419Z"}}},{"_index":{"path":"provision.device.communicationModules[].identifier","value":{"_current":{"value":"COMMS2_SN_CHD_DEV_2","provType":"MONITORING","date":"2018-03-12T10:59:09.218Z"}}},"_value":{"_current":{"value":"MSISDN_FAKE","provType":"MONITORING","date":"2018-03-12T10:59:09.309Z"}}}],"provision.device.communicationModules[].subscription.mobile.registeredOperator":[{"_index":{"path":"provision.device.communicationModules[].identifier","value":{"_current":{"value":"COMMS1_SN_CHD_DEV_2","provType":"MONITORING","date":"2018-03-12T10:59:09.517Z"}}},"_value":{"_current":{"value":"Telefónica Móviles España, SAU","provType":"MONITORING","date":"2018-03-12T10:59:09.416Z"}}},{"_index":{"path":"provision.device.communicationModules[].identifier","value":{"_current":{"value":"COMMS2_SN_CHD_DEV_2","provType":"MONITORING","date":"2018-03-12T10:59:09.218Z"}}},"_value":{"_current":{"value":"Telefónica Móviles España, SAU","provType":"MONITORING","date":"2018-03-12T10:59:09.305Z"}}}],"provision.device.communicationModules[].subscription.name":[{"_index":{"path":"provision.device.communicationModules[].identifier","value":{"_current":{"value":"COMMS1_SN_CHD_DEV_2","provType":"MONITORING","date":"2018-03-12T10:59:09.517Z"}}},"_value":{"_current":{"value":"SUBT1_SN_CHD_DEV_2 name","provType":"MONITORING","date":"2018-03-12T10:59:09.506Z"}}},{"_index":{"path":"provision.device.communicationModules[].identifier","value":{"_current":{"value":"COMMS2_SN_CHD_DEV_2","provType":"MONITORING","date":"2018-03-12T10:59:09.218Z"}}},"_value":{"_current":{"value":"SUBT2_SN_CHD_DEV_2 name","provType":"MONITORING","date":"2018-03-12T10:59:09.401Z"}}}],"provision.device.communicationModules[].subscription.specificType":[{"_index":{"path":"provision.device.communicationModules[].identifier","value":{"_current":{"value":"COMMS1_SN_CHD_DEV_2","provType":"MONITORING","date":"2018-03-12T10:59:09.517Z"}}},"_value":{"_current":{"value":"MOBILE","provType":"MONITORING","date":"2018-03-12T10:59:09.411Z"}}},{"_index":{"path":"provision.device.communicationModules[].identifier","value":{"_current":{"value":"COMMS2_SN_CHD_DEV_2","provType":"MONITORING","date":"2018-03-12T10:59:09.218Z"}}},"_value":{"_current":{"value":"MOBILE","provType":"MONITORING","date":"2018-03-12T10:59:09.298Z"}}}],"provision.device.description":{"_value":{"_current":{"value":"CHD_DEV_2 desc","provType":"MONITORING","date":"2018-03-12T10:59:09.806Z"}}},"provision.device.identifier":{"_value":{"_current":{"value":"CHD_DEV_2","provType":"MONITORING","date":"2018-03-12T10:59:09.811Z"}}},"provision.device.image":{"_value":{"_current":{"value":"data:image/jpeg;base64,/9j/4AAQSkZJRgABAQEASABIAAD/2wBDAAMCAgICAgMCAgIDAwMDBAYEBAQEBAgGBgUGCQgKCgkICQkKDA8MCgsOCwkJDRENDg8QEBEQCgwSExIQEw8QEBD/2wBDAQMDAwQDBAgEBAgQCwkLEBAQEBAQEBAQEBAQEBAQEBAQEBAQEBAQEBAQEBAQEBAQEBAQEBAQEBAQEBAQEBAQEBD/wgARCAGQAZADASIAAhEBAxEB/8QAHAABAAEFAQEAAAAAAAAAAAAAAAYCAwQFBwgB/8QAGQEBAQEBAQEAAAAAAAAAAAAAAAEEBQMG/9oADAMBAAIQAxAAAAH1SAAAAAAAAAAAAAAAAAAAAAAAAAAAAAAAAAAAAAAAAAAAAAAAAAAAAAAAAAAAAAAAAAAAAAAAAAAAAAAAAAAAAAAAAAAAAAAAAAAAAAAAAAAAAAAQUnTlnUwAAAAAAAAAAAAAAAAAAAAAAB499hcLPP8A7z8s+pwAAAAAAAAAAAAAAAAAAAAAABxjs/GCG+mfM3pkAAAAAAAAAAAAAAAAAAAAAAAcY7PxghvpnzN6ZAAAAAAAAAAILpuIQ096Pn0AAAAAAAAAAAcX7Rw8h/qDyh6vAAAAAAAAAAOFwzoENPTIAAAAAAAAAAAHBO9+eiC+v/GnssAAAAAAAAAA4xDZlDT0yAAAAAAAAAAAxcgq87+iPO5zz2X409lgAAAAAAAAAHGIbMYOeoAAAAAAAACOkio4tGTsUIs/DS5mrHQYFb+kQ9fefJedURmRFwAAAAAAAAHD4BNOdnr8AAAAAxjJc7gh2vm0KlxDL0/05sMeK2i/Y+gfQ+Wy79xfhmZun+nQJZxX6ejr3neVHXkRk5fAAAAAB565z0Pnh7LAAAWeQnYo7yvVkxjGNcN5fitJINPjgUFX3BpM3GtCtjWjM+4X0zWJUZCzUXftuouV2qi9ma+om0v45UeicrzrJjsiEykzQAAed+edD54eywACg1XmjsUFOMTKYRElX3kW5OhsS2Z9nVVl/wCY+MbDFs1D79+ipUPv36KlQqVCpUKlQqVCpUKlQvW6iRyvmX07xm8A3p2JBpWcF550Lnp7LAA0W9hxz+J7jTi5R9M+DSy2cJwZNgkU10u1hocuzryVb7mw7fLvMV49SVcH6cSyr5WPv2o+VqhUqFSo+Vfaj5V9rKaqvp8+tQbjTwLZFGv6zLU4bt+1Xl5Rn9RjR0rZeV+wHSAIXNI0cY11usrqVC9brOJ4tVmS9XifLdjYx7ho470W4cpdB1xD7/Tpscz7VgcrO4VYWeKlwpqyskwsjKrLN25WU11VlP1AjM18t6ERST7PKTVZu3xS7HoZzMkfPZTG1k3ZY9ITpgGv2GKeWYz6P42WNvzbKOj1x3eHE95o8PJi2+FizPNmiFMljWvZ9y8XJ06usdR5b1oh3NumcHKIbpcAnfoHyJ6tNzmXKyzYt0cnjZv3X53N5mwu67bd/wCipXYhp1aybWuhlvMyc1Me7qOZLPOUauRGhkt60cz6RqOhFOxw8w6WADH00h+HKuZendUePa/R/NDgX2QQ4233X5hd+qinKsZJ1XrHKOsEN4j27hxroROxyvvPLOunWbnEpeSrXynI5PGj1O9zsHP12bXV3/o9doc/pXt7XNzTEyRwKB4xTn7S6U3KPh9fai5MYVYOg67mPWTo/wBt3AAAC3rdsOfc29D4B4rg/ufnZ5dzptADYZWg251/rPJetkL4f3Hh5rqvn0v+ivN/oQmUBmtaed913aODL4x8XtVWu25ur8IgBJIxuNiWshSV0qj5V9zjHytTBTf6WV9YIn0rMyh9AAAAACnDzhEIB23FPIHP/ccFOQ9n5ptjM4j1HkJR9ouD0T539HpvqlYqfbLuBm2l88ZG7kUun3qs+vn0VLpbyrkeN/BLPQSCdclcgMDZ1gAAAAAAAAD5YyBHoV1W0eaeSe3IgeLc/uHKDD9L+TfRZ0arXbFPtfyuxh5uGvIJNo97L9fLh8rvVlWLqss0e9nkxI5Lsu4fPoAAAAAAAAAAAALdwamK9AoPPMK9Wxs89TLfQw6JteKSNOm4WDfrl0hjcnl+5ON8LNyZyki0s22WWb/0AAAAAAAAAAAAAAAAKahiavf/AAgsO7PjnnDXelomcAnuz6eQ2Z7PKMXMrAAAAAAAAAAAAAAAAAAAAAHyi4LFdwfPoAAAAAAAAf/EADMQAAAGAQIDBwMDBAMAAAAAAAABAgMEBQYHERIgQBATFCEzNTYwMVAiIzQVFiQyJWCA/9oACAEBAAEFAv8A2vkeWwMdFBn8C5lfkM677+54fe+LL7fj9UYcfwem0KPKvPyGqPs+l3vH5DVH2fS73j8hqj7Ppd7x0uR5bAx0UGfwLmV1OqPs+l3vHS51339zw+98WX26jVI9qbStW930uqMOP4PTaFHlXnU6sq4aTSNfFfdLqj7Ppd7x1OsSuGh0aXxZB0uqPs+l3vHU61Hw4/op55D0uqPs+l3vHU62fH9E/kHS6o+z6Xe8dMqVHQojJRDWz4/on8g6XVI9qbStW930alpQU7KqiEHr62tDdNaXI9nNjCNlbpDUwzyWi0dhSoeRdLqyrhpNI18V90Nhf1NYU3PX3h3V9cqi4/FhplWLaS5I8t+K5FymQgRsgr5AQ424XRaxK4aHRpfFkH1plnAgJn6gRkCTb5JcnDxd102qqurkv3SEE6+8+r6DMuSwcbJ5bYjZFBfDbzTxfX1qPhx/RTzyH6b0liMmdmtbHEvIshsw1jsqUqNjkZgjk1UISL19YccW6rl3IgbrZDxDY8QO+WO8dHG8ON4Mzpsc4uVTWxFyaA+Gn2Xi+prZ8f0T+QfQUpKCl38CMJeSWb5/0+RYON19XEH9ThMBy6lqDkh57lUtCQclI45Ch3bpju2SG8ch3yCHiFDv1jvXB3ix3ix3ix3ix3qw1NkMnGyiY0IuTwXgzKjvl9HWz4/on8g5nnm47SNRqyxXIs5kobmCVsDfdMuVS0oBydxwvrHAwgeIQkG+4Y3Uf123nWji5FPYEbKIrgZmRpBc2tnx/RP5BzWDzRtZBp5WLUdhlGOHXZPV2IIyPlW8hsd4+6O6bSDkJSFOrV0yFrQca9nxxGydlYYmRpJdutnx/RP5ByrUSEyZRmcmWtS0yCUVjh9LZhcLLMbOuzKDINMuMtK58NseNS+CciNhUviG+/VoWtBsX82KImVRXwzOiyBrZ8f0T+QctxJ8PElu/oPzMEoyCJJkLmprrE/6LHSTlXGQFsIbCuJI8VJSG7eyaDWTW7QYzR8hHy2sdJiVGkp6WXbwYQfyOY+fg7OebNRJjhqfaxTkzWb2LiNRWYxaMWMORy5Me0SSrdPITBLOSg/EqhpUF1CFB2jfDkCW0DIy5G3nWVQcqsoorMjgWAL6mw4THCobH2TrWJAJ+0s7Q4GNOunCxtpsM1sdsigtLCaSMoHWwIyZ1hEbTIyRht7EpUp7kyo9oLp7p5EHsJjn+Z3w70E6OMjDkZh8n6VJh+HIj8iGXViqyGfVqiymJjXMTajBMgmkgkkNhsNgeySnW5rOJjpTFwscjMEiGlsEgw2wZhLaWymXjLRXGTNsOWq5ckY/WoiNYp/L7chY8RVFJTsSiPlm/wAwm1nyEowTg4ScD1D4g/7anoVDxYzEXHmGhLpq2QwTkzFp0OWzOY7CSZhLIJBENhsNhsNhsFrQ0iXMfsnKujJIYjIaIiCGjMJZISJbEYry8XHbORcXQebg49DpYL1jMXHSxFxT+X2yT/Re18qBJZsjI2JyFhLiVdsvymtLQ4U8myCIr6yNCkH2MH+5UElYZiRlNWMZpgSromzlZAJtr4lOK3CoE0ghkEnYKUhtKHnXh/nDvloCTSothsDMklLku2b9VUJbJtskklBmEMhx1mOmbbfplZKqYqNUGayIW/HOsqCEllub6GK/y+15HEVnWd8VpjZ8TkaXENixUkR7BKg26lQm/wAzsiymHEWbkdTfYx6lOIx/t3J+VsymSqXGfjrBHseOySn1Ow2Bd3xOSX3jSkwk1EGPJ7YbC2lKdXT1ZJJtrhJDI4UNlJtCSLTJY7LhRrO0NlhphBIGxBFeXiYMc0osEmljFf5fItolCRXIcE7H0OCxxjYPQZcQ2LBbZvSCVJJRGC7duxj1KcR/TuvtMP8AdcaQ8idXrjGMBsYqIJeY2EiI5uhbe5GgG82RxIjjJ7CY/wCGj1MFT7saJwJQ0RCROZji2vmIyXJ1xcqhVsSCRJMxuSR9+xpXAqBIjqFwlPg8YcLxpHvzKbJQfgoWJtE24LHGBY4xIZUtD8ZSHwlZHyMepTiP6d19pvqgyJRWFWbYoNOo17jLxZpiKqnNKqwCFJWSiQ4PCV4bNLJfcbCW0ubKrK1MZt15mMmdb7IlZFKnLj1DSXSLcbJSDMz7NuwyMg682wkrJ+xXQxERUI+3OaCMPQ0LEykbcFli6FlY4m40bzEqIaHwlwj7GP8AemEf07r7TfV7CMYo4TVAbhLFzg1BdB6hzPFFVWfQZCmH2JLew2GxivgtRkyLTYrTJmmXTr5VmtCENp4dhvyNtLcPdiOLG9QhTFdOtXaqiJoo0YmyLy+kaSMOxULEunbcKxxlKys8RNByIUyEaHxGdI10xiP6d1/rN9Xtxv2YEEuGQtsZo70pGC5HQLg567Dcg2UCyaLyFvfRq9t561vCiQo8Jsi3G+3IRGoyZQ0J9szGbclWFsqpxokiDUoaJthKC+qaSMOR0qEqpbcFhjaFi0w8t11s2C5RyBEeI27kyNM31e3Hi2p+QlGQn1tbatXWFpqnqmzzKS3CqmYp/ceRD79m3YhgzJclthMu7W6qBQvy3a2iQ2TENDZEki6HbcLYSoSaxtwT8dQsP0j8JcS1Q2LaTumU+Rukoj7aIv8AiOV0+Fu6dWtxtPAjlQ2pw/2mROt22j8NPtV1eOpQIlahokNknpdgppKhIrkOCdj6HBPx95BWVLOZWTq0GiQRglkYpPaeWX6MlHHP7dgRGYJpKBJmoaQt6ZOOvx/zhVCGw1HSgiLbqVNkYfgoWJtE24LfEW3im41LiBK3Urp7MmojMttwEZHyS/Rf/TOGxn2IaMwbyGyXLceVGplurh1CSDENKAlBF1poIw9DQsTKRtwWGLoM3a6ZENiyeYOHdkYYnNuBKiPsmei952ASk1H+20H5fmzVyZZxKpKCjwUpCGiT+BNJGHYqViVUNuCZjqFCRjzrZ8U+CcO8EexacEtxJsKPexLYLeS2liJMniFTMxwzCIg2wSQRbfhDIjC2EqDsBCg9VIMTMUjuiRWW9YHLxRN10k5Nk33slcHHkINuMQQwRAkkX4k0EYUwRhUYhZ4rV2aYGAohSo0BmMhLQJH43YcI4ASf+i//xAAkEQABAwIGAgMAAAAAAAAAAAABAgMEABEFBhMhIjESQCBwgP/aAAgBAwEBPwH9KEgd+zLhiUBvan1vYcwkNjyqHIVJa1FC3znYuiKrTSLmhmNYPJFRJSJjQdR683B25StRJsaRlvfmumGERmw2319Qf//EACMRAAICAQMEAwEAAAAAAAAAAAECAwQABRESISIxQAYgcID/2gAIAQIBAT8B/pQkDz7NqqLIHXbJ3loQqIxyypObEXNht97mqpWbgo3ODX3B7lyrZW3GJU9e5pKWW5qdjifH+ve+QQpXQRp4/IP/xABIEAABAgMDBwcJBgQEBwAAAAABAAIDBBESITEQEyJBUXTCICMyQFJhcQUUMDNCYoGhsVByc5HB0QYkY4IVQ2ThNDVTYICSk//aAAgBAQAGPwL/AM12w4rHRo77xDadXehJRpd0rFf0KuqHfH7Rm873Wfu0UHMeszjbPjX7RlZ8Q+fzuate7QlPiR4doy8HOM7nVH2jK7zwlTW7cQ+0ZXeeEqa3biH2jK7zwlTW7cQ6s2HFY6NHfeIbTq70JKNLulYr+hV1Q749ald54SprduIdWm873Wfu0UHMeszjbPjXrUrvPCVNj/S8Q6tKz4h8/nc1a92hKfEjw7Rl4OcZ3OqOtSu88JU5uvG3q0rvPCVNbtxDrUpvXA5Tu6cberSu88JU1u3EOtSW98DlPbnxt6tK7zwlTW7cQ61Jb5wOU7ufG3q0rvPCVNbtxDq9h8dgdsqqg1ySW+cDlO7nxt6tK7zwlTY/0vEOqWnuAHeizP52J2Yd6pAYZeF3YogvJOs1XNx3KkzCDu8KWg+TGF8WFMZxzO6yVPNmYDoZ801j329Wld54SpzdeNvUv5qcYD2ReUYfkmS/vifsqzk1ELT7OAWdmXAeKzMk2y3tcnOwX2XYVVJhger32D3qsN4d4dTlN64HKd3Tjb6e3NzTIfiUYfkyWdHd2jcFZfGMJh9mHcrcap8VajuaFYkYVPeKtRYhcfQ1hRXBUjARAqPObPerUKIHeHUJLe+Byntz42+ktx4zGD3irEo10y/3cEWQP5aGexis5Mve87XFWotAqNo8+6rMu0Qh81aiPLj38q8rpLWrmFXQivVr1a9WqwiWqkeFbCpErDPeqwojXeB9LJb5wOU7ufG30NpxoFc4xXbGKzKtZBbtOKtzUy6KfFc7FbXuX8vLV8VRllngFzkVzvjyb3LRBK0WUWnFWk+qubVXQ10RkxXSXSXSWOSsN5CpFFsKkWsMqsKK13x9FJb5wOU7ufG3lvjxnWWMFpx2BPheSogdZ1uuK5yMaZMKqzbu2DlaRoqQ2Fy0n2VpGpWgxbFefT1hxC1Ue7ODvVI7CwqsKM08uS3zgcp3c+NvLdLPAdbFHA7EZnyLGMnGxs10f9lY8pSxmIA9sfug0Rs3E7L7ldybytAWRtVqK6p71SG1Xnq1WOIVM5bHeqTEOz3hVgxWnkSW+cDlO7nxt5RedQqnRCcVirMQAg7UYkFvmsXtQ8PyVqE7z2WGy+5ZqcaZaJ72CtNjsIPetKYZ+a0IzGt8VXOtJ8VoEBXnrdWOIWnFq33lzgp3tNVzUZpUlvnA5Tu58beVSnrNHk3ouiy4D+224ojzmKKE6166J+a0Y7/zV0Z35rRmYn/sVoTsX8168P8AvBfzEq133Sudtwj3hW4EZrx3Hq3OxgXdlt5VmRl7A2lVmYr3dytQnOae5aWmmyPlaXe+G02gHaio3lCAYliPBzVk6rwf0XNxh8eTCP8AU/TlxmVuER31XrHL1zh8FVkVrlpQT8FeORahRHMPcVSK4Rm+9igy3movZd6bArArDJzr6v1NGKzcEZqH3K1EBK0mroBdBVMNWntY0d6LIDG07RXm0jWYj9liiw5lxqGh1Ca0PIhn+p+nLj/iO+vIvWlDa5VgPp3Fc4z48jQaUIE61z4PvYhCNLvDmn0F5WCw5FTcjAkhU63rOx4dSdaFGrRAWGSrrkWSwtO26lZiPfHjOwYy9N/xCM6Hb6MtDN/9yzrYQbVTP4bfryIwA0mi0FQ8qP8AiO+qqGHk3qgv7lWCwsd8lSLDNNq0mrSARgx2DuOxUa/OSzz8k2YgOq12W5aSuHLMSIaALMwKiF9UHParhyKYu2IxJ2MGQtQC/lB5pLf9R3SPgjFay3Hdg517nFGZmDacTVUaFM/ht+vIIOtRHwmWoJNRTUqFYrHLGP8AVd9VVpQI6StNhkhUe2hyhAPaCr4LSi6Xu91FpNCrnIsfeEJaI7mIxp4HJpK5WnuAHeqyspFiDtdEfNf8Iz/7Bc/Lvh9+IVWmoy2nXALNQqiEPmgS1UAy1iOoiQ/NsGtOlvIrM9EwMU9Bq858pxzNxsRXot8ArlY9iFcFWi+Kmfw2/Xkm5FzW0KvBIVCrysVH/Ed9coFoAgYFANILu7KEMhRDjR2pwVIt/fqyVCgTJvdZo7xyvmY7M5YdZhMOHiVzkQ5MVYb7V9MvmUE/fQcWqgGS04gBWZf80YLXmYmThDZerflmLZhaoEP9ShDgw2saNQCq80Vyc6mJqqAK/apj8Nv15XRR0ES1qwJCo5RTtefQDIclh7agq2zSh/TI+Tix2tiW6taTqy52ALW1qo42TsNy6QVkG044NbeUZmaFl7hZhw+yNpyOia8As468m9AUyUbpOWcnZgNGpqsw2mSlO0fWO/ZcxD0ji83uK7lo/nlqRVUtgeKLmkYhTAB9hvoOiugiQxF8Gu2hVmMwt5QQyHLQhGPLjR1jYpbynCnHy848uNcWm+5UnIJmpYe0NIIQ4rsxFOpytMcCO5UjQYcT7zV/y6D81SXhQ4X3G0V+Rsuzosx8ULr1V5+CLnPEKGMb0ZfyJBtDXMPuaP3Xnc48zMz236vBUCvvKvyX5LwrcR4aAsxKlwha3LQbecTt9FguijzdUXQKt7tSpGhkd/ICGQ8mXhsuAr9VR4qCjEEHzWMf8yFd8kYvk6KZ6VGoX/JZjynDdKRcNLBCLAite04EHLcs9FpU31VmAKe8V5vKMdNzJ9lurxQmPLMa1sgN6A/dBjGhoGAC0lQXDLctEfFXc4/5BZuFz0bYNSESccSNTRgho+lwXRR0EXQQWH5LnYZptGQIZDyZfw5B8+k25w/5jbnJ0z/DHlIxoeOadj+xXmf8SeT4kvEF1sN/RZ6SmYcVvulVVuZi1Psw24laZdIyvZHTd+yzcvDsjWdZWwLR/PkUCrHP9oXOPDG6mjWrEAGDB+ZQJYhorD0+C6KOgi6G2we5abKt2hDIUeRLfd5Wa8oycOM33hejN/w75SiQHj2C79U+Umwxgp69wv8A91nYj3R45xiRLyrltV+S/JaebLVzeiNbijC8nttu1vOCz80S9x2oaKw6nguijoLOQB8FmpkGE7vwVQa8mV/D5RKsA4mia3YOVohdt3yVmuciamhc+S1nYCGguj1fBdFHQREMmmxF7W2grLwQe/LK/hjlFQx72W7LWMfgtJwYzYrEu0w4fa1lVLanaUNFYdb6KOijWHftCJhEupqWbLTawooMBx6DQFjySof3sl+S064bVzd3vFWJVtt3a1LOTBMR3yXRWHX8F0VbbDv20WjUhUfUK8rHKVDHvZKBdpys3vfqaFamjZb2AgGsoFh9h4LoroKsElq5xhptVHFYq4qH4q9Y2QubbmoXaOJWi2rtbjisFh9jYLBdFF0KsJ+1uCtWDFhj2mKy4pt+FSs1Jw847bqCEWcOdibNQWH2ZgsFz0Cy7tsuKdEM1bhHVrQhwYYaP+9//8QALBABAAIBAwIGAgMBAQADAAAAAQARITFBUWFxECBAgZGhscEwUPDR4WCA8f/aAAgBAQABPyH/AO65oBUwrktpg0FXdxgZ/sdx65+hU3/tOuKpel61/YDCCsOrhH3IGpi3Siv7f7H6yf3n9j/WT+8/sf6yf3nps0AqYVyW0waCru4wM+q+sn956b3Hrn6FTf8AtOuKpel616m4dE+7D02MIKw6uEfcgamLdKK/t9VZ+mdM6/TH1k/vPVdt6YUJd/pj6yf3nqu1dMGoeXpj6yf3nqv66H33pj6yf3np/rcIblcQdx8ProffemLh0T7sPSbcC1VUfoljmd4vcdtU7wsx5DcVEgbXiVpTsMOEFGuP+Ul/aTS9MWfpnTOv0JdZYo6hfoI+scSPBbD9Mr6zLCHbjXL2muXxLMjLAqcGtcSmObphlIM+01qTyv0dt6YUJd/84rBHc+IxsM138ziBqpUM2jqu2Caxs6vtKlOh/BO+tH+DTSCqLwyr5YdZWK+FK6Lq9BaumDUPL+Qaie4kdfY5bvEqGgBo7y7p6qWFEI5xCcJ2FwN5J1hYgbq/M6YO7NWMdi3tKOvlkF2k9NDgS9S6Mp+rt5Rs/jiAyj/KfXQ++/hFIy1VgKd8H3GS31I6kxdwh4vG2TEFIzfGDtL7kavvHlaLE0bs2p3zinaf9un/ACibSnAEt4PbwvXTqocqE50PiXiPRleTrayk7oyShc6fxProffecCiunQNWPiHVNnUHaPN9bDFNVl+6LrmZkHaE6vlCsYsWjmbOHBNb35jgfqmiJ2R1qypUCBAgQIECBAgQIELMjhlJRdpqeYjJDlp2vPn+uh995wgvUVltmA3rQJv03jSLXWx2fuGBN1kAtCeXmvg1j8j2s+yZDIODeDxqVKgQIECBAgQIECBAgQIECW4vRlIqG2crkKAG67XnyfXQ++8xomsplVNY5p1Ny9gWMuCXPI6xeF1KvZqQdoq83fb3gzTwhhFn4K5mg5lW2Zt18LNIRzeYp3YyvCpUCBAgQIECBAgQIECBAgQJUDyW6pwwCxLZwoB7AhY2m10z6aH33mLjWefEpVMVj4aWwuoX59n/9IY96rRhSZzS3jSvUXL+ehoX2hoQ73/MvBucLGaE5omfOBcfUNrkCBAgQIECBAgQIECBKgSoHkxUACr3hswFnlj4gfVZJBphOSma7HPFdWPZYVNYZN0uCTLdlTLHJ5P8AWdURfEJUyM1mZYIV3TVwuaD8xA2M+5eKQ3yiNIPXyFjjeqKm8Z+yFoU1evh3lEsgQIECBAgQIECBBcMP/Gh/5Uq3So30TdqXhttrfeAnDzABCAg+CYavxEKbKRhvGzYEypVFrR+92ji1vmLU8nSQ/lBevAgQJZuUv/u0FCdwahpnxK57RmW1nBDLXDJ5GolWZ5U9GAdexIECBAgQL0m2V3h/8IXlB6GEkEWjgMqzbDlH4mQLWrWJFDCaitVhNUJbYBqsp2eL6IMY9Zy+0f3KqKcqOKQ1qf5HLyMDPwrX6jLE0ZhAgQJ/n8odYnaaa+Au0BLcZQw7LdL5D6ZTGItAYZQPzQQYka7Oo+SXSVlu/wCjCrm+HiBAjNC5uKbQQkgggggkJ7VlOhtde6EZCDQScJNghNSJAnGm8MS1jIKuoYeiEGxPnjG5WRYbqUk/yOXkKksFJGaIrqHDL2/MEBgjEECUWLBPvAoq44i1W+tcSzuaMu04k8WIBd4CV4lNElTymr/UrwGozUjrao4/Kj7bBekRz8IQoVGRnqqE9S59sAcvbzza9/pZCZE3IQQ3QBaszKPB+UzNoOg2Sb6ShDo3Y4KNa2sRPPWU77wTbsMAFCiHVXFdd5oJYafZP8jl5LUj8hLJ+QmPo3I4KkoyFOkf4/KaZGbxEVYtW0vVfDw8o0+HhTkJDJoOh1eCElJkY41trowwkhs8tjqalvECngvEdAavKiFVaNMQggmytx+JmLQwgZ1Jg0N2XdCmr0mCE2YvrxF5brdRX3TQzhSIIYHjdlKt88sdmvCKCmmyf5nLyJcGyQJsQqg+Iqo3kmHgS0SJzLk6n7ZvnlKZpQz+Lweb3jQ22iwFN/28Atp1O+iAFkIttSste5LWs65RCH7YY2IFnsS6bti1Nep0hBcQp5ZXlTZYRkC2wTHxmkY7DLl7G8ZOT0HoQj5XNPVmd05MNPt5RVWtspglQTVEdsJdg4mHIOt8soX5UGHaQdsQxofENwT2iHWVULs7qYgOrNwgw8QZ/F4fV7wYoAjqMPsNe/8A+JswuAC0aneC0fv1d9T3i+mzTL6MMPGRUDpvSX5hddv+dZSKutC+dZlWrhAerAEkYZlMd7DViDfWmmJsRz4ji5na5TtbRVRcPoLaaq9vA7HSXijBNQCJd8SzPEsu/Yhm7d9Yv52sP0g7ZhDj8Q1SHZJYiciKHQ9k5WbhBHxyMO0Mxn38Bh1TAUMKG2UvCYiJYzdAVOTy6GcpBBh1edOIMsi3L3294Qh7thIQRdjVESDIUJiAg63T9+5tKqQbXXdgwxUCggMnXTeLqjoHgC9DmFH7Svd5aRPoDdgvyGDTiyIL0WaO66Q2BBSv4tsgjZijGY5o9J0QQPwiEoesTnZmaE4s/H4XV7yvAlw+r8wIkmoTBTMHW9zX3l1C5VPgr/hLfvsqscrruYhBa3tTuakyHCWHPyE4CFr43dj6sUQamonK7xRfuMBpe7WdWGcBcoNcsowr0get21mIqX1UWWzfa/UzTLlXVmCkIBABp/LsEHbEBcITQ/ECm5Tj4l3YmTGbAudpnGfa8anzv9wIECE3yI2Y6Ls6kyZ9vHsD8MwNwPmCsQ61274OICqFwNfP6iqtTSex0nQ0nf02N8Q6qN1bGif9gDL69B2lmH4hCjNp9CnVCciCOEJoPiJaFbjDCNi71feAoQmoxBmbxDwq7aBAgeATthLS9JDN2jwvFGDjwLdPmFGnzK57kOmfwlyODCFjpo+8CuSukCYQfBNPSIdYZkQJsQqg+ILT8EfPvhrK2FqCprDCdZWm5BA8AhFUbaMVfjwqXbQthyyxCgtgftTqxQktBqy3Bbj4IQGJlyLDMHxDwQGj1CDD9IO2IZQ/Ew4bNQlZzuGZU/tkM3Cz2rACjALGBAgQwVo6JoXDgDiHAQWzroyCU1gxfvLRD3XHR2JWrB5RgOnrT9IO2YA4xiE95MRAgf3SUZMMowPD4rIpqU5uH+KiYOQjCK2f3w4gbBBSQsEANP6DZIE2YI4y0ofEQNONoaFe3JCxCKYx8w1Po36hWqiMLH5Y3m3D+AhZnOQpUXAUD/SNkmoCXuMvSqPSVZ2X6Ebe8B8kstHhm24pMrdz8hm4VCMQBUJtM2z+oQZsniQkwLxnk4JSq8XC5/g1hm0I2lV/WIYmV4gm0AP/AIJ//9oADAMBAAIAAwAAABDzzzzzzzzzzzzzzzzzzzzzzzzzzzzzzzzzzzzzzzzzzzzzzzzzzzzzzzzzzzzzzzzzzzzzzzzzzzzzzzzzzzzzzzzzzzzzzzzzzzzzzzzzzzzzzzzzzzzzzzzzzzzzzzzzzzzzzziTzzzzzzzzzzzzzzzzzzzzzzzxTzzzzzzzzzzzzzzzzzzzzzzzxTzzzzzzzzzzzTzzzzzzzzzzzzzzzzzzzzzzwjzzzzzzzzzzzyxzzzzzzzzzzyjzzzzzzzzzzzyhTzzzzzzzzzyzzzzzzzzzTRDDTzjzzzzzzzzzDzzzzzzjDSTQhCyRBjDzzzzzzDzzzQChRgCRDiSzBDCCBDzTzwDzzxwTTCjRxSBTzzzzzwARTTAjzyzgTwQBRywQhCAADDizji8AwzyzTChjTDTTyAQhTRwwQRmFEQzyhigTE5yTjCzjRGItTyGxDxSjyzyDxxTDAARTwznyKyQAzghCRTzyxjQDjSixhxe8zgTARiAQwRzzzzzxxQBAzS1tVRCAAgRjBTzzzzzzzzyzihjAqlyQAgCSBzzzzzzzzzzzzwyCTzuxyBhxzzzzzzzzzzzzzzzzzyxxjQwRzzzzzzzzzzzzzzzzzzzzxyzzzzzzzzzz/8QAJREAAQMDAgYDAAAAAAAAAAAAAQARITFAQVFhECAwUICBkaHB/9oACAEDAQE/EPIt+iFcmuayQ9j4UYa7kvGkDHuEBuZhv0bc5Sy66BQcI2JURYODgiotytx1yCqt8bCfsoeTBalUT25VOAuRcMm77//EACMRAAEDAwQCAwAAAAAAAAAAAAEAESExQFEwQVBhgaEggMH/2gAIAQIBAT8Q+xbaMqTWD6NdAefShiHcl4xA28wgZ6x+jr5mDZrgKBJHRUFAOx2ItyZ5VwVVujoT7QWWDkKJs24QCNw6J53/xAAtEAEAAgEEAQIFBQEAAwEAAAABABEhMUFRYXGBkRAgQKHBMLHR4fBQYHDxgP/aAAgBAQABPxD/APa9/wAfZ0Lt1dsK8Rp70cDdg4CZ/wCjxHv1bL1rPcUfAa7qeDl+a/6Bzc4RXaKGnbM1NfHpGu6FXD/6s8+fPnz5v+Ps6F26u2FeI096OBuwcBM/V+WV/TTxHv1bL1rPcUfAa7qeDl+a+pJaSZjov02c3OEV2ihp2zNTXx6RruhVw/VZz1KeR7p/+iefOR9SgufB6/6P58qDqmTcG1/8J/z5fv8Ayyv6eSzpoZ7IIPVgkfU+pfvyWkmY6L9JhB6xQerDxdAF8MCMExwlMva2ekeEeRputhV8q7aeGG4qDpkwbFsIsmzFVznsC6Y7/TZz1KeR7p/oRAUANViwFwFd4yV6y7B4yL7B+WGUpqwOKYg8W2Iz43YdKi9Qv2eYql1VtXea5dJV5Y1sD1L5RfgVxs8WGOojccpYIRrqDgfJBJSsRw9Po8j6lBc+D1+v7EPjt4GZXdFF9hqiBIuQy2Uyx+88onq5jFMWU+hqY9LmKl/45jBSb1g8GhA3Z50lXA5+IXC1lTHJ6ulr2hJt1CveQZragu3mEkfcX6BQdUybg2v6n5orJH7w5AsK19mQGUUUWuXv4qGXnaC94DILVg+8scHVTLt0iBzgOh50IkTrWKdGsD4hUzHhwmEX4zBP2MHpgh98G/4h+UXBP7/5g2/3P5hEU56ipg4aJTzMRHWWW8zLGYQft9O/flBm6YIOVWBGXaomOchVX5cEUm5G16QwRAAU4p7DSGX4mAvZVsMF+mYerHt+2avbSZXqdE0wawPeC5/hc+0u+PiiaAd31feOWo3P9I5KLfn7Q1ovV+8AUatLoimkerHRPiizh4CH9IQfX7c/+Ahs/sIfVXmBYRu5DSfhvo8wEz9UZPMGr3Fft9E/fsA3mgbTwERX0oqtbktmKiQowA4iFqe2YKZpWntLuGbGp8BFVUtdVi38NZ4lRt25YPcgKI5qHyy92TI+xAPeJSYszpHL82wg/VAAAAOCixclf2BqNeZdzMLZJRhl0J7Jrk/Wfv0klNKVIOtm0Zwh8NeV6nCnUCLCiJrgQsc42w485csxouHLswU8aI38Fv4l0TtzKYUW8omtKZXA+kolxopR7S3FF0EC4HtCCD9EAAHR+gAAHDXIsVP9oLZgC/och7Tbmsk9uv6b9+jAMDwFx0u8dOCCtQ8x0RKOB2Os0hMAC1WmMu5TFmVzoDLa9/MHckMZ7ujwIUhrVCe8ucksGfAuWrB30HvKBU0VD0XMjqAVFzW1VuEBCD9MAAAdHzgAEIwAIECGtDSxUJh+qFAdsWVLVfsU1jFnQz7DGLjZrnz7+pLUVq0KvsMre3HdbthiPC8shZUdOa0LXdTHquMCiZBYRwYcEbqroQfZrnMWaLd1/uJhbeGh/eYsg0pfmXeYKpPzQ8AV6Z4qpgWRlu98I/vBmRg/clocjxs1L2TZgHT5QDo+B0fOAAfAEKwAKIECssDTMUQTrGnrCAI0H64aENzOph9GJTrzdnmoaF8ylZwkDIG1KZNvQ03jRIFavZtldxEaV4h7wAII6J8jiNYERa7x8A+AYSgXWmJqcNiRK9ISomqzooB6ShZW5s/ptN2ABr5xOmJCn5HAFYxX6S2gcHA6EH0OEs+xFEoiWJ8Do/SAAAfo3pF6N6p0rylDJeRgtyCxZyrG18esW4E56u9UUydrdWX+ZW0VCSBh0PEHrFyRyXbQCCUgQAnR+ZuKKAHnRHbKct4yEB4KPkBq/s42suyBvBKJyQTBvGzmWkjaI6kMSwNxph9E94P9xreDVAfG/tGVsjrngZWw6/yvxBWgtYLtt4QSGqUC1pLW7DicR0RdJs/MADqgr1KPSjUK9CpS/ebmmHwQuJ1ToiCZqFAQ27Ky1f7vCKs1lntjwSppLhVauCmBF/ojIrEh7tFBHA2KFJycxDyNWWhTQg4rXpZDodGYuDpRm33q/LAyi37VOf7kqV4yzMm+sI5uWfAzEFhK4CCjbiKQImo/A7lFdWMAQ96+8MR7gjf4Y9tw1ezs29IFp6lnxMt8b4QR6uSBfVDK2icxmUgYcmaLwQZamxzRlcJOj4FgKmn6EhYB6MwuJ1zpnXOmdMsk0bAR3TSqzt/hLrmC2Sl8GxHaJIl4QwrYacGHunviClS6UtjlYjX68l9nG7GXOkChqosDVqajbT76HBAiEOCBLPkBhV1BhEpJnxcWhujqBHiOTBgAbe4aSblUsZmIrJnHIYI17TcX0SUy9C9di9wMMLoqzq41JNaT8DqZk3IchxvVNeYhEfeGrJUNPq/EdE1MBIrXm0Z4zVzTsxJwOgJgeLaGYOq9K3lBiP8AMwYEdQAy3SBOG2hXsYs7LgQMdn2QYckoH7tawk4WJYzrm7UR6JbAEJPQw38vxAvYDkgoiuCOhnAKi0tKwZ8BHrOEpGqu0A3FCRWLd44IHE3Gi8Pg8uYCIGACggQoBslZXmGiEDNQcDT935cGCNSAZejtMtyWmo3EHQbj8wcjDwLeWAhNxCwyhVYHkagqFy3vBZYIITUWgmOd4UQ3Lks3eXbFf/YZyQnE3J+KAGYz40g5hbNYjJ0m5EC5Nq/wvXwSMsBqJoymYztv4y/WdU64sKGT93RgviBExQaArYMVEBRvjiUtqOFsqIgYsBhtQ2nROiBGFHdu384GjQ5IYIoqUrAU1CLRC9Hg8PEYl63T4sHtiUJcnCAyujEJk1DF6EN3HTV4iVcA+RnKmVa3BWiDSLan88ZX8gAKSJgW4HIvqJSLuGKFaBTHSp8N1DKspMIy/wAmaA4Ep6yrYEo5MPMA1zKonMq9k0IaVcMwLyhigpRp2cMVsC0M9f5fARcwkgWh2uvWEHEdEnXFa/q6/PI9S0PFO+WMudl64VNGvkm8FjAnUqqXi4GAGydEtmesnSDqqUtVbWEmKC8QgAAascuDRsPLB/jfl2ByppS4KfZhN3MGSGVLDVXLCKUWuIP5mC6v08EeOTVWCFhjS4OXcN/SUXJVaUCGuDvGyiQHR/uhD8rUCLBLe0NEX1FdF3D9MWiUZXfMairbTtKpU1eR4dJVENHEJ0fgIB8hG0Z0lKm8D2mOn7Tah9noFiR2p4Oe05/ZCqCmUusKTBg+kq6mec1rlrGFEX7Tt2oyaOO6hXkB6JyJBYJgpR933hLVXeSvtjFAOq2DvU94jGJyq2s6ImnLoYV/BGsmLVKkVdx6EcUAFg5Zmd6ao3zLXjEMGm6SNzTPG8LLXBMnUNjj5d4+OA0GA8E0hmX03P8AEW0ug3ioMpZZVkEXltaBGUiX/bmDRiHJbtmDfHzoCkjARnmAWZ1F8dYu7VYUZW6lbCvyRarKoK/XaE0fch40zDLEn3UH7JrRGhOzKrzdDXEqZgARKRMJAMJR0BSiUm1TgOyOGBZl0Fn/ACKj0EvOB3FUGtghdWECtNBgPZAEFFYlzwmpOiBxAKFIxMlUl5ljgh4OiIkZK4fOiYhm41wBja84gOzFgGgBDLB1Dq/iKrvePLvA50gNlcjSJKOd3r/UtVQ4A8sY4VnWvzD/AH8oNMBHCEWR6O75jUiggdOCCA/RQdSDtjMJEX1M2l9QMDDY3GWr2tWLzs9Imemg+ruespo+7DpGpvD+hNCo+0Yb8qHCBWYkmvFL+7m5G8NTFK4524DUlDxNixCGC0pDUeXLtBdBht6Lym7ZHpAEvdDkdhjIQ4ARXnSLjhTOOHlj4MhS6poeNYG10DyCsp7l8p/irmYLN6jxxMrYq8wKyHEMrxtj+YfWsAIdva0X5OIuFlJ9LGVli+0jHlbJegqitOV3mHJA2gAAOobQ/VApg0dfUstl6lpC7i4X11DzognQ+Vovc1JQeKGjBgBozOjlAqBvCKImv3l8kFjRjwWlV+Ak7p2nDHq4EZjOpIoYEgkIDZndhmd4qZeaWQ9XB6JdMjXg8sylB9v8y3B4lmrXYgktPRr/AFLxRXAlaRZca+CHdPyS3i9I8RkBV6d0fA1svQNCK4kCCYiHEEAGPoSsI8ED1LPS+oluu4yky2xAACFM6dbfWWmCFgTpgOnVgoglHMepXA3fu/IAGxKpm+qUyeDC91qaJQvoVAvUxLNI2RpADLBlFHL8EGjy6rWWbpusB5Yjs3JdX8xwp4z6fBgI/YMpKdt4xAUogzArqGQSoAKCvpC6EdCLlnC+pdQu4QR7wV9m0LklQUTxvHSTpRHoyoBmCCY5b4oBsSqCIo3GPewbfa/xAvLCBYBa1oeWANs+0QG5dAIHrLld+TiByDL93dmiV7gXTaNHfVl2sakqqDBldQah9RqBEwluWIL6iMq7gmULTV4ma+fFdG+dGEBPNDoqanpRuGYvXnuVpN/GLPE9oqUiy/cEilwXxELbwHL5YAAAGxKaD1w34hMgc704izw1fv5XeOhLcoaXitoNArqBgGJpg+rQSkjARnmATL6jeMt7QzEugKesYqjgrMKKrUDBD/Vmdk9wUmj3CqxFS9RGaD+DCDC06uxBqUe29+ZQW1otvsaRVmRRqd/xBq6BQjYgrqGgSoBQ+vQdSFojMPEX1Fmy+oRdQCi5EKpbXvovq8RH3lhNme4Tlsd4Qi37oi2cOC1jkb1Lz5cwipsKAS4G47PlgCD2gKhjqBUB/wAQSmAUVfUK3XUEYAiNhiCiyDJ70+1RUtNBYbOqfePCKxwIxHbJV6Af3NWloPfgww6RqdG8NJiAFBCjGAEaYP8Aj6oQpwm1Iq6HtNMX1AvdYfUmpTg+y0U7wI41RD2XeUCwWXANB/zNSIzYjZGwCCYP/BP/2Q==","provType":"MONITORING","date":"2018-03-12T10:59:09.716Z"}}},"provision.device.location":{"_value":{"_current":{"value":{"position":{"type":"Point","coordinates":[39.6173538785486,3.5535692655892546]},"postal":"28033","source":"GPS"},"provType":"MONITORING","date":"2018-03-12T10:59:09.82Z"}}},"provision.device.model":{"_value":{"_current":{"value":{"name":"OpenGate","version":"1.0","manufacturer":"OpenGate"},"provType":"MONITORING","date":"2018-03-12T10:59:09.815Z"}}},"provision.device.name":{"_value":{"_current":{"value":"CHD_DEV_2 name","provType":"MONITORING","date":"2018-03-12T10:59:09.718Z"}}},"provision.device.specificType":{"_value":{"_current":{"value":"SENSOR","provType":"MONITORING","date":"2018-03-12T10:59:09.113Z"}}},"resourceType":{"_value":{"_current":{"value":"entity.device","provType":"IDENTIFIER","date":"2018-03-12T10:59:09.91Z"}}}},{"provision.administration.channel":{"_value":{"_current":{"value":"default_channel","provType":"MONITORING","date":"2018-03-12T10:59:17.415Z"}}},"provision.administration.identifier":{"_value":{"_current":{"value":"CHD_DEV_3","provType":"MONITORING","date":"2018-03-12T10:59:17.399Z"}}},"provision.administration.organization":{"_value":{"_current":{"value":"chemacorp","provType":"MONITORING","date":"2018-03-12T10:59:17.413Z"}}},"provision.administration.plan":{"_value":{"_current":{"value":"FLOW_RATE_100","provType":"MONITORING","date":"2018-03-12T10:59:17.326Z"}}},"provision.administration.serviceGroup":{"_value":{"_current":{"value":"emptyServiceGroup","provType":"MONITORING","date":"2018-03-12T10:59:17.402Z"}}},"provision.device.administrativeState":{"_value":{"_current":{"value":"ACTIVE","provType":"MONITORING","date":"2018-03-12T10:59:18.218Z"}}},"provision.device.communicationModules[].description":[{"_index":{"path":"provision.device.communicationModules[].identifier","value":{"_current":{"value":"COMMS2_SN_CHD_DEV_3","provType":"MONITORING","date":"2018-03-12T10:59:17.61Z"}}},"_value":{"_current":{"value":"COMMS2_SN_CHD_DEV_3 desc","provType":"MONITORING","date":"2018-03-12T10:59:17.711Z"}}},{"_index":{"path":"provision.device.communicationModules[].identifier","value":{"_current":{"value":"COMMS1_SN_CHD_DEV_3","provType":"MONITORING","date":"2018-03-12T10:59:18.21Z"}}},"_value":{"_current":{"value":"COMMS1_SN_CHD_DEV_3 desc","provType":"MONITORING","date":"2018-03-12T10:59:17.807Z"}}}],"provision.device.communicationModules[].identifier":[{"_index":{"path":"provision.device.communicationModules[].identifier","value":{"_current":{"value":"COMMS2_SN_CHD_DEV_3","provType":"MONITORING","date":"2018-03-12T10:59:17.61Z"}}},"_value":{"_current":{"value":"COMMS2_SN_CHD_DEV_3","provType":"MONITORING","date":"2018-03-12T10:59:17.61Z"}}},{"_index":{"path":"provision.device.communicationModules[].identifier","value":{"_current":{"value":"COMMS1_SN_CHD_DEV_3","provType":"MONITORING","date":"2018-03-12T10:59:18.21Z"}}},"_value":{"_current":{"value":"COMMS1_SN_CHD_DEV_3","provType":"MONITORING","date":"2018-03-12T10:59:18.21Z"}}}],"provision.device.communicationModules[].name":[{"_index":{"path":"provision.device.communicationModules[].identifier","value":{"_current":{"value":"COMMS2_SN_CHD_DEV_3","provType":"MONITORING","date":"2018-03-12T10:59:17.61Z"}}},"_value":{"_current":{"value":"COMMS2_SN_CHD_DEV_3 name","provType":"MONITORING","date":"2018-03-12T10:59:17.709Z"}}},{"_index":{"path":"provision.device.communicationModules[].identifier","value":{"_current":{"value":"COMMS1_SN_CHD_DEV_3","provType":"MONITORING","date":"2018-03-12T10:59:18.21Z"}}},"_value":{"_current":{"value":"COMMS1_SN_CHD_DEV_3 name","provType":"MONITORING","date":"2018-03-12T10:59:17.915Z"}}}],"provision.device.communicationModules[].subscriber.administrativeState":[{"_index":{"path":"provision.device.communicationModules[].identifier","value":{"_current":{"value":"COMMS2_SN_CHD_DEV_3","provType":"MONITORING","date":"2018-03-12T10:59:17.61Z"}}},"_value":{"_current":{"value":"ACTIVE","provType":"MONITORING","date":"2018-03-12T10:59:17.606Z"}}},{"_index":{"path":"provision.device.communicationModules[].identifier","value":{"_current":{"value":"COMMS1_SN_CHD_DEV_3","provType":"MONITORING","date":"2018-03-12T10:59:18.21Z"}}},"_value":{"_current":{"value":"ACTIVE","provType":"MONITORING","date":"2018-03-12T10:59:17.804Z"}}}],"provision.device.communicationModules[].subscriber.description":[{"_index":{"path":"provision.device.communicationModules[].identifier","value":{"_current":{"value":"COMMS2_SN_CHD_DEV_3","provType":"MONITORING","date":"2018-03-12T10:59:17.61Z"}}},"_value":{"_current":{"value":"SUBS2_SN_CHD_DEV_3 desc","provType":"MONITORING","date":"2018-03-12T10:59:17.608Z"}}},{"_index":{"path":"provision.device.communicationModules[].identifier","value":{"_current":{"value":"COMMS1_SN_CHD_DEV_3","provType":"MONITORING","date":"2018-03-12T10:59:18.21Z"}}},"_value":{"_current":{"value":"SUBS1_SN_CHD_DEV_3 desc","provType":"MONITORING","date":"2018-03-12T10:59:17.714Z"}}}],"provision.device.communicationModules[].subscriber.identifier":[{"_index":{"path":"provision.device.communicationModules[].identifier","value":{"_current":{"value":"COMMS2_SN_CHD_DEV_3","provType":"MONITORING","date":"2018-03-12T10:59:17.61Z"}}},"_value":{"_current":{"value":"SUBS2_SN_CHD_DEV_3","provType":"MONITORING","date":"2018-03-12T10:59:17.526Z"}}},{"_index":{"path":"provision.device.communicationModules[].identifier","value":{"_current":{"value":"COMMS1_SN_CHD_DEV_3","provType":"MONITORING","date":"2018-03-12T10:59:18.21Z"}}},"_value":{"_current":{"value":"SUBS1_SN_CHD_DEV_3","provType":"MONITORING","date":"2018-03-12T10:59:17.721Z"}}}],"provision.device.communicationModules[].subscriber.model":[{"_index":{"path":"provision.device.communicationModules[].identifier","value":{"_current":{"value":"COMMS2_SN_CHD_DEV_3","provType":"MONITORING","date":"2018-03-12T10:59:17.61Z"}}},"_value":{"_current":{"value":{"name":"TEST","version":"1.0","manufacturer":"sb-HD"},"provType":"MONITORING","date":"2018-03-12T10:59:17.523Z"}}},{"_index":{"path":"provision.device.communicationModules[].identifier","value":{"_current":{"value":"COMMS1_SN_CHD_DEV_3","provType":"MONITORING","date":"2018-03-12T10:59:18.21Z"}}},"_value":{"_current":{"value":{"name":"TEST","version":"1.0","manufacturer":"sb-HD"},"provType":"MONITORING","date":"2018-03-12T10:59:17.718Z"}}}],"provision.device.communicationModules[].subscriber.name":[{"_index":{"path":"provision.device.communicationModules[].identifier","value":{"_current":{"value":"COMMS2_SN_CHD_DEV_3","provType":"MONITORING","date":"2018-03-12T10:59:17.61Z"}}},"_value":{"_current":{"value":"SUBS2_SN_CHD_DEV_3 name","provType":"MONITORING","date":"2018-03-12T10:59:17.603Z"}}},{"_index":{"path":"provision.device.communicationModules[].identifier","value":{"_current":{"value":"COMMS1_SN_CHD_DEV_3","provType":"MONITORING","date":"2018-03-12T10:59:18.21Z"}}},"_value":{"_current":{"value":"SUBS1_SN_CHD_DEV_3 name","provType":"MONITORING","date":"2018-03-12T10:59:17.713Z"}}}],"provision.device.communicationModules[].subscriber.serialNumber":[{"_index":{"path":"provision.device.communicationModules[].identifier","value":{"_current":{"value":"COMMS2_SN_CHD_DEV_3","provType":"MONITORING","date":"2018-03-12T10:59:17.61Z"}}},"_value":{"_current":{"value":"SUBS2_SN_CHD_DEV_3ICC","provType":"IDENTIFIER","date":"2018-03-12T10:59:17.601Z"}}},{"_index":{"path":"provision.device.communicationModules[].identifier","value":{"_current":{"value":"COMMS1_SN_CHD_DEV_3","provType":"MONITORING","date":"2018-03-12T10:59:18.21Z"}}},"_value":{"_current":{"value":"SUBS1_SN_CHD_DEV_3ICC","provType":"IDENTIFIER","date":"2018-03-12T10:59:17.723Z"}}}],"provision.device.communicationModules[].subscriber.software":[{"_index":{"path":"provision.device.communicationModules[].identifier","value":{"_current":{"value":"COMMS2_SN_CHD_DEV_3","provType":"MONITORING","date":"2018-03-12T10:59:17.61Z"}}},"_value":{"_current":{"value":{"name":"software","version":"1.0","type":"SOFTWARE"},"provType":"MONITORING","date":"2018-03-12T10:59:17.599Z"}}},{"_index":{"path":"provision.device.communicationModules[].identifier","value":{"_current":{"value":"COMMS1_SN_CHD_DEV_3","provType":"MONITORING","date":"2018-03-12T10:59:18.21Z"}}},"_value":{"_current":{"value":{"name":"software","version":"1.0","type":"SOFTWARE"},"provType":"MONITORING","date":"2018-03-12T10:59:17.8Z"}}}],"provision.device.communicationModules[].subscriber.specificType":[{"_index":{"path":"provision.device.communicationModules[].identifier","value":{"_current":{"value":"COMMS2_SN_CHD_DEV_3","provType":"MONITORING","date":"2018-03-12T10:59:17.61Z"}}},"_value":{"_current":{"value":"GENERIC","provType":"MONITORING","date":"2018-03-12T10:59:17.529Z"}}},{"_index":{"path":"provision.device.communicationModules[].identifier","value":{"_current":{"value":"COMMS1_SN_CHD_DEV_3","provType":"MONITORING","date":"2018-03-12T10:59:18.21Z"}}},"_value":{"_current":{"value":"GENERIC","provType":"MONITORING","date":"2018-03-12T10:59:17.725Z"}}}],"provision.device.communicationModules[].subscription.address":[{"_index":{"path":"provision.device.communicationModules[].identifier","value":{"_current":{"value":"COMMS2_SN_CHD_DEV_3","provType":"MONITORING","date":"2018-03-12T10:59:17.61Z"}}},"_value":{"_current":{"value":{"type":"IPV4","value":"172.18.19.24","apn":"movistar.es"},"provType":"REFERENCE","date":"2018-03-12T10:59:17.702Z"}}},{"_index":{"path":"provision.device.communicationModules[].identifier","value":{"_current":{"value":"COMMS1_SN_CHD_DEV_3","provType":"MONITORING","date":"2018-03-12T10:59:18.21Z"}}},"_value":{"_current":{"value":{"type":"IPV4","value":"172.18.19.24","apn":"movistar.es"},"provType":"REFERENCE","date":"2018-03-12T10:59:18.001Z"}}}],"provision.device.communicationModules[].subscription.administrativeState":[{"_index":{"path":"provision.device.communicationModules[].identifier","value":{"_current":{"value":"COMMS2_SN_CHD_DEV_3","provType":"MONITORING","date":"2018-03-12T10:59:17.61Z"}}},"_value":{"_current":{"value":"ACTIVE","provType":"MONITORING","date":"2018-03-12T10:59:17.705Z"}}},{"_index":{"path":"provision.device.communicationModules[].identifier","value":{"_current":{"value":"COMMS1_SN_CHD_DEV_3","provType":"MONITORING","date":"2018-03-12T10:59:18.21Z"}}},"_value":{"_current":{"value":"ACTIVE","provType":"MONITORING","date":"2018-03-12T10:59:18.017Z"}}}],"provision.device.communicationModules[].subscription.description":[{"_index":{"path":"provision.device.communicationModules[].identifier","value":{"_current":{"value":"COMMS2_SN_CHD_DEV_3","provType":"MONITORING","date":"2018-03-12T10:59:17.61Z"}}},"_value":{"_current":{"value":"SUBT2_SN_CHD_DEV_3 desc","provType":"MONITORING","date":"2018-03-12T10:59:17.707Z"}}},{"_index":{"path":"provision.device.communicationModules[].identifier","value":{"_current":{"value":"COMMS1_SN_CHD_DEV_3","provType":"MONITORING","date":"2018-03-12T10:59:18.21Z"}}},"_value":{"_current":{"value":"SUBT1_SN_CHD_DEV_3 desc","provType":"MONITORING","date":"2018-03-12T10:59:18.198Z"}}}],"provision.device.communicationModules[].subscription.identifier":[{"_index":{"path":"provision.device.communicationModules[].identifier","value":{"_current":{"value":"COMMS2_SN_CHD_DEV_3","provType":"MONITORING","date":"2018-03-12T10:59:17.61Z"}}},"_value":{"_current":{"value":"SUBT2_SN_CHD_DEV_3","provType":"MONITORING","date":"2018-03-12T10:59:17.623Z"}}},{"_index":{"path":"provision.device.communicationModules[].identifier","value":{"_current":{"value":"COMMS1_SN_CHD_DEV_3","provType":"MONITORING","date":"2018-03-12T10:59:18.21Z"}}},"_value":{"_current":{"value":"SUBT1_SN_CHD_DEV_3","provType":"MONITORING","date":"2018-03-12T10:59:17.997Z"}}}],"provision.device.communicationModules[].subscription.mobile.homeOperator":[{"_index":{"path":"provision.device.communicationModules[].identifier","value":{"_current":{"value":"COMMS2_SN_CHD_DEV_3","provType":"MONITORING","date":"2018-03-12T10:59:17.61Z"}}},"_value":{"_current":{"value":"Telefónica Móviles España, SAU","provType":"MONITORING","date":"2018-03-12T10:59:17.617Z"}}},{"_index":{"path":"provision.device.communicationModules[].identifier","value":{"_current":{"value":"COMMS1_SN_CHD_DEV_3","provType":"MONITORING","date":"2018-03-12T10:59:18.21Z"}}},"_value":{"_current":{"value":"Telefónica Móviles España, SAU","provType":"MONITORING","date":"2018-03-12T10:59:18.196Z"}}}],"provision.device.communicationModules[].subscription.mobile.imsi":[{"_index":{"path":"provision.device.communicationModules[].identifier","value":{"_current":{"value":"COMMS2_SN_CHD_DEV_3","provType":"MONITORING","date":"2018-03-12T10:59:17.61Z"}}},"_value":{"_current":{"value":"SUBT2_SN_CHD_DEV_3_IMSI","provType":"IDENTIFIER","date":"2018-03-12T10:59:17.611Z"}}},{"_index":{"path":"provision.device.communicationModules[].identifier","value":{"_current":{"value":"COMMS1_SN_CHD_DEV_3","provType":"MONITORING","date":"2018-03-12T10:59:18.21Z"}}},"_value":{"_current":{"value":"SUBT1_SN_CHD_DEV_3_IMSI","provType":"IDENTIFIER","date":"2018-03-12T10:59:18.099Z"}}}],"provision.device.communicationModules[].subscription.mobile.msisdn":[{"_index":{"path":"provision.device.communicationModules[].identifier","value":{"_current":{"value":"COMMS2_SN_CHD_DEV_3","provType":"MONITORING","date":"2018-03-12T10:59:17.61Z"}}},"_value":{"_current":{"value":"MSISDN_FAKE","provType":"MONITORING","date":"2018-03-12T10:59:17.616Z"}}},{"_index":{"path":"provision.device.communicationModules[].identifier","value":{"_current":{"value":"COMMS1_SN_CHD_DEV_3","provType":"MONITORING","date":"2018-03-12T10:59:18.21Z"}}},"_value":{"_current":{"value":"MSISDN_FAKE","provType":"MONITORING","date":"2018-03-12T10:59:18.128Z"}}}],"provision.device.communicationModules[].subscription.mobile.registeredOperator":[{"_index":{"path":"provision.device.communicationModules[].identifier","value":{"_current":{"value":"COMMS2_SN_CHD_DEV_3","provType":"MONITORING","date":"2018-03-12T10:59:17.61Z"}}},"_value":{"_current":{"value":"Telefónica Móviles España, SAU","provType":"MONITORING","date":"2018-03-12T10:59:17.613Z"}}},{"_index":{"path":"provision.device.communicationModules[].identifier","value":{"_current":{"value":"COMMS1_SN_CHD_DEV_3","provType":"MONITORING","date":"2018-03-12T10:59:18.21Z"}}},"_value":{"_current":{"value":"Telefónica Móviles España, SAU","provType":"MONITORING","date":"2018-03-12T10:59:18.101Z"}}}],"provision.device.communicationModules[].subscription.name":[{"_index":{"path":"provision.device.communicationModules[].identifier","value":{"_current":{"value":"COMMS2_SN_CHD_DEV_3","provType":"MONITORING","date":"2018-03-12T10:59:17.61Z"}}},"_value":{"_current":{"value":"SUBT2_SN_CHD_DEV_3 name","provType":"MONITORING","date":"2018-03-12T10:59:17.697Z"}}},{"_index":{"path":"provision.device.communicationModules[].identifier","value":{"_current":{"value":"COMMS1_SN_CHD_DEV_3","provType":"MONITORING","date":"2018-03-12T10:59:18.21Z"}}},"_value":{"_current":{"value":"SUBT1_SN_CHD_DEV_3 name","provType":"MONITORING","date":"2018-03-12T10:59:18.096Z"}}}],"provision.device.communicationModules[].subscription.specificType":[{"_index":{"path":"provision.device.communicationModules[].identifier","value":{"_current":{"value":"COMMS2_SN_CHD_DEV_3","provType":"MONITORING","date":"2018-03-12T10:59:17.61Z"}}},"_value":{"_current":{"value":"MOBILE","provType":"MONITORING","date":"2018-03-12T10:59:17.62Z"}}},{"_index":{"path":"provision.device.communicationModules[].identifier","value":{"_current":{"value":"COMMS1_SN_CHD_DEV_3","provType":"MONITORING","date":"2018-03-12T10:59:18.21Z"}}},"_value":{"_current":{"value":"MOBILE","provType":"MONITORING","date":"2018-03-12T10:59:17.919Z"}}}],"provision.device.description":{"_value":{"_current":{"value":"CHD_DEV_3 desc","provType":"MONITORING","date":"2018-03-12T10:59:17.425Z"}}},"provision.device.identifier":{"_value":{"_current":{"value":"CHD_DEV_3","provType":"MONITORING","date":"2018-03-12T10:59:18.316Z"}}},"provision.device.image":{"_value":{"_current":{"value":"data:image/jpeg;base64,/9j/4AAQSkZJRgABAQEASABIAAD/2wBDAAMCAgICAgMCAgIDAwMDBAYEBAQEBAgGBgUGCQgKCgkICQkKDA8MCgsOCwkJDRENDg8QEBEQCgwSExIQEw8QEBD/2wBDAQMDAwQDBAgEBAgQCwkLEBAQEBAQEBAQEBAQEBAQEBAQEBAQEBAQEBAQEBAQEBAQEBAQEBAQEBAQEBAQEBAQEBD/wgARCAGQAZADASIAAhEBAxEB/8QAHAABAAEFAQEAAAAAAAAAAAAAAAYCAwQFBwgB/8QAGQEBAQEBAQEAAAAAAAAAAAAAAAEEBQMG/9oADAMBAAIQAxAAAAH1SAAAAAAAAAAAAAAAAAAAAAAAAAAAAAAAAAAAAAAAAAAAAAAAAAAAAAAAAAAAAAAAAAAAAAAAAAAAAAAAAAAAAAAAAAAAAAAAAAAAAAAAAAAAAAAQUnTlnUwAAAAAAAAAAAAAAAAAAAAAAB499hcLPP8A7z8s+pwAAAAAAAAAAAAAAAAAAAAAABxjs/GCG+mfM3pkAAAAAAAAAAAAAAAAAAAAAAAcY7PxghvpnzN6ZAAAAAAAAAAILpuIQ096Pn0AAAAAAAAAAAcX7Rw8h/qDyh6vAAAAAAAAAAOFwzoENPTIAAAAAAAAAAAHBO9+eiC+v/GnssAAAAAAAAAA4xDZlDT0yAAAAAAAAAAAxcgq87+iPO5zz2X409lgAAAAAAAAAHGIbMYOeoAAAAAAAACOkio4tGTsUIs/DS5mrHQYFb+kQ9fefJedURmRFwAAAAAAAAHD4BNOdnr8AAAAAxjJc7gh2vm0KlxDL0/05sMeK2i/Y+gfQ+Wy79xfhmZun+nQJZxX6ejr3neVHXkRk5fAAAAAB565z0Pnh7LAAAWeQnYo7yvVkxjGNcN5fitJINPjgUFX3BpM3GtCtjWjM+4X0zWJUZCzUXftuouV2qi9ma+om0v45UeicrzrJjsiEykzQAAed+edD54eywACg1XmjsUFOMTKYRElX3kW5OhsS2Z9nVVl/wCY+MbDFs1D79+ipUPv36KlQqVCpUKlQqVCpUKlQvW6iRyvmX07xm8A3p2JBpWcF550Lnp7LAA0W9hxz+J7jTi5R9M+DSy2cJwZNgkU10u1hocuzryVb7mw7fLvMV49SVcH6cSyr5WPv2o+VqhUqFSo+Vfaj5V9rKaqvp8+tQbjTwLZFGv6zLU4bt+1Xl5Rn9RjR0rZeV+wHSAIXNI0cY11usrqVC9brOJ4tVmS9XifLdjYx7ho470W4cpdB1xD7/Tpscz7VgcrO4VYWeKlwpqyskwsjKrLN25WU11VlP1AjM18t6ERST7PKTVZu3xS7HoZzMkfPZTG1k3ZY9ITpgGv2GKeWYz6P42WNvzbKOj1x3eHE95o8PJi2+FizPNmiFMljWvZ9y8XJ06usdR5b1oh3NumcHKIbpcAnfoHyJ6tNzmXKyzYt0cnjZv3X53N5mwu67bd/wCipXYhp1aybWuhlvMyc1Me7qOZLPOUauRGhkt60cz6RqOhFOxw8w6WADH00h+HKuZendUePa/R/NDgX2QQ4233X5hd+qinKsZJ1XrHKOsEN4j27hxroROxyvvPLOunWbnEpeSrXynI5PGj1O9zsHP12bXV3/o9doc/pXt7XNzTEyRwKB4xTn7S6U3KPh9fai5MYVYOg67mPWTo/wBt3AAAC3rdsOfc29D4B4rg/ufnZ5dzptADYZWg251/rPJetkL4f3Hh5rqvn0v+ivN/oQmUBmtaed913aODL4x8XtVWu25ur8IgBJIxuNiWshSV0qj5V9zjHytTBTf6WV9YIn0rMyh9AAAAACnDzhEIB23FPIHP/ccFOQ9n5ptjM4j1HkJR9ouD0T539HpvqlYqfbLuBm2l88ZG7kUun3qs+vn0VLpbyrkeN/BLPQSCdclcgMDZ1gAAAAAAAAD5YyBHoV1W0eaeSe3IgeLc/uHKDD9L+TfRZ0arXbFPtfyuxh5uGvIJNo97L9fLh8rvVlWLqss0e9nkxI5Lsu4fPoAAAAAAAAAAAALdwamK9AoPPMK9Wxs89TLfQw6JteKSNOm4WDfrl0hjcnl+5ON8LNyZyki0s22WWb/0AAAAAAAAAAAAAAAAKahiavf/AAgsO7PjnnDXelomcAnuz6eQ2Z7PKMXMrAAAAAAAAAAAAAAAAAAAAAHyi4LFdwfPoAAAAAAAAf/EADMQAAAGAQIDBwMDBAMAAAAAAAABAgMEBQYHERIgQBATFCEzNTYwMVAiIzQVFiQyJWCA/9oACAEBAAEFAv8A2vkeWwMdFBn8C5lfkM677+54fe+LL7fj9UYcfwem0KPKvPyGqPs+l3vH5DVH2fS73j8hqj7Ppd7x0uR5bAx0UGfwLmV1OqPs+l3vHS51339zw+98WX26jVI9qbStW930uqMOP4PTaFHlXnU6sq4aTSNfFfdLqj7Ppd7x1OsSuGh0aXxZB0uqPs+l3vHU61Hw4/op55D0uqPs+l3vHU62fH9E/kHS6o+z6Xe8dMqVHQojJRDWz4/on8g6XVI9qbStW930alpQU7KqiEHr62tDdNaXI9nNjCNlbpDUwzyWi0dhSoeRdLqyrhpNI18V90Nhf1NYU3PX3h3V9cqi4/FhplWLaS5I8t+K5FymQgRsgr5AQ424XRaxK4aHRpfFkH1plnAgJn6gRkCTb5JcnDxd102qqurkv3SEE6+8+r6DMuSwcbJ5bYjZFBfDbzTxfX1qPhx/RTzyH6b0liMmdmtbHEvIshsw1jsqUqNjkZgjk1UISL19YccW6rl3IgbrZDxDY8QO+WO8dHG8ON4Mzpsc4uVTWxFyaA+Gn2Xi+prZ8f0T+QfQUpKCl38CMJeSWb5/0+RYON19XEH9ThMBy6lqDkh57lUtCQclI45Ch3bpju2SG8ch3yCHiFDv1jvXB3ix3ix3ix3ix3qw1NkMnGyiY0IuTwXgzKjvl9HWz4/on8g5nnm47SNRqyxXIs5kobmCVsDfdMuVS0oBydxwvrHAwgeIQkG+4Y3Uf123nWji5FPYEbKIrgZmRpBc2tnx/RP5BzWDzRtZBp5WLUdhlGOHXZPV2IIyPlW8hsd4+6O6bSDkJSFOrV0yFrQca9nxxGydlYYmRpJdutnx/RP5ByrUSEyZRmcmWtS0yCUVjh9LZhcLLMbOuzKDINMuMtK58NseNS+CciNhUviG+/VoWtBsX82KImVRXwzOiyBrZ8f0T+QctxJ8PElu/oPzMEoyCJJkLmprrE/6LHSTlXGQFsIbCuJI8VJSG7eyaDWTW7QYzR8hHy2sdJiVGkp6WXbwYQfyOY+fg7OebNRJjhqfaxTkzWb2LiNRWYxaMWMORy5Me0SSrdPITBLOSg/EqhpUF1CFB2jfDkCW0DIy5G3nWVQcqsoorMjgWAL6mw4THCobH2TrWJAJ+0s7Q4GNOunCxtpsM1sdsigtLCaSMoHWwIyZ1hEbTIyRht7EpUp7kyo9oLp7p5EHsJjn+Z3w70E6OMjDkZh8n6VJh+HIj8iGXViqyGfVqiymJjXMTajBMgmkgkkNhsNgeySnW5rOJjpTFwscjMEiGlsEgw2wZhLaWymXjLRXGTNsOWq5ckY/WoiNYp/L7chY8RVFJTsSiPlm/wAwm1nyEowTg4ScD1D4g/7anoVDxYzEXHmGhLpq2QwTkzFp0OWzOY7CSZhLIJBENhsNhsNhsFrQ0iXMfsnKujJIYjIaIiCGjMJZISJbEYry8XHbORcXQebg49DpYL1jMXHSxFxT+X2yT/Re18qBJZsjI2JyFhLiVdsvymtLQ4U8myCIr6yNCkH2MH+5UElYZiRlNWMZpgSromzlZAJtr4lOK3CoE0ghkEnYKUhtKHnXh/nDvloCTSothsDMklLku2b9VUJbJtskklBmEMhx1mOmbbfplZKqYqNUGayIW/HOsqCEllub6GK/y+15HEVnWd8VpjZ8TkaXENixUkR7BKg26lQm/wAzsiymHEWbkdTfYx6lOIx/t3J+VsymSqXGfjrBHseOySn1Ow2Bd3xOSX3jSkwk1EGPJ7YbC2lKdXT1ZJJtrhJDI4UNlJtCSLTJY7LhRrO0NlhphBIGxBFeXiYMc0osEmljFf5fItolCRXIcE7H0OCxxjYPQZcQ2LBbZvSCVJJRGC7duxj1KcR/TuvtMP8AdcaQ8idXrjGMBsYqIJeY2EiI5uhbe5GgG82RxIjjJ7CY/wCGj1MFT7saJwJQ0RCROZji2vmIyXJ1xcqhVsSCRJMxuSR9+xpXAqBIjqFwlPg8YcLxpHvzKbJQfgoWJtE24LHGBY4xIZUtD8ZSHwlZHyMepTiP6d19pvqgyJRWFWbYoNOo17jLxZpiKqnNKqwCFJWSiQ4PCV4bNLJfcbCW0ubKrK1MZt15mMmdb7IlZFKnLj1DSXSLcbJSDMz7NuwyMg682wkrJ+xXQxERUI+3OaCMPQ0LEykbcFli6FlY4m40bzEqIaHwlwj7GP8AemEf07r7TfV7CMYo4TVAbhLFzg1BdB6hzPFFVWfQZCmH2JLew2GxivgtRkyLTYrTJmmXTr5VmtCENp4dhvyNtLcPdiOLG9QhTFdOtXaqiJoo0YmyLy+kaSMOxULEunbcKxxlKys8RNByIUyEaHxGdI10xiP6d1/rN9Xtxv2YEEuGQtsZo70pGC5HQLg567Dcg2UCyaLyFvfRq9t561vCiQo8Jsi3G+3IRGoyZQ0J9szGbclWFsqpxokiDUoaJthKC+qaSMOR0qEqpbcFhjaFi0w8t11s2C5RyBEeI27kyNM31e3Hi2p+QlGQn1tbatXWFpqnqmzzKS3CqmYp/ceRD79m3YhgzJclthMu7W6qBQvy3a2iQ2TENDZEki6HbcLYSoSaxtwT8dQsP0j8JcS1Q2LaTumU+Rukoj7aIv8AiOV0+Fu6dWtxtPAjlQ2pw/2mROt22j8NPtV1eOpQIlahokNknpdgppKhIrkOCdj6HBPx95BWVLOZWTq0GiQRglkYpPaeWX6MlHHP7dgRGYJpKBJmoaQt6ZOOvx/zhVCGw1HSgiLbqVNkYfgoWJtE24LfEW3im41LiBK3Urp7MmojMttwEZHyS/Rf/TOGxn2IaMwbyGyXLceVGplurh1CSDENKAlBF1poIw9DQsTKRtwWGLoM3a6ZENiyeYOHdkYYnNuBKiPsmei952ASk1H+20H5fmzVyZZxKpKCjwUpCGiT+BNJGHYqViVUNuCZjqFCRjzrZ8U+CcO8EexacEtxJsKPexLYLeS2liJMniFTMxwzCIg2wSQRbfhDIjC2EqDsBCg9VIMTMUjuiRWW9YHLxRN10k5Nk33slcHHkINuMQQwRAkkX4k0EYUwRhUYhZ4rV2aYGAohSo0BmMhLQJH43YcI4ASf+i//xAAkEQABAwIGAgMAAAAAAAAAAAABAgMEABEFBhMhIjESQCBwgP/aAAgBAwEBPwH9KEgd+zLhiUBvan1vYcwkNjyqHIVJa1FC3znYuiKrTSLmhmNYPJFRJSJjQdR683B25StRJsaRlvfmumGERmw2319Qf//EACMRAAICAQMEAwEAAAAAAAAAAAECAwQABRESISIxQAYgcID/2gAIAQIBAT8B/pQkDz7NqqLIHXbJ3loQqIxyypObEXNht97mqpWbgo3ODX3B7lyrZW3GJU9e5pKWW5qdjifH+ve+QQpXQRp4/IP/xABIEAABAgMDBwcJBgQEBwAAAAABAAIDBBESITEQEyJBUXTCICMyQFJhcQUUMDNCYoGhsVByc5HB0QYkY4IVQ2ThNDVTYICSk//aAAgBAQAGPwL/AM12w4rHRo77xDadXehJRpd0rFf0KuqHfH7Rm873Wfu0UHMeszjbPjX7RlZ8Q+fzuate7QlPiR4doy8HOM7nVH2jK7zwlTW7cQ+0ZXeeEqa3biH2jK7zwlTW7cQ6s2HFY6NHfeIbTq70JKNLulYr+hV1Q749ald54SprduIdWm873Wfu0UHMeszjbPjXrUrvPCVNj/S8Q6tKz4h8/nc1a92hKfEjw7Rl4OcZ3OqOtSu88JU5uvG3q0rvPCVNbtxDrUpvXA5Tu6cberSu88JU1u3EOtSW98DlPbnxt6tK7zwlTW7cQ61Jb5wOU7ufG3q0rvPCVNbtxDq9h8dgdsqqg1ySW+cDlO7nxt6tK7zwlTY/0vEOqWnuAHeizP52J2Yd6pAYZeF3YogvJOs1XNx3KkzCDu8KWg+TGF8WFMZxzO6yVPNmYDoZ801j329Wld54SpzdeNvUv5qcYD2ReUYfkmS/vifsqzk1ELT7OAWdmXAeKzMk2y3tcnOwX2XYVVJhger32D3qsN4d4dTlN64HKd3Tjb6e3NzTIfiUYfkyWdHd2jcFZfGMJh9mHcrcap8VajuaFYkYVPeKtRYhcfQ1hRXBUjARAqPObPerUKIHeHUJLe+Byntz42+ktx4zGD3irEo10y/3cEWQP5aGexis5Mve87XFWotAqNo8+6rMu0Qh81aiPLj38q8rpLWrmFXQivVr1a9WqwiWqkeFbCpErDPeqwojXeB9LJb5wOU7ufG30NpxoFc4xXbGKzKtZBbtOKtzUy6KfFc7FbXuX8vLV8VRllngFzkVzvjyb3LRBK0WUWnFWk+qubVXQ10RkxXSXSXSWOSsN5CpFFsKkWsMqsKK13x9FJb5wOU7ufG3lvjxnWWMFpx2BPheSogdZ1uuK5yMaZMKqzbu2DlaRoqQ2Fy0n2VpGpWgxbFefT1hxC1Ue7ODvVI7CwqsKM08uS3zgcp3c+NvLdLPAdbFHA7EZnyLGMnGxs10f9lY8pSxmIA9sfug0Rs3E7L7ldybytAWRtVqK6p71SG1Xnq1WOIVM5bHeqTEOz3hVgxWnkSW+cDlO7nxt5RedQqnRCcVirMQAg7UYkFvmsXtQ8PyVqE7z2WGy+5ZqcaZaJ72CtNjsIPetKYZ+a0IzGt8VXOtJ8VoEBXnrdWOIWnFq33lzgp3tNVzUZpUlvnA5Tu58beVSnrNHk3ouiy4D+224ojzmKKE6166J+a0Y7/zV0Z35rRmYn/sVoTsX8168P8AvBfzEq133Sudtwj3hW4EZrx3Hq3OxgXdlt5VmRl7A2lVmYr3dytQnOae5aWmmyPlaXe+G02gHaio3lCAYliPBzVk6rwf0XNxh8eTCP8AU/TlxmVuER31XrHL1zh8FVkVrlpQT8FeORahRHMPcVSK4Rm+9igy3movZd6bArArDJzr6v1NGKzcEZqH3K1EBK0mroBdBVMNWntY0d6LIDG07RXm0jWYj9liiw5lxqGh1Ca0PIhn+p+nLj/iO+vIvWlDa5VgPp3Fc4z48jQaUIE61z4PvYhCNLvDmn0F5WCw5FTcjAkhU63rOx4dSdaFGrRAWGSrrkWSwtO26lZiPfHjOwYy9N/xCM6Hb6MtDN/9yzrYQbVTP4bfryIwA0mi0FQ8qP8AiO+qqGHk3qgv7lWCwsd8lSLDNNq0mrSARgx2DuOxUa/OSzz8k2YgOq12W5aSuHLMSIaALMwKiF9UHParhyKYu2IxJ2MGQtQC/lB5pLf9R3SPgjFay3Hdg517nFGZmDacTVUaFM/ht+vIIOtRHwmWoJNRTUqFYrHLGP8AVd9VVpQI6StNhkhUe2hyhAPaCr4LSi6Xu91FpNCrnIsfeEJaI7mIxp4HJpK5WnuAHeqyspFiDtdEfNf8Iz/7Bc/Lvh9+IVWmoy2nXALNQqiEPmgS1UAy1iOoiQ/NsGtOlvIrM9EwMU9Bq858pxzNxsRXot8ArlY9iFcFWi+Kmfw2/Xkm5FzW0KvBIVCrysVH/Ed9coFoAgYFANILu7KEMhRDjR2pwVIt/fqyVCgTJvdZo7xyvmY7M5YdZhMOHiVzkQ5MVYb7V9MvmUE/fQcWqgGS04gBWZf80YLXmYmThDZerflmLZhaoEP9ShDgw2saNQCq80Vyc6mJqqAK/apj8Nv15XRR0ES1qwJCo5RTtefQDIclh7agq2zSh/TI+Tix2tiW6taTqy52ALW1qo42TsNy6QVkG044NbeUZmaFl7hZhw+yNpyOia8As468m9AUyUbpOWcnZgNGpqsw2mSlO0fWO/ZcxD0ji83uK7lo/nlqRVUtgeKLmkYhTAB9hvoOiugiQxF8Gu2hVmMwt5QQyHLQhGPLjR1jYpbynCnHy848uNcWm+5UnIJmpYe0NIIQ4rsxFOpytMcCO5UjQYcT7zV/y6D81SXhQ4X3G0V+Rsuzosx8ULr1V5+CLnPEKGMb0ZfyJBtDXMPuaP3Xnc48zMz236vBUCvvKvyX5LwrcR4aAsxKlwha3LQbecTt9FguijzdUXQKt7tSpGhkd/ICGQ8mXhsuAr9VR4qCjEEHzWMf8yFd8kYvk6KZ6VGoX/JZjynDdKRcNLBCLAite04EHLcs9FpU31VmAKe8V5vKMdNzJ9lurxQmPLMa1sgN6A/dBjGhoGAC0lQXDLctEfFXc4/5BZuFz0bYNSESccSNTRgho+lwXRR0EXQQWH5LnYZptGQIZDyZfw5B8+k25w/5jbnJ0z/DHlIxoeOadj+xXmf8SeT4kvEF1sN/RZ6SmYcVvulVVuZi1Psw24laZdIyvZHTd+yzcvDsjWdZWwLR/PkUCrHP9oXOPDG6mjWrEAGDB+ZQJYhorD0+C6KOgi6G2we5abKt2hDIUeRLfd5Wa8oycOM33hejN/w75SiQHj2C79U+Umwxgp69wv8A91nYj3R45xiRLyrltV+S/JaebLVzeiNbijC8nttu1vOCz80S9x2oaKw6nguijoLOQB8FmpkGE7vwVQa8mV/D5RKsA4mia3YOVohdt3yVmuciamhc+S1nYCGguj1fBdFHQREMmmxF7W2grLwQe/LK/hjlFQx72W7LWMfgtJwYzYrEu0w4fa1lVLanaUNFYdb6KOijWHftCJhEupqWbLTawooMBx6DQFjySof3sl+S064bVzd3vFWJVtt3a1LOTBMR3yXRWHX8F0VbbDv20WjUhUfUK8rHKVDHvZKBdpys3vfqaFamjZb2AgGsoFh9h4LoroKsElq5xhptVHFYq4qH4q9Y2QubbmoXaOJWi2rtbjisFh9jYLBdFF0KsJ+1uCtWDFhj2mKy4pt+FSs1Jw847bqCEWcOdibNQWH2ZgsFz0Cy7tsuKdEM1bhHVrQhwYYaP+9//8QALBABAAIBAwIGAgMBAQADAAAAAQARITFBUWFxECBAgZGhscEwUPDR4WCA8f/aAAgBAQABPyH/AO65oBUwrktpg0FXdxgZ/sdx65+hU3/tOuKpel61/YDCCsOrhH3IGpi3Siv7f7H6yf3n9j/WT+8/sf6yf3nps0AqYVyW0waCru4wM+q+sn956b3Hrn6FTf8AtOuKpel616m4dE+7D02MIKw6uEfcgamLdKK/t9VZ+mdM6/TH1k/vPVdt6YUJd/pj6yf3nqu1dMGoeXpj6yf3nqv66H33pj6yf3np/rcIblcQdx8ProffemLh0T7sPSbcC1VUfoljmd4vcdtU7wsx5DcVEgbXiVpTsMOEFGuP+Ul/aTS9MWfpnTOv0JdZYo6hfoI+scSPBbD9Mr6zLCHbjXL2muXxLMjLAqcGtcSmObphlIM+01qTyv0dt6YUJd/84rBHc+IxsM138ziBqpUM2jqu2Caxs6vtKlOh/BO+tH+DTSCqLwyr5YdZWK+FK6Lq9BaumDUPL+Qaie4kdfY5bvEqGgBo7y7p6qWFEI5xCcJ2FwN5J1hYgbq/M6YO7NWMdi3tKOvlkF2k9NDgS9S6Mp+rt5Rs/jiAyj/KfXQ++/hFIy1VgKd8H3GS31I6kxdwh4vG2TEFIzfGDtL7kavvHlaLE0bs2p3zinaf9un/ACibSnAEt4PbwvXTqocqE50PiXiPRleTrayk7oyShc6fxProffecCiunQNWPiHVNnUHaPN9bDFNVl+6LrmZkHaE6vlCsYsWjmbOHBNb35jgfqmiJ2R1qypUCBAgQIECBAgQIELMjhlJRdpqeYjJDlp2vPn+uh995wgvUVltmA3rQJv03jSLXWx2fuGBN1kAtCeXmvg1j8j2s+yZDIODeDxqVKgQIECBAgQIECBAgQIECW4vRlIqG2crkKAG67XnyfXQ++8xomsplVNY5p1Ny9gWMuCXPI6xeF1KvZqQdoq83fb3gzTwhhFn4K5mg5lW2Zt18LNIRzeYp3YyvCpUCBAgQIECBAgQIECBAgQJUDyW6pwwCxLZwoB7AhY2m10z6aH33mLjWefEpVMVj4aWwuoX59n/9IY96rRhSZzS3jSvUXL+ehoX2hoQ73/MvBucLGaE5omfOBcfUNrkCBAgQIECBAgQIECBKgSoHkxUACr3hswFnlj4gfVZJBphOSma7HPFdWPZYVNYZN0uCTLdlTLHJ5P8AWdURfEJUyM1mZYIV3TVwuaD8xA2M+5eKQ3yiNIPXyFjjeqKm8Z+yFoU1evh3lEsgQIECBAgQIECBBcMP/Gh/5Uq3So30TdqXhttrfeAnDzABCAg+CYavxEKbKRhvGzYEypVFrR+92ji1vmLU8nSQ/lBevAgQJZuUv/u0FCdwahpnxK57RmW1nBDLXDJ5GolWZ5U9GAdexIECBAgQL0m2V3h/8IXlB6GEkEWjgMqzbDlH4mQLWrWJFDCaitVhNUJbYBqsp2eL6IMY9Zy+0f3KqKcqOKQ1qf5HLyMDPwrX6jLE0ZhAgQJ/n8odYnaaa+Au0BLcZQw7LdL5D6ZTGItAYZQPzQQYka7Oo+SXSVlu/wCjCrm+HiBAjNC5uKbQQkgggggkJ7VlOhtde6EZCDQScJNghNSJAnGm8MS1jIKuoYeiEGxPnjG5WRYbqUk/yOXkKksFJGaIrqHDL2/MEBgjEECUWLBPvAoq44i1W+tcSzuaMu04k8WIBd4CV4lNElTymr/UrwGozUjrao4/Kj7bBekRz8IQoVGRnqqE9S59sAcvbzza9/pZCZE3IQQ3QBaszKPB+UzNoOg2Sb6ShDo3Y4KNa2sRPPWU77wTbsMAFCiHVXFdd5oJYafZP8jl5LUj8hLJ+QmPo3I4KkoyFOkf4/KaZGbxEVYtW0vVfDw8o0+HhTkJDJoOh1eCElJkY41trowwkhs8tjqalvECngvEdAavKiFVaNMQggmytx+JmLQwgZ1Jg0N2XdCmr0mCE2YvrxF5brdRX3TQzhSIIYHjdlKt88sdmvCKCmmyf5nLyJcGyQJsQqg+Iqo3kmHgS0SJzLk6n7ZvnlKZpQz+Lweb3jQ22iwFN/28Atp1O+iAFkIttSste5LWs65RCH7YY2IFnsS6bti1Nep0hBcQp5ZXlTZYRkC2wTHxmkY7DLl7G8ZOT0HoQj5XNPVmd05MNPt5RVWtspglQTVEdsJdg4mHIOt8soX5UGHaQdsQxofENwT2iHWVULs7qYgOrNwgw8QZ/F4fV7wYoAjqMPsNe/8A+JswuAC0aneC0fv1d9T3i+mzTL6MMPGRUDpvSX5hddv+dZSKutC+dZlWrhAerAEkYZlMd7DViDfWmmJsRz4ji5na5TtbRVRcPoLaaq9vA7HSXijBNQCJd8SzPEsu/Yhm7d9Yv52sP0g7ZhDj8Q1SHZJYiciKHQ9k5WbhBHxyMO0Mxn38Bh1TAUMKG2UvCYiJYzdAVOTy6GcpBBh1edOIMsi3L3294Qh7thIQRdjVESDIUJiAg63T9+5tKqQbXXdgwxUCggMnXTeLqjoHgC9DmFH7Svd5aRPoDdgvyGDTiyIL0WaO66Q2BBSv4tsgjZijGY5o9J0QQPwiEoesTnZmaE4s/H4XV7yvAlw+r8wIkmoTBTMHW9zX3l1C5VPgr/hLfvsqscrruYhBa3tTuakyHCWHPyE4CFr43dj6sUQamonK7xRfuMBpe7WdWGcBcoNcsowr0get21mIqX1UWWzfa/UzTLlXVmCkIBABp/LsEHbEBcITQ/ECm5Tj4l3YmTGbAudpnGfa8anzv9wIECE3yI2Y6Ls6kyZ9vHsD8MwNwPmCsQ61274OICqFwNfP6iqtTSex0nQ0nf02N8Q6qN1bGif9gDL69B2lmH4hCjNp9CnVCciCOEJoPiJaFbjDCNi71feAoQmoxBmbxDwq7aBAgeATthLS9JDN2jwvFGDjwLdPmFGnzK57kOmfwlyODCFjpo+8CuSukCYQfBNPSIdYZkQJsQqg+ILT8EfPvhrK2FqCprDCdZWm5BA8AhFUbaMVfjwqXbQthyyxCgtgftTqxQktBqy3Bbj4IQGJlyLDMHxDwQGj1CDD9IO2IZQ/Ew4bNQlZzuGZU/tkM3Cz2rACjALGBAgQwVo6JoXDgDiHAQWzroyCU1gxfvLRD3XHR2JWrB5RgOnrT9IO2YA4xiE95MRAgf3SUZMMowPD4rIpqU5uH+KiYOQjCK2f3w4gbBBSQsEANP6DZIE2YI4y0ofEQNONoaFe3JCxCKYx8w1Po36hWqiMLH5Y3m3D+AhZnOQpUXAUD/SNkmoCXuMvSqPSVZ2X6Ebe8B8kstHhm24pMrdz8hm4VCMQBUJtM2z+oQZsniQkwLxnk4JSq8XC5/g1hm0I2lV/WIYmV4gm0AP/AIJ//9oADAMBAAIAAwAAABDzzzzzzzzzzzzzzzzzzzzzzzzzzzzzzzzzzzzzzzzzzzzzzzzzzzzzzzzzzzzzzzzzzzzzzzzzzzzzzzzzzzzzzzzzzzzzzzzzzzzzzzzzzzzzzzzzzzzzzzzzzzzzzzzzzzzzzziTzzzzzzzzzzzzzzzzzzzzzzzxTzzzzzzzzzzzzzzzzzzzzzzzxTzzzzzzzzzzzTzzzzzzzzzzzzzzzzzzzzzzwjzzzzzzzzzzzyxzzzzzzzzzzyjzzzzzzzzzzzyhTzzzzzzzzzyzzzzzzzzzTRDDTzjzzzzzzzzzDzzzzzzjDSTQhCyRBjDzzzzzzDzzzQChRgCRDiSzBDCCBDzTzwDzzxwTTCjRxSBTzzzzzwARTTAjzyzgTwQBRywQhCAADDizji8AwzyzTChjTDTTyAQhTRwwQRmFEQzyhigTE5yTjCzjRGItTyGxDxSjyzyDxxTDAARTwznyKyQAzghCRTzyxjQDjSixhxe8zgTARiAQwRzzzzzxxQBAzS1tVRCAAgRjBTzzzzzzzzyzihjAqlyQAgCSBzzzzzzzzzzzzwyCTzuxyBhxzzzzzzzzzzzzzzzzzyxxjQwRzzzzzzzzzzzzzzzzzzzzxyzzzzzzzzzz/8QAJREAAQMDAgYDAAAAAAAAAAAAAQARITFAQVFhECAwUICBkaHB/9oACAEDAQE/EPIt+iFcmuayQ9j4UYa7kvGkDHuEBuZhv0bc5Sy66BQcI2JURYODgiotytx1yCqt8bCfsoeTBalUT25VOAuRcMm77//EACMRAAEDAwQCAwAAAAAAAAAAAAEAESExQFEwQVBhgaEggMH/2gAIAQIBAT8Q+xbaMqTWD6NdAefShiHcl4xA28wgZ6x+jr5mDZrgKBJHRUFAOx2ItyZ5VwVVujoT7QWWDkKJs24QCNw6J53/xAAtEAEAAgEEAQIFBQEAAwEAAAABABEhMUFRYXGBkRAgQKHBMLHR4fBQYHDxgP/aAAgBAQABPxD/APa9/wAfZ0Lt1dsK8Rp70cDdg4CZ/wCjxHv1bL1rPcUfAa7qeDl+a/6Bzc4RXaKGnbM1NfHpGu6FXD/6s8+fPnz5v+Ps6F26u2FeI096OBuwcBM/V+WV/TTxHv1bL1rPcUfAa7qeDl+a+pJaSZjov02c3OEV2ihp2zNTXx6RruhVw/VZz1KeR7p/+iefOR9SgufB6/6P58qDqmTcG1/8J/z5fv8Ayyv6eSzpoZ7IIPVgkfU+pfvyWkmY6L9JhB6xQerDxdAF8MCMExwlMva2ekeEeRputhV8q7aeGG4qDpkwbFsIsmzFVznsC6Y7/TZz1KeR7p/oRAUANViwFwFd4yV6y7B4yL7B+WGUpqwOKYg8W2Iz43YdKi9Qv2eYql1VtXea5dJV5Y1sD1L5RfgVxs8WGOojccpYIRrqDgfJBJSsRw9Po8j6lBc+D1+v7EPjt4GZXdFF9hqiBIuQy2Uyx+88onq5jFMWU+hqY9LmKl/45jBSb1g8GhA3Z50lXA5+IXC1lTHJ6ulr2hJt1CveQZragu3mEkfcX6BQdUybg2v6n5orJH7w5AsK19mQGUUUWuXv4qGXnaC94DILVg+8scHVTLt0iBzgOh50IkTrWKdGsD4hUzHhwmEX4zBP2MHpgh98G/4h+UXBP7/5g2/3P5hEU56ipg4aJTzMRHWWW8zLGYQft9O/flBm6YIOVWBGXaomOchVX5cEUm5G16QwRAAU4p7DSGX4mAvZVsMF+mYerHt+2avbSZXqdE0wawPeC5/hc+0u+PiiaAd31feOWo3P9I5KLfn7Q1ovV+8AUatLoimkerHRPiizh4CH9IQfX7c/+Ahs/sIfVXmBYRu5DSfhvo8wEz9UZPMGr3Fft9E/fsA3mgbTwERX0oqtbktmKiQowA4iFqe2YKZpWntLuGbGp8BFVUtdVi38NZ4lRt25YPcgKI5qHyy92TI+xAPeJSYszpHL82wg/VAAAAOCixclf2BqNeZdzMLZJRhl0J7Jrk/Wfv0klNKVIOtm0Zwh8NeV6nCnUCLCiJrgQsc42w485csxouHLswU8aI38Fv4l0TtzKYUW8omtKZXA+kolxopR7S3FF0EC4HtCCD9EAAHR+gAAHDXIsVP9oLZgC/och7Tbmsk9uv6b9+jAMDwFx0u8dOCCtQ8x0RKOB2Os0hMAC1WmMu5TFmVzoDLa9/MHckMZ7ujwIUhrVCe8ucksGfAuWrB30HvKBU0VD0XMjqAVFzW1VuEBCD9MAAAdHzgAEIwAIECGtDSxUJh+qFAdsWVLVfsU1jFnQz7DGLjZrnz7+pLUVq0KvsMre3HdbthiPC8shZUdOa0LXdTHquMCiZBYRwYcEbqroQfZrnMWaLd1/uJhbeGh/eYsg0pfmXeYKpPzQ8AV6Z4qpgWRlu98I/vBmRg/clocjxs1L2TZgHT5QDo+B0fOAAfAEKwAKIECssDTMUQTrGnrCAI0H64aENzOph9GJTrzdnmoaF8ylZwkDIG1KZNvQ03jRIFavZtldxEaV4h7wAII6J8jiNYERa7x8A+AYSgXWmJqcNiRK9ISomqzooB6ShZW5s/ptN2ABr5xOmJCn5HAFYxX6S2gcHA6EH0OEs+xFEoiWJ8Do/SAAAfo3pF6N6p0rylDJeRgtyCxZyrG18esW4E56u9UUydrdWX+ZW0VCSBh0PEHrFyRyXbQCCUgQAnR+ZuKKAHnRHbKct4yEB4KPkBq/s42suyBvBKJyQTBvGzmWkjaI6kMSwNxph9E94P9xreDVAfG/tGVsjrngZWw6/yvxBWgtYLtt4QSGqUC1pLW7DicR0RdJs/MADqgr1KPSjUK9CpS/ebmmHwQuJ1ToiCZqFAQ27Ky1f7vCKs1lntjwSppLhVauCmBF/ojIrEh7tFBHA2KFJycxDyNWWhTQg4rXpZDodGYuDpRm33q/LAyi37VOf7kqV4yzMm+sI5uWfAzEFhK4CCjbiKQImo/A7lFdWMAQ96+8MR7gjf4Y9tw1ezs29IFp6lnxMt8b4QR6uSBfVDK2icxmUgYcmaLwQZamxzRlcJOj4FgKmn6EhYB6MwuJ1zpnXOmdMsk0bAR3TSqzt/hLrmC2Sl8GxHaJIl4QwrYacGHunviClS6UtjlYjX68l9nG7GXOkChqosDVqajbT76HBAiEOCBLPkBhV1BhEpJnxcWhujqBHiOTBgAbe4aSblUsZmIrJnHIYI17TcX0SUy9C9di9wMMLoqzq41JNaT8DqZk3IchxvVNeYhEfeGrJUNPq/EdE1MBIrXm0Z4zVzTsxJwOgJgeLaGYOq9K3lBiP8AMwYEdQAy3SBOG2hXsYs7LgQMdn2QYckoH7tawk4WJYzrm7UR6JbAEJPQw38vxAvYDkgoiuCOhnAKi0tKwZ8BHrOEpGqu0A3FCRWLd44IHE3Gi8Pg8uYCIGACggQoBslZXmGiEDNQcDT935cGCNSAZejtMtyWmo3EHQbj8wcjDwLeWAhNxCwyhVYHkagqFy3vBZYIITUWgmOd4UQ3Lks3eXbFf/YZyQnE3J+KAGYz40g5hbNYjJ0m5EC5Nq/wvXwSMsBqJoymYztv4y/WdU64sKGT93RgviBExQaArYMVEBRvjiUtqOFsqIgYsBhtQ2nROiBGFHdu384GjQ5IYIoqUrAU1CLRC9Hg8PEYl63T4sHtiUJcnCAyujEJk1DF6EN3HTV4iVcA+RnKmVa3BWiDSLan88ZX8gAKSJgW4HIvqJSLuGKFaBTHSp8N1DKspMIy/wAmaA4Ep6yrYEo5MPMA1zKonMq9k0IaVcMwLyhigpRp2cMVsC0M9f5fARcwkgWh2uvWEHEdEnXFa/q6/PI9S0PFO+WMudl64VNGvkm8FjAnUqqXi4GAGydEtmesnSDqqUtVbWEmKC8QgAAascuDRsPLB/jfl2ByppS4KfZhN3MGSGVLDVXLCKUWuIP5mC6v08EeOTVWCFhjS4OXcN/SUXJVaUCGuDvGyiQHR/uhD8rUCLBLe0NEX1FdF3D9MWiUZXfMairbTtKpU1eR4dJVENHEJ0fgIB8hG0Z0lKm8D2mOn7Tah9noFiR2p4Oe05/ZCqCmUusKTBg+kq6mec1rlrGFEX7Tt2oyaOO6hXkB6JyJBYJgpR933hLVXeSvtjFAOq2DvU94jGJyq2s6ImnLoYV/BGsmLVKkVdx6EcUAFg5Zmd6ao3zLXjEMGm6SNzTPG8LLXBMnUNjj5d4+OA0GA8E0hmX03P8AEW0ug3ioMpZZVkEXltaBGUiX/bmDRiHJbtmDfHzoCkjARnmAWZ1F8dYu7VYUZW6lbCvyRarKoK/XaE0fch40zDLEn3UH7JrRGhOzKrzdDXEqZgARKRMJAMJR0BSiUm1TgOyOGBZl0Fn/ACKj0EvOB3FUGtghdWECtNBgPZAEFFYlzwmpOiBxAKFIxMlUl5ljgh4OiIkZK4fOiYhm41wBja84gOzFgGgBDLB1Dq/iKrvePLvA50gNlcjSJKOd3r/UtVQ4A8sY4VnWvzD/AH8oNMBHCEWR6O75jUiggdOCCA/RQdSDtjMJEX1M2l9QMDDY3GWr2tWLzs9Imemg+ruespo+7DpGpvD+hNCo+0Yb8qHCBWYkmvFL+7m5G8NTFK4524DUlDxNixCGC0pDUeXLtBdBht6Lym7ZHpAEvdDkdhjIQ4ARXnSLjhTOOHlj4MhS6poeNYG10DyCsp7l8p/irmYLN6jxxMrYq8wKyHEMrxtj+YfWsAIdva0X5OIuFlJ9LGVli+0jHlbJegqitOV3mHJA2gAAOobQ/VApg0dfUstl6lpC7i4X11DzognQ+Vovc1JQeKGjBgBozOjlAqBvCKImv3l8kFjRjwWlV+Ak7p2nDHq4EZjOpIoYEgkIDZndhmd4qZeaWQ9XB6JdMjXg8sylB9v8y3B4lmrXYgktPRr/AFLxRXAlaRZca+CHdPyS3i9I8RkBV6d0fA1svQNCK4kCCYiHEEAGPoSsI8ED1LPS+oluu4yky2xAACFM6dbfWWmCFgTpgOnVgoglHMepXA3fu/IAGxKpm+qUyeDC91qaJQvoVAvUxLNI2RpADLBlFHL8EGjy6rWWbpusB5Yjs3JdX8xwp4z6fBgI/YMpKdt4xAUogzArqGQSoAKCvpC6EdCLlnC+pdQu4QR7wV9m0LklQUTxvHSTpRHoyoBmCCY5b4oBsSqCIo3GPewbfa/xAvLCBYBa1oeWANs+0QG5dAIHrLld+TiByDL93dmiV7gXTaNHfVl2sakqqDBldQah9RqBEwluWIL6iMq7gmULTV4ma+fFdG+dGEBPNDoqanpRuGYvXnuVpN/GLPE9oqUiy/cEilwXxELbwHL5YAAAGxKaD1w34hMgc704izw1fv5XeOhLcoaXitoNArqBgGJpg+rQSkjARnmATL6jeMt7QzEugKesYqjgrMKKrUDBD/Vmdk9wUmj3CqxFS9RGaD+DCDC06uxBqUe29+ZQW1otvsaRVmRRqd/xBq6BQjYgrqGgSoBQ+vQdSFojMPEX1Fmy+oRdQCi5EKpbXvovq8RH3lhNme4Tlsd4Qi37oi2cOC1jkb1Lz5cwipsKAS4G47PlgCD2gKhjqBUB/wAQSmAUVfUK3XUEYAiNhiCiyDJ70+1RUtNBYbOqfePCKxwIxHbJV6Af3NWloPfgww6RqdG8NJiAFBCjGAEaYP8Aj6oQpwm1Iq6HtNMX1AvdYfUmpTg+y0U7wI41RD2XeUCwWXANB/zNSIzYjZGwCCYP/BP/2Q==","provType":"MONITORING","date":"2018-03-12T10:59:18.214Z"}}},"provision.device.location":{"_value":{"_current":{"value":{"position":{"type":"Point","coordinates":[39.37005197639519,4.385554361886237]},"postal":"28033","source":"GPS"},"provType":"MONITORING","date":"2018-03-12T10:59:18.301Z"}}},"provision.device.model":{"_value":{"_current":{"value":{"name":"OpenGate","version":"1.0","manufacturer":"OpenGate"},"provType":"MONITORING","date":"2018-03-12T10:59:18.397Z"}}},"provision.device.name":{"_value":{"_current":{"value":"CHD_DEV_3 name","provType":"MONITORING","date":"2018-03-12T10:59:17.417Z"}}},"provision.device.specificType":{"_value":{"_current":{"value":"SENSOR","provType":"MONITORING","date":"2018-03-12T10:59:17.42Z"}}},"resourceType":{"_value":{"_current":{"value":"entity.device","provType":"IDENTIFIER","date":"2018-03-12T10:59:18.398Z"}}}},{"provision.administration.channel":{"_value":{"_current":{"value":"default_channel","provType":"MONITORING","date":"2018-03-12T10:59:24.715Z"}}},"provision.administration.identifier":{"_value":{"_current":{"value":"CHD_DEV_4","provType":"MONITORING","date":"2018-03-12T10:59:24.718Z"}}},"provision.administration.organization":{"_value":{"_current":{"value":"chemacorp","provType":"MONITORING","date":"2018-03-12T10:59:24.713Z"}}},"provision.administration.plan":{"_value":{"_current":{"value":"FLOW_RATE_100","provType":"MONITORING","date":"2018-03-12T10:59:24.709Z"}}},"provision.administration.serviceGroup":{"_value":{"_current":{"value":"emptyServiceGroup","provType":"MONITORING","date":"2018-03-12T10:59:24.711Z"}}},"provision.device.administrativeState":{"_value":{"_current":{"value":"ACTIVE","provType":"MONITORING","date":"2018-03-12T10:59:25.311Z"}}},"provision.device.communicationModules[].description":[{"_index":{"path":"provision.device.communicationModules[].identifier","value":{"_current":{"value":"COMMS2_SN_CHD_DEV_4","provType":"MONITORING","date":"2018-03-12T10:59:25.007Z"}}},"_value":{"_current":{"value":"COMMS2_SN_CHD_DEV_4 desc","provType":"MONITORING","date":"2018-03-12T10:59:25.008Z"}}},{"_index":{"path":"provision.device.communicationModules[].identifier","value":{"_current":{"value":"COMMS1_SN_CHD_DEV_4","provType":"MONITORING","date":"2018-03-12T10:59:24.797Z"}}},"_value":{"_current":{"value":"COMMS1_SN_CHD_DEV_4 desc","provType":"MONITORING","date":"2018-03-12T10:59:24.721Z"}}}],"provision.device.communicationModules[].identifier":[{"_index":{"path":"provision.device.communicationModules[].identifier","value":{"_current":{"value":"COMMS2_SN_CHD_DEV_4","provType":"MONITORING","date":"2018-03-12T10:59:25.007Z"}}},"_value":{"_current":{"value":"COMMS2_SN_CHD_DEV_4","provType":"MONITORING","date":"2018-03-12T10:59:25.007Z"}}},{"_index":{"path":"provision.device.communicationModules[].identifier","value":{"_current":{"value":"COMMS1_SN_CHD_DEV_4","provType":"MONITORING","date":"2018-03-12T10:59:24.797Z"}}},"_value":{"_current":{"value":"COMMS1_SN_CHD_DEV_4","provType":"MONITORING","date":"2018-03-12T10:59:24.797Z"}}}],"provision.device.communicationModules[].name":[{"_index":{"path":"provision.device.communicationModules[].identifier","value":{"_current":{"value":"COMMS2_SN_CHD_DEV_4","provType":"MONITORING","date":"2018-03-12T10:59:25.007Z"}}},"_value":{"_current":{"value":"COMMS2_SN_CHD_DEV_4 name","provType":"MONITORING","date":"2018-03-12T10:59:25.01Z"}}},{"_index":{"path":"provision.device.communicationModules[].identifier","value":{"_current":{"value":"COMMS1_SN_CHD_DEV_4","provType":"MONITORING","date":"2018-03-12T10:59:24.797Z"}}},"_value":{"_current":{"value":"COMMS1_SN_CHD_DEV_4 name","provType":"MONITORING","date":"2018-03-12T10:59:24.72Z"}}}],"provision.device.communicationModules[].subscriber.administrativeState":[{"_index":{"path":"provision.device.communicationModules[].identifier","value":{"_current":{"value":"COMMS2_SN_CHD_DEV_4","provType":"MONITORING","date":"2018-03-12T10:59:25.007Z"}}},"_value":{"_current":{"value":"ACTIVE","provType":"MONITORING","date":"2018-03-12T10:59:25.212Z"}}},{"_index":{"path":"provision.device.communicationModules[].identifier","value":{"_current":{"value":"COMMS1_SN_CHD_DEV_4","provType":"MONITORING","date":"2018-03-12T10:59:24.797Z"}}},"_value":{"_current":{"value":"ACTIVE","provType":"MONITORING","date":"2018-03-12T10:59:24.899Z"}}}],"provision.device.communicationModules[].subscriber.description":[{"_index":{"path":"provision.device.communicationModules[].identifier","value":{"_current":{"value":"COMMS2_SN_CHD_DEV_4","provType":"MONITORING","date":"2018-03-12T10:59:25.007Z"}}},"_value":{"_current":{"value":"SUBS2_SN_CHD_DEV_4 desc","provType":"MONITORING","date":"2018-03-12T10:59:25.112Z"}}},{"_index":{"path":"provision.device.communicationModules[].identifier","value":{"_current":{"value":"COMMS1_SN_CHD_DEV_4","provType":"MONITORING","date":"2018-03-12T10:59:24.797Z"}}},"_value":{"_current":{"value":"SUBS1_SN_CHD_DEV_4 desc","provType":"MONITORING","date":"2018-03-12T10:59:24.806Z"}}}],"provision.device.communicationModules[].subscriber.identifier":[{"_index":{"path":"provision.device.communicationModules[].identifier","value":{"_current":{"value":"COMMS2_SN_CHD_DEV_4","provType":"MONITORING","date":"2018-03-12T10:59:25.007Z"}}},"_value":{"_current":{"value":"SUBS2_SN_CHD_DEV_4","provType":"MONITORING","date":"2018-03-12T10:59:25.115Z"}}},{"_index":{"path":"provision.device.communicationModules[].identifier","value":{"_current":{"value":"COMMS1_SN_CHD_DEV_4","provType":"MONITORING","date":"2018-03-12T10:59:24.797Z"}}},"_value":{"_current":{"value":"SUBS1_SN_CHD_DEV_4","provType":"MONITORING","date":"2018-03-12T10:59:24.81Z"}}}],"provision.device.communicationModules[].subscriber.model":[{"_index":{"path":"provision.device.communicationModules[].identifier","value":{"_current":{"value":"COMMS2_SN_CHD_DEV_4","provType":"MONITORING","date":"2018-03-12T10:59:25.007Z"}}},"_value":{"_current":{"value":{"name":"TEST","version":"1.0","manufacturer":"sb-HD"},"provType":"MONITORING","date":"2018-03-12T10:59:25.199Z"}}},{"_index":{"path":"provision.device.communicationModules[].identifier","value":{"_current":{"value":"COMMS1_SN_CHD_DEV_4","provType":"MONITORING","date":"2018-03-12T10:59:24.797Z"}}},"_value":{"_current":{"value":{"name":"TEST","version":"1.0","manufacturer":"sb-HD"},"provType":"MONITORING","date":"2018-03-12T10:59:24.801Z"}}}],"provision.device.communicationModules[].subscriber.name":[{"_index":{"path":"provision.device.communicationModules[].identifier","value":{"_current":{"value":"COMMS2_SN_CHD_DEV_4","provType":"MONITORING","date":"2018-03-12T10:59:25.007Z"}}},"_value":{"_current":{"value":"SUBS2_SN_CHD_DEV_4 name","provType":"MONITORING","date":"2018-03-12T10:59:25.111Z"}}},{"_index":{"path":"provision.device.communicationModules[].identifier","value":{"_current":{"value":"COMMS1_SN_CHD_DEV_4","provType":"MONITORING","date":"2018-03-12T10:59:24.797Z"}}},"_value":{"_current":{"value":"SUBS1_SN_CHD_DEV_4 name","provType":"MONITORING","date":"2018-03-12T10:59:24.804Z"}}}],"provision.device.communicationModules[].subscriber.serialNumber":[{"_index":{"path":"provision.device.communicationModules[].identifier","value":{"_current":{"value":"COMMS2_SN_CHD_DEV_4","provType":"MONITORING","date":"2018-03-12T10:59:25.007Z"}}},"_value":{"_current":{"value":"SUBS2_SN_CHD_DEV_4ICC","provType":"IDENTIFIER","date":"2018-03-12T10:59:25.204Z"}}},{"_index":{"path":"provision.device.communicationModules[].identifier","value":{"_current":{"value":"COMMS1_SN_CHD_DEV_4","provType":"MONITORING","date":"2018-03-12T10:59:24.797Z"}}},"_value":{"_current":{"value":"SUBS1_SN_CHD_DEV_4ICC","provType":"IDENTIFIER","date":"2018-03-12T10:59:24.815Z"}}}],"provision.device.communicationModules[].subscriber.software":[{"_index":{"path":"provision.device.communicationModules[].identifier","value":{"_current":{"value":"COMMS2_SN_CHD_DEV_4","provType":"MONITORING","date":"2018-03-12T10:59:25.007Z"}}},"_value":{"_current":{"value":{"name":"software","version":"1.0","type":"SOFTWARE"},"provType":"MONITORING","date":"2018-03-12T10:59:25.209Z"}}},{"_index":{"path":"provision.device.communicationModules[].identifier","value":{"_current":{"value":"COMMS1_SN_CHD_DEV_4","provType":"MONITORING","date":"2018-03-12T10:59:24.797Z"}}},"_value":{"_current":{"value":{"name":"software","version":"1.0","type":"SOFTWARE"},"provType":"MONITORING","date":"2018-03-12T10:59:24.819Z"}}}],"provision.device.communicationModules[].subscriber.specificType":[{"_index":{"path":"provision.device.communicationModules[].identifier","value":{"_current":{"value":"COMMS2_SN_CHD_DEV_4","provType":"MONITORING","date":"2018-03-12T10:59:25.007Z"}}},"_value":{"_current":{"value":"GENERIC","provType":"MONITORING","date":"2018-03-12T10:59:25.203Z"}}},{"_index":{"path":"provision.device.communicationModules[].identifier","value":{"_current":{"value":"COMMS1_SN_CHD_DEV_4","provType":"MONITORING","date":"2018-03-12T10:59:24.797Z"}}},"_value":{"_current":{"value":"GENERIC","provType":"MONITORING","date":"2018-03-12T10:59:24.813Z"}}}],"provision.device.communicationModules[].subscription.address":[{"_index":{"path":"provision.device.communicationModules[].identifier","value":{"_current":{"value":"COMMS2_SN_CHD_DEV_4","provType":"MONITORING","date":"2018-03-12T10:59:25.007Z"}}},"_value":{"_current":{"value":{"type":"IPV4","value":"172.18.19.24","apn":"movistar.es"},"provType":"REFERENCE","date":"2018-03-12T10:59:25.097Z"}}},{"_index":{"path":"provision.device.communicationModules[].identifier","value":{"_current":{"value":"COMMS1_SN_CHD_DEV_4","provType":"MONITORING","date":"2018-03-12T10:59:24.797Z"}}},"_value":{"_current":{"value":{"type":"IPV4","value":"172.18.19.24","apn":"movistar.es"},"provType":"REFERENCE","date":"2018-03-12T10:59:24.91Z"}}}],"provision.device.communicationModules[].subscription.administrativeState":[{"_index":{"path":"provision.device.communicationModules[].identifier","value":{"_current":{"value":"COMMS2_SN_CHD_DEV_4","provType":"MONITORING","date":"2018-03-12T10:59:25.007Z"}}},"_value":{"_current":{"value":"ACTIVE","provType":"MONITORING","date":"2018-03-12T10:59:25.1Z"}}},{"_index":{"path":"provision.device.communicationModules[].identifier","value":{"_current":{"value":"COMMS1_SN_CHD_DEV_4","provType":"MONITORING","date":"2018-03-12T10:59:24.797Z"}}},"_value":{"_current":{"value":"ACTIVE","provType":"MONITORING","date":"2018-03-12T10:59:24.914Z"}}}],"provision.device.communicationModules[].subscription.description":[{"_index":{"path":"provision.device.communicationModules[].identifier","value":{"_current":{"value":"COMMS2_SN_CHD_DEV_4","provType":"MONITORING","date":"2018-03-12T10:59:25.007Z"}}},"_value":{"_current":{"value":"SUBT2_SN_CHD_DEV_4 desc","provType":"MONITORING","date":"2018-03-12T10:59:25.11Z"}}},{"_index":{"path":"provision.device.communicationModules[].identifier","value":{"_current":{"value":"COMMS1_SN_CHD_DEV_4","provType":"MONITORING","date":"2018-03-12T10:59:24.797Z"}}},"_value":{"_current":{"value":"SUBT1_SN_CHD_DEV_4 desc","provType":"MONITORING","date":"2018-03-12T10:59:25.003Z"}}}],"provision.device.communicationModules[].subscription.identifier":[{"_index":{"path":"provision.device.communicationModules[].identifier","value":{"_current":{"value":"COMMS2_SN_CHD_DEV_4","provType":"MONITORING","date":"2018-03-12T10:59:25.007Z"}}},"_value":{"_current":{"value":"SUBT2_SN_CHD_DEV_4","provType":"MONITORING","date":"2018-03-12T10:59:25.017Z"}}},{"_index":{"path":"provision.device.communicationModules[].identifier","value":{"_current":{"value":"COMMS1_SN_CHD_DEV_4","provType":"MONITORING","date":"2018-03-12T10:59:24.797Z"}}},"_value":{"_current":{"value":"SUBT1_SN_CHD_DEV_4","provType":"MONITORING","date":"2018-03-12T10:59:24.906Z"}}}],"provision.device.communicationModules[].subscription.mobile.homeOperator":[{"_index":{"path":"provision.device.communicationModules[].identifier","value":{"_current":{"value":"COMMS2_SN_CHD_DEV_4","provType":"MONITORING","date":"2018-03-12T10:59:25.007Z"}}},"_value":{"_current":{"value":"Telefónica Móviles España, SAU","provType":"MONITORING","date":"2018-03-12T10:59:25.106Z"}}},{"_index":{"path":"provision.device.communicationModules[].identifier","value":{"_current":{"value":"COMMS1_SN_CHD_DEV_4","provType":"MONITORING","date":"2018-03-12T10:59:24.797Z"}}},"_value":{"_current":{"value":"Telefónica Móviles España, SAU","provType":"MONITORING","date":"2018-03-12T10:59:25.001Z"}}}],"provision.device.communicationModules[].subscription.mobile.imsi":[{"_index":{"path":"provision.device.communicationModules[].identifier","value":{"_current":{"value":"COMMS2_SN_CHD_DEV_4","provType":"MONITORING","date":"2018-03-12T10:59:25.007Z"}}},"_value":{"_current":{"value":"SUBT2_SN_CHD_DEV_4_IMSI","provType":"IDENTIFIER","date":"2018-03-12T10:59:25.101Z"}}},{"_index":{"path":"provision.device.communicationModules[].identifier","value":{"_current":{"value":"COMMS1_SN_CHD_DEV_4","provType":"MONITORING","date":"2018-03-12T10:59:24.797Z"}}},"_value":{"_current":{"value":"SUBT1_SN_CHD_DEV_4_IMSI","provType":"IDENTIFIER","date":"2018-03-12T10:59:24.916Z"}}}],"provision.device.communicationModules[].subscription.mobile.msisdn":[{"_index":{"path":"provision.device.communicationModules[].identifier","value":{"_current":{"value":"COMMS2_SN_CHD_DEV_4","provType":"MONITORING","date":"2018-03-12T10:59:25.007Z"}}},"_value":{"_current":{"value":"MSISDN_FAKE","provType":"MONITORING","date":"2018-03-12T10:59:25.105Z"}}},{"_index":{"path":"provision.device.communicationModules[].identifier","value":{"_current":{"value":"COMMS1_SN_CHD_DEV_4","provType":"MONITORING","date":"2018-03-12T10:59:24.797Z"}}},"_value":{"_current":{"value":"MSISDN_FAKE","provType":"MONITORING","date":"2018-03-12T10:59:24.998Z"}}}],"provision.device.communicationModules[].subscription.mobile.registeredOperator":[{"_index":{"path":"provision.device.communicationModules[].identifier","value":{"_current":{"value":"COMMS2_SN_CHD_DEV_4","provType":"MONITORING","date":"2018-03-12T10:59:25.007Z"}}},"_value":{"_current":{"value":"Telefónica Móviles España, SAU","provType":"MONITORING","date":"2018-03-12T10:59:25.103Z"}}},{"_index":{"path":"provision.device.communicationModules[].identifier","value":{"_current":{"value":"COMMS1_SN_CHD_DEV_4","provType":"MONITORING","date":"2018-03-12T10:59:24.797Z"}}},"_value":{"_current":{"value":"Telefónica Móviles España, SAU","provType":"MONITORING","date":"2018-03-12T10:59:24.918Z"}}}],"provision.device.communicationModules[].subscription.name":[{"_index":{"path":"provision.device.communicationModules[].identifier","value":{"_current":{"value":"COMMS2_SN_CHD_DEV_4","provType":"MONITORING","date":"2018-03-12T10:59:25.007Z"}}},"_value":{"_current":{"value":"SUBT2_SN_CHD_DEV_4 name","provType":"MONITORING","date":"2018-03-12T10:59:25.108Z"}}},{"_index":{"path":"provision.device.communicationModules[].identifier","value":{"_current":{"value":"COMMS1_SN_CHD_DEV_4","provType":"MONITORING","date":"2018-03-12T10:59:24.797Z"}}},"_value":{"_current":{"value":"SUBT1_SN_CHD_DEV_4 name","provType":"MONITORING","date":"2018-03-12T10:59:25.005Z"}}}],"provision.device.communicationModules[].subscription.specificType":[{"_index":{"path":"provision.device.communicationModules[].identifier","value":{"_current":{"value":"COMMS2_SN_CHD_DEV_4","provType":"MONITORING","date":"2018-03-12T10:59:25.007Z"}}},"_value":{"_current":{"value":"MOBILE","provType":"MONITORING","date":"2018-03-12T10:59:25.013Z"}}},{"_index":{"path":"provision.device.communicationModules[].identifier","value":{"_current":{"value":"COMMS1_SN_CHD_DEV_4","provType":"MONITORING","date":"2018-03-12T10:59:24.797Z"}}},"_value":{"_current":{"value":"MOBILE","provType":"MONITORING","date":"2018-03-12T10:59:24.903Z"}}}],"provision.device.description":{"_value":{"_current":{"value":"CHD_DEV_4 desc","provType":"MONITORING","date":"2018-03-12T10:59:25.305Z"}}},"provision.device.identifier":{"_value":{"_current":{"value":"CHD_DEV_4","provType":"MONITORING","date":"2018-03-12T10:59:25.315Z"}}},"provision.device.image":{"_value":{"_current":{"value":"data:image/jpeg;base64,/9j/4AAQSkZJRgABAQEASABIAAD/2wBDAAMCAgICAgMCAgIDAwMDBAYEBAQEBAgGBgUGCQgKCgkICQkKDA8MCgsOCwkJDRENDg8QEBEQCgwSExIQEw8QEBD/2wBDAQMDAwQDBAgEBAgQCwkLEBAQEBAQEBAQEBAQEBAQEBAQEBAQEBAQEBAQEBAQEBAQEBAQEBAQEBAQEBAQEBAQEBD/wgARCAGQAZADASIAAhEBAxEB/8QAHAABAAEFAQEAAAAAAAAAAAAAAAYCAwQFBwgB/8QAGQEBAQEBAQEAAAAAAAAAAAAAAAEEBQMG/9oADAMBAAIQAxAAAAH1SAAAAAAAAAAAAAAAAAAAAAAAAAAAAAAAAAAAAAAAAAAAAAAAAAAAAAAAAAAAAAAAAAAAAAAAAAAAAAAAAAAAAAAAAAAAAAAAAAAAAAAAAAAAAAAQUnTlnUwAAAAAAAAAAAAAAAAAAAAAAB499hcLPP8A7z8s+pwAAAAAAAAAAAAAAAAAAAAAABxjs/GCG+mfM3pkAAAAAAAAAAAAAAAAAAAAAAAcY7PxghvpnzN6ZAAAAAAAAAAILpuIQ096Pn0AAAAAAAAAAAcX7Rw8h/qDyh6vAAAAAAAAAAOFwzoENPTIAAAAAAAAAAAHBO9+eiC+v/GnssAAAAAAAAAA4xDZlDT0yAAAAAAAAAAAxcgq87+iPO5zz2X409lgAAAAAAAAAHGIbMYOeoAAAAAAAACOkio4tGTsUIs/DS5mrHQYFb+kQ9fefJedURmRFwAAAAAAAAHD4BNOdnr8AAAAAxjJc7gh2vm0KlxDL0/05sMeK2i/Y+gfQ+Wy79xfhmZun+nQJZxX6ejr3neVHXkRk5fAAAAAB565z0Pnh7LAAAWeQnYo7yvVkxjGNcN5fitJINPjgUFX3BpM3GtCtjWjM+4X0zWJUZCzUXftuouV2qi9ma+om0v45UeicrzrJjsiEykzQAAed+edD54eywACg1XmjsUFOMTKYRElX3kW5OhsS2Z9nVVl/wCY+MbDFs1D79+ipUPv36KlQqVCpUKlQqVCpUKlQvW6iRyvmX07xm8A3p2JBpWcF550Lnp7LAA0W9hxz+J7jTi5R9M+DSy2cJwZNgkU10u1hocuzryVb7mw7fLvMV49SVcH6cSyr5WPv2o+VqhUqFSo+Vfaj5V9rKaqvp8+tQbjTwLZFGv6zLU4bt+1Xl5Rn9RjR0rZeV+wHSAIXNI0cY11usrqVC9brOJ4tVmS9XifLdjYx7ho470W4cpdB1xD7/Tpscz7VgcrO4VYWeKlwpqyskwsjKrLN25WU11VlP1AjM18t6ERST7PKTVZu3xS7HoZzMkfPZTG1k3ZY9ITpgGv2GKeWYz6P42WNvzbKOj1x3eHE95o8PJi2+FizPNmiFMljWvZ9y8XJ06usdR5b1oh3NumcHKIbpcAnfoHyJ6tNzmXKyzYt0cnjZv3X53N5mwu67bd/wCipXYhp1aybWuhlvMyc1Me7qOZLPOUauRGhkt60cz6RqOhFOxw8w6WADH00h+HKuZendUePa/R/NDgX2QQ4233X5hd+qinKsZJ1XrHKOsEN4j27hxroROxyvvPLOunWbnEpeSrXynI5PGj1O9zsHP12bXV3/o9doc/pXt7XNzTEyRwKB4xTn7S6U3KPh9fai5MYVYOg67mPWTo/wBt3AAAC3rdsOfc29D4B4rg/ufnZ5dzptADYZWg251/rPJetkL4f3Hh5rqvn0v+ivN/oQmUBmtaed913aODL4x8XtVWu25ur8IgBJIxuNiWshSV0qj5V9zjHytTBTf6WV9YIn0rMyh9AAAAACnDzhEIB23FPIHP/ccFOQ9n5ptjM4j1HkJR9ouD0T539HpvqlYqfbLuBm2l88ZG7kUun3qs+vn0VLpbyrkeN/BLPQSCdclcgMDZ1gAAAAAAAAD5YyBHoV1W0eaeSe3IgeLc/uHKDD9L+TfRZ0arXbFPtfyuxh5uGvIJNo97L9fLh8rvVlWLqss0e9nkxI5Lsu4fPoAAAAAAAAAAAALdwamK9AoPPMK9Wxs89TLfQw6JteKSNOm4WDfrl0hjcnl+5ON8LNyZyki0s22WWb/0AAAAAAAAAAAAAAAAKahiavf/AAgsO7PjnnDXelomcAnuz6eQ2Z7PKMXMrAAAAAAAAAAAAAAAAAAAAAHyi4LFdwfPoAAAAAAAAf/EADMQAAAGAQIDBwMDBAMAAAAAAAABAgMEBQYHERIgQBATFCEzNTYwMVAiIzQVFiQyJWCA/9oACAEBAAEFAv8A2vkeWwMdFBn8C5lfkM677+54fe+LL7fj9UYcfwem0KPKvPyGqPs+l3vH5DVH2fS73j8hqj7Ppd7x0uR5bAx0UGfwLmV1OqPs+l3vHS51339zw+98WX26jVI9qbStW930uqMOP4PTaFHlXnU6sq4aTSNfFfdLqj7Ppd7x1OsSuGh0aXxZB0uqPs+l3vHU61Hw4/op55D0uqPs+l3vHU62fH9E/kHS6o+z6Xe8dMqVHQojJRDWz4/on8g6XVI9qbStW930alpQU7KqiEHr62tDdNaXI9nNjCNlbpDUwzyWi0dhSoeRdLqyrhpNI18V90Nhf1NYU3PX3h3V9cqi4/FhplWLaS5I8t+K5FymQgRsgr5AQ424XRaxK4aHRpfFkH1plnAgJn6gRkCTb5JcnDxd102qqurkv3SEE6+8+r6DMuSwcbJ5bYjZFBfDbzTxfX1qPhx/RTzyH6b0liMmdmtbHEvIshsw1jsqUqNjkZgjk1UISL19YccW6rl3IgbrZDxDY8QO+WO8dHG8ON4Mzpsc4uVTWxFyaA+Gn2Xi+prZ8f0T+QfQUpKCl38CMJeSWb5/0+RYON19XEH9ThMBy6lqDkh57lUtCQclI45Ch3bpju2SG8ch3yCHiFDv1jvXB3ix3ix3ix3ix3qw1NkMnGyiY0IuTwXgzKjvl9HWz4/on8g5nnm47SNRqyxXIs5kobmCVsDfdMuVS0oBydxwvrHAwgeIQkG+4Y3Uf123nWji5FPYEbKIrgZmRpBc2tnx/RP5BzWDzRtZBp5WLUdhlGOHXZPV2IIyPlW8hsd4+6O6bSDkJSFOrV0yFrQca9nxxGydlYYmRpJdutnx/RP5ByrUSEyZRmcmWtS0yCUVjh9LZhcLLMbOuzKDINMuMtK58NseNS+CciNhUviG+/VoWtBsX82KImVRXwzOiyBrZ8f0T+QctxJ8PElu/oPzMEoyCJJkLmprrE/6LHSTlXGQFsIbCuJI8VJSG7eyaDWTW7QYzR8hHy2sdJiVGkp6WXbwYQfyOY+fg7OebNRJjhqfaxTkzWb2LiNRWYxaMWMORy5Me0SSrdPITBLOSg/EqhpUF1CFB2jfDkCW0DIy5G3nWVQcqsoorMjgWAL6mw4THCobH2TrWJAJ+0s7Q4GNOunCxtpsM1sdsigtLCaSMoHWwIyZ1hEbTIyRht7EpUp7kyo9oLp7p5EHsJjn+Z3w70E6OMjDkZh8n6VJh+HIj8iGXViqyGfVqiymJjXMTajBMgmkgkkNhsNgeySnW5rOJjpTFwscjMEiGlsEgw2wZhLaWymXjLRXGTNsOWq5ckY/WoiNYp/L7chY8RVFJTsSiPlm/wAwm1nyEowTg4ScD1D4g/7anoVDxYzEXHmGhLpq2QwTkzFp0OWzOY7CSZhLIJBENhsNhsNhsFrQ0iXMfsnKujJIYjIaIiCGjMJZISJbEYry8XHbORcXQebg49DpYL1jMXHSxFxT+X2yT/Re18qBJZsjI2JyFhLiVdsvymtLQ4U8myCIr6yNCkH2MH+5UElYZiRlNWMZpgSromzlZAJtr4lOK3CoE0ghkEnYKUhtKHnXh/nDvloCTSothsDMklLku2b9VUJbJtskklBmEMhx1mOmbbfplZKqYqNUGayIW/HOsqCEllub6GK/y+15HEVnWd8VpjZ8TkaXENixUkR7BKg26lQm/wAzsiymHEWbkdTfYx6lOIx/t3J+VsymSqXGfjrBHseOySn1Ow2Bd3xOSX3jSkwk1EGPJ7YbC2lKdXT1ZJJtrhJDI4UNlJtCSLTJY7LhRrO0NlhphBIGxBFeXiYMc0osEmljFf5fItolCRXIcE7H0OCxxjYPQZcQ2LBbZvSCVJJRGC7duxj1KcR/TuvtMP8AdcaQ8idXrjGMBsYqIJeY2EiI5uhbe5GgG82RxIjjJ7CY/wCGj1MFT7saJwJQ0RCROZji2vmIyXJ1xcqhVsSCRJMxuSR9+xpXAqBIjqFwlPg8YcLxpHvzKbJQfgoWJtE24LHGBY4xIZUtD8ZSHwlZHyMepTiP6d19pvqgyJRWFWbYoNOo17jLxZpiKqnNKqwCFJWSiQ4PCV4bNLJfcbCW0ubKrK1MZt15mMmdb7IlZFKnLj1DSXSLcbJSDMz7NuwyMg682wkrJ+xXQxERUI+3OaCMPQ0LEykbcFli6FlY4m40bzEqIaHwlwj7GP8AemEf07r7TfV7CMYo4TVAbhLFzg1BdB6hzPFFVWfQZCmH2JLew2GxivgtRkyLTYrTJmmXTr5VmtCENp4dhvyNtLcPdiOLG9QhTFdOtXaqiJoo0YmyLy+kaSMOxULEunbcKxxlKys8RNByIUyEaHxGdI10xiP6d1/rN9Xtxv2YEEuGQtsZo70pGC5HQLg567Dcg2UCyaLyFvfRq9t561vCiQo8Jsi3G+3IRGoyZQ0J9szGbclWFsqpxokiDUoaJthKC+qaSMOR0qEqpbcFhjaFi0w8t11s2C5RyBEeI27kyNM31e3Hi2p+QlGQn1tbatXWFpqnqmzzKS3CqmYp/ceRD79m3YhgzJclthMu7W6qBQvy3a2iQ2TENDZEki6HbcLYSoSaxtwT8dQsP0j8JcS1Q2LaTumU+Rukoj7aIv8AiOV0+Fu6dWtxtPAjlQ2pw/2mROt22j8NPtV1eOpQIlahokNknpdgppKhIrkOCdj6HBPx95BWVLOZWTq0GiQRglkYpPaeWX6MlHHP7dgRGYJpKBJmoaQt6ZOOvx/zhVCGw1HSgiLbqVNkYfgoWJtE24LfEW3im41LiBK3Urp7MmojMttwEZHyS/Rf/TOGxn2IaMwbyGyXLceVGplurh1CSDENKAlBF1poIw9DQsTKRtwWGLoM3a6ZENiyeYOHdkYYnNuBKiPsmei952ASk1H+20H5fmzVyZZxKpKCjwUpCGiT+BNJGHYqViVUNuCZjqFCRjzrZ8U+CcO8EexacEtxJsKPexLYLeS2liJMniFTMxwzCIg2wSQRbfhDIjC2EqDsBCg9VIMTMUjuiRWW9YHLxRN10k5Nk33slcHHkINuMQQwRAkkX4k0EYUwRhUYhZ4rV2aYGAohSo0BmMhLQJH43YcI4ASf+i//xAAkEQABAwIGAgMAAAAAAAAAAAABAgMEABEFBhMhIjESQCBwgP/aAAgBAwEBPwH9KEgd+zLhiUBvan1vYcwkNjyqHIVJa1FC3znYuiKrTSLmhmNYPJFRJSJjQdR683B25StRJsaRlvfmumGERmw2319Qf//EACMRAAICAQMEAwEAAAAAAAAAAAECAwQABRESISIxQAYgcID/2gAIAQIBAT8B/pQkDz7NqqLIHXbJ3loQqIxyypObEXNht97mqpWbgo3ODX3B7lyrZW3GJU9e5pKWW5qdjifH+ve+QQpXQRp4/IP/xABIEAABAgMDBwcJBgQEBwAAAAABAAIDBBESITEQEyJBUXTCICMyQFJhcQUUMDNCYoGhsVByc5HB0QYkY4IVQ2ThNDVTYICSk//aAAgBAQAGPwL/AM12w4rHRo77xDadXehJRpd0rFf0KuqHfH7Rm873Wfu0UHMeszjbPjX7RlZ8Q+fzuate7QlPiR4doy8HOM7nVH2jK7zwlTW7cQ+0ZXeeEqa3biH2jK7zwlTW7cQ6s2HFY6NHfeIbTq70JKNLulYr+hV1Q749ald54SprduIdWm873Wfu0UHMeszjbPjXrUrvPCVNj/S8Q6tKz4h8/nc1a92hKfEjw7Rl4OcZ3OqOtSu88JU5uvG3q0rvPCVNbtxDrUpvXA5Tu6cberSu88JU1u3EOtSW98DlPbnxt6tK7zwlTW7cQ61Jb5wOU7ufG3q0rvPCVNbtxDq9h8dgdsqqg1ySW+cDlO7nxt6tK7zwlTY/0vEOqWnuAHeizP52J2Yd6pAYZeF3YogvJOs1XNx3KkzCDu8KWg+TGF8WFMZxzO6yVPNmYDoZ801j329Wld54SpzdeNvUv5qcYD2ReUYfkmS/vifsqzk1ELT7OAWdmXAeKzMk2y3tcnOwX2XYVVJhger32D3qsN4d4dTlN64HKd3Tjb6e3NzTIfiUYfkyWdHd2jcFZfGMJh9mHcrcap8VajuaFYkYVPeKtRYhcfQ1hRXBUjARAqPObPerUKIHeHUJLe+Byntz42+ktx4zGD3irEo10y/3cEWQP5aGexis5Mve87XFWotAqNo8+6rMu0Qh81aiPLj38q8rpLWrmFXQivVr1a9WqwiWqkeFbCpErDPeqwojXeB9LJb5wOU7ufG30NpxoFc4xXbGKzKtZBbtOKtzUy6KfFc7FbXuX8vLV8VRllngFzkVzvjyb3LRBK0WUWnFWk+qubVXQ10RkxXSXSXSWOSsN5CpFFsKkWsMqsKK13x9FJb5wOU7ufG3lvjxnWWMFpx2BPheSogdZ1uuK5yMaZMKqzbu2DlaRoqQ2Fy0n2VpGpWgxbFefT1hxC1Ue7ODvVI7CwqsKM08uS3zgcp3c+NvLdLPAdbFHA7EZnyLGMnGxs10f9lY8pSxmIA9sfug0Rs3E7L7ldybytAWRtVqK6p71SG1Xnq1WOIVM5bHeqTEOz3hVgxWnkSW+cDlO7nxt5RedQqnRCcVirMQAg7UYkFvmsXtQ8PyVqE7z2WGy+5ZqcaZaJ72CtNjsIPetKYZ+a0IzGt8VXOtJ8VoEBXnrdWOIWnFq33lzgp3tNVzUZpUlvnA5Tu58beVSnrNHk3ouiy4D+224ojzmKKE6166J+a0Y7/zV0Z35rRmYn/sVoTsX8168P8AvBfzEq133Sudtwj3hW4EZrx3Hq3OxgXdlt5VmRl7A2lVmYr3dytQnOae5aWmmyPlaXe+G02gHaio3lCAYliPBzVk6rwf0XNxh8eTCP8AU/TlxmVuER31XrHL1zh8FVkVrlpQT8FeORahRHMPcVSK4Rm+9igy3movZd6bArArDJzr6v1NGKzcEZqH3K1EBK0mroBdBVMNWntY0d6LIDG07RXm0jWYj9liiw5lxqGh1Ca0PIhn+p+nLj/iO+vIvWlDa5VgPp3Fc4z48jQaUIE61z4PvYhCNLvDmn0F5WCw5FTcjAkhU63rOx4dSdaFGrRAWGSrrkWSwtO26lZiPfHjOwYy9N/xCM6Hb6MtDN/9yzrYQbVTP4bfryIwA0mi0FQ8qP8AiO+qqGHk3qgv7lWCwsd8lSLDNNq0mrSARgx2DuOxUa/OSzz8k2YgOq12W5aSuHLMSIaALMwKiF9UHParhyKYu2IxJ2MGQtQC/lB5pLf9R3SPgjFay3Hdg517nFGZmDacTVUaFM/ht+vIIOtRHwmWoJNRTUqFYrHLGP8AVd9VVpQI6StNhkhUe2hyhAPaCr4LSi6Xu91FpNCrnIsfeEJaI7mIxp4HJpK5WnuAHeqyspFiDtdEfNf8Iz/7Bc/Lvh9+IVWmoy2nXALNQqiEPmgS1UAy1iOoiQ/NsGtOlvIrM9EwMU9Bq858pxzNxsRXot8ArlY9iFcFWi+Kmfw2/Xkm5FzW0KvBIVCrysVH/Ed9coFoAgYFANILu7KEMhRDjR2pwVIt/fqyVCgTJvdZo7xyvmY7M5YdZhMOHiVzkQ5MVYb7V9MvmUE/fQcWqgGS04gBWZf80YLXmYmThDZerflmLZhaoEP9ShDgw2saNQCq80Vyc6mJqqAK/apj8Nv15XRR0ES1qwJCo5RTtefQDIclh7agq2zSh/TI+Tix2tiW6taTqy52ALW1qo42TsNy6QVkG044NbeUZmaFl7hZhw+yNpyOia8As468m9AUyUbpOWcnZgNGpqsw2mSlO0fWO/ZcxD0ji83uK7lo/nlqRVUtgeKLmkYhTAB9hvoOiugiQxF8Gu2hVmMwt5QQyHLQhGPLjR1jYpbynCnHy848uNcWm+5UnIJmpYe0NIIQ4rsxFOpytMcCO5UjQYcT7zV/y6D81SXhQ4X3G0V+Rsuzosx8ULr1V5+CLnPEKGMb0ZfyJBtDXMPuaP3Xnc48zMz236vBUCvvKvyX5LwrcR4aAsxKlwha3LQbecTt9FguijzdUXQKt7tSpGhkd/ICGQ8mXhsuAr9VR4qCjEEHzWMf8yFd8kYvk6KZ6VGoX/JZjynDdKRcNLBCLAite04EHLcs9FpU31VmAKe8V5vKMdNzJ9lurxQmPLMa1sgN6A/dBjGhoGAC0lQXDLctEfFXc4/5BZuFz0bYNSESccSNTRgho+lwXRR0EXQQWH5LnYZptGQIZDyZfw5B8+k25w/5jbnJ0z/DHlIxoeOadj+xXmf8SeT4kvEF1sN/RZ6SmYcVvulVVuZi1Psw24laZdIyvZHTd+yzcvDsjWdZWwLR/PkUCrHP9oXOPDG6mjWrEAGDB+ZQJYhorD0+C6KOgi6G2we5abKt2hDIUeRLfd5Wa8oycOM33hejN/w75SiQHj2C79U+Umwxgp69wv8A91nYj3R45xiRLyrltV+S/JaebLVzeiNbijC8nttu1vOCz80S9x2oaKw6nguijoLOQB8FmpkGE7vwVQa8mV/D5RKsA4mia3YOVohdt3yVmuciamhc+S1nYCGguj1fBdFHQREMmmxF7W2grLwQe/LK/hjlFQx72W7LWMfgtJwYzYrEu0w4fa1lVLanaUNFYdb6KOijWHftCJhEupqWbLTawooMBx6DQFjySof3sl+S064bVzd3vFWJVtt3a1LOTBMR3yXRWHX8F0VbbDv20WjUhUfUK8rHKVDHvZKBdpys3vfqaFamjZb2AgGsoFh9h4LoroKsElq5xhptVHFYq4qH4q9Y2QubbmoXaOJWi2rtbjisFh9jYLBdFF0KsJ+1uCtWDFhj2mKy4pt+FSs1Jw847bqCEWcOdibNQWH2ZgsFz0Cy7tsuKdEM1bhHVrQhwYYaP+9//8QALBABAAIBAwIGAgMBAQADAAAAAQARITFBUWFxECBAgZGhscEwUPDR4WCA8f/aAAgBAQABPyH/AO65oBUwrktpg0FXdxgZ/sdx65+hU3/tOuKpel61/YDCCsOrhH3IGpi3Siv7f7H6yf3n9j/WT+8/sf6yf3nps0AqYVyW0waCru4wM+q+sn956b3Hrn6FTf8AtOuKpel616m4dE+7D02MIKw6uEfcgamLdKK/t9VZ+mdM6/TH1k/vPVdt6YUJd/pj6yf3nqu1dMGoeXpj6yf3nqv66H33pj6yf3np/rcIblcQdx8ProffemLh0T7sPSbcC1VUfoljmd4vcdtU7wsx5DcVEgbXiVpTsMOEFGuP+Ul/aTS9MWfpnTOv0JdZYo6hfoI+scSPBbD9Mr6zLCHbjXL2muXxLMjLAqcGtcSmObphlIM+01qTyv0dt6YUJd/84rBHc+IxsM138ziBqpUM2jqu2Caxs6vtKlOh/BO+tH+DTSCqLwyr5YdZWK+FK6Lq9BaumDUPL+Qaie4kdfY5bvEqGgBo7y7p6qWFEI5xCcJ2FwN5J1hYgbq/M6YO7NWMdi3tKOvlkF2k9NDgS9S6Mp+rt5Rs/jiAyj/KfXQ++/hFIy1VgKd8H3GS31I6kxdwh4vG2TEFIzfGDtL7kavvHlaLE0bs2p3zinaf9un/ACibSnAEt4PbwvXTqocqE50PiXiPRleTrayk7oyShc6fxProffecCiunQNWPiHVNnUHaPN9bDFNVl+6LrmZkHaE6vlCsYsWjmbOHBNb35jgfqmiJ2R1qypUCBAgQIECBAgQIELMjhlJRdpqeYjJDlp2vPn+uh995wgvUVltmA3rQJv03jSLXWx2fuGBN1kAtCeXmvg1j8j2s+yZDIODeDxqVKgQIECBAgQIECBAgQIECW4vRlIqG2crkKAG67XnyfXQ++8xomsplVNY5p1Ny9gWMuCXPI6xeF1KvZqQdoq83fb3gzTwhhFn4K5mg5lW2Zt18LNIRzeYp3YyvCpUCBAgQIECBAgQIECBAgQJUDyW6pwwCxLZwoB7AhY2m10z6aH33mLjWefEpVMVj4aWwuoX59n/9IY96rRhSZzS3jSvUXL+ehoX2hoQ73/MvBucLGaE5omfOBcfUNrkCBAgQIECBAgQIECBKgSoHkxUACr3hswFnlj4gfVZJBphOSma7HPFdWPZYVNYZN0uCTLdlTLHJ5P8AWdURfEJUyM1mZYIV3TVwuaD8xA2M+5eKQ3yiNIPXyFjjeqKm8Z+yFoU1evh3lEsgQIECBAgQIECBBcMP/Gh/5Uq3So30TdqXhttrfeAnDzABCAg+CYavxEKbKRhvGzYEypVFrR+92ji1vmLU8nSQ/lBevAgQJZuUv/u0FCdwahpnxK57RmW1nBDLXDJ5GolWZ5U9GAdexIECBAgQL0m2V3h/8IXlB6GEkEWjgMqzbDlH4mQLWrWJFDCaitVhNUJbYBqsp2eL6IMY9Zy+0f3KqKcqOKQ1qf5HLyMDPwrX6jLE0ZhAgQJ/n8odYnaaa+Au0BLcZQw7LdL5D6ZTGItAYZQPzQQYka7Oo+SXSVlu/wCjCrm+HiBAjNC5uKbQQkgggggkJ7VlOhtde6EZCDQScJNghNSJAnGm8MS1jIKuoYeiEGxPnjG5WRYbqUk/yOXkKksFJGaIrqHDL2/MEBgjEECUWLBPvAoq44i1W+tcSzuaMu04k8WIBd4CV4lNElTymr/UrwGozUjrao4/Kj7bBekRz8IQoVGRnqqE9S59sAcvbzza9/pZCZE3IQQ3QBaszKPB+UzNoOg2Sb6ShDo3Y4KNa2sRPPWU77wTbsMAFCiHVXFdd5oJYafZP8jl5LUj8hLJ+QmPo3I4KkoyFOkf4/KaZGbxEVYtW0vVfDw8o0+HhTkJDJoOh1eCElJkY41trowwkhs8tjqalvECngvEdAavKiFVaNMQggmytx+JmLQwgZ1Jg0N2XdCmr0mCE2YvrxF5brdRX3TQzhSIIYHjdlKt88sdmvCKCmmyf5nLyJcGyQJsQqg+Iqo3kmHgS0SJzLk6n7ZvnlKZpQz+Lweb3jQ22iwFN/28Atp1O+iAFkIttSste5LWs65RCH7YY2IFnsS6bti1Nep0hBcQp5ZXlTZYRkC2wTHxmkY7DLl7G8ZOT0HoQj5XNPVmd05MNPt5RVWtspglQTVEdsJdg4mHIOt8soX5UGHaQdsQxofENwT2iHWVULs7qYgOrNwgw8QZ/F4fV7wYoAjqMPsNe/8A+JswuAC0aneC0fv1d9T3i+mzTL6MMPGRUDpvSX5hddv+dZSKutC+dZlWrhAerAEkYZlMd7DViDfWmmJsRz4ji5na5TtbRVRcPoLaaq9vA7HSXijBNQCJd8SzPEsu/Yhm7d9Yv52sP0g7ZhDj8Q1SHZJYiciKHQ9k5WbhBHxyMO0Mxn38Bh1TAUMKG2UvCYiJYzdAVOTy6GcpBBh1edOIMsi3L3294Qh7thIQRdjVESDIUJiAg63T9+5tKqQbXXdgwxUCggMnXTeLqjoHgC9DmFH7Svd5aRPoDdgvyGDTiyIL0WaO66Q2BBSv4tsgjZijGY5o9J0QQPwiEoesTnZmaE4s/H4XV7yvAlw+r8wIkmoTBTMHW9zX3l1C5VPgr/hLfvsqscrruYhBa3tTuakyHCWHPyE4CFr43dj6sUQamonK7xRfuMBpe7WdWGcBcoNcsowr0get21mIqX1UWWzfa/UzTLlXVmCkIBABp/LsEHbEBcITQ/ECm5Tj4l3YmTGbAudpnGfa8anzv9wIECE3yI2Y6Ls6kyZ9vHsD8MwNwPmCsQ61274OICqFwNfP6iqtTSex0nQ0nf02N8Q6qN1bGif9gDL69B2lmH4hCjNp9CnVCciCOEJoPiJaFbjDCNi71feAoQmoxBmbxDwq7aBAgeATthLS9JDN2jwvFGDjwLdPmFGnzK57kOmfwlyODCFjpo+8CuSukCYQfBNPSIdYZkQJsQqg+ILT8EfPvhrK2FqCprDCdZWm5BA8AhFUbaMVfjwqXbQthyyxCgtgftTqxQktBqy3Bbj4IQGJlyLDMHxDwQGj1CDD9IO2IZQ/Ew4bNQlZzuGZU/tkM3Cz2rACjALGBAgQwVo6JoXDgDiHAQWzroyCU1gxfvLRD3XHR2JWrB5RgOnrT9IO2YA4xiE95MRAgf3SUZMMowPD4rIpqU5uH+KiYOQjCK2f3w4gbBBSQsEANP6DZIE2YI4y0ofEQNONoaFe3JCxCKYx8w1Po36hWqiMLH5Y3m3D+AhZnOQpUXAUD/SNkmoCXuMvSqPSVZ2X6Ebe8B8kstHhm24pMrdz8hm4VCMQBUJtM2z+oQZsniQkwLxnk4JSq8XC5/g1hm0I2lV/WIYmV4gm0AP/AIJ//9oADAMBAAIAAwAAABDzzzzzzzzzzzzzzzzzzzzzzzzzzzzzzzzzzzzzzzzzzzzzzzzzzzzzzzzzzzzzzzzzzzzzzzzzzzzzzzzzzzzzzzzzzzzzzzzzzzzzzzzzzzzzzzzzzzzzzzzzzzzzzzzzzzzzzziTzzzzzzzzzzzzzzzzzzzzzzzxTzzzzzzzzzzzzzzzzzzzzzzzxTzzzzzzzzzzzTzzzzzzzzzzzzzzzzzzzzzzwjzzzzzzzzzzzyxzzzzzzzzzzyjzzzzzzzzzzzyhTzzzzzzzzzyzzzzzzzzzTRDDTzjzzzzzzzzzDzzzzzzjDSTQhCyRBjDzzzzzzDzzzQChRgCRDiSzBDCCBDzTzwDzzxwTTCjRxSBTzzzzzwARTTAjzyzgTwQBRywQhCAADDizji8AwzyzTChjTDTTyAQhTRwwQRmFEQzyhigTE5yTjCzjRGItTyGxDxSjyzyDxxTDAARTwznyKyQAzghCRTzyxjQDjSixhxe8zgTARiAQwRzzzzzxxQBAzS1tVRCAAgRjBTzzzzzzzzyzihjAqlyQAgCSBzzzzzzzzzzzzwyCTzuxyBhxzzzzzzzzzzzzzzzzzyxxjQwRzzzzzzzzzzzzzzzzzzzzxyzzzzzzzzzz/8QAJREAAQMDAgYDAAAAAAAAAAAAAQARITFAQVFhECAwUICBkaHB/9oACAEDAQE/EPIt+iFcmuayQ9j4UYa7kvGkDHuEBuZhv0bc5Sy66BQcI2JURYODgiotytx1yCqt8bCfsoeTBalUT25VOAuRcMm77//EACMRAAEDAwQCAwAAAAAAAAAAAAEAESExQFEwQVBhgaEggMH/2gAIAQIBAT8Q+xbaMqTWD6NdAefShiHcl4xA28wgZ6x+jr5mDZrgKBJHRUFAOx2ItyZ5VwVVujoT7QWWDkKJs24QCNw6J53/xAAtEAEAAgEEAQIFBQEAAwEAAAABABEhMUFRYXGBkRAgQKHBMLHR4fBQYHDxgP/aAAgBAQABPxD/APa9/wAfZ0Lt1dsK8Rp70cDdg4CZ/wCjxHv1bL1rPcUfAa7qeDl+a/6Bzc4RXaKGnbM1NfHpGu6FXD/6s8+fPnz5v+Ps6F26u2FeI096OBuwcBM/V+WV/TTxHv1bL1rPcUfAa7qeDl+a+pJaSZjov02c3OEV2ihp2zNTXx6RruhVw/VZz1KeR7p/+iefOR9SgufB6/6P58qDqmTcG1/8J/z5fv8Ayyv6eSzpoZ7IIPVgkfU+pfvyWkmY6L9JhB6xQerDxdAF8MCMExwlMva2ekeEeRputhV8q7aeGG4qDpkwbFsIsmzFVznsC6Y7/TZz1KeR7p/oRAUANViwFwFd4yV6y7B4yL7B+WGUpqwOKYg8W2Iz43YdKi9Qv2eYql1VtXea5dJV5Y1sD1L5RfgVxs8WGOojccpYIRrqDgfJBJSsRw9Po8j6lBc+D1+v7EPjt4GZXdFF9hqiBIuQy2Uyx+88onq5jFMWU+hqY9LmKl/45jBSb1g8GhA3Z50lXA5+IXC1lTHJ6ulr2hJt1CveQZragu3mEkfcX6BQdUybg2v6n5orJH7w5AsK19mQGUUUWuXv4qGXnaC94DILVg+8scHVTLt0iBzgOh50IkTrWKdGsD4hUzHhwmEX4zBP2MHpgh98G/4h+UXBP7/5g2/3P5hEU56ipg4aJTzMRHWWW8zLGYQft9O/flBm6YIOVWBGXaomOchVX5cEUm5G16QwRAAU4p7DSGX4mAvZVsMF+mYerHt+2avbSZXqdE0wawPeC5/hc+0u+PiiaAd31feOWo3P9I5KLfn7Q1ovV+8AUatLoimkerHRPiizh4CH9IQfX7c/+Ahs/sIfVXmBYRu5DSfhvo8wEz9UZPMGr3Fft9E/fsA3mgbTwERX0oqtbktmKiQowA4iFqe2YKZpWntLuGbGp8BFVUtdVi38NZ4lRt25YPcgKI5qHyy92TI+xAPeJSYszpHL82wg/VAAAAOCixclf2BqNeZdzMLZJRhl0J7Jrk/Wfv0klNKVIOtm0Zwh8NeV6nCnUCLCiJrgQsc42w485csxouHLswU8aI38Fv4l0TtzKYUW8omtKZXA+kolxopR7S3FF0EC4HtCCD9EAAHR+gAAHDXIsVP9oLZgC/och7Tbmsk9uv6b9+jAMDwFx0u8dOCCtQ8x0RKOB2Os0hMAC1WmMu5TFmVzoDLa9/MHckMZ7ujwIUhrVCe8ucksGfAuWrB30HvKBU0VD0XMjqAVFzW1VuEBCD9MAAAdHzgAEIwAIECGtDSxUJh+qFAdsWVLVfsU1jFnQz7DGLjZrnz7+pLUVq0KvsMre3HdbthiPC8shZUdOa0LXdTHquMCiZBYRwYcEbqroQfZrnMWaLd1/uJhbeGh/eYsg0pfmXeYKpPzQ8AV6Z4qpgWRlu98I/vBmRg/clocjxs1L2TZgHT5QDo+B0fOAAfAEKwAKIECssDTMUQTrGnrCAI0H64aENzOph9GJTrzdnmoaF8ylZwkDIG1KZNvQ03jRIFavZtldxEaV4h7wAII6J8jiNYERa7x8A+AYSgXWmJqcNiRK9ISomqzooB6ShZW5s/ptN2ABr5xOmJCn5HAFYxX6S2gcHA6EH0OEs+xFEoiWJ8Do/SAAAfo3pF6N6p0rylDJeRgtyCxZyrG18esW4E56u9UUydrdWX+ZW0VCSBh0PEHrFyRyXbQCCUgQAnR+ZuKKAHnRHbKct4yEB4KPkBq/s42suyBvBKJyQTBvGzmWkjaI6kMSwNxph9E94P9xreDVAfG/tGVsjrngZWw6/yvxBWgtYLtt4QSGqUC1pLW7DicR0RdJs/MADqgr1KPSjUK9CpS/ebmmHwQuJ1ToiCZqFAQ27Ky1f7vCKs1lntjwSppLhVauCmBF/ojIrEh7tFBHA2KFJycxDyNWWhTQg4rXpZDodGYuDpRm33q/LAyi37VOf7kqV4yzMm+sI5uWfAzEFhK4CCjbiKQImo/A7lFdWMAQ96+8MR7gjf4Y9tw1ezs29IFp6lnxMt8b4QR6uSBfVDK2icxmUgYcmaLwQZamxzRlcJOj4FgKmn6EhYB6MwuJ1zpnXOmdMsk0bAR3TSqzt/hLrmC2Sl8GxHaJIl4QwrYacGHunviClS6UtjlYjX68l9nG7GXOkChqosDVqajbT76HBAiEOCBLPkBhV1BhEpJnxcWhujqBHiOTBgAbe4aSblUsZmIrJnHIYI17TcX0SUy9C9di9wMMLoqzq41JNaT8DqZk3IchxvVNeYhEfeGrJUNPq/EdE1MBIrXm0Z4zVzTsxJwOgJgeLaGYOq9K3lBiP8AMwYEdQAy3SBOG2hXsYs7LgQMdn2QYckoH7tawk4WJYzrm7UR6JbAEJPQw38vxAvYDkgoiuCOhnAKi0tKwZ8BHrOEpGqu0A3FCRWLd44IHE3Gi8Pg8uYCIGACggQoBslZXmGiEDNQcDT935cGCNSAZejtMtyWmo3EHQbj8wcjDwLeWAhNxCwyhVYHkagqFy3vBZYIITUWgmOd4UQ3Lks3eXbFf/YZyQnE3J+KAGYz40g5hbNYjJ0m5EC5Nq/wvXwSMsBqJoymYztv4y/WdU64sKGT93RgviBExQaArYMVEBRvjiUtqOFsqIgYsBhtQ2nROiBGFHdu384GjQ5IYIoqUrAU1CLRC9Hg8PEYl63T4sHtiUJcnCAyujEJk1DF6EN3HTV4iVcA+RnKmVa3BWiDSLan88ZX8gAKSJgW4HIvqJSLuGKFaBTHSp8N1DKspMIy/wAmaA4Ep6yrYEo5MPMA1zKonMq9k0IaVcMwLyhigpRp2cMVsC0M9f5fARcwkgWh2uvWEHEdEnXFa/q6/PI9S0PFO+WMudl64VNGvkm8FjAnUqqXi4GAGydEtmesnSDqqUtVbWEmKC8QgAAascuDRsPLB/jfl2ByppS4KfZhN3MGSGVLDVXLCKUWuIP5mC6v08EeOTVWCFhjS4OXcN/SUXJVaUCGuDvGyiQHR/uhD8rUCLBLe0NEX1FdF3D9MWiUZXfMairbTtKpU1eR4dJVENHEJ0fgIB8hG0Z0lKm8D2mOn7Tah9noFiR2p4Oe05/ZCqCmUusKTBg+kq6mec1rlrGFEX7Tt2oyaOO6hXkB6JyJBYJgpR933hLVXeSvtjFAOq2DvU94jGJyq2s6ImnLoYV/BGsmLVKkVdx6EcUAFg5Zmd6ao3zLXjEMGm6SNzTPG8LLXBMnUNjj5d4+OA0GA8E0hmX03P8AEW0ug3ioMpZZVkEXltaBGUiX/bmDRiHJbtmDfHzoCkjARnmAWZ1F8dYu7VYUZW6lbCvyRarKoK/XaE0fch40zDLEn3UH7JrRGhOzKrzdDXEqZgARKRMJAMJR0BSiUm1TgOyOGBZl0Fn/ACKj0EvOB3FUGtghdWECtNBgPZAEFFYlzwmpOiBxAKFIxMlUl5ljgh4OiIkZK4fOiYhm41wBja84gOzFgGgBDLB1Dq/iKrvePLvA50gNlcjSJKOd3r/UtVQ4A8sY4VnWvzD/AH8oNMBHCEWR6O75jUiggdOCCA/RQdSDtjMJEX1M2l9QMDDY3GWr2tWLzs9Imemg+ruespo+7DpGpvD+hNCo+0Yb8qHCBWYkmvFL+7m5G8NTFK4524DUlDxNixCGC0pDUeXLtBdBht6Lym7ZHpAEvdDkdhjIQ4ARXnSLjhTOOHlj4MhS6poeNYG10DyCsp7l8p/irmYLN6jxxMrYq8wKyHEMrxtj+YfWsAIdva0X5OIuFlJ9LGVli+0jHlbJegqitOV3mHJA2gAAOobQ/VApg0dfUstl6lpC7i4X11DzognQ+Vovc1JQeKGjBgBozOjlAqBvCKImv3l8kFjRjwWlV+Ak7p2nDHq4EZjOpIoYEgkIDZndhmd4qZeaWQ9XB6JdMjXg8sylB9v8y3B4lmrXYgktPRr/AFLxRXAlaRZca+CHdPyS3i9I8RkBV6d0fA1svQNCK4kCCYiHEEAGPoSsI8ED1LPS+oluu4yky2xAACFM6dbfWWmCFgTpgOnVgoglHMepXA3fu/IAGxKpm+qUyeDC91qaJQvoVAvUxLNI2RpADLBlFHL8EGjy6rWWbpusB5Yjs3JdX8xwp4z6fBgI/YMpKdt4xAUogzArqGQSoAKCvpC6EdCLlnC+pdQu4QR7wV9m0LklQUTxvHSTpRHoyoBmCCY5b4oBsSqCIo3GPewbfa/xAvLCBYBa1oeWANs+0QG5dAIHrLld+TiByDL93dmiV7gXTaNHfVl2sakqqDBldQah9RqBEwluWIL6iMq7gmULTV4ma+fFdG+dGEBPNDoqanpRuGYvXnuVpN/GLPE9oqUiy/cEilwXxELbwHL5YAAAGxKaD1w34hMgc704izw1fv5XeOhLcoaXitoNArqBgGJpg+rQSkjARnmATL6jeMt7QzEugKesYqjgrMKKrUDBD/Vmdk9wUmj3CqxFS9RGaD+DCDC06uxBqUe29+ZQW1otvsaRVmRRqd/xBq6BQjYgrqGgSoBQ+vQdSFojMPEX1Fmy+oRdQCi5EKpbXvovq8RH3lhNme4Tlsd4Qi37oi2cOC1jkb1Lz5cwipsKAS4G47PlgCD2gKhjqBUB/wAQSmAUVfUK3XUEYAiNhiCiyDJ70+1RUtNBYbOqfePCKxwIxHbJV6Af3NWloPfgww6RqdG8NJiAFBCjGAEaYP8Aj6oQpwm1Iq6HtNMX1AvdYfUmpTg+y0U7wI41RD2XeUCwWXANB/zNSIzYjZGwCCYP/BP/2Q==","provType":"MONITORING","date":"2018-03-12T10:59:25.302Z"}}},"provision.device.location":{"_value":{"_current":{"value":{"position":{"type":"Point","coordinates":[40.22611192102566,5.162197233730281]},"postal":"28033","source":"GPS"},"provType":"MONITORING","date":"2018-03-12T10:59:25.217Z"}}},"provision.device.model":{"_value":{"_current":{"value":{"name":"OpenGate","version":"1.0","manufacturer":"OpenGate"},"provType":"MONITORING","date":"2018-03-12T10:59:25.32Z"}}},"provision.device.name":{"_value":{"_current":{"value":"CHD_DEV_4 name","provType":"MONITORING","date":"2018-03-12T10:59:25.316Z"}}},"provision.device.specificType":{"_value":{"_current":{"value":"CONCENTRATOR","provType":"MONITORING","date":"2018-03-12T10:59:25.308Z"}}},"resourceType":{"_value":{"_current":{"value":"entity.device","provType":"IDENTIFIER","date":"2018-03-12T10:59:25.321Z"}}}},{"provision.administration.channel":{"_value":{"_current":{"value":"default_channel","provType":"MONITORING","date":"2018-03-12T10:59:31.603Z"}}},"provision.administration.identifier":{"_value":{"_current":{"value":"CHD_DEV_5","provType":"MONITORING","date":"2018-03-12T10:59:31.611Z"}}},"provision.administration.organization":{"_value":{"_current":{"value":"chemacorp","provType":"MONITORING","date":"2018-03-12T10:59:31.601Z"}}},"provision.administration.plan":{"_value":{"_current":{"value":"FLOW_RATE_100","provType":"MONITORING","date":"2018-03-12T10:59:31.517Z"}}},"provision.administration.serviceGroup":{"_value":{"_current":{"value":"emptyServiceGroup","provType":"MONITORING","date":"2018-03-12T10:59:31.519Z"}}},"provision.device.administrativeState":{"_value":{"_current":{"value":"ACTIVE","provType":"MONITORING","date":"2018-03-12T10:59:31.71Z"}}},"provision.device.communicationModules[].description":[{"_index":{"path":"provision.device.communicationModules[].identifier","value":{"_current":{"value":"COMMS1_SN_CHD_DEV_5","provType":"MONITORING","date":"2018-03-12T10:59:32.209Z"}}},"_value":{"_current":{"value":"COMMS1_SN_CHD_DEV_5 desc","provType":"MONITORING","date":"2018-03-12T10:59:32.212Z"}}},{"_index":{"path":"provision.device.communicationModules[].identifier","value":{"_current":{"value":"COMMS2_SN_CHD_DEV_5","provType":"MONITORING","date":"2018-03-12T10:59:31.722Z"}}},"_value":{"_current":{"value":"COMMS2_SN_CHD_DEV_5 desc","provType":"MONITORING","date":"2018-03-12T10:59:31.924Z"}}}],"provision.device.communicationModules[].identifier":[{"_index":{"path":"provision.device.communicationModules[].identifier","value":{"_current":{"value":"COMMS1_SN_CHD_DEV_5","provType":"MONITORING","date":"2018-03-12T10:59:32.209Z"}}},"_value":{"_current":{"value":"COMMS1_SN_CHD_DEV_5","provType":"MONITORING","date":"2018-03-12T10:59:32.209Z"}}},{"_index":{"path":"provision.device.communicationModules[].identifier","value":{"_current":{"value":"COMMS2_SN_CHD_DEV_5","provType":"MONITORING","date":"2018-03-12T10:59:31.722Z"}}},"_value":{"_current":{"value":"COMMS2_SN_CHD_DEV_5","provType":"MONITORING","date":"2018-03-12T10:59:31.722Z"}}}],"provision.device.communicationModules[].name":[{"_index":{"path":"provision.device.communicationModules[].identifier","value":{"_current":{"value":"COMMS1_SN_CHD_DEV_5","provType":"MONITORING","date":"2018-03-12T10:59:32.209Z"}}},"_value":{"_current":{"value":"COMMS1_SN_CHD_DEV_5 name","provType":"MONITORING","date":"2018-03-12T10:59:32.21Z"}}},{"_index":{"path":"provision.device.communicationModules[].identifier","value":{"_current":{"value":"COMMS2_SN_CHD_DEV_5","provType":"MONITORING","date":"2018-03-12T10:59:31.722Z"}}},"_value":{"_current":{"value":"COMMS2_SN_CHD_DEV_5 name","provType":"MONITORING","date":"2018-03-12T10:59:31.723Z"}}}],"provision.device.communicationModules[].subscriber.administrativeState":[{"_index":{"path":"provision.device.communicationModules[].identifier","value":{"_current":{"value":"COMMS1_SN_CHD_DEV_5","provType":"MONITORING","date":"2018-03-12T10:59:32.209Z"}}},"_value":{"_current":{"value":"ACTIVE","provType":"MONITORING","date":"2018-03-12T10:59:32.208Z"}}},{"_index":{"path":"provision.device.communicationModules[].identifier","value":{"_current":{"value":"COMMS2_SN_CHD_DEV_5","provType":"MONITORING","date":"2018-03-12T10:59:31.722Z"}}},"_value":{"_current":{"value":"ACTIVE","provType":"MONITORING","date":"2018-03-12T10:59:32.012Z"}}}],"provision.device.communicationModules[].subscriber.description":[{"_index":{"path":"provision.device.communicationModules[].identifier","value":{"_current":{"value":"COMMS1_SN_CHD_DEV_5","provType":"MONITORING","date":"2018-03-12T10:59:32.209Z"}}},"_value":{"_current":{"value":"SUBS1_SN_CHD_DEV_5 desc","provType":"MONITORING","date":"2018-03-12T10:59:32.115Z"}}},{"_index":{"path":"provision.device.communicationModules[].identifier","value":{"_current":{"value":"COMMS2_SN_CHD_DEV_5","provType":"MONITORING","date":"2018-03-12T10:59:31.722Z"}}},"_value":{"_current":{"value":"SUBS2_SN_CHD_DEV_5 desc","provType":"MONITORING","date":"2018-03-12T10:59:32.002Z"}}}],"provision.device.communicationModules[].subscriber.identifier":[{"_index":{"path":"provision.device.communicationModules[].identifier","value":{"_current":{"value":"COMMS1_SN_CHD_DEV_5","provType":"MONITORING","date":"2018-03-12T10:59:32.209Z"}}},"_value":{"_current":{"value":"SUBS1_SN_CHD_DEV_5","provType":"MONITORING","date":"2018-03-12T10:59:32.198Z"}}},{"_index":{"path":"provision.device.communicationModules[].identifier","value":{"_current":{"value":"COMMS2_SN_CHD_DEV_5","provType":"MONITORING","date":"2018-03-12T10:59:31.722Z"}}},"_value":{"_current":{"value":"SUBS2_SN_CHD_DEV_5","provType":"MONITORING","date":"2018-03-12T10:59:32Z"}}}],"provision.device.communicationModules[].subscriber.model":[{"_index":{"path":"provision.device.communicationModules[].identifier","value":{"_current":{"value":"COMMS1_SN_CHD_DEV_5","provType":"MONITORING","date":"2018-03-12T10:59:32.209Z"}}},"_value":{"_current":{"value":{"name":"TEST","version":"1.0","manufacturer":"sb-HD"},"provType":"MONITORING","date":"2018-03-12T10:59:32.12Z"}}},{"_index":{"path":"provision.device.communicationModules[].identifier","value":{"_current":{"value":"COMMS2_SN_CHD_DEV_5","provType":"MONITORING","date":"2018-03-12T10:59:31.722Z"}}},"_value":{"_current":{"value":{"name":"TEST","version":"1.0","manufacturer":"sb-HD"},"provType":"MONITORING","date":"2018-03-12T10:59:31.997Z"}}}],"provision.device.communicationModules[].subscriber.name":[{"_index":{"path":"provision.device.communicationModules[].identifier","value":{"_current":{"value":"COMMS1_SN_CHD_DEV_5","provType":"MONITORING","date":"2018-03-12T10:59:32.209Z"}}},"_value":{"_current":{"value":"SUBS1_SN_CHD_DEV_5 name","provType":"MONITORING","date":"2018-03-12T10:59:32.116Z"}}},{"_index":{"path":"provision.device.communicationModules[].identifier","value":{"_current":{"value":"COMMS2_SN_CHD_DEV_5","provType":"MONITORING","date":"2018-03-12T10:59:31.722Z"}}},"_value":{"_current":{"value":"SUBS2_SN_CHD_DEV_5 name","provType":"MONITORING","date":"2018-03-12T10:59:31.926Z"}}}],"provision.device.communicationModules[].subscriber.serialNumber":[{"_index":{"path":"provision.device.communicationModules[].identifier","value":{"_current":{"value":"COMMS1_SN_CHD_DEV_5","provType":"MONITORING","date":"2018-03-12T10:59:32.209Z"}}},"_value":{"_current":{"value":"SUBS1_SN_CHD_DEV_5ICC","provType":"IDENTIFIER","date":"2018-03-12T10:59:32.205Z"}}},{"_index":{"path":"provision.device.communicationModules[].identifier","value":{"_current":{"value":"COMMS2_SN_CHD_DEV_5","provType":"MONITORING","date":"2018-03-12T10:59:31.722Z"}}},"_value":{"_current":{"value":"SUBS2_SN_CHD_DEV_5ICC","provType":"IDENTIFIER","date":"2018-03-12T10:59:32.004Z"}}}],"provision.device.communicationModules[].subscriber.software":[{"_index":{"path":"provision.device.communicationModules[].identifier","value":{"_current":{"value":"COMMS1_SN_CHD_DEV_5","provType":"MONITORING","date":"2018-03-12T10:59:32.209Z"}}},"_value":{"_current":{"value":{"name":"software","version":"1.0","type":"SOFTWARE"},"provType":"MONITORING","date":"2018-03-12T10:59:32.204Z"}}},{"_index":{"path":"provision.device.communicationModules[].identifier","value":{"_current":{"value":"COMMS2_SN_CHD_DEV_5","provType":"MONITORING","date":"2018-03-12T10:59:31.722Z"}}},"_value":{"_current":{"value":{"name":"software","version":"1.0","type":"SOFTWARE"},"provType":"MONITORING","date":"2018-03-12T10:59:32.009Z"}}}],"provision.device.communicationModules[].subscriber.specificType":[{"_index":{"path":"provision.device.communicationModules[].identifier","value":{"_current":{"value":"COMMS1_SN_CHD_DEV_5","provType":"MONITORING","date":"2018-03-12T10:59:32.209Z"}}},"_value":{"_current":{"value":"GENERIC","provType":"MONITORING","date":"2018-03-12T10:59:32.2Z"}}},{"_index":{"path":"provision.device.communicationModules[].identifier","value":{"_current":{"value":"COMMS2_SN_CHD_DEV_5","provType":"MONITORING","date":"2018-03-12T10:59:31.722Z"}}},"_value":{"_current":{"value":"GENERIC","provType":"MONITORING","date":"2018-03-12T10:59:32.006Z"}}}],"provision.device.communicationModules[].subscription.address":[{"_index":{"path":"provision.device.communicationModules[].identifier","value":{"_current":{"value":"COMMS1_SN_CHD_DEV_5","provType":"MONITORING","date":"2018-03-12T10:59:32.209Z"}}},"_value":{"_current":{"value":{"type":"IPV4","value":"172.18.19.24","apn":"movistar.es"},"provType":"REFERENCE","date":"2018-03-12T10:59:32.097Z"}}},{"_index":{"path":"provision.device.communicationModules[].identifier","value":{"_current":{"value":"COMMS2_SN_CHD_DEV_5","provType":"MONITORING","date":"2018-03-12T10:59:31.722Z"}}},"_value":{"_current":{"value":{"type":"IPV4","value":"172.18.19.24","apn":"movistar.es"},"provType":"REFERENCE","date":"2018-03-12T10:59:31.901Z"}}}],"provision.device.communicationModules[].subscription.administrativeState":[{"_index":{"path":"provision.device.communicationModules[].identifier","value":{"_current":{"value":"COMMS1_SN_CHD_DEV_5","provType":"MONITORING","date":"2018-03-12T10:59:32.209Z"}}},"_value":{"_current":{"value":"ACTIVE","provType":"MONITORING","date":"2018-03-12T10:59:32.103Z"}}},{"_index":{"path":"provision.device.communicationModules[].identifier","value":{"_current":{"value":"COMMS2_SN_CHD_DEV_5","provType":"MONITORING","date":"2018-03-12T10:59:31.722Z"}}},"_value":{"_current":{"value":"ACTIVE","provType":"MONITORING","date":"2018-03-12T10:59:31.914Z"}}}],"provision.device.communicationModules[].subscription.description":[{"_index":{"path":"provision.device.communicationModules[].identifier","value":{"_current":{"value":"COMMS1_SN_CHD_DEV_5","provType":"MONITORING","date":"2018-03-12T10:59:32.209Z"}}},"_value":{"_current":{"value":"SUBT1_SN_CHD_DEV_5 desc","provType":"MONITORING","date":"2018-03-12T10:59:32.099Z"}}},{"_index":{"path":"provision.device.communicationModules[].identifier","value":{"_current":{"value":"COMMS2_SN_CHD_DEV_5","provType":"MONITORING","date":"2018-03-12T10:59:31.722Z"}}},"_value":{"_current":{"value":"SUBT2_SN_CHD_DEV_5 desc","provType":"MONITORING","date":"2018-03-12T10:59:31.916Z"}}}],"provision.device.communicationModules[].subscription.identifier":[{"_index":{"path":"provision.device.communicationModules[].identifier","value":{"_current":{"value":"COMMS1_SN_CHD_DEV_5","provType":"MONITORING","date":"2018-03-12T10:59:32.209Z"}}},"_value":{"_current":{"value":"SUBT1_SN_CHD_DEV_5","provType":"MONITORING","date":"2018-03-12T10:59:32.017Z"}}},{"_index":{"path":"provision.device.communicationModules[].identifier","value":{"_current":{"value":"COMMS2_SN_CHD_DEV_5","provType":"MONITORING","date":"2018-03-12T10:59:31.722Z"}}},"_value":{"_current":{"value":"SUBT2_SN_CHD_DEV_5","provType":"MONITORING","date":"2018-03-12T10:59:31.905Z"}}}],"provision.device.communicationModules[].subscription.mobile.homeOperator":[{"_index":{"path":"provision.device.communicationModules[].identifier","value":{"_current":{"value":"COMMS1_SN_CHD_DEV_5","provType":"MONITORING","date":"2018-03-12T10:59:32.209Z"}}},"_value":{"_current":{"value":"Telefónica Móviles España, SAU","provType":"MONITORING","date":"2018-03-12T10:59:32.113Z"}}},{"_index":{"path":"provision.device.communicationModules[].identifier","value":{"_current":{"value":"COMMS2_SN_CHD_DEV_5","provType":"MONITORING","date":"2018-03-12T10:59:31.722Z"}}},"_value":{"_current":{"value":"Telefónica Móviles España, SAU","provType":"MONITORING","date":"2018-03-12T10:59:31.824Z"}}}],"provision.device.communicationModules[].subscription.mobile.imsi":[{"_index":{"path":"provision.device.communicationModules[].identifier","value":{"_current":{"value":"COMMS1_SN_CHD_DEV_5","provType":"MONITORING","date":"2018-03-12T10:59:32.209Z"}}},"_value":{"_current":{"value":"SUBT1_SN_CHD_DEV_5_IMSI","provType":"IDENTIFIER","date":"2018-03-12T10:59:32.106Z"}}},{"_index":{"path":"provision.device.communicationModules[].identifier","value":{"_current":{"value":"COMMS2_SN_CHD_DEV_5","provType":"MONITORING","date":"2018-03-12T10:59:31.722Z"}}},"_value":{"_current":{"value":"SUBT2_SN_CHD_DEV_5_IMSI","provType":"IDENTIFIER","date":"2018-03-12T10:59:31.725Z"}}}],"provision.device.communicationModules[].subscription.mobile.msisdn":[{"_index":{"path":"provision.device.communicationModules[].identifier","value":{"_current":{"value":"COMMS1_SN_CHD_DEV_5","provType":"MONITORING","date":"2018-03-12T10:59:32.209Z"}}},"_value":{"_current":{"value":"MSISDN_FAKE","provType":"MONITORING","date":"2018-03-12T10:59:32.111Z"}}},{"_index":{"path":"provision.device.communicationModules[].identifier","value":{"_current":{"value":"COMMS2_SN_CHD_DEV_5","provType":"MONITORING","date":"2018-03-12T10:59:31.722Z"}}},"_value":{"_current":{"value":"MSISDN_FAKE","provType":"MONITORING","date":"2018-03-12T10:59:31.819Z"}}}],"provision.device.communicationModules[].subscription.mobile.registeredOperator":[{"_index":{"path":"provision.device.communicationModules[].identifier","value":{"_current":{"value":"COMMS1_SN_CHD_DEV_5","provType":"MONITORING","date":"2018-03-12T10:59:32.209Z"}}},"_value":{"_current":{"value":"Telefónica Móviles España, SAU","provType":"MONITORING","date":"2018-03-12T10:59:32.108Z"}}},{"_index":{"path":"provision.device.communicationModules[].identifier","value":{"_current":{"value":"COMMS2_SN_CHD_DEV_5","provType":"MONITORING","date":"2018-03-12T10:59:31.722Z"}}},"_value":{"_current":{"value":"Telefónica Móviles España, SAU","provType":"MONITORING","date":"2018-03-12T10:59:31.816Z"}}}],"provision.device.communicationModules[].subscription.name":[{"_index":{"path":"provision.device.communicationModules[].identifier","value":{"_current":{"value":"COMMS1_SN_CHD_DEV_5","provType":"MONITORING","date":"2018-03-12T10:59:32.209Z"}}},"_value":{"_current":{"value":"SUBT1_SN_CHD_DEV_5 name","provType":"MONITORING","date":"2018-03-12T10:59:32.105Z"}}},{"_index":{"path":"provision.device.communicationModules[].identifier","value":{"_current":{"value":"COMMS2_SN_CHD_DEV_5","provType":"MONITORING","date":"2018-03-12T10:59:31.722Z"}}},"_value":{"_current":{"value":"SUBT2_SN_CHD_DEV_5 name","provType":"MONITORING","date":"2018-03-12T10:59:31.917Z"}}}],"provision.device.communicationModules[].subscription.specificType":[{"_index":{"path":"provision.device.communicationModules[].identifier","value":{"_current":{"value":"COMMS1_SN_CHD_DEV_5","provType":"MONITORING","date":"2018-03-12T10:59:32.209Z"}}},"_value":{"_current":{"value":"MOBILE","provType":"MONITORING","date":"2018-03-12T10:59:32.014Z"}}},{"_index":{"path":"provision.device.communicationModules[].identifier","value":{"_current":{"value":"COMMS2_SN_CHD_DEV_5","provType":"MONITORING","date":"2018-03-12T10:59:31.722Z"}}},"_value":{"_current":{"value":"MOBILE","provType":"MONITORING","date":"2018-03-12T10:59:31.827Z"}}}],"provision.device.description":{"_value":{"_current":{"value":"CHD_DEV_5 desc","provType":"MONITORING","date":"2018-03-12T10:59:31.625Z"}}},"provision.device.identifier":{"_value":{"_current":{"value":"CHD_DEV_5","provType":"MONITORING","date":"2018-03-12T10:59:31.713Z"}}},"provision.device.image":{"_value":{"_current":{"value":"data:image/jpeg;base64,/9j/4AAQSkZJRgABAQEASABIAAD/2wBDAAMCAgICAgMCAgIDAwMDBAYEBAQEBAgGBgUGCQgKCgkICQkKDA8MCgsOCwkJDRENDg8QEBEQCgwSExIQEw8QEBD/2wBDAQMDAwQDBAgEBAgQCwkLEBAQEBAQEBAQEBAQEBAQEBAQEBAQEBAQEBAQEBAQEBAQEBAQEBAQEBAQEBAQEBAQEBD/wgARCAGQAZADASIAAhEBAxEB/8QAHAABAAEFAQEAAAAAAAAAAAAAAAYCAwQFBwgB/8QAGQEBAQEBAQEAAAAAAAAAAAAAAAEEBQMG/9oADAMBAAIQAxAAAAH1SAAAAAAAAAAAAAAAAAAAAAAAAAAAAAAAAAAAAAAAAAAAAAAAAAAAAAAAAAAAAAAAAAAAAAAAAAAAAAAAAAAAAAAAAAAAAAAAAAAAAAAAAAAAAAAQUnTlnUwAAAAAAAAAAAAAAAAAAAAAAB499hcLPP8A7z8s+pwAAAAAAAAAAAAAAAAAAAAAABxjs/GCG+mfM3pkAAAAAAAAAAAAAAAAAAAAAAAcY7PxghvpnzN6ZAAAAAAAAAAILpuIQ096Pn0AAAAAAAAAAAcX7Rw8h/qDyh6vAAAAAAAAAAOFwzoENPTIAAAAAAAAAAAHBO9+eiC+v/GnssAAAAAAAAAA4xDZlDT0yAAAAAAAAAAAxcgq87+iPO5zz2X409lgAAAAAAAAAHGIbMYOeoAAAAAAAACOkio4tGTsUIs/DS5mrHQYFb+kQ9fefJedURmRFwAAAAAAAAHD4BNOdnr8AAAAAxjJc7gh2vm0KlxDL0/05sMeK2i/Y+gfQ+Wy79xfhmZun+nQJZxX6ejr3neVHXkRk5fAAAAAB565z0Pnh7LAAAWeQnYo7yvVkxjGNcN5fitJINPjgUFX3BpM3GtCtjWjM+4X0zWJUZCzUXftuouV2qi9ma+om0v45UeicrzrJjsiEykzQAAed+edD54eywACg1XmjsUFOMTKYRElX3kW5OhsS2Z9nVVl/wCY+MbDFs1D79+ipUPv36KlQqVCpUKlQqVCpUKlQvW6iRyvmX07xm8A3p2JBpWcF550Lnp7LAA0W9hxz+J7jTi5R9M+DSy2cJwZNgkU10u1hocuzryVb7mw7fLvMV49SVcH6cSyr5WPv2o+VqhUqFSo+Vfaj5V9rKaqvp8+tQbjTwLZFGv6zLU4bt+1Xl5Rn9RjR0rZeV+wHSAIXNI0cY11usrqVC9brOJ4tVmS9XifLdjYx7ho470W4cpdB1xD7/Tpscz7VgcrO4VYWeKlwpqyskwsjKrLN25WU11VlP1AjM18t6ERST7PKTVZu3xS7HoZzMkfPZTG1k3ZY9ITpgGv2GKeWYz6P42WNvzbKOj1x3eHE95o8PJi2+FizPNmiFMljWvZ9y8XJ06usdR5b1oh3NumcHKIbpcAnfoHyJ6tNzmXKyzYt0cnjZv3X53N5mwu67bd/wCipXYhp1aybWuhlvMyc1Me7qOZLPOUauRGhkt60cz6RqOhFOxw8w6WADH00h+HKuZendUePa/R/NDgX2QQ4233X5hd+qinKsZJ1XrHKOsEN4j27hxroROxyvvPLOunWbnEpeSrXynI5PGj1O9zsHP12bXV3/o9doc/pXt7XNzTEyRwKB4xTn7S6U3KPh9fai5MYVYOg67mPWTo/wBt3AAAC3rdsOfc29D4B4rg/ufnZ5dzptADYZWg251/rPJetkL4f3Hh5rqvn0v+ivN/oQmUBmtaed913aODL4x8XtVWu25ur8IgBJIxuNiWshSV0qj5V9zjHytTBTf6WV9YIn0rMyh9AAAAACnDzhEIB23FPIHP/ccFOQ9n5ptjM4j1HkJR9ouD0T539HpvqlYqfbLuBm2l88ZG7kUun3qs+vn0VLpbyrkeN/BLPQSCdclcgMDZ1gAAAAAAAAD5YyBHoV1W0eaeSe3IgeLc/uHKDD9L+TfRZ0arXbFPtfyuxh5uGvIJNo97L9fLh8rvVlWLqss0e9nkxI5Lsu4fPoAAAAAAAAAAAALdwamK9AoPPMK9Wxs89TLfQw6JteKSNOm4WDfrl0hjcnl+5ON8LNyZyki0s22WWb/0AAAAAAAAAAAAAAAAKahiavf/AAgsO7PjnnDXelomcAnuz6eQ2Z7PKMXMrAAAAAAAAAAAAAAAAAAAAAHyi4LFdwfPoAAAAAAAAf/EADMQAAAGAQIDBwMDBAMAAAAAAAABAgMEBQYHERIgQBATFCEzNTYwMVAiIzQVFiQyJWCA/9oACAEBAAEFAv8A2vkeWwMdFBn8C5lfkM677+54fe+LL7fj9UYcfwem0KPKvPyGqPs+l3vH5DVH2fS73j8hqj7Ppd7x0uR5bAx0UGfwLmV1OqPs+l3vHS51339zw+98WX26jVI9qbStW930uqMOP4PTaFHlXnU6sq4aTSNfFfdLqj7Ppd7x1OsSuGh0aXxZB0uqPs+l3vHU61Hw4/op55D0uqPs+l3vHU62fH9E/kHS6o+z6Xe8dMqVHQojJRDWz4/on8g6XVI9qbStW930alpQU7KqiEHr62tDdNaXI9nNjCNlbpDUwzyWi0dhSoeRdLqyrhpNI18V90Nhf1NYU3PX3h3V9cqi4/FhplWLaS5I8t+K5FymQgRsgr5AQ424XRaxK4aHRpfFkH1plnAgJn6gRkCTb5JcnDxd102qqurkv3SEE6+8+r6DMuSwcbJ5bYjZFBfDbzTxfX1qPhx/RTzyH6b0liMmdmtbHEvIshsw1jsqUqNjkZgjk1UISL19YccW6rl3IgbrZDxDY8QO+WO8dHG8ON4Mzpsc4uVTWxFyaA+Gn2Xi+prZ8f0T+QfQUpKCl38CMJeSWb5/0+RYON19XEH9ThMBy6lqDkh57lUtCQclI45Ch3bpju2SG8ch3yCHiFDv1jvXB3ix3ix3ix3ix3qw1NkMnGyiY0IuTwXgzKjvl9HWz4/on8g5nnm47SNRqyxXIs5kobmCVsDfdMuVS0oBydxwvrHAwgeIQkG+4Y3Uf123nWji5FPYEbKIrgZmRpBc2tnx/RP5BzWDzRtZBp5WLUdhlGOHXZPV2IIyPlW8hsd4+6O6bSDkJSFOrV0yFrQca9nxxGydlYYmRpJdutnx/RP5ByrUSEyZRmcmWtS0yCUVjh9LZhcLLMbOuzKDINMuMtK58NseNS+CciNhUviG+/VoWtBsX82KImVRXwzOiyBrZ8f0T+QctxJ8PElu/oPzMEoyCJJkLmprrE/6LHSTlXGQFsIbCuJI8VJSG7eyaDWTW7QYzR8hHy2sdJiVGkp6WXbwYQfyOY+fg7OebNRJjhqfaxTkzWb2LiNRWYxaMWMORy5Me0SSrdPITBLOSg/EqhpUF1CFB2jfDkCW0DIy5G3nWVQcqsoorMjgWAL6mw4THCobH2TrWJAJ+0s7Q4GNOunCxtpsM1sdsigtLCaSMoHWwIyZ1hEbTIyRht7EpUp7kyo9oLp7p5EHsJjn+Z3w70E6OMjDkZh8n6VJh+HIj8iGXViqyGfVqiymJjXMTajBMgmkgkkNhsNgeySnW5rOJjpTFwscjMEiGlsEgw2wZhLaWymXjLRXGTNsOWq5ckY/WoiNYp/L7chY8RVFJTsSiPlm/wAwm1nyEowTg4ScD1D4g/7anoVDxYzEXHmGhLpq2QwTkzFp0OWzOY7CSZhLIJBENhsNhsNhsFrQ0iXMfsnKujJIYjIaIiCGjMJZISJbEYry8XHbORcXQebg49DpYL1jMXHSxFxT+X2yT/Re18qBJZsjI2JyFhLiVdsvymtLQ4U8myCIr6yNCkH2MH+5UElYZiRlNWMZpgSromzlZAJtr4lOK3CoE0ghkEnYKUhtKHnXh/nDvloCTSothsDMklLku2b9VUJbJtskklBmEMhx1mOmbbfplZKqYqNUGayIW/HOsqCEllub6GK/y+15HEVnWd8VpjZ8TkaXENixUkR7BKg26lQm/wAzsiymHEWbkdTfYx6lOIx/t3J+VsymSqXGfjrBHseOySn1Ow2Bd3xOSX3jSkwk1EGPJ7YbC2lKdXT1ZJJtrhJDI4UNlJtCSLTJY7LhRrO0NlhphBIGxBFeXiYMc0osEmljFf5fItolCRXIcE7H0OCxxjYPQZcQ2LBbZvSCVJJRGC7duxj1KcR/TuvtMP8AdcaQ8idXrjGMBsYqIJeY2EiI5uhbe5GgG82RxIjjJ7CY/wCGj1MFT7saJwJQ0RCROZji2vmIyXJ1xcqhVsSCRJMxuSR9+xpXAqBIjqFwlPg8YcLxpHvzKbJQfgoWJtE24LHGBY4xIZUtD8ZSHwlZHyMepTiP6d19pvqgyJRWFWbYoNOo17jLxZpiKqnNKqwCFJWSiQ4PCV4bNLJfcbCW0ubKrK1MZt15mMmdb7IlZFKnLj1DSXSLcbJSDMz7NuwyMg682wkrJ+xXQxERUI+3OaCMPQ0LEykbcFli6FlY4m40bzEqIaHwlwj7GP8AemEf07r7TfV7CMYo4TVAbhLFzg1BdB6hzPFFVWfQZCmH2JLew2GxivgtRkyLTYrTJmmXTr5VmtCENp4dhvyNtLcPdiOLG9QhTFdOtXaqiJoo0YmyLy+kaSMOxULEunbcKxxlKys8RNByIUyEaHxGdI10xiP6d1/rN9Xtxv2YEEuGQtsZo70pGC5HQLg567Dcg2UCyaLyFvfRq9t561vCiQo8Jsi3G+3IRGoyZQ0J9szGbclWFsqpxokiDUoaJthKC+qaSMOR0qEqpbcFhjaFi0w8t11s2C5RyBEeI27kyNM31e3Hi2p+QlGQn1tbatXWFpqnqmzzKS3CqmYp/ceRD79m3YhgzJclthMu7W6qBQvy3a2iQ2TENDZEki6HbcLYSoSaxtwT8dQsP0j8JcS1Q2LaTumU+Rukoj7aIv8AiOV0+Fu6dWtxtPAjlQ2pw/2mROt22j8NPtV1eOpQIlahokNknpdgppKhIrkOCdj6HBPx95BWVLOZWTq0GiQRglkYpPaeWX6MlHHP7dgRGYJpKBJmoaQt6ZOOvx/zhVCGw1HSgiLbqVNkYfgoWJtE24LfEW3im41LiBK3Urp7MmojMttwEZHyS/Rf/TOGxn2IaMwbyGyXLceVGplurh1CSDENKAlBF1poIw9DQsTKRtwWGLoM3a6ZENiyeYOHdkYYnNuBKiPsmei952ASk1H+20H5fmzVyZZxKpKCjwUpCGiT+BNJGHYqViVUNuCZjqFCRjzrZ8U+CcO8EexacEtxJsKPexLYLeS2liJMniFTMxwzCIg2wSQRbfhDIjC2EqDsBCg9VIMTMUjuiRWW9YHLxRN10k5Nk33slcHHkINuMQQwRAkkX4k0EYUwRhUYhZ4rV2aYGAohSo0BmMhLQJH43YcI4ASf+i//xAAkEQABAwIGAgMAAAAAAAAAAAABAgMEABEFBhMhIjESQCBwgP/aAAgBAwEBPwH9KEgd+zLhiUBvan1vYcwkNjyqHIVJa1FC3znYuiKrTSLmhmNYPJFRJSJjQdR683B25StRJsaRlvfmumGERmw2319Qf//EACMRAAICAQMEAwEAAAAAAAAAAAECAwQABRESISIxQAYgcID/2gAIAQIBAT8B/pQkDz7NqqLIHXbJ3loQqIxyypObEXNht97mqpWbgo3ODX3B7lyrZW3GJU9e5pKWW5qdjifH+ve+QQpXQRp4/IP/xABIEAABAgMDBwcJBgQEBwAAAAABAAIDBBESITEQEyJBUXTCICMyQFJhcQUUMDNCYoGhsVByc5HB0QYkY4IVQ2ThNDVTYICSk//aAAgBAQAGPwL/AM12w4rHRo77xDadXehJRpd0rFf0KuqHfH7Rm873Wfu0UHMeszjbPjX7RlZ8Q+fzuate7QlPiR4doy8HOM7nVH2jK7zwlTW7cQ+0ZXeeEqa3biH2jK7zwlTW7cQ6s2HFY6NHfeIbTq70JKNLulYr+hV1Q749ald54SprduIdWm873Wfu0UHMeszjbPjXrUrvPCVNj/S8Q6tKz4h8/nc1a92hKfEjw7Rl4OcZ3OqOtSu88JU5uvG3q0rvPCVNbtxDrUpvXA5Tu6cberSu88JU1u3EOtSW98DlPbnxt6tK7zwlTW7cQ61Jb5wOU7ufG3q0rvPCVNbtxDq9h8dgdsqqg1ySW+cDlO7nxt6tK7zwlTY/0vEOqWnuAHeizP52J2Yd6pAYZeF3YogvJOs1XNx3KkzCDu8KWg+TGF8WFMZxzO6yVPNmYDoZ801j329Wld54SpzdeNvUv5qcYD2ReUYfkmS/vifsqzk1ELT7OAWdmXAeKzMk2y3tcnOwX2XYVVJhger32D3qsN4d4dTlN64HKd3Tjb6e3NzTIfiUYfkyWdHd2jcFZfGMJh9mHcrcap8VajuaFYkYVPeKtRYhcfQ1hRXBUjARAqPObPerUKIHeHUJLe+Byntz42+ktx4zGD3irEo10y/3cEWQP5aGexis5Mve87XFWotAqNo8+6rMu0Qh81aiPLj38q8rpLWrmFXQivVr1a9WqwiWqkeFbCpErDPeqwojXeB9LJb5wOU7ufG30NpxoFc4xXbGKzKtZBbtOKtzUy6KfFc7FbXuX8vLV8VRllngFzkVzvjyb3LRBK0WUWnFWk+qubVXQ10RkxXSXSXSWOSsN5CpFFsKkWsMqsKK13x9FJb5wOU7ufG3lvjxnWWMFpx2BPheSogdZ1uuK5yMaZMKqzbu2DlaRoqQ2Fy0n2VpGpWgxbFefT1hxC1Ue7ODvVI7CwqsKM08uS3zgcp3c+NvLdLPAdbFHA7EZnyLGMnGxs10f9lY8pSxmIA9sfug0Rs3E7L7ldybytAWRtVqK6p71SG1Xnq1WOIVM5bHeqTEOz3hVgxWnkSW+cDlO7nxt5RedQqnRCcVirMQAg7UYkFvmsXtQ8PyVqE7z2WGy+5ZqcaZaJ72CtNjsIPetKYZ+a0IzGt8VXOtJ8VoEBXnrdWOIWnFq33lzgp3tNVzUZpUlvnA5Tu58beVSnrNHk3ouiy4D+224ojzmKKE6166J+a0Y7/zV0Z35rRmYn/sVoTsX8168P8AvBfzEq133Sudtwj3hW4EZrx3Hq3OxgXdlt5VmRl7A2lVmYr3dytQnOae5aWmmyPlaXe+G02gHaio3lCAYliPBzVk6rwf0XNxh8eTCP8AU/TlxmVuER31XrHL1zh8FVkVrlpQT8FeORahRHMPcVSK4Rm+9igy3movZd6bArArDJzr6v1NGKzcEZqH3K1EBK0mroBdBVMNWntY0d6LIDG07RXm0jWYj9liiw5lxqGh1Ca0PIhn+p+nLj/iO+vIvWlDa5VgPp3Fc4z48jQaUIE61z4PvYhCNLvDmn0F5WCw5FTcjAkhU63rOx4dSdaFGrRAWGSrrkWSwtO26lZiPfHjOwYy9N/xCM6Hb6MtDN/9yzrYQbVTP4bfryIwA0mi0FQ8qP8AiO+qqGHk3qgv7lWCwsd8lSLDNNq0mrSARgx2DuOxUa/OSzz8k2YgOq12W5aSuHLMSIaALMwKiF9UHParhyKYu2IxJ2MGQtQC/lB5pLf9R3SPgjFay3Hdg517nFGZmDacTVUaFM/ht+vIIOtRHwmWoJNRTUqFYrHLGP8AVd9VVpQI6StNhkhUe2hyhAPaCr4LSi6Xu91FpNCrnIsfeEJaI7mIxp4HJpK5WnuAHeqyspFiDtdEfNf8Iz/7Bc/Lvh9+IVWmoy2nXALNQqiEPmgS1UAy1iOoiQ/NsGtOlvIrM9EwMU9Bq858pxzNxsRXot8ArlY9iFcFWi+Kmfw2/Xkm5FzW0KvBIVCrysVH/Ed9coFoAgYFANILu7KEMhRDjR2pwVIt/fqyVCgTJvdZo7xyvmY7M5YdZhMOHiVzkQ5MVYb7V9MvmUE/fQcWqgGS04gBWZf80YLXmYmThDZerflmLZhaoEP9ShDgw2saNQCq80Vyc6mJqqAK/apj8Nv15XRR0ES1qwJCo5RTtefQDIclh7agq2zSh/TI+Tix2tiW6taTqy52ALW1qo42TsNy6QVkG044NbeUZmaFl7hZhw+yNpyOia8As468m9AUyUbpOWcnZgNGpqsw2mSlO0fWO/ZcxD0ji83uK7lo/nlqRVUtgeKLmkYhTAB9hvoOiugiQxF8Gu2hVmMwt5QQyHLQhGPLjR1jYpbynCnHy848uNcWm+5UnIJmpYe0NIIQ4rsxFOpytMcCO5UjQYcT7zV/y6D81SXhQ4X3G0V+Rsuzosx8ULr1V5+CLnPEKGMb0ZfyJBtDXMPuaP3Xnc48zMz236vBUCvvKvyX5LwrcR4aAsxKlwha3LQbecTt9FguijzdUXQKt7tSpGhkd/ICGQ8mXhsuAr9VR4qCjEEHzWMf8yFd8kYvk6KZ6VGoX/JZjynDdKRcNLBCLAite04EHLcs9FpU31VmAKe8V5vKMdNzJ9lurxQmPLMa1sgN6A/dBjGhoGAC0lQXDLctEfFXc4/5BZuFz0bYNSESccSNTRgho+lwXRR0EXQQWH5LnYZptGQIZDyZfw5B8+k25w/5jbnJ0z/DHlIxoeOadj+xXmf8SeT4kvEF1sN/RZ6SmYcVvulVVuZi1Psw24laZdIyvZHTd+yzcvDsjWdZWwLR/PkUCrHP9oXOPDG6mjWrEAGDB+ZQJYhorD0+C6KOgi6G2we5abKt2hDIUeRLfd5Wa8oycOM33hejN/w75SiQHj2C79U+Umwxgp69wv8A91nYj3R45xiRLyrltV+S/JaebLVzeiNbijC8nttu1vOCz80S9x2oaKw6nguijoLOQB8FmpkGE7vwVQa8mV/D5RKsA4mia3YOVohdt3yVmuciamhc+S1nYCGguj1fBdFHQREMmmxF7W2grLwQe/LK/hjlFQx72W7LWMfgtJwYzYrEu0w4fa1lVLanaUNFYdb6KOijWHftCJhEupqWbLTawooMBx6DQFjySof3sl+S064bVzd3vFWJVtt3a1LOTBMR3yXRWHX8F0VbbDv20WjUhUfUK8rHKVDHvZKBdpys3vfqaFamjZb2AgGsoFh9h4LoroKsElq5xhptVHFYq4qH4q9Y2QubbmoXaOJWi2rtbjisFh9jYLBdFF0KsJ+1uCtWDFhj2mKy4pt+FSs1Jw847bqCEWcOdibNQWH2ZgsFz0Cy7tsuKdEM1bhHVrQhwYYaP+9//8QALBABAAIBAwIGAgMBAQADAAAAAQARITFBUWFxECBAgZGhscEwUPDR4WCA8f/aAAgBAQABPyH/AO65oBUwrktpg0FXdxgZ/sdx65+hU3/tOuKpel61/YDCCsOrhH3IGpi3Siv7f7H6yf3n9j/WT+8/sf6yf3nps0AqYVyW0waCru4wM+q+sn956b3Hrn6FTf8AtOuKpel616m4dE+7D02MIKw6uEfcgamLdKK/t9VZ+mdM6/TH1k/vPVdt6YUJd/pj6yf3nqu1dMGoeXpj6yf3nqv66H33pj6yf3np/rcIblcQdx8ProffemLh0T7sPSbcC1VUfoljmd4vcdtU7wsx5DcVEgbXiVpTsMOEFGuP+Ul/aTS9MWfpnTOv0JdZYo6hfoI+scSPBbD9Mr6zLCHbjXL2muXxLMjLAqcGtcSmObphlIM+01qTyv0dt6YUJd/84rBHc+IxsM138ziBqpUM2jqu2Caxs6vtKlOh/BO+tH+DTSCqLwyr5YdZWK+FK6Lq9BaumDUPL+Qaie4kdfY5bvEqGgBo7y7p6qWFEI5xCcJ2FwN5J1hYgbq/M6YO7NWMdi3tKOvlkF2k9NDgS9S6Mp+rt5Rs/jiAyj/KfXQ++/hFIy1VgKd8H3GS31I6kxdwh4vG2TEFIzfGDtL7kavvHlaLE0bs2p3zinaf9un/ACibSnAEt4PbwvXTqocqE50PiXiPRleTrayk7oyShc6fxProffecCiunQNWPiHVNnUHaPN9bDFNVl+6LrmZkHaE6vlCsYsWjmbOHBNb35jgfqmiJ2R1qypUCBAgQIECBAgQIELMjhlJRdpqeYjJDlp2vPn+uh995wgvUVltmA3rQJv03jSLXWx2fuGBN1kAtCeXmvg1j8j2s+yZDIODeDxqVKgQIECBAgQIECBAgQIECW4vRlIqG2crkKAG67XnyfXQ++8xomsplVNY5p1Ny9gWMuCXPI6xeF1KvZqQdoq83fb3gzTwhhFn4K5mg5lW2Zt18LNIRzeYp3YyvCpUCBAgQIECBAgQIECBAgQJUDyW6pwwCxLZwoB7AhY2m10z6aH33mLjWefEpVMVj4aWwuoX59n/9IY96rRhSZzS3jSvUXL+ehoX2hoQ73/MvBucLGaE5omfOBcfUNrkCBAgQIECBAgQIECBKgSoHkxUACr3hswFnlj4gfVZJBphOSma7HPFdWPZYVNYZN0uCTLdlTLHJ5P8AWdURfEJUyM1mZYIV3TVwuaD8xA2M+5eKQ3yiNIPXyFjjeqKm8Z+yFoU1evh3lEsgQIECBAgQIECBBcMP/Gh/5Uq3So30TdqXhttrfeAnDzABCAg+CYavxEKbKRhvGzYEypVFrR+92ji1vmLU8nSQ/lBevAgQJZuUv/u0FCdwahpnxK57RmW1nBDLXDJ5GolWZ5U9GAdexIECBAgQL0m2V3h/8IXlB6GEkEWjgMqzbDlH4mQLWrWJFDCaitVhNUJbYBqsp2eL6IMY9Zy+0f3KqKcqOKQ1qf5HLyMDPwrX6jLE0ZhAgQJ/n8odYnaaa+Au0BLcZQw7LdL5D6ZTGItAYZQPzQQYka7Oo+SXSVlu/wCjCrm+HiBAjNC5uKbQQkgggggkJ7VlOhtde6EZCDQScJNghNSJAnGm8MS1jIKuoYeiEGxPnjG5WRYbqUk/yOXkKksFJGaIrqHDL2/MEBgjEECUWLBPvAoq44i1W+tcSzuaMu04k8WIBd4CV4lNElTymr/UrwGozUjrao4/Kj7bBekRz8IQoVGRnqqE9S59sAcvbzza9/pZCZE3IQQ3QBaszKPB+UzNoOg2Sb6ShDo3Y4KNa2sRPPWU77wTbsMAFCiHVXFdd5oJYafZP8jl5LUj8hLJ+QmPo3I4KkoyFOkf4/KaZGbxEVYtW0vVfDw8o0+HhTkJDJoOh1eCElJkY41trowwkhs8tjqalvECngvEdAavKiFVaNMQggmytx+JmLQwgZ1Jg0N2XdCmr0mCE2YvrxF5brdRX3TQzhSIIYHjdlKt88sdmvCKCmmyf5nLyJcGyQJsQqg+Iqo3kmHgS0SJzLk6n7ZvnlKZpQz+Lweb3jQ22iwFN/28Atp1O+iAFkIttSste5LWs65RCH7YY2IFnsS6bti1Nep0hBcQp5ZXlTZYRkC2wTHxmkY7DLl7G8ZOT0HoQj5XNPVmd05MNPt5RVWtspglQTVEdsJdg4mHIOt8soX5UGHaQdsQxofENwT2iHWVULs7qYgOrNwgw8QZ/F4fV7wYoAjqMPsNe/8A+JswuAC0aneC0fv1d9T3i+mzTL6MMPGRUDpvSX5hddv+dZSKutC+dZlWrhAerAEkYZlMd7DViDfWmmJsRz4ji5na5TtbRVRcPoLaaq9vA7HSXijBNQCJd8SzPEsu/Yhm7d9Yv52sP0g7ZhDj8Q1SHZJYiciKHQ9k5WbhBHxyMO0Mxn38Bh1TAUMKG2UvCYiJYzdAVOTy6GcpBBh1edOIMsi3L3294Qh7thIQRdjVESDIUJiAg63T9+5tKqQbXXdgwxUCggMnXTeLqjoHgC9DmFH7Svd5aRPoDdgvyGDTiyIL0WaO66Q2BBSv4tsgjZijGY5o9J0QQPwiEoesTnZmaE4s/H4XV7yvAlw+r8wIkmoTBTMHW9zX3l1C5VPgr/hLfvsqscrruYhBa3tTuakyHCWHPyE4CFr43dj6sUQamonK7xRfuMBpe7WdWGcBcoNcsowr0get21mIqX1UWWzfa/UzTLlXVmCkIBABp/LsEHbEBcITQ/ECm5Tj4l3YmTGbAudpnGfa8anzv9wIECE3yI2Y6Ls6kyZ9vHsD8MwNwPmCsQ61274OICqFwNfP6iqtTSex0nQ0nf02N8Q6qN1bGif9gDL69B2lmH4hCjNp9CnVCciCOEJoPiJaFbjDCNi71feAoQmoxBmbxDwq7aBAgeATthLS9JDN2jwvFGDjwLdPmFGnzK57kOmfwlyODCFjpo+8CuSukCYQfBNPSIdYZkQJsQqg+ILT8EfPvhrK2FqCprDCdZWm5BA8AhFUbaMVfjwqXbQthyyxCgtgftTqxQktBqy3Bbj4IQGJlyLDMHxDwQGj1CDD9IO2IZQ/Ew4bNQlZzuGZU/tkM3Cz2rACjALGBAgQwVo6JoXDgDiHAQWzroyCU1gxfvLRD3XHR2JWrB5RgOnrT9IO2YA4xiE95MRAgf3SUZMMowPD4rIpqU5uH+KiYOQjCK2f3w4gbBBSQsEANP6DZIE2YI4y0ofEQNONoaFe3JCxCKYx8w1Po36hWqiMLH5Y3m3D+AhZnOQpUXAUD/SNkmoCXuMvSqPSVZ2X6Ebe8B8kstHhm24pMrdz8hm4VCMQBUJtM2z+oQZsniQkwLxnk4JSq8XC5/g1hm0I2lV/WIYmV4gm0AP/AIJ//9oADAMBAAIAAwAAABDzzzzzzzzzzzzzzzzzzzzzzzzzzzzzzzzzzzzzzzzzzzzzzzzzzzzzzzzzzzzzzzzzzzzzzzzzzzzzzzzzzzzzzzzzzzzzzzzzzzzzzzzzzzzzzzzzzzzzzzzzzzzzzzzzzzzzzziTzzzzzzzzzzzzzzzzzzzzzzzxTzzzzzzzzzzzzzzzzzzzzzzzxTzzzzzzzzzzzTzzzzzzzzzzzzzzzzzzzzzzwjzzzzzzzzzzzyxzzzzzzzzzzyjzzzzzzzzzzzyhTzzzzzzzzzyzzzzzzzzzTRDDTzjzzzzzzzzzDzzzzzzjDSTQhCyRBjDzzzzzzDzzzQChRgCRDiSzBDCCBDzTzwDzzxwTTCjRxSBTzzzzzwARTTAjzyzgTwQBRywQhCAADDizji8AwzyzTChjTDTTyAQhTRwwQRmFEQzyhigTE5yTjCzjRGItTyGxDxSjyzyDxxTDAARTwznyKyQAzghCRTzyxjQDjSixhxe8zgTARiAQwRzzzzzxxQBAzS1tVRCAAgRjBTzzzzzzzzyzihjAqlyQAgCSBzzzzzzzzzzzzwyCTzuxyBhxzzzzzzzzzzzzzzzzzyxxjQwRzzzzzzzzzzzzzzzzzzzzxyzzzzzzzzzz/8QAJREAAQMDAgYDAAAAAAAAAAAAAQARITFAQVFhECAwUICBkaHB/9oACAEDAQE/EPIt+iFcmuayQ9j4UYa7kvGkDHuEBuZhv0bc5Sy66BQcI2JURYODgiotytx1yCqt8bCfsoeTBalUT25VOAuRcMm77//EACMRAAEDAwQCAwAAAAAAAAAAAAEAESExQFEwQVBhgaEggMH/2gAIAQIBAT8Q+xbaMqTWD6NdAefShiHcl4xA28wgZ6x+jr5mDZrgKBJHRUFAOx2ItyZ5VwVVujoT7QWWDkKJs24QCNw6J53/xAAtEAEAAgEEAQIFBQEAAwEAAAABABEhMUFRYXGBkRAgQKHBMLHR4fBQYHDxgP/aAAgBAQABPxD/APa9/wAfZ0Lt1dsK8Rp70cDdg4CZ/wCjxHv1bL1rPcUfAa7qeDl+a/6Bzc4RXaKGnbM1NfHpGu6FXD/6s8+fPnz5v+Ps6F26u2FeI096OBuwcBM/V+WV/TTxHv1bL1rPcUfAa7qeDl+a+pJaSZjov02c3OEV2ihp2zNTXx6RruhVw/VZz1KeR7p/+iefOR9SgufB6/6P58qDqmTcG1/8J/z5fv8Ayyv6eSzpoZ7IIPVgkfU+pfvyWkmY6L9JhB6xQerDxdAF8MCMExwlMva2ekeEeRputhV8q7aeGG4qDpkwbFsIsmzFVznsC6Y7/TZz1KeR7p/oRAUANViwFwFd4yV6y7B4yL7B+WGUpqwOKYg8W2Iz43YdKi9Qv2eYql1VtXea5dJV5Y1sD1L5RfgVxs8WGOojccpYIRrqDgfJBJSsRw9Po8j6lBc+D1+v7EPjt4GZXdFF9hqiBIuQy2Uyx+88onq5jFMWU+hqY9LmKl/45jBSb1g8GhA3Z50lXA5+IXC1lTHJ6ulr2hJt1CveQZragu3mEkfcX6BQdUybg2v6n5orJH7w5AsK19mQGUUUWuXv4qGXnaC94DILVg+8scHVTLt0iBzgOh50IkTrWKdGsD4hUzHhwmEX4zBP2MHpgh98G/4h+UXBP7/5g2/3P5hEU56ipg4aJTzMRHWWW8zLGYQft9O/flBm6YIOVWBGXaomOchVX5cEUm5G16QwRAAU4p7DSGX4mAvZVsMF+mYerHt+2avbSZXqdE0wawPeC5/hc+0u+PiiaAd31feOWo3P9I5KLfn7Q1ovV+8AUatLoimkerHRPiizh4CH9IQfX7c/+Ahs/sIfVXmBYRu5DSfhvo8wEz9UZPMGr3Fft9E/fsA3mgbTwERX0oqtbktmKiQowA4iFqe2YKZpWntLuGbGp8BFVUtdVi38NZ4lRt25YPcgKI5qHyy92TI+xAPeJSYszpHL82wg/VAAAAOCixclf2BqNeZdzMLZJRhl0J7Jrk/Wfv0klNKVIOtm0Zwh8NeV6nCnUCLCiJrgQsc42w485csxouHLswU8aI38Fv4l0TtzKYUW8omtKZXA+kolxopR7S3FF0EC4HtCCD9EAAHR+gAAHDXIsVP9oLZgC/och7Tbmsk9uv6b9+jAMDwFx0u8dOCCtQ8x0RKOB2Os0hMAC1WmMu5TFmVzoDLa9/MHckMZ7ujwIUhrVCe8ucksGfAuWrB30HvKBU0VD0XMjqAVFzW1VuEBCD9MAAAdHzgAEIwAIECGtDSxUJh+qFAdsWVLVfsU1jFnQz7DGLjZrnz7+pLUVq0KvsMre3HdbthiPC8shZUdOa0LXdTHquMCiZBYRwYcEbqroQfZrnMWaLd1/uJhbeGh/eYsg0pfmXeYKpPzQ8AV6Z4qpgWRlu98I/vBmRg/clocjxs1L2TZgHT5QDo+B0fOAAfAEKwAKIECssDTMUQTrGnrCAI0H64aENzOph9GJTrzdnmoaF8ylZwkDIG1KZNvQ03jRIFavZtldxEaV4h7wAII6J8jiNYERa7x8A+AYSgXWmJqcNiRK9ISomqzooB6ShZW5s/ptN2ABr5xOmJCn5HAFYxX6S2gcHA6EH0OEs+xFEoiWJ8Do/SAAAfo3pF6N6p0rylDJeRgtyCxZyrG18esW4E56u9UUydrdWX+ZW0VCSBh0PEHrFyRyXbQCCUgQAnR+ZuKKAHnRHbKct4yEB4KPkBq/s42suyBvBKJyQTBvGzmWkjaI6kMSwNxph9E94P9xreDVAfG/tGVsjrngZWw6/yvxBWgtYLtt4QSGqUC1pLW7DicR0RdJs/MADqgr1KPSjUK9CpS/ebmmHwQuJ1ToiCZqFAQ27Ky1f7vCKs1lntjwSppLhVauCmBF/ojIrEh7tFBHA2KFJycxDyNWWhTQg4rXpZDodGYuDpRm33q/LAyi37VOf7kqV4yzMm+sI5uWfAzEFhK4CCjbiKQImo/A7lFdWMAQ96+8MR7gjf4Y9tw1ezs29IFp6lnxMt8b4QR6uSBfVDK2icxmUgYcmaLwQZamxzRlcJOj4FgKmn6EhYB6MwuJ1zpnXOmdMsk0bAR3TSqzt/hLrmC2Sl8GxHaJIl4QwrYacGHunviClS6UtjlYjX68l9nG7GXOkChqosDVqajbT76HBAiEOCBLPkBhV1BhEpJnxcWhujqBHiOTBgAbe4aSblUsZmIrJnHIYI17TcX0SUy9C9di9wMMLoqzq41JNaT8DqZk3IchxvVNeYhEfeGrJUNPq/EdE1MBIrXm0Z4zVzTsxJwOgJgeLaGYOq9K3lBiP8AMwYEdQAy3SBOG2hXsYs7LgQMdn2QYckoH7tawk4WJYzrm7UR6JbAEJPQw38vxAvYDkgoiuCOhnAKi0tKwZ8BHrOEpGqu0A3FCRWLd44IHE3Gi8Pg8uYCIGACggQoBslZXmGiEDNQcDT935cGCNSAZejtMtyWmo3EHQbj8wcjDwLeWAhNxCwyhVYHkagqFy3vBZYIITUWgmOd4UQ3Lks3eXbFf/YZyQnE3J+KAGYz40g5hbNYjJ0m5EC5Nq/wvXwSMsBqJoymYztv4y/WdU64sKGT93RgviBExQaArYMVEBRvjiUtqOFsqIgYsBhtQ2nROiBGFHdu384GjQ5IYIoqUrAU1CLRC9Hg8PEYl63T4sHtiUJcnCAyujEJk1DF6EN3HTV4iVcA+RnKmVa3BWiDSLan88ZX8gAKSJgW4HIvqJSLuGKFaBTHSp8N1DKspMIy/wAmaA4Ep6yrYEo5MPMA1zKonMq9k0IaVcMwLyhigpRp2cMVsC0M9f5fARcwkgWh2uvWEHEdEnXFa/q6/PI9S0PFO+WMudl64VNGvkm8FjAnUqqXi4GAGydEtmesnSDqqUtVbWEmKC8QgAAascuDRsPLB/jfl2ByppS4KfZhN3MGSGVLDVXLCKUWuIP5mC6v08EeOTVWCFhjS4OXcN/SUXJVaUCGuDvGyiQHR/uhD8rUCLBLe0NEX1FdF3D9MWiUZXfMairbTtKpU1eR4dJVENHEJ0fgIB8hG0Z0lKm8D2mOn7Tah9noFiR2p4Oe05/ZCqCmUusKTBg+kq6mec1rlrGFEX7Tt2oyaOO6hXkB6JyJBYJgpR933hLVXeSvtjFAOq2DvU94jGJyq2s6ImnLoYV/BGsmLVKkVdx6EcUAFg5Zmd6ao3zLXjEMGm6SNzTPG8LLXBMnUNjj5d4+OA0GA8E0hmX03P8AEW0ug3ioMpZZVkEXltaBGUiX/bmDRiHJbtmDfHzoCkjARnmAWZ1F8dYu7VYUZW6lbCvyRarKoK/XaE0fch40zDLEn3UH7JrRGhOzKrzdDXEqZgARKRMJAMJR0BSiUm1TgOyOGBZl0Fn/ACKj0EvOB3FUGtghdWECtNBgPZAEFFYlzwmpOiBxAKFIxMlUl5ljgh4OiIkZK4fOiYhm41wBja84gOzFgGgBDLB1Dq/iKrvePLvA50gNlcjSJKOd3r/UtVQ4A8sY4VnWvzD/AH8oNMBHCEWR6O75jUiggdOCCA/RQdSDtjMJEX1M2l9QMDDY3GWr2tWLzs9Imemg+ruespo+7DpGpvD+hNCo+0Yb8qHCBWYkmvFL+7m5G8NTFK4524DUlDxNixCGC0pDUeXLtBdBht6Lym7ZHpAEvdDkdhjIQ4ARXnSLjhTOOHlj4MhS6poeNYG10DyCsp7l8p/irmYLN6jxxMrYq8wKyHEMrxtj+YfWsAIdva0X5OIuFlJ9LGVli+0jHlbJegqitOV3mHJA2gAAOobQ/VApg0dfUstl6lpC7i4X11DzognQ+Vovc1JQeKGjBgBozOjlAqBvCKImv3l8kFjRjwWlV+Ak7p2nDHq4EZjOpIoYEgkIDZndhmd4qZeaWQ9XB6JdMjXg8sylB9v8y3B4lmrXYgktPRr/AFLxRXAlaRZca+CHdPyS3i9I8RkBV6d0fA1svQNCK4kCCYiHEEAGPoSsI8ED1LPS+oluu4yky2xAACFM6dbfWWmCFgTpgOnVgoglHMepXA3fu/IAGxKpm+qUyeDC91qaJQvoVAvUxLNI2RpADLBlFHL8EGjy6rWWbpusB5Yjs3JdX8xwp4z6fBgI/YMpKdt4xAUogzArqGQSoAKCvpC6EdCLlnC+pdQu4QR7wV9m0LklQUTxvHSTpRHoyoBmCCY5b4oBsSqCIo3GPewbfa/xAvLCBYBa1oeWANs+0QG5dAIHrLld+TiByDL93dmiV7gXTaNHfVl2sakqqDBldQah9RqBEwluWIL6iMq7gmULTV4ma+fFdG+dGEBPNDoqanpRuGYvXnuVpN/GLPE9oqUiy/cEilwXxELbwHL5YAAAGxKaD1w34hMgc704izw1fv5XeOhLcoaXitoNArqBgGJpg+rQSkjARnmATL6jeMt7QzEugKesYqjgrMKKrUDBD/Vmdk9wUmj3CqxFS9RGaD+DCDC06uxBqUe29+ZQW1otvsaRVmRRqd/xBq6BQjYgrqGgSoBQ+vQdSFojMPEX1Fmy+oRdQCi5EKpbXvovq8RH3lhNme4Tlsd4Qi37oi2cOC1jkb1Lz5cwipsKAS4G47PlgCD2gKhjqBUB/wAQSmAUVfUK3XUEYAiNhiCiyDJ70+1RUtNBYbOqfePCKxwIxHbJV6Af3NWloPfgww6RqdG8NJiAFBCjGAEaYP8Aj6oQpwm1Iq6HtNMX1AvdYfUmpTg+y0U7wI41RD2XeUCwWXANB/zNSIzYjZGwCCYP/BP/2Q==","provType":"MONITORING","date":"2018-03-12T10:59:31.62Z"}}},"provision.device.location":{"_value":{"_current":{"value":{"position":{"type":"Point","coordinates":[39.84875207924851,4.408543204833256]},"postal":"28033","source":"GPS"},"provType":"MONITORING","date":"2018-03-12T10:59:31.718Z"}}},"provision.device.model":{"_value":{"_current":{"value":{"name":"OpenGate","version":"1.0","manufacturer":"OpenGate"},"provType":"MONITORING","date":"2018-03-12T10:59:32.216Z"}}},"provision.device.name":{"_value":{"_current":{"value":"CHD_DEV_5 name","provType":"MONITORING","date":"2018-03-12T10:59:31.72Z"}}},"provision.device.specificType":{"_value":{"_current":{"value":"CONCENTRATOR","provType":"MONITORING","date":"2018-03-12T10:59:31.624Z"}}},"resourceType":{"_value":{"_current":{"value":"entity.device","provType":"IDENTIFIER","date":"2018-03-12T10:59:32.217Z"}}}},{"provision.administration.channel":{"_value":{"_current":{"value":"default_channel","provType":"MONITORING","date":"2018-03-12T10:59:38.412Z"}}},"provision.administration.identifier":{"_value":{"_current":{"value":"CHD_DEV_6","provType":"MONITORING","date":"2018-03-12T10:59:38.414Z"}}},"provision.administration.organization":{"_value":{"_current":{"value":"chemacorp","provType":"MONITORING","date":"2018-03-12T10:59:38.411Z"}}},"provision.administration.plan":{"_value":{"_current":{"value":"FLOW_RATE_100","provType":"MONITORING","date":"2018-03-12T10:59:38.408Z"}}},"provision.administration.serviceGroup":{"_value":{"_current":{"value":"emptyServiceGroup","provType":"MONITORING","date":"2018-03-12T10:59:38.409Z"}}},"provision.device.administrativeState":{"_value":{"_current":{"value":"ACTIVE","provType":"MONITORING","date":"2018-03-12T10:59:38.398Z"}}},"provision.device.communicationModules[].description":[{"_index":{"path":"provision.device.communicationModules[].identifier","value":{"_current":{"value":"COMMS1_SN_CHD_DEV_6","provType":"MONITORING","date":"2018-03-12T10:59:37.999Z"}}},"_value":{"_current":{"value":"COMMS1_SN_CHD_DEV_6 desc","provType":"MONITORING","date":"2018-03-12T10:59:38.305Z"}}},{"_index":{"path":"provision.device.communicationModules[].identifier","value":{"_current":{"value":"COMMS2_SN_CHD_DEV_6","provType":"MONITORING","date":"2018-03-12T10:59:37.81Z"}}},"_value":{"_current":{"value":"COMMS2_SN_CHD_DEV_6 desc","provType":"MONITORING","date":"2018-03-12T10:59:37.911Z"}}}],"provision.device.communicationModules[].identifier":[{"_index":{"path":"provision.device.communicationModules[].identifier","value":{"_current":{"value":"COMMS1_SN_CHD_DEV_6","provType":"MONITORING","date":"2018-03-12T10:59:37.999Z"}}},"_value":{"_current":{"value":"COMMS1_SN_CHD_DEV_6","provType":"MONITORING","date":"2018-03-12T10:59:37.999Z"}}},{"_index":{"path":"provision.device.communicationModules[].identifier","value":{"_current":{"value":"COMMS2_SN_CHD_DEV_6","provType":"MONITORING","date":"2018-03-12T10:59:37.81Z"}}},"_value":{"_current":{"value":"COMMS2_SN_CHD_DEV_6","provType":"MONITORING","date":"2018-03-12T10:59:37.81Z"}}}],"provision.device.communicationModules[].name":[{"_index":{"path":"provision.device.communicationModules[].identifier","value":{"_current":{"value":"COMMS1_SN_CHD_DEV_6","provType":"MONITORING","date":"2018-03-12T10:59:37.999Z"}}},"_value":{"_current":{"value":"COMMS1_SN_CHD_DEV_6 name","provType":"MONITORING","date":"2018-03-12T10:59:38.112Z"}}},{"_index":{"path":"provision.device.communicationModules[].identifier","value":{"_current":{"value":"COMMS2_SN_CHD_DEV_6","provType":"MONITORING","date":"2018-03-12T10:59:37.81Z"}}},"_value":{"_current":{"value":"COMMS2_SN_CHD_DEV_6 name","provType":"MONITORING","date":"2018-03-12T10:59:37.996Z"}}}],"provision.device.communicationModules[].subscriber.administrativeState":[{"_index":{"path":"provision.device.communicationModules[].identifier","value":{"_current":{"value":"COMMS1_SN_CHD_DEV_6","provType":"MONITORING","date":"2018-03-12T10:59:37.999Z"}}},"_value":{"_current":{"value":"ACTIVE","provType":"MONITORING","date":"2018-03-12T10:59:38.106Z"}}},{"_index":{"path":"provision.device.communicationModules[].identifier","value":{"_current":{"value":"COMMS2_SN_CHD_DEV_6","provType":"MONITORING","date":"2018-03-12T10:59:37.81Z"}}},"_value":{"_current":{"value":"ACTIVE","provType":"MONITORING","date":"2018-03-12T10:59:37.808Z"}}}],"provision.device.communicationModules[].subscriber.description":[{"_index":{"path":"provision.device.communicationModules[].identifier","value":{"_current":{"value":"COMMS1_SN_CHD_DEV_6","provType":"MONITORING","date":"2018-03-12T10:59:37.999Z"}}},"_value":{"_current":{"value":"SUBS1_SN_CHD_DEV_6 desc","provType":"MONITORING","date":"2018-03-12T10:59:38.109Z"}}},{"_index":{"path":"provision.device.communicationModules[].identifier","value":{"_current":{"value":"COMMS2_SN_CHD_DEV_6","provType":"MONITORING","date":"2018-03-12T10:59:37.81Z"}}},"_value":{"_current":{"value":"SUBS2_SN_CHD_DEV_6 desc","provType":"MONITORING","date":"2018-03-12T10:59:37.713Z"}}}],"provision.device.communicationModules[].subscriber.identifier":[{"_index":{"path":"provision.device.communicationModules[].identifier","value":{"_current":{"value":"COMMS1_SN_CHD_DEV_6","provType":"MONITORING","date":"2018-03-12T10:59:37.999Z"}}},"_value":{"_current":{"value":"SUBS1_SN_CHD_DEV_6","provType":"MONITORING","date":"2018-03-12T10:59:38.008Z"}}},{"_index":{"path":"provision.device.communicationModules[].identifier","value":{"_current":{"value":"COMMS2_SN_CHD_DEV_6","provType":"MONITORING","date":"2018-03-12T10:59:37.81Z"}}},"_value":{"_current":{"value":"SUBS2_SN_CHD_DEV_6","provType":"MONITORING","date":"2018-03-12T10:59:37.716Z"}}}],"provision.device.communicationModules[].subscriber.model":[{"_index":{"path":"provision.device.communicationModules[].identifier","value":{"_current":{"value":"COMMS1_SN_CHD_DEV_6","provType":"MONITORING","date":"2018-03-12T10:59:37.999Z"}}},"_value":{"_current":{"value":{"name":"TEST","version":"1.0","manufacturer":"sb-HD"},"provType":"MONITORING","date":"2018-03-12T10:59:38.005Z"}}},{"_index":{"path":"provision.device.communicationModules[].identifier","value":{"_current":{"value":"COMMS2_SN_CHD_DEV_6","provType":"MONITORING","date":"2018-03-12T10:59:37.81Z"}}},"_value":{"_current":{"value":{"name":"TEST","version":"1.0","manufacturer":"sb-HD"},"provType":"MONITORING","date":"2018-03-12T10:59:37.798Z"}}}],"provision.device.communicationModules[].subscriber.name":[{"_index":{"path":"provision.device.communicationModules[].identifier","value":{"_current":{"value":"COMMS1_SN_CHD_DEV_6","provType":"MONITORING","date":"2018-03-12T10:59:37.999Z"}}},"_value":{"_current":{"value":"SUBS1_SN_CHD_DEV_6 name","provType":"MONITORING","date":"2018-03-12T10:59:38.1Z"}}},{"_index":{"path":"provision.device.communicationModules[].identifier","value":{"_current":{"value":"COMMS2_SN_CHD_DEV_6","provType":"MONITORING","date":"2018-03-12T10:59:37.81Z"}}},"_value":{"_current":{"value":"SUBS2_SN_CHD_DEV_6 name","provType":"MONITORING","date":"2018-03-12T10:59:37.718Z"}}}],"provision.device.communicationModules[].subscriber.serialNumber":[{"_index":{"path":"provision.device.communicationModules[].identifier","value":{"_current":{"value":"COMMS1_SN_CHD_DEV_6","provType":"MONITORING","date":"2018-03-12T10:59:37.999Z"}}},"_value":{"_current":{"value":"SUBS1_SN_CHD_DEV_6ICC","provType":"IDENTIFIER","date":"2018-03-12T10:59:38Z"}}},{"_index":{"path":"provision.device.communicationModules[].identifier","value":{"_current":{"value":"COMMS2_SN_CHD_DEV_6","provType":"MONITORING","date":"2018-03-12T10:59:37.81Z"}}},"_value":{"_current":{"value":"SUBS2_SN_CHD_DEV_6ICC","provType":"IDENTIFIER","date":"2018-03-12T10:59:37.799Z"}}}],"provision.device.communicationModules[].subscriber.software":[{"_index":{"path":"provision.device.communicationModules[].identifier","value":{"_current":{"value":"COMMS1_SN_CHD_DEV_6","provType":"MONITORING","date":"2018-03-12T10:59:37.999Z"}}},"_value":{"_current":{"value":{"name":"software","version":"1.0","type":"SOFTWARE"},"provType":"MONITORING","date":"2018-03-12T10:59:38.015Z"}}},{"_index":{"path":"provision.device.communicationModules[].identifier","value":{"_current":{"value":"COMMS2_SN_CHD_DEV_6","provType":"MONITORING","date":"2018-03-12T10:59:37.81Z"}}},"_value":{"_current":{"value":{"name":"software","version":"1.0","type":"SOFTWARE"},"provType":"MONITORING","date":"2018-03-12T10:59:37.806Z"}}}],"provision.device.communicationModules[].subscriber.specificType":[{"_index":{"path":"provision.device.communicationModules[].identifier","value":{"_current":{"value":"COMMS1_SN_CHD_DEV_6","provType":"MONITORING","date":"2018-03-12T10:59:37.999Z"}}},"_value":{"_current":{"value":"GENERIC","provType":"MONITORING","date":"2018-03-12T10:59:38.011Z"}}},{"_index":{"path":"provision.device.communicationModules[].identifier","value":{"_current":{"value":"COMMS2_SN_CHD_DEV_6","provType":"MONITORING","date":"2018-03-12T10:59:37.81Z"}}},"_value":{"_current":{"value":"GENERIC","provType":"MONITORING","date":"2018-03-12T10:59:37.802Z"}}}],"provision.device.communicationModules[].subscription.address":[{"_index":{"path":"provision.device.communicationModules[].identifier","value":{"_current":{"value":"COMMS1_SN_CHD_DEV_6","provType":"MONITORING","date":"2018-03-12T10:59:37.999Z"}}},"_value":{"_current":{"value":{"type":"IPV4","value":"172.18.19.24","apn":"movistar.es"},"provType":"REFERENCE","date":"2018-03-12T10:59:38.301Z"}}},{"_index":{"path":"provision.device.communicationModules[].identifier","value":{"_current":{"value":"COMMS2_SN_CHD_DEV_6","provType":"MONITORING","date":"2018-03-12T10:59:37.81Z"}}},"_value":{"_current":{"value":{"type":"IPV4","value":"172.18.19.24","apn":"movistar.es"},"provType":"REFERENCE","date":"2018-03-12T10:59:37.906Z"}}}],"provision.device.communicationModules[].subscription.administrativeState":[{"_index":{"path":"provision.device.communicationModules[].identifier","value":{"_current":{"value":"COMMS1_SN_CHD_DEV_6","provType":"MONITORING","date":"2018-03-12T10:59:37.999Z"}}},"_value":{"_current":{"value":"ACTIVE","provType":"MONITORING","date":"2018-03-12T10:59:38.304Z"}}},{"_index":{"path":"provision.device.communicationModules[].identifier","value":{"_current":{"value":"COMMS2_SN_CHD_DEV_6","provType":"MONITORING","date":"2018-03-12T10:59:37.81Z"}}},"_value":{"_current":{"value":"ACTIVE","provType":"MONITORING","date":"2018-03-12T10:59:37.908Z"}}}],"provision.device.communicationModules[].subscription.description":[{"_index":{"path":"provision.device.communicationModules[].identifier","value":{"_current":{"value":"COMMS1_SN_CHD_DEV_6","provType":"MONITORING","date":"2018-03-12T10:59:37.999Z"}}},"_value":{"_current":{"value":"SUBT1_SN_CHD_DEV_6 desc","provType":"MONITORING","date":"2018-03-12T10:59:38.204Z"}}},{"_index":{"path":"provision.device.communicationModules[].identifier","value":{"_current":{"value":"COMMS2_SN_CHD_DEV_6","provType":"MONITORING","date":"2018-03-12T10:59:37.81Z"}}},"_value":{"_current":{"value":"SUBT2_SN_CHD_DEV_6 desc","provType":"MONITORING","date":"2018-03-12T10:59:37.902Z"}}}],"provision.device.communicationModules[].subscription.identifier":[{"_index":{"path":"provision.device.communicationModules[].identifier","value":{"_current":{"value":"COMMS1_SN_CHD_DEV_6","provType":"MONITORING","date":"2018-03-12T10:59:37.999Z"}}},"_value":{"_current":{"value":"SUBT1_SN_CHD_DEV_6","provType":"MONITORING","date":"2018-03-12T10:59:38.208Z"}}},{"_index":{"path":"provision.device.communicationModules[].identifier","value":{"_current":{"value":"COMMS2_SN_CHD_DEV_6","provType":"MONITORING","date":"2018-03-12T10:59:37.81Z"}}},"_value":{"_current":{"value":"SUBT2_SN_CHD_DEV_6","provType":"MONITORING","date":"2018-03-12T10:59:37.9Z"}}}],"provision.device.communicationModules[].subscription.mobile.homeOperator":[{"_index":{"path":"provision.device.communicationModules[].identifier","value":{"_current":{"value":"COMMS1_SN_CHD_DEV_6","provType":"MONITORING","date":"2018-03-12T10:59:37.999Z"}}},"_value":{"_current":{"value":"Telefónica Móviles España, SAU","provType":"MONITORING","date":"2018-03-12T10:59:38.296Z"}}},{"_index":{"path":"provision.device.communicationModules[].identifier","value":{"_current":{"value":"COMMS2_SN_CHD_DEV_6","provType":"MONITORING","date":"2018-03-12T10:59:37.81Z"}}},"_value":{"_current":{"value":"Telefónica Móviles España, SAU","provType":"MONITORING","date":"2018-03-12T10:59:37.817Z"}}}],"provision.device.communicationModules[].subscription.mobile.imsi":[{"_index":{"path":"provision.device.communicationModules[].identifier","value":{"_current":{"value":"COMMS1_SN_CHD_DEV_6","provType":"MONITORING","date":"2018-03-12T10:59:37.999Z"}}},"_value":{"_current":{"value":"SUBT1_SN_CHD_DEV_6_IMSI","provType":"IDENTIFIER","date":"2018-03-12T10:59:38.212Z"}}},{"_index":{"path":"provision.device.communicationModules[].identifier","value":{"_current":{"value":"COMMS2_SN_CHD_DEV_6","provType":"MONITORING","date":"2018-03-12T10:59:37.81Z"}}},"_value":{"_current":{"value":"SUBT2_SN_CHD_DEV_6_IMSI","provType":"IDENTIFIER","date":"2018-03-12T10:59:37.811Z"}}}],"provision.device.communicationModules[].subscription.mobile.msisdn":[{"_index":{"path":"provision.device.communicationModules[].identifier","value":{"_current":{"value":"COMMS1_SN_CHD_DEV_6","provType":"MONITORING","date":"2018-03-12T10:59:37.999Z"}}},"_value":{"_current":{"value":"MSISDN_FAKE","provType":"MONITORING","date":"2018-03-12T10:59:38.216Z"}}},{"_index":{"path":"provision.device.communicationModules[].identifier","value":{"_current":{"value":"COMMS2_SN_CHD_DEV_6","provType":"MONITORING","date":"2018-03-12T10:59:37.81Z"}}},"_value":{"_current":{"value":"MSISDN_FAKE","provType":"MONITORING","date":"2018-03-12T10:59:37.815Z"}}}],"provision.device.communicationModules[].subscription.mobile.registeredOperator":[{"_index":{"path":"provision.device.communicationModules[].identifier","value":{"_current":{"value":"COMMS1_SN_CHD_DEV_6","provType":"MONITORING","date":"2018-03-12T10:59:37.999Z"}}},"_value":{"_current":{"value":"Telefónica Móviles España, SAU","provType":"MONITORING","date":"2018-03-12T10:59:38.214Z"}}},{"_index":{"path":"provision.device.communicationModules[].identifier","value":{"_current":{"value":"COMMS2_SN_CHD_DEV_6","provType":"MONITORING","date":"2018-03-12T10:59:37.81Z"}}},"_value":{"_current":{"value":"Telefónica Móviles España, SAU","provType":"MONITORING","date":"2018-03-12T10:59:37.813Z"}}}],"provision.device.communicationModules[].subscription.name":[{"_index":{"path":"provision.device.communicationModules[].identifier","value":{"_current":{"value":"COMMS1_SN_CHD_DEV_6","provType":"MONITORING","date":"2018-03-12T10:59:37.999Z"}}},"_value":{"_current":{"value":"SUBT1_SN_CHD_DEV_6 name","provType":"MONITORING","date":"2018-03-12T10:59:38.298Z"}}},{"_index":{"path":"provision.device.communicationModules[].identifier","value":{"_current":{"value":"COMMS2_SN_CHD_DEV_6","provType":"MONITORING","date":"2018-03-12T10:59:37.81Z"}}},"_value":{"_current":{"value":"SUBT2_SN_CHD_DEV_6 name","provType":"MONITORING","date":"2018-03-12T10:59:37.91Z"}}}],"provision.device.communicationModules[].subscription.specificType":[{"_index":{"path":"provision.device.communicationModules[].identifier","value":{"_current":{"value":"COMMS1_SN_CHD_DEV_6","provType":"MONITORING","date":"2018-03-12T10:59:37.999Z"}}},"_value":{"_current":{"value":"MOBILE","provType":"MONITORING","date":"2018-03-12T10:59:38.21Z"}}},{"_index":{"path":"provision.device.communicationModules[].identifier","value":{"_current":{"value":"COMMS2_SN_CHD_DEV_6","provType":"MONITORING","date":"2018-03-12T10:59:37.81Z"}}},"_value":{"_current":{"value":"MOBILE","provType":"MONITORING","date":"2018-03-12T10:59:37.897Z"}}}],"provision.device.description":{"_value":{"_current":{"value":"CHD_DEV_6 desc","provType":"MONITORING","date":"2018-03-12T10:59:38.403Z"}}},"provision.device.identifier":{"_value":{"_current":{"value":"CHD_DEV_6","provType":"MONITORING","date":"2018-03-12T10:59:38.402Z"}}},"provision.device.image":{"_value":{"_current":{"value":"data:image/jpeg;base64,/9j/4AAQSkZJRgABAQEASABIAAD/2wBDAAMCAgICAgMCAgIDAwMDBAYEBAQEBAgGBgUGCQgKCgkICQkKDA8MCgsOCwkJDRENDg8QEBEQCgwSExIQEw8QEBD/2wBDAQMDAwQDBAgEBAgQCwkLEBAQEBAQEBAQEBAQEBAQEBAQEBAQEBAQEBAQEBAQEBAQEBAQEBAQEBAQEBAQEBAQEBD/wgARCAGQAZADASIAAhEBAxEB/8QAHAABAAEFAQEAAAAAAAAAAAAAAAYCAwQFBwgB/8QAGQEBAQEBAQEAAAAAAAAAAAAAAAEEBQMG/9oADAMBAAIQAxAAAAH1SAAAAAAAAAAAAAAAAAAAAAAAAAAAAAAAAAAAAAAAAAAAAAAAAAAAAAAAAAAAAAAAAAAAAAAAAAAAAAAAAAAAAAAAAAAAAAAAAAAAAAAAAAAAAAAQUnTlnUwAAAAAAAAAAAAAAAAAAAAAAB499hcLPP8A7z8s+pwAAAAAAAAAAAAAAAAAAAAAABxjs/GCG+mfM3pkAAAAAAAAAAAAAAAAAAAAAAAcY7PxghvpnzN6ZAAAAAAAAAAILpuIQ096Pn0AAAAAAAAAAAcX7Rw8h/qDyh6vAAAAAAAAAAOFwzoENPTIAAAAAAAAAAAHBO9+eiC+v/GnssAAAAAAAAAA4xDZlDT0yAAAAAAAAAAAxcgq87+iPO5zz2X409lgAAAAAAAAAHGIbMYOeoAAAAAAAACOkio4tGTsUIs/DS5mrHQYFb+kQ9fefJedURmRFwAAAAAAAAHD4BNOdnr8AAAAAxjJc7gh2vm0KlxDL0/05sMeK2i/Y+gfQ+Wy79xfhmZun+nQJZxX6ejr3neVHXkRk5fAAAAAB565z0Pnh7LAAAWeQnYo7yvVkxjGNcN5fitJINPjgUFX3BpM3GtCtjWjM+4X0zWJUZCzUXftuouV2qi9ma+om0v45UeicrzrJjsiEykzQAAed+edD54eywACg1XmjsUFOMTKYRElX3kW5OhsS2Z9nVVl/wCY+MbDFs1D79+ipUPv36KlQqVCpUKlQqVCpUKlQvW6iRyvmX07xm8A3p2JBpWcF550Lnp7LAA0W9hxz+J7jTi5R9M+DSy2cJwZNgkU10u1hocuzryVb7mw7fLvMV49SVcH6cSyr5WPv2o+VqhUqFSo+Vfaj5V9rKaqvp8+tQbjTwLZFGv6zLU4bt+1Xl5Rn9RjR0rZeV+wHSAIXNI0cY11usrqVC9brOJ4tVmS9XifLdjYx7ho470W4cpdB1xD7/Tpscz7VgcrO4VYWeKlwpqyskwsjKrLN25WU11VlP1AjM18t6ERST7PKTVZu3xS7HoZzMkfPZTG1k3ZY9ITpgGv2GKeWYz6P42WNvzbKOj1x3eHE95o8PJi2+FizPNmiFMljWvZ9y8XJ06usdR5b1oh3NumcHKIbpcAnfoHyJ6tNzmXKyzYt0cnjZv3X53N5mwu67bd/wCipXYhp1aybWuhlvMyc1Me7qOZLPOUauRGhkt60cz6RqOhFOxw8w6WADH00h+HKuZendUePa/R/NDgX2QQ4233X5hd+qinKsZJ1XrHKOsEN4j27hxroROxyvvPLOunWbnEpeSrXynI5PGj1O9zsHP12bXV3/o9doc/pXt7XNzTEyRwKB4xTn7S6U3KPh9fai5MYVYOg67mPWTo/wBt3AAAC3rdsOfc29D4B4rg/ufnZ5dzptADYZWg251/rPJetkL4f3Hh5rqvn0v+ivN/oQmUBmtaed913aODL4x8XtVWu25ur8IgBJIxuNiWshSV0qj5V9zjHytTBTf6WV9YIn0rMyh9AAAAACnDzhEIB23FPIHP/ccFOQ9n5ptjM4j1HkJR9ouD0T539HpvqlYqfbLuBm2l88ZG7kUun3qs+vn0VLpbyrkeN/BLPQSCdclcgMDZ1gAAAAAAAAD5YyBHoV1W0eaeSe3IgeLc/uHKDD9L+TfRZ0arXbFPtfyuxh5uGvIJNo97L9fLh8rvVlWLqss0e9nkxI5Lsu4fPoAAAAAAAAAAAALdwamK9AoPPMK9Wxs89TLfQw6JteKSNOm4WDfrl0hjcnl+5ON8LNyZyki0s22WWb/0AAAAAAAAAAAAAAAAKahiavf/AAgsO7PjnnDXelomcAnuz6eQ2Z7PKMXMrAAAAAAAAAAAAAAAAAAAAAHyi4LFdwfPoAAAAAAAAf/EADMQAAAGAQIDBwMDBAMAAAAAAAABAgMEBQYHERIgQBATFCEzNTYwMVAiIzQVFiQyJWCA/9oACAEBAAEFAv8A2vkeWwMdFBn8C5lfkM677+54fe+LL7fj9UYcfwem0KPKvPyGqPs+l3vH5DVH2fS73j8hqj7Ppd7x0uR5bAx0UGfwLmV1OqPs+l3vHS51339zw+98WX26jVI9qbStW930uqMOP4PTaFHlXnU6sq4aTSNfFfdLqj7Ppd7x1OsSuGh0aXxZB0uqPs+l3vHU61Hw4/op55D0uqPs+l3vHU62fH9E/kHS6o+z6Xe8dMqVHQojJRDWz4/on8g6XVI9qbStW930alpQU7KqiEHr62tDdNaXI9nNjCNlbpDUwzyWi0dhSoeRdLqyrhpNI18V90Nhf1NYU3PX3h3V9cqi4/FhplWLaS5I8t+K5FymQgRsgr5AQ424XRaxK4aHRpfFkH1plnAgJn6gRkCTb5JcnDxd102qqurkv3SEE6+8+r6DMuSwcbJ5bYjZFBfDbzTxfX1qPhx/RTzyH6b0liMmdmtbHEvIshsw1jsqUqNjkZgjk1UISL19YccW6rl3IgbrZDxDY8QO+WO8dHG8ON4Mzpsc4uVTWxFyaA+Gn2Xi+prZ8f0T+QfQUpKCl38CMJeSWb5/0+RYON19XEH9ThMBy6lqDkh57lUtCQclI45Ch3bpju2SG8ch3yCHiFDv1jvXB3ix3ix3ix3ix3qw1NkMnGyiY0IuTwXgzKjvl9HWz4/on8g5nnm47SNRqyxXIs5kobmCVsDfdMuVS0oBydxwvrHAwgeIQkG+4Y3Uf123nWji5FPYEbKIrgZmRpBc2tnx/RP5BzWDzRtZBp5WLUdhlGOHXZPV2IIyPlW8hsd4+6O6bSDkJSFOrV0yFrQca9nxxGydlYYmRpJdutnx/RP5ByrUSEyZRmcmWtS0yCUVjh9LZhcLLMbOuzKDINMuMtK58NseNS+CciNhUviG+/VoWtBsX82KImVRXwzOiyBrZ8f0T+QctxJ8PElu/oPzMEoyCJJkLmprrE/6LHSTlXGQFsIbCuJI8VJSG7eyaDWTW7QYzR8hHy2sdJiVGkp6WXbwYQfyOY+fg7OebNRJjhqfaxTkzWb2LiNRWYxaMWMORy5Me0SSrdPITBLOSg/EqhpUF1CFB2jfDkCW0DIy5G3nWVQcqsoorMjgWAL6mw4THCobH2TrWJAJ+0s7Q4GNOunCxtpsM1sdsigtLCaSMoHWwIyZ1hEbTIyRht7EpUp7kyo9oLp7p5EHsJjn+Z3w70E6OMjDkZh8n6VJh+HIj8iGXViqyGfVqiymJjXMTajBMgmkgkkNhsNgeySnW5rOJjpTFwscjMEiGlsEgw2wZhLaWymXjLRXGTNsOWq5ckY/WoiNYp/L7chY8RVFJTsSiPlm/wAwm1nyEowTg4ScD1D4g/7anoVDxYzEXHmGhLpq2QwTkzFp0OWzOY7CSZhLIJBENhsNhsNhsFrQ0iXMfsnKujJIYjIaIiCGjMJZISJbEYry8XHbORcXQebg49DpYL1jMXHSxFxT+X2yT/Re18qBJZsjI2JyFhLiVdsvymtLQ4U8myCIr6yNCkH2MH+5UElYZiRlNWMZpgSromzlZAJtr4lOK3CoE0ghkEnYKUhtKHnXh/nDvloCTSothsDMklLku2b9VUJbJtskklBmEMhx1mOmbbfplZKqYqNUGayIW/HOsqCEllub6GK/y+15HEVnWd8VpjZ8TkaXENixUkR7BKg26lQm/wAzsiymHEWbkdTfYx6lOIx/t3J+VsymSqXGfjrBHseOySn1Ow2Bd3xOSX3jSkwk1EGPJ7YbC2lKdXT1ZJJtrhJDI4UNlJtCSLTJY7LhRrO0NlhphBIGxBFeXiYMc0osEmljFf5fItolCRXIcE7H0OCxxjYPQZcQ2LBbZvSCVJJRGC7duxj1KcR/TuvtMP8AdcaQ8idXrjGMBsYqIJeY2EiI5uhbe5GgG82RxIjjJ7CY/wCGj1MFT7saJwJQ0RCROZji2vmIyXJ1xcqhVsSCRJMxuSR9+xpXAqBIjqFwlPg8YcLxpHvzKbJQfgoWJtE24LHGBY4xIZUtD8ZSHwlZHyMepTiP6d19pvqgyJRWFWbYoNOo17jLxZpiKqnNKqwCFJWSiQ4PCV4bNLJfcbCW0ubKrK1MZt15mMmdb7IlZFKnLj1DSXSLcbJSDMz7NuwyMg682wkrJ+xXQxERUI+3OaCMPQ0LEykbcFli6FlY4m40bzEqIaHwlwj7GP8AemEf07r7TfV7CMYo4TVAbhLFzg1BdB6hzPFFVWfQZCmH2JLew2GxivgtRkyLTYrTJmmXTr5VmtCENp4dhvyNtLcPdiOLG9QhTFdOtXaqiJoo0YmyLy+kaSMOxULEunbcKxxlKys8RNByIUyEaHxGdI10xiP6d1/rN9Xtxv2YEEuGQtsZo70pGC5HQLg567Dcg2UCyaLyFvfRq9t561vCiQo8Jsi3G+3IRGoyZQ0J9szGbclWFsqpxokiDUoaJthKC+qaSMOR0qEqpbcFhjaFi0w8t11s2C5RyBEeI27kyNM31e3Hi2p+QlGQn1tbatXWFpqnqmzzKS3CqmYp/ceRD79m3YhgzJclthMu7W6qBQvy3a2iQ2TENDZEki6HbcLYSoSaxtwT8dQsP0j8JcS1Q2LaTumU+Rukoj7aIv8AiOV0+Fu6dWtxtPAjlQ2pw/2mROt22j8NPtV1eOpQIlahokNknpdgppKhIrkOCdj6HBPx95BWVLOZWTq0GiQRglkYpPaeWX6MlHHP7dgRGYJpKBJmoaQt6ZOOvx/zhVCGw1HSgiLbqVNkYfgoWJtE24LfEW3im41LiBK3Urp7MmojMttwEZHyS/Rf/TOGxn2IaMwbyGyXLceVGplurh1CSDENKAlBF1poIw9DQsTKRtwWGLoM3a6ZENiyeYOHdkYYnNuBKiPsmei952ASk1H+20H5fmzVyZZxKpKCjwUpCGiT+BNJGHYqViVUNuCZjqFCRjzrZ8U+CcO8EexacEtxJsKPexLYLeS2liJMniFTMxwzCIg2wSQRbfhDIjC2EqDsBCg9VIMTMUjuiRWW9YHLxRN10k5Nk33slcHHkINuMQQwRAkkX4k0EYUwRhUYhZ4rV2aYGAohSo0BmMhLQJH43YcI4ASf+i//xAAkEQABAwIGAgMAAAAAAAAAAAABAgMEABEFBhMhIjESQCBwgP/aAAgBAwEBPwH9KEgd+zLhiUBvan1vYcwkNjyqHIVJa1FC3znYuiKrTSLmhmNYPJFRJSJjQdR683B25StRJsaRlvfmumGERmw2319Qf//EACMRAAICAQMEAwEAAAAAAAAAAAECAwQABRESISIxQAYgcID/2gAIAQIBAT8B/pQkDz7NqqLIHXbJ3loQqIxyypObEXNht97mqpWbgo3ODX3B7lyrZW3GJU9e5pKWW5qdjifH+ve+QQpXQRp4/IP/xABIEAABAgMDBwcJBgQEBwAAAAABAAIDBBESITEQEyJBUXTCICMyQFJhcQUUMDNCYoGhsVByc5HB0QYkY4IVQ2ThNDVTYICSk//aAAgBAQAGPwL/AM12w4rHRo77xDadXehJRpd0rFf0KuqHfH7Rm873Wfu0UHMeszjbPjX7RlZ8Q+fzuate7QlPiR4doy8HOM7nVH2jK7zwlTW7cQ+0ZXeeEqa3biH2jK7zwlTW7cQ6s2HFY6NHfeIbTq70JKNLulYr+hV1Q749ald54SprduIdWm873Wfu0UHMeszjbPjXrUrvPCVNj/S8Q6tKz4h8/nc1a92hKfEjw7Rl4OcZ3OqOtSu88JU5uvG3q0rvPCVNbtxDrUpvXA5Tu6cberSu88JU1u3EOtSW98DlPbnxt6tK7zwlTW7cQ61Jb5wOU7ufG3q0rvPCVNbtxDq9h8dgdsqqg1ySW+cDlO7nxt6tK7zwlTY/0vEOqWnuAHeizP52J2Yd6pAYZeF3YogvJOs1XNx3KkzCDu8KWg+TGF8WFMZxzO6yVPNmYDoZ801j329Wld54SpzdeNvUv5qcYD2ReUYfkmS/vifsqzk1ELT7OAWdmXAeKzMk2y3tcnOwX2XYVVJhger32D3qsN4d4dTlN64HKd3Tjb6e3NzTIfiUYfkyWdHd2jcFZfGMJh9mHcrcap8VajuaFYkYVPeKtRYhcfQ1hRXBUjARAqPObPerUKIHeHUJLe+Byntz42+ktx4zGD3irEo10y/3cEWQP5aGexis5Mve87XFWotAqNo8+6rMu0Qh81aiPLj38q8rpLWrmFXQivVr1a9WqwiWqkeFbCpErDPeqwojXeB9LJb5wOU7ufG30NpxoFc4xXbGKzKtZBbtOKtzUy6KfFc7FbXuX8vLV8VRllngFzkVzvjyb3LRBK0WUWnFWk+qubVXQ10RkxXSXSXSWOSsN5CpFFsKkWsMqsKK13x9FJb5wOU7ufG3lvjxnWWMFpx2BPheSogdZ1uuK5yMaZMKqzbu2DlaRoqQ2Fy0n2VpGpWgxbFefT1hxC1Ue7ODvVI7CwqsKM08uS3zgcp3c+NvLdLPAdbFHA7EZnyLGMnGxs10f9lY8pSxmIA9sfug0Rs3E7L7ldybytAWRtVqK6p71SG1Xnq1WOIVM5bHeqTEOz3hVgxWnkSW+cDlO7nxt5RedQqnRCcVirMQAg7UYkFvmsXtQ8PyVqE7z2WGy+5ZqcaZaJ72CtNjsIPetKYZ+a0IzGt8VXOtJ8VoEBXnrdWOIWnFq33lzgp3tNVzUZpUlvnA5Tu58beVSnrNHk3ouiy4D+224ojzmKKE6166J+a0Y7/zV0Z35rRmYn/sVoTsX8168P8AvBfzEq133Sudtwj3hW4EZrx3Hq3OxgXdlt5VmRl7A2lVmYr3dytQnOae5aWmmyPlaXe+G02gHaio3lCAYliPBzVk6rwf0XNxh8eTCP8AU/TlxmVuER31XrHL1zh8FVkVrlpQT8FeORahRHMPcVSK4Rm+9igy3movZd6bArArDJzr6v1NGKzcEZqH3K1EBK0mroBdBVMNWntY0d6LIDG07RXm0jWYj9liiw5lxqGh1Ca0PIhn+p+nLj/iO+vIvWlDa5VgPp3Fc4z48jQaUIE61z4PvYhCNLvDmn0F5WCw5FTcjAkhU63rOx4dSdaFGrRAWGSrrkWSwtO26lZiPfHjOwYy9N/xCM6Hb6MtDN/9yzrYQbVTP4bfryIwA0mi0FQ8qP8AiO+qqGHk3qgv7lWCwsd8lSLDNNq0mrSARgx2DuOxUa/OSzz8k2YgOq12W5aSuHLMSIaALMwKiF9UHParhyKYu2IxJ2MGQtQC/lB5pLf9R3SPgjFay3Hdg517nFGZmDacTVUaFM/ht+vIIOtRHwmWoJNRTUqFYrHLGP8AVd9VVpQI6StNhkhUe2hyhAPaCr4LSi6Xu91FpNCrnIsfeEJaI7mIxp4HJpK5WnuAHeqyspFiDtdEfNf8Iz/7Bc/Lvh9+IVWmoy2nXALNQqiEPmgS1UAy1iOoiQ/NsGtOlvIrM9EwMU9Bq858pxzNxsRXot8ArlY9iFcFWi+Kmfw2/Xkm5FzW0KvBIVCrysVH/Ed9coFoAgYFANILu7KEMhRDjR2pwVIt/fqyVCgTJvdZo7xyvmY7M5YdZhMOHiVzkQ5MVYb7V9MvmUE/fQcWqgGS04gBWZf80YLXmYmThDZerflmLZhaoEP9ShDgw2saNQCq80Vyc6mJqqAK/apj8Nv15XRR0ES1qwJCo5RTtefQDIclh7agq2zSh/TI+Tix2tiW6taTqy52ALW1qo42TsNy6QVkG044NbeUZmaFl7hZhw+yNpyOia8As468m9AUyUbpOWcnZgNGpqsw2mSlO0fWO/ZcxD0ji83uK7lo/nlqRVUtgeKLmkYhTAB9hvoOiugiQxF8Gu2hVmMwt5QQyHLQhGPLjR1jYpbynCnHy848uNcWm+5UnIJmpYe0NIIQ4rsxFOpytMcCO5UjQYcT7zV/y6D81SXhQ4X3G0V+Rsuzosx8ULr1V5+CLnPEKGMb0ZfyJBtDXMPuaP3Xnc48zMz236vBUCvvKvyX5LwrcR4aAsxKlwha3LQbecTt9FguijzdUXQKt7tSpGhkd/ICGQ8mXhsuAr9VR4qCjEEHzWMf8yFd8kYvk6KZ6VGoX/JZjynDdKRcNLBCLAite04EHLcs9FpU31VmAKe8V5vKMdNzJ9lurxQmPLMa1sgN6A/dBjGhoGAC0lQXDLctEfFXc4/5BZuFz0bYNSESccSNTRgho+lwXRR0EXQQWH5LnYZptGQIZDyZfw5B8+k25w/5jbnJ0z/DHlIxoeOadj+xXmf8SeT4kvEF1sN/RZ6SmYcVvulVVuZi1Psw24laZdIyvZHTd+yzcvDsjWdZWwLR/PkUCrHP9oXOPDG6mjWrEAGDB+ZQJYhorD0+C6KOgi6G2we5abKt2hDIUeRLfd5Wa8oycOM33hejN/w75SiQHj2C79U+Umwxgp69wv8A91nYj3R45xiRLyrltV+S/JaebLVzeiNbijC8nttu1vOCz80S9x2oaKw6nguijoLOQB8FmpkGE7vwVQa8mV/D5RKsA4mia3YOVohdt3yVmuciamhc+S1nYCGguj1fBdFHQREMmmxF7W2grLwQe/LK/hjlFQx72W7LWMfgtJwYzYrEu0w4fa1lVLanaUNFYdb6KOijWHftCJhEupqWbLTawooMBx6DQFjySof3sl+S064bVzd3vFWJVtt3a1LOTBMR3yXRWHX8F0VbbDv20WjUhUfUK8rHKVDHvZKBdpys3vfqaFamjZb2AgGsoFh9h4LoroKsElq5xhptVHFYq4qH4q9Y2QubbmoXaOJWi2rtbjisFh9jYLBdFF0KsJ+1uCtWDFhj2mKy4pt+FSs1Jw847bqCEWcOdibNQWH2ZgsFz0Cy7tsuKdEM1bhHVrQhwYYaP+9//8QALBABAAIBAwIGAgMBAQADAAAAAQARITFBUWFxECBAgZGhscEwUPDR4WCA8f/aAAgBAQABPyH/AO65oBUwrktpg0FXdxgZ/sdx65+hU3/tOuKpel61/YDCCsOrhH3IGpi3Siv7f7H6yf3n9j/WT+8/sf6yf3nps0AqYVyW0waCru4wM+q+sn956b3Hrn6FTf8AtOuKpel616m4dE+7D02MIKw6uEfcgamLdKK/t9VZ+mdM6/TH1k/vPVdt6YUJd/pj6yf3nqu1dMGoeXpj6yf3nqv66H33pj6yf3np/rcIblcQdx8ProffemLh0T7sPSbcC1VUfoljmd4vcdtU7wsx5DcVEgbXiVpTsMOEFGuP+Ul/aTS9MWfpnTOv0JdZYo6hfoI+scSPBbD9Mr6zLCHbjXL2muXxLMjLAqcGtcSmObphlIM+01qTyv0dt6YUJd/84rBHc+IxsM138ziBqpUM2jqu2Caxs6vtKlOh/BO+tH+DTSCqLwyr5YdZWK+FK6Lq9BaumDUPL+Qaie4kdfY5bvEqGgBo7y7p6qWFEI5xCcJ2FwN5J1hYgbq/M6YO7NWMdi3tKOvlkF2k9NDgS9S6Mp+rt5Rs/jiAyj/KfXQ++/hFIy1VgKd8H3GS31I6kxdwh4vG2TEFIzfGDtL7kavvHlaLE0bs2p3zinaf9un/ACibSnAEt4PbwvXTqocqE50PiXiPRleTrayk7oyShc6fxProffecCiunQNWPiHVNnUHaPN9bDFNVl+6LrmZkHaE6vlCsYsWjmbOHBNb35jgfqmiJ2R1qypUCBAgQIECBAgQIELMjhlJRdpqeYjJDlp2vPn+uh995wgvUVltmA3rQJv03jSLXWx2fuGBN1kAtCeXmvg1j8j2s+yZDIODeDxqVKgQIECBAgQIECBAgQIECW4vRlIqG2crkKAG67XnyfXQ++8xomsplVNY5p1Ny9gWMuCXPI6xeF1KvZqQdoq83fb3gzTwhhFn4K5mg5lW2Zt18LNIRzeYp3YyvCpUCBAgQIECBAgQIECBAgQJUDyW6pwwCxLZwoB7AhY2m10z6aH33mLjWefEpVMVj4aWwuoX59n/9IY96rRhSZzS3jSvUXL+ehoX2hoQ73/MvBucLGaE5omfOBcfUNrkCBAgQIECBAgQIECBKgSoHkxUACr3hswFnlj4gfVZJBphOSma7HPFdWPZYVNYZN0uCTLdlTLHJ5P8AWdURfEJUyM1mZYIV3TVwuaD8xA2M+5eKQ3yiNIPXyFjjeqKm8Z+yFoU1evh3lEsgQIECBAgQIECBBcMP/Gh/5Uq3So30TdqXhttrfeAnDzABCAg+CYavxEKbKRhvGzYEypVFrR+92ji1vmLU8nSQ/lBevAgQJZuUv/u0FCdwahpnxK57RmW1nBDLXDJ5GolWZ5U9GAdexIECBAgQL0m2V3h/8IXlB6GEkEWjgMqzbDlH4mQLWrWJFDCaitVhNUJbYBqsp2eL6IMY9Zy+0f3KqKcqOKQ1qf5HLyMDPwrX6jLE0ZhAgQJ/n8odYnaaa+Au0BLcZQw7LdL5D6ZTGItAYZQPzQQYka7Oo+SXSVlu/wCjCrm+HiBAjNC5uKbQQkgggggkJ7VlOhtde6EZCDQScJNghNSJAnGm8MS1jIKuoYeiEGxPnjG5WRYbqUk/yOXkKksFJGaIrqHDL2/MEBgjEECUWLBPvAoq44i1W+tcSzuaMu04k8WIBd4CV4lNElTymr/UrwGozUjrao4/Kj7bBekRz8IQoVGRnqqE9S59sAcvbzza9/pZCZE3IQQ3QBaszKPB+UzNoOg2Sb6ShDo3Y4KNa2sRPPWU77wTbsMAFCiHVXFdd5oJYafZP8jl5LUj8hLJ+QmPo3I4KkoyFOkf4/KaZGbxEVYtW0vVfDw8o0+HhTkJDJoOh1eCElJkY41trowwkhs8tjqalvECngvEdAavKiFVaNMQggmytx+JmLQwgZ1Jg0N2XdCmr0mCE2YvrxF5brdRX3TQzhSIIYHjdlKt88sdmvCKCmmyf5nLyJcGyQJsQqg+Iqo3kmHgS0SJzLk6n7ZvnlKZpQz+Lweb3jQ22iwFN/28Atp1O+iAFkIttSste5LWs65RCH7YY2IFnsS6bti1Nep0hBcQp5ZXlTZYRkC2wTHxmkY7DLl7G8ZOT0HoQj5XNPVmd05MNPt5RVWtspglQTVEdsJdg4mHIOt8soX5UGHaQdsQxofENwT2iHWVULs7qYgOrNwgw8QZ/F4fV7wYoAjqMPsNe/8A+JswuAC0aneC0fv1d9T3i+mzTL6MMPGRUDpvSX5hddv+dZSKutC+dZlWrhAerAEkYZlMd7DViDfWmmJsRz4ji5na5TtbRVRcPoLaaq9vA7HSXijBNQCJd8SzPEsu/Yhm7d9Yv52sP0g7ZhDj8Q1SHZJYiciKHQ9k5WbhBHxyMO0Mxn38Bh1TAUMKG2UvCYiJYzdAVOTy6GcpBBh1edOIMsi3L3294Qh7thIQRdjVESDIUJiAg63T9+5tKqQbXXdgwxUCggMnXTeLqjoHgC9DmFH7Svd5aRPoDdgvyGDTiyIL0WaO66Q2BBSv4tsgjZijGY5o9J0QQPwiEoesTnZmaE4s/H4XV7yvAlw+r8wIkmoTBTMHW9zX3l1C5VPgr/hLfvsqscrruYhBa3tTuakyHCWHPyE4CFr43dj6sUQamonK7xRfuMBpe7WdWGcBcoNcsowr0get21mIqX1UWWzfa/UzTLlXVmCkIBABp/LsEHbEBcITQ/ECm5Tj4l3YmTGbAudpnGfa8anzv9wIECE3yI2Y6Ls6kyZ9vHsD8MwNwPmCsQ61274OICqFwNfP6iqtTSex0nQ0nf02N8Q6qN1bGif9gDL69B2lmH4hCjNp9CnVCciCOEJoPiJaFbjDCNi71feAoQmoxBmbxDwq7aBAgeATthLS9JDN2jwvFGDjwLdPmFGnzK57kOmfwlyODCFjpo+8CuSukCYQfBNPSIdYZkQJsQqg+ILT8EfPvhrK2FqCprDCdZWm5BA8AhFUbaMVfjwqXbQthyyxCgtgftTqxQktBqy3Bbj4IQGJlyLDMHxDwQGj1CDD9IO2IZQ/Ew4bNQlZzuGZU/tkM3Cz2rACjALGBAgQwVo6JoXDgDiHAQWzroyCU1gxfvLRD3XHR2JWrB5RgOnrT9IO2YA4xiE95MRAgf3SUZMMowPD4rIpqU5uH+KiYOQjCK2f3w4gbBBSQsEANP6DZIE2YI4y0ofEQNONoaFe3JCxCKYx8w1Po36hWqiMLH5Y3m3D+AhZnOQpUXAUD/SNkmoCXuMvSqPSVZ2X6Ebe8B8kstHhm24pMrdz8hm4VCMQBUJtM2z+oQZsniQkwLxnk4JSq8XC5/g1hm0I2lV/WIYmV4gm0AP/AIJ//9oADAMBAAIAAwAAABDzzzzzzzzzzzzzzzzzzzzzzzzzzzzzzzzzzzzzzzzzzzzzzzzzzzzzzzzzzzzzzzzzzzzzzzzzzzzzzzzzzzzzzzzzzzzzzzzzzzzzzzzzzzzzzzzzzzzzzzzzzzzzzzzzzzzzzziTzzzzzzzzzzzzzzzzzzzzzzzxTzzzzzzzzzzzzzzzzzzzzzzzxTzzzzzzzzzzzTzzzzzzzzzzzzzzzzzzzzzzwjzzzzzzzzzzzyxzzzzzzzzzzyjzzzzzzzzzzzyhTzzzzzzzzzyzzzzzzzzzTRDDTzjzzzzzzzzzDzzzzzzjDSTQhCyRBjDzzzzzzDzzzQChRgCRDiSzBDCCBDzTzwDzzxwTTCjRxSBTzzzzzwARTTAjzyzgTwQBRywQhCAADDizji8AwzyzTChjTDTTyAQhTRwwQRmFEQzyhigTE5yTjCzjRGItTyGxDxSjyzyDxxTDAARTwznyKyQAzghCRTzyxjQDjSixhxe8zgTARiAQwRzzzzzxxQBAzS1tVRCAAgRjBTzzzzzzzzyzihjAqlyQAgCSBzzzzzzzzzzzzwyCTzuxyBhxzzzzzzzzzzzzzzzzzyxxjQwRzzzzzzzzzzzzzzzzzzzzxyzzzzzzzzzz/8QAJREAAQMDAgYDAAAAAAAAAAAAAQARITFAQVFhECAwUICBkaHB/9oACAEDAQE/EPIt+iFcmuayQ9j4UYa7kvGkDHuEBuZhv0bc5Sy66BQcI2JURYODgiotytx1yCqt8bCfsoeTBalUT25VOAuRcMm77//EACMRAAEDAwQCAwAAAAAAAAAAAAEAESExQFEwQVBhgaEggMH/2gAIAQIBAT8Q+xbaMqTWD6NdAefShiHcl4xA28wgZ6x+jr5mDZrgKBJHRUFAOx2ItyZ5VwVVujoT7QWWDkKJs24QCNw6J53/xAAtEAEAAgEEAQIFBQEAAwEAAAABABEhMUFRYXGBkRAgQKHBMLHR4fBQYHDxgP/aAAgBAQABPxD/APa9/wAfZ0Lt1dsK8Rp70cDdg4CZ/wCjxHv1bL1rPcUfAa7qeDl+a/6Bzc4RXaKGnbM1NfHpGu6FXD/6s8+fPnz5v+Ps6F26u2FeI096OBuwcBM/V+WV/TTxHv1bL1rPcUfAa7qeDl+a+pJaSZjov02c3OEV2ihp2zNTXx6RruhVw/VZz1KeR7p/+iefOR9SgufB6/6P58qDqmTcG1/8J/z5fv8Ayyv6eSzpoZ7IIPVgkfU+pfvyWkmY6L9JhB6xQerDxdAF8MCMExwlMva2ekeEeRputhV8q7aeGG4qDpkwbFsIsmzFVznsC6Y7/TZz1KeR7p/oRAUANViwFwFd4yV6y7B4yL7B+WGUpqwOKYg8W2Iz43YdKi9Qv2eYql1VtXea5dJV5Y1sD1L5RfgVxs8WGOojccpYIRrqDgfJBJSsRw9Po8j6lBc+D1+v7EPjt4GZXdFF9hqiBIuQy2Uyx+88onq5jFMWU+hqY9LmKl/45jBSb1g8GhA3Z50lXA5+IXC1lTHJ6ulr2hJt1CveQZragu3mEkfcX6BQdUybg2v6n5orJH7w5AsK19mQGUUUWuXv4qGXnaC94DILVg+8scHVTLt0iBzgOh50IkTrWKdGsD4hUzHhwmEX4zBP2MHpgh98G/4h+UXBP7/5g2/3P5hEU56ipg4aJTzMRHWWW8zLGYQft9O/flBm6YIOVWBGXaomOchVX5cEUm5G16QwRAAU4p7DSGX4mAvZVsMF+mYerHt+2avbSZXqdE0wawPeC5/hc+0u+PiiaAd31feOWo3P9I5KLfn7Q1ovV+8AUatLoimkerHRPiizh4CH9IQfX7c/+Ahs/sIfVXmBYRu5DSfhvo8wEz9UZPMGr3Fft9E/fsA3mgbTwERX0oqtbktmKiQowA4iFqe2YKZpWntLuGbGp8BFVUtdVi38NZ4lRt25YPcgKI5qHyy92TI+xAPeJSYszpHL82wg/VAAAAOCixclf2BqNeZdzMLZJRhl0J7Jrk/Wfv0klNKVIOtm0Zwh8NeV6nCnUCLCiJrgQsc42w485csxouHLswU8aI38Fv4l0TtzKYUW8omtKZXA+kolxopR7S3FF0EC4HtCCD9EAAHR+gAAHDXIsVP9oLZgC/och7Tbmsk9uv6b9+jAMDwFx0u8dOCCtQ8x0RKOB2Os0hMAC1WmMu5TFmVzoDLa9/MHckMZ7ujwIUhrVCe8ucksGfAuWrB30HvKBU0VD0XMjqAVFzW1VuEBCD9MAAAdHzgAEIwAIECGtDSxUJh+qFAdsWVLVfsU1jFnQz7DGLjZrnz7+pLUVq0KvsMre3HdbthiPC8shZUdOa0LXdTHquMCiZBYRwYcEbqroQfZrnMWaLd1/uJhbeGh/eYsg0pfmXeYKpPzQ8AV6Z4qpgWRlu98I/vBmRg/clocjxs1L2TZgHT5QDo+B0fOAAfAEKwAKIECssDTMUQTrGnrCAI0H64aENzOph9GJTrzdnmoaF8ylZwkDIG1KZNvQ03jRIFavZtldxEaV4h7wAII6J8jiNYERa7x8A+AYSgXWmJqcNiRK9ISomqzooB6ShZW5s/ptN2ABr5xOmJCn5HAFYxX6S2gcHA6EH0OEs+xFEoiWJ8Do/SAAAfo3pF6N6p0rylDJeRgtyCxZyrG18esW4E56u9UUydrdWX+ZW0VCSBh0PEHrFyRyXbQCCUgQAnR+ZuKKAHnRHbKct4yEB4KPkBq/s42suyBvBKJyQTBvGzmWkjaI6kMSwNxph9E94P9xreDVAfG/tGVsjrngZWw6/yvxBWgtYLtt4QSGqUC1pLW7DicR0RdJs/MADqgr1KPSjUK9CpS/ebmmHwQuJ1ToiCZqFAQ27Ky1f7vCKs1lntjwSppLhVauCmBF/ojIrEh7tFBHA2KFJycxDyNWWhTQg4rXpZDodGYuDpRm33q/LAyi37VOf7kqV4yzMm+sI5uWfAzEFhK4CCjbiKQImo/A7lFdWMAQ96+8MR7gjf4Y9tw1ezs29IFp6lnxMt8b4QR6uSBfVDK2icxmUgYcmaLwQZamxzRlcJOj4FgKmn6EhYB6MwuJ1zpnXOmdMsk0bAR3TSqzt/hLrmC2Sl8GxHaJIl4QwrYacGHunviClS6UtjlYjX68l9nG7GXOkChqosDVqajbT76HBAiEOCBLPkBhV1BhEpJnxcWhujqBHiOTBgAbe4aSblUsZmIrJnHIYI17TcX0SUy9C9di9wMMLoqzq41JNaT8DqZk3IchxvVNeYhEfeGrJUNPq/EdE1MBIrXm0Z4zVzTsxJwOgJgeLaGYOq9K3lBiP8AMwYEdQAy3SBOG2hXsYs7LgQMdn2QYckoH7tawk4WJYzrm7UR6JbAEJPQw38vxAvYDkgoiuCOhnAKi0tKwZ8BHrOEpGqu0A3FCRWLd44IHE3Gi8Pg8uYCIGACggQoBslZXmGiEDNQcDT935cGCNSAZejtMtyWmo3EHQbj8wcjDwLeWAhNxCwyhVYHkagqFy3vBZYIITUWgmOd4UQ3Lks3eXbFf/YZyQnE3J+KAGYz40g5hbNYjJ0m5EC5Nq/wvXwSMsBqJoymYztv4y/WdU64sKGT93RgviBExQaArYMVEBRvjiUtqOFsqIgYsBhtQ2nROiBGFHdu384GjQ5IYIoqUrAU1CLRC9Hg8PEYl63T4sHtiUJcnCAyujEJk1DF6EN3HTV4iVcA+RnKmVa3BWiDSLan88ZX8gAKSJgW4HIvqJSLuGKFaBTHSp8N1DKspMIy/wAmaA4Ep6yrYEo5MPMA1zKonMq9k0IaVcMwLyhigpRp2cMVsC0M9f5fARcwkgWh2uvWEHEdEnXFa/q6/PI9S0PFO+WMudl64VNGvkm8FjAnUqqXi4GAGydEtmesnSDqqUtVbWEmKC8QgAAascuDRsPLB/jfl2ByppS4KfZhN3MGSGVLDVXLCKUWuIP5mC6v08EeOTVWCFhjS4OXcN/SUXJVaUCGuDvGyiQHR/uhD8rUCLBLe0NEX1FdF3D9MWiUZXfMairbTtKpU1eR4dJVENHEJ0fgIB8hG0Z0lKm8D2mOn7Tah9noFiR2p4Oe05/ZCqCmUusKTBg+kq6mec1rlrGFEX7Tt2oyaOO6hXkB6JyJBYJgpR933hLVXeSvtjFAOq2DvU94jGJyq2s6ImnLoYV/BGsmLVKkVdx6EcUAFg5Zmd6ao3zLXjEMGm6SNzTPG8LLXBMnUNjj5d4+OA0GA8E0hmX03P8AEW0ug3ioMpZZVkEXltaBGUiX/bmDRiHJbtmDfHzoCkjARnmAWZ1F8dYu7VYUZW6lbCvyRarKoK/XaE0fch40zDLEn3UH7JrRGhOzKrzdDXEqZgARKRMJAMJR0BSiUm1TgOyOGBZl0Fn/ACKj0EvOB3FUGtghdWECtNBgPZAEFFYlzwmpOiBxAKFIxMlUl5ljgh4OiIkZK4fOiYhm41wBja84gOzFgGgBDLB1Dq/iKrvePLvA50gNlcjSJKOd3r/UtVQ4A8sY4VnWvzD/AH8oNMBHCEWR6O75jUiggdOCCA/RQdSDtjMJEX1M2l9QMDDY3GWr2tWLzs9Imemg+ruespo+7DpGpvD+hNCo+0Yb8qHCBWYkmvFL+7m5G8NTFK4524DUlDxNixCGC0pDUeXLtBdBht6Lym7ZHpAEvdDkdhjIQ4ARXnSLjhTOOHlj4MhS6poeNYG10DyCsp7l8p/irmYLN6jxxMrYq8wKyHEMrxtj+YfWsAIdva0X5OIuFlJ9LGVli+0jHlbJegqitOV3mHJA2gAAOobQ/VApg0dfUstl6lpC7i4X11DzognQ+Vovc1JQeKGjBgBozOjlAqBvCKImv3l8kFjRjwWlV+Ak7p2nDHq4EZjOpIoYEgkIDZndhmd4qZeaWQ9XB6JdMjXg8sylB9v8y3B4lmrXYgktPRr/AFLxRXAlaRZca+CHdPyS3i9I8RkBV6d0fA1svQNCK4kCCYiHEEAGPoSsI8ED1LPS+oluu4yky2xAACFM6dbfWWmCFgTpgOnVgoglHMepXA3fu/IAGxKpm+qUyeDC91qaJQvoVAvUxLNI2RpADLBlFHL8EGjy6rWWbpusB5Yjs3JdX8xwp4z6fBgI/YMpKdt4xAUogzArqGQSoAKCvpC6EdCLlnC+pdQu4QR7wV9m0LklQUTxvHSTpRHoyoBmCCY5b4oBsSqCIo3GPewbfa/xAvLCBYBa1oeWANs+0QG5dAIHrLld+TiByDL93dmiV7gXTaNHfVl2sakqqDBldQah9RqBEwluWIL6iMq7gmULTV4ma+fFdG+dGEBPNDoqanpRuGYvXnuVpN/GLPE9oqUiy/cEilwXxELbwHL5YAAAGxKaD1w34hMgc704izw1fv5XeOhLcoaXitoNArqBgGJpg+rQSkjARnmATL6jeMt7QzEugKesYqjgrMKKrUDBD/Vmdk9wUmj3CqxFS9RGaD+DCDC06uxBqUe29+ZQW1otvsaRVmRRqd/xBq6BQjYgrqGgSoBQ+vQdSFojMPEX1Fmy+oRdQCi5EKpbXvovq8RH3lhNme4Tlsd4Qi37oi2cOC1jkb1Lz5cwipsKAS4G47PlgCD2gKhjqBUB/wAQSmAUVfUK3XUEYAiNhiCiyDJ70+1RUtNBYbOqfePCKxwIxHbJV6Af3NWloPfgww6RqdG8NJiAFBCjGAEaYP8Aj6oQpwm1Iq6HtNMX1AvdYfUmpTg+y0U7wI41RD2XeUCwWXANB/zNSIzYjZGwCCYP/BP/2Q==","provType":"MONITORING","date":"2018-03-12T10:59:38.312Z"}}},"provision.device.location":{"_value":{"_current":{"value":{"position":{"type":"Point","coordinates":[40.39484158748039,4.7818489385469185]},"postal":"28033","source":"GPS"},"provType":"MONITORING","date":"2018-03-12T10:59:38.315Z"}}},"provision.device.model":{"_value":{"_current":{"value":{"name":"OpenGate","version":"1.0","manufacturer":"OpenGate"},"provType":"MONITORING","date":"2018-03-12T10:59:38.406Z"}}},"provision.device.name":{"_value":{"_current":{"value":"CHD_DEV_6 name","provType":"MONITORING","date":"2018-03-12T10:59:38.307Z"}}},"provision.device.specificType":{"_value":{"_current":{"value":"SENSOR","provType":"MONITORING","date":"2018-03-12T10:59:38.309Z"}}},"resourceType":{"_value":{"_current":{"value":"entity.device","provType":"IDENTIFIER","date":"2018-03-12T10:59:38.415Z"}}}},{"provision.administration.channel":{"_value":{"_current":{"value":"default_channel","provType":"MONITORING","date":"2018-03-12T10:59:44.221Z"}}},"provision.administration.identifier":{"_value":{"_current":{"value":"CHD_DEV_7","provType":"MONITORING","date":"2018-03-12T10:59:44.296Z"}}},"provision.administration.organization":{"_value":{"_current":{"value":"chemacorp","provType":"MONITORING","date":"2018-03-12T10:59:44.219Z"}}},"provision.administration.plan":{"_value":{"_current":{"value":"FLOW_RATE_100","provType":"MONITORING","date":"2018-03-12T10:59:44.215Z"}}},"provision.administration.serviceGroup":{"_value":{"_current":{"value":"emptyServiceGroup","provType":"MONITORING","date":"2018-03-12T10:59:44.218Z"}}},"provision.device.administrativeState":{"_value":{"_current":{"value":"ACTIVE","provType":"MONITORING","date":"2018-03-12T10:59:44.812Z"}}},"provision.device.communicationModules[].description":[{"_index":{"path":"provision.device.communicationModules[].identifier","value":{"_current":{"value":"COMMS1_SN_CHD_DEV_7","provType":"MONITORING","date":"2018-03-12T10:59:44.298Z"}}},"_value":{"_current":{"value":"COMMS1_SN_CHD_DEV_7 desc","provType":"MONITORING","date":"2018-03-12T10:59:44.405Z"}}},{"_index":{"path":"provision.device.communicationModules[].identifier","value":{"_current":{"value":"COMMS2_SN_CHD_DEV_7","provType":"MONITORING","date":"2018-03-12T10:59:44.709Z"}}},"_value":{"_current":{"value":"COMMS2_SN_CHD_DEV_7 desc","provType":"MONITORING","date":"2018-03-12T10:59:44.71Z"}}}],"provision.device.communicationModules[].identifier":[{"_index":{"path":"provision.device.communicationModules[].identifier","value":{"_current":{"value":"COMMS1_SN_CHD_DEV_7","provType":"MONITORING","date":"2018-03-12T10:59:44.298Z"}}},"_value":{"_current":{"value":"COMMS1_SN_CHD_DEV_7","provType":"MONITORING","date":"2018-03-12T10:59:44.298Z"}}},{"_index":{"path":"provision.device.communicationModules[].identifier","value":{"_current":{"value":"COMMS2_SN_CHD_DEV_7","provType":"MONITORING","date":"2018-03-12T10:59:44.709Z"}}},"_value":{"_current":{"value":"COMMS2_SN_CHD_DEV_7","provType":"MONITORING","date":"2018-03-12T10:59:44.709Z"}}}],"provision.device.communicationModules[].name":[{"_index":{"path":"provision.device.communicationModules[].identifier","value":{"_current":{"value":"COMMS1_SN_CHD_DEV_7","provType":"MONITORING","date":"2018-03-12T10:59:44.298Z"}}},"_value":{"_current":{"value":"COMMS1_SN_CHD_DEV_7 name","provType":"MONITORING","date":"2018-03-12T10:59:44.299Z"}}},{"_index":{"path":"provision.device.communicationModules[].identifier","value":{"_current":{"value":"COMMS2_SN_CHD_DEV_7","provType":"MONITORING","date":"2018-03-12T10:59:44.709Z"}}},"_value":{"_current":{"value":"COMMS2_SN_CHD_DEV_7 name","provType":"MONITORING","date":"2018-03-12T10:59:44.604Z"}}}],"provision.device.communicationModules[].subscriber.administrativeState":[{"_index":{"path":"provision.device.communicationModules[].identifier","value":{"_current":{"value":"COMMS1_SN_CHD_DEV_7","provType":"MONITORING","date":"2018-03-12T10:59:44.298Z"}}},"_value":{"_current":{"value":"ACTIVE","provType":"MONITORING","date":"2018-03-12T10:59:44.501Z"}}},{"_index":{"path":"provision.device.communicationModules[].identifier","value":{"_current":{"value":"COMMS2_SN_CHD_DEV_7","provType":"MONITORING","date":"2018-03-12T10:59:44.709Z"}}},"_value":{"_current":{"value":"ACTIVE","provType":"MONITORING","date":"2018-03-12T10:59:44.707Z"}}}],"provision.device.communicationModules[].subscriber.description":[{"_index":{"path":"provision.device.communicationModules[].identifier","value":{"_current":{"value":"COMMS1_SN_CHD_DEV_7","provType":"MONITORING","date":"2018-03-12T10:59:44.298Z"}}},"_value":{"_current":{"value":"SUBS1_SN_CHD_DEV_7 desc","provType":"MONITORING","date":"2018-03-12T10:59:44.413Z"}}},{"_index":{"path":"provision.device.communicationModules[].identifier","value":{"_current":{"value":"COMMS2_SN_CHD_DEV_7","provType":"MONITORING","date":"2018-03-12T10:59:44.709Z"}}},"_value":{"_current":{"value":"SUBS2_SN_CHD_DEV_7 desc","provType":"MONITORING","date":"2018-03-12T10:59:44.699Z"}}}],"provision.device.communicationModules[].subscriber.identifier":[{"_index":{"path":"provision.device.communicationModules[].identifier","value":{"_current":{"value":"COMMS1_SN_CHD_DEV_7","provType":"MONITORING","date":"2018-03-12T10:59:44.298Z"}}},"_value":{"_current":{"value":"SUBS1_SN_CHD_DEV_7","provType":"MONITORING","date":"2018-03-12T10:59:44.416Z"}}},{"_index":{"path":"provision.device.communicationModules[].identifier","value":{"_current":{"value":"COMMS2_SN_CHD_DEV_7","provType":"MONITORING","date":"2018-03-12T10:59:44.709Z"}}},"_value":{"_current":{"value":"SUBS2_SN_CHD_DEV_7","provType":"MONITORING","date":"2018-03-12T10:59:44.607Z"}}}],"provision.device.communicationModules[].subscriber.model":[{"_index":{"path":"provision.device.communicationModules[].identifier","value":{"_current":{"value":"COMMS1_SN_CHD_DEV_7","provType":"MONITORING","date":"2018-03-12T10:59:44.298Z"}}},"_value":{"_current":{"value":{"name":"TEST","version":"1.0","manufacturer":"sb-HD"},"provType":"MONITORING","date":"2018-03-12T10:59:44.41Z"}}},{"_index":{"path":"provision.device.communicationModules[].identifier","value":{"_current":{"value":"COMMS2_SN_CHD_DEV_7","provType":"MONITORING","date":"2018-03-12T10:59:44.709Z"}}},"_value":{"_current":{"value":{"name":"TEST","version":"1.0","manufacturer":"sb-HD"},"provType":"MONITORING","date":"2018-03-12T10:59:44.61Z"}}}],"provision.device.communicationModules[].subscriber.name":[{"_index":{"path":"provision.device.communicationModules[].identifier","value":{"_current":{"value":"COMMS1_SN_CHD_DEV_7","provType":"MONITORING","date":"2018-03-12T10:59:44.298Z"}}},"_value":{"_current":{"value":"SUBS1_SN_CHD_DEV_7 name","provType":"MONITORING","date":"2018-03-12T10:59:44.411Z"}}},{"_index":{"path":"provision.device.communicationModules[].identifier","value":{"_current":{"value":"COMMS2_SN_CHD_DEV_7","provType":"MONITORING","date":"2018-03-12T10:59:44.709Z"}}},"_value":{"_current":{"value":"SUBS2_SN_CHD_DEV_7 name","provType":"MONITORING","date":"2018-03-12T10:59:44.704Z"}}}],"provision.device.communicationModules[].subscriber.serialNumber":[{"_index":{"path":"provision.device.communicationModules[].identifier","value":{"_current":{"value":"COMMS1_SN_CHD_DEV_7","provType":"MONITORING","date":"2018-03-12T10:59:44.298Z"}}},"_value":{"_current":{"value":"SUBS1_SN_CHD_DEV_7ICC","provType":"IDENTIFIER","date":"2018-03-12T10:59:44.407Z"}}},{"_index":{"path":"provision.device.communicationModules[].identifier","value":{"_current":{"value":"COMMS2_SN_CHD_DEV_7","provType":"MONITORING","date":"2018-03-12T10:59:44.709Z"}}},"_value":{"_current":{"value":"SUBS2_SN_CHD_DEV_7ICC","provType":"IDENTIFIER","date":"2018-03-12T10:59:44.612Z"}}}],"provision.device.communicationModules[].subscriber.software":[{"_index":{"path":"provision.device.communicationModules[].identifier","value":{"_current":{"value":"COMMS1_SN_CHD_DEV_7","provType":"MONITORING","date":"2018-03-12T10:59:44.298Z"}}},"_value":{"_current":{"value":{"name":"software","version":"1.0","type":"SOFTWARE"},"provType":"MONITORING","date":"2018-03-12T10:59:44.499Z"}}},{"_index":{"path":"provision.device.communicationModules[].identifier","value":{"_current":{"value":"COMMS2_SN_CHD_DEV_7","provType":"MONITORING","date":"2018-03-12T10:59:44.709Z"}}},"_value":{"_current":{"value":{"name":"software","version":"1.0","type":"SOFTWARE"},"provType":"MONITORING","date":"2018-03-12T10:59:44.703Z"}}}],"provision.device.communicationModules[].subscriber.specificType":[{"_index":{"path":"provision.device.communicationModules[].identifier","value":{"_current":{"value":"COMMS1_SN_CHD_DEV_7","provType":"MONITORING","date":"2018-03-12T10:59:44.298Z"}}},"_value":{"_current":{"value":"GENERIC","provType":"MONITORING","date":"2018-03-12T10:59:44.418Z"}}},{"_index":{"path":"provision.device.communicationModules[].identifier","value":{"_current":{"value":"COMMS2_SN_CHD_DEV_7","provType":"MONITORING","date":"2018-03-12T10:59:44.709Z"}}},"_value":{"_current":{"value":"GENERIC","provType":"MONITORING","date":"2018-03-12T10:59:44.697Z"}}}],"provision.device.communicationModules[].subscription.address":[{"_index":{"path":"provision.device.communicationModules[].identifier","value":{"_current":{"value":"COMMS1_SN_CHD_DEV_7","provType":"MONITORING","date":"2018-03-12T10:59:44.298Z"}}},"_value":{"_current":{"value":{"type":"IPV4","value":"172.18.19.24","apn":"movistar.es"},"provType":"REFERENCE","date":"2018-03-12T10:59:44.311Z"}}},{"_index":{"path":"provision.device.communicationModules[].identifier","value":{"_current":{"value":"COMMS2_SN_CHD_DEV_7","provType":"MONITORING","date":"2018-03-12T10:59:44.709Z"}}},"_value":{"_current":{"value":{"type":"IPV4","value":"172.18.19.24","apn":"movistar.es"},"provType":"REFERENCE","date":"2018-03-12T10:59:44.512Z"}}}],"provision.device.communicationModules[].subscription.administrativeState":[{"_index":{"path":"provision.device.communicationModules[].identifier","value":{"_current":{"value":"COMMS1_SN_CHD_DEV_7","provType":"MONITORING","date":"2018-03-12T10:59:44.298Z"}}},"_value":{"_current":{"value":"ACTIVE","provType":"MONITORING","date":"2018-03-12T10:59:44.313Z"}}},{"_index":{"path":"provision.device.communicationModules[].identifier","value":{"_current":{"value":"COMMS2_SN_CHD_DEV_7","provType":"MONITORING","date":"2018-03-12T10:59:44.709Z"}}},"_value":{"_current":{"value":"ACTIVE","provType":"MONITORING","date":"2018-03-12T10:59:44.514Z"}}}],"provision.device.communicationModules[].subscription.description":[{"_index":{"path":"provision.device.communicationModules[].identifier","value":{"_current":{"value":"COMMS1_SN_CHD_DEV_7","provType":"MONITORING","date":"2018-03-12T10:59:44.298Z"}}},"_value":{"_current":{"value":"SUBT1_SN_CHD_DEV_7 desc","provType":"MONITORING","date":"2018-03-12T10:59:44.404Z"}}},{"_index":{"path":"provision.device.communicationModules[].identifier","value":{"_current":{"value":"COMMS2_SN_CHD_DEV_7","provType":"MONITORING","date":"2018-03-12T10:59:44.709Z"}}},"_value":{"_current":{"value":"SUBT2_SN_CHD_DEV_7 desc","provType":"MONITORING","date":"2018-03-12T10:59:44.503Z"}}}],"provision.device.communicationModules[].subscription.identifier":[{"_index":{"path":"provision.device.communicationModules[].identifier","value":{"_current":{"value":"COMMS1_SN_CHD_DEV_7","provType":"MONITORING","date":"2018-03-12T10:59:44.298Z"}}},"_value":{"_current":{"value":"SUBT1_SN_CHD_DEV_7","provType":"MONITORING","date":"2018-03-12T10:59:44.304Z"}}},{"_index":{"path":"provision.device.communicationModules[].identifier","value":{"_current":{"value":"COMMS2_SN_CHD_DEV_7","provType":"MONITORING","date":"2018-03-12T10:59:44.709Z"}}},"_value":{"_current":{"value":"SUBT2_SN_CHD_DEV_7","provType":"MONITORING","date":"2018-03-12T10:59:44.505Z"}}}],"provision.device.communicationModules[].subscription.mobile.homeOperator":[{"_index":{"path":"provision.device.communicationModules[].identifier","value":{"_current":{"value":"COMMS1_SN_CHD_DEV_7","provType":"MONITORING","date":"2018-03-12T10:59:44.298Z"}}},"_value":{"_current":{"value":"Telefónica Móviles España, SAU","provType":"MONITORING","date":"2018-03-12T10:59:44.402Z"}}},{"_index":{"path":"provision.device.communicationModules[].identifier","value":{"_current":{"value":"COMMS2_SN_CHD_DEV_7","provType":"MONITORING","date":"2018-03-12T10:59:44.709Z"}}},"_value":{"_current":{"value":"Telefónica Móviles España, SAU","provType":"MONITORING","date":"2018-03-12T10:59:44.602Z"}}}],"provision.device.communicationModules[].subscription.mobile.imsi":[{"_index":{"path":"provision.device.communicationModules[].identifier","value":{"_current":{"value":"COMMS1_SN_CHD_DEV_7","provType":"MONITORING","date":"2018-03-12T10:59:44.298Z"}}},"_value":{"_current":{"value":"SUBT1_SN_CHD_DEV_7_IMSI","provType":"IDENTIFIER","date":"2018-03-12T10:59:44.315Z"}}},{"_index":{"path":"provision.device.communicationModules[].identifier","value":{"_current":{"value":"COMMS2_SN_CHD_DEV_7","provType":"MONITORING","date":"2018-03-12T10:59:44.709Z"}}},"_value":{"_current":{"value":"SUBT2_SN_CHD_DEV_7_IMSI","provType":"IDENTIFIER","date":"2018-03-12T10:59:44.515Z"}}}],"provision.device.communicationModules[].subscription.mobile.msisdn":[{"_index":{"path":"provision.device.communicationModules[].identifier","value":{"_current":{"value":"COMMS1_SN_CHD_DEV_7","provType":"MONITORING","date":"2018-03-12T10:59:44.298Z"}}},"_value":{"_current":{"value":"MSISDN_FAKE","provType":"MONITORING","date":"2018-03-12T10:59:44.4Z"}}},{"_index":{"path":"provision.device.communicationModules[].identifier","value":{"_current":{"value":"COMMS2_SN_CHD_DEV_7","provType":"MONITORING","date":"2018-03-12T10:59:44.709Z"}}},"_value":{"_current":{"value":"MSISDN_FAKE","provType":"MONITORING","date":"2018-03-12T10:59:44.6Z"}}}],"provision.device.communicationModules[].subscription.mobile.registeredOperator":[{"_index":{"path":"provision.device.communicationModules[].identifier","value":{"_current":{"value":"COMMS1_SN_CHD_DEV_7","provType":"MONITORING","date":"2018-03-12T10:59:44.298Z"}}},"_value":{"_current":{"value":"Telefónica Móviles España, SAU","provType":"MONITORING","date":"2018-03-12T10:59:44.397Z"}}},{"_index":{"path":"provision.device.communicationModules[].identifier","value":{"_current":{"value":"COMMS2_SN_CHD_DEV_7","provType":"MONITORING","date":"2018-03-12T10:59:44.709Z"}}},"_value":{"_current":{"value":"Telefónica Móviles España, SAU","provType":"MONITORING","date":"2018-03-12T10:59:44.597Z"}}}],"provision.device.communicationModules[].subscription.name":[{"_index":{"path":"provision.device.communicationModules[].identifier","value":{"_current":{"value":"COMMS1_SN_CHD_DEV_7","provType":"MONITORING","date":"2018-03-12T10:59:44.298Z"}}},"_value":{"_current":{"value":"SUBT1_SN_CHD_DEV_7 name","provType":"MONITORING","date":"2018-03-12T10:59:44.301Z"}}},{"_index":{"path":"provision.device.communicationModules[].identifier","value":{"_current":{"value":"COMMS2_SN_CHD_DEV_7","provType":"MONITORING","date":"2018-03-12T10:59:44.709Z"}}},"_value":{"_current":{"value":"SUBT2_SN_CHD_DEV_7 name","provType":"MONITORING","date":"2018-03-12T10:59:44.509Z"}}}],"provision.device.communicationModules[].subscription.specificType":[{"_index":{"path":"provision.device.communicationModules[].identifier","value":{"_current":{"value":"COMMS1_SN_CHD_DEV_7","provType":"MONITORING","date":"2018-03-12T10:59:44.298Z"}}},"_value":{"_current":{"value":"MOBILE","provType":"MONITORING","date":"2018-03-12T10:59:44.307Z"}}},{"_index":{"path":"provision.device.communicationModules[].identifier","value":{"_current":{"value":"COMMS2_SN_CHD_DEV_7","provType":"MONITORING","date":"2018-03-12T10:59:44.709Z"}}},"_value":{"_current":{"value":"MOBILE","provType":"MONITORING","date":"2018-03-12T10:59:44.507Z"}}}],"provision.device.description":{"_value":{"_current":{"value":"CHD_DEV_7 desc","provType":"MONITORING","date":"2018-03-12T10:59:44.797Z"}}},"provision.device.identifier":{"_value":{"_current":{"value":"CHD_DEV_7","provType":"MONITORING","date":"2018-03-12T10:59:44.809Z"}}},"provision.device.image":{"_value":{"_current":{"value":"data:image/jpeg;base64,/9j/4AAQSkZJRgABAQEASABIAAD/2wBDAAMCAgICAgMCAgIDAwMDBAYEBAQEBAgGBgUGCQgKCgkICQkKDA8MCgsOCwkJDRENDg8QEBEQCgwSExIQEw8QEBD/2wBDAQMDAwQDBAgEBAgQCwkLEBAQEBAQEBAQEBAQEBAQEBAQEBAQEBAQEBAQEBAQEBAQEBAQEBAQEBAQEBAQEBAQEBD/wgARCAGQAZADASIAAhEBAxEB/8QAHAABAAEFAQEAAAAAAAAAAAAAAAYCAwQFBwgB/8QAGQEBAQEBAQEAAAAAAAAAAAAAAAEEBQMG/9oADAMBAAIQAxAAAAH1SAAAAAAAAAAAAAAAAAAAAAAAAAAAAAAAAAAAAAAAAAAAAAAAAAAAAAAAAAAAAAAAAAAAAAAAAAAAAAAAAAAAAAAAAAAAAAAAAAAAAAAAAAAAAAAQUnTlnUwAAAAAAAAAAAAAAAAAAAAAAB499hcLPP8A7z8s+pwAAAAAAAAAAAAAAAAAAAAAABxjs/GCG+mfM3pkAAAAAAAAAAAAAAAAAAAAAAAcY7PxghvpnzN6ZAAAAAAAAAAILpuIQ096Pn0AAAAAAAAAAAcX7Rw8h/qDyh6vAAAAAAAAAAOFwzoENPTIAAAAAAAAAAAHBO9+eiC+v/GnssAAAAAAAAAA4xDZlDT0yAAAAAAAAAAAxcgq87+iPO5zz2X409lgAAAAAAAAAHGIbMYOeoAAAAAAAACOkio4tGTsUIs/DS5mrHQYFb+kQ9fefJedURmRFwAAAAAAAAHD4BNOdnr8AAAAAxjJc7gh2vm0KlxDL0/05sMeK2i/Y+gfQ+Wy79xfhmZun+nQJZxX6ejr3neVHXkRk5fAAAAAB565z0Pnh7LAAAWeQnYo7yvVkxjGNcN5fitJINPjgUFX3BpM3GtCtjWjM+4X0zWJUZCzUXftuouV2qi9ma+om0v45UeicrzrJjsiEykzQAAed+edD54eywACg1XmjsUFOMTKYRElX3kW5OhsS2Z9nVVl/wCY+MbDFs1D79+ipUPv36KlQqVCpUKlQqVCpUKlQvW6iRyvmX07xm8A3p2JBpWcF550Lnp7LAA0W9hxz+J7jTi5R9M+DSy2cJwZNgkU10u1hocuzryVb7mw7fLvMV49SVcH6cSyr5WPv2o+VqhUqFSo+Vfaj5V9rKaqvp8+tQbjTwLZFGv6zLU4bt+1Xl5Rn9RjR0rZeV+wHSAIXNI0cY11usrqVC9brOJ4tVmS9XifLdjYx7ho470W4cpdB1xD7/Tpscz7VgcrO4VYWeKlwpqyskwsjKrLN25WU11VlP1AjM18t6ERST7PKTVZu3xS7HoZzMkfPZTG1k3ZY9ITpgGv2GKeWYz6P42WNvzbKOj1x3eHE95o8PJi2+FizPNmiFMljWvZ9y8XJ06usdR5b1oh3NumcHKIbpcAnfoHyJ6tNzmXKyzYt0cnjZv3X53N5mwu67bd/wCipXYhp1aybWuhlvMyc1Me7qOZLPOUauRGhkt60cz6RqOhFOxw8w6WADH00h+HKuZendUePa/R/NDgX2QQ4233X5hd+qinKsZJ1XrHKOsEN4j27hxroROxyvvPLOunWbnEpeSrXynI5PGj1O9zsHP12bXV3/o9doc/pXt7XNzTEyRwKB4xTn7S6U3KPh9fai5MYVYOg67mPWTo/wBt3AAAC3rdsOfc29D4B4rg/ufnZ5dzptADYZWg251/rPJetkL4f3Hh5rqvn0v+ivN/oQmUBmtaed913aODL4x8XtVWu25ur8IgBJIxuNiWshSV0qj5V9zjHytTBTf6WV9YIn0rMyh9AAAAACnDzhEIB23FPIHP/ccFOQ9n5ptjM4j1HkJR9ouD0T539HpvqlYqfbLuBm2l88ZG7kUun3qs+vn0VLpbyrkeN/BLPQSCdclcgMDZ1gAAAAAAAAD5YyBHoV1W0eaeSe3IgeLc/uHKDD9L+TfRZ0arXbFPtfyuxh5uGvIJNo97L9fLh8rvVlWLqss0e9nkxI5Lsu4fPoAAAAAAAAAAAALdwamK9AoPPMK9Wxs89TLfQw6JteKSNOm4WDfrl0hjcnl+5ON8LNyZyki0s22WWb/0AAAAAAAAAAAAAAAAKahiavf/AAgsO7PjnnDXelomcAnuz6eQ2Z7PKMXMrAAAAAAAAAAAAAAAAAAAAAHyi4LFdwfPoAAAAAAAAf/EADMQAAAGAQIDBwMDBAMAAAAAAAABAgMEBQYHERIgQBATFCEzNTYwMVAiIzQVFiQyJWCA/9oACAEBAAEFAv8A2vkeWwMdFBn8C5lfkM677+54fe+LL7fj9UYcfwem0KPKvPyGqPs+l3vH5DVH2fS73j8hqj7Ppd7x0uR5bAx0UGfwLmV1OqPs+l3vHS51339zw+98WX26jVI9qbStW930uqMOP4PTaFHlXnU6sq4aTSNfFfdLqj7Ppd7x1OsSuGh0aXxZB0uqPs+l3vHU61Hw4/op55D0uqPs+l3vHU62fH9E/kHS6o+z6Xe8dMqVHQojJRDWz4/on8g6XVI9qbStW930alpQU7KqiEHr62tDdNaXI9nNjCNlbpDUwzyWi0dhSoeRdLqyrhpNI18V90Nhf1NYU3PX3h3V9cqi4/FhplWLaS5I8t+K5FymQgRsgr5AQ424XRaxK4aHRpfFkH1plnAgJn6gRkCTb5JcnDxd102qqurkv3SEE6+8+r6DMuSwcbJ5bYjZFBfDbzTxfX1qPhx/RTzyH6b0liMmdmtbHEvIshsw1jsqUqNjkZgjk1UISL19YccW6rl3IgbrZDxDY8QO+WO8dHG8ON4Mzpsc4uVTWxFyaA+Gn2Xi+prZ8f0T+QfQUpKCl38CMJeSWb5/0+RYON19XEH9ThMBy6lqDkh57lUtCQclI45Ch3bpju2SG8ch3yCHiFDv1jvXB3ix3ix3ix3ix3qw1NkMnGyiY0IuTwXgzKjvl9HWz4/on8g5nnm47SNRqyxXIs5kobmCVsDfdMuVS0oBydxwvrHAwgeIQkG+4Y3Uf123nWji5FPYEbKIrgZmRpBc2tnx/RP5BzWDzRtZBp5WLUdhlGOHXZPV2IIyPlW8hsd4+6O6bSDkJSFOrV0yFrQca9nxxGydlYYmRpJdutnx/RP5ByrUSEyZRmcmWtS0yCUVjh9LZhcLLMbOuzKDINMuMtK58NseNS+CciNhUviG+/VoWtBsX82KImVRXwzOiyBrZ8f0T+QctxJ8PElu/oPzMEoyCJJkLmprrE/6LHSTlXGQFsIbCuJI8VJSG7eyaDWTW7QYzR8hHy2sdJiVGkp6WXbwYQfyOY+fg7OebNRJjhqfaxTkzWb2LiNRWYxaMWMORy5Me0SSrdPITBLOSg/EqhpUF1CFB2jfDkCW0DIy5G3nWVQcqsoorMjgWAL6mw4THCobH2TrWJAJ+0s7Q4GNOunCxtpsM1sdsigtLCaSMoHWwIyZ1hEbTIyRht7EpUp7kyo9oLp7p5EHsJjn+Z3w70E6OMjDkZh8n6VJh+HIj8iGXViqyGfVqiymJjXMTajBMgmkgkkNhsNgeySnW5rOJjpTFwscjMEiGlsEgw2wZhLaWymXjLRXGTNsOWq5ckY/WoiNYp/L7chY8RVFJTsSiPlm/wAwm1nyEowTg4ScD1D4g/7anoVDxYzEXHmGhLpq2QwTkzFp0OWzOY7CSZhLIJBENhsNhsNhsFrQ0iXMfsnKujJIYjIaIiCGjMJZISJbEYry8XHbORcXQebg49DpYL1jMXHSxFxT+X2yT/Re18qBJZsjI2JyFhLiVdsvymtLQ4U8myCIr6yNCkH2MH+5UElYZiRlNWMZpgSromzlZAJtr4lOK3CoE0ghkEnYKUhtKHnXh/nDvloCTSothsDMklLku2b9VUJbJtskklBmEMhx1mOmbbfplZKqYqNUGayIW/HOsqCEllub6GK/y+15HEVnWd8VpjZ8TkaXENixUkR7BKg26lQm/wAzsiymHEWbkdTfYx6lOIx/t3J+VsymSqXGfjrBHseOySn1Ow2Bd3xOSX3jSkwk1EGPJ7YbC2lKdXT1ZJJtrhJDI4UNlJtCSLTJY7LhRrO0NlhphBIGxBFeXiYMc0osEmljFf5fItolCRXIcE7H0OCxxjYPQZcQ2LBbZvSCVJJRGC7duxj1KcR/TuvtMP8AdcaQ8idXrjGMBsYqIJeY2EiI5uhbe5GgG82RxIjjJ7CY/wCGj1MFT7saJwJQ0RCROZji2vmIyXJ1xcqhVsSCRJMxuSR9+xpXAqBIjqFwlPg8YcLxpHvzKbJQfgoWJtE24LHGBY4xIZUtD8ZSHwlZHyMepTiP6d19pvqgyJRWFWbYoNOo17jLxZpiKqnNKqwCFJWSiQ4PCV4bNLJfcbCW0ubKrK1MZt15mMmdb7IlZFKnLj1DSXSLcbJSDMz7NuwyMg682wkrJ+xXQxERUI+3OaCMPQ0LEykbcFli6FlY4m40bzEqIaHwlwj7GP8AemEf07r7TfV7CMYo4TVAbhLFzg1BdB6hzPFFVWfQZCmH2JLew2GxivgtRkyLTYrTJmmXTr5VmtCENp4dhvyNtLcPdiOLG9QhTFdOtXaqiJoo0YmyLy+kaSMOxULEunbcKxxlKys8RNByIUyEaHxGdI10xiP6d1/rN9Xtxv2YEEuGQtsZo70pGC5HQLg567Dcg2UCyaLyFvfRq9t561vCiQo8Jsi3G+3IRGoyZQ0J9szGbclWFsqpxokiDUoaJthKC+qaSMOR0qEqpbcFhjaFi0w8t11s2C5RyBEeI27kyNM31e3Hi2p+QlGQn1tbatXWFpqnqmzzKS3CqmYp/ceRD79m3YhgzJclthMu7W6qBQvy3a2iQ2TENDZEki6HbcLYSoSaxtwT8dQsP0j8JcS1Q2LaTumU+Rukoj7aIv8AiOV0+Fu6dWtxtPAjlQ2pw/2mROt22j8NPtV1eOpQIlahokNknpdgppKhIrkOCdj6HBPx95BWVLOZWTq0GiQRglkYpPaeWX6MlHHP7dgRGYJpKBJmoaQt6ZOOvx/zhVCGw1HSgiLbqVNkYfgoWJtE24LfEW3im41LiBK3Urp7MmojMttwEZHyS/Rf/TOGxn2IaMwbyGyXLceVGplurh1CSDENKAlBF1poIw9DQsTKRtwWGLoM3a6ZENiyeYOHdkYYnNuBKiPsmei952ASk1H+20H5fmzVyZZxKpKCjwUpCGiT+BNJGHYqViVUNuCZjqFCRjzrZ8U+CcO8EexacEtxJsKPexLYLeS2liJMniFTMxwzCIg2wSQRbfhDIjC2EqDsBCg9VIMTMUjuiRWW9YHLxRN10k5Nk33slcHHkINuMQQwRAkkX4k0EYUwRhUYhZ4rV2aYGAohSo0BmMhLQJH43YcI4ASf+i//xAAkEQABAwIGAgMAAAAAAAAAAAABAgMEABEFBhMhIjESQCBwgP/aAAgBAwEBPwH9KEgd+zLhiUBvan1vYcwkNjyqHIVJa1FC3znYuiKrTSLmhmNYPJFRJSJjQdR683B25StRJsaRlvfmumGERmw2319Qf//EACMRAAICAQMEAwEAAAAAAAAAAAECAwQABRESISIxQAYgcID/2gAIAQIBAT8B/pQkDz7NqqLIHXbJ3loQqIxyypObEXNht97mqpWbgo3ODX3B7lyrZW3GJU9e5pKWW5qdjifH+ve+QQpXQRp4/IP/xABIEAABAgMDBwcJBgQEBwAAAAABAAIDBBESITEQEyJBUXTCICMyQFJhcQUUMDNCYoGhsVByc5HB0QYkY4IVQ2ThNDVTYICSk//aAAgBAQAGPwL/AM12w4rHRo77xDadXehJRpd0rFf0KuqHfH7Rm873Wfu0UHMeszjbPjX7RlZ8Q+fzuate7QlPiR4doy8HOM7nVH2jK7zwlTW7cQ+0ZXeeEqa3biH2jK7zwlTW7cQ6s2HFY6NHfeIbTq70JKNLulYr+hV1Q749ald54SprduIdWm873Wfu0UHMeszjbPjXrUrvPCVNj/S8Q6tKz4h8/nc1a92hKfEjw7Rl4OcZ3OqOtSu88JU5uvG3q0rvPCVNbtxDrUpvXA5Tu6cberSu88JU1u3EOtSW98DlPbnxt6tK7zwlTW7cQ61Jb5wOU7ufG3q0rvPCVNbtxDq9h8dgdsqqg1ySW+cDlO7nxt6tK7zwlTY/0vEOqWnuAHeizP52J2Yd6pAYZeF3YogvJOs1XNx3KkzCDu8KWg+TGF8WFMZxzO6yVPNmYDoZ801j329Wld54SpzdeNvUv5qcYD2ReUYfkmS/vifsqzk1ELT7OAWdmXAeKzMk2y3tcnOwX2XYVVJhger32D3qsN4d4dTlN64HKd3Tjb6e3NzTIfiUYfkyWdHd2jcFZfGMJh9mHcrcap8VajuaFYkYVPeKtRYhcfQ1hRXBUjARAqPObPerUKIHeHUJLe+Byntz42+ktx4zGD3irEo10y/3cEWQP5aGexis5Mve87XFWotAqNo8+6rMu0Qh81aiPLj38q8rpLWrmFXQivVr1a9WqwiWqkeFbCpErDPeqwojXeB9LJb5wOU7ufG30NpxoFc4xXbGKzKtZBbtOKtzUy6KfFc7FbXuX8vLV8VRllngFzkVzvjyb3LRBK0WUWnFWk+qubVXQ10RkxXSXSXSWOSsN5CpFFsKkWsMqsKK13x9FJb5wOU7ufG3lvjxnWWMFpx2BPheSogdZ1uuK5yMaZMKqzbu2DlaRoqQ2Fy0n2VpGpWgxbFefT1hxC1Ue7ODvVI7CwqsKM08uS3zgcp3c+NvLdLPAdbFHA7EZnyLGMnGxs10f9lY8pSxmIA9sfug0Rs3E7L7ldybytAWRtVqK6p71SG1Xnq1WOIVM5bHeqTEOz3hVgxWnkSW+cDlO7nxt5RedQqnRCcVirMQAg7UYkFvmsXtQ8PyVqE7z2WGy+5ZqcaZaJ72CtNjsIPetKYZ+a0IzGt8VXOtJ8VoEBXnrdWOIWnFq33lzgp3tNVzUZpUlvnA5Tu58beVSnrNHk3ouiy4D+224ojzmKKE6166J+a0Y7/zV0Z35rRmYn/sVoTsX8168P8AvBfzEq133Sudtwj3hW4EZrx3Hq3OxgXdlt5VmRl7A2lVmYr3dytQnOae5aWmmyPlaXe+G02gHaio3lCAYliPBzVk6rwf0XNxh8eTCP8AU/TlxmVuER31XrHL1zh8FVkVrlpQT8FeORahRHMPcVSK4Rm+9igy3movZd6bArArDJzr6v1NGKzcEZqH3K1EBK0mroBdBVMNWntY0d6LIDG07RXm0jWYj9liiw5lxqGh1Ca0PIhn+p+nLj/iO+vIvWlDa5VgPp3Fc4z48jQaUIE61z4PvYhCNLvDmn0F5WCw5FTcjAkhU63rOx4dSdaFGrRAWGSrrkWSwtO26lZiPfHjOwYy9N/xCM6Hb6MtDN/9yzrYQbVTP4bfryIwA0mi0FQ8qP8AiO+qqGHk3qgv7lWCwsd8lSLDNNq0mrSARgx2DuOxUa/OSzz8k2YgOq12W5aSuHLMSIaALMwKiF9UHParhyKYu2IxJ2MGQtQC/lB5pLf9R3SPgjFay3Hdg517nFGZmDacTVUaFM/ht+vIIOtRHwmWoJNRTUqFYrHLGP8AVd9VVpQI6StNhkhUe2hyhAPaCr4LSi6Xu91FpNCrnIsfeEJaI7mIxp4HJpK5WnuAHeqyspFiDtdEfNf8Iz/7Bc/Lvh9+IVWmoy2nXALNQqiEPmgS1UAy1iOoiQ/NsGtOlvIrM9EwMU9Bq858pxzNxsRXot8ArlY9iFcFWi+Kmfw2/Xkm5FzW0KvBIVCrysVH/Ed9coFoAgYFANILu7KEMhRDjR2pwVIt/fqyVCgTJvdZo7xyvmY7M5YdZhMOHiVzkQ5MVYb7V9MvmUE/fQcWqgGS04gBWZf80YLXmYmThDZerflmLZhaoEP9ShDgw2saNQCq80Vyc6mJqqAK/apj8Nv15XRR0ES1qwJCo5RTtefQDIclh7agq2zSh/TI+Tix2tiW6taTqy52ALW1qo42TsNy6QVkG044NbeUZmaFl7hZhw+yNpyOia8As468m9AUyUbpOWcnZgNGpqsw2mSlO0fWO/ZcxD0ji83uK7lo/nlqRVUtgeKLmkYhTAB9hvoOiugiQxF8Gu2hVmMwt5QQyHLQhGPLjR1jYpbynCnHy848uNcWm+5UnIJmpYe0NIIQ4rsxFOpytMcCO5UjQYcT7zV/y6D81SXhQ4X3G0V+Rsuzosx8ULr1V5+CLnPEKGMb0ZfyJBtDXMPuaP3Xnc48zMz236vBUCvvKvyX5LwrcR4aAsxKlwha3LQbecTt9FguijzdUXQKt7tSpGhkd/ICGQ8mXhsuAr9VR4qCjEEHzWMf8yFd8kYvk6KZ6VGoX/JZjynDdKRcNLBCLAite04EHLcs9FpU31VmAKe8V5vKMdNzJ9lurxQmPLMa1sgN6A/dBjGhoGAC0lQXDLctEfFXc4/5BZuFz0bYNSESccSNTRgho+lwXRR0EXQQWH5LnYZptGQIZDyZfw5B8+k25w/5jbnJ0z/DHlIxoeOadj+xXmf8SeT4kvEF1sN/RZ6SmYcVvulVVuZi1Psw24laZdIyvZHTd+yzcvDsjWdZWwLR/PkUCrHP9oXOPDG6mjWrEAGDB+ZQJYhorD0+C6KOgi6G2we5abKt2hDIUeRLfd5Wa8oycOM33hejN/w75SiQHj2C79U+Umwxgp69wv8A91nYj3R45xiRLyrltV+S/JaebLVzeiNbijC8nttu1vOCz80S9x2oaKw6nguijoLOQB8FmpkGE7vwVQa8mV/D5RKsA4mia3YOVohdt3yVmuciamhc+S1nYCGguj1fBdFHQREMmmxF7W2grLwQe/LK/hjlFQx72W7LWMfgtJwYzYrEu0w4fa1lVLanaUNFYdb6KOijWHftCJhEupqWbLTawooMBx6DQFjySof3sl+S064bVzd3vFWJVtt3a1LOTBMR3yXRWHX8F0VbbDv20WjUhUfUK8rHKVDHvZKBdpys3vfqaFamjZb2AgGsoFh9h4LoroKsElq5xhptVHFYq4qH4q9Y2QubbmoXaOJWi2rtbjisFh9jYLBdFF0KsJ+1uCtWDFhj2mKy4pt+FSs1Jw847bqCEWcOdibNQWH2ZgsFz0Cy7tsuKdEM1bhHVrQhwYYaP+9//8QALBABAAIBAwIGAgMBAQADAAAAAQARITFBUWFxECBAgZGhscEwUPDR4WCA8f/aAAgBAQABPyH/AO65oBUwrktpg0FXdxgZ/sdx65+hU3/tOuKpel61/YDCCsOrhH3IGpi3Siv7f7H6yf3n9j/WT+8/sf6yf3nps0AqYVyW0waCru4wM+q+sn956b3Hrn6FTf8AtOuKpel616m4dE+7D02MIKw6uEfcgamLdKK/t9VZ+mdM6/TH1k/vPVdt6YUJd/pj6yf3nqu1dMGoeXpj6yf3nqv66H33pj6yf3np/rcIblcQdx8ProffemLh0T7sPSbcC1VUfoljmd4vcdtU7wsx5DcVEgbXiVpTsMOEFGuP+Ul/aTS9MWfpnTOv0JdZYo6hfoI+scSPBbD9Mr6zLCHbjXL2muXxLMjLAqcGtcSmObphlIM+01qTyv0dt6YUJd/84rBHc+IxsM138ziBqpUM2jqu2Caxs6vtKlOh/BO+tH+DTSCqLwyr5YdZWK+FK6Lq9BaumDUPL+Qaie4kdfY5bvEqGgBo7y7p6qWFEI5xCcJ2FwN5J1hYgbq/M6YO7NWMdi3tKOvlkF2k9NDgS9S6Mp+rt5Rs/jiAyj/KfXQ++/hFIy1VgKd8H3GS31I6kxdwh4vG2TEFIzfGDtL7kavvHlaLE0bs2p3zinaf9un/ACibSnAEt4PbwvXTqocqE50PiXiPRleTrayk7oyShc6fxProffecCiunQNWPiHVNnUHaPN9bDFNVl+6LrmZkHaE6vlCsYsWjmbOHBNb35jgfqmiJ2R1qypUCBAgQIECBAgQIELMjhlJRdpqeYjJDlp2vPn+uh995wgvUVltmA3rQJv03jSLXWx2fuGBN1kAtCeXmvg1j8j2s+yZDIODeDxqVKgQIECBAgQIECBAgQIECW4vRlIqG2crkKAG67XnyfXQ++8xomsplVNY5p1Ny9gWMuCXPI6xeF1KvZqQdoq83fb3gzTwhhFn4K5mg5lW2Zt18LNIRzeYp3YyvCpUCBAgQIECBAgQIECBAgQJUDyW6pwwCxLZwoB7AhY2m10z6aH33mLjWefEpVMVj4aWwuoX59n/9IY96rRhSZzS3jSvUXL+ehoX2hoQ73/MvBucLGaE5omfOBcfUNrkCBAgQIECBAgQIECBKgSoHkxUACr3hswFnlj4gfVZJBphOSma7HPFdWPZYVNYZN0uCTLdlTLHJ5P8AWdURfEJUyM1mZYIV3TVwuaD8xA2M+5eKQ3yiNIPXyFjjeqKm8Z+yFoU1evh3lEsgQIECBAgQIECBBcMP/Gh/5Uq3So30TdqXhttrfeAnDzABCAg+CYavxEKbKRhvGzYEypVFrR+92ji1vmLU8nSQ/lBevAgQJZuUv/u0FCdwahpnxK57RmW1nBDLXDJ5GolWZ5U9GAdexIECBAgQL0m2V3h/8IXlB6GEkEWjgMqzbDlH4mQLWrWJFDCaitVhNUJbYBqsp2eL6IMY9Zy+0f3KqKcqOKQ1qf5HLyMDPwrX6jLE0ZhAgQJ/n8odYnaaa+Au0BLcZQw7LdL5D6ZTGItAYZQPzQQYka7Oo+SXSVlu/wCjCrm+HiBAjNC5uKbQQkgggggkJ7VlOhtde6EZCDQScJNghNSJAnGm8MS1jIKuoYeiEGxPnjG5WRYbqUk/yOXkKksFJGaIrqHDL2/MEBgjEECUWLBPvAoq44i1W+tcSzuaMu04k8WIBd4CV4lNElTymr/UrwGozUjrao4/Kj7bBekRz8IQoVGRnqqE9S59sAcvbzza9/pZCZE3IQQ3QBaszKPB+UzNoOg2Sb6ShDo3Y4KNa2sRPPWU77wTbsMAFCiHVXFdd5oJYafZP8jl5LUj8hLJ+QmPo3I4KkoyFOkf4/KaZGbxEVYtW0vVfDw8o0+HhTkJDJoOh1eCElJkY41trowwkhs8tjqalvECngvEdAavKiFVaNMQggmytx+JmLQwgZ1Jg0N2XdCmr0mCE2YvrxF5brdRX3TQzhSIIYHjdlKt88sdmvCKCmmyf5nLyJcGyQJsQqg+Iqo3kmHgS0SJzLk6n7ZvnlKZpQz+Lweb3jQ22iwFN/28Atp1O+iAFkIttSste5LWs65RCH7YY2IFnsS6bti1Nep0hBcQp5ZXlTZYRkC2wTHxmkY7DLl7G8ZOT0HoQj5XNPVmd05MNPt5RVWtspglQTVEdsJdg4mHIOt8soX5UGHaQdsQxofENwT2iHWVULs7qYgOrNwgw8QZ/F4fV7wYoAjqMPsNe/8A+JswuAC0aneC0fv1d9T3i+mzTL6MMPGRUDpvSX5hddv+dZSKutC+dZlWrhAerAEkYZlMd7DViDfWmmJsRz4ji5na5TtbRVRcPoLaaq9vA7HSXijBNQCJd8SzPEsu/Yhm7d9Yv52sP0g7ZhDj8Q1SHZJYiciKHQ9k5WbhBHxyMO0Mxn38Bh1TAUMKG2UvCYiJYzdAVOTy6GcpBBh1edOIMsi3L3294Qh7thIQRdjVESDIUJiAg63T9+5tKqQbXXdgwxUCggMnXTeLqjoHgC9DmFH7Svd5aRPoDdgvyGDTiyIL0WaO66Q2BBSv4tsgjZijGY5o9J0QQPwiEoesTnZmaE4s/H4XV7yvAlw+r8wIkmoTBTMHW9zX3l1C5VPgr/hLfvsqscrruYhBa3tTuakyHCWHPyE4CFr43dj6sUQamonK7xRfuMBpe7WdWGcBcoNcsowr0get21mIqX1UWWzfa/UzTLlXVmCkIBABp/LsEHbEBcITQ/ECm5Tj4l3YmTGbAudpnGfa8anzv9wIECE3yI2Y6Ls6kyZ9vHsD8MwNwPmCsQ61274OICqFwNfP6iqtTSex0nQ0nf02N8Q6qN1bGif9gDL69B2lmH4hCjNp9CnVCciCOEJoPiJaFbjDCNi71feAoQmoxBmbxDwq7aBAgeATthLS9JDN2jwvFGDjwLdPmFGnzK57kOmfwlyODCFjpo+8CuSukCYQfBNPSIdYZkQJsQqg+ILT8EfPvhrK2FqCprDCdZWm5BA8AhFUbaMVfjwqXbQthyyxCgtgftTqxQktBqy3Bbj4IQGJlyLDMHxDwQGj1CDD9IO2IZQ/Ew4bNQlZzuGZU/tkM3Cz2rACjALGBAgQwVo6JoXDgDiHAQWzroyCU1gxfvLRD3XHR2JWrB5RgOnrT9IO2YA4xiE95MRAgf3SUZMMowPD4rIpqU5uH+KiYOQjCK2f3w4gbBBSQsEANP6DZIE2YI4y0ofEQNONoaFe3JCxCKYx8w1Po36hWqiMLH5Y3m3D+AhZnOQpUXAUD/SNkmoCXuMvSqPSVZ2X6Ebe8B8kstHhm24pMrdz8hm4VCMQBUJtM2z+oQZsniQkwLxnk4JSq8XC5/g1hm0I2lV/WIYmV4gm0AP/AIJ//9oADAMBAAIAAwAAABDzzzzzzzzzzzzzzzzzzzzzzzzzzzzzzzzzzzzzzzzzzzzzzzzzzzzzzzzzzzzzzzzzzzzzzzzzzzzzzzzzzzzzzzzzzzzzzzzzzzzzzzzzzzzzzzzzzzzzzzzzzzzzzzzzzzzzzziTzzzzzzzzzzzzzzzzzzzzzzzxTzzzzzzzzzzzzzzzzzzzzzzzxTzzzzzzzzzzzTzzzzzzzzzzzzzzzzzzzzzzwjzzzzzzzzzzzyxzzzzzzzzzzyjzzzzzzzzzzzyhTzzzzzzzzzyzzzzzzzzzTRDDTzjzzzzzzzzzDzzzzzzjDSTQhCyRBjDzzzzzzDzzzQChRgCRDiSzBDCCBDzTzwDzzxwTTCjRxSBTzzzzzwARTTAjzyzgTwQBRywQhCAADDizji8AwzyzTChjTDTTyAQhTRwwQRmFEQzyhigTE5yTjCzjRGItTyGxDxSjyzyDxxTDAARTwznyKyQAzghCRTzyxjQDjSixhxe8zgTARiAQwRzzzzzxxQBAzS1tVRCAAgRjBTzzzzzzzzyzihjAqlyQAgCSBzzzzzzzzzzzzwyCTzuxyBhxzzzzzzzzzzzzzzzzzyxxjQwRzzzzzzzzzzzzzzzzzzzzxyzzzzzzzzzz/8QAJREAAQMDAgYDAAAAAAAAAAAAAQARITFAQVFhECAwUICBkaHB/9oACAEDAQE/EPIt+iFcmuayQ9j4UYa7kvGkDHuEBuZhv0bc5Sy66BQcI2JURYODgiotytx1yCqt8bCfsoeTBalUT25VOAuRcMm77//EACMRAAEDAwQCAwAAAAAAAAAAAAEAESExQFEwQVBhgaEggMH/2gAIAQIBAT8Q+xbaMqTWD6NdAefShiHcl4xA28wgZ6x+jr5mDZrgKBJHRUFAOx2ItyZ5VwVVujoT7QWWDkKJs24QCNw6J53/xAAtEAEAAgEEAQIFBQEAAwEAAAABABEhMUFRYXGBkRAgQKHBMLHR4fBQYHDxgP/aAAgBAQABPxD/APa9/wAfZ0Lt1dsK8Rp70cDdg4CZ/wCjxHv1bL1rPcUfAa7qeDl+a/6Bzc4RXaKGnbM1NfHpGu6FXD/6s8+fPnz5v+Ps6F26u2FeI096OBuwcBM/V+WV/TTxHv1bL1rPcUfAa7qeDl+a+pJaSZjov02c3OEV2ihp2zNTXx6RruhVw/VZz1KeR7p/+iefOR9SgufB6/6P58qDqmTcG1/8J/z5fv8Ayyv6eSzpoZ7IIPVgkfU+pfvyWkmY6L9JhB6xQerDxdAF8MCMExwlMva2ekeEeRputhV8q7aeGG4qDpkwbFsIsmzFVznsC6Y7/TZz1KeR7p/oRAUANViwFwFd4yV6y7B4yL7B+WGUpqwOKYg8W2Iz43YdKi9Qv2eYql1VtXea5dJV5Y1sD1L5RfgVxs8WGOojccpYIRrqDgfJBJSsRw9Po8j6lBc+D1+v7EPjt4GZXdFF9hqiBIuQy2Uyx+88onq5jFMWU+hqY9LmKl/45jBSb1g8GhA3Z50lXA5+IXC1lTHJ6ulr2hJt1CveQZragu3mEkfcX6BQdUybg2v6n5orJH7w5AsK19mQGUUUWuXv4qGXnaC94DILVg+8scHVTLt0iBzgOh50IkTrWKdGsD4hUzHhwmEX4zBP2MHpgh98G/4h+UXBP7/5g2/3P5hEU56ipg4aJTzMRHWWW8zLGYQft9O/flBm6YIOVWBGXaomOchVX5cEUm5G16QwRAAU4p7DSGX4mAvZVsMF+mYerHt+2avbSZXqdE0wawPeC5/hc+0u+PiiaAd31feOWo3P9I5KLfn7Q1ovV+8AUatLoimkerHRPiizh4CH9IQfX7c/+Ahs/sIfVXmBYRu5DSfhvo8wEz9UZPMGr3Fft9E/fsA3mgbTwERX0oqtbktmKiQowA4iFqe2YKZpWntLuGbGp8BFVUtdVi38NZ4lRt25YPcgKI5qHyy92TI+xAPeJSYszpHL82wg/VAAAAOCixclf2BqNeZdzMLZJRhl0J7Jrk/Wfv0klNKVIOtm0Zwh8NeV6nCnUCLCiJrgQsc42w485csxouHLswU8aI38Fv4l0TtzKYUW8omtKZXA+kolxopR7S3FF0EC4HtCCD9EAAHR+gAAHDXIsVP9oLZgC/och7Tbmsk9uv6b9+jAMDwFx0u8dOCCtQ8x0RKOB2Os0hMAC1WmMu5TFmVzoDLa9/MHckMZ7ujwIUhrVCe8ucksGfAuWrB30HvKBU0VD0XMjqAVFzW1VuEBCD9MAAAdHzgAEIwAIECGtDSxUJh+qFAdsWVLVfsU1jFnQz7DGLjZrnz7+pLUVq0KvsMre3HdbthiPC8shZUdOa0LXdTHquMCiZBYRwYcEbqroQfZrnMWaLd1/uJhbeGh/eYsg0pfmXeYKpPzQ8AV6Z4qpgWRlu98I/vBmRg/clocjxs1L2TZgHT5QDo+B0fOAAfAEKwAKIECssDTMUQTrGnrCAI0H64aENzOph9GJTrzdnmoaF8ylZwkDIG1KZNvQ03jRIFavZtldxEaV4h7wAII6J8jiNYERa7x8A+AYSgXWmJqcNiRK9ISomqzooB6ShZW5s/ptN2ABr5xOmJCn5HAFYxX6S2gcHA6EH0OEs+xFEoiWJ8Do/SAAAfo3pF6N6p0rylDJeRgtyCxZyrG18esW4E56u9UUydrdWX+ZW0VCSBh0PEHrFyRyXbQCCUgQAnR+ZuKKAHnRHbKct4yEB4KPkBq/s42suyBvBKJyQTBvGzmWkjaI6kMSwNxph9E94P9xreDVAfG/tGVsjrngZWw6/yvxBWgtYLtt4QSGqUC1pLW7DicR0RdJs/MADqgr1KPSjUK9CpS/ebmmHwQuJ1ToiCZqFAQ27Ky1f7vCKs1lntjwSppLhVauCmBF/ojIrEh7tFBHA2KFJycxDyNWWhTQg4rXpZDodGYuDpRm33q/LAyi37VOf7kqV4yzMm+sI5uWfAzEFhK4CCjbiKQImo/A7lFdWMAQ96+8MR7gjf4Y9tw1ezs29IFp6lnxMt8b4QR6uSBfVDK2icxmUgYcmaLwQZamxzRlcJOj4FgKmn6EhYB6MwuJ1zpnXOmdMsk0bAR3TSqzt/hLrmC2Sl8GxHaJIl4QwrYacGHunviClS6UtjlYjX68l9nG7GXOkChqosDVqajbT76HBAiEOCBLPkBhV1BhEpJnxcWhujqBHiOTBgAbe4aSblUsZmIrJnHIYI17TcX0SUy9C9di9wMMLoqzq41JNaT8DqZk3IchxvVNeYhEfeGrJUNPq/EdE1MBIrXm0Z4zVzTsxJwOgJgeLaGYOq9K3lBiP8AMwYEdQAy3SBOG2hXsYs7LgQMdn2QYckoH7tawk4WJYzrm7UR6JbAEJPQw38vxAvYDkgoiuCOhnAKi0tKwZ8BHrOEpGqu0A3FCRWLd44IHE3Gi8Pg8uYCIGACggQoBslZXmGiEDNQcDT935cGCNSAZejtMtyWmo3EHQbj8wcjDwLeWAhNxCwyhVYHkagqFy3vBZYIITUWgmOd4UQ3Lks3eXbFf/YZyQnE3J+KAGYz40g5hbNYjJ0m5EC5Nq/wvXwSMsBqJoymYztv4y/WdU64sKGT93RgviBExQaArYMVEBRvjiUtqOFsqIgYsBhtQ2nROiBGFHdu384GjQ5IYIoqUrAU1CLRC9Hg8PEYl63T4sHtiUJcnCAyujEJk1DF6EN3HTV4iVcA+RnKmVa3BWiDSLan88ZX8gAKSJgW4HIvqJSLuGKFaBTHSp8N1DKspMIy/wAmaA4Ep6yrYEo5MPMA1zKonMq9k0IaVcMwLyhigpRp2cMVsC0M9f5fARcwkgWh2uvWEHEdEnXFa/q6/PI9S0PFO+WMudl64VNGvkm8FjAnUqqXi4GAGydEtmesnSDqqUtVbWEmKC8QgAAascuDRsPLB/jfl2ByppS4KfZhN3MGSGVLDVXLCKUWuIP5mC6v08EeOTVWCFhjS4OXcN/SUXJVaUCGuDvGyiQHR/uhD8rUCLBLe0NEX1FdF3D9MWiUZXfMairbTtKpU1eR4dJVENHEJ0fgIB8hG0Z0lKm8D2mOn7Tah9noFiR2p4Oe05/ZCqCmUusKTBg+kq6mec1rlrGFEX7Tt2oyaOO6hXkB6JyJBYJgpR933hLVXeSvtjFAOq2DvU94jGJyq2s6ImnLoYV/BGsmLVKkVdx6EcUAFg5Zmd6ao3zLXjEMGm6SNzTPG8LLXBMnUNjj5d4+OA0GA8E0hmX03P8AEW0ug3ioMpZZVkEXltaBGUiX/bmDRiHJbtmDfHzoCkjARnmAWZ1F8dYu7VYUZW6lbCvyRarKoK/XaE0fch40zDLEn3UH7JrRGhOzKrzdDXEqZgARKRMJAMJR0BSiUm1TgOyOGBZl0Fn/ACKj0EvOB3FUGtghdWECtNBgPZAEFFYlzwmpOiBxAKFIxMlUl5ljgh4OiIkZK4fOiYhm41wBja84gOzFgGgBDLB1Dq/iKrvePLvA50gNlcjSJKOd3r/UtVQ4A8sY4VnWvzD/AH8oNMBHCEWR6O75jUiggdOCCA/RQdSDtjMJEX1M2l9QMDDY3GWr2tWLzs9Imemg+ruespo+7DpGpvD+hNCo+0Yb8qHCBWYkmvFL+7m5G8NTFK4524DUlDxNixCGC0pDUeXLtBdBht6Lym7ZHpAEvdDkdhjIQ4ARXnSLjhTOOHlj4MhS6poeNYG10DyCsp7l8p/irmYLN6jxxMrYq8wKyHEMrxtj+YfWsAIdva0X5OIuFlJ9LGVli+0jHlbJegqitOV3mHJA2gAAOobQ/VApg0dfUstl6lpC7i4X11DzognQ+Vovc1JQeKGjBgBozOjlAqBvCKImv3l8kFjRjwWlV+Ak7p2nDHq4EZjOpIoYEgkIDZndhmd4qZeaWQ9XB6JdMjXg8sylB9v8y3B4lmrXYgktPRr/AFLxRXAlaRZca+CHdPyS3i9I8RkBV6d0fA1svQNCK4kCCYiHEEAGPoSsI8ED1LPS+oluu4yky2xAACFM6dbfWWmCFgTpgOnVgoglHMepXA3fu/IAGxKpm+qUyeDC91qaJQvoVAvUxLNI2RpADLBlFHL8EGjy6rWWbpusB5Yjs3JdX8xwp4z6fBgI/YMpKdt4xAUogzArqGQSoAKCvpC6EdCLlnC+pdQu4QR7wV9m0LklQUTxvHSTpRHoyoBmCCY5b4oBsSqCIo3GPewbfa/xAvLCBYBa1oeWANs+0QG5dAIHrLld+TiByDL93dmiV7gXTaNHfVl2sakqqDBldQah9RqBEwluWIL6iMq7gmULTV4ma+fFdG+dGEBPNDoqanpRuGYvXnuVpN/GLPE9oqUiy/cEilwXxELbwHL5YAAAGxKaD1w34hMgc704izw1fv5XeOhLcoaXitoNArqBgGJpg+rQSkjARnmATL6jeMt7QzEugKesYqjgrMKKrUDBD/Vmdk9wUmj3CqxFS9RGaD+DCDC06uxBqUe29+ZQW1otvsaRVmRRqd/xBq6BQjYgrqGgSoBQ+vQdSFojMPEX1Fmy+oRdQCi5EKpbXvovq8RH3lhNme4Tlsd4Qi37oi2cOC1jkb1Lz5cwipsKAS4G47PlgCD2gKhjqBUB/wAQSmAUVfUK3XUEYAiNhiCiyDJ70+1RUtNBYbOqfePCKxwIxHbJV6Af3NWloPfgww6RqdG8NJiAFBCjGAEaYP8Aj6oQpwm1Iq6HtNMX1AvdYfUmpTg+y0U7wI41RD2XeUCwWXANB/zNSIzYjZGwCCYP/BP/2Q==","provType":"MONITORING","date":"2018-03-12T10:59:44.805Z"}}},"provision.device.location":{"_value":{"_current":{"value":{"position":{"type":"Point","coordinates":[41.05066979411833,5.429561420314373]},"postal":"28033","source":"GPS"},"provType":"MONITORING","date":"2018-03-12T10:59:44.802Z"}}},"provision.device.model":{"_value":{"_current":{"value":{"name":"OpenGate","version":"1.0","manufacturer":"OpenGate"},"provType":"MONITORING","date":"2018-03-12T10:59:44.897Z"}}},"provision.device.name":{"_value":{"_current":{"value":"CHD_DEV_7 name","provType":"MONITORING","date":"2018-03-12T10:59:44.806Z"}}},"provision.device.specificType":{"_value":{"_current":{"value":"SENSOR","provType":"MONITORING","date":"2018-03-12T10:59:44.713Z"}}},"resourceType":{"_value":{"_current":{"value":"entity.device","provType":"IDENTIFIER","date":"2018-03-12T10:59:44.898Z"}}}},{"provision.administration.channel":{"_value":{"_current":{"value":"default_channel","provType":"MONITORING","date":"2018-03-12T10:59:49.518Z"}}},"provision.administration.identifier":{"_value":{"_current":{"value":"CHD_DEV_8","provType":"MONITORING","date":"2018-03-12T10:59:49.516Z"}}},"provision.administration.organization":{"_value":{"_current":{"value":"chemacorp","provType":"MONITORING","date":"2018-03-12T10:59:49.513Z"}}},"provision.administration.plan":{"_value":{"_current":{"value":"FLOW_RATE_100","provType":"MONITORING","date":"2018-03-12T10:59:49.51Z"}}},"provision.administration.serviceGroup":{"_value":{"_current":{"value":"emptyServiceGroup","provType":"MONITORING","date":"2018-03-12T10:59:49.512Z"}}},"provision.device.administrativeState":{"_value":{"_current":{"value":"ACTIVE","provType":"MONITORING","date":"2018-03-12T10:59:50.005Z"}}},"provision.device.communicationModules[].description":[{"_index":{"path":"provision.device.communicationModules[].identifier","value":{"_current":{"value":"COMMS2_SN_CHD_DEV_8","provType":"MONITORING","date":"2018-03-12T10:59:49.906Z"}}},"_value":{"_current":{"value":"COMMS2_SN_CHD_DEV_8 desc","provType":"MONITORING","date":"2018-03-12T10:59:49.927Z"}}},{"_index":{"path":"provision.device.communicationModules[].identifier","value":{"_current":{"value":"COMMS1_SN_CHD_DEV_8","provType":"MONITORING","date":"2018-03-12T10:59:49.605Z"}}},"_value":{"_current":{"value":"COMMS1_SN_CHD_DEV_8 desc","provType":"MONITORING","date":"2018-03-12T10:59:49.802Z"}}}],"provision.device.communicationModules[].identifier":[{"_index":{"path":"provision.device.communicationModules[].identifier","value":{"_current":{"value":"COMMS2_SN_CHD_DEV_8","provType":"MONITORING","date":"2018-03-12T10:59:49.906Z"}}},"_value":{"_current":{"value":"COMMS2_SN_CHD_DEV_8","provType":"MONITORING","date":"2018-03-12T10:59:49.906Z"}}},{"_index":{"path":"provision.device.communicationModules[].identifier","value":{"_current":{"value":"COMMS1_SN_CHD_DEV_8","provType":"MONITORING","date":"2018-03-12T10:59:49.605Z"}}},"_value":{"_current":{"value":"COMMS1_SN_CHD_DEV_8","provType":"MONITORING","date":"2018-03-12T10:59:49.605Z"}}}],"provision.device.communicationModules[].name":[{"_index":{"path":"provision.device.communicationModules[].identifier","value":{"_current":{"value":"COMMS2_SN_CHD_DEV_8","provType":"MONITORING","date":"2018-03-12T10:59:49.906Z"}}},"_value":{"_current":{"value":"COMMS2_SN_CHD_DEV_8 name","provType":"MONITORING","date":"2018-03-12T10:59:49.907Z"}}},{"_index":{"path":"provision.device.communicationModules[].identifier","value":{"_current":{"value":"COMMS1_SN_CHD_DEV_8","provType":"MONITORING","date":"2018-03-12T10:59:49.605Z"}}},"_value":{"_current":{"value":"COMMS1_SN_CHD_DEV_8 name","provType":"MONITORING","date":"2018-03-12T10:59:49.805Z"}}}],"provision.device.communicationModules[].subscriber.administrativeState":[{"_index":{"path":"provision.device.communicationModules[].identifier","value":{"_current":{"value":"COMMS2_SN_CHD_DEV_8","provType":"MONITORING","date":"2018-03-12T10:59:49.906Z"}}},"_value":{"_current":{"value":"ACTIVE","provType":"MONITORING","date":"2018-03-12T10:59:49.926Z"}}},{"_index":{"path":"provision.device.communicationModules[].identifier","value":{"_current":{"value":"COMMS1_SN_CHD_DEV_8","provType":"MONITORING","date":"2018-03-12T10:59:49.605Z"}}},"_value":{"_current":{"value":"ACTIVE","provType":"MONITORING","date":"2018-03-12T10:59:49.799Z"}}}],"provision.device.communicationModules[].subscriber.description":[{"_index":{"path":"provision.device.communicationModules[].identifier","value":{"_current":{"value":"COMMS2_SN_CHD_DEV_8","provType":"MONITORING","date":"2018-03-12T10:59:49.906Z"}}},"_value":{"_current":{"value":"SUBS2_SN_CHD_DEV_8 desc","provType":"MONITORING","date":"2018-03-12T10:59:49.916Z"}}},{"_index":{"path":"provision.device.communicationModules[].identifier","value":{"_current":{"value":"COMMS1_SN_CHD_DEV_8","provType":"MONITORING","date":"2018-03-12T10:59:49.605Z"}}},"_value":{"_current":{"value":"SUBS1_SN_CHD_DEV_8 desc","provType":"MONITORING","date":"2018-03-12T10:59:49.711Z"}}}],"provision.device.communicationModules[].subscriber.identifier":[{"_index":{"path":"provision.device.communicationModules[].identifier","value":{"_current":{"value":"COMMS2_SN_CHD_DEV_8","provType":"MONITORING","date":"2018-03-12T10:59:49.906Z"}}},"_value":{"_current":{"value":"SUBS2_SN_CHD_DEV_8","provType":"MONITORING","date":"2018-03-12T10:59:49.91Z"}}},{"_index":{"path":"provision.device.communicationModules[].identifier","value":{"_current":{"value":"COMMS1_SN_CHD_DEV_8","provType":"MONITORING","date":"2018-03-12T10:59:49.605Z"}}},"_value":{"_current":{"value":"SUBS1_SN_CHD_DEV_8","provType":"MONITORING","date":"2018-03-12T10:59:49.796Z"}}}],"provision.device.communicationModules[].subscriber.model":[{"_index":{"path":"provision.device.communicationModules[].identifier","value":{"_current":{"value":"COMMS2_SN_CHD_DEV_8","provType":"MONITORING","date":"2018-03-12T10:59:49.906Z"}}},"_value":{"_current":{"value":{"name":"TEST","version":"1.0","manufacturer":"sb-HD"},"provType":"MONITORING","date":"2018-03-12T10:59:49.913Z"}}},{"_index":{"path":"provision.device.communicationModules[].identifier","value":{"_current":{"value":"COMMS1_SN_CHD_DEV_8","provType":"MONITORING","date":"2018-03-12T10:59:49.605Z"}}},"_value":{"_current":{"value":{"name":"TEST","version":"1.0","manufacturer":"sb-HD"},"provType":"MONITORING","date":"2018-03-12T10:59:49.709Z"}}}],"provision.device.communicationModules[].subscriber.name":[{"_index":{"path":"provision.device.communicationModules[].identifier","value":{"_current":{"value":"COMMS2_SN_CHD_DEV_8","provType":"MONITORING","date":"2018-03-12T10:59:49.906Z"}}},"_value":{"_current":{"value":"SUBS2_SN_CHD_DEV_8 name","provType":"MONITORING","date":"2018-03-12T10:59:49.915Z"}}},{"_index":{"path":"provision.device.communicationModules[].identifier","value":{"_current":{"value":"COMMS1_SN_CHD_DEV_8","provType":"MONITORING","date":"2018-03-12T10:59:49.605Z"}}},"_value":{"_current":{"value":"SUBS1_SN_CHD_DEV_8 name","provType":"MONITORING","date":"2018-03-12T10:59:49.706Z"}}}],"provision.device.communicationModules[].subscriber.serialNumber":[{"_index":{"path":"provision.device.communicationModules[].identifier","value":{"_current":{"value":"COMMS2_SN_CHD_DEV_8","provType":"MONITORING","date":"2018-03-12T10:59:49.906Z"}}},"_value":{"_current":{"value":"SUBS2_SN_CHD_DEV_8ICC","provType":"IDENTIFIER","date":"2018-03-12T10:59:49.917Z"}}},{"_index":{"path":"provision.device.communicationModules[].identifier","value":{"_current":{"value":"COMMS1_SN_CHD_DEV_8","provType":"MONITORING","date":"2018-03-12T10:59:49.605Z"}}},"_value":{"_current":{"value":"SUBS1_SN_CHD_DEV_8ICC","provType":"IDENTIFIER","date":"2018-03-12T10:59:49.8Z"}}}],"provision.device.communicationModules[].subscriber.software":[{"_index":{"path":"provision.device.communicationModules[].identifier","value":{"_current":{"value":"COMMS2_SN_CHD_DEV_8","provType":"MONITORING","date":"2018-03-12T10:59:49.906Z"}}},"_value":{"_current":{"value":{"name":"software","version":"1.0","type":"SOFTWARE"},"provType":"MONITORING","date":"2018-03-12T10:59:49.923Z"}}},{"_index":{"path":"provision.device.communicationModules[].identifier","value":{"_current":{"value":"COMMS1_SN_CHD_DEV_8","provType":"MONITORING","date":"2018-03-12T10:59:49.605Z"}}},"_value":{"_current":{"value":{"name":"software","version":"1.0","type":"SOFTWARE"},"provType":"MONITORING","date":"2018-03-12T10:59:49.717Z"}}}],"provision.device.communicationModules[].subscriber.specificType":[{"_index":{"path":"provision.device.communicationModules[].identifier","value":{"_current":{"value":"COMMS2_SN_CHD_DEV_8","provType":"MONITORING","date":"2018-03-12T10:59:49.906Z"}}},"_value":{"_current":{"value":"GENERIC","provType":"MONITORING","date":"2018-03-12T10:59:49.92Z"}}},{"_index":{"path":"provision.device.communicationModules[].identifier","value":{"_current":{"value":"COMMS1_SN_CHD_DEV_8","provType":"MONITORING","date":"2018-03-12T10:59:49.605Z"}}},"_value":{"_current":{"value":"GENERIC","provType":"MONITORING","date":"2018-03-12T10:59:49.714Z"}}}],"provision.device.communicationModules[].subscription.address":[{"_index":{"path":"provision.device.communicationModules[].identifier","value":{"_current":{"value":"COMMS2_SN_CHD_DEV_8","provType":"MONITORING","date":"2018-03-12T10:59:49.906Z"}}},"_value":{"_current":{"value":{"type":"IPV4","value":"172.18.19.24","apn":"movistar.es"},"provType":"REFERENCE","date":"2018-03-12T10:59:49.899Z"}}},{"_index":{"path":"provision.device.communicationModules[].identifier","value":{"_current":{"value":"COMMS1_SN_CHD_DEV_8","provType":"MONITORING","date":"2018-03-12T10:59:49.605Z"}}},"_value":{"_current":{"value":{"type":"IPV4","value":"172.18.19.24","apn":"movistar.es"},"provType":"REFERENCE","date":"2018-03-12T10:59:49.699Z"}}}],"provision.device.communicationModules[].subscription.administrativeState":[{"_index":{"path":"provision.device.communicationModules[].identifier","value":{"_current":{"value":"COMMS2_SN_CHD_DEV_8","provType":"MONITORING","date":"2018-03-12T10:59:49.906Z"}}},"_value":{"_current":{"value":"ACTIVE","provType":"MONITORING","date":"2018-03-12T10:59:49.902Z"}}},{"_index":{"path":"provision.device.communicationModules[].identifier","value":{"_current":{"value":"COMMS1_SN_CHD_DEV_8","provType":"MONITORING","date":"2018-03-12T10:59:49.605Z"}}},"_value":{"_current":{"value":"ACTIVE","provType":"MONITORING","date":"2018-03-12T10:59:49.701Z"}}}],"provision.device.communicationModules[].subscription.description":[{"_index":{"path":"provision.device.communicationModules[].identifier","value":{"_current":{"value":"COMMS2_SN_CHD_DEV_8","provType":"MONITORING","date":"2018-03-12T10:59:49.906Z"}}},"_value":{"_current":{"value":"SUBT2_SN_CHD_DEV_8 desc","provType":"MONITORING","date":"2018-03-12T10:59:49.904Z"}}},{"_index":{"path":"provision.device.communicationModules[].identifier","value":{"_current":{"value":"COMMS1_SN_CHD_DEV_8","provType":"MONITORING","date":"2018-03-12T10:59:49.605Z"}}},"_value":{"_current":{"value":"SUBT1_SN_CHD_DEV_8 desc","provType":"MONITORING","date":"2018-03-12T10:59:49.703Z"}}}],"provision.device.communicationModules[].subscription.identifier":[{"_index":{"path":"provision.device.communicationModules[].identifier","value":{"_current":{"value":"COMMS2_SN_CHD_DEV_8","provType":"MONITORING","date":"2018-03-12T10:59:49.906Z"}}},"_value":{"_current":{"value":"SUBT2_SN_CHD_DEV_8","provType":"MONITORING","date":"2018-03-12T10:59:49.808Z"}}},{"_index":{"path":"provision.device.communicationModules[].identifier","value":{"_current":{"value":"COMMS1_SN_CHD_DEV_8","provType":"MONITORING","date":"2018-03-12T10:59:49.605Z"}}},"_value":{"_current":{"value":"SUBT1_SN_CHD_DEV_8","provType":"MONITORING","date":"2018-03-12T10:59:49.615Z"}}}],"provision.device.communicationModules[].subscription.mobile.homeOperator":[{"_index":{"path":"provision.device.communicationModules[].identifier","value":{"_current":{"value":"COMMS2_SN_CHD_DEV_8","provType":"MONITORING","date":"2018-03-12T10:59:49.906Z"}}},"_value":{"_current":{"value":"Telefónica Móviles España, SAU","provType":"MONITORING","date":"2018-03-12T10:59:49.818Z"}}},{"_index":{"path":"provision.device.communicationModules[].identifier","value":{"_current":{"value":"COMMS1_SN_CHD_DEV_8","provType":"MONITORING","date":"2018-03-12T10:59:49.605Z"}}},"_value":{"_current":{"value":"Telefónica Móviles España, SAU","provType":"MONITORING","date":"2018-03-12T10:59:49.612Z"}}}],"provision.device.communicationModules[].subscription.mobile.imsi":[{"_index":{"path":"provision.device.communicationModules[].identifier","value":{"_current":{"value":"COMMS2_SN_CHD_DEV_8","provType":"MONITORING","date":"2018-03-12T10:59:49.906Z"}}},"_value":{"_current":{"value":"SUBT2_SN_CHD_DEV_8_IMSI","provType":"IDENTIFIER","date":"2018-03-12T10:59:49.816Z"}}},{"_index":{"path":"provision.device.communicationModules[].identifier","value":{"_current":{"value":"COMMS1_SN_CHD_DEV_8","provType":"MONITORING","date":"2018-03-12T10:59:49.605Z"}}},"_value":{"_current":{"value":"SUBT1_SN_CHD_DEV_8_IMSI","provType":"IDENTIFIER","date":"2018-03-12T10:59:49.607Z"}}}],"provision.device.communicationModules[].subscription.mobile.msisdn":[{"_index":{"path":"provision.device.communicationModules[].identifier","value":{"_current":{"value":"COMMS2_SN_CHD_DEV_8","provType":"MONITORING","date":"2018-03-12T10:59:49.906Z"}}},"_value":{"_current":{"value":"MSISDN_FAKE","provType":"MONITORING","date":"2018-03-12T10:59:49.815Z"}}},{"_index":{"path":"provision.device.communicationModules[].identifier","value":{"_current":{"value":"COMMS1_SN_CHD_DEV_8","provType":"MONITORING","date":"2018-03-12T10:59:49.605Z"}}},"_value":{"_current":{"value":"MSISDN_FAKE","provType":"MONITORING","date":"2018-03-12T10:59:49.611Z"}}}],"provision.device.communicationModules[].subscription.mobile.registeredOperator":[{"_index":{"path":"provision.device.communicationModules[].identifier","value":{"_current":{"value":"COMMS2_SN_CHD_DEV_8","provType":"MONITORING","date":"2018-03-12T10:59:49.906Z"}}},"_value":{"_current":{"value":"Telefónica Móviles España, SAU","provType":"MONITORING","date":"2018-03-12T10:59:49.811Z"}}},{"_index":{"path":"provision.device.communicationModules[].identifier","value":{"_current":{"value":"COMMS1_SN_CHD_DEV_8","provType":"MONITORING","date":"2018-03-12T10:59:49.605Z"}}},"_value":{"_current":{"value":"Telefónica Móviles España, SAU","provType":"MONITORING","date":"2018-03-12T10:59:49.608Z"}}}],"provision.device.communicationModules[].subscription.name":[{"_index":{"path":"provision.device.communicationModules[].identifier","value":{"_current":{"value":"COMMS2_SN_CHD_DEV_8","provType":"MONITORING","date":"2018-03-12T10:59:49.906Z"}}},"_value":{"_current":{"value":"SUBT2_SN_CHD_DEV_8 name","provType":"MONITORING","date":"2018-03-12T10:59:49.81Z"}}},{"_index":{"path":"provision.device.communicationModules[].identifier","value":{"_current":{"value":"COMMS1_SN_CHD_DEV_8","provType":"MONITORING","date":"2018-03-12T10:59:49.605Z"}}},"_value":{"_current":{"value":"SUBT1_SN_CHD_DEV_8 name","provType":"MONITORING","date":"2018-03-12T10:59:49.705Z"}}}],"provision.device.communicationModules[].subscription.specificType":[{"_index":{"path":"provision.device.communicationModules[].identifier","value":{"_current":{"value":"COMMS2_SN_CHD_DEV_8","provType":"MONITORING","date":"2018-03-12T10:59:49.906Z"}}},"_value":{"_current":{"value":"MOBILE","provType":"MONITORING","date":"2018-03-12T10:59:49.82Z"}}},{"_index":{"path":"provision.device.communicationModules[].identifier","value":{"_current":{"value":"COMMS1_SN_CHD_DEV_8","provType":"MONITORING","date":"2018-03-12T10:59:49.605Z"}}},"_value":{"_current":{"value":"MOBILE","provType":"MONITORING","date":"2018-03-12T10:59:49.618Z"}}}],"provision.device.description":{"_value":{"_current":{"value":"CHD_DEV_8 desc","provType":"MONITORING","date":"2018-03-12T10:59:49.999Z"}}},"provision.device.identifier":{"_value":{"_current":{"value":"CHD_DEV_8","provType":"MONITORING","date":"2018-03-12T10:59:50.002Z"}}},"provision.device.image":{"_value":{"_current":{"value":"data:image/jpeg;base64,/9j/4AAQSkZJRgABAQEASABIAAD/2wBDAAMCAgICAgMCAgIDAwMDBAYEBAQEBAgGBgUGCQgKCgkICQkKDA8MCgsOCwkJDRENDg8QEBEQCgwSExIQEw8QEBD/2wBDAQMDAwQDBAgEBAgQCwkLEBAQEBAQEBAQEBAQEBAQEBAQEBAQEBAQEBAQEBAQEBAQEBAQEBAQEBAQEBAQEBAQEBD/wgARCAGQAZADASIAAhEBAxEB/8QAHAABAAEFAQEAAAAAAAAAAAAAAAYCAwQFBwgB/8QAGQEBAQEBAQEAAAAAAAAAAAAAAAEEBQMG/9oADAMBAAIQAxAAAAH1SAAAAAAAAAAAAAAAAAAAAAAAAAAAAAAAAAAAAAAAAAAAAAAAAAAAAAAAAAAAAAAAAAAAAAAAAAAAAAAAAAAAAAAAAAAAAAAAAAAAAAAAAAAAAAAQUnTlnUwAAAAAAAAAAAAAAAAAAAAAAB499hcLPP8A7z8s+pwAAAAAAAAAAAAAAAAAAAAAABxjs/GCG+mfM3pkAAAAAAAAAAAAAAAAAAAAAAAcY7PxghvpnzN6ZAAAAAAAAAAILpuIQ096Pn0AAAAAAAAAAAcX7Rw8h/qDyh6vAAAAAAAAAAOFwzoENPTIAAAAAAAAAAAHBO9+eiC+v/GnssAAAAAAAAAA4xDZlDT0yAAAAAAAAAAAxcgq87+iPO5zz2X409lgAAAAAAAAAHGIbMYOeoAAAAAAAACOkio4tGTsUIs/DS5mrHQYFb+kQ9fefJedURmRFwAAAAAAAAHD4BNOdnr8AAAAAxjJc7gh2vm0KlxDL0/05sMeK2i/Y+gfQ+Wy79xfhmZun+nQJZxX6ejr3neVHXkRk5fAAAAAB565z0Pnh7LAAAWeQnYo7yvVkxjGNcN5fitJINPjgUFX3BpM3GtCtjWjM+4X0zWJUZCzUXftuouV2qi9ma+om0v45UeicrzrJjsiEykzQAAed+edD54eywACg1XmjsUFOMTKYRElX3kW5OhsS2Z9nVVl/wCY+MbDFs1D79+ipUPv36KlQqVCpUKlQqVCpUKlQvW6iRyvmX07xm8A3p2JBpWcF550Lnp7LAA0W9hxz+J7jTi5R9M+DSy2cJwZNgkU10u1hocuzryVb7mw7fLvMV49SVcH6cSyr5WPv2o+VqhUqFSo+Vfaj5V9rKaqvp8+tQbjTwLZFGv6zLU4bt+1Xl5Rn9RjR0rZeV+wHSAIXNI0cY11usrqVC9brOJ4tVmS9XifLdjYx7ho470W4cpdB1xD7/Tpscz7VgcrO4VYWeKlwpqyskwsjKrLN25WU11VlP1AjM18t6ERST7PKTVZu3xS7HoZzMkfPZTG1k3ZY9ITpgGv2GKeWYz6P42WNvzbKOj1x3eHE95o8PJi2+FizPNmiFMljWvZ9y8XJ06usdR5b1oh3NumcHKIbpcAnfoHyJ6tNzmXKyzYt0cnjZv3X53N5mwu67bd/wCipXYhp1aybWuhlvMyc1Me7qOZLPOUauRGhkt60cz6RqOhFOxw8w6WADH00h+HKuZendUePa/R/NDgX2QQ4233X5hd+qinKsZJ1XrHKOsEN4j27hxroROxyvvPLOunWbnEpeSrXynI5PGj1O9zsHP12bXV3/o9doc/pXt7XNzTEyRwKB4xTn7S6U3KPh9fai5MYVYOg67mPWTo/wBt3AAAC3rdsOfc29D4B4rg/ufnZ5dzptADYZWg251/rPJetkL4f3Hh5rqvn0v+ivN/oQmUBmtaed913aODL4x8XtVWu25ur8IgBJIxuNiWshSV0qj5V9zjHytTBTf6WV9YIn0rMyh9AAAAACnDzhEIB23FPIHP/ccFOQ9n5ptjM4j1HkJR9ouD0T539HpvqlYqfbLuBm2l88ZG7kUun3qs+vn0VLpbyrkeN/BLPQSCdclcgMDZ1gAAAAAAAAD5YyBHoV1W0eaeSe3IgeLc/uHKDD9L+TfRZ0arXbFPtfyuxh5uGvIJNo97L9fLh8rvVlWLqss0e9nkxI5Lsu4fPoAAAAAAAAAAAALdwamK9AoPPMK9Wxs89TLfQw6JteKSNOm4WDfrl0hjcnl+5ON8LNyZyki0s22WWb/0AAAAAAAAAAAAAAAAKahiavf/AAgsO7PjnnDXelomcAnuz6eQ2Z7PKMXMrAAAAAAAAAAAAAAAAAAAAAHyi4LFdwfPoAAAAAAAAf/EADMQAAAGAQIDBwMDBAMAAAAAAAABAgMEBQYHERIgQBATFCEzNTYwMVAiIzQVFiQyJWCA/9oACAEBAAEFAv8A2vkeWwMdFBn8C5lfkM677+54fe+LL7fj9UYcfwem0KPKvPyGqPs+l3vH5DVH2fS73j8hqj7Ppd7x0uR5bAx0UGfwLmV1OqPs+l3vHS51339zw+98WX26jVI9qbStW930uqMOP4PTaFHlXnU6sq4aTSNfFfdLqj7Ppd7x1OsSuGh0aXxZB0uqPs+l3vHU61Hw4/op55D0uqPs+l3vHU62fH9E/kHS6o+z6Xe8dMqVHQojJRDWz4/on8g6XVI9qbStW930alpQU7KqiEHr62tDdNaXI9nNjCNlbpDUwzyWi0dhSoeRdLqyrhpNI18V90Nhf1NYU3PX3h3V9cqi4/FhplWLaS5I8t+K5FymQgRsgr5AQ424XRaxK4aHRpfFkH1plnAgJn6gRkCTb5JcnDxd102qqurkv3SEE6+8+r6DMuSwcbJ5bYjZFBfDbzTxfX1qPhx/RTzyH6b0liMmdmtbHEvIshsw1jsqUqNjkZgjk1UISL19YccW6rl3IgbrZDxDY8QO+WO8dHG8ON4Mzpsc4uVTWxFyaA+Gn2Xi+prZ8f0T+QfQUpKCl38CMJeSWb5/0+RYON19XEH9ThMBy6lqDkh57lUtCQclI45Ch3bpju2SG8ch3yCHiFDv1jvXB3ix3ix3ix3ix3qw1NkMnGyiY0IuTwXgzKjvl9HWz4/on8g5nnm47SNRqyxXIs5kobmCVsDfdMuVS0oBydxwvrHAwgeIQkG+4Y3Uf123nWji5FPYEbKIrgZmRpBc2tnx/RP5BzWDzRtZBp5WLUdhlGOHXZPV2IIyPlW8hsd4+6O6bSDkJSFOrV0yFrQca9nxxGydlYYmRpJdutnx/RP5ByrUSEyZRmcmWtS0yCUVjh9LZhcLLMbOuzKDINMuMtK58NseNS+CciNhUviG+/VoWtBsX82KImVRXwzOiyBrZ8f0T+QctxJ8PElu/oPzMEoyCJJkLmprrE/6LHSTlXGQFsIbCuJI8VJSG7eyaDWTW7QYzR8hHy2sdJiVGkp6WXbwYQfyOY+fg7OebNRJjhqfaxTkzWb2LiNRWYxaMWMORy5Me0SSrdPITBLOSg/EqhpUF1CFB2jfDkCW0DIy5G3nWVQcqsoorMjgWAL6mw4THCobH2TrWJAJ+0s7Q4GNOunCxtpsM1sdsigtLCaSMoHWwIyZ1hEbTIyRht7EpUp7kyo9oLp7p5EHsJjn+Z3w70E6OMjDkZh8n6VJh+HIj8iGXViqyGfVqiymJjXMTajBMgmkgkkNhsNgeySnW5rOJjpTFwscjMEiGlsEgw2wZhLaWymXjLRXGTNsOWq5ckY/WoiNYp/L7chY8RVFJTsSiPlm/wAwm1nyEowTg4ScD1D4g/7anoVDxYzEXHmGhLpq2QwTkzFp0OWzOY7CSZhLIJBENhsNhsNhsFrQ0iXMfsnKujJIYjIaIiCGjMJZISJbEYry8XHbORcXQebg49DpYL1jMXHSxFxT+X2yT/Re18qBJZsjI2JyFhLiVdsvymtLQ4U8myCIr6yNCkH2MH+5UElYZiRlNWMZpgSromzlZAJtr4lOK3CoE0ghkEnYKUhtKHnXh/nDvloCTSothsDMklLku2b9VUJbJtskklBmEMhx1mOmbbfplZKqYqNUGayIW/HOsqCEllub6GK/y+15HEVnWd8VpjZ8TkaXENixUkR7BKg26lQm/wAzsiymHEWbkdTfYx6lOIx/t3J+VsymSqXGfjrBHseOySn1Ow2Bd3xOSX3jSkwk1EGPJ7YbC2lKdXT1ZJJtrhJDI4UNlJtCSLTJY7LhRrO0NlhphBIGxBFeXiYMc0osEmljFf5fItolCRXIcE7H0OCxxjYPQZcQ2LBbZvSCVJJRGC7duxj1KcR/TuvtMP8AdcaQ8idXrjGMBsYqIJeY2EiI5uhbe5GgG82RxIjjJ7CY/wCGj1MFT7saJwJQ0RCROZji2vmIyXJ1xcqhVsSCRJMxuSR9+xpXAqBIjqFwlPg8YcLxpHvzKbJQfgoWJtE24LHGBY4xIZUtD8ZSHwlZHyMepTiP6d19pvqgyJRWFWbYoNOo17jLxZpiKqnNKqwCFJWSiQ4PCV4bNLJfcbCW0ubKrK1MZt15mMmdb7IlZFKnLj1DSXSLcbJSDMz7NuwyMg682wkrJ+xXQxERUI+3OaCMPQ0LEykbcFli6FlY4m40bzEqIaHwlwj7GP8AemEf07r7TfV7CMYo4TVAbhLFzg1BdB6hzPFFVWfQZCmH2JLew2GxivgtRkyLTYrTJmmXTr5VmtCENp4dhvyNtLcPdiOLG9QhTFdOtXaqiJoo0YmyLy+kaSMOxULEunbcKxxlKys8RNByIUyEaHxGdI10xiP6d1/rN9Xtxv2YEEuGQtsZo70pGC5HQLg567Dcg2UCyaLyFvfRq9t561vCiQo8Jsi3G+3IRGoyZQ0J9szGbclWFsqpxokiDUoaJthKC+qaSMOR0qEqpbcFhjaFi0w8t11s2C5RyBEeI27kyNM31e3Hi2p+QlGQn1tbatXWFpqnqmzzKS3CqmYp/ceRD79m3YhgzJclthMu7W6qBQvy3a2iQ2TENDZEki6HbcLYSoSaxtwT8dQsP0j8JcS1Q2LaTumU+Rukoj7aIv8AiOV0+Fu6dWtxtPAjlQ2pw/2mROt22j8NPtV1eOpQIlahokNknpdgppKhIrkOCdj6HBPx95BWVLOZWTq0GiQRglkYpPaeWX6MlHHP7dgRGYJpKBJmoaQt6ZOOvx/zhVCGw1HSgiLbqVNkYfgoWJtE24LfEW3im41LiBK3Urp7MmojMttwEZHyS/Rf/TOGxn2IaMwbyGyXLceVGplurh1CSDENKAlBF1poIw9DQsTKRtwWGLoM3a6ZENiyeYOHdkYYnNuBKiPsmei952ASk1H+20H5fmzVyZZxKpKCjwUpCGiT+BNJGHYqViVUNuCZjqFCRjzrZ8U+CcO8EexacEtxJsKPexLYLeS2liJMniFTMxwzCIg2wSQRbfhDIjC2EqDsBCg9VIMTMUjuiRWW9YHLxRN10k5Nk33slcHHkINuMQQwRAkkX4k0EYUwRhUYhZ4rV2aYGAohSo0BmMhLQJH43YcI4ASf+i//xAAkEQABAwIGAgMAAAAAAAAAAAABAgMEABEFBhMhIjESQCBwgP/aAAgBAwEBPwH9KEgd+zLhiUBvan1vYcwkNjyqHIVJa1FC3znYuiKrTSLmhmNYPJFRJSJjQdR683B25StRJsaRlvfmumGERmw2319Qf//EACMRAAICAQMEAwEAAAAAAAAAAAECAwQABRESISIxQAYgcID/2gAIAQIBAT8B/pQkDz7NqqLIHXbJ3loQqIxyypObEXNht97mqpWbgo3ODX3B7lyrZW3GJU9e5pKWW5qdjifH+ve+QQpXQRp4/IP/xABIEAABAgMDBwcJBgQEBwAAAAABAAIDBBESITEQEyJBUXTCICMyQFJhcQUUMDNCYoGhsVByc5HB0QYkY4IVQ2ThNDVTYICSk//aAAgBAQAGPwL/AM12w4rHRo77xDadXehJRpd0rFf0KuqHfH7Rm873Wfu0UHMeszjbPjX7RlZ8Q+fzuate7QlPiR4doy8HOM7nVH2jK7zwlTW7cQ+0ZXeeEqa3biH2jK7zwlTW7cQ6s2HFY6NHfeIbTq70JKNLulYr+hV1Q749ald54SprduIdWm873Wfu0UHMeszjbPjXrUrvPCVNj/S8Q6tKz4h8/nc1a92hKfEjw7Rl4OcZ3OqOtSu88JU5uvG3q0rvPCVNbtxDrUpvXA5Tu6cberSu88JU1u3EOtSW98DlPbnxt6tK7zwlTW7cQ61Jb5wOU7ufG3q0rvPCVNbtxDq9h8dgdsqqg1ySW+cDlO7nxt6tK7zwlTY/0vEOqWnuAHeizP52J2Yd6pAYZeF3YogvJOs1XNx3KkzCDu8KWg+TGF8WFMZxzO6yVPNmYDoZ801j329Wld54SpzdeNvUv5qcYD2ReUYfkmS/vifsqzk1ELT7OAWdmXAeKzMk2y3tcnOwX2XYVVJhger32D3qsN4d4dTlN64HKd3Tjb6e3NzTIfiUYfkyWdHd2jcFZfGMJh9mHcrcap8VajuaFYkYVPeKtRYhcfQ1hRXBUjARAqPObPerUKIHeHUJLe+Byntz42+ktx4zGD3irEo10y/3cEWQP5aGexis5Mve87XFWotAqNo8+6rMu0Qh81aiPLj38q8rpLWrmFXQivVr1a9WqwiWqkeFbCpErDPeqwojXeB9LJb5wOU7ufG30NpxoFc4xXbGKzKtZBbtOKtzUy6KfFc7FbXuX8vLV8VRllngFzkVzvjyb3LRBK0WUWnFWk+qubVXQ10RkxXSXSXSWOSsN5CpFFsKkWsMqsKK13x9FJb5wOU7ufG3lvjxnWWMFpx2BPheSogdZ1uuK5yMaZMKqzbu2DlaRoqQ2Fy0n2VpGpWgxbFefT1hxC1Ue7ODvVI7CwqsKM08uS3zgcp3c+NvLdLPAdbFHA7EZnyLGMnGxs10f9lY8pSxmIA9sfug0Rs3E7L7ldybytAWRtVqK6p71SG1Xnq1WOIVM5bHeqTEOz3hVgxWnkSW+cDlO7nxt5RedQqnRCcVirMQAg7UYkFvmsXtQ8PyVqE7z2WGy+5ZqcaZaJ72CtNjsIPetKYZ+a0IzGt8VXOtJ8VoEBXnrdWOIWnFq33lzgp3tNVzUZpUlvnA5Tu58beVSnrNHk3ouiy4D+224ojzmKKE6166J+a0Y7/zV0Z35rRmYn/sVoTsX8168P8AvBfzEq133Sudtwj3hW4EZrx3Hq3OxgXdlt5VmRl7A2lVmYr3dytQnOae5aWmmyPlaXe+G02gHaio3lCAYliPBzVk6rwf0XNxh8eTCP8AU/TlxmVuER31XrHL1zh8FVkVrlpQT8FeORahRHMPcVSK4Rm+9igy3movZd6bArArDJzr6v1NGKzcEZqH3K1EBK0mroBdBVMNWntY0d6LIDG07RXm0jWYj9liiw5lxqGh1Ca0PIhn+p+nLj/iO+vIvWlDa5VgPp3Fc4z48jQaUIE61z4PvYhCNLvDmn0F5WCw5FTcjAkhU63rOx4dSdaFGrRAWGSrrkWSwtO26lZiPfHjOwYy9N/xCM6Hb6MtDN/9yzrYQbVTP4bfryIwA0mi0FQ8qP8AiO+qqGHk3qgv7lWCwsd8lSLDNNq0mrSARgx2DuOxUa/OSzz8k2YgOq12W5aSuHLMSIaALMwKiF9UHParhyKYu2IxJ2MGQtQC/lB5pLf9R3SPgjFay3Hdg517nFGZmDacTVUaFM/ht+vIIOtRHwmWoJNRTUqFYrHLGP8AVd9VVpQI6StNhkhUe2hyhAPaCr4LSi6Xu91FpNCrnIsfeEJaI7mIxp4HJpK5WnuAHeqyspFiDtdEfNf8Iz/7Bc/Lvh9+IVWmoy2nXALNQqiEPmgS1UAy1iOoiQ/NsGtOlvIrM9EwMU9Bq858pxzNxsRXot8ArlY9iFcFWi+Kmfw2/Xkm5FzW0KvBIVCrysVH/Ed9coFoAgYFANILu7KEMhRDjR2pwVIt/fqyVCgTJvdZo7xyvmY7M5YdZhMOHiVzkQ5MVYb7V9MvmUE/fQcWqgGS04gBWZf80YLXmYmThDZerflmLZhaoEP9ShDgw2saNQCq80Vyc6mJqqAK/apj8Nv15XRR0ES1qwJCo5RTtefQDIclh7agq2zSh/TI+Tix2tiW6taTqy52ALW1qo42TsNy6QVkG044NbeUZmaFl7hZhw+yNpyOia8As468m9AUyUbpOWcnZgNGpqsw2mSlO0fWO/ZcxD0ji83uK7lo/nlqRVUtgeKLmkYhTAB9hvoOiugiQxF8Gu2hVmMwt5QQyHLQhGPLjR1jYpbynCnHy848uNcWm+5UnIJmpYe0NIIQ4rsxFOpytMcCO5UjQYcT7zV/y6D81SXhQ4X3G0V+Rsuzosx8ULr1V5+CLnPEKGMb0ZfyJBtDXMPuaP3Xnc48zMz236vBUCvvKvyX5LwrcR4aAsxKlwha3LQbecTt9FguijzdUXQKt7tSpGhkd/ICGQ8mXhsuAr9VR4qCjEEHzWMf8yFd8kYvk6KZ6VGoX/JZjynDdKRcNLBCLAite04EHLcs9FpU31VmAKe8V5vKMdNzJ9lurxQmPLMa1sgN6A/dBjGhoGAC0lQXDLctEfFXc4/5BZuFz0bYNSESccSNTRgho+lwXRR0EXQQWH5LnYZptGQIZDyZfw5B8+k25w/5jbnJ0z/DHlIxoeOadj+xXmf8SeT4kvEF1sN/RZ6SmYcVvulVVuZi1Psw24laZdIyvZHTd+yzcvDsjWdZWwLR/PkUCrHP9oXOPDG6mjWrEAGDB+ZQJYhorD0+C6KOgi6G2we5abKt2hDIUeRLfd5Wa8oycOM33hejN/w75SiQHj2C79U+Umwxgp69wv8A91nYj3R45xiRLyrltV+S/JaebLVzeiNbijC8nttu1vOCz80S9x2oaKw6nguijoLOQB8FmpkGE7vwVQa8mV/D5RKsA4mia3YOVohdt3yVmuciamhc+S1nYCGguj1fBdFHQREMmmxF7W2grLwQe/LK/hjlFQx72W7LWMfgtJwYzYrEu0w4fa1lVLanaUNFYdb6KOijWHftCJhEupqWbLTawooMBx6DQFjySof3sl+S064bVzd3vFWJVtt3a1LOTBMR3yXRWHX8F0VbbDv20WjUhUfUK8rHKVDHvZKBdpys3vfqaFamjZb2AgGsoFh9h4LoroKsElq5xhptVHFYq4qH4q9Y2QubbmoXaOJWi2rtbjisFh9jYLBdFF0KsJ+1uCtWDFhj2mKy4pt+FSs1Jw847bqCEWcOdibNQWH2ZgsFz0Cy7tsuKdEM1bhHVrQhwYYaP+9//8QALBABAAIBAwIGAgMBAQADAAAAAQARITFBUWFxECBAgZGhscEwUPDR4WCA8f/aAAgBAQABPyH/AO65oBUwrktpg0FXdxgZ/sdx65+hU3/tOuKpel61/YDCCsOrhH3IGpi3Siv7f7H6yf3n9j/WT+8/sf6yf3nps0AqYVyW0waCru4wM+q+sn956b3Hrn6FTf8AtOuKpel616m4dE+7D02MIKw6uEfcgamLdKK/t9VZ+mdM6/TH1k/vPVdt6YUJd/pj6yf3nqu1dMGoeXpj6yf3nqv66H33pj6yf3np/rcIblcQdx8ProffemLh0T7sPSbcC1VUfoljmd4vcdtU7wsx5DcVEgbXiVpTsMOEFGuP+Ul/aTS9MWfpnTOv0JdZYo6hfoI+scSPBbD9Mr6zLCHbjXL2muXxLMjLAqcGtcSmObphlIM+01qTyv0dt6YUJd/84rBHc+IxsM138ziBqpUM2jqu2Caxs6vtKlOh/BO+tH+DTSCqLwyr5YdZWK+FK6Lq9BaumDUPL+Qaie4kdfY5bvEqGgBo7y7p6qWFEI5xCcJ2FwN5J1hYgbq/M6YO7NWMdi3tKOvlkF2k9NDgS9S6Mp+rt5Rs/jiAyj/KfXQ++/hFIy1VgKd8H3GS31I6kxdwh4vG2TEFIzfGDtL7kavvHlaLE0bs2p3zinaf9un/ACibSnAEt4PbwvXTqocqE50PiXiPRleTrayk7oyShc6fxProffecCiunQNWPiHVNnUHaPN9bDFNVl+6LrmZkHaE6vlCsYsWjmbOHBNb35jgfqmiJ2R1qypUCBAgQIECBAgQIELMjhlJRdpqeYjJDlp2vPn+uh995wgvUVltmA3rQJv03jSLXWx2fuGBN1kAtCeXmvg1j8j2s+yZDIODeDxqVKgQIECBAgQIECBAgQIECW4vRlIqG2crkKAG67XnyfXQ++8xomsplVNY5p1Ny9gWMuCXPI6xeF1KvZqQdoq83fb3gzTwhhFn4K5mg5lW2Zt18LNIRzeYp3YyvCpUCBAgQIECBAgQIECBAgQJUDyW6pwwCxLZwoB7AhY2m10z6aH33mLjWefEpVMVj4aWwuoX59n/9IY96rRhSZzS3jSvUXL+ehoX2hoQ73/MvBucLGaE5omfOBcfUNrkCBAgQIECBAgQIECBKgSoHkxUACr3hswFnlj4gfVZJBphOSma7HPFdWPZYVNYZN0uCTLdlTLHJ5P8AWdURfEJUyM1mZYIV3TVwuaD8xA2M+5eKQ3yiNIPXyFjjeqKm8Z+yFoU1evh3lEsgQIECBAgQIECBBcMP/Gh/5Uq3So30TdqXhttrfeAnDzABCAg+CYavxEKbKRhvGzYEypVFrR+92ji1vmLU8nSQ/lBevAgQJZuUv/u0FCdwahpnxK57RmW1nBDLXDJ5GolWZ5U9GAdexIECBAgQL0m2V3h/8IXlB6GEkEWjgMqzbDlH4mQLWrWJFDCaitVhNUJbYBqsp2eL6IMY9Zy+0f3KqKcqOKQ1qf5HLyMDPwrX6jLE0ZhAgQJ/n8odYnaaa+Au0BLcZQw7LdL5D6ZTGItAYZQPzQQYka7Oo+SXSVlu/wCjCrm+HiBAjNC5uKbQQkgggggkJ7VlOhtde6EZCDQScJNghNSJAnGm8MS1jIKuoYeiEGxPnjG5WRYbqUk/yOXkKksFJGaIrqHDL2/MEBgjEECUWLBPvAoq44i1W+tcSzuaMu04k8WIBd4CV4lNElTymr/UrwGozUjrao4/Kj7bBekRz8IQoVGRnqqE9S59sAcvbzza9/pZCZE3IQQ3QBaszKPB+UzNoOg2Sb6ShDo3Y4KNa2sRPPWU77wTbsMAFCiHVXFdd5oJYafZP8jl5LUj8hLJ+QmPo3I4KkoyFOkf4/KaZGbxEVYtW0vVfDw8o0+HhTkJDJoOh1eCElJkY41trowwkhs8tjqalvECngvEdAavKiFVaNMQggmytx+JmLQwgZ1Jg0N2XdCmr0mCE2YvrxF5brdRX3TQzhSIIYHjdlKt88sdmvCKCmmyf5nLyJcGyQJsQqg+Iqo3kmHgS0SJzLk6n7ZvnlKZpQz+Lweb3jQ22iwFN/28Atp1O+iAFkIttSste5LWs65RCH7YY2IFnsS6bti1Nep0hBcQp5ZXlTZYRkC2wTHxmkY7DLl7G8ZOT0HoQj5XNPVmd05MNPt5RVWtspglQTVEdsJdg4mHIOt8soX5UGHaQdsQxofENwT2iHWVULs7qYgOrNwgw8QZ/F4fV7wYoAjqMPsNe/8A+JswuAC0aneC0fv1d9T3i+mzTL6MMPGRUDpvSX5hddv+dZSKutC+dZlWrhAerAEkYZlMd7DViDfWmmJsRz4ji5na5TtbRVRcPoLaaq9vA7HSXijBNQCJd8SzPEsu/Yhm7d9Yv52sP0g7ZhDj8Q1SHZJYiciKHQ9k5WbhBHxyMO0Mxn38Bh1TAUMKG2UvCYiJYzdAVOTy6GcpBBh1edOIMsi3L3294Qh7thIQRdjVESDIUJiAg63T9+5tKqQbXXdgwxUCggMnXTeLqjoHgC9DmFH7Svd5aRPoDdgvyGDTiyIL0WaO66Q2BBSv4tsgjZijGY5o9J0QQPwiEoesTnZmaE4s/H4XV7yvAlw+r8wIkmoTBTMHW9zX3l1C5VPgr/hLfvsqscrruYhBa3tTuakyHCWHPyE4CFr43dj6sUQamonK7xRfuMBpe7WdWGcBcoNcsowr0get21mIqX1UWWzfa/UzTLlXVmCkIBABp/LsEHbEBcITQ/ECm5Tj4l3YmTGbAudpnGfa8anzv9wIECE3yI2Y6Ls6kyZ9vHsD8MwNwPmCsQ61274OICqFwNfP6iqtTSex0nQ0nf02N8Q6qN1bGif9gDL69B2lmH4hCjNp9CnVCciCOEJoPiJaFbjDCNi71feAoQmoxBmbxDwq7aBAgeATthLS9JDN2jwvFGDjwLdPmFGnzK57kOmfwlyODCFjpo+8CuSukCYQfBNPSIdYZkQJsQqg+ILT8EfPvhrK2FqCprDCdZWm5BA8AhFUbaMVfjwqXbQthyyxCgtgftTqxQktBqy3Bbj4IQGJlyLDMHxDwQGj1CDD9IO2IZQ/Ew4bNQlZzuGZU/tkM3Cz2rACjALGBAgQwVo6JoXDgDiHAQWzroyCU1gxfvLRD3XHR2JWrB5RgOnrT9IO2YA4xiE95MRAgf3SUZMMowPD4rIpqU5uH+KiYOQjCK2f3w4gbBBSQsEANP6DZIE2YI4y0ofEQNONoaFe3JCxCKYx8w1Po36hWqiMLH5Y3m3D+AhZnOQpUXAUD/SNkmoCXuMvSqPSVZ2X6Ebe8B8kstHhm24pMrdz8hm4VCMQBUJtM2z+oQZsniQkwLxnk4JSq8XC5/g1hm0I2lV/WIYmV4gm0AP/AIJ//9oADAMBAAIAAwAAABDzzzzzzzzzzzzzzzzzzzzzzzzzzzzzzzzzzzzzzzzzzzzzzzzzzzzzzzzzzzzzzzzzzzzzzzzzzzzzzzzzzzzzzzzzzzzzzzzzzzzzzzzzzzzzzzzzzzzzzzzzzzzzzzzzzzzzzziTzzzzzzzzzzzzzzzzzzzzzzzxTzzzzzzzzzzzzzzzzzzzzzzzxTzzzzzzzzzzzTzzzzzzzzzzzzzzzzzzzzzzwjzzzzzzzzzzzyxzzzzzzzzzzyjzzzzzzzzzzzyhTzzzzzzzzzyzzzzzzzzzTRDDTzjzzzzzzzzzDzzzzzzjDSTQhCyRBjDzzzzzzDzzzQChRgCRDiSzBDCCBDzTzwDzzxwTTCjRxSBTzzzzzwARTTAjzyzgTwQBRywQhCAADDizji8AwzyzTChjTDTTyAQhTRwwQRmFEQzyhigTE5yTjCzjRGItTyGxDxSjyzyDxxTDAARTwznyKyQAzghCRTzyxjQDjSixhxe8zgTARiAQwRzzzzzxxQBAzS1tVRCAAgRjBTzzzzzzzzyzihjAqlyQAgCSBzzzzzzzzzzzzwyCTzuxyBhxzzzzzzzzzzzzzzzzzyxxjQwRzzzzzzzzzzzzzzzzzzzzxyzzzzzzzzzz/8QAJREAAQMDAgYDAAAAAAAAAAAAAQARITFAQVFhECAwUICBkaHB/9oACAEDAQE/EPIt+iFcmuayQ9j4UYa7kvGkDHuEBuZhv0bc5Sy66BQcI2JURYODgiotytx1yCqt8bCfsoeTBalUT25VOAuRcMm77//EACMRAAEDAwQCAwAAAAAAAAAAAAEAESExQFEwQVBhgaEggMH/2gAIAQIBAT8Q+xbaMqTWD6NdAefShiHcl4xA28wgZ6x+jr5mDZrgKBJHRUFAOx2ItyZ5VwVVujoT7QWWDkKJs24QCNw6J53/xAAtEAEAAgEEAQIFBQEAAwEAAAABABEhMUFRYXGBkRAgQKHBMLHR4fBQYHDxgP/aAAgBAQABPxD/APa9/wAfZ0Lt1dsK8Rp70cDdg4CZ/wCjxHv1bL1rPcUfAa7qeDl+a/6Bzc4RXaKGnbM1NfHpGu6FXD/6s8+fPnz5v+Ps6F26u2FeI096OBuwcBM/V+WV/TTxHv1bL1rPcUfAa7qeDl+a+pJaSZjov02c3OEV2ihp2zNTXx6RruhVw/VZz1KeR7p/+iefOR9SgufB6/6P58qDqmTcG1/8J/z5fv8Ayyv6eSzpoZ7IIPVgkfU+pfvyWkmY6L9JhB6xQerDxdAF8MCMExwlMva2ekeEeRputhV8q7aeGG4qDpkwbFsIsmzFVznsC6Y7/TZz1KeR7p/oRAUANViwFwFd4yV6y7B4yL7B+WGUpqwOKYg8W2Iz43YdKi9Qv2eYql1VtXea5dJV5Y1sD1L5RfgVxs8WGOojccpYIRrqDgfJBJSsRw9Po8j6lBc+D1+v7EPjt4GZXdFF9hqiBIuQy2Uyx+88onq5jFMWU+hqY9LmKl/45jBSb1g8GhA3Z50lXA5+IXC1lTHJ6ulr2hJt1CveQZragu3mEkfcX6BQdUybg2v6n5orJH7w5AsK19mQGUUUWuXv4qGXnaC94DILVg+8scHVTLt0iBzgOh50IkTrWKdGsD4hUzHhwmEX4zBP2MHpgh98G/4h+UXBP7/5g2/3P5hEU56ipg4aJTzMRHWWW8zLGYQft9O/flBm6YIOVWBGXaomOchVX5cEUm5G16QwRAAU4p7DSGX4mAvZVsMF+mYerHt+2avbSZXqdE0wawPeC5/hc+0u+PiiaAd31feOWo3P9I5KLfn7Q1ovV+8AUatLoimkerHRPiizh4CH9IQfX7c/+Ahs/sIfVXmBYRu5DSfhvo8wEz9UZPMGr3Fft9E/fsA3mgbTwERX0oqtbktmKiQowA4iFqe2YKZpWntLuGbGp8BFVUtdVi38NZ4lRt25YPcgKI5qHyy92TI+xAPeJSYszpHL82wg/VAAAAOCixclf2BqNeZdzMLZJRhl0J7Jrk/Wfv0klNKVIOtm0Zwh8NeV6nCnUCLCiJrgQsc42w485csxouHLswU8aI38Fv4l0TtzKYUW8omtKZXA+kolxopR7S3FF0EC4HtCCD9EAAHR+gAAHDXIsVP9oLZgC/och7Tbmsk9uv6b9+jAMDwFx0u8dOCCtQ8x0RKOB2Os0hMAC1WmMu5TFmVzoDLa9/MHckMZ7ujwIUhrVCe8ucksGfAuWrB30HvKBU0VD0XMjqAVFzW1VuEBCD9MAAAdHzgAEIwAIECGtDSxUJh+qFAdsWVLVfsU1jFnQz7DGLjZrnz7+pLUVq0KvsMre3HdbthiPC8shZUdOa0LXdTHquMCiZBYRwYcEbqroQfZrnMWaLd1/uJhbeGh/eYsg0pfmXeYKpPzQ8AV6Z4qpgWRlu98I/vBmRg/clocjxs1L2TZgHT5QDo+B0fOAAfAEKwAKIECssDTMUQTrGnrCAI0H64aENzOph9GJTrzdnmoaF8ylZwkDIG1KZNvQ03jRIFavZtldxEaV4h7wAII6J8jiNYERa7x8A+AYSgXWmJqcNiRK9ISomqzooB6ShZW5s/ptN2ABr5xOmJCn5HAFYxX6S2gcHA6EH0OEs+xFEoiWJ8Do/SAAAfo3pF6N6p0rylDJeRgtyCxZyrG18esW4E56u9UUydrdWX+ZW0VCSBh0PEHrFyRyXbQCCUgQAnR+ZuKKAHnRHbKct4yEB4KPkBq/s42suyBvBKJyQTBvGzmWkjaI6kMSwNxph9E94P9xreDVAfG/tGVsjrngZWw6/yvxBWgtYLtt4QSGqUC1pLW7DicR0RdJs/MADqgr1KPSjUK9CpS/ebmmHwQuJ1ToiCZqFAQ27Ky1f7vCKs1lntjwSppLhVauCmBF/ojIrEh7tFBHA2KFJycxDyNWWhTQg4rXpZDodGYuDpRm33q/LAyi37VOf7kqV4yzMm+sI5uWfAzEFhK4CCjbiKQImo/A7lFdWMAQ96+8MR7gjf4Y9tw1ezs29IFp6lnxMt8b4QR6uSBfVDK2icxmUgYcmaLwQZamxzRlcJOj4FgKmn6EhYB6MwuJ1zpnXOmdMsk0bAR3TSqzt/hLrmC2Sl8GxHaJIl4QwrYacGHunviClS6UtjlYjX68l9nG7GXOkChqosDVqajbT76HBAiEOCBLPkBhV1BhEpJnxcWhujqBHiOTBgAbe4aSblUsZmIrJnHIYI17TcX0SUy9C9di9wMMLoqzq41JNaT8DqZk3IchxvVNeYhEfeGrJUNPq/EdE1MBIrXm0Z4zVzTsxJwOgJgeLaGYOq9K3lBiP8AMwYEdQAy3SBOG2hXsYs7LgQMdn2QYckoH7tawk4WJYzrm7UR6JbAEJPQw38vxAvYDkgoiuCOhnAKi0tKwZ8BHrOEpGqu0A3FCRWLd44IHE3Gi8Pg8uYCIGACggQoBslZXmGiEDNQcDT935cGCNSAZejtMtyWmo3EHQbj8wcjDwLeWAhNxCwyhVYHkagqFy3vBZYIITUWgmOd4UQ3Lks3eXbFf/YZyQnE3J+KAGYz40g5hbNYjJ0m5EC5Nq/wvXwSMsBqJoymYztv4y/WdU64sKGT93RgviBExQaArYMVEBRvjiUtqOFsqIgYsBhtQ2nROiBGFHdu384GjQ5IYIoqUrAU1CLRC9Hg8PEYl63T4sHtiUJcnCAyujEJk1DF6EN3HTV4iVcA+RnKmVa3BWiDSLan88ZX8gAKSJgW4HIvqJSLuGKFaBTHSp8N1DKspMIy/wAmaA4Ep6yrYEo5MPMA1zKonMq9k0IaVcMwLyhigpRp2cMVsC0M9f5fARcwkgWh2uvWEHEdEnXFa/q6/PI9S0PFO+WMudl64VNGvkm8FjAnUqqXi4GAGydEtmesnSDqqUtVbWEmKC8QgAAascuDRsPLB/jfl2ByppS4KfZhN3MGSGVLDVXLCKUWuIP5mC6v08EeOTVWCFhjS4OXcN/SUXJVaUCGuDvGyiQHR/uhD8rUCLBLe0NEX1FdF3D9MWiUZXfMairbTtKpU1eR4dJVENHEJ0fgIB8hG0Z0lKm8D2mOn7Tah9noFiR2p4Oe05/ZCqCmUusKTBg+kq6mec1rlrGFEX7Tt2oyaOO6hXkB6JyJBYJgpR933hLVXeSvtjFAOq2DvU94jGJyq2s6ImnLoYV/BGsmLVKkVdx6EcUAFg5Zmd6ao3zLXjEMGm6SNzTPG8LLXBMnUNjj5d4+OA0GA8E0hmX03P8AEW0ug3ioMpZZVkEXltaBGUiX/bmDRiHJbtmDfHzoCkjARnmAWZ1F8dYu7VYUZW6lbCvyRarKoK/XaE0fch40zDLEn3UH7JrRGhOzKrzdDXEqZgARKRMJAMJR0BSiUm1TgOyOGBZl0Fn/ACKj0EvOB3FUGtghdWECtNBgPZAEFFYlzwmpOiBxAKFIxMlUl5ljgh4OiIkZK4fOiYhm41wBja84gOzFgGgBDLB1Dq/iKrvePLvA50gNlcjSJKOd3r/UtVQ4A8sY4VnWvzD/AH8oNMBHCEWR6O75jUiggdOCCA/RQdSDtjMJEX1M2l9QMDDY3GWr2tWLzs9Imemg+ruespo+7DpGpvD+hNCo+0Yb8qHCBWYkmvFL+7m5G8NTFK4524DUlDxNixCGC0pDUeXLtBdBht6Lym7ZHpAEvdDkdhjIQ4ARXnSLjhTOOHlj4MhS6poeNYG10DyCsp7l8p/irmYLN6jxxMrYq8wKyHEMrxtj+YfWsAIdva0X5OIuFlJ9LGVli+0jHlbJegqitOV3mHJA2gAAOobQ/VApg0dfUstl6lpC7i4X11DzognQ+Vovc1JQeKGjBgBozOjlAqBvCKImv3l8kFjRjwWlV+Ak7p2nDHq4EZjOpIoYEgkIDZndhmd4qZeaWQ9XB6JdMjXg8sylB9v8y3B4lmrXYgktPRr/AFLxRXAlaRZca+CHdPyS3i9I8RkBV6d0fA1svQNCK4kCCYiHEEAGPoSsI8ED1LPS+oluu4yky2xAACFM6dbfWWmCFgTpgOnVgoglHMepXA3fu/IAGxKpm+qUyeDC91qaJQvoVAvUxLNI2RpADLBlFHL8EGjy6rWWbpusB5Yjs3JdX8xwp4z6fBgI/YMpKdt4xAUogzArqGQSoAKCvpC6EdCLlnC+pdQu4QR7wV9m0LklQUTxvHSTpRHoyoBmCCY5b4oBsSqCIo3GPewbfa/xAvLCBYBa1oeWANs+0QG5dAIHrLld+TiByDL93dmiV7gXTaNHfVl2sakqqDBldQah9RqBEwluWIL6iMq7gmULTV4ma+fFdG+dGEBPNDoqanpRuGYvXnuVpN/GLPE9oqUiy/cEilwXxELbwHL5YAAAGxKaD1w34hMgc704izw1fv5XeOhLcoaXitoNArqBgGJpg+rQSkjARnmATL6jeMt7QzEugKesYqjgrMKKrUDBD/Vmdk9wUmj3CqxFS9RGaD+DCDC06uxBqUe29+ZQW1otvsaRVmRRqd/xBq6BQjYgrqGgSoBQ+vQdSFojMPEX1Fmy+oRdQCi5EKpbXvovq8RH3lhNme4Tlsd4Qi37oi2cOC1jkb1Lz5cwipsKAS4G47PlgCD2gKhjqBUB/wAQSmAUVfUK3XUEYAiNhiCiyDJ70+1RUtNBYbOqfePCKxwIxHbJV6Af3NWloPfgww6RqdG8NJiAFBCjGAEaYP8Aj6oQpwm1Iq6HtNMX1AvdYfUmpTg+y0U7wI41RD2XeUCwWXANB/zNSIzYjZGwCCYP/BP/2Q==","provType":"MONITORING","date":"2018-03-12T10:59:49.603Z"}}},"provision.device.location":{"_value":{"_current":{"value":{"position":{"type":"Point","coordinates":[41.51045653034249,5.75291249764898]},"postal":"28033","source":"GPS"},"provType":"MONITORING","date":"2018-03-12T10:59:49.6Z"}}},"provision.device.model":{"_value":{"_current":{"value":{"name":"OpenGate","version":"1.0","manufacturer":"OpenGate"},"provType":"MONITORING","date":"2018-03-12T10:59:50.01Z"}}},"provision.device.name":{"_value":{"_current":{"value":"CHD_DEV_8 name","provType":"MONITORING","date":"2018-03-12T10:59:50.006Z"}}},"provision.device.specificType":{"_value":{"_current":{"value":"CONCENTRATOR","provType":"MONITORING","date":"2018-03-12T10:59:49.997Z"}}},"resourceType":{"_value":{"_current":{"value":"entity.device","provType":"IDENTIFIER","date":"2018-03-12T10:59:50.01Z"}}}},{"provision.administration.channel":{"_value":{"_current":{"value":"default_channel","provType":"MONITORING","date":"2018-03-12T10:59:55.718Z"}}},"provision.administration.identifier":{"_value":{"_current":{"value":"CHD_DEV_9","provType":"MONITORING","date":"2018-03-12T10:59:55.715Z"}}},"provision.administration.organization":{"_value":{"_current":{"value":"chemacorp","provType":"MONITORING","date":"2018-03-12T10:59:55.717Z"}}},"provision.administration.plan":{"_value":{"_current":{"value":"FLOW_RATE_100","provType":"MONITORING","date":"2018-03-12T10:59:55.711Z"}}},"provision.administration.serviceGroup":{"_value":{"_current":{"value":"emptyServiceGroup","provType":"MONITORING","date":"2018-03-12T10:59:55.712Z"}}},"provision.device.administrativeState":{"_value":{"_current":{"value":"ACTIVE","provType":"MONITORING","date":"2018-03-12T10:59:56.305Z"}}},"provision.device.communicationModules[].description":[{"_index":{"path":"provision.device.communicationModules[].identifier","value":{"_current":{"value":"COMMS2_SN_CHD_DEV_9","provType":"MONITORING","date":"2018-03-12T10:59:55.999Z"}}},"_value":{"_current":{"value":"COMMS2_SN_CHD_DEV_9 desc","provType":"MONITORING","date":"2018-03-12T10:59:56Z"}}},{"_index":{"path":"provision.device.communicationModules[].identifier","value":{"_current":{"value":"COMMS1_SN_CHD_DEV_9","provType":"MONITORING","date":"2018-03-12T10:59:55.917Z"}}},"_value":{"_current":{"value":"COMMS1_SN_CHD_DEV_9 desc","provType":"MONITORING","date":"2018-03-12T10:59:55.797Z"}}}],"provision.device.communicationModules[].identifier":[{"_index":{"path":"provision.device.communicationModules[].identifier","value":{"_current":{"value":"COMMS2_SN_CHD_DEV_9","provType":"MONITORING","date":"2018-03-12T10:59:55.999Z"}}},"_value":{"_current":{"value":"COMMS2_SN_CHD_DEV_9","provType":"MONITORING","date":"2018-03-12T10:59:55.999Z"}}},{"_index":{"path":"provision.device.communicationModules[].identifier","value":{"_current":{"value":"COMMS1_SN_CHD_DEV_9","provType":"MONITORING","date":"2018-03-12T10:59:55.917Z"}}},"_value":{"_current":{"value":"COMMS1_SN_CHD_DEV_9","provType":"MONITORING","date":"2018-03-12T10:59:55.917Z"}}}],"provision.device.communicationModules[].name":[{"_index":{"path":"provision.device.communicationModules[].identifier","value":{"_current":{"value":"COMMS2_SN_CHD_DEV_9","provType":"MONITORING","date":"2018-03-12T10:59:55.999Z"}}},"_value":{"_current":{"value":"COMMS2_SN_CHD_DEV_9 name","provType":"MONITORING","date":"2018-03-12T10:59:56.208Z"}}},{"_index":{"path":"provision.device.communicationModules[].identifier","value":{"_current":{"value":"COMMS1_SN_CHD_DEV_9","provType":"MONITORING","date":"2018-03-12T10:59:55.917Z"}}},"_value":{"_current":{"value":"COMMS1_SN_CHD_DEV_9 name","provType":"MONITORING","date":"2018-03-12T10:59:55.997Z"}}}],"provision.device.communicationModules[].subscriber.administrativeState":[{"_index":{"path":"provision.device.communicationModules[].identifier","value":{"_current":{"value":"COMMS2_SN_CHD_DEV_9","provType":"MONITORING","date":"2018-03-12T10:59:55.999Z"}}},"_value":{"_current":{"value":"ACTIVE","provType":"MONITORING","date":"2018-03-12T10:59:56.1Z"}}},{"_index":{"path":"provision.device.communicationModules[].identifier","value":{"_current":{"value":"COMMS1_SN_CHD_DEV_9","provType":"MONITORING","date":"2018-03-12T10:59:55.917Z"}}},"_value":{"_current":{"value":"ACTIVE","provType":"MONITORING","date":"2018-03-12T10:59:55.815Z"}}}],"provision.device.communicationModules[].subscriber.description":[{"_index":{"path":"provision.device.communicationModules[].identifier","value":{"_current":{"value":"COMMS2_SN_CHD_DEV_9","provType":"MONITORING","date":"2018-03-12T10:59:55.999Z"}}},"_value":{"_current":{"value":"SUBS2_SN_CHD_DEV_9 desc","provType":"MONITORING","date":"2018-03-12T10:59:56.002Z"}}},{"_index":{"path":"provision.device.communicationModules[].identifier","value":{"_current":{"value":"COMMS1_SN_CHD_DEV_9","provType":"MONITORING","date":"2018-03-12T10:59:55.917Z"}}},"_value":{"_current":{"value":"SUBS1_SN_CHD_DEV_9 desc","provType":"MONITORING","date":"2018-03-12T10:59:55.804Z"}}}],"provision.device.communicationModules[].subscriber.identifier":[{"_index":{"path":"provision.device.communicationModules[].identifier","value":{"_current":{"value":"COMMS2_SN_CHD_DEV_9","provType":"MONITORING","date":"2018-03-12T10:59:55.999Z"}}},"_value":{"_current":{"value":"SUBS2_SN_CHD_DEV_9","provType":"MONITORING","date":"2018-03-12T10:59:56.005Z"}}},{"_index":{"path":"provision.device.communicationModules[].identifier","value":{"_current":{"value":"COMMS1_SN_CHD_DEV_9","provType":"MONITORING","date":"2018-03-12T10:59:55.917Z"}}},"_value":{"_current":{"value":"SUBS1_SN_CHD_DEV_9","provType":"MONITORING","date":"2018-03-12T10:59:55.813Z"}}}],"provision.device.communicationModules[].subscriber.model":[{"_index":{"path":"provision.device.communicationModules[].identifier","value":{"_current":{"value":"COMMS2_SN_CHD_DEV_9","provType":"MONITORING","date":"2018-03-12T10:59:55.999Z"}}},"_value":{"_current":{"value":{"name":"TEST","version":"1.0","manufacturer":"sb-HD"},"provType":"MONITORING","date":"2018-03-12T10:59:56.011Z"}}},{"_index":{"path":"provision.device.communicationModules[].identifier","value":{"_current":{"value":"COMMS1_SN_CHD_DEV_9","provType":"MONITORING","date":"2018-03-12T10:59:55.917Z"}}},"_value":{"_current":{"value":{"name":"TEST","version":"1.0","manufacturer":"sb-HD"},"provType":"MONITORING","date":"2018-03-12T10:59:55.802Z"}}}],"provision.device.communicationModules[].subscriber.name":[{"_index":{"path":"provision.device.communicationModules[].identifier","value":{"_current":{"value":"COMMS2_SN_CHD_DEV_9","provType":"MONITORING","date":"2018-03-12T10:59:55.999Z"}}},"_value":{"_current":{"value":"SUBS2_SN_CHD_DEV_9 name","provType":"MONITORING","date":"2018-03-12T10:59:56.008Z"}}},{"_index":{"path":"provision.device.communicationModules[].identifier","value":{"_current":{"value":"COMMS1_SN_CHD_DEV_9","provType":"MONITORING","date":"2018-03-12T10:59:55.917Z"}}},"_value":{"_current":{"value":"SUBS1_SN_CHD_DEV_9 name","provType":"MONITORING","date":"2018-03-12T10:59:55.799Z"}}}],"provision.device.communicationModules[].subscriber.serialNumber":[{"_index":{"path":"provision.device.communicationModules[].identifier","value":{"_current":{"value":"COMMS2_SN_CHD_DEV_9","provType":"MONITORING","date":"2018-03-12T10:59:55.999Z"}}},"_value":{"_current":{"value":"SUBS2_SN_CHD_DEV_9ICC","provType":"IDENTIFIER","date":"2018-03-12T10:59:56.007Z"}}},{"_index":{"path":"provision.device.communicationModules[].identifier","value":{"_current":{"value":"COMMS1_SN_CHD_DEV_9","provType":"MONITORING","date":"2018-03-12T10:59:55.917Z"}}},"_value":{"_current":{"value":"SUBS1_SN_CHD_DEV_9ICC","provType":"IDENTIFIER","date":"2018-03-12T10:59:55.817Z"}}}],"provision.device.communicationModules[].subscriber.software":[{"_index":{"path":"provision.device.communicationModules[].identifier","value":{"_current":{"value":"COMMS2_SN_CHD_DEV_9","provType":"MONITORING","date":"2018-03-12T10:59:55.999Z"}}},"_value":{"_current":{"value":{"name":"software","version":"1.0","type":"SOFTWARE"},"provType":"MONITORING","date":"2018-03-12T10:59:56.096Z"}}},{"_index":{"path":"provision.device.communicationModules[].identifier","value":{"_current":{"value":"COMMS1_SN_CHD_DEV_9","provType":"MONITORING","date":"2018-03-12T10:59:55.917Z"}}},"_value":{"_current":{"value":{"name":"software","version":"1.0","type":"SOFTWARE"},"provType":"MONITORING","date":"2018-03-12T10:59:55.81Z"}}}],"provision.device.communicationModules[].subscriber.specificType":[{"_index":{"path":"provision.device.communicationModules[].identifier","value":{"_current":{"value":"COMMS2_SN_CHD_DEV_9","provType":"MONITORING","date":"2018-03-12T10:59:55.999Z"}}},"_value":{"_current":{"value":"GENERIC","provType":"MONITORING","date":"2018-03-12T10:59:56.013Z"}}},{"_index":{"path":"provision.device.communicationModules[].identifier","value":{"_current":{"value":"COMMS1_SN_CHD_DEV_9","provType":"MONITORING","date":"2018-03-12T10:59:55.917Z"}}},"_value":{"_current":{"value":"GENERIC","provType":"MONITORING","date":"2018-03-12T10:59:55.807Z"}}}],"provision.device.communicationModules[].subscription.address":[{"_index":{"path":"provision.device.communicationModules[].identifier","value":{"_current":{"value":"COMMS2_SN_CHD_DEV_9","provType":"MONITORING","date":"2018-03-12T10:59:55.999Z"}}},"_value":{"_current":{"value":{"type":"IPV4","value":"172.18.19.24","apn":"movistar.es"},"provType":"REFERENCE","date":"2018-03-12T10:59:56.2Z"}}},{"_index":{"path":"provision.device.communicationModules[].identifier","value":{"_current":{"value":"COMMS1_SN_CHD_DEV_9","provType":"MONITORING","date":"2018-03-12T10:59:55.917Z"}}},"_value":{"_current":{"value":{"type":"IPV4","value":"172.18.19.24","apn":"movistar.es"},"provType":"REFERENCE","date":"2018-03-12T10:59:55.904Z"}}}],"provision.device.communicationModules[].subscription.administrativeState":[{"_index":{"path":"provision.device.communicationModules[].identifier","value":{"_current":{"value":"COMMS2_SN_CHD_DEV_9","provType":"MONITORING","date":"2018-03-12T10:59:55.999Z"}}},"_value":{"_current":{"value":"ACTIVE","provType":"MONITORING","date":"2018-03-12T10:59:56.203Z"}}},{"_index":{"path":"provision.device.communicationModules[].identifier","value":{"_current":{"value":"COMMS1_SN_CHD_DEV_9","provType":"MONITORING","date":"2018-03-12T10:59:55.917Z"}}},"_value":{"_current":{"value":"ACTIVE","provType":"MONITORING","date":"2018-03-12T10:59:55.907Z"}}}],"provision.device.communicationModules[].subscription.description":[{"_index":{"path":"provision.device.communicationModules[].identifier","value":{"_current":{"value":"COMMS2_SN_CHD_DEV_9","provType":"MONITORING","date":"2018-03-12T10:59:55.999Z"}}},"_value":{"_current":{"value":"SUBT2_SN_CHD_DEV_9 desc","provType":"MONITORING","date":"2018-03-12T10:59:56.206Z"}}},{"_index":{"path":"provision.device.communicationModules[].identifier","value":{"_current":{"value":"COMMS1_SN_CHD_DEV_9","provType":"MONITORING","date":"2018-03-12T10:59:55.917Z"}}},"_value":{"_current":{"value":"SUBT1_SN_CHD_DEV_9 desc","provType":"MONITORING","date":"2018-03-12T10:59:55.901Z"}}}],"provision.device.communicationModules[].subscription.identifier":[{"_index":{"path":"provision.device.communicationModules[].identifier","value":{"_current":{"value":"COMMS2_SN_CHD_DEV_9","provType":"MONITORING","date":"2018-03-12T10:59:55.999Z"}}},"_value":{"_current":{"value":"SUBT2_SN_CHD_DEV_9","provType":"MONITORING","date":"2018-03-12T10:59:56.103Z"}}},{"_index":{"path":"provision.device.communicationModules[].identifier","value":{"_current":{"value":"COMMS1_SN_CHD_DEV_9","provType":"MONITORING","date":"2018-03-12T10:59:55.917Z"}}},"_value":{"_current":{"value":"SUBT1_SN_CHD_DEV_9","provType":"MONITORING","date":"2018-03-12T10:59:55.819Z"}}}],"provision.device.communicationModules[].subscription.mobile.homeOperator":[{"_index":{"path":"provision.device.communicationModules[].identifier","value":{"_current":{"value":"COMMS2_SN_CHD_DEV_9","provType":"MONITORING","date":"2018-03-12T10:59:55.999Z"}}},"_value":{"_current":{"value":"Telefónica Móviles España, SAU","provType":"MONITORING","date":"2018-03-12T10:59:56.113Z"}}},{"_index":{"path":"provision.device.communicationModules[].identifier","value":{"_current":{"value":"COMMS1_SN_CHD_DEV_9","provType":"MONITORING","date":"2018-03-12T10:59:55.917Z"}}},"_value":{"_current":{"value":"Telefónica Móviles España, SAU","provType":"MONITORING","date":"2018-03-12T10:59:55.914Z"}}}],"provision.device.communicationModules[].subscription.mobile.imsi":[{"_index":{"path":"provision.device.communicationModules[].identifier","value":{"_current":{"value":"COMMS2_SN_CHD_DEV_9","provType":"MONITORING","date":"2018-03-12T10:59:55.999Z"}}},"_value":{"_current":{"value":"SUBT2_SN_CHD_DEV_9_IMSI","provType":"IDENTIFIER","date":"2018-03-12T10:59:56.107Z"}}},{"_index":{"path":"provision.device.communicationModules[].identifier","value":{"_current":{"value":"COMMS1_SN_CHD_DEV_9","provType":"MONITORING","date":"2018-03-12T10:59:55.917Z"}}},"_value":{"_current":{"value":"SUBT1_SN_CHD_DEV_9_IMSI","provType":"IDENTIFIER","date":"2018-03-12T10:59:55.909Z"}}}],"provision.device.communicationModules[].subscription.mobile.msisdn":[{"_index":{"path":"provision.device.communicationModules[].identifier","value":{"_current":{"value":"COMMS2_SN_CHD_DEV_9","provType":"MONITORING","date":"2018-03-12T10:59:55.999Z"}}},"_value":{"_current":{"value":"MSISDN_FAKE","provType":"MONITORING","date":"2018-03-12T10:59:56.111Z"}}},{"_index":{"path":"provision.device.communicationModules[].identifier","value":{"_current":{"value":"COMMS1_SN_CHD_DEV_9","provType":"MONITORING","date":"2018-03-12T10:59:55.917Z"}}},"_value":{"_current":{"value":"MSISDN_FAKE","provType":"MONITORING","date":"2018-03-12T10:59:55.913Z"}}}],"provision.device.communicationModules[].subscription.mobile.registeredOperator":[{"_index":{"path":"provision.device.communicationModules[].identifier","value":{"_current":{"value":"COMMS2_SN_CHD_DEV_9","provType":"MONITORING","date":"2018-03-12T10:59:55.999Z"}}},"_value":{"_current":{"value":"Telefónica Móviles España, SAU","provType":"MONITORING","date":"2018-03-12T10:59:56.109Z"}}},{"_index":{"path":"provision.device.communicationModules[].identifier","value":{"_current":{"value":"COMMS1_SN_CHD_DEV_9","provType":"MONITORING","date":"2018-03-12T10:59:55.917Z"}}},"_value":{"_current":{"value":"Telefónica Móviles España, SAU","provType":"MONITORING","date":"2018-03-12T10:59:55.91Z"}}}],"provision.device.communicationModules[].subscription.name":[{"_index":{"path":"provision.device.communicationModules[].identifier","value":{"_current":{"value":"COMMS2_SN_CHD_DEV_9","provType":"MONITORING","date":"2018-03-12T10:59:55.999Z"}}},"_value":{"_current":{"value":"SUBT2_SN_CHD_DEV_9 name","provType":"MONITORING","date":"2018-03-12T10:59:56.205Z"}}},{"_index":{"path":"provision.device.communicationModules[].identifier","value":{"_current":{"value":"COMMS1_SN_CHD_DEV_9","provType":"MONITORING","date":"2018-03-12T10:59:55.917Z"}}},"_value":{"_current":{"value":"SUBT1_SN_CHD_DEV_9 name","provType":"MONITORING","date":"2018-03-12T10:59:55.916Z"}}}],"provision.device.communicationModules[].subscription.specificType":[{"_index":{"path":"provision.device.communicationModules[].identifier","value":{"_current":{"value":"COMMS2_SN_CHD_DEV_9","provType":"MONITORING","date":"2018-03-12T10:59:55.999Z"}}},"_value":{"_current":{"value":"MOBILE","provType":"MONITORING","date":"2018-03-12T10:59:56.106Z"}}},{"_index":{"path":"provision.device.communicationModules[].identifier","value":{"_current":{"value":"COMMS1_SN_CHD_DEV_9","provType":"MONITORING","date":"2018-03-12T10:59:55.917Z"}}},"_value":{"_current":{"value":"MOBILE","provType":"MONITORING","date":"2018-03-12T10:59:55.899Z"}}}],"provision.device.description":{"_value":{"_current":{"value":"CHD_DEV_9 desc","provType":"MONITORING","date":"2018-03-12T10:59:56.209Z"}}},"provision.device.identifier":{"_value":{"_current":{"value":"CHD_DEV_9","provType":"MONITORING","date":"2018-03-12T10:59:56.302Z"}}},"provision.device.image":{"_value":{"_current":{"value":"data:image/jpeg;base64,/9j/4AAQSkZJRgABAQEASABIAAD/2wBDAAMCAgICAgMCAgIDAwMDBAYEBAQEBAgGBgUGCQgKCgkICQkKDA8MCgsOCwkJDRENDg8QEBEQCgwSExIQEw8QEBD/2wBDAQMDAwQDBAgEBAgQCwkLEBAQEBAQEBAQEBAQEBAQEBAQEBAQEBAQEBAQEBAQEBAQEBAQEBAQEBAQEBAQEBAQEBD/wgARCAGQAZADASIAAhEBAxEB/8QAHAABAAEFAQEAAAAAAAAAAAAAAAYCAwQFBwgB/8QAGQEBAQEBAQEAAAAAAAAAAAAAAAEEBQMG/9oADAMBAAIQAxAAAAH1SAAAAAAAAAAAAAAAAAAAAAAAAAAAAAAAAAAAAAAAAAAAAAAAAAAAAAAAAAAAAAAAAAAAAAAAAAAAAAAAAAAAAAAAAAAAAAAAAAAAAAAAAAAAAAAQUnTlnUwAAAAAAAAAAAAAAAAAAAAAAB499hcLPP8A7z8s+pwAAAAAAAAAAAAAAAAAAAAAABxjs/GCG+mfM3pkAAAAAAAAAAAAAAAAAAAAAAAcY7PxghvpnzN6ZAAAAAAAAAAILpuIQ096Pn0AAAAAAAAAAAcX7Rw8h/qDyh6vAAAAAAAAAAOFwzoENPTIAAAAAAAAAAAHBO9+eiC+v/GnssAAAAAAAAAA4xDZlDT0yAAAAAAAAAAAxcgq87+iPO5zz2X409lgAAAAAAAAAHGIbMYOeoAAAAAAAACOkio4tGTsUIs/DS5mrHQYFb+kQ9fefJedURmRFwAAAAAAAAHD4BNOdnr8AAAAAxjJc7gh2vm0KlxDL0/05sMeK2i/Y+gfQ+Wy79xfhmZun+nQJZxX6ejr3neVHXkRk5fAAAAAB565z0Pnh7LAAAWeQnYo7yvVkxjGNcN5fitJINPjgUFX3BpM3GtCtjWjM+4X0zWJUZCzUXftuouV2qi9ma+om0v45UeicrzrJjsiEykzQAAed+edD54eywACg1XmjsUFOMTKYRElX3kW5OhsS2Z9nVVl/wCY+MbDFs1D79+ipUPv36KlQqVCpUKlQqVCpUKlQvW6iRyvmX07xm8A3p2JBpWcF550Lnp7LAA0W9hxz+J7jTi5R9M+DSy2cJwZNgkU10u1hocuzryVb7mw7fLvMV49SVcH6cSyr5WPv2o+VqhUqFSo+Vfaj5V9rKaqvp8+tQbjTwLZFGv6zLU4bt+1Xl5Rn9RjR0rZeV+wHSAIXNI0cY11usrqVC9brOJ4tVmS9XifLdjYx7ho470W4cpdB1xD7/Tpscz7VgcrO4VYWeKlwpqyskwsjKrLN25WU11VlP1AjM18t6ERST7PKTVZu3xS7HoZzMkfPZTG1k3ZY9ITpgGv2GKeWYz6P42WNvzbKOj1x3eHE95o8PJi2+FizPNmiFMljWvZ9y8XJ06usdR5b1oh3NumcHKIbpcAnfoHyJ6tNzmXKyzYt0cnjZv3X53N5mwu67bd/wCipXYhp1aybWuhlvMyc1Me7qOZLPOUauRGhkt60cz6RqOhFOxw8w6WADH00h+HKuZendUePa/R/NDgX2QQ4233X5hd+qinKsZJ1XrHKOsEN4j27hxroROxyvvPLOunWbnEpeSrXynI5PGj1O9zsHP12bXV3/o9doc/pXt7XNzTEyRwKB4xTn7S6U3KPh9fai5MYVYOg67mPWTo/wBt3AAAC3rdsOfc29D4B4rg/ufnZ5dzptADYZWg251/rPJetkL4f3Hh5rqvn0v+ivN/oQmUBmtaed913aODL4x8XtVWu25ur8IgBJIxuNiWshSV0qj5V9zjHytTBTf6WV9YIn0rMyh9AAAAACnDzhEIB23FPIHP/ccFOQ9n5ptjM4j1HkJR9ouD0T539HpvqlYqfbLuBm2l88ZG7kUun3qs+vn0VLpbyrkeN/BLPQSCdclcgMDZ1gAAAAAAAAD5YyBHoV1W0eaeSe3IgeLc/uHKDD9L+TfRZ0arXbFPtfyuxh5uGvIJNo97L9fLh8rvVlWLqss0e9nkxI5Lsu4fPoAAAAAAAAAAAALdwamK9AoPPMK9Wxs89TLfQw6JteKSNOm4WDfrl0hjcnl+5ON8LNyZyki0s22WWb/0AAAAAAAAAAAAAAAAKahiavf/AAgsO7PjnnDXelomcAnuz6eQ2Z7PKMXMrAAAAAAAAAAAAAAAAAAAAAHyi4LFdwfPoAAAAAAAAf/EADMQAAAGAQIDBwMDBAMAAAAAAAABAgMEBQYHERIgQBATFCEzNTYwMVAiIzQVFiQyJWCA/9oACAEBAAEFAv8A2vkeWwMdFBn8C5lfkM677+54fe+LL7fj9UYcfwem0KPKvPyGqPs+l3vH5DVH2fS73j8hqj7Ppd7x0uR5bAx0UGfwLmV1OqPs+l3vHS51339zw+98WX26jVI9qbStW930uqMOP4PTaFHlXnU6sq4aTSNfFfdLqj7Ppd7x1OsSuGh0aXxZB0uqPs+l3vHU61Hw4/op55D0uqPs+l3vHU62fH9E/kHS6o+z6Xe8dMqVHQojJRDWz4/on8g6XVI9qbStW930alpQU7KqiEHr62tDdNaXI9nNjCNlbpDUwzyWi0dhSoeRdLqyrhpNI18V90Nhf1NYU3PX3h3V9cqi4/FhplWLaS5I8t+K5FymQgRsgr5AQ424XRaxK4aHRpfFkH1plnAgJn6gRkCTb5JcnDxd102qqurkv3SEE6+8+r6DMuSwcbJ5bYjZFBfDbzTxfX1qPhx/RTzyH6b0liMmdmtbHEvIshsw1jsqUqNjkZgjk1UISL19YccW6rl3IgbrZDxDY8QO+WO8dHG8ON4Mzpsc4uVTWxFyaA+Gn2Xi+prZ8f0T+QfQUpKCl38CMJeSWb5/0+RYON19XEH9ThMBy6lqDkh57lUtCQclI45Ch3bpju2SG8ch3yCHiFDv1jvXB3ix3ix3ix3ix3qw1NkMnGyiY0IuTwXgzKjvl9HWz4/on8g5nnm47SNRqyxXIs5kobmCVsDfdMuVS0oBydxwvrHAwgeIQkG+4Y3Uf123nWji5FPYEbKIrgZmRpBc2tnx/RP5BzWDzRtZBp5WLUdhlGOHXZPV2IIyPlW8hsd4+6O6bSDkJSFOrV0yFrQca9nxxGydlYYmRpJdutnx/RP5ByrUSEyZRmcmWtS0yCUVjh9LZhcLLMbOuzKDINMuMtK58NseNS+CciNhUviG+/VoWtBsX82KImVRXwzOiyBrZ8f0T+QctxJ8PElu/oPzMEoyCJJkLmprrE/6LHSTlXGQFsIbCuJI8VJSG7eyaDWTW7QYzR8hHy2sdJiVGkp6WXbwYQfyOY+fg7OebNRJjhqfaxTkzWb2LiNRWYxaMWMORy5Me0SSrdPITBLOSg/EqhpUF1CFB2jfDkCW0DIy5G3nWVQcqsoorMjgWAL6mw4THCobH2TrWJAJ+0s7Q4GNOunCxtpsM1sdsigtLCaSMoHWwIyZ1hEbTIyRht7EpUp7kyo9oLp7p5EHsJjn+Z3w70E6OMjDkZh8n6VJh+HIj8iGXViqyGfVqiymJjXMTajBMgmkgkkNhsNgeySnW5rOJjpTFwscjMEiGlsEgw2wZhLaWymXjLRXGTNsOWq5ckY/WoiNYp/L7chY8RVFJTsSiPlm/wAwm1nyEowTg4ScD1D4g/7anoVDxYzEXHmGhLpq2QwTkzFp0OWzOY7CSZhLIJBENhsNhsNhsFrQ0iXMfsnKujJIYjIaIiCGjMJZISJbEYry8XHbORcXQebg49DpYL1jMXHSxFxT+X2yT/Re18qBJZsjI2JyFhLiVdsvymtLQ4U8myCIr6yNCkH2MH+5UElYZiRlNWMZpgSromzlZAJtr4lOK3CoE0ghkEnYKUhtKHnXh/nDvloCTSothsDMklLku2b9VUJbJtskklBmEMhx1mOmbbfplZKqYqNUGayIW/HOsqCEllub6GK/y+15HEVnWd8VpjZ8TkaXENixUkR7BKg26lQm/wAzsiymHEWbkdTfYx6lOIx/t3J+VsymSqXGfjrBHseOySn1Ow2Bd3xOSX3jSkwk1EGPJ7YbC2lKdXT1ZJJtrhJDI4UNlJtCSLTJY7LhRrO0NlhphBIGxBFeXiYMc0osEmljFf5fItolCRXIcE7H0OCxxjYPQZcQ2LBbZvSCVJJRGC7duxj1KcR/TuvtMP8AdcaQ8idXrjGMBsYqIJeY2EiI5uhbe5GgG82RxIjjJ7CY/wCGj1MFT7saJwJQ0RCROZji2vmIyXJ1xcqhVsSCRJMxuSR9+xpXAqBIjqFwlPg8YcLxpHvzKbJQfgoWJtE24LHGBY4xIZUtD8ZSHwlZHyMepTiP6d19pvqgyJRWFWbYoNOo17jLxZpiKqnNKqwCFJWSiQ4PCV4bNLJfcbCW0ubKrK1MZt15mMmdb7IlZFKnLj1DSXSLcbJSDMz7NuwyMg682wkrJ+xXQxERUI+3OaCMPQ0LEykbcFli6FlY4m40bzEqIaHwlwj7GP8AemEf07r7TfV7CMYo4TVAbhLFzg1BdB6hzPFFVWfQZCmH2JLew2GxivgtRkyLTYrTJmmXTr5VmtCENp4dhvyNtLcPdiOLG9QhTFdOtXaqiJoo0YmyLy+kaSMOxULEunbcKxxlKys8RNByIUyEaHxGdI10xiP6d1/rN9Xtxv2YEEuGQtsZo70pGC5HQLg567Dcg2UCyaLyFvfRq9t561vCiQo8Jsi3G+3IRGoyZQ0J9szGbclWFsqpxokiDUoaJthKC+qaSMOR0qEqpbcFhjaFi0w8t11s2C5RyBEeI27kyNM31e3Hi2p+QlGQn1tbatXWFpqnqmzzKS3CqmYp/ceRD79m3YhgzJclthMu7W6qBQvy3a2iQ2TENDZEki6HbcLYSoSaxtwT8dQsP0j8JcS1Q2LaTumU+Rukoj7aIv8AiOV0+Fu6dWtxtPAjlQ2pw/2mROt22j8NPtV1eOpQIlahokNknpdgppKhIrkOCdj6HBPx95BWVLOZWTq0GiQRglkYpPaeWX6MlHHP7dgRGYJpKBJmoaQt6ZOOvx/zhVCGw1HSgiLbqVNkYfgoWJtE24LfEW3im41LiBK3Urp7MmojMttwEZHyS/Rf/TOGxn2IaMwbyGyXLceVGplurh1CSDENKAlBF1poIw9DQsTKRtwWGLoM3a6ZENiyeYOHdkYYnNuBKiPsmei952ASk1H+20H5fmzVyZZxKpKCjwUpCGiT+BNJGHYqViVUNuCZjqFCRjzrZ8U+CcO8EexacEtxJsKPexLYLeS2liJMniFTMxwzCIg2wSQRbfhDIjC2EqDsBCg9VIMTMUjuiRWW9YHLxRN10k5Nk33slcHHkINuMQQwRAkkX4k0EYUwRhUYhZ4rV2aYGAohSo0BmMhLQJH43YcI4ASf+i//xAAkEQABAwIGAgMAAAAAAAAAAAABAgMEABEFBhMhIjESQCBwgP/aAAgBAwEBPwH9KEgd+zLhiUBvan1vYcwkNjyqHIVJa1FC3znYuiKrTSLmhmNYPJFRJSJjQdR683B25StRJsaRlvfmumGERmw2319Qf//EACMRAAICAQMEAwEAAAAAAAAAAAECAwQABRESISIxQAYgcID/2gAIAQIBAT8B/pQkDz7NqqLIHXbJ3loQqIxyypObEXNht97mqpWbgo3ODX3B7lyrZW3GJU9e5pKWW5qdjifH+ve+QQpXQRp4/IP/xABIEAABAgMDBwcJBgQEBwAAAAABAAIDBBESITEQEyJBUXTCICMyQFJhcQUUMDNCYoGhsVByc5HB0QYkY4IVQ2ThNDVTYICSk//aAAgBAQAGPwL/AM12w4rHRo77xDadXehJRpd0rFf0KuqHfH7Rm873Wfu0UHMeszjbPjX7RlZ8Q+fzuate7QlPiR4doy8HOM7nVH2jK7zwlTW7cQ+0ZXeeEqa3biH2jK7zwlTW7cQ6s2HFY6NHfeIbTq70JKNLulYr+hV1Q749ald54SprduIdWm873Wfu0UHMeszjbPjXrUrvPCVNj/S8Q6tKz4h8/nc1a92hKfEjw7Rl4OcZ3OqOtSu88JU5uvG3q0rvPCVNbtxDrUpvXA5Tu6cberSu88JU1u3EOtSW98DlPbnxt6tK7zwlTW7cQ61Jb5wOU7ufG3q0rvPCVNbtxDq9h8dgdsqqg1ySW+cDlO7nxt6tK7zwlTY/0vEOqWnuAHeizP52J2Yd6pAYZeF3YogvJOs1XNx3KkzCDu8KWg+TGF8WFMZxzO6yVPNmYDoZ801j329Wld54SpzdeNvUv5qcYD2ReUYfkmS/vifsqzk1ELT7OAWdmXAeKzMk2y3tcnOwX2XYVVJhger32D3qsN4d4dTlN64HKd3Tjb6e3NzTIfiUYfkyWdHd2jcFZfGMJh9mHcrcap8VajuaFYkYVPeKtRYhcfQ1hRXBUjARAqPObPerUKIHeHUJLe+Byntz42+ktx4zGD3irEo10y/3cEWQP5aGexis5Mve87XFWotAqNo8+6rMu0Qh81aiPLj38q8rpLWrmFXQivVr1a9WqwiWqkeFbCpErDPeqwojXeB9LJb5wOU7ufG30NpxoFc4xXbGKzKtZBbtOKtzUy6KfFc7FbXuX8vLV8VRllngFzkVzvjyb3LRBK0WUWnFWk+qubVXQ10RkxXSXSXSWOSsN5CpFFsKkWsMqsKK13x9FJb5wOU7ufG3lvjxnWWMFpx2BPheSogdZ1uuK5yMaZMKqzbu2DlaRoqQ2Fy0n2VpGpWgxbFefT1hxC1Ue7ODvVI7CwqsKM08uS3zgcp3c+NvLdLPAdbFHA7EZnyLGMnGxs10f9lY8pSxmIA9sfug0Rs3E7L7ldybytAWRtVqK6p71SG1Xnq1WOIVM5bHeqTEOz3hVgxWnkSW+cDlO7nxt5RedQqnRCcVirMQAg7UYkFvmsXtQ8PyVqE7z2WGy+5ZqcaZaJ72CtNjsIPetKYZ+a0IzGt8VXOtJ8VoEBXnrdWOIWnFq33lzgp3tNVzUZpUlvnA5Tu58beVSnrNHk3ouiy4D+224ojzmKKE6166J+a0Y7/zV0Z35rRmYn/sVoTsX8168P8AvBfzEq133Sudtwj3hW4EZrx3Hq3OxgXdlt5VmRl7A2lVmYr3dytQnOae5aWmmyPlaXe+G02gHaio3lCAYliPBzVk6rwf0XNxh8eTCP8AU/TlxmVuER31XrHL1zh8FVkVrlpQT8FeORahRHMPcVSK4Rm+9igy3movZd6bArArDJzr6v1NGKzcEZqH3K1EBK0mroBdBVMNWntY0d6LIDG07RXm0jWYj9liiw5lxqGh1Ca0PIhn+p+nLj/iO+vIvWlDa5VgPp3Fc4z48jQaUIE61z4PvYhCNLvDmn0F5WCw5FTcjAkhU63rOx4dSdaFGrRAWGSrrkWSwtO26lZiPfHjOwYy9N/xCM6Hb6MtDN/9yzrYQbVTP4bfryIwA0mi0FQ8qP8AiO+qqGHk3qgv7lWCwsd8lSLDNNq0mrSARgx2DuOxUa/OSzz8k2YgOq12W5aSuHLMSIaALMwKiF9UHParhyKYu2IxJ2MGQtQC/lB5pLf9R3SPgjFay3Hdg517nFGZmDacTVUaFM/ht+vIIOtRHwmWoJNRTUqFYrHLGP8AVd9VVpQI6StNhkhUe2hyhAPaCr4LSi6Xu91FpNCrnIsfeEJaI7mIxp4HJpK5WnuAHeqyspFiDtdEfNf8Iz/7Bc/Lvh9+IVWmoy2nXALNQqiEPmgS1UAy1iOoiQ/NsGtOlvIrM9EwMU9Bq858pxzNxsRXot8ArlY9iFcFWi+Kmfw2/Xkm5FzW0KvBIVCrysVH/Ed9coFoAgYFANILu7KEMhRDjR2pwVIt/fqyVCgTJvdZo7xyvmY7M5YdZhMOHiVzkQ5MVYb7V9MvmUE/fQcWqgGS04gBWZf80YLXmYmThDZerflmLZhaoEP9ShDgw2saNQCq80Vyc6mJqqAK/apj8Nv15XRR0ES1qwJCo5RTtefQDIclh7agq2zSh/TI+Tix2tiW6taTqy52ALW1qo42TsNy6QVkG044NbeUZmaFl7hZhw+yNpyOia8As468m9AUyUbpOWcnZgNGpqsw2mSlO0fWO/ZcxD0ji83uK7lo/nlqRVUtgeKLmkYhTAB9hvoOiugiQxF8Gu2hVmMwt5QQyHLQhGPLjR1jYpbynCnHy848uNcWm+5UnIJmpYe0NIIQ4rsxFOpytMcCO5UjQYcT7zV/y6D81SXhQ4X3G0V+Rsuzosx8ULr1V5+CLnPEKGMb0ZfyJBtDXMPuaP3Xnc48zMz236vBUCvvKvyX5LwrcR4aAsxKlwha3LQbecTt9FguijzdUXQKt7tSpGhkd/ICGQ8mXhsuAr9VR4qCjEEHzWMf8yFd8kYvk6KZ6VGoX/JZjynDdKRcNLBCLAite04EHLcs9FpU31VmAKe8V5vKMdNzJ9lurxQmPLMa1sgN6A/dBjGhoGAC0lQXDLctEfFXc4/5BZuFz0bYNSESccSNTRgho+lwXRR0EXQQWH5LnYZptGQIZDyZfw5B8+k25w/5jbnJ0z/DHlIxoeOadj+xXmf8SeT4kvEF1sN/RZ6SmYcVvulVVuZi1Psw24laZdIyvZHTd+yzcvDsjWdZWwLR/PkUCrHP9oXOPDG6mjWrEAGDB+ZQJYhorD0+C6KOgi6G2we5abKt2hDIUeRLfd5Wa8oycOM33hejN/w75SiQHj2C79U+Umwxgp69wv8A91nYj3R45xiRLyrltV+S/JaebLVzeiNbijC8nttu1vOCz80S9x2oaKw6nguijoLOQB8FmpkGE7vwVQa8mV/D5RKsA4mia3YOVohdt3yVmuciamhc+S1nYCGguj1fBdFHQREMmmxF7W2grLwQe/LK/hjlFQx72W7LWMfgtJwYzYrEu0w4fa1lVLanaUNFYdb6KOijWHftCJhEupqWbLTawooMBx6DQFjySof3sl+S064bVzd3vFWJVtt3a1LOTBMR3yXRWHX8F0VbbDv20WjUhUfUK8rHKVDHvZKBdpys3vfqaFamjZb2AgGsoFh9h4LoroKsElq5xhptVHFYq4qH4q9Y2QubbmoXaOJWi2rtbjisFh9jYLBdFF0KsJ+1uCtWDFhj2mKy4pt+FSs1Jw847bqCEWcOdibNQWH2ZgsFz0Cy7tsuKdEM1bhHVrQhwYYaP+9//8QALBABAAIBAwIGAgMBAQADAAAAAQARITFBUWFxECBAgZGhscEwUPDR4WCA8f/aAAgBAQABPyH/AO65oBUwrktpg0FXdxgZ/sdx65+hU3/tOuKpel61/YDCCsOrhH3IGpi3Siv7f7H6yf3n9j/WT+8/sf6yf3nps0AqYVyW0waCru4wM+q+sn956b3Hrn6FTf8AtOuKpel616m4dE+7D02MIKw6uEfcgamLdKK/t9VZ+mdM6/TH1k/vPVdt6YUJd/pj6yf3nqu1dMGoeXpj6yf3nqv66H33pj6yf3np/rcIblcQdx8ProffemLh0T7sPSbcC1VUfoljmd4vcdtU7wsx5DcVEgbXiVpTsMOEFGuP+Ul/aTS9MWfpnTOv0JdZYo6hfoI+scSPBbD9Mr6zLCHbjXL2muXxLMjLAqcGtcSmObphlIM+01qTyv0dt6YUJd/84rBHc+IxsM138ziBqpUM2jqu2Caxs6vtKlOh/BO+tH+DTSCqLwyr5YdZWK+FK6Lq9BaumDUPL+Qaie4kdfY5bvEqGgBo7y7p6qWFEI5xCcJ2FwN5J1hYgbq/M6YO7NWMdi3tKOvlkF2k9NDgS9S6Mp+rt5Rs/jiAyj/KfXQ++/hFIy1VgKd8H3GS31I6kxdwh4vG2TEFIzfGDtL7kavvHlaLE0bs2p3zinaf9un/ACibSnAEt4PbwvXTqocqE50PiXiPRleTrayk7oyShc6fxProffecCiunQNWPiHVNnUHaPN9bDFNVl+6LrmZkHaE6vlCsYsWjmbOHBNb35jgfqmiJ2R1qypUCBAgQIECBAgQIELMjhlJRdpqeYjJDlp2vPn+uh995wgvUVltmA3rQJv03jSLXWx2fuGBN1kAtCeXmvg1j8j2s+yZDIODeDxqVKgQIECBAgQIECBAgQIECW4vRlIqG2crkKAG67XnyfXQ++8xomsplVNY5p1Ny9gWMuCXPI6xeF1KvZqQdoq83fb3gzTwhhFn4K5mg5lW2Zt18LNIRzeYp3YyvCpUCBAgQIECBAgQIECBAgQJUDyW6pwwCxLZwoB7AhY2m10z6aH33mLjWefEpVMVj4aWwuoX59n/9IY96rRhSZzS3jSvUXL+ehoX2hoQ73/MvBucLGaE5omfOBcfUNrkCBAgQIECBAgQIECBKgSoHkxUACr3hswFnlj4gfVZJBphOSma7HPFdWPZYVNYZN0uCTLdlTLHJ5P8AWdURfEJUyM1mZYIV3TVwuaD8xA2M+5eKQ3yiNIPXyFjjeqKm8Z+yFoU1evh3lEsgQIECBAgQIECBBcMP/Gh/5Uq3So30TdqXhttrfeAnDzABCAg+CYavxEKbKRhvGzYEypVFrR+92ji1vmLU8nSQ/lBevAgQJZuUv/u0FCdwahpnxK57RmW1nBDLXDJ5GolWZ5U9GAdexIECBAgQL0m2V3h/8IXlB6GEkEWjgMqzbDlH4mQLWrWJFDCaitVhNUJbYBqsp2eL6IMY9Zy+0f3KqKcqOKQ1qf5HLyMDPwrX6jLE0ZhAgQJ/n8odYnaaa+Au0BLcZQw7LdL5D6ZTGItAYZQPzQQYka7Oo+SXSVlu/wCjCrm+HiBAjNC5uKbQQkgggggkJ7VlOhtde6EZCDQScJNghNSJAnGm8MS1jIKuoYeiEGxPnjG5WRYbqUk/yOXkKksFJGaIrqHDL2/MEBgjEECUWLBPvAoq44i1W+tcSzuaMu04k8WIBd4CV4lNElTymr/UrwGozUjrao4/Kj7bBekRz8IQoVGRnqqE9S59sAcvbzza9/pZCZE3IQQ3QBaszKPB+UzNoOg2Sb6ShDo3Y4KNa2sRPPWU77wTbsMAFCiHVXFdd5oJYafZP8jl5LUj8hLJ+QmPo3I4KkoyFOkf4/KaZGbxEVYtW0vVfDw8o0+HhTkJDJoOh1eCElJkY41trowwkhs8tjqalvECngvEdAavKiFVaNMQggmytx+JmLQwgZ1Jg0N2XdCmr0mCE2YvrxF5brdRX3TQzhSIIYHjdlKt88sdmvCKCmmyf5nLyJcGyQJsQqg+Iqo3kmHgS0SJzLk6n7ZvnlKZpQz+Lweb3jQ22iwFN/28Atp1O+iAFkIttSste5LWs65RCH7YY2IFnsS6bti1Nep0hBcQp5ZXlTZYRkC2wTHxmkY7DLl7G8ZOT0HoQj5XNPVmd05MNPt5RVWtspglQTVEdsJdg4mHIOt8soX5UGHaQdsQxofENwT2iHWVULs7qYgOrNwgw8QZ/F4fV7wYoAjqMPsNe/8A+JswuAC0aneC0fv1d9T3i+mzTL6MMPGRUDpvSX5hddv+dZSKutC+dZlWrhAerAEkYZlMd7DViDfWmmJsRz4ji5na5TtbRVRcPoLaaq9vA7HSXijBNQCJd8SzPEsu/Yhm7d9Yv52sP0g7ZhDj8Q1SHZJYiciKHQ9k5WbhBHxyMO0Mxn38Bh1TAUMKG2UvCYiJYzdAVOTy6GcpBBh1edOIMsi3L3294Qh7thIQRdjVESDIUJiAg63T9+5tKqQbXXdgwxUCggMnXTeLqjoHgC9DmFH7Svd5aRPoDdgvyGDTiyIL0WaO66Q2BBSv4tsgjZijGY5o9J0QQPwiEoesTnZmaE4s/H4XV7yvAlw+r8wIkmoTBTMHW9zX3l1C5VPgr/hLfvsqscrruYhBa3tTuakyHCWHPyE4CFr43dj6sUQamonK7xRfuMBpe7WdWGcBcoNcsowr0get21mIqX1UWWzfa/UzTLlXVmCkIBABp/LsEHbEBcITQ/ECm5Tj4l3YmTGbAudpnGfa8anzv9wIECE3yI2Y6Ls6kyZ9vHsD8MwNwPmCsQ61274OICqFwNfP6iqtTSex0nQ0nf02N8Q6qN1bGif9gDL69B2lmH4hCjNp9CnVCciCOEJoPiJaFbjDCNi71feAoQmoxBmbxDwq7aBAgeATthLS9JDN2jwvFGDjwLdPmFGnzK57kOmfwlyODCFjpo+8CuSukCYQfBNPSIdYZkQJsQqg+ILT8EfPvhrK2FqCprDCdZWm5BA8AhFUbaMVfjwqXbQthyyxCgtgftTqxQktBqy3Bbj4IQGJlyLDMHxDwQGj1CDD9IO2IZQ/Ew4bNQlZzuGZU/tkM3Cz2rACjALGBAgQwVo6JoXDgDiHAQWzroyCU1gxfvLRD3XHR2JWrB5RgOnrT9IO2YA4xiE95MRAgf3SUZMMowPD4rIpqU5uH+KiYOQjCK2f3w4gbBBSQsEANP6DZIE2YI4y0ofEQNONoaFe3JCxCKYx8w1Po36hWqiMLH5Y3m3D+AhZnOQpUXAUD/SNkmoCXuMvSqPSVZ2X6Ebe8B8kstHhm24pMrdz8hm4VCMQBUJtM2z+oQZsniQkwLxnk4JSq8XC5/g1hm0I2lV/WIYmV4gm0AP/AIJ//9oADAMBAAIAAwAAABDzzzzzzzzzzzzzzzzzzzzzzzzzzzzzzzzzzzzzzzzzzzzzzzzzzzzzzzzzzzzzzzzzzzzzzzzzzzzzzzzzzzzzzzzzzzzzzzzzzzzzzzzzzzzzzzzzzzzzzzzzzzzzzzzzzzzzzziTzzzzzzzzzzzzzzzzzzzzzzzxTzzzzzzzzzzzzzzzzzzzzzzzxTzzzzzzzzzzzTzzzzzzzzzzzzzzzzzzzzzzwjzzzzzzzzzzzyxzzzzzzzzzzyjzzzzzzzzzzzyhTzzzzzzzzzyzzzzzzzzzTRDDTzjzzzzzzzzzDzzzzzzjDSTQhCyRBjDzzzzzzDzzzQChRgCRDiSzBDCCBDzTzwDzzxwTTCjRxSBTzzzzzwARTTAjzyzgTwQBRywQhCAADDizji8AwzyzTChjTDTTyAQhTRwwQRmFEQzyhigTE5yTjCzjRGItTyGxDxSjyzyDxxTDAARTwznyKyQAzghCRTzyxjQDjSixhxe8zgTARiAQwRzzzzzxxQBAzS1tVRCAAgRjBTzzzzzzzzyzihjAqlyQAgCSBzzzzzzzzzzzzwyCTzuxyBhxzzzzzzzzzzzzzzzzzyxxjQwRzzzzzzzzzzzzzzzzzzzzxyzzzzzzzzzz/8QAJREAAQMDAgYDAAAAAAAAAAAAAQARITFAQVFhECAwUICBkaHB/9oACAEDAQE/EPIt+iFcmuayQ9j4UYa7kvGkDHuEBuZhv0bc5Sy66BQcI2JURYODgiotytx1yCqt8bCfsoeTBalUT25VOAuRcMm77//EACMRAAEDAwQCAwAAAAAAAAAAAAEAESExQFEwQVBhgaEggMH/2gAIAQIBAT8Q+xbaMqTWD6NdAefShiHcl4xA28wgZ6x+jr5mDZrgKBJHRUFAOx2ItyZ5VwVVujoT7QWWDkKJs24QCNw6J53/xAAtEAEAAgEEAQIFBQEAAwEAAAABABEhMUFRYXGBkRAgQKHBMLHR4fBQYHDxgP/aAAgBAQABPxD/APa9/wAfZ0Lt1dsK8Rp70cDdg4CZ/wCjxHv1bL1rPcUfAa7qeDl+a/6Bzc4RXaKGnbM1NfHpGu6FXD/6s8+fPnz5v+Ps6F26u2FeI096OBuwcBM/V+WV/TTxHv1bL1rPcUfAa7qeDl+a+pJaSZjov02c3OEV2ihp2zNTXx6RruhVw/VZz1KeR7p/+iefOR9SgufB6/6P58qDqmTcG1/8J/z5fv8Ayyv6eSzpoZ7IIPVgkfU+pfvyWkmY6L9JhB6xQerDxdAF8MCMExwlMva2ekeEeRputhV8q7aeGG4qDpkwbFsIsmzFVznsC6Y7/TZz1KeR7p/oRAUANViwFwFd4yV6y7B4yL7B+WGUpqwOKYg8W2Iz43YdKi9Qv2eYql1VtXea5dJV5Y1sD1L5RfgVxs8WGOojccpYIRrqDgfJBJSsRw9Po8j6lBc+D1+v7EPjt4GZXdFF9hqiBIuQy2Uyx+88onq5jFMWU+hqY9LmKl/45jBSb1g8GhA3Z50lXA5+IXC1lTHJ6ulr2hJt1CveQZragu3mEkfcX6BQdUybg2v6n5orJH7w5AsK19mQGUUUWuXv4qGXnaC94DILVg+8scHVTLt0iBzgOh50IkTrWKdGsD4hUzHhwmEX4zBP2MHpgh98G/4h+UXBP7/5g2/3P5hEU56ipg4aJTzMRHWWW8zLGYQft9O/flBm6YIOVWBGXaomOchVX5cEUm5G16QwRAAU4p7DSGX4mAvZVsMF+mYerHt+2avbSZXqdE0wawPeC5/hc+0u+PiiaAd31feOWo3P9I5KLfn7Q1ovV+8AUatLoimkerHRPiizh4CH9IQfX7c/+Ahs/sIfVXmBYRu5DSfhvo8wEz9UZPMGr3Fft9E/fsA3mgbTwERX0oqtbktmKiQowA4iFqe2YKZpWntLuGbGp8BFVUtdVi38NZ4lRt25YPcgKI5qHyy92TI+xAPeJSYszpHL82wg/VAAAAOCixclf2BqNeZdzMLZJRhl0J7Jrk/Wfv0klNKVIOtm0Zwh8NeV6nCnUCLCiJrgQsc42w485csxouHLswU8aI38Fv4l0TtzKYUW8omtKZXA+kolxopR7S3FF0EC4HtCCD9EAAHR+gAAHDXIsVP9oLZgC/och7Tbmsk9uv6b9+jAMDwFx0u8dOCCtQ8x0RKOB2Os0hMAC1WmMu5TFmVzoDLa9/MHckMZ7ujwIUhrVCe8ucksGfAuWrB30HvKBU0VD0XMjqAVFzW1VuEBCD9MAAAdHzgAEIwAIECGtDSxUJh+qFAdsWVLVfsU1jFnQz7DGLjZrnz7+pLUVq0KvsMre3HdbthiPC8shZUdOa0LXdTHquMCiZBYRwYcEbqroQfZrnMWaLd1/uJhbeGh/eYsg0pfmXeYKpPzQ8AV6Z4qpgWRlu98I/vBmRg/clocjxs1L2TZgHT5QDo+B0fOAAfAEKwAKIECssDTMUQTrGnrCAI0H64aENzOph9GJTrzdnmoaF8ylZwkDIG1KZNvQ03jRIFavZtldxEaV4h7wAII6J8jiNYERa7x8A+AYSgXWmJqcNiRK9ISomqzooB6ShZW5s/ptN2ABr5xOmJCn5HAFYxX6S2gcHA6EH0OEs+xFEoiWJ8Do/SAAAfo3pF6N6p0rylDJeRgtyCxZyrG18esW4E56u9UUydrdWX+ZW0VCSBh0PEHrFyRyXbQCCUgQAnR+ZuKKAHnRHbKct4yEB4KPkBq/s42suyBvBKJyQTBvGzmWkjaI6kMSwNxph9E94P9xreDVAfG/tGVsjrngZWw6/yvxBWgtYLtt4QSGqUC1pLW7DicR0RdJs/MADqgr1KPSjUK9CpS/ebmmHwQuJ1ToiCZqFAQ27Ky1f7vCKs1lntjwSppLhVauCmBF/ojIrEh7tFBHA2KFJycxDyNWWhTQg4rXpZDodGYuDpRm33q/LAyi37VOf7kqV4yzMm+sI5uWfAzEFhK4CCjbiKQImo/A7lFdWMAQ96+8MR7gjf4Y9tw1ezs29IFp6lnxMt8b4QR6uSBfVDK2icxmUgYcmaLwQZamxzRlcJOj4FgKmn6EhYB6MwuJ1zpnXOmdMsk0bAR3TSqzt/hLrmC2Sl8GxHaJIl4QwrYacGHunviClS6UtjlYjX68l9nG7GXOkChqosDVqajbT76HBAiEOCBLPkBhV1BhEpJnxcWhujqBHiOTBgAbe4aSblUsZmIrJnHIYI17TcX0SUy9C9di9wMMLoqzq41JNaT8DqZk3IchxvVNeYhEfeGrJUNPq/EdE1MBIrXm0Z4zVzTsxJwOgJgeLaGYOq9K3lBiP8AMwYEdQAy3SBOG2hXsYs7LgQMdn2QYckoH7tawk4WJYzrm7UR6JbAEJPQw38vxAvYDkgoiuCOhnAKi0tKwZ8BHrOEpGqu0A3FCRWLd44IHE3Gi8Pg8uYCIGACggQoBslZXmGiEDNQcDT935cGCNSAZejtMtyWmo3EHQbj8wcjDwLeWAhNxCwyhVYHkagqFy3vBZYIITUWgmOd4UQ3Lks3eXbFf/YZyQnE3J+KAGYz40g5hbNYjJ0m5EC5Nq/wvXwSMsBqJoymYztv4y/WdU64sKGT93RgviBExQaArYMVEBRvjiUtqOFsqIgYsBhtQ2nROiBGFHdu384GjQ5IYIoqUrAU1CLRC9Hg8PEYl63T4sHtiUJcnCAyujEJk1DF6EN3HTV4iVcA+RnKmVa3BWiDSLan88ZX8gAKSJgW4HIvqJSLuGKFaBTHSp8N1DKspMIy/wAmaA4Ep6yrYEo5MPMA1zKonMq9k0IaVcMwLyhigpRp2cMVsC0M9f5fARcwkgWh2uvWEHEdEnXFa/q6/PI9S0PFO+WMudl64VNGvkm8FjAnUqqXi4GAGydEtmesnSDqqUtVbWEmKC8QgAAascuDRsPLB/jfl2ByppS4KfZhN3MGSGVLDVXLCKUWuIP5mC6v08EeOTVWCFhjS4OXcN/SUXJVaUCGuDvGyiQHR/uhD8rUCLBLe0NEX1FdF3D9MWiUZXfMairbTtKpU1eR4dJVENHEJ0fgIB8hG0Z0lKm8D2mOn7Tah9noFiR2p4Oe05/ZCqCmUusKTBg+kq6mec1rlrGFEX7Tt2oyaOO6hXkB6JyJBYJgpR933hLVXeSvtjFAOq2DvU94jGJyq2s6ImnLoYV/BGsmLVKkVdx6EcUAFg5Zmd6ao3zLXjEMGm6SNzTPG8LLXBMnUNjj5d4+OA0GA8E0hmX03P8AEW0ug3ioMpZZVkEXltaBGUiX/bmDRiHJbtmDfHzoCkjARnmAWZ1F8dYu7VYUZW6lbCvyRarKoK/XaE0fch40zDLEn3UH7JrRGhOzKrzdDXEqZgARKRMJAMJR0BSiUm1TgOyOGBZl0Fn/ACKj0EvOB3FUGtghdWECtNBgPZAEFFYlzwmpOiBxAKFIxMlUl5ljgh4OiIkZK4fOiYhm41wBja84gOzFgGgBDLB1Dq/iKrvePLvA50gNlcjSJKOd3r/UtVQ4A8sY4VnWvzD/AH8oNMBHCEWR6O75jUiggdOCCA/RQdSDtjMJEX1M2l9QMDDY3GWr2tWLzs9Imemg+ruespo+7DpGpvD+hNCo+0Yb8qHCBWYkmvFL+7m5G8NTFK4524DUlDxNixCGC0pDUeXLtBdBht6Lym7ZHpAEvdDkdhjIQ4ARXnSLjhTOOHlj4MhS6poeNYG10DyCsp7l8p/irmYLN6jxxMrYq8wKyHEMrxtj+YfWsAIdva0X5OIuFlJ9LGVli+0jHlbJegqitOV3mHJA2gAAOobQ/VApg0dfUstl6lpC7i4X11DzognQ+Vovc1JQeKGjBgBozOjlAqBvCKImv3l8kFjRjwWlV+Ak7p2nDHq4EZjOpIoYEgkIDZndhmd4qZeaWQ9XB6JdMjXg8sylB9v8y3B4lmrXYgktPRr/AFLxRXAlaRZca+CHdPyS3i9I8RkBV6d0fA1svQNCK4kCCYiHEEAGPoSsI8ED1LPS+oluu4yky2xAACFM6dbfWWmCFgTpgOnVgoglHMepXA3fu/IAGxKpm+qUyeDC91qaJQvoVAvUxLNI2RpADLBlFHL8EGjy6rWWbpusB5Yjs3JdX8xwp4z6fBgI/YMpKdt4xAUogzArqGQSoAKCvpC6EdCLlnC+pdQu4QR7wV9m0LklQUTxvHSTpRHoyoBmCCY5b4oBsSqCIo3GPewbfa/xAvLCBYBa1oeWANs+0QG5dAIHrLld+TiByDL93dmiV7gXTaNHfVl2sakqqDBldQah9RqBEwluWIL6iMq7gmULTV4ma+fFdG+dGEBPNDoqanpRuGYvXnuVpN/GLPE9oqUiy/cEilwXxELbwHL5YAAAGxKaD1w34hMgc704izw1fv5XeOhLcoaXitoNArqBgGJpg+rQSkjARnmATL6jeMt7QzEugKesYqjgrMKKrUDBD/Vmdk9wUmj3CqxFS9RGaD+DCDC06uxBqUe29+ZQW1otvsaRVmRRqd/xBq6BQjYgrqGgSoBQ+vQdSFojMPEX1Fmy+oRdQCi5EKpbXvovq8RH3lhNme4Tlsd4Qi37oi2cOC1jkb1Lz5cwipsKAS4G47PlgCD2gKhjqBUB/wAQSmAUVfUK3XUEYAiNhiCiyDJ70+1RUtNBYbOqfePCKxwIxHbJV6Af3NWloPfgww6RqdG8NJiAFBCjGAEaYP8Aj6oQpwm1Iq6HtNMX1AvdYfUmpTg+y0U7wI41RD2XeUCwWXANB/zNSIzYjZGwCCYP/BP/2Q==","provType":"MONITORING","date":"2018-03-12T10:59:56.217Z"}}},"provision.device.location":{"_value":{"_current":{"value":{"position":{"type":"Point","coordinates":[41.39528070632243,5.893936031101072]},"postal":"28033","source":"GPS"},"provType":"MONITORING","date":"2018-03-12T10:59:56.215Z"}}},"provision.device.model":{"_value":{"_current":{"value":{"name":"OpenGate","version":"1.0","manufacturer":"OpenGate"},"provType":"MONITORING","date":"2018-03-12T10:59:56.309Z"}}},"provision.device.name":{"_value":{"_current":{"value":"CHD_DEV_9 name","provType":"MONITORING","date":"2018-03-12T10:59:56.307Z"}}},"provision.device.specificType":{"_value":{"_current":{"value":"CONCENTRATOR","provType":"MONITORING","date":"2018-03-12T10:59:56.299Z"}}},"resourceType":{"_value":{"_current":{"value":"entity.device","provType":"IDENTIFIER","date":"2018-03-12T10:59:56.31Z"}}}},{"provision.administration.channel":{"_value":{"_current":{"value":"default_channel","provType":"MONITORING","date":"2018-03-12T14:56:53.875Z"}}},"provision.administration.identifier":{"_value":{"_current":{"value":"entity_ogapi_srch","provType":"MONITORING","date":"2018-03-12T14:56:53.873Z"}}},"provision.administration.organization":{"_value":{"_current":{"value":"entities_organization_searching","provType":"MONITORING","date":"2018-03-12T14:56:53.876Z"}}},"provision.administration.serviceGroup":{"_value":{"_current":{"value":"emptyServiceGroup","provType":"MONITORING","date":"2018-03-12T14:56:53.874Z"}}},"provision.device.administrativeState":{"_value":{"_current":{"value":"ACTIVE","provType":"MONITORING","date":"2018-03-12T14:56:53.882Z"}}},"provision.device.identifier":{"_value":{"_current":{"value":"entity_ogapi_srch","provType":"MONITORING","date":"2018-03-12T14:56:53.878Z"}}},"provision.device.operationalStatus":{"_value":{"_current":{"value":"NORMAL","provType":"MONITORING","date":"2018-03-12T14:56:53.88Z"}}},"resourceType":{"_value":{"_current":{"value":"entity.device","provType":"IDENTIFIER","date":"2018-03-12T14:56:53.882Z"}}}},{"provision.administration.channel":{"_value":{"_current":{"value":"base_channel","provType":"MONITORING","date":"2018-03-12T11:24:57.301Z"}}},"provision.administration.identifier":{"_value":{"_current":{"value":"test.location","provType":"MONITORING","date":"2018-03-12T11:24:57.305Z"}}},"provision.administration.organization":{"_value":{"_current":{"value":"base_organization","provType":"MONITORING","date":"2018-03-12T11:24:57.307Z"}}},"provision.administration.serviceGroup":{"_value":{"_current":{"value":"emptyServiceGroup","provType":"MONITORING","date":"2018-03-12T11:24:57.308Z"}}},"provision.asset.identifier":{"_value":{"_current":{"value":"test.location","provType":"MONITORING","date":"2018-03-12T11:24:57.317Z"}}},"provision.asset.specificType":{"_value":{"_current":{"value":"WORKER","provType":"MONITORING","date":"2018-03-12T11:24:57.314Z"}}},"resourceType":{"_value":{"_current":{"value":"entity.asset","provType":"IDENTIFIER","date":"2018-03-12T11:24:57.317Z"}}}},{"device.cpu.usage":{"_value":{"_current":{"value":15.2,"date":"2018-03-12T11:08:54.418Z","at":"2018-03-12T11:08:54.418Z"}}},"device.description":{"_value":{"_current":{"value":"tow_truck description","date":"2018-03-12T11:08:54.419Z","at":"2018-03-12T11:08:54.419Z"}}},"device.identifier":{"_value":{"_current":{"value":"tow_truck","date":"2018-03-12T13:40:23Z"}}},"device.location":{"_value":{"_current":{"value":{"position":{"type":"Point","coordinates":[-3.7028,40.41675]}},"date":"2018-03-12T11:08:54.424Z","at":"2018-03-12T11:08:54.424Z"}}},"device.name":{"_value":{"_current":{"value":"my tow_truck","date":"2018-03-12T11:08:54.425Z","at":"2018-03-12T11:08:54.425Z"}}},"device.ram.total":{"_value":{"_current":{"value":2048,"date":"2018-03-12T11:08:54.49Z","at":"2018-03-12T11:08:54.49Z"}}},"device.ram.usage":{"_value":{"_current":{"value":55,"date":"2018-03-12T11:08:54.491Z","at":"2018-03-12T11:08:54.491Z"}}},"device.serialNumber":{"_value":{"_current":{"value":"READY","date":"2018-03-12T13:40:23Z"}}},"device.storage.disk.total":{"_value":{"_current":{"value":1024,"date":"2018-03-12T11:08:54.476Z","at":"2018-03-12T11:08:54.476Z"}}},"device.storage.disk.usage":{"_value":{"_current":{"value":55,"date":"2018-03-12T11:08:54.478Z","at":"2018-03-12T11:08:54.478Z","scoring":{"qrating":{"version":"1.0.0","ideal":{"label":"NORMAL","value":5},"max_allowed":{"label":"FULL","value":100},"max_desired":{"label":"MEDIUM","value":70},"min_desired":{"label":"FREE","value":0},"min_required":{"label":"FREE","value":0},"max_score":1000},"performance":61.53846153846154}}}},"device.storage.ramDisk.total":{"_value":{"_current":{"value":2048,"date":"2018-03-12T11:08:54.48Z","at":"2018-03-12T11:08:54.48Z"}}},"device.storage.ramDisk.usage":{"_value":{"_current":{"value":55,"date":"2018-03-12T11:08:54.482Z","at":"2018-03-12T11:08:54.482Z"}}},"device.temperature.status":{"_value":{"_current":{"value":"NORMAL","date":"2018-03-12T11:08:54.495Z","at":"2018-03-12T11:08:54.495Z","scoring":{"qrating":{"version":"1.0.0","ideal":{"label":"NORMAL","value":0},"max_allowed":{"label":"HIGH_CRITICAL","value":50},"max_desired":{"label":"HIGH_WARNING","value":25},"min_desired":{"label":"LOW_WARNING","value":-25},"min_required":{"label":"LOW_CRITICAL","value":-50},"max_score":1000,"conversion_matrix":{"LOW_CRITICAL":-50,"LOW_WARNING":-25,"NORMAL":0,"HIGH_WARNING":25,"HIGH_CRITICAL":50}},"performance":100}}}},"device.temperature.value":{"_value":{"_current":{"value":15.2,"date":"2018-03-12T11:08:54.496Z","at":"2018-03-12T11:08:54.496Z"}}},"provision.administration.channel":{"_value":{"_current":{"value":"default_channel","provType":"MONITORING","date":"2018-03-12T13:37:03.022Z"}}},"provision.administration.identifier":{"_value":{"_current":{"value":"tow_truck","provType":"MONITORING","date":"2018-03-12T13:37:03.015Z"}}},"provision.administration.organization":{"_value":{"_current":{"value":"organization_UX","provType":"MONITORING","date":"2018-03-12T13:37:03.023Z"}}},"provision.administration.serviceGroup":{"_value":{"_current":{"value":"emptyServiceGroup","provType":"MONITORING","date":"2018-03-12T13:37:03.013Z"}}},"provision.device.administrativeState":{"_value":{"_current":{"value":"REQUESTED","provType":"MONITORING","date":"2018-03-12T13:37:03.117Z"}}},"provision.device.communicationModules[].identifier":[{"_index":{"path":"provision.device.communicationModules[].identifier","value":{"_current":{"value":"COMMUNICATIONS_MODULE_1520852555952_6254","provType":"MONITORING","date":"2018-03-12T13:37:03.111Z"}}},"_value":{"_current":{"value":"COMMUNICATIONS_MODULE_1520852555952_6254","provType":"MONITORING","date":"2018-03-12T13:37:03.111Z"}}}],"provision.device.communicationModules[].specificType":[{"_index":{"path":"provision.device.communicationModules[].identifier","value":{"_current":{"value":"COMMUNICATIONS_MODULE_1520852555952_6254","provType":"MONITORING","date":"2018-03-12T13:37:03.111Z"}}},"_value":{"_current":{"value":"MOBILE","provType":"MONITORING","date":"2018-03-12T13:37:03.114Z"}}}],"provision.device.communicationModules[].subscriber.identifier":[{"_index":{"path":"provision.device.communicationModules[].identifier","value":{"_current":{"value":"COMMUNICATIONS_MODULE_1520852555952_6254","provType":"MONITORING","date":"2018-03-12T13:37:03.111Z"}}},"_value":{"_current":{"value":"SUBSCRIBER_1520852555952_947","provType":"MONITORING","date":"2018-03-12T13:37:03.109Z"}}}],"provision.device.communicationModules[].subscriber.specificType":[{"_index":{"path":"provision.device.communicationModules[].identifier","value":{"_current":{"value":"COMMUNICATIONS_MODULE_1520852555952_6254","provType":"MONITORING","date":"2018-03-12T13:37:03.111Z"}}},"_value":{"_current":{"value":"MOBILE","provType":"MONITORING","date":"2018-03-12T13:37:03.106Z"}}}],"provision.device.communicationModules[].subscription.identifier":[{"_index":{"path":"provision.device.communicationModules[].identifier","value":{"_current":{"value":"COMMUNICATIONS_MODULE_1520852555952_6254","provType":"MONITORING","date":"2018-03-12T13:37:03.111Z"}}},"_value":{"_current":{"value":"SUBSCRIPTION_1520852555952_6391","provType":"MONITORING","date":"2018-03-12T13:37:03.103Z"}}}],"provision.device.communicationModules[].subscription.specificType":[{"_index":{"path":"provision.device.communicationModules[].identifier","value":{"_current":{"value":"COMMUNICATIONS_MODULE_1520852555952_6254","provType":"MONITORING","date":"2018-03-12T13:37:03.111Z"}}},"_value":{"_current":{"value":"MOBILE","provType":"MONITORING","date":"2018-03-12T13:37:03.1Z"}}}],"provision.device.description":{"_value":{"_current":{"value":"tow truck for operation","provType":"MONITORING","date":"2018-03-12T13:37:03.025Z"}}},"provision.device.identifier":{"_value":{"_current":{"value":"tow_truck","provType":"MONITORING","date":"2018-03-12T13:37:03.2Z"}}},"provision.device.image":{"_value":{"_current":{"value":"data:image/png;base64,iVBORw0KGgoAAAANSUhEUgAAAd0AAAFeCAYAAADAGcUYAAAACXBIWXMAAAsTAAALEwEAmpwYAAAKw2lDQ1BQaG90b3Nob3AgSUNDIHByb2ZpbGUAAHjalVZpNBSMGn5nhhmMrTGErFmyZ0uyG2SJrNmzjbUYg7GVUNkLIUooW0SSPiQRWVqIkLIUkpRdspdl7g/3u98993znfOc+v573Oe95z7v8eB8AbK8rmeyLBAA/EiXQQp8gYGtnL4AZAhQggB7YAO1KDCJrm5kZw98DAbA+AAgAgH5pVzLZF/4/MAXa2tkDIAQAAO+1xxUBAO+2xw0AAB9KIVMAEI4AgCd6u7oDIMgAIBVoZaEDgMgFAGavPV4BAMxue7wRAJhDiF4UAEQXABpHcvchAWDGAVDM7h5BRACGJQAII5IDKQBYbwDQ8vPzdwfA3gMAMVs7e4G9NoNzADS6AZA8f2n2lwEqogDwUn9pok8A8G8BGkf/0lYsAAEACI6eIE8F+b2tMRIAaMeo1BVRAEw6wE4albpVSKXuFAGgRgCe+xKDA0P+3DGCCvBP8d6c/wYKAYAEgCakByqaph2NxKjSJdBXMfxg5GQyYQ5nKWcdxzGx6eK92bM5nu2f49rHrXrAhSeWt4yvk39BkOGguJCOsJvIOdHsQ5VineKfJFakkNKcMqKHVWT15ezlPRSCFSOPXFHKPFqgXHasWuWpaqtah3qvxqDmqNak9gxhSWddd/c4Up/egN6QyYj+BOYE1XjDZPHkV9Nhs07zJosHlnesUk9FWwfYuNmestO3V3OQdRQ7LeDE7czpwunK5XaAyO8u5CHuKe2l6K3qo3PG6Kylr4OfO8nPP5QcHZAYmBGURykJrgqpD20N6wrvPzdyfiJi9sJi5FrUZvTOxd3LiBiIRcRS43bitxI2E9eTVq+sXF1K/pEynzp3bSZtKv1bxuT1iczxrM83Rm9+yh66NZjzPvddXs/trjsd+S8L2gqbixqL6+7WlFSWlt8rLssvz75/vSL5QXxl9MOwqoBH3n+4VFvXmNTqPFauk34iWM/xlP7pTsNi4+dnPU1NzZXPc1oSW4PbXNtNXii/FHrF9Grz9XhHZ2f1m9yu2G7SW5sezV6xPta+X+8m+t+8r/mQNxA/GDDkOKz/Uf4T3wh2ZHP0+9j7z+3j1V+KJjK+Xp4M+ub23XJKZ/rIjMgsxxxmbnN+duHTYveP5qVHP4uXb6wkrV5YC1j32LDbNPlF+H10S3pbaIdrl5WKoVIBoAlJQQ3QCqMTMD30Igyh2FamA8z2LPmsUzhRNn98Cfv3/UKcDlwZ3G0HtnnF+Bz4Lwk8EBw4uCMsKEIQJR6KFMsTr5XolZyU2pLBHuaXlZbTkj+hYKvodsRPKfhopHLMsUSVFNV0tSz1Gxo5mrla+dq3CQU6d3QL9AqOF+sXG9w1LDC6eSLVONKEfNLGlGAmZs5kvmzRb1lndeNUmLWdzTHbA7bbdp/t2xxKHVNPhzkRnc1dCK5H3MSJfO44D3qPXc81rznvCZ+PZ/rOdvq2+DWQqv0fkEsC8gNvBV2npAYnhsSGRoVFhIecCzpPijhzwTPSLcop2v6i9SWLy6YxRrEGcbrx2gnqiSpJSlcUr8oly6RIpYpfE0sTSRfOELzOn8mbxXOD+yZn9v5b7Dn4XFwe7jbLHZZ8pgLGQmwRQzH9XboSTCntPdoyVDnyPlRAxe6D3crth1tVvx5t/rFevVqzUvvz8VLdwpP5+tmnMw3TjVPPppqmmqefz7TMts61zbcvvPjxcunV8uuVjrXOtTfrXRvdG283etZ71/pW3y33/3g//2F6YHJwbGhouO9jx6eWkbrRyrGCz5nj8V/CJ858tZ80/qb2XXqKd5ppentmbvbj3Kv52oX8xeQfoUuuP42W5Va4VnZWJ9ZerJdsJGx6/tL7LfB7a2tgu2InZteWKvlf9+dA+2AK6dYYVLBRjN3MwKLLGrGvAfcbL88eyJG3v5+Tyi17wIknibeWb0SAVlDkoJGQh3CcSJ5ow6E+sQXxHUm81EHpozLah81l7eV85P0VzilGHolVSjiarJx6LE0lQzVDLVP9ukaWZrpWhvY1QppOsm6yXtLxJP04g0uG541IJ9yNzUy0Toqb4ky3zMbNX1uUWSZb+Z8ys1awwdms2X6we2x/0+Gco9NpgpOYM4vzustn11duj4jZ7pc9/DytvQjeEj7sPtQzs2c/+Db73Sdl+l8k+wbYBBKCpClcwajgxZDh0Lawh+E3z8Wc94uwuaAdKRnFHrUTPXWx59KTy/kx8bHkOOt4jQThRGzictLQledX7yZfTQlMtbmmkSaUzpC+lDFwvTGzMCvphv9N62z1W8I5jDkruSN5bbcr7mTmRxX4FFoWaRSL32UvQZQslo7ee1PWUF5+P6ci+UF0JeWhd5XTo1N/mFTr1WjUHn0sVyf5RKRe8ClPA1cj+zNcE2sz83PGFmwrtg3bjn3B+JL5Fetrtg6OTu43fF1C3eJvD/co9Wr0HX93st/2vdsHv4GwwZihtOHbHys+NYx0jA6Off+8+gU1gfsqOCn3Tfu7xZTbNGUmbjZ77sF868Lg4uIS+if/8rEVq9WAtWvrVRvvNtd/82zpbZN38na7qVSAvX8HAIBCAxR5AdjKARinAeQxA4gaA7DxAJgxAVgdA6S0JSCFmAExGQ4oCAMkAKCACXhBAcyAAnegF0GHMECkIkaRCsg05AbKEzVK40gzSRuC3oeuxbjRcdF9pC9mCMNaM6ozyTCLsUiwKu0zxYWyPcSvchjsv8fFxh3Pg+KN4acXSDnIJVQuQhAdF4uTUJSckS497CenpoBX3FD6pjym8lVtXZNDW1cnQq/RAG1kZ1xrym2eaIW0jrXDOZQ5nXDZID70DPTR8uUmUQOWKT9Dt89zRKpfDIypT2C9Ep7yMz0siyW7Os+j4GDx/L3nFberYmoCnrg3nn5u1+7w2rsrsjf3ffvQ2qjMF/9vdbN0i87LTRtCWylUKgCgAAtcIAV6QIQEqIZJBA/CHpGPWEBqI2+jkCh/1Dcad5p52kg0N7oZ408nTrdA38iQiQ1n9GRyYnZm8WaN2FeEG8NLs6dwUDmjuLEH8nlV+YYFQg5yCrWKBB+SFVuVaJHKkgmStZc3VNRWIigbqzirRWgUavXp0Oud0M80nDbWOXnPnMPyqjWjbabDodOtLp5ENo9O76SzVqRDAaigmZDh8P6IgajJS7/iOBKVrxJTM9N7s9iyXXPr83mKrpbSlWdUSj56X5tSb/dMuUXihUTHke6TfcEfKod/jdlN9E65zDMufVhr/t31n3m5QQYMwBtSoRF+IMQRZxE1SBqkI7IRJYK6QYOjyaQVon2KdsRgMM/oIukNGfgZqNgZxjGmEeZJlrV9bDhdtnj8CIf2/jouVe4uHh8+Fv4GQX8hKeEV0XaxfIk4qVCZQNkw+UTFEqW3x5CqBPUUzSmCsW6zvqbhG2OiKZ15vVWwjbo9i+O88zu3Vo8G74az7aT+gOlgZJjgeZ1I74vXYp7FL12RTDmb9uj6zk3TnNI7NIWed9+WqVTcrxKovlW3/2l2E19L6Qvl131dAb2c/W2DlE+HxsYmsr6fnEUvNP4krfFuvtj2pFIB9jwfAAAw6LqSZOVkFWSV//RMDKALrkACWZADWVAAWVD++8T/HxSPMAoAgI4/OTzQx8ubIqBNJvt6CBiSiDJSAvKy/1R7z5MCAKBZAXJ9AQBaah4v/W/evwCaYKZkQekCUwAAACBjSFJNAABtmAAAc44AAPaBAACHdgAAcHcAAOlpAAAxdwAAGAvguMoIAAPXJklEQVR42uz9d5Rk+X3dCX5+5pnw6bO8r65q341utEE30PAgAHqKoEiRIkFKooaUNDI72pmVjnTO6JyZ0WhH5ox2tZJmNGeXcoQkUhABEoQjbKOB9qa6uryvSp+R4Z77mf3jRbqq6iZIkRJMfHES1VUZ5kVk5Lvvfr/3e6/w3jOqUY1qVKMa1aj++Evf/A9////59265kRACgBOvvsoHP/whlhcX2Tk5zdjsDF/47Oc5+eor/OTHfoqoUmVqdobzZ8/w6GOP8ew3nuaNc+d4/LHH2Tm7g1/7//4L3v7YO7h+5TJHjh7lgQcf5F/92r/k+Ree5+//o39IGIa88MKLXLpwAZMbpqcmuOPwftqdHo889V6CIOTKhQsopQi14srZkyxcPEejGjE2PY2uNmi1mlTiGvVGgyBQ/MIv/lkQksHaKh/8yEf4+F/8a1Rqdf7nv/F/59TZcxw+cJBAOnS1zs/8qT/NM1/7Cl//+lf5+T/75zl46CCvvvgCp14/yY//zE/zO//xN3nj1dd43w/9CEcPH+bcmTN8/etf430f/BCz09N0BgmnX3+dZqPK1PQUl67d4MKZc0yNNZBScOn6ArHWVKsRl65c5ql3v4elxUVWFxf48I//SToLczzzG/+SIIpv/9MSAuFh4eJJ7j5+iDHRRSSLLOWS+dUB9x0/ynQrxJuU7vGfwsXj4D0e6Ny4QLMRkV49ycrFU1QaY4wduIuit0K9WEOaASaoUTt0LxN7jnC967GLV2iqjMRY9j74BNdeeobFCyc5/MSHkaFm7fpl0uVFit4KeW+Nq7VDeCHf8gMn8Igio9Uco1qLGPTW8FnC+OQkeItEkq4tkS7P0ajWqU60iKSg2mrScQGXO3Dj2g26q8s8+OgjKK3/wB96KSXTzQasLhAEmkYVmmM1RKuOa8b41QWC1Q7ing9x/o3zfPLXf5O5axc5evf9XDt3ivrYOHG1SW4K8JYojDn92itICXlnjcbkFIPBgHoY0u20UYEmrtSoxhHOOxxgCosSjv5gQJqkNBsNxqcnGXS6OO/Zd+QIF86cZs+BA4RxzLnTp3nkHe+g1Wzy3Dee5uDBAxy/606u3bjBpTOnCcOYo8ePsTx/Awf01jp02is8+MgjTM9Mc+PaNRwgnaO9ssKuo3cxufsgJu2BSem014jCkEALbly9yuyevew4eEh3VtqB1lrZIne2MG5q1yz16Rln89ymg8QFzWnmT7/o1xYWGJ+ehSCk1hyn3+/TvnyK3btm8JUa1WYTVzjC8Z1cfuWb+KyP94ps0GXv3Q9QbTa4dvI1Gnt3okXA2qXzNKZnuXH2FINuxq4770ZlbbwOiGpN6rN7KQpPPLkDXxT4ZA2TJEiXIluzyKgCLsAVGU64P7oTZqXJV//1P6MaB7T7PV58+QRvf/9HcWeep3PxBAfvuY+isBx67AMoVzBYuE4gciZ37+S3X1lieWmFj338F/ni736GcZXx2Ed/mGLxIqunX6fb6bF24woH7nuUSrNBng3oXHwZl+fsnorQa0vklVnU8XcyMA4B1I8+NkKx73bQHdWoRjUqIQRCSiOERCrlnVVOCGeFVKCUE0J6ISRCKRhelI9qVKMage6oRjWq25TSQdlRcUVdSBcrFSilg0AHUgupAldkYbK2Uh102lVjigjnjJbSDFal18qZIAiM6fdMYQor8YXSQV8HYVeEYU9HcSGzfATGoxrVCHRHNarvrwrCgDAMKkqrcQE7lZd7ldY7Vq5fnG3PXdvXXl3eG2hVFULIQCvtjVVIoa8mHXXmjROBQATGFEoUxgWV2Pe+1fN5lrvZmRk3PjnmemtrXgaRTfMsXZu/OkgyMz81PX29Wqsua+9WVaAXfBDMqSCYx5klqcNlISQjJcmoRqA7qlGN6ruvhmxSCCG0VjFCTOPcQanUHXi//5UXXtxX5Gb/2urqTBSFtdyaejZIKo1Qxc4altsdCuOpVStoZzBZTlStUliDNQ6kIisKCmsJ4wiTZdg8R3hPrV7FG8vY5DhxHLHW7YMQ7N49y/hYy2eFzecvX0qTJE2mdu1Iqs3GWrV2+nyR9E/rKL7gHWcR4ryQckEIMRj9MEc1At1RjWpU30H4KpBSCiFE5L2vWmt3JP3+UaQ8Onfj2pELZ88dTwbJAbxpDXITD7I8yNJUKWtpRAEOcM4SIVgLJFUtqStJ4Tx0UvCOSElUN0EbQS4dUmuUh24BifXUQoWOAgpj8WmGk5LOyipWS4wVSAk3zp5n3jlRIKJTnkgp2WqOT9AYbyIC9YDzuIqU+c59u7Jaq7l68cVvXtx77OiLHl7w3r+C4IoQYiCEyEY/9VGNQHdUoxrVf7GSUqKUUkKIZpoku5aL4m15UTzx3HPPP/S1L3/lwMrSyljhnFJaC+k9znmsswgpibVEWoOWjqrWOCfx0iOcwzoovEYKRRwLKkoQK4eXAR6BMx6tNT4IaUmYFJKuVxQOQiHwxmC9RUnIvEBqaDiw3iOdBesQ3pFLTeEcC6urLCwt44wjiEIZBTq+fP5yXKuELa3kgUuvvvZuH2g7uWfvqlKcnJycfK6apy9IxKtCqstCqtXRjHhUI9Ad1ahG9cfCaJVSSiu1p9NuH3SdzkOrq2tP/NZv/qfHer3uToNHopDeUwk1sVZ4HEIKIulBluw0DiShjgi1wHiJFyFCVKmq8hGMiggCRS2w4AWJ88gwwIcxVeeIEAxkgMegJMReYI3Aek8YKbwVeAcST+oVoTAUjvLotCb3Dq01rjAIJUFbdAwISaYk5AWD9oCIgs7SIqkIlX/+1alAynfuOrjvnTt3TFEN1IINKl/N1pY/VYvFMwTBJSFkMvqUjGoEuqMa1aj+M4AWlNYEYdjqdbsPXzp3/gMrq6vvOHPm7IN5mtXRmtxaQq2IpEA6i/cgvaEaBFTDEOccComRmtx64kAxVQ+JKxGp9XSNJ1MVpPS0fEIuNIXQWKkR3pYs1jpsUZAKj3QCgcdgsTZHeYc0AgQYBIUxSCHReCyQWofzBrzAK4UXijwvkM5iUQglUKGm8AJlLFEU4mKJdRAUPfASg8B7x5mTZzhz9ir1WMxMx/zE4oWzP7Hz4KET43t2fW3noaNfVEH4nHHmPIzY76hGoDuqUY3qD1BSSrznjuXrc+9N0sEHVtudJ3uDwYyXgjCIaDZqhAoKAC8JvME7QRBFOAc17Rmvx7ggJvCONDes5I7UOzIviVEE0hErj1IlTEnvqLoBXRvQ8xBhCPEETqGKBGs9mXFIUZqrSAvapYRKo4RECYU2Bf1kQKPZQuHo9xMQHhVG2EJQ2BJYjTVY74l1gDKCzINEQQ6hdFg0xnsEDu8gCBS6EmOdo5cJ8gKW+1c4d/bS3dV69e4Hn3js44ce6D0n4uZnppvTvyakvDhSQ49qBLqjGtWo3oLZCpSSsRDiHf1B+mOdte678qR3Z+4Joiim0ajivcc78MITKKhIiREBgYqQHoI4IohClCkQWAqhSb2jpj3TUUS3cPSMgTSjrjwVawlNgRMS6TNCn9K0ml7qcBJEIDEOoiDAZSlZkqKFxOKxUpMOeqggop9mOOdxCDr9HqrdRSJI+3084IMQqTQmz1FBQGEt0lqalQiJA+uIohgd6nKO7AXVSo1QSfIsQ0YRlWoVLTWZdawVUEjQNqez0Odrn/lCePrlV9+x+8jRd7y9OfaDzd2H/z9Cyn+DIB19skY1At1RjWpUW+EWvJvNsvRDcyurP5Wmydu8tTsEDhWG1CUoCcoZQiFwSqHCkFolJFISgURqhZKSwjm8DvAqoDA5yhlcYXHe4IoCXRgiBVUriZxDu5RKXCEnYG1tQGEyChT9XNBLUnJn6PZTCgRJXtDPcnLrsB6M8xg81niyPC+ZqRB4IbDW4zwI4fHO4yi/J5FYa7Hel6poKRACvActJTpQKAHCOypxSCQ1gfS04oCJep2xWoVqpInCGCkFgfBUA4EzCQuXr9PPHWH87x85fNd9d9V37v2RqNb8ewi+CZjR52xUI9Ad1ai+v6EW7/1klqcfunH12l82eX63kL6qHQRKIgElHGONGk5qssIQCUsYhBgZ4KMKOg7R3iKKHCUcUiuyLEEjiIRH2Izc5GilkXmCdo5GvYmSkl53jeXVFYK4RreACzcW6GYG42GQmw0gLZzHGktuLVIqhBBoqTHOlKpoL5BDFbFW4PA4B3iHELL0B0eAL78npcQ7R4HAOgEM1dXCIUy5wuS9w/dyvPcoKYd+4UtUAkGkA+qRplGJGIsjaoFg50STRr2Bm5vnjW9mzJ08Xd999MiP3PnEux4d37Xrn3oh/ylwY/SpG9UIdEc1qu/PGi+MeaK9vPjLSa//YYRTYPHGMxYpYuXLoAipSPOCWiOkUa1DkaN0gFGKBHDeo5Qk9AqXp+RZD5UXaCGpVGPCKIBqSJIkXFvukRjHhZUe15dWWOr1GRSG3DqcF1ihcF4QSBA4CmNx3gMSgSAKAoQXeDxKgkCgvAQpUKoMtfDeI5xHCl8CsZDlTFcKPAJvS0W1EGU73ToHArTUgAfhEBK8FyVr9h6JwEmBsY7MQL8wrCY5rCVIyqeILy7SiEJalYCJasSOZo3717rU6/EOxNv+VnNf9e0qjv86XpwYffRGNQLdUY3q+4TbCiGq3vOOtNf/OVcs/6TEV2INwnu88CgEcaSpBQFeSIyUuNwQ4KkGilwECByxkJAOkE4ThBqyBG0LImfpZClGSfIUVhb7zLW7LK11Wez0SA14ZzHWgpDoIAIMxlnAIgUILwi1RMuAwhigZLKhlhgPzjmcLVXKKlR45wiUAEoQFaoESxj+KUT5uHisouwli5IJ6yH4ekpxlnMeKUAFGonAWoNHgBdoVR6H9xaFLFk0ZW86c560n3Kj08f58r165txVPv2VZ3jgnjvEU+9/6iNP/fTH63L8yK+IIjtRArrjj8Z7UhGEYfl4oxrVCHRHNar/2lgrEFLgvX9be639iy5LfloU+UQrkoTekZscKQSxjoiikBRJYQz1WGNkgAginLMUeY7zHmEKrElQ3hGjGXQz2t0umbWspgWLvYzlTo9eZhhkOdY5Aq0RwiMQhFqhpMIJgRSeEhElAlBSoaRAS5ASIq1xHrQQlO7IJWM1BsrOsAclh2ANbiiFds4jhNyY8QoPSIEf/vs6QEnhsb581MI4rPcEEqQoV5MsAiskRWHLYxWC0AuE9HhvKWx5GyXLFrbWCjzk3nO1l3Ols8izZxf54tMv8bNXFt71k7/8q/9k/MCxP2/7yetS6TIR6T+zluevcuXsae64+y4Y9Eef91GNQHdUo/qvCbhAM+l0/nTSaf95mwzubsUhOZY0N0SRJA41WmuqShAECi8DrFEgJUoI6qHEZgVZv0+oAyphyEq3w+Jah4ET3Oj0WOom9AtHXpSrOEVhEHgCrYnDoDwO55AKcOVcVUuBd2U7N5YKKQRKlOhZ8laBESUbDJTEIYenB4fQcdk+9gKhSztJIQR6uIsrvd+Y53oESikEZVt5nV1KJQG/QXwdDulFuSbkSzEV3mKcxVmDsaUoTOCxJsc5iywsdsi+vXfD4y8vBkJdHq8LPCeX+vyPf/f/4NmXXn3nr/61v/KP77jvHR+vTO26JOR/PuiefunzvPCVL3Lfww9De3X0mR/VCHRHNar/SoArvHOPmDT9q0Wv/SOBJ6rFmrQoUAzbu1pTDzW59wiliAKNV5oMiStycBnGFORpihGCxFoutrtcmFvm2tIqg8JhhCfUGmtc2eqVAh1InPdoJVDSg/dIJVGyBDchfakSVuCFIFASj8AicV7hBDgpMUiE0BRKYdfnu1LgRMkoBeCExxlXGmA4i/MOLwBj8KJsm5e3LcVWDl+2poe5u0KI8u+AVBqGaux1JiwV6EgSKwXeoaTEOQemQHiLNbZUXedZCc6mgCwfsmmLkhJdjRikBZ/4zDd5/Y3/9j1/5b/7y//9j/+5v/p/E1L9Z1DTkvlXqlWiuDJsqY9qVCPQHdWo/ktjLVKpndlg8EtZr/3nlXO7nXFYKcgHGYGE8XqIVBIdBLgwIhSgkKRAMUgweU4UxWR5zvW5Bdq5ZSm1LKz1GBQWg0KrAKEKlCnwxiB9KUoqQxAUmiEAK7khSrLOI5TGITFClSokpcikLsMPhARkuQ8sBN6XYi0Kj7UGV+I3eId3thyp4hFDANZKoQUEWhOoctVJODf8niwFVwKs8OAMQpQXB5l1eMAUw+dDYcX683iElMhAgxcoqZCUFxFSanQQoKKYoC5RlPNhmw7Ikz55McDmBYU11CqaUFleuzjPr//7//Czj733I1/effTOf2vdH24Wq6Skn2ScOX2WIAhGH/xRjUB3VKP6Lw+2Olhbmnvy5Nlv/ne9buf9UorAmhysJbcFsVJMVMod00oU4YOIDEFoLRqLcZQGEtLTywvOzLc5c3WFlUGOKROF8MYgKEAEaDxuKFJSWgx1xiCERMkAL0UJpErjvaQQEick3oOnZLTee5wBawuMyxnu+yCHs9VASgIJkRJUIkUrjpisx0xWIuqRphpqKqFCKkk9DGnFmkoQICUoKYikQIuSBWtVtsytd+TG4qzDOMsgMxjj6RtDP8vRWtPJLJ0kJ8kMC/2M1bRAKEXqHYPMkloojCex5SzYDxlzEAQoGRKO1wi9xWUp+aBLt9fBC0ujHnDmwpX6v/1X/9fP/8pf/9u/HYRR5w/DUksyb+j1+ohR8MKoRqA7qlH956KoBKgihEGq/PcDXGPMdG9t9ZfOv/LyX/NFNqWwZLkhxqKlQkkYq0dElSoq1DglwZeuSsoU9LOUxDhSB5dXO5yeW2Gtn2FNUdo0aonyDqEleItwBi0lMpBorfAokAqkxkqFlRqLKBXHHqx1FMZQ5ClQzlwDJdECYi2pxpqxOGasEjJRj9nRjJluVpkIBTXpmagETNarTDVrRHFAHASEYYgzBUVhyK0nNZZQSpx1ZKZkxqFWFKYgSQ1hqMu2Ng5jHcZYFOV+r5YSaz2FLaiGQdmiBqz1LLS7dAYpKghLgPWSxUHB0iBnaZBzcXXAUmroZY5OlpJknk4qQGh0FBGOzdCsNllbmseaDOs9zz77/IHFG5dm6vVGx/0h2K7Hk2YWrUcsd1Qj0B3VqP7Q5YXEC6ax6Q/YXudhm7g1JeQ/QYjbmitIqcjz9MFzr7z0N/qryz8htcQrhzeG2BbUQoUKFKiQuFLDV6tYAaEpEEWOMymZNVxe6XB+tc+15TZricELCGXZltValvuvntJEQgiCIEIGIVKFoAMKX1o2Ft6TG0ORZmRFUQbPC0+sJK1qzMR0g5lGlZ2tKrvGauxoVpluRMw0Yna16jQqAZFWVLRGhhLbH5DnBUiJG16MDNKEudUOUpUrQ84UBErjnCVzoFU5q1UesiQnNwZjLMJblJZ4SSns8g6hFV5KElPG/+VFyXwrUQB4rLeEoWSMqLSPBGbHKjzamh3aTiYsrvXpZgVJ4VjoZVxc6XJ5pcu1QcFCbumkIIIqtYkZ8n4b6cHjg5XFuVbW7/IHBl0paGhB0kn/SBTQoxqB7qhG9f0JuFIT+uJoPOj87UHR/ZNpRSs9f4qad5Mc+dBfRYhsayMxiGOd9Ps/cf3y+f9+sLL0QD0K6KcJeZ7QiBS1akgtjhBxTCECrAdlcoQ1mHSAFJ6Ly21O3VjmeqdP4csTeKjLVrISAu8M2nkCrRA6QCiNCGOEjLBCMTCOJCvI0h5ZlmGdJVKKZjXm4GSTPVNNjuyc5OBMk13jDXa3KuyoVxirBARhUM5Y8xybG6yHXp7STgYsGk8oJQKHHRplaFUqnLUUSOeweUEcKpQGLS1CSaRQeGtQitKFSglUJSoTj3SwwYKVViQZ5Rzal+1sHepyX9lalBRDFTZUh52BLPV4KelmBb6XEIYBqbVUqxH1SgR47to9Tn8wxspqh4Ven6t9x8mlAS8sdFmwAT6oc23+KpPTS7UXvvn0TBiEf2ARlBeKd991CFGdGf3SjGoEuqMa1R+qlEZYc1f98ov/pNYK3tVrRrj976BIBxRnvvZL4a75q3j59wonjJQCpfTk+ROv/erSjWt/MU/6U0hBd9Aj9AW14eyzGlfQYUiiQ5zxiDyl5hyZKTg3t8B84rjc7tEZpHjnCWTp5CQFBIrSSjHUVCo1dFQlF4rCQm4dSZoxSFLyIkPhmWpUuH/XDMd2THJo5wRHd0yxf6rBznrERKtOGUtU4HJDmuUMsoKiPyBJU9RwXdcLAa4gBmIBxhYoVc50vXMoIdGU899WHFCNqwTCY4qcPC9QwlGJFQhdWjdaj9ClAMoWhtwaQgmNikIGCpoSm2SkhSUMNQjBZEWBUEgJxjqsdQxSQ5ZnRJUQL8tWujWWpf4AgUAqiRWCvDD0Mgt4dLXGRBDRrBqOtGLunejwuxc7PLsCTscMemkspZpVQfBtg64Acgd7K65s5Y9qVCPQHdWo/uAlpIIi39l++tP/e+x772rc+wC1LEUnPdqHPgRLb0TiyrN/g/3vyIP6xD+z1jy5eOP6X8jXVj4Q6iCIlMAXKZUA6mGFUJdrP0aVBv4+L1BFhsgSrnS6nF3pcmUtIbEerKUaKDwaYQ1gCQNFGEb4sIaMKngZsJbmdHo9kizDOkclUByaaHL33kM8dHAHDxzYyd6pJtPNCpVgCAi2oChy0n6f3lICwy5qYQuiICCQgBaEUiNl6QCFU4SBRgtgmAAkcGipIAzAGsxg6GKVFaTGkBWGTmqxzmBduWc7MI7MlU5T/UHB6iDDOctYJcT4cjM30opQQiUKCEOFRhIH5dw30IpapAm1JFYQhBIldRmOEESIQNNNQ5LckBeOwhqkEBTGls5Yfngc1oMMOTI9QSgVoezw+STg3OXr4crS6pjS3y7olslKxxuOfeON0S/NqEagO6pRKaVQSpWK3G93TicE3uTB9a987i/eeOkb7813zTLW6VKPmsTXXqH60AP068dYeunp2o3Ff/e3v3Ip/xOvfusb+3za2xXjCX1B4AuaFUEt0FhdwSiJzQyZc8QOat6x2O9y6sYil9sD1gY5QsnS6UmB9w7pPWGoCaIYHTewupxh9noJvcEqzhrqYcCh3RM8dHAPj96xj3v2zrJ7rE4lCjCAsRZTZBQmxxQF/TSlEoZIKXDOEQchsVbkRuKwxEFIMw7AeYSz4By+cGRFhvUWiycrLN3egF5mWMsNc72MtW7GQj8lsZaBgb5x9B3kTmAAhyBzYH3J2q0QWA8Sj5cFuNK1ChwKQSAFqoy1RwmPch6NoxVKmqGkFkjGI8VMNaSuFeONCjtaNSaaMbUgpJsWUG4/k6SGzDict0hlMc6T5AWJcUxPTPBLdz9A9NIlPvG7X4uuX76840c+8p5vC3SF0uTXzzNu1rBuBLqjGoHuqEbF5z7zOeIgZHbHNEfuuad0XPo21jmKJDl++cVn/0wRjzO/1mbx0mni+v10V5c4e+Nf8trrl7l40XNp5WuNQa/zWCQtFaXQvqApPfVAUYurFNaTBQG5dUhnCA0YL7i00ObEjWWW+xlCyqFISIC3aCGRKkDFMbrawKuITpLR7bRJ04RASg6MV3n8yE7ec+d+Hjy0l+mZCUIZkBWGwhiSNCf1Hu8ssUmRwuKEJ4rjcoVISianJpHOIkyOLHIKY3DGlAKkNCHJM7pZwXIvZaGbspIWLKcFy6ljObV0jKNvPTkKGYWooIoMAnSk0HWFDsrdYa3KeXRNSJSQoEonKjX8OXjKiwwxBGfvHM45jPM467DOUVhHai3twpDnBSYtsO0CX/SxWUpoLdORYH8z4t4dTQ5NNNjRqDDViGi1IqwXdNIyKUkrRS+TpAl0c0slCvnRx+/jW6++oa6cP3PvxNgP1eS3Y5KhFPmqwvUEIxuMUY1Ad1SjAgaDAaoiuXHlKi986zl+9i/8JR5957vKk/1bsJn/8x//g6cWu4PpHc06uZZcXFrmwmtnOLNmuTp3mlWnGFiNxDFZCVEmIRQFjQAaWqG0JlNVjBJYZxBZik97rFrPhXbG2fll8qIgCjQ4j3NlKzSKI8JqHRE1KRB0kpROd4GsKJiqRTxyeCfvOr6Hp47t5shMiyCuYNDkSYqVhkhLCm9ACOpSgBRopXFWEAUaIQVJe4VIgssla70+q50e7W7C0iDn6lqfuV7GYpLTzj0drxg4TyE0PtDIMCYIQqqNCtU4YKoSEgcRcaSJ44g4DAnDgDAKCYJSmBWGAWEQorVG6VJYte7tXEYHg8PincNaQ1EYisKSZzl5nlEUBVmWkablelNuDHmeU+Rl5yArCtLEsNYb8NW1Lr93co0xscKUhrsmK9y3s8GhyTo7WlXqtYgstFQCyTKeftZj7sIFGoeO8vj9d3Ly5Kn73njl9KM/+At//otFnr35SbFSZ+nlLzO3uoAMo9Ev2qhGoDuqUZWd4jJcAF/+9+LcDS6fO4fHs//wkTcBX6FeeP3M+6KBYbbhmDMVznUjVlZXsSqmkFWsNei8jzAp0hRUlUHh0FIj45CUCpkPEC7FdddY7nZYGORc7easDnJAEAal+Ed4i9QhUb1JWGtRCE0vSWm323hXsLNZ5dEDu3nv8T08vH+GmfEWXkA7LVA2J9AGLRVBpJDCEytB7j3eOAJRehlrrdAmYXl+joW1AVdXupxf6XC5a7ieWtoG+k6QS4kMQ8JonLgWUqtWmKjGNGtVarWYei2mVqtSb9Rp1KrU6nUq1RpxtUaj3qBaq1GJq4SxRuuAIAoJtUbq0s6x/BLDP7fW+s+gnLsa4zC5IS9yijwnSVIG/QFJ0qXX7dLttFlZXaWzukpnbZVOt0eSpBRmikFm6fRyFjs9fmutw+/MLzPNHHeNhzy0s86hyQaT1YixMCCLAuYHCaJIeeyuI5w5c3ZHu738bvBfdKa47WdKKo1JepjeGkLK0S/ZqEagO6pR3a5qzSaf++Rv8rnf+A9YU/CjP/fzjE1NsfPQYayxmCIfxsyJHZevXn006GZMTgQs6DrWgXAW6R15lqFNQegN0jkiaaloiZUhMooQcQWJhm6PtdVFbqx1udJNaCeO3FkwFk25KxtoRdQYJ6iMY3VEJ0lZ6azi85RDEyFPHNjNk3fs5uEDM7SqVbq5Z7mfUok1jVpU7hBTOjzZPEX4AK01zjoK4TFAkmaYbpsrc3P8zutXOdk1rDhNJhWEMXEtplGvsq9RY7xZpdWsM9Zs0GrVaY2NMTE+Rr1Zp1ZrUas3qDXqVGtVoigEgiGAqvVG8fDLbQPSDWD1RRnNN0wh2qC7AH6YbiQkQaAIgogKzS0gLTdvi8W7nF53QLfTZnllgaWF61y5coUb166wtLDMzEQF62cY5J7VtQFfXVrl6TfWmJGr3NlQ3DtdZ894i+lWRJIk7ByfYe/unfra1avvSNpzU0TVJW7WAUhJkQ6Yf/ZLFPMXkGFc2l+OalQj0B3VqG7iUr6caWqpsKbgk//X/8HUrt3sv+delBJM7d6P0AEmz+u9fj90RFzVLeJqBXpd0kFS+ggbgykyahqqoQM0QaAQcR0nFYXzmP4qi4tLvD63wsKgwPmSbStvkMKjtSSoNNDVFi6o0MkKOu0lrDEcGg/50JFDvPvQFIemJ2jUq+TO0S88cSCJcVhvwRmUDFFKgLMgFd55bF6u9Vg8mIJs0OfTz7/Bb19cYSms05iYZtfkODunx5iZGWdqcpzJiTHGJ8cZGx+nWhujXqtTqVWp1mKECLeAnht+lXm73ieUk9j16xU/hFc1BNHNjoMf4rFfZ7keQJbuyH4Izr6MWfASvPMbyCwQCO+HrmBDcJYBjdYYjdYUu/beAViyNGF5eYmFGxc5d/YU58+dYu76PPVQsmdmgswJVtprfHlhka+eWuRosMr7793PgZ0VXD3mnqOHuHT52l03Lp9//K73ffS3ijTZjrlRRPvSBTpXzlNv1nHpKLpvVCPQHdWovq2qt1ooHXDquedojjVoVGt4YPrA4X6rWi1a9Zg4CLHdLiZNCVyBLzKEtVSlIxYCqQMyAmQYIYOIfNBheWmBGyttLncz5no5yjsirZHSIawnrtWQjSl8VGOQ5bRX1rAmZ2dV8sSxHfzg3Tu5Z/c4SgUMCkc7yahEEZHy4A1SKJyxJNbihaEWB4SBRAiFw6N0GQAQYpEKev2M5zoedegOfvShOzl2cD979uxgdnaSSn2MuFKnUomGiT5qCztd/0qGQie/EUaPEBtAy3rwnxB4L9bjC9ma2+f9EGjXGa5ff4xNUVspcCtFSWVUrty4WGKYw7ueZFQ+bo4no0wFLl9/FIfs2n2AXbsPce/9T7CyeoPzp0/w7Le+ycmTJ9HGc2DnFPv37GRxdY0vfeM5Pv/JZ/nph1f5wXc9xBMPHOfq9aUdrzz34lO7jt33qd5ae3P2IEp7zc65V9GV2vqLH9WoRqA7qlF9uyWEIKpUCOIYrEH4IqLf+aHjk82mS3pk7WWMyct0G1OgXMZYHBBJibGegRUkQJEbVG+J9toyp67Pc2NgME6gh+EAAotUAfHYBLIyRuY8nbUu/aTPZKR4/x2zfPDYTvZM1KiEAalV4EqQi7TA2pzEK+pRhBxm8NnCYn3pWax1gM9TcqBRGSfr93BFTqNWRwaSJ9/7Dh748Ic4cmAfcRyjA8V6au0myCbbccRvAcNh67f0aC4TijzD0Psh+JZYWkKg9543FYmvP15pvbj1G1v+f/0Yhpm762AsoKTB6w/l8cgNBTSkQFoGPAQB0zN7mJ7Zzz33P8Grr36T3/30p7h46RLVSp19kxPYB+/lk59e4B984RXO3Vjilz/2gxw/ul+8ceKNx985d/3Q5B13niMrbbKcM1z++mdJ11YQSgNm9As0qhHojmpUf9iSSu1rz8//ystf+uov+/ZS1XlwRYpL+whXGlRUAk0gBKl1Q6iSiDxlbXWNhZU2N3oDOoUAGSBdATZDiICwOoZuTGB1RDtJSPo9qtLznr0NPnx8Jw/umSKqRBjnGVhL5ByVQCOUIo4jCmMIwwoq0BRFivMQxTEVLwBLYcq5opISYQxaSDJr6bVXqAjLO+6/gyP33ockBzK8L4bt4C2AhoCh7aQYhr97v0no1gVnJaCKLQK09ZmsR4gt9/+DXwJtPPYm7m8c2fApxC2gvBXdNy4IvAeR412OkJJao8pj7/gg+w8c5Xc//R/55jPfpNtps3tmnCN7d3HijdP8u9eukxaf5P1PvQOHvLu9tPTo7rdPnyPrl6CbJwibIXWAZfDHfTW4kS3MKLFoBLqjGtX3EtPVQdDot1c//OrXvvIrN86ffcoVOSoIwZe2h8YUBAJsYSnQrNoSDENZZsB21la4ML/I4qDAekEQhkjvEVqiogaiMgFxg9QaOsvL5Cbj+FjIR++Y4d3HdlKv1ljpZaTOUY8jYgFSCoQEawqMi4ijEAQM8nyjAVwUOdUoJgwirPcoHaN0hM0zVBQRa4VP+8i2Y/7cWWbai4yN1fHe4f1Wy0K5OZNlK8D+fif7EpW9WJ+1bsHCm8Dzrd7/rerx9fts3P+mxxC/zzFtU6I7scHYvU/xpOzctY+f/fgvMzW7i//0yd9CGscdRw9y/uIlktTwmVMLZPZp7r/vzta5M2d+4PiT3U+pxlQHPGd+7z+VIrA/xvKU6miJb3lr7ilcAd6/LKTsbXsfpERKiZByFCM4At1Rjeq7Am2RUgbWFO/oD5KfX7l64cd9UbS0tziTY51FektuDUWRkRpHFGikVPjAIW0ZKnB1aZkr7QGdzAGKOJR4m4PUBI0JVG2cAkmn36Pf7zMZeJ461OL9x2bYOz2OUwGr/Ww4My3ZZSXS4CVSKYR0eGdQYR2T5XjrUFEEQuLyHOdL16nC5lTCJlILvA+RcYzCQ71G0MvIF5bIumswNgYUW7BsA2bXk3e3nP63A+OtALkOvGIL2S1vtwme4laito7ufvvjbX2ODeHV8HnW57yIIff14qajvBm0h/fZMmf2zpPnfYIg5gM/8BFOnr3Kc8+/yNG77uG1N85x5sxZChXzzLl5wkCyd3ryvUtXL79t9o7Wl8r7u2/rc1WuEQm01m8JiFJppPBIpcrdZR2gtTo66LTfsfT8Fx6zZ59/79Nnz8kdMxP/7PAdh/5pEMfoJBdKa2+yVOepjkyeSpwb6DAaSB1ko1/sEeiOalTfcSWlxOT26CAZ/Om5xcWf6a62DykJWEPFF1hrCLXEO0svTRDWIZUujfoBl2esdLtcX+1zabWDlwHVKAab461BRFV0YxIR1UkKw8raCsJkPDwV8/79LR7cN0O1WadvPKLImahXUYHCWQvOkhrBeKtGFAZ0u/0SQUyZQGAcRDqkGocUQZmX6/EoAvI8w2mNqkQIpXD9HkLC+HiDPVmOG3SGXFHih4rh7aBQAuTNe8sefwuLLIFRlsAo1sHaD9XL4lZgvokgb8Kl2AaUN3dY12+5ge/DywNKzL4tG19n6WIdrdcvJyQ4pyiKjCiMeOzRR3npxFl0c5q3v+OdXLx4CS+g5ySvXJznyK6zuxfPnPjhmZmZp5evXcxtkfNWW7k6jCDQO6TJ7pbY6U57eSXU8lSgZF8qteqlckKIig50IKSuZL32mLT5VNbvTllRjCUrS9Fs7+xHf+/3fuODn3zl96J7d+8gv36VT/3zf/I/fPgHnnpYBpFYW10Tg84ay1/7fGSdj5BKRiTd6Xp4ZdLGJ+Oo8mWh9MnRb/kIdEc1qu+MD7PWY+lg8CP95cVfXu0PHh9kORpPfzAgdBarBNZZ6l6QZhlZYahFAXEUUpFgbc615TaXVzus9A1CaiIlkM6U4qS4iapNIpSiOxiw2u0zpXLed6jJE/vGGW9U6XtJ1s+oBJIo0KhAEgUBTpYB7Q5Rrh0lGYFWaClp93oYAdYCyYBqJSSOQlQYlBooU4A3uMEaMhEQx6hBjzxN6HY6rK0W1OxQHSz8hlnIVtXxugBqO+CWoCYFGzPg7Yy0zNQVW1TKf5Bu53aQ3y7U2hRW+VK5PGS7fj39CF9+b/126/fbYMEloxZseSwBzpfCq7vuPMKB/btZWFjl+L0PMjXzOW5cu04cRcwlCS+cv8ojz37jh449+sT/uXD2tRPeW5TWSFkghUBJGTgpQo8MwzCcWpm7+gOvn/raT77y6iuHuiudyr/5V5/oZ0LeiManv3hnr/slOegcd9YcX7h+fSwdpDOXz54d11o2iyyvZ3le0d4GLZFUqnHA+bbhnkNjvPORx/nNp781/snf/O2PRWHIIC3IvSDLM9IkIzWeWqTZHw14eG8wOHpw36nKwQf/11iqT8AfNBR4VCPQHdWotrXjVHlORvo/qLhEKSWEEO9aXlr+bwYrSx9yhRsbePDGkOQ9bFGglSZxDryhU3gKk1MJIyqViBgospTLq10uLnfJvUCHAQG2BN2ogqqP48IqznrWOh16vS53tjQ/emwHB8ZrIDWF0jSqERIL3lCJK5jCEIUhMggwwlANAoo0xTlPvVZBRRGyKPBZRjOOGKsoZNrHGkuBJUky+v2EflbQ6Q5IioLce3qZYXGty/xanyPveQ937tpDaSrhN1jtVvLp2T5jFcP1Hr8BWv4mUdU6EPoNKvoHHy9u3mf9MW8VU22Z5IqtACoYIv5ND7m527vRzR62s8ttJ4+1BRPj07ztvnv5zU99Fh0d5IGH3s78jU8idUCRpZyda/PyiZOHHnnhK39JSfFbnaVltDehLUzTZtlYarLposinjDXjl+dePP7axfljz11Zy595/VIlrLSUojOxe//uiaeOHX7u9Fc++2davbkPrxXUXr56gjzNEQ6MdySFpZskdHo9GrUWHeupaseZGwsIAYu9nBcvXKMwZhhVmOKQREFENxkwGCTsaFV5baFZffBa+uATq8n/dud9770mVfWr3o6MO0agO6pR/UFOyUIglNrn4b6lq5eOa3xLCZEI4a8JKS+AuAqcf6v7e+/um78x/3MLS0s/1e319gbeYXWMyRLIEgprwHkKabHW4F2BQxAoRSUMENYz3+tzdbXDwiADoQiURAlPqEJ0bQxXGcMqTZHnrPZ6VMyAH9xX5anD09QDTT831BsRlTCgFkd4ZymKAbmxBDooA+F1gHYeZy1SKurVCGFzlBVMxYrVzLKyvMz5K3NcW+uxPChYTgxrWUo3t3SNIPOQekHhBV5IOoOEBx65n5/9uV+gMTaOd/1he3mdsTqcWwc+eUuL93at5a3v7WYDWPLmwqvbiLKGbV/vt9BXtguwvPcbc+6Nx/DrfNhvKHxL5L3VVvLm9rnfOGaPMxYdSR5+8EG+/s3nWGmv8sDbH+HrX/oiRVagdMBikvPShQX57Gc+/fFKHPyJudUuKoykkFJ1+5le6/QCh9f9vODqjTl23P3wJ972wfd889Lyv/nLpOneuBbzyF0HFmfyhXtf+8aXH53vpuFipuj0+zhXznTTPPOoIKs3m30ZhmnnwtzEtfnlSjVUPH/qPEluqFYr7Nh/8HxUqz0fRdFKa2ysGGtNuLHxcSuEN5euXm9+9WtP3/VvXzj76Ny9h8JmdGVX4+u/8Vf0Az/yUm18tjs6i4xAd1Sj+vbAVqp4+frVH7t25rWP+yx5uBroWhwoqfA+DLSJo3AlseZMEOuvxfXav0WIE9vuj5gxxvz42dOn/8yg03lgYAqlgEKHJEkfn5YM1+GJFHhvKLIMIQRhqIjDEIFjbrXHpdUundTiBVR0aeOowjqqOYnRFbxzZIM+nW6XGZXz7n0N3nlsN4UXLK6u0qzHNGoxlagEXGctWkVlB9BZrLX0+wl5njE93qIWKJTLuXJ9gblezlw/42I74Wo3Yym1dD0UUuGlAhWhwoAg1oRaEWpNJSgNM/aGET/4Q+/nwN5ZIBuyQDZayaXQ6fZgucFm/c0XMVtnu+s8WfBm89VbH1/chL7b27+bq0yestkut7BVuXVD6TbHu41Db3HJ2mw5C8oYQ+sy9u7dwQP338szL7zMkSNHufOue3jx2WeZnpwmTbrcSD0XOi5o9XsTn37hDN5ZvBes9QakWU6SZyR5xmNPvf/XZ4+/7RO//clP/pJfu7774Ow4YZRy9sWv7Duv453UdpzJa5XFuhDXWlLcqNWavdbEeD4zM2N6/X735KlTq2GgOkfvHzu098b8T165cvlQv8iz5azt33XPA2d+/hd+4R++9sYbT1+5ctnu3bPHj41NMTY+7rUWWOfkD/3ET0586fe+8rdevvDaLzw+PR7d8ex/es+OI0886qb3f350NhmB7qhG9daAKyVKBxPnXnn2Ly9deuMvVqNorNZoEEUxcagRQCBcoHC7k/bKbp90nwp27Xl/3Kj/A6Wi/yiEU6Yo3n3+4uWfP33m3A+FwleFUvihheBg0KdIBwR+GLAOoARFXmCMIQxDwjBCeMuNtT4Xl7ukppxrKu8IdYSsjeHiJlYHGGPo9Hq4tMc9Lclju8bYM9lgNSlQwESrThxHhEGAkAJjCkKpUIFCIJFCojwokzNZDdHecOLSIi9dXeLEYo/5QtBBYVRIENSJJiOalYhqJaRZialXY6JqhWololapUKtXqNerVKtVpmemueueO4Ach4EtM9etCuE37xJsB9utredNkFz3WhZbQFW8OctdbwGv2zp6cRvgFBusdNv6kvS4oSJaDr/nb7One/vXA8IJkCUgG5MThVUee+gBXj15iizLeOSJJ7l09gz79u4h1IrMCS4P4MHJMF/16sKAyrWxeiXN5SCdnJhIZnfuyiYnJ6///Md/8Z+vrLRnX3n11euXpfjit1596V13T0XhI+//yBsXU/0PJ6ennr3/3nvbSsnFF5795uDKpctEccWPTUygdEAQhlhjeOCB+4neHn/24vmz+8+fO5dfuX7D3HP/fdcs4tLHP/5L7N27GxUE/Iv//e/j0g5jOuWno+d51e++Lt7/gV/77G+sfOB6v38o6ffHmq79Y7Xdh78Ao+TBEeiO6vu2vFBIKd4ScPG+deX0S39r6cKpX601GlrFFQqvyEyBwJQqUanL9m6s8TjRWVp8LCvMPx7Upx9//dTVynPfeu6Hry+s7AyVREchzlicseR5Sp6lCGfQWpF4h3COAofJMhylMKUiHItrHS62BwwKj5YSvCOsVhGtGQirSGCQpqx1u9RtwiMzMffvaBJHIVIIhHXUGzUmx+oEShIFEmFd6ZakFMZapDDEukJdQyEEr15f5VtXV3htJWXRCFS1TmOyxp7xMWYnW8xMtpicbDE53qI11qLeqtNo1IhrVeJKhTiOiOKAKIoQQg9/fXO8M1tsF29WF3MTy7z97uz2v/s3Ya7bW8q3Z9F+y90258vbVMewrT0stiqet8iab11w2vJvwt+y11seerne5bzB2oJ9e3dxaP8+rs4vcfTYnRw4eJC032Ny115EknFqbpW7Jqdv/L1f+en/x8vd8IVnT10q9u3eke3evTu76/jx7Hd/53dy7xx33XXsxq/+hV/5s09/6/n9vxfo/1XfOPOj7/3Ah/7F68v9f/4rv/znWFtb49Of/m0mJ6doNptMTE3R6/boDwZYB1mW0e12mT4wc+bv/E//05l//I/+Eed//d/jvefoTJV9u6aFDgIGK3P+kfybOCdwRUKqajxozoR3Hdt3x4tTE82Lax16BSyefPZd6v4/caA6NnlhdOYZge6ovk8rTpZZssHtAbdUuajVuau/vHLlwq80xia0F5CZnMBbemgSK6nqMrdVBgGNqkZHISvdjOfeuDb98rlv/uVrV26QeE8QxKhAYZ0ny3NsnhO4DLzHOVuetBw4a/DWlAECQUAgoN3rc72TkpnSZNBZS1QfQzYm8EGE865sMXZWOVh3PHl4iplqVJoWaE2gA2qVmFotpnAOJUpLSK0EuSkZdiWQxAo6vS7fOrvG166u8kbPMNAxYxMz3LN7ljv27+DA/h3s2buL6dlJmuNN6o0acbmeclNrdyNRYAgsOfgcJ4YtXu+3CZE2W7TrKt9Nv+ObwfIWVbOXWxTMW9Z4bqteXm8hy9v1sLcc+63t5RKEN+ezHpDeldaP644efhOIyznwdpJdHuO6Z/SwszEMaSisIYoi3nbf3Vz+3S8T16rccdc9/N7vfJqJqRm0gn5ueOHK6tgPvrPSOHL3nRf33f0gH/nQBwBYWFhgfu4BlFJY64per8fBfXsvHfrVv/B3Lp85eaIyu/dzv/In3gUgWq0W73rXO/2TTz7Jvn17AfjCF77AjWvXuHb2FfbcdxePP/EuPvoDHwQQ/8Pf/Jv+K5/9LfbUHeKNz/Lq/Am/+/4nOPf0p9DJIAga0+MuT6atKY6vJfbtu65/9SeO1pKpU8shmaqSXr+0b/n6pcdHoDsC3VF9v7aNgUb7PC92mlRDfcuJXEpJnqa7Fm9c+pnx5mTgVXky1qFGS48TAeiIQsfIuEYYalxFca3d5xsnLnPq4lUGvR4GgdARgdZ4Ubo6ZYVBmRzrHdZZsAavJd47jLN4bxEOpPd0+gOWBxkD48pgdeeJmhPl7q0OSLKUbq9PWPR5ZFLztr3T1OIYZx2takSgBWhFEAZ4ZzGmgDikyKCd5URhwM5GhSRNePbSGl+5ssrL7ZyiWmfv4X3cf+dB7rvzMHcc3sfszmmaY01UHKzvu5RA4ywkZih08huAJJQs3aaGjlZODGPxNtZ9tquFhdhkvuvf2z6H9dtazFvv573bBNgtyuC3ZsA3tZzXZ7de3GItudUoY6OdvcF2h6tCpZa9nNUKWTpkbX0esTHG3vJPJZBLIbDOY53jyKH9zE5PkJiC4/fdy9e+8Dn63Q5jrRaR1lxYTlqf/sYrH/vZg8f/3Uc+9IEBoL3zfmZmxv7YT/wEqyur9AcDhBBkScLM9Mxrdz30yMmpHTs3XoPzjj179pTHYR1Iyfve9z6yfpeTX/g1ju6qsbtq+Z1/88/50Md+kRe/8hnum5G07CrV6WMsvvHs+OD0lw/4ML5TFYO7kvnz9wYuOZylZvbGSn9qLLDcvWeCUzdSrvdyjue9pu0sPQz869HZZwS6o/p+bC0DQRRxuOH44ktvUK/GhFG0DXydsfcLGewLag2kBCUgrtVLABMBURTjvKEwhm5WcOX6PC++fo7LN5YQOIQHJzVaa7yU2CLFmQJXZATOkJuCwlq08GUOqi9QlMCqEKS5oW8tncyS5qWKudKaIqqPw3D3Num12R067t9VY99kgyCMSB3EgS5P+F5sRNV5uz53BOsdoRRUheONK3N88eISz64a8mqTI/cf5bEH7uDt99/JkcP7aI03y+B378F5XD9F+FJUhBQgS4MLocosWy9LluqRpSOjHAqOhszPD1OBtq8E3Wxa4bf5K99KSjfvtxVw1xXIJXBuVw1vB3DH7QRXGxz9puO6WcmMEKUT1VuYYmwl8kKub/GKDZwvL05K1r0+i7ZFQaNe4647DvHyGxfYsXcfO/fuY/HGNVrNMbSExEueff38fQ9/40uP39ma+kL18ANOBaH3Qw/u8YlxBslgo4dtraHIUmut2dZTL9e1tjUDvEciwyovP/dNTr/yAstzNzjx4rOe/ipe6plePzn+redefLA7d/nRyPff1rCrO/aMV+uzY5Gqjk2z0vGsZmOs+RpjeoCUnpXE0166yo6FU3fDBxv4tDua7AIyxK7eIHn1aUxQZfnFr1E/ei/a5fTOvY5SinBsHNleRChB0JoF76gcPb5NO/BHWeEDPzgC3VH9MZa13Lt7mjsf/yV+96vP8tyXP0dcra1/V4G/p1mpNPSefUitkN4SRBXCOAYh8bZg0O3S6w1YXlzizPmrrPb6aFUKkqxQCBWAKrNfvQfnhkxDKNCglEbYAqk0gTBYOXRpcpassCS5ITflSb7SnCFutHAeOp01wqLPQxMhxyZrNCshTiiUVrSqFYq8wLmCMNRoPN4YjICsMLRqEfUoYqnb46unFvnyQsqyrnH8nuM89dh9PPa2Ozl0YBeVagUPGGOwebEBFFKUPruokrl6IYbMjiGVW8+7Xe+pWigD7za3bIcrQmKbT3I539wAQOHAq5vSf968d7HVsnG7teRt9m3f1I950xbyZneqbbNltrSLh6/Kb7OIZFur+uYW8/o/SyFwlK12gcA6Rygldx49xKkLV9FxhXsefIDfPn+WNM+Ig5BAB1xZ6+x++fXTP3zk/vNf9ofuNWzxhn4rG4r11ySF3HKtsKES45//3b9OGISEUUS92QLkoee/+rm7x8bHHuj1Og+feuPkA/1eb8Y4F8dRxEQsuXPW87HHxplqVZBBRCogyz1V18HaglVbxdk+sntth01W9kgpT5Yjh+9nwJW4bJXO058int2Pyb9zU6JGoDuqP7Jy3qPDkENHDnKlK6nW6gRRVM7X8kx9/bOf3pVoowskZtDH5jmDXge8w1iLzzOyNGOp3efGwiqDJEOHAVoHWCEQKhpe0IYoD15o8nwFEcRYa/G2IFQSmw9N45VCeEsUSPqpxVhP4Ty5d8TNaeL6GJmxJEmPaT/gzumIna06Wmmc1EglqVRiwiikoiShkCR5QSQ8QS1kqdMnzQ1TjZhTyx0+fWqO1zPFzkOH+bkn38a7HrufI4d2E4Ux1hkGgwQhBVKqMjFIbAqXvJQl093AFj/s6oqhM5MtWbaQ22wTwQ9XYYc+xNzsn3y7ngTbZ7b+Vsa73Y95HfXk78N23+zZtqz1eMd2QdWm5aTYIpAWfouZ5BBUvdya9es33pntyuqyEeAdQztMj7GG6ekpDu3dzbXlNY7edTfVz/wOnU6baHoG7TypjsTz5+Y++s75hV9vzZ1+OsvzzQOQEuId2xj7+jdff/0NjLUEgWKsXqUoCr977z7/z/63/5GFS6fori7osYmZ41Kqh69cvvDQ2urSvYsrS3dduXFlXEmlEYIg0GAFAyfo9z2XzyUM3HX+2/eH1Ot14sCyuNRG5R3G6k16haNfePq9lV15sno0iidOOvv9HUXoTcHiZ/4lgTOw8+CovTyq76MPv/dkWYYQsjxhxHE5Kx30Y+PcnhsLi4SXrxD6giLtlScya3DOglPkaUYvyciMQ4YBMgyxHoyQCKXxHvLMkud9VN4lHaxhvSQKQoRUWMQwns0jVYizFu8MhXWk1paGFbUxdK1BYiw27XNHlHO0WSEMQ4wHLRUgCYOAwjqCvCAOFXkOWVbQaERY58isp5sbPvfaZV5aK+g3pnjfu9/GR973MHceP0w1jjHG0E8SlBIoJSn/t26BuC5s2q7EFVuBahjDJ7wYbt/cbBZx657sm2HgzQD4ljxXiJtawNziq+z9zYzvrR9763rQzeEJ2wF8iwsWW5/3psffuMbw23ygBQIhBcJZpABrHHEl4viRg1xbeJ7W1Ay79+3n4pnTTExMlmtdQcSltd6B06fO/PCxRx9/xheZ2/o0zeIKoVYEQYCUEq0DVjs9tC7/vrS0wrPnTtG7eILB4sXoere3N8+Sx60x7zx79pmH0u7yHYEw9SiMGasF6EZINdYoPA5Ic1jpZ/RTQxhEPHO14Mjrq3zs4ZixMGdQs0RoxiLB4sBgZBPRW52yafsh2Wz+ljDZ922DWYQRc7/x7zC9DmGz+R1/vCPQHdUfT6fZQ8sP2DM5RqYqsHM67Bd255Wr1/Fxg2YlQpoUa4uhRb/EWkWRZeTWknmJ0DGFCIYReI5WNWSy2WIqnePixWu8cnkBA2itaIQhrXoLF1YJvMdqQaA0RkmSgSEzw1zasEJYGyMzQDHgWDXj2FhUsi0hCLVGaYWTAjtkdM4WFMYjpKARRSgkxkFaeF68tsK5ImDPXXfyMx96gnc+dh/j4w2sdfT6CVorlFLlmtEGiG46Lgn8tl3WEkK2ApIftojFhgp5XZzkt7k5rat45RbR1JvHtW4DuDeboW7xa94igdqigub3BfCbmfSmmcVWUHfDrF6x7bg23JfXGfyQ/vqbWPmmYGs76y51ZMM+gTXsnJ1mdmqC5U6PQ8ePcfr110mThFqtToCgJ2P14iuvf+iJq5d+rXnw+IkiSTZeXijgntk65xqTRHLYoB8Ku6SUKK2lMbaV9XtvU/ngh/fHxePPnT19rD9ImpmFe/c2+YlH9hEqyLMMJRzNZqO0B80TCmO4tpLzhRMrvH6jh9VVPvP6Kvfvirl79xiOJmlrkubZeS4NHFcHil2L18muXXiyNjGzCyGu4b4PcVdKzNICrshuiaAcge6ovi9ZrwrjoLh6bseu4/e3qs2JsN0/QXH5KiKIaITQijSR1DgVYkyBdA4RBFSlIqqWjFJIwe7JKUQc0+6lNAJ44sgU7bSgnVnG4wr9ZEC316HS0MhAor1HCovCUliLdYBSBM1xjJRoYzgS5+xvBKS2HBPXqyF6yKythUqkCKQkTVOqgaYaBiA91TDg+soanz81x1zc5B3vf5wf/+i7OHZoL0pL+oMMJSU60GV27hBoNsFiGCK/voyzFSDFllxZP5znerdhNOGHat9ycim3Mb6yveyGwCO38NtNBshNgQNbnJlvJszbIubLW9nhKaMUKZVBCvImEyq3JZlo6+P7bex4s7W+MZy4pe0shdv0WBZi+77uLWtEWxn++gWDHL4fDmMMcVzh0L6dtN84z75DR6nUaqx1OlRrNYR3uCDi9Rtrd5197bUPPLLv4Akf6I2BrhAQaUFFFKwNCrauo2utGaTpgWeee/lv1efO/MB79uvZei3gyGNHGG9IjBdQJLxtf4swEOAMtrDIKEaEEZgqkHPfAcfbjk7yTz53gWcvdFntw5fP9zm2Z5o4UoTKs7cBry5FLPQz0l7C2qUzDzUP3/02XWle+77LQPAeUWmx+pV/h+13hxduI9Ad1fdlv0cgtQ6arWaje+PiT1567cWfWbpwMj7S9Ic4PI1DI6KImWaV6XoMDpSU1KIA6Q3WWxrVCvU4REuJKVJmJpu8cr3N1944zwVpuf/wLu7b53j+wnXwhl3jFVbX+qSuwBGXFpCioDAFFovwDhk3ECpGWMehMGN3RZCZcr+zEkWoIMTiMc5Tj0OqscLYgkoYoHD0egOmmzVWewM+dfIqc40ZfuzHfoAfef8jTE6OkRcFGEEYBCglN3qy62BXstd1pS54ua61VUMcc5vKZbEhJxrilUMMRVElBm8KqdZVvH6Lo8TNTNZ7v4Up39zildvUxW5zB2kTrDeMNezwqG5jjrGtBS1uYqPr6Udy6H61CZTrs+itoq2t0X1esMHqt69BrSuy1tOVxIb+SQ7TiiTlX6x1FNYwPdmiUY2Z2rGHnXv2cvncWUxuCIKAUGnmBjp8/plnf+i+hx/6ROXAses+24yxbWjBZNLn7HKHONhkVYHWzM8vjj/90on3HgwHs48d3IHtdpger7FvKqIWOrxRZIUlMxonQ/q9PnrQR6u0lMkJi5Ke2dkJ/tRTB7m4+Do31gyvXE85tzjgzr07SArH4ckVBid6zGc1vIzJO2stX2TvFbH/LN5/f2XuVmvk51/HJf1y9PRdwvRHoDuq25ZSqqmi6CGtRE1Jo1QUv4AQVwBUECFDHakgbEqt61KpUA5Lh1EaYc4tXDx//Okvf+bv++uvP5zlfqxSb5BZw2o/Ze9Eg6fu3U0jCEBBGEak/QHTU1MUxnDh8mWsSbFGMT7eZHG14NTVJS7NLTO3OIcpLPt2zYIKQEuW+z2QFSbHayz1S0df5xzeG5x1SAQy0Ki4jvMwo3JmA0PuFc57qoFCak2WG1CKaqhpNWtlwLx3VKOQTq9HKCwra45PnZpneWIPP/uxj/CBJ99GrRrQH2QEWhLqYJsV4zrv2gAJwZaw9s0Tt99qcrHFq5htDk5+SzdZbCYAia0wJ28TLu+3rNNsbwlvFwaJ7QYU64C2fj+/eVElNqMJ2CZsfitist5YvknEtQ6k6/92857vdivJWwMQvFhfcXKbBh5yeGngBbjyWE1RUKlWmBlrkOSGo3fdxYXTp+gP+rRaLbSEntS8cGnx4Y9cn3vywNTsJ2y/v/Ez0BKyrkPKoFwh8+tMV9Gq1S/Mzu74+umzJ/7kqatLPLSrSrtv8a7LzpZioh4ghCYrUtpJGb4xUQvBlZ2JtMhRWiKXBxyZrvDA/nEWX1tifjXl2QvL7JlqYHzIrpYmVo6FBK4sLVM3KT7tvodKYy+Is2/p/fm9VDokO/cG3a/+brkJEFeB747UpRHojmo7SZUKIeX4lYuX/ty5Zz7/lw6otTgKa9KsLH+dKPoUeHPl2S/sQsn9KwtzM7LI68IWUZJlIkkGaqnXLQoZ/cd9U+Off25qz9O/++yrR4yRY5MTMa5IWekGnJy7wXLfcMeOSaIoJDOWPM9o3uhTWMfi8grtJEWpECeg1+2T5wmJASM0ufAsrXWxAmpRTG48betoApFLGeQKV/I1AuGpKCjCKl6FhM4woTKMF0jvUUKghMbZ8kQdSlEGF2Bx2YA40GR5irQFmSn4/LVFllo7+VM/9WGeeOhesI7BICeMgo21Ee9v3VXFeZAe3FBGJYcyKgFuoyW8hYeur88M54blnq7YwKHNVvSWGedGS/pmBNweh4dwQyC7ndHi1nvfDNTrj+O3ALG/TSL9m3y2uNkJi1tnsH+oxspNWbt+PRTDDymvRCmH954wUMzOTLLYSzh0/C5qjS/Q7XepN+oooQnCiMv9QfPESy//8IH73/YZNb27w7oyWMDumZg3nn6Nr3zjNJUo3OzsCLmya+fMZ86fPf2DZxe69fsPzBCGMBgsYFpNuqlFkRBojzEFXkhyawmwCBlgvcAbKNKMSiXkkf1NnjnXZm4t4+WrXd5xaIVWtcLO8Qp7pxskRcDK2jLL1y+za3Xlnqi14yGE/D4CXY1ZvI4d9BFx7bvr0Ecw8/3V9t1CJQTeN8FPA3vA7xVC7l089dLu1fOv71u9vPDwKy8+OzuvPIemplhYXP5oEfj393s9GygdIpRu97plc1SHGC9Z7fXo9bu88OqZR5586j3HfuXH3v0bvrv8jhMvPH+gEfSp1xUHjh/myuoaL5y9zpXlLlUtGeQFKgjw9irtQUq9ViEQAmNsaRMZ13AiItYKpQS56fLVkxeIQ8VEvUpVCTp5QT/Nka7Ak+OR5M7QCASVKKTrYqyTNHyO8A4jFNH6CVtJpFYEWhJFIVJLRJbih9m1tUjiJXz1aptr9Rl+8offx4PHD5HlGQSKWEVstWwUYhvE4YUfGliILUJcjx+C30Ye7Bb/4Q3G6f1wB2arzaPfAJeNFZqNCL11QZXa0kK+DSIOFdGI2yT4iO3t203GvgmWnnIn+La+ydtp8U1Ae7N5h9/GcjcxfMv3xXbQvxXdN1vYYottpBAS4X359lk22trjYy1a1WV27NzNnn37OXfqDbI8oxIHBIGkn0V866XXn3zyRzv3t2b2fJUs3XimqBpTj3U53xabM1SlJXt2Tj9XqdUv3EjX7u06RZTlTNSm0ZUagh7SZxQmJRCe1AgwjhRH4XKqQ4e2wnkKIzm2s8HusZjFnuHSYsp8X7JjIkJQMF2xnE5CdG2cxSuXuHHlsmpMznzAVac+DaL3vd+G09hL50gvnUNFFb7bJtkj0P0+YrDeFHVfpA/hecLn6bG1V5/eG1bCsZ60Y5322pjz800rlLq+tMJ8klN46HuFl56iyDhxaSFa6qeEQUi3n9NJB+SFoZ+UoexpYRhkBlMk+gsvnPr4oQP7ftwLX9k/ocEm5JnhxIU1gto4h4/cwVqniy1SQt1nda3Nai9lZqLFnvEGgdZkxqCKnMmDd7HqIl4/8QLtdpssTfDeUavVyYSloQShcWSFoRYE+MxiFVhnifDoqEIx0JgiR4oC68q2o3OgldywHFRBiA4DMDmocpaohENYx7eutbkQjvPRD76TO4/sIckyKlIgwmALjvlS4OTF8GsTFPxNKuQN8rvRQh3eVL4FbHkHQm1jc957vKSMxdtWm8Ik77m9BeTW531LYNy8r1vnzOKtQPDNQHddOCY37rdthvv7sl1xy2Nvc+Fab3hvHL9ESVHu7K4rnK0jjkKmx8dYWety6Phxzrx+gkGSUokqKBQEFV651t5/+umv/PDbZ3d/CxVmpSEJsNbnyUfuY3mty4nz14iCzZ9/rRJfGp+Y/MbSXP/eK/NtJlSCmGhQrwXsbNWxhUGiqFdqBFZQq9ew3tIbDNDCIKXEWMfC8iqtasw9uxq8MTegZz2vzxUc3x0RyoJ79o/zchsWBwn7ZyLqSuKTtR8w8eR+XyQnvpeDh4RS2OU26UtPI6X8w7dHRqA7qj/q8jraoCVCSYnw7+i+9Nm/Hq1dfiiw1SmfrIXLa2ukImS532ehndLNBE46llf7XF9dIYobmPEqJ28kdFLLq3Odoo8aVOPYemQmw2pWG6/b1kzYjypxt95oDaqNZqdRr/WcZyCdW+z1OrOnX3z+x3eHcloEMZfzgIZs0oor+CJjqd9msd2hogMeOjjJZKNKYQ02imjICmGeYdvzzC11yDptKsIgwoggrqCUYnWQM1AwG2uckKhAIjODyTJq2lPRqlzL8L6c+ViL00PAkcOTNoLUegI8oshRgcKLkiHHvuD5y/O8nFR48r0PccehPSR5mWK0KdAtW8YWjx7+o9u6cuPkMAd+i9AJv3WrdBNIbxIWb7DdjfnuZgYtwm+J6NsEmm0hAGwyx9///PRWM98tZPamIIKtwPumNpRDJrpB6L1789vd5gLg1oPfwva3XEZsFYWtrxlJsa76VnjvkEowPTnG9aVlDhw/Tr3ZYDAY0KjXiUNFEGoWU823nn3xA/e9893/Iqi3Tvot5hPKxKwst1le61JbbzEDYRj2Dh/a+8WvX73ysZcvLo2978gY2SDh2rU+PqtTlwn1iqJWq1HTGus9JknxRORC402BEgFFnpPIjDtmY6qBp1/AG8sFywPD/lrA0dkqzi7TF3V0UCFWAky2W6RrTwgdn/jebtYJ0rXVN7ULHYHuqP5r0Vr0wquk+98LRQLWHF985fP/S3T+i08EE3tY7Wa8Md/l5asrLPYdqbEYr3IvZDcIdXdifLxX2zmZttfasy9cnN+zurYmpmZ2rj78yOP/byGKrzQarWRsbHylWm+s1urNbHrHjnzvzHgeUZjCSbu+czO5ax9PP/fyfZdOnnoiUr3psD7JTK2CKxIuXzjF/NISWnp2jzXYNdEiFpBmKVYqhCnDCpY6XS7OnaeTw6FdOwh9yrW1lL5zJGmCNQUuqmCrMYEQWAvCGvBlYk0ljKFSRbZzIq1QVmKdKw0SRekO5RBoUc7XIMBYiANFXcFrFxd4etlz52N3c/eR/ZiizORl2Lp0DMU9w9mrHYqdtNxsyW5OQof+vNJvGGN4se6dvCVUfmNFiA13quHwd0vOu9iSouc3Vok2Z5z8vru6pTBL3mQLeSuAbgPAYUt5vVW7ee4T3xaIlk9VDtC3x/zdDLabDNjDLQ6Qvy9Ib32+dZW2AozEO0+9UWFqYoydu/dw8NhxXn72WdIsJwhCQqHIwyrPnr1x7IPPP/3+A0fvOGm2rOPESnJsusqpK9Dt9DbiLBOZUIujF6J64/T1ZPmRdm6pVGI6SZ9qp8fswb2EocMrQ1GUc13jPL1Bj0qlSiwCelmGsZIicexqxhybbbJ0rs2py/NcWhnj6I5dNFaWKXrzXO1MML/QZn82oIlCJssfDaeP/pr3JN+rgNu/foXuieept1pQFCPQHdV3SMmA4NQnUZGm+fDHeParXzp++cXfe+RwvceZhTZfOtvnhattxputsp2778Dpux977J+NT01fxAk9Pt7IhYrVv/r3n/qJb/zOJz42FiEO7WwlDbF2+sTzz9xo1JvVS0JPDgq/o5s4e8fdd+U/+p63u4mwCFY6JhwMrMz73fzwfQ9Vzp144090ur1DvqKRGtbaC1y5epFBmrJnepw9Ey1CXBmxRxkskFrPtcVF5td6rKUOI0LiSoTSmoCIiuqTpH2UiBifnqZarRHIApEPwAtCJcuzjirbiwhZ3tdLJAHOFngncF7ghrF8lSBEyggnSjFVTXouzi3yxbkBk0ePc8+x/XhKMY5an6MOgc85cN6hXYmiw0CcTVBic7Vl3YcYUa794B3Olf7LcmMsPLSFGK7CbLRy/Xr/eZ3lrSforu/9ipvT/YaM9za964294ZsD6m9WE9/EeodrGeVrFG8i3Pp2zqCbL0kId5P4zG/sGq8rvqXz5Wx8y2u4rQxMDleHtiJ3ua5bro0Jh3WgwojZiXGujY9z5wMP8NoLL5ClKdU4RgeSMIy43OvEL7xy8iNHH3/q32jvl9hiFPLkvpivvnaZa/1s6GBWvjeTY2OX9u/e+fSlN5YfOb/c48DsBLVY0067tHOJsp7Y9BiPFDoMiCo1KrljrdNHtRpoHE5pcusYr9e5Y0eLb13q0B2kvHB+lbt3NqiKAdONkK4RKJ+xujjH5LF7iYV7wjl7h4gaL9/iSvI9UoP5G4gg/K5+DSPQ/V5sLePxukLz+lfZvfO/0b9x6sWnbly9FBy//wCL8wMGDn7w7ceZrYXUIzi0V7o9EwvVN5bmj52+srTndL873h8MprIbS0eP7oxEXWt8cnn2jRfO/t3c+GKt246ElzoxUnZS7EuvvDFoiK65c4Iwt/Uwz6QMKfLPnjkdPn25Myl1yFpmWZw7S7vbIY5C7ty/m9mJBhaBTXMipbAu58pKm8srXVYzi1AhUaWCMgW9QYdeElBr1IikYixQiMYY1dbEUEykCAKFNylx6Oh3evggRmmN1qCVwnlVGv5bh8NhN07OrkzVwyO1phkK5pcW+ez5FZjZwwN3HiCUCmtLo471eaj3HufcFstCh3CuZJ3abzBC59mkqMKVKud1RwwvtoDmENCGTv/rZBc3ZLJyOMNdB6bhTMuLoT+xWN9X3coWt6qUHdv3i26ex96mZbulXbwxP91QC28aYWz1ahbiVuX0bSjpNrOQ29/XbWkXv/njbAqntnQXNpKSSjcw8FghEdKz3olpNmpMTYyx58Bhdu3Zw/z16zTqDQINWkE3rPONV888/r6L5989de/D/37r7Bgp+Kkf/QCf/L3nyQuz8dxhGOa7dsx+5fWTb/zsUi6n1gYDGpHCWLh46QpaC8bijIndMygcg0Ef5wosnnZ/wFQtRhFSDBI6mWWyChP1gCT3vHhhkfcejjk0GXLX3gleviFJJMydOcveh5+gNlafNJ2FjwYzjZdd1v9u7b6+aZk0K0WF3+U1At3vnd4LQspQCDkpYFJI1citmzr563/nff1Lr/xcWGuS9HqkRcDb9o+xb1Lz/NlrrHZXeO2cuMN+4ff+5o1OJhMjFM4LYx31asRYJaYwDmMKhbM7jHEkqSEQkgJNNazS761NvnwyobGvQT3I6Bag8j7ne57MVSmKjGvz18msZbrZYHaiRbNZRQiBdp7Eey4uLnB9tctKahAqIK5WscYy6PfIshQVaFSg8VIglUDLchZbtmsdXmkCJTFFRqQlgQoRQmIQ1JRCUeCVQvhgE2A3Ts7rRvmCaiBZay/zpQsLLMXjPH7sALUowFiz2eL1NwOT2wDDDUgctl/LtZ9yp1asuzwMWci6ycVmus6QBa+fWNZz64ezZ7wfOt1tTevZok5eb0uvuya+2QLtthUfcRu6uLVNvT0AYSvwbjfC8FuO5dbZ6+0crzZ3cN8qROGtAhW2A/H21rLYuBBimLErvAQhkcLirEWriNnJcaanp7njvvu4fPEiaZYSRxF6KMA7tdJtvfzccx9932Pv+W3h3GDrUx86Os6VX/uPtNd6pahn+J5ZUzw/PjX52vxg5d3XlzrceXAHO8aqpN0VemlGGFXpGWhpT6efkhaGXZPTdBNDJjSFKdeKUuDQjmn2j60x185Y6he8Md/n0ERAK/b0rKBjAqazlMIYXJJTpMkP67Fd/y9svvbdKDJ6q3LZ90bXfAS633E09S1OMmLdAF5I7/0M+GPAHULIQ2l3eebyG8+NqaloCl+0ECZOF9P62olv7TDJLuWrM1TVIs1I8cZKj2+eusxSv8A7SxQIWYlUGKiAeiXACYlwHq0lhYXcepwThFowoSQVHdGMApqNKcan9lIYy1I/41q3hzOrJMbj8px+0CLNM+YW5vBCsmN6jGYlJAw1kZS4Iuf6yiqX5tfoJDkEAWFcRwLJoE+apiglaTTrNOoNoriK97Z0YhLgncXjUUMhk7KWwrhSTKUExiT0Bp6JVpOqFvQKh9AB1pdCJzeMBlRDHFQCss4qz11a4JytcPzYPiabdawrBUqlEGjIct0wS9d7nPM4PM77LWDLFvBd/xIINwTOoYDr5mavQA6Z7U1rNevuTH4TiNbTdthYHRK3sNRb/ZE93BaLxe8/H916tH49Qd5v+cy+2aLut6Nu9tva2+tWlds3i256HP8WTHrbeyCGEYolyZWC0l5UOMYaDWZnJzlw9BhjExN0ux1qtSpSR8TC0VZVnnnxxDsfPf3q/fUjd3+jXOgeVpaxf/8+xnv9IZsuf+5RFFxZ6w2eef3F+XcmsqZMlrGYelrVCrEtuLGasmt2ll0TY0xazdWlNsZZjDMk/TKkISs8lUrM9HiLhw92eenyGt3c8fK1nPfdGTFTzcmyhIvLGbG07FxdZXJ8DJH1j/ms93aCqc9vKK6/2/kEgizrf8+Iskeg+5304ZISGQQURf4mwCsQcERI+dfmzrzwWNSSE3nabbb7Wb2zsKRVIpmUY1RjTVir0ogjbnQt1xZXMYml39LUKxGr8wkrvYQokOAloS6/oiBACYkd9jaN90TKs3ssZnerTkM5srRPPfAooahP76M2touV5WX09ZT5NGB8vMVks8ZyJ+Ubl9ssrSwSBwFTrQa1SBHGIUrA3OIylxZWWOpleBUQxXWk8iSDQclslaTZrFGrVYnjKlKHeFTZPl1nfsIPCZfH+nLXViuBwBJIgc0LBkWEQFJRHnKPlLrsLg7XSOTQ9tEDLutxem6BV7qCnQd2sGumhaMESSnlplXjsN3pnRs6JG0FVzb4rveizJsf7keXXeahzeNmTsEmgwSE80Ol821AcCPybktwgqdsmW+sYPtt4Ht7IZXn5nCBW2e6t44EN1vNm/ouMVQGszUKUHDbmfBbnlaHAL7dMGNrav36XvHmfHxjvfktAXfra3ab60oCjLWEkWZqfIIdu/dw8PBhXvzWN8mynECFKOlRYZUTV1cOnHvt5Q/ff/j4M77ItoUA/7kffpJ/8Ouf37KmBM5532rWvmp1/HMXV83uu6agyAe01zJmx2NCCi4vdJmenKDanCLoJLT7Bc1qxFpqqQUB0lgyI1hc6bBnqs70WI3O/BpnlwbMrxXcMSEgabOYVjiS9BCdDkIJdCCaNun9gAp2fN7lne+aEIA3/WQoTX/xOj6qlOerEeiO6o+M4DpHY2KCxu69fP4T/5Zao4UOg1sVpIgnddL+xemJQSjSnKTfJzMRKgxAKYyKEFqRG3h+0fPFU8tcaAfsrldJraUoUirSEccSrcrb5dYROZCyPIkXhSO3julmlQ/ePcnxHRWErDMwirkbN/DZGnFUQUYRiXHU63VCtcqB2SkOzczgrCPWCf5SKe2fHG8wVq3QDAXLvT5n55ZY7CUgY6JKHe8taTogyzKkFDQbNeq1GlFUQQVD44n1k7tQtzE2L0VRQkm01mALIq1J85CBK72EQ61wArwKNvJb8WCcRwORK2j31nh2uSCemGbvrimkUlvXarcuzG5pJw/by25j0jtsKQ8xcdhiXk/LKZnxsIO8fhvph8C11Spx3e7wpsi/bQ5QQ/XxcKbrKUVD5X9trg7dnGG7aeSxJZlnC/Z6v3396OZW83ZAHbZwtzlx+Zue780Y6TrIuy3+y/K2Wb7rAHpzb2BTDHbTCXndLMTLoe+1Hy5nSYRyQ5G4QynFZKvGzMw0B+44zuuvvESv26USR2ipCBRcS7R67rmXP3jPg/f/S4s8vRVgTWG5vjBPoNQ2JjY1NfGtqZnZV08uXN796L4ak6HGOQgrLcKaZ7m9ytnLIXWVYfKUwklCAc5LVBiwqzrF1XZCJzGMK9jTCLmwIFnuDHj+Sp8PP7ibqfo8y0WMECm9G1dx6V3oUMui6H1AFmu7hdLXvttHZt4VOJsjqH7PnOtHoPsd1lrOrKO5/wiDtVWuX79BFFe2tQS9J6ySy9Q40iIBaYm0YLpVQ7sEkyVYrXn2YsqL1xOMt8QqICkEuVWMVzTNULEUKCqBohV5drcqPHholqurfZ4+s8SB6TEOzVTZNdnk8GyDSBrmV7tkokW9VuHG6jzdXOOzZebzjGagsNaSecP1dgdvDAQhUaiohSH1SkQQSC4sLHJ6bonMaypxAyEleVGQDHoIAc1mlWqtQhRGKF1BK12efN06OSkBRymF9ALnhyfPYYCA8QIVaoQNCb2hlyiM9UxGmpma5PW1FKdihNRYZ3F+PTfHImzBy0sJg7DBXbtnCKMIhEIqtTFP9b48vTsYtqa3dDjxYIc9ako1s0CUYtqNFvAQjG8S/jC8jdwM7ttgwtvHpn6D4W4kBUnYWMGhnFu6DTMOccvO7lbcfisWWr5ktyWgwN/Sst38b79tRelNwgJvaWNvkaSVxy+2t783n8MOd2y3MGex3ZO5PAZxC/D64Z7Vuo+1xJeRjRIUEoljrFFl5/Qku/YdYMeevVy5eJGx8QmUDFDCkYZVnj918f4PXrz81N5HHj+97scsgNh5fvS9j3N5Ld3WUVBSLl2+dv1rz1w+//5T8z39nqMTTE3X6XaWsTiQAdfmFpmsCgJh8SqiiBTC9FlaLQjHp6iGAVnhiGpjHNvR4tnLq2RJwTfOLfO+tx3inqP7efbsGisDg0tTPBKjNTLpHcauPSVbO/81efZdK6gSKqC/vESRdInqE3yv9JdHoPsdxnZlFPHoD/0o49Uq/7+//z9jioJgi+sRiFRkWZGmibZhihSKZq2BV4JsAGEQcmkl4ZVrXZCamg7oZ5bVXLCcVwgCz2Q94sGjhxjTA+aXOhzYtZP7Du/m3PUFokBy/4GdjFVjltprtLsDusJhrCXJu4gsod4YI8s9nWRAHNTAGiqhJvGgw5B6NebsQpuVfkotDIgUnL52nQvzq0TVBo0wIk1T+t0OzlriOGZysoXWCu8kUkVIpWHISKWWpeBIeoSwSCmQUgwZpkNIiROS3HgaQpA7RzQ0q7GiDB5vRArvBiVAqwBri3IG6zyR9FxsJ5xNBPv2T9Fo1BFKo7VGyaGL1LC17PBY5zbYq3MO54atZlx5IbDuDrWFEa2jjN8yh3WUxg14j3CyHDYOwbU07he3mWcOW9hSIP2WhaQNj2a/jQd6xC0t5s1WrriplbsJilsdr27nTLU9hH7dytJtGIW8ySd8O/ivWzxuCWgoH1due971MAOxrVW6/UV59yYLyd4PxVQSKcE5t9F+l7J878NAMjs9xq69e9lz8AhXzp9n0O8R6xApy4zls+1u/Pwz3/yhPQ+8/T/IWnPF23KsEEjBY0cDvvSJLxIFetsFw8TE+Bcq9dbHLyxnh+/fkZO6DkVmETaj0+8RakEznkDHIUmScCXpsaMZEkURi70BynsknuXEsGeyznQtpJdbrq4mnLk0x5GxOl/LMhJZZXluhW57lXqriUrSmg8H76NhP+GK1Hy3gq53DlPu1n1PneflCOq+89huZ3mZ/XfcyU//8q8yM7uDSlShWqlRrdSpVmqJEmTOGNBVKmE0PKkoxpsT4A3nFwcUXhIHpeCoEjgchqWigs1Taqpg91iV+w9Mc2DXTqyqcXGhTRx4PnDffsYbFTppgfMaLzXGuPIkFVawMsZai3cZtsio6nLXtDCWNM1JeilJkjPoDzC2NAdYbne5vNAmqjaohCHdbodOr0MUaJqNOq1mgyDQZFmBdRIhNVIIlJRIpVBKEwQRUgZbAIVNFa0EJ8CK0jvZOI/CI7zFOEsnz5AuRQzXhFAKiyN3HinLyLfXVzLqrRazU5PoICTQAVqWu7NCCrxwm7aJQwD23m3bwnHbMgS2sNH19aJNHrslwH7I9dYNJ5wtubRjg0p7seUa3w9nm0Mh1/rakfebq0Zyw9lqu7XidsZ6m2i+bTu9t85yb/5z677w+itbvxjhTR1xbyeT9hs70BtDlJva2RuPf9Pzy+HrlQikd9uZ8jCOeD38dn2NSCLK92oI+t7DZKvBrt2z7Dt8hLGJMTqdNQqb44UnkJ6+rPD15159fO7M6SfF+AyyUkdW6lBpkMkI4QWRDghV+RVIzeEDB1+Z3jH73JVOzlwnpdMrfy/DqMaO8RZKaxa7OZaIShTT6fVZ6Q4Q3qKUREsweYpP1pipCA5O1lBCkhaWVy+3mYos3uaIKOb6lUssL60QRiGy0cQmvUdtv31YhBEiCL/rvnwQY3UF+T24azwC3e/IUYag3+1w8NidtKZnCat14kaLuNGi0mytqijs9a3AEKK0IsvarKwu0M1zMi9IhnFhzgmMF9y3t86Du6tcX3NEtXGmxye40fW0U4v1gvbqKqurKxRe0U0KksxSrzeJKhWyJMO5MgS8O0jppo5Ot4OXAePj45y/scj5xS7d1LLW65PkGV5JZidbtKoxhTMsrnVQOqYShLQ7a6RpwuR4i9nZaer1GlprnPU4JEJplNBoFRIEAUEQoJRaT3LZXLnZcHHanPAZByLU+DjasHf0SPLCEXlbGnB4jwpCcusovKemJVdXB3SkZs+uHUTVKkEYouX2x98EILftZO3W14XW28++ZF1b4cs5sQmQw8mid5ut2BJ73eYcy2+3XxJbsGTdnUluOg0jeIsOohBDUL7ZdvFNTmbiNraPvJmSeX0OWx7gZpDhZoD87UF3++7vJnEV2y4ONryl/Zb7cHMgg7/p9dzekcoP2/3rnxulNn++Hk+1GrFreoI9Bw6wc99+8jyjPxhsHIcMI04sp1OvPfvNj9BpV0xhKbKCIs1oVWJ+8n2P0Wi2mJ6a2PgabzUHO3fMfLlPOFjoGUyWl37iUUzQmEFVm/R6PRbmFxEyoFZpkusWRFUG/T4OhcCTexgUggcP7KAeReS55+XLawyShGajyvmOY9DrMHf5MjbNcSqCvH9M5P2n0CEo/V355WTwPXl+H7WXv4OBN0sGTOzaTWPHXlauXCpPnEJ2ryduoKVldZDTqFQISakIQzHo4kOBJShnWSoAa2nEAZONmLNLOQt9QyUcEOoxYg1KOqqRplYJMUVpTyfCGr2ktFmM45g4kvR7PcbDmDXdIBAWk3TpmxTpC3CSQS4JtMIaR5pmIARRFNHvDMBb4jgkzTKyLGOs1WJ6YhJHqSIuT9yKQCu0Lp16lNYIKYYtxaEhw3CGqoQq283ODYGuBDKLBGPLk5qz6DAsDTCkZnasTnwlpygM6AhjPFpIrLFc7hdM7NxDc6xFEEYoJcsWthDbNUsOnC3XjMqWst9gsbiydendegABG8IpIYYtU1eCvpB+mFuwdb65va27AU5DurbFKBLv3Ga6kF9PMBpiuvNDA49NyycPb2K56H7f6+5bd1/f/HZb3ysh3oqh3MZmUvibnusmD+ehMbXfkt4kbpO3u62NvUXhvdESZz3hfmNwPZyFO2YnxtizZxd7Dx/jwulT9Po9arU6QSAJFbRFzDeff+3dD3/g4vHmviMv2qENYRQG1ALBhfPnqcTxJqORgv8/e/8dJ2l21/fi73POEyt37p6cN+eMsoSQkMhgg22MbQyG6+v04oKvf/bL1/b1xb7O19hgjI0tISzAgASSkISkVVxtTrNhdnfy9ITOXbnqSeec3x/PU9XVuyuiMNhS6SVpd6anu7q65nzO9/tJexfmP3+qVrtwfqt105yy+DWB4/r0h0NazR5KJ+hAYaVDvVrjcmtANfGo+AHdQS6w6g4TGo0pbpsrc/TMOpvdPlebA642Ixplj61eRm2mzGB9HRsoHAtCCsdm0dvpbf8S1nT/J1r1gXTIKnMIa74Oun8iRnOVi1sc18NxPaTjoBwH3/dwA58g8AmCgDAIkK76nx98HYfQr3D45lt57uEv43n+luuqbuj6DI2mG2VMBRJtXITnEHiScughukOkNWhraQ81R2oSYSKyKCEsVdnoRmz1HKSwaCy+54LIiOIUPeijjUQqjyi1eIFHuVwjJWQgXHx3ERuGrG71CZTESlUE/ks830HHCe0kJcsypDA4UuIIl0GcIKWkVimhHIVNLaKwAUnXRWmLchRSyV05wrlVpPDJjgW9I1DZqcezUpBpg4smLTi7ODG0+xHToYuHJgKs45LZvGu3mRhMbY7F+QWCsJK/p2S+hhRF4IGdVCEX/7Lj0xVjMM3dMkWEo7QYYRBW7eJCJxoAx5nMOfxZxDiReWIRZcRE8uOreExGXKfYAc/JoI1CPCTszlSY//FJVfSrgPcreHAmc5xfz0o0uijIguzYPXn+HklFYcZtSWJcOSjGIqjRRuPVPbxfMYBjNC1jd03Soz8qZd40lW8jDI1qmf3zc+w/coSZ+UVWLy8TJQmuq3IvuFfmhSubh888/fi7bnCdk0kUGYAesOg6fOPNB/iNJ85Q9t3xe1cKLlXrlUeurbRuwq/g6IS1rW1K0uJYw0BbtFW0+xnzjTKzdcXF5UvMlDxcCzNTDXSastVq4wjBwUaJh41gq59yeavHtFvjbDNmM3KZj4bYoELaGyAdF9cMHsBdOE555un/qSIhhSDN/tcE3P+5QFfkfzFaW1soKXybJXdcu3B2b39jLYkc6Z+/crVivZC5mRk817OlMIwqldKqlOKa47hJ5jip47pd1/O6u9dsf1zUrcVxnHGSTRiGoB2UUijhEJZKGPR4nTYzPye/70d+2DQ3mp0P/8wLWW+QMAhDelHGbKXKTKCIrYPJBrhKIpTA2Dx1abU9ZKHaJvAyzrVTKmGf1Aq2Ohk1P2EQQ3OgObzYYBBtIB2f2eoUvVgzSFJiLSn7IcSGfmuLgc6YroZ4AcjYJctcApOSJAbluog0pVEt02gN6fVy0JVIhFS4ysV3vKJb3CJU3v6ipJMreIVCCjlePe5kOxSRg1YikEg7saoslM3GSjIjCLQmyzJcJRgK6A9jSF0CqRnoDOnnlzWBpi9rVOt7KZXreEGAowTSSoSwOUc7PugLJSwWPeZnJ4C44EPzHGaQBoR6rQBpxPUKI0CN1LUF3BaAJkdAYoo1thGIV++Qx2UABb8rdmrzdgRKtthNi4k18+/Shjbhg92tWGbXJP5qRfMOWzXiqiee3+uupV9XzpBfWnZZlV4L7GPw3MUJy93EdxGgMn7iwrK7sGjiAmRzYFZKsm9pnj17lthz8BCrV64QDQZUggAUuJ7LShvvqSefec+Re97wS/78vks6y6ddL/Sxl1q0e30k4fipOI4aHDt88LOPra5+35nNqHLDnIMTRWitwQmoBg5BGNLr9RkkMdO1Gm5QpTXoUvV9vHIVOUzoNTdQWjNfcmiEHms64elLTTI3xfcD2rHi8pVVrj73Cvv3zefahUHvgFPLHkCoZ8QoNPt/gg1fmsTjCsuvg+4f46NcqTAcDDhz6gWsTvd84cMf/OnWlYt3Nkr+QJWr7ZfT8spKu5+WXRUHnquFtYnO0pKULKRpGvW7vcHNy8uPrl++9JPDON2Mo2gXN+Q4DpVKJecPi69XqVTGvGK9Xs9/z1rK5TLValV5nq9d16VSqUyFYagTSycMw71B4NuwFF4rlUq1IAj2+r6/LAR91/OOB6475Xlu7Pt+trm5NZulaeJ53uaTjz+2D2tO9Pr9S4O0t/Xol798a70UVgU8vr664m9vbrzV2OtWhQpt5gbTJrMME02TGLYMRoY4gctiGOArgxIKTZ7F20szDJaFesCFlSwPtnA8IutSI0WnGRZBe5CSGoURkl5qGSQa13GJBwNE5uC5ZQSKdq9D2QPflQyjjN5Q44cSazUrG1scnJsh8BySJM4PJKUQOgdLR+UXC4lEAUrlB7MQEilMAbYjvm+3WtWyk0Gcj9a5aniEMUZChsGxhtQKfM/BDlP6cUI9cKn7DpuDDCtKBK7CaEvil6k0piiXa7kIBY00GVLuttpYu6MEtha01Rg94de1421uIZrK4UZOemFHJ/5ERvDOpneU4azGs+eOZ7fAiImBblRuIOyolNfkc6aZiIKcNBnb0VQsX7M6frWl6PUOwleLwr7SanDHEyxfu+79XSZTUdDAX8me9No19iQI7+wNdhc5iF2T+i6uvJiic7DP378z03X2LS2x5+BhXnn+OYaDPklWI1QKJS2DoMxTp87d9uaL59+w76bKpSSOERZ6SczBhSne87Y3EOuxdgvHcVhf33j4mWeeP32xuXnn/lpAP4qZr9YI/YBePKCjXQKh6Ha6BJ6PlB6yNEVv2Ofs8grTlTLKr9HJDEtLC/zQuxf5j595jssbbTLZZbYOQW2R2ZLPxqWLHDwwj9Aak1nS5sq7VTD9QW1E0/5Jn3YFpMMeSTykPLf0v2Jfw58g0LVQLpdxXLfsB8Ehz/cXHOkGpVLJlMqlZBAnweMPP1IxxnLihpsvtLbWljZXV+cVsN7ulG48ct1H/sWP/z8/kriV8q988AP31z219+47bkufee7k3b/+a792T2d7MzDW8tTjT9xeff/7thylPp9Ekec4nhf4fuw5drC6ujr/yU98cl8a9Vqe525/6hOfOHD48KG5pN99+erlK+YD7//AHUm/fdrz/UsPfvrT97x86tQBV4gvX7t6tfyJT3zim2+8/no96PdXn3vu+ZsWFuezyvkLj5w9f/7Y2trGnXsWFx4NXLV2eWX1m9LM7l2Ymx2k8TD+zQ//5pLjucmxwwcuf+y3fuvQ2lZ7Ye/+fa3AEd1LFy7uqzRmxbGjh66+cupUcHVtbebI8RMs7jmYCOVL6XhkJiMxlu2+JrMDhs0hg0aNfiyJEk0lVHmyVGZZacUEjsJIj2GmcVTGRkcwEzjMNkoMBhEl30FJh2EUo7M2nd6QarWOowRRlCFdQWlqhn6q6XQ7BEGJWtknzhKiJGWYaeqlEKkkwzRBosHqXARVpDoZuZNopKTEkRKtcy5USpl3n9oiAWrCfmLG2cTFylBKhM7yBKeC25NSYHCQUiGlxMlnT4bREIGl6joIazA2w5OCDLBBiSAM8MplXFciTIYwAiGyPBx/HJecryJNoVoWI8uQNWOh8ej3LKo47ie4y4IUtia/CFlBbvkREyBjc/CUyHF3rhWqANscXEdFRTsgLXc8zIWKfZxMJeROK9B4ZbB7nfx6iVTssvKIXR/36ozk19saCTEphDIT/lux+2tgeb1Qi8kGp9GF4DXeZnYiLnNee+RUfv1Lw+6pWewEbRjBKCwx0wbP8Tm0b4k9Bw6ytO8gZ158jkE0IPBcXCHw/IDldrv24uOPv7u+sPQRlNvLs7dhqeITpn0eff7suGdXCEGSJitT0/XPta527+zHgMkQXsahKQ+RxFxdbzJXr7N/bgHpSLa227SjhOnQI2k20VHEE6uWWqXCsVLAkf2z7J2/wrmVTarVErVKg8vNASXXsP3kM0zt2cOJG49C7KKT7luyqH9TrNVD9k9yLKTN06e6a5cpTc39L63X+WMB3dFkGYShK6Q8oVznxo98+MM3zzQaN509ffrwhQsX5lvdrl+r1sz540fTwHX85599rryyvW3vuvvey4GwmRZyTghFEIQ0t7dPfPTDv/4TKigvXTj52N2X1zbnXznzkqkqwrlqySu7Sxw5uA+dJsGnvvClH5+bm/tBhQla7Za71dqOD+/bN9xeX5v9mUceaxw8cjS2ybD36Qc/N1Wp1eUdN9/cW1tbMf/p/e+v3X7nHcODiwtbj3zqt/e1+kMO7tv3V4a9jvzEJ387OHTkGAvTdVZWVhhqQ6b1e6Nem95ggJXurYtzs/RaTS6vbTA1NUM19Lly5TLrnT4H9+/do+OI1Y0tHjv5XGO6Vm2EriK6tMwjTz211xE5eFy4ssr+g8e8d5yYwRchjpORkJKlKVIpaoHDRqeHlgEzZZ9ukiCVg0bQHCRMV/y89i6zzDTKrHaGaBkSeobO0OAFFSoiYxC3cAR4rqLVH1KrlukP2mx0hxinRhQZ+v2IinVpDhIE4AYe7VafWrVEqRSSpBrfVRidIoXIAVUW6uNiEsppWokVBjEC2lHP6jhLeKeQQEwA8XhzWExWoyjC1DpY18PGMWT5xJpZS7Pbw8Nii0B5J01J3QrKC3LwVyVcJ6/ZE8Ygbe4JFkVQhS0UsKN6u7w9qLD0mFFkhlOsl+0409kUlwFbVCyMm4dMoUAuLElCiBFm7nhrobDByB3KdjTAjfjm3PA75i6FzD/JOKN5vH6d5GJfm3b1WgDdUWizS7j0leMhd0/FdmKVLV4lrvoKSVW77x7jj339VCzGfO/u2MrdqnMrXqu8Fq9qJBTjVbrB2pQ9C7Mc3L+PfUePsXzmZaJhn6RcwSe3kQ28Ck8+d+rNN95x+12lav0Luii477QlaZJQn5qh7Krxswh8P7nbqs995MrqD13qpPVbFkr0e23WNiSl0MNzFINBHzU/Ba5DOYhp97r0E4cjew4QWM3WxS2Wh5qL7U32La+TDQYIayhXp/Fqc5xbv0LDF2gT8PJLZzhy/VGU68Awrdpe8x3e9P5HhJB/YlFXCEnW2xjTbV8H3a/mF3Sco6Vy+YGzZ07fcvHc2Rv725uHVRYvfuB9/3XGD0vUyyV0krCyco2tVpvPfEbhhyFGJ/TabZ45+dz1M1PTzIiMhXIe1dbaWLvz9K/8/J0SwcGFaRaqDo898iXObQ9pVHyMtaz3B5QCn9WrV+utTqe+Z3GRUuBxZWWNmZk59sxOc21t1Zy5fEWVw3Cq227q6PKVZGVjy5uqVqzWpv/Fhx6Ri4vzs2mc9K6trGZXVtfdahjEWaoHy48+Zqem6qZeKputVitpdrtmulZP5xfmkihOTC826dz+I+nSkevSdqdrgsDPTtxyRzqIBsRJks7MzGTTjalhu9WKPd9PAt+Ph9FwY2p6WqRpktbrjVZjajqKE33i8qOf/r6sEx+MhUQqSycx9KKYWtkhSzMqpZRD83WeurRBoEAh6A4109VcjLQ+EMxkKZ4bstVNmK04hOUKV1bXqJRDqqUSUQyVaoNBu02r0ydQHsQdVla2keEctVKZYb+Li0OlPoUxlnqYkGQpVuQl8PmUJXDIg5qE3PFy5lRkvu4U5ClTVuZc9DjneMRbjvw1Ig/BUEIUoRI72cc5Lwcai5WiCLYv1pxCkKYZFZVPx1JIgoXDGC8Y86zKdXA8MCkgsnx1y87pPzmNWpM3BFkzKaiaBOYcbLXVqLGQKlc9i4l+3JF4So0lxjJfryqTc7xWYIxFqgmzrtiNGkLKnRgMkcdhYswY6CniJV9rFLKv0+rzO5cS7HCiu9OfXg2Gk+EZdtQdLF5vXfwVShLszqT9epGUr74EjJ+hMOyUGTNRlyhfvQQvNgRFfrfdqUzU2lAphRzcv8jeAwdY2LuXa8uXiJMYJ3CQVoMfcm6reWD92rX33HL/oYeMEHqkgn773B4a6zEb3QRVcPqe62GFfKFULT+zMmi+9SYRsHcuwGTQ70bESnBizzQaWF3fRkcRlbDCylYT5frcumeWmr/FtY02V1stXk4HLE1VaFTLKD8Ax8MpVQiCEITi+ede5o1vvofp+Vky4WJ6q98ULBz+DyIbrv9JDXUyFkw64H+ZVoM/LtAVxYRjjHGzTD+QZdn3vv8//8e3Z0m2uL61UdfaioWFRSqlkCRJ7KXlKx3r+q1jR49tXX/nfSuZztJmp22Mpb+4sBi7Us68+PLp/WurKwsNx+yROZ5Q8hzSqE+qFWkUsxQM+Y5DdR6pVfjCuWtIASUBNads73vPux7z6nM//+ILL6zOzk6LO+717Llz5/Wx62/SD7xj1p47f0EPo8ju37tP61Sba9euUWs0zBvetsTVaysmHg7M4UMH7CDVZmu7ycxUwxw4cEBkWWbbnY654boTZnqqoZvtlpmZmTYPfuZB/aUvPWRc3zf1mRlmZ2fN5samDQLfHjl6zKRpQrfbNXv27LH79+4129vb2vd9K5XKup1Ocuz4MdFqtUy93siOHjtmN7c7zi8//vnycJj9NSEkwomJEs1a19JLffY0fOqeZabi5ZV0xuJKQZxBN0pwHId+4pAmAzx3mt5AM1srU62EpFLT6/fpo+hHmnJlivnpWZrdPnE0JPRL7FmYYujUEVEbT2qccol+bFCk1MoeW70BgdOi7Lpk2iCUAqvz5KiCqbTCFCrffNqSY3XyzowiJltz7GTBzMQJXgCLsTthThkKE2ckmcFzFUoZemmCFYqFRgW12cGgcaaW0CYjS2KM0SAlwlUoNDZzwApkYWcymLEr1mDRIg9eHHG3eaiF2QnrGMU4WrFrqhKjMOYxIuz06I440JFFd+z6Gff0jTp4mcxxLCwvo9dFMlGnuxv8XnOc2VcJpOzvyu3uwsRX1f69moMdXZYsO93Br8fTvz7nCxPB1LvWyTuv5Y6tapysNRbcMQZaKfgKEqId33QuQrNjkJcS9i3MsbR3iT1HjnJ1eZkkiigFIRKFoyTbsSdeevnMW29/81uPeX7wyug1qIU+yw89x+MvXSLwnPHtQApxee/i4mcvnum8abUTq3KpjKegVnK43Oyw0UkwwqHVHTAVeAyHETbLWFlb5/BUhaMlyRPNLW5cqiNsjbVeBH6FYZKiWmtUHEGUwnQg8R1JEkUIC8bxMcPO3QybdyCd3/6TCGq5Dc5+DcDtHyHoCiHwPI8sy6pKije/7+f/8w+tr62/qdftzPiuk3sxXbenrd7qJ8nJ62697ak3vus9zzqOvHTbbbf3gyAYfPSjHx2sXL1qZ+fmrDHWzi8smiiKnIOHDpsf+z9+7PgjH/rAT5165PNvaNQbKCW56eABLrUHXO7FGOEyHff5lhP7mN+zxKdfvISxKXdfd6z1ze95+888vdz+wMunXqZeb9Bo1NjY3GJqZobp6RlWVtewCKq1GiazNFst/CCgUqlSrvRQQKVSwTEQpRnVWo2pqaliIlFMz0wzPzeHF/jMzEzj+/6uw8mYnTAFozVaa4wx6EJxq4tfs0A6+ndjQCi0tbz88IPZcHP9quuH2lGxKrkuaWqJ4iGZGTITuKh6iMJQ9lw2ekM8R6KNpTeMqYQBaaowWtMeNslCSbPTphTmyuAkigmCKqXAwWLx/RLTTkCrtUmWZBgjMXEPHechGkFNESiD1oYoM7hCMlPLb+HTa1tcabbGnOhodWTMjuhFStAShDUI4ew6gq2wE9ykGXN34881EhIxznnKb8xWIF2HxCQ4AgaZZqMfUZYeEtCZxtgMJXNu2KZpAXQKqxywbsHr5gHL4+PdFKvkwrBr7Y5Xd7RSNtpglMmD6yfAbCzCEpM+1hHnW1w2hM2BXonxFJzTocUEXNiDxtPjhBw3Hzx1AWo7fb1jYJZivH6dBDshxGssOL+XdqCxYOrVYC4mJtWJqXj0dX7nftzfWeX82ufPxOeejI+cnKAsX7kQQY4W2MXrZ4sSqYzZqSr7lhZYOniY+sxJes0W5XIN6Ts4AiI34KlXzt3+xrOn33r8gbe+Ygrv0RD4ge9+N/qjX2Sr1cNV+SbC932TGfPQxUvL15ab7f2hHbJvYYa52QZWWnr9DkngU/Z9Ep2QxglTU7NgYXmzw2IAjUqVBI8j0yEXmz1anT610gyOzYgTy/J2wrDfxSK4tt1j6cYyfqaxOvBse+W9cuHGT1mT2j9pYcy53CH6mphy/0hANwxDlFLVjbW1N1w+f+5/e/7pp76p2dwO1tbW2Wz3srn5hXM333zzJx944xs+c+ONNz+3vrq6+tzzz6eeH1gpLK7r5k0x7LSzTPaWZklC2fdP16amT3ej5A3G6TNXCTlYn+LWwwd4avkalza3IXSZ297mnUePM5TX8dzFFZ5Y3nBbH/hgcOj2B7jpxuvZbjdJs4w4SdHmVYA4ytSd+PcRp5f/Xn4Am9f57w5Q5hzkcBjheh5xHJNmGZk2aFNk+BayTakUynF2PMgSyoGP0Rq0pr21xheff4ovffTDTM/PY5sthEhJjSHwQIkcVPPVq8VXUPMN671RZKBkkIDnGbb7Ge2KwHcUg8SSxUOMF+J5PvPzi0gnII5T1lp9ko0m02Uf3/WohSH+IKGuymy3LZqEZDBktZnkvmjfZ6bqYxyHs+tNLm+38/QkIZEUB3+RxjQ69I3Wo2743ceilMVcLPJJ1O4W4hRzMLk4ZMfDmSHJHA+PDJtoAgd6VtIZpiw0DA75z8hqg3AdEAKtM2wGQiik4+af02qslTs9qQVHORo0dydO2bHYSU5EI9qJkvZXe3XGaVRFlZ8l3wSMGoOYKIu3xhTWKjkxwRYXjREHNuZ6TaGZFuMGowJWJgI1dgujdquPfz+guFtwtVPC4ALe+BIlClmyKC4GkO76ueXf++tbRIQ0eXXh60zXo+CUkTAKu3MNyD/n6F0iXmf1vXP5GdmNRsy7LvLADyzNs7i0hwNHjvL8Y48SxRGu5+JgcV2HywPrPf7Iw99y9K5v+A0rxNp4dpeCpZk6W60uqc5tf3EcU62UX6zV6k93m4P9vucQxRHdTp8kiXO7mhToTBOnmrm5GXA9NJJBt01jusGt+yTPXutx/9EZDvUSTi6vM+i0IAxIu226LYGcrzBdr+EkMTbWJMMIkybYbvNd4Uy8J+6sXf0TU25vLcpx6HR6eEEZX6mvg+7v9wX0g4Cnn3zy9sceffjHfun97/ueUuCH0g2Z27P/0vSefc/O79n/5cNHjv66Uup8r9dFSklapLr87jt/iy8s06HLyUe+6Dx38rmKQVAKAqxVnFrdxqs2+JZbjvG551/hla0+1arPzNY1bp2aYyOapdfpVJ59+eyff+u7v/1Tf/vH/vqlD/7yr3BtfYvr9i1RcRWxtvQGw0IY8wd4KAc3KBFU64hOh+0rF0k7TR649y463R633HITjhB4RbbqTK3KdnMTM+zR295ky1X0ul3Wrl7hxIFFThzYT7MfYaI+D/32x9i3/xBv/84/xflXXmJr4ywxHoEncaVgaUqz3LJkVuFIzfx0g+sdl3NbV0i0QQpBqjVpPERTZmB95jyFsQ5eEFAplYmNxPEcNre3GWSSMAhIs4RhPyZOUobKRSqH7V6fTgKzlSnMYIBUCcLNgzbOXFvnQ0+d5ep2G4ThyFw9V2tiUTLn2/RolTSaDg1IZzQayQKYzQ7wsNPbakdBEKpYmRqNRWOtysPspUNmJb4AjchXbVoTZZq5sk/ZSWjbfCIVrsgLDXSWA68QuQJWFKta6WBNRjFmjkFJa5PHPVpTLJxHoqrRupmxH9eO8pWLy1qugjZIOQGwufT2NROaGqm3xcRaWe1ewduiJ3A8jdudCwhS7KyzRe49FmP/LK9SNU/aceTuiXByHf4q8UuekjaipMP8SLFDVq6tsL29zSDqoDON6zrUa1PMLyxQq08hRAlIsDZGWIlAY8WrqgxH3PGEEnr3lDaKttTs9lSNVvl5sMr4tZkQVeXgWDQQFa+V0aLI57Y4AvYtzLK4MMfSgcOce/FFer0OpVKI47i4WIZOmZMvnXvgbadfunvuyPHfGp0bgyjm3Xdfz7lr6/SGEVJItMmYW5hbP3rowBee2lp793Iv8Q8Jg0cX33WI44yLnRWqlSoztSmE7yOUpNft0BmkXBAJMyKlm0EzStg/W2O2VuHK+lVWtGF2epbrGxXecHSehYOHEfGQ4doaGoEXVsji6EjaufYW5VU/aP+EJD1J5WCNJk0S/FKVr5zX/XXQfV01crlaZe3alT/z6x/8hX/Qajava3W79KJ0ef/hox85dPToL992802P3nvfffrhLz2E5/uvo0T8yo800zDsEZiU8nSNjdWVe9ZXVr5BWxgmmgiNkJJL6xs4WnPf8UMsznZ5YXWTl1e6HD7coO65mGqd5vbmm04998w/G3z3d/6NH/yeb1v/5d/8NMcaZbZWruBXpjj09jfw67/9eTqdLpVS5XdZo0OWaaIoxi+XMdurXHiiyZanSJIY5XoM15b5wR/9a3z+oYf5lm95L1cvnOWSa0mSmINL8wy2V0jbG2z0WgzaLXSacuaVl6jIb2DvgUMF8EBtaoa73vI23viub+U3fvEXxG89/mlJxUVJSc1TVHyHsmdZ6UbsTwOk9JitO1T8azR7GiXzDOBMJ6QmYHOQ0AhDhFT0U4sXRThOQH8wQBuNTTM6UYqjHLpYhM0IHB8rfJrtLYaxZtqrEYYhC3Mege9i04xTgyHn17bIrKYahCAVSkpsaovS+d0NNfkQpLEaUO5kYNNrVpn5xJhvD+TIRmLz8AirbBFkD6mQBFKgBTgiD9zoaoPQmmlPsB1rMpMS4CMBk2mMTjB2JPiSIGWR1ysRRk0IqYo5apS1bHYm4HzqZYK3zdfKhp2wjJwzlLsnxeJjRkppjABHTNQGmgJ4JFhFvnymUHKPEjXExEp3AlRtHnsoilpCYXdJqSbUvJOr5q/EsbILeHcuRA5QIRlu8vCXH+OhLz/Mk8+e4uLla/R6Q9I0w3VcFmYaHD16kPvvu403vekt3HLb7QhRxdLf1SW8e508IvR3rFC7V8qTk+tukdbOOvv119WT39bormGsBGvITMbUVI2DSwucWdrD/L59nH/xFGkc4ToyD3RxPC62BzPPPv3UN33D7Nxn4uEwHn2JjhCUK1Uq9cb4q/q+z+Li7MOOH5y72Brc2JCGQ4szBEGV9eY2vufSqJTo9fpIqUiSlH6/RzpMudTPOFQRVEXMyQtXufvYPt5x+1E+fRI2mh0EkFoYpAnNbo/llSaLB3pUqiVMmuF5jpMOWt/qzxz7JaHkH/8eV0iyaMD6hVMkcUx1SvC18viqgG61Wis/8sgjf/v5k8/+zdTYeqk+xdLho7++2Wz9y8OHjzxarlbpdbv0e73f9+dOs4zjB/YxUyrl3EgQOK88/9yb+t3unql6Dd/36PcjHFfQT2KeubLCRq/O7ftn8Rw4dfYiK5tNpKmijUTVp/jsZx/83nfefqL35m//7h9Ls6yTJhky6nKk6nDDPfdw4rY7STLDf/vFX6HXHyCc3Lva6/eJ+33iOMYoj1a7x4ljh/mGN9zFIx//GNHl01zqtaG1xuy+gxx44Btz71mvR5Ik9AcDkiQlzTRZbivK14BSoRwXx3XzqjHfxw8CfN8nSC1ZGOK5LtGgx9OPfPG6qytr32idUJQ9iyM1OkvxHUHoZKRG0xnGXFnboFINma96rHVSAiWL4gJDphN6mUtfW6zO6CeCaZGnOQnhUKs0iKMtpNGEvk+1HBDHXbRSGKMpKfA9RTocUKqUMUha7QGz9RIzU3VctUZvkOE5afH9FSXiNucjtcl57NHJKgXjmr7xpDtKoyrycke/N65oH01/ZiSCkdji61grUI5HZiN8IXEU9JOMfpwyEyjORAaTmXzyEQJ0is7ScfRjngBVMKpCjSsFbeHFHVlibUFBmCIG0tjcoZv/86gQoQBSubMW3UmnmgA+Y7FK7Fh/jB1bfaSUuSBNOcXEWfiE7SiNK1csi8LHO1qtMoH/YjzF24kF/Y5XdreX9St4aCcuCTmq62K6FXzhwY/z337pwzz65At5IYYyDJOULB1x39BqdXj5wlU+8/knOfjfPsY3vu0+/sJf+D6OXXc3lj4i3/G/DjCKIg1MjMNTXl0xOJ5umfTxyteww/ZVGq5RF/DofTb6aJ1l+F7Igb3z7FlaYs/hYyyfPkO31yMISygJSmR0pc/zL5567y133PkLtfnFp7TW49fx3mN7+ezJV3a+lpTMz848t7Aw/9z6ufaNMS59o6iWAupZiSTJaDc7dAcDKrUaVmsCJLPzNda6KUHJ43iwzXMDy2pfU/VC9pQ91jYzsjiiHQVsxrCHlO7mJp3tFqVqJRcpZUA6eKMy0Q2U509h/pinSuWQdDu0N1aoTM/ztfT4Q4GulBJHOQdeeP65f/bo44/8qV6vr7QVp2+57dafnJqd+1iG3I4GQ8Jy+Q8Uu5hlmqN797BUr48PJ98Lwng4PKTTVHjKYd/cDFt+j6ubTehGOZeqLZKMQ1Nl7j68l5VBTNTq0uppZh3BzL79fPzzX/yL1/qm5E4t/LyW8kmEbKfG0up2edMbvxFtwdG5ujUshZRdF8cv0e61iZOEh548yV/9xjdSqZRYWpoja21gtMYNS8i0ivKC8SSgiiJ0x3FwHKemlDqkMzFUSq1KKQ9LIe6T+WNLSumGQbDw4osv7bm6uuW3Op1odeVamMZR9eLG5kyS6mMk9kQYluknXebKbi7AEZp62SPDxZCv7X1ZpeyFNHtNlqZKKCURJp+6Muviuz6ZVTT7QxYbHlnWR0oHwjIz80vYOEIhCEolAs9hu7lNf6Ap+R6EPq7I/+L6CoQrudJO0EIxVQ4YZBrPKWweRRWdLCZbq3d4RikEVqi8rccYhDQTlXeM17OM+ECxUzSUD3k6H77kzoSXIiHwUJGLyjSeo5COg0VRdtJ8xa1zMBBSYLVBJynWKqSwWCFz+5KRO8rgPFtq/JzylbYZl9tjRwKxkU82D8JA7thrjDF5Apcx41W5mAQBPaoqzIViKnTBdfJfH8YkSYyjJDLwwfPz1ylLIc12MHGCCx7xvGKSWx5VCI71SKJoCRJFh+/kE3r17Ll7xSxkiSTq8lM/9XN84Fc+zna7hec5hFUP15dUU8tgGOfBJ1bhez5CKZLMsHxtjZ/5z7/Cbz/4EH/7x36E7/nePwPCwdp419cViELvtKMIH9mj7FfimUfRJMLuXGqKPz+xfC8uKBMT/kjYp/MijlRr5mYa7FmaZd+hw8wt7WH16lUaUxnSEygLsXC5cHX90Na1y+86eMtdzybRQI/eMeWaZvjoECXk+Ll6njc8uHff55cvXHxvLN2qwtJvtRh2Oxjl4rkuC406EkFsoVIpE1mBUpbVyHB4zwJPn26xud1Gt9ZoN7fQmUF4MExTNtsDhnHGgXmf/tYW7sH9JFj6g5SyL5ay3vp7nNriqT/eVW7+akhH5b3ZX2OPP/B37LouK1ev3PHFz37qXwa+9/YsS6juWfr1N7z17f/gzOkzL2ZZlgtg/oCkvTGGxekGs7UaUZrurLIcVeoPh0ux1vSzmPVWhzjWdKKUxEgqgQsKtvoxgzjlcD3kuvlpTveatJIOM9ZwwnPZ7kXqM48/+2cOLM68K+q2W7Oe+AUl1b8WiO5gMACpOLh/D0pA4Psoo6lNL9Dst1i/chlx7mmOfN+3Meh0iaI4n0RG01d+sjnG6OOB73/LJz78oXtTx+//x3/375zm1uZxa82+hcXFePnaRufy5UuzrW5vxlgrAtdN0jQRida+sNIdPvcizXaLarWCUi4vnT1Pp9vmlhtv5fb5Klm7n/OL0uAK8JSkHxn6sWFrkDKVGeYrDvunfFIh8nYekWBNxiA2ZCJkfqZOs9+m22tClhHUZnEchyyDTPkM+9tsdDqUSlWskHSHfbzAoVzykCaj0+rSTgRRJvE9l9mSS8nzCN0U3/Fy640QSGFyABKgCx6wkNfsiJSKCRE7GYQ4dtaMhTrjkjcxmfZkCwWyyOMvtUE7kiyK8ByPxKSkxjId+Bgb5+XYRd2bsRYdx2htwS2CO0YWFLmD8qPnZ41lpO2aFNgJwS7x3UhAJQqxlVJyQjzEuGNXIvIJW9q81czzGfaHvHDyZR5+6gVefuU8a+tbxMMEz3WZnpni6JH93H/nTdx9z03U5qfyMzTNJnix0WZg5HkuFOMTLp2x7nvClgO/k4fWji1OUpSJetv8nb////KrH/sUYc2jOhXijP4KmHydHzgKsnyjo7XG6gwhJX7g4jiSsxdX+Js/8U9YX9vgr/6Nv4oQ/o6SVaidS9fEull8hZSOV4vAdl02XqOLFhMabjvmhIUtwkoQJFlKEATsmZtjac8+Dh4/zsrVywz7Q0LlYiU4UnAtkerimVPvvuXeB34x1Xp59LykEHz7Xcf5xS+exFX5azwYDtm3d+ELQbV+bmPYuz2NY5QX4pYqZFpTn2oQui6dfsxgmGFFQEkawiAgQlJXGfudazz80ipHqoqeyfUNChBuhchKOoM+G/0hw3MXWTp0gLDRwHUVmbHK6bfewXDrp63Ohn9sm2UhiIZDzj37FL7rfR10f0+bAddhZeXaWz77uc/++1a3d7NFDuf3H/5HRsf/vlqt9s0fYnUhhEAbw0K9inEEpggUHx8F1iiJcaJUs9Ia0h1kpDo/8Bwl0AayYjU3TDPObHVJM01Vp4g4YiPRmOWr3HBggReudbhy9cr04cW56fJ09R/0+j1HIv4xkACkaYYm5+Aca0iShCTJE6BsHJGmGZPfqxASkyXXSynf3VpZfseVi2fukZa5mZlZ2ZW+fezFc2K9F3FgzxLnr1xjbW2dudnZ2PeDXm84aHY7nVKlVKpPTU834zTa7EdxRfhBo1ybWZuanXtGletpdTi4sVprHLcyrQgB7dTQCBwcmeG74GUWKRXdOKU9GHJ0zzSXOzFPXmziCEmm8+L2yGRs92PKfp8oyigtzBA4hnYvIvE9Nlttut0BviOJNXgVQTksMT8t6Mf54eEg8/pAEzNXcgldw6XtPsLavPt2YgIVFoTJiw92wgvErrL33Kpr8y3DRKbxeCUrR9aYonavKKrPQdopgjYKoZYFLfND2xEWax3awxjfDXAsGK3H5QICMFkyFjUJIfIF7bjDdzxG7uJ19YQox2DR2qLURPsQO8UAUo7CMdgROL0q0jAMPaJ+zCc/+yV+9aOf58mTp9hoNUmSFIzO06i0QCoHoSTlMOS6Y/v5zve+he/8zneysH8PZCnC6IlPP0JXWUx1MApMtCOg4dXF9HICxDTsUhZrpCiRZQn/9J/9W37xQ7/F9ExIo+GRJhKpLZ6w2NgUFjiB1hYjLcZqssyQaI1QDq4rmZ6u0R9G/D///OcIQo8f/KEfRUgfTJLD4S5z7mvx87UBH68G1wmTt/1dBBojRXjO5GOMxiDYtzTH0uIcB49fx4tPP0mr3cptg1KipGGAy8mzV2+598KZN0zvP7KcJUn+nKSg7HssLC4R+u7421BKvbxvcf7pK2ebt5/bSAh8F+GWaCURchDRS9rgOAiRcf7yNQ4vNnCkw/JKi2y6zLtuWCJLYzb7Cf3E4CgHm/TpDYZklMikS6cfsbG1zsxzL3LLfXfhlkr5/D9o32oGnTuo7nsYk/0xgS6cf+4hdJqAV/o66P7uq3iH9dW1+z79W7/1s5ubW9dvdzr96YXFv+/5/v837EXW2D8k4GpNb3sLxxjcxtSEVSR/hOWyDcPQeI5gmGg2OgM832GpXinsHQZPSrJMM0wy6iWfM80hp9dbxFmK47tcGcRMN7scnp7hyyt9BmaOoZXi9Euv/KUjN9z8kHKc3/7dOjmElCjXQzkxnu/juG6YDHrfr4atvzPM4iPaChJt6cYpvZUVDtdC8Z1HpvjgC6s8cfJF7rnjlnO33XnXh8+cPfvsPXff/3J9Yc/GsNtslDzvwM233LyqhXtZoGc8Ry5WSuVznf7g0lNPPsn//Y//sf+L//nnf+TLH/6FnyTJKo2yh7QRic4QKCq+h+M4JJmm2U/YO+9Rr1QQdiu3Ytm8NivVGk2+cs103kQ0W3YIXY9ms4XNUgIpaA0GlGvTBOUqg/YmqVVUKmWS4QBpMzJhcKSlFDgYY6iHLvWSw6VmhjUKg0BbgRnXm9qi+N2Md8S5bcNgrZMLSq3BCmdnFtHstPEUntRR165A7PRuFqCppUKnGseCUg6ho+nFCb0oZW8Y4CqDthpr8pYjKyRpEhccu5OnOQmBsHIipWKiv3Y0zY7DO4oe3V3v/Rz8hQRlbbG6tWOBj2DnsuE4iqAUcubMJf7dz/8aH/nsQ0hXUK+EzAc1hr0E0gydaYR08Xwfz/HJdMYLr5znoUef45f++6f4u3/nh3jnN78V6TqQxDsYI1+tIbLjXzbIVxXc7+ZJ7a67hkXgAiEf+vX38V9/6SPUpkNKtQBpLLWyA4MUhjEms1gjEVbgFDnXaIuSgvnZkM12hJAerpKockinO+Cf/POf59iRQ7z5Hd9GbisqShxetTqenHi/Uv7zzp8wRcjKJGf7uru14jIHuvBWSyHIsozpqSmW5mfZf+QIB44e4+QTjxPFA6puDWktjnJ4ebXTeOHZp7/l3um5j6Vp2rWFViHTeWDGyvpWsenIabl6rfb5S27wXec2u42q3GC+GhI4Hp5wqJZ9Nts9bJxQdhUgqVRKHFmCfqox0uNNR5Z45eoKK50+7djgYoiGfTrRNO32gHKpglEeD3/pcRb37WH/kYMk1kHHg8Vyb/vtlBcfJov+GKhcl9bW1ljJ/7X4+H2BrpSSZBgdPv3c8/+mUipdH+wLt/a63t/vDgc/m6ap/cO/iJb21hat9XXm9+5/XXVzuVKNg2qt6StBrVbG6Ss8JXMQlII9jRL1kkM/0qTGstWPiDJLN4lJycMHYqFY7fX4hoUpBpurfHptjXtPHGKu5O6dP/ncDx689y2Pua7T+p0uB1kcs3XxHHGcsnr5SmXl6tW/u3b57E/sP3zQiYYO25sttNEI1yWxcKUXcXzG5c/fdZBffN5HCGf7B77vu37y7OVrreefP43OMoy1y9bY54wxRa2fWTOSU0ZrtLGsra7wxJe+ELfWrn0usmo9sFQ8kX+fgcqTcpJEMIwzXN+Sactaq0MgM8q+S7OfRyA6QjJIIza6A/ZMV5mbmcd0Vxj02piwRJoMqZbKOGUf1XMol0KG/SFGeDgiIh52cb1isnEcXF/QiQ1lXzE/VaUaNFFKFSX1FqlE3p1TTHna6EI7qxDCokTRwWrtTjDGSOFsbXEI7kxteYaxGttIjLGjrKvC9yrzj8l0bpeSedCGloqSEngYkiz3STuug5CSLInJdArCyW0kIv8aMq8zGK+DR8+HSVuQ2dECG5NPvI7aSUuyk5PYaHwv7FOOgiD0efjRZ/l7/+zneO7MGRozVSqhg6c0NjJYq5FS4Xsqf04yX41Lq6lXAzzX4YnnXuYv/ZX/m7/7Exf54R/9s/hhiI0H+Yp23MbzKvASYrzEH6/sERNdthOZzqP/iJArF1/i59//39EyY7pURhaHqUwyVJQgjCA2gihN6Uf55QMEvX6fP/enHuAn/q9/wK/991/j3/3sr5AJHykljXqVjY02/++/+FluvPlWZhcOYO3gdf7y7WwjdpQBr85y3omvtKOPG8VDIiaCu3crmkchJiOblFASkxkcV7Jnfo617TYnbrmVl04+S6/Tp1yuIrA4ErYjeOGVM2+68y3feFtj/5GHsqJha9pzuEuu8m+fOMlUNRx/2QP7937u7IVLZ6N+evfcfI2K1DS7Q/p9h6BeRUkHv+QwX/cIXUWn00UJQ8WBleY2680ePS0ohx6mP0AKiYdmq9enO5REmSaVknZzi6cefYr5hTn8Wo3EINP2xje6ldWfRrjN/6HcrlRsr63z1JcfYnFpga/Vx+8LdH3Pm/3iZx78171+/4FelHRO3HTzj4el0vu+8IXPU6/U/tB7flcp+p0eXmHVeT0It1J1qrMLL2XS1VWsWqhX0Jmh5Dn4rktiBJnO+c35aojRGa+sNemmligzhGS4StKNU7IkYU+9xLXVHrJUY3phiheePfneG5598ltvvPPeD5SqdcAKz/fwsLJUnxLdZJAF5Qpxr8fFR7+MLU/x2MMP/aUzTz/64zPzs85Ku8f6dptmq0+9HDAtFUmm6VuD6MQcawi+955j/NyXXrznn//Lf/Nvfvm//9qP33TT6a1f/cgniQd9KlP+697BpxsNnKjPx3/lv+GH4WopCLtZO5/W0gwkLr7IwcVzHYSCfqxptgf4KqPkStazlMBTQC686kURnUFE4PugPGIzpN8eUgo8lB+QaMH09BzK5q1Cjek6QUlxeaXFteaAsl9GOj7dQULgJMzMzpFRFH4XwiJjDNK1SDs6tMV4ShyJfcT4HwugGodNMFY/WyMmwgzyTYMo8pfH4FcIhCyQWYHQhtgYQscBC32dVwmG0hJZk1fzjbjhLMUm2U7DkZR5Q9Io1SnPspqo8MsnWzOafDGFkKoosbcGg0RhJwoAiukYUXC8glI55KlnT/E3/q9/zQtnz3LLTQcRQtLtDxEZuI5LtRqSDLJi/Z17k2OTkSQGR1hcqdi3f47tZpd/+E//M/3+kL/1Y38RP/AhTXNFuB3HVxf/MzIqTU6SI0HVRKPPrqYhhTXwyU99mlPLyywcmcUzDj4SaVK8KEVlglYvZXmrRzNK0FrmTUwWdBpzbbNDGDS4/vhBHJF7NaWSaAOz0zWeOPkKH/3ox/iLf/lHi8Ypu7vCb+yXnnh/vGbiHXHAcuxD3u13nlyji1250CMxmijEBBpIdcbsVI3ZqTpHb7iZpX0HuXLhPPUooRT6KAGJ63Pq8ubS5dMvfXN1Zu6RNBpqgGwIU4HiO95+LxtDg1PQ51rrKydPvfylS82NO691M3n9XMCBpSrNYQICgsCl1Y84tFhlY2OTC9e2aVQDfAGZBdf3EGmC7yp8R2GFpOJYbJaR4DGIUmbrZZxGhdOnXuHAoQMcv/N2Go0qJu7fIrW+R8we/BQ6/R+HNq7PpWdPFj/P1+favyZBNyn4iF0rAaUolUremdOv/P8unjv3HUJKc+Dw4Z+ZW5h/3+bGxldtTeApl/7wd+b3h3GcLe3d86WZ+fkfWV9bnWvUGviOohZ4xFZwamWbmrQs1QL2zs3geC7Ki7luj8swijm91iaolhgkMZv9mPl6heG5azz67PPIW2+gpiiffOgLf9cV5u1PffZB2xCJu2dumihOK12jOgfve9M/evmJR85Lx6FUqXFu5drBl158/vuV77kRgtVrW8RJSmwsaW/IIErzYIAwpJNYrjQ77BUO77r7Zj73xMm/+Ku/9MFnfvRv/K1/Nz03by+eP8dvf/y3Jw6X/JxIkpg0jnnDm9+aF6tbWL54mdRIYutS9jVGxyghkdaSGY0QHtoY2oOUPVNV9s26XOusjyezzGj6UUy72wedUfJgIfToZTGpCImNIoli0kxQD/LoO5OmiMBHOB5SZFTCgMSC7wjQmpXtHkZItDFIWXBpRYOOlHYsWDEGtDG4Kp9cbMHBCnZCMIzIm2XtGMTyNa4YNxUVr88omlHKArwLb6xViDQj0xbl5Af3QIPn+ZSdAetao9GIYu1odEaaxBhbL+RduQVpVKQwohTGCWmFVWgUiGEMO8BqDcYqpCkSpQpbipQjr7EANIFfZvnKOj/5Mx/g1PIFjhxawAw19Skf38tff2EEUud+Y1NM2dpK4iRGRwOM8PBLZSSCmek67Xaff/XTv8TC3DQ/8MPfi3ScXI4rRp2xuyOdGSuyJ200u5sEdkIzXLa21vnCY09Rni5Rq+ZxqAqF38rwtGEr0Zy62qYTxXlvssxjNJWwSNflNz7+BJe++TtwJJSCEsZ10EKibIYKXcq6xK99+FN89/d8G7XGApDuCvDYuY2J14i/drcNTfqPd6uaJ1zVOddtJ8RVwiLtTnyklKCzjMD3mKlXmZmd47pbbubyxbMMBj3C0MtLKxyHa32cU6deesfB4yfeJ5RzxhRxrvXAxYvaPPrEWWZqpfEFYabR+MwF5f2F5WY0faQm6euUeJjSSmOskHgKms0unuMx1yiTGUulViGKIhItqPoZ6BbWalKjCZSLli6Z8qhXqwyiiBQXbMLjTz2PPz1L6brDOMJMZ/3WW5xg8zM2S/4HjboWGZZwHfE1u1b+iqD7hje+8VUbAcXG+jpfePDBdzc3N37IcRVLew9+bGp6+p/GUcxXrRjZWqanGr+XmZi9e/Z8+Z4H3vibH//wr/9gZ5jIqudgQw/fcXCVIjEpa5GhtdpEp3nrzJTrcrRS5dpWiyhLqHoezSSjVq0QOop2u4XrhyzMTfPgpx68PpD6+j11l09/5ONsNjtondLqtvl7N9/+iatnXj4vhcDxfbm1eu3PmUHvjpnpOmQJs56D8B1mKmWiLOPF9RZuZilpjRUOkQgwUrK/VuKNd9/GxWcf+6Hm1vZv3HbLzcu33XwT5bDE2XPnCCs7r0WWaq6ureO6XnFuyEPNlHrNdXFdD6v7uI4kQ+UOEw2p0TjKIdKGrUFGI3DxHUWzH+eZwJlkaGMia2kIQWsYMVWuUA0dNjstAncWg2S71aW0NM/czDSb7Q7aGMqhzxxgMCjlMF+v0O70ubLVpxY4lByJ6+QTvtUUspSR75WdcgCrd1SkxQGZV91b5MjWMrJ2iGKiLSIOERMBCdYUWhkxTnkyUuGpvOnIcSSyWGtbC2VpyRLN6FC0UmBSTRoNMchx+YIYZxzLcXzF5BbTTvQXTJbZm+IfpB1FY6hdUaZWagLPJUkSfvHDn+Czjz7BiWNLzFYr9LsxaWqoBIqhEsg4wwwM/dSQaIvOBIOoxbveeQc/9EN/gU9+6gv8wi9/EkOI68D0VIWNzTb/5j/8MjfdfIx73nA/mGgnUMOawqokJ9hdO7FWfj1R0khNrli5dpHTy1eo1cpUfB9hoWQiShXLMBKcXe3QjlM8x5mw55hxXnam4fGnz6KUw63XHyR0BImxZK7C9QUNt8yZC5d59qnnefM79gPp72AL2s1Rv56Y6nfjffPvecdO9eraXynAFNuV6VqZwHXYf+wEjakphsMeaVLBc10cK4ickJfOL9/2wNWLb1266w1ntVAWazBScsddc7y01uXxky8RBnk4UCnwnmzUGicvNVfftjLlsFBSuMrDISOxklKlRL/ToVGrcHjPLHGm0UIyiGOkNHhKMF+rcHprQJLkCo2ou8X5a3BkoYYroRNlVB0P222yev4MC3Mz1OplaK68PfTD/6j8cNn+D/DsKs/j3MknaW9vI79G4h5/z6A7NT29+wNcl+FgcPTcmTM/sbK2XnNc78r3fv/3/+T0zHQnDEs89dRTPPTQl8a5w78TCNvJNeBE+L8QsDBTx/f9Ma/3O9+ZbP+t3/yt/+TSmZf3nnrx+W9OVJn2IKZRsixVA1ITYEweGpFozXRQJnQUCEPVd9gYRKiyTy+KwR2ilESnMWcuXuHowUPsP3yY88vXUDVFy63Qcy0llZGVA/7TT/30P1oIxPe6Jmt95kMfXIwH/W84NF93pYXEGhI0ZS9guhwwVfYZJCmXWj1agxwcSiWH1c0YZRwcp4an41vaa5dvtFm0DJY7bjpOueTzwulLY59rnCQ0qvnKvVQq8ZkHH7yr1WrOL5UCoigmtRmBC76bA5aSklFuUS82bHeb7G2UKTmSjaIs3nXA8320FShX4RiHC6stpsI8aOLy6ibWShxHsNnu4Ew3cF2fLI1wpIsSgq1WG+nmtiMxzMhMysJUmY3+sJhei9zgfJbMJwchi2zjnWAIKQWY0QrUTDSziV3U26jhz0pRTMV2vHIdpS3JIlIxE1D2FAI/51gFOE5u66q7oAd5/jJmp9YuTaJiwiksPHbU72uKAj49AbCmmGw1xmqsdXNYG02SNrfXYvO/ZHJse83blVzH5eSpM3zkwYeYWahQLYfEiWZ6pkTWGUB7QElDrx9zdTNiu5eSmYxMQxIPmJvfw71v+l7iVPLh3/gk2/0oF88Ua9rL19Z43wc+yvU3naDaaGDTaKxctkXClZX5hUfaHVX4CGTz1exEYEbxTV26dIl+3KdaDUFmVB2XRmTwhWElTlnvxjhqVBK/46kd/f13lMRRAdoYtrbb7HNnCBSYwEMLgYMlNUOefOZ53vyO9/6OCtjJ+MrJovvJy8Lo+8gveRPhK8XPyoy2JyPQHonMRLHVEDkfnFpDtVqhUatQmZ5hft9+zrz4IlGS4LhOHgjmepzbaAUXl5e/aeneN/2q44et/IIJ83MVpqolur3eOJ9bSLE9Pzf9+dPNrTefXuuqYCFvBtPCZWoqoFYJaQSSdm9AIiCNBhjHIU0zktQwXSmxnWT4jmSQaDQwVXLJdMbmVpOF2SmmaiFEAxwlOPfyGcrTc9x17x0om92F0Xda6Sznedh/9Hxut9vLY3+/tgfd14LuZImwlBIphPjyQw/92Qc/97k3TtVr3Hfv3e+bm597OgxDPNejXC4zPT1NvV4nS/ycHxy95U1uG8g3gwbPc3GUZOXiaZL+gMHGCuVKmXtvv5lqpUy55BAGIStr2+PS89cD8bydx1x475/9iz8uf/WD0ZmXXnxns9OtpKlPyfdIrcXzvPzQtBlJGrPVzfCEJU1SdHFwZ1qTJrpYWcIrZ0/T6TY5vneJW44e4ourbZ4+dZbjS3Nc7fZ5+domp5evnbjlwPyJAwszeEqRWgjCgF6csNnq0exHHJxyyNIh61t9XJthMk0vTXFsxlRYxnM8hsMhTSsIUli9cK7Ub7fQWiOEoO4opksep86cz60sE4fW4tKSOv3yS/e12+2SLvnYLCZwfYTQRGmS25ukJDWSknIZxAPOrbRJUovjKnyVNw5lxmCiId0owvNnKPsB19a6xEbhqYBur4VAUpIl+glEcYqygiTRNLOMJBW4QjFMMlq9BM/3ObSgqJRC6uUSnhL0Y01mbaEEzo97JIXH1YxTBQuDxk5q0CgoQ6mcz80sGIGUO/zbqEzCyGKaHK0RC19sovPP4ToONk6QQmAsdNOUqiuxmcEUqupCG42O4vG6eUw0j6IWRye9GHFyo/WyGAOxMXbsOTa2YHTHwinGB30ueEt5+KkX2Gy1OHrdAp6rGLRTRK9POU6Jhhmr2xFn1zsMYlMoX03xtQQ///6Psrn5LXRbfeK+ohb6jGqIg8ClXi/z2S8+ybNPvMCb3vmWoqu3AJEiGpKdskV2F83L10z1Qgistqysb4Bn2btUZ7ZewtMZpattdGZZ3x6SaoOrdgBbFs0/k9GfkNva2t0+840K5dAhM5pM5MI6KzVnLlwA4tft0d35icldtODurzHR8DS2gdnx7D3ajIjxPnr057zin/PCDa3yy0NmBJ4jmJ+dplatc+DwdVw4c4ZhNCQIwvwMEZJ1E/Dlx0/ef+KeB+49cP83fqowZKHCgMPXXc8d17byyx/gOCrb3Gp+4eyF5c1eGi9EqWG6FoCxtLt9tts9AtfB9xyag4iSFyCAauARJxFIi+8IfJX//epGKXumXc71ErrDiGltmAp9+llCZATDVpuXnnyaE8cPUamUXTqtd3p+9RMg4z9KftUNQ5555BGWz55nbv8+hnH0ddCdfBw6dHhHOOX7XLx4ce+Dn/7022anGhw5enTlW7/jO3+9XilnSZKQ6IxbbryeO/7xPx7n4yZJwhe/8CWSJKFUKrEwN490HNJemyP79lBy4Nd++eyuSVdO3FCVEkSDJt1+xOLCnkKMKl9najboLDv1I3/nH/6ZX/4vP/t9zXb7e9sbG7fa7dU9QmthHQ+ba2ZZaQ9YF5aqq9iMU6zMVaC+5zBIIrIsv+k5EnzXIQgrXF1ZoVarcuP1J1g+f4YrW32GqcEveSAkW+28tgvpIJTLMM7wHUUvTTm90SJKYwLHYZBZHMeh7EgcDJ1unzKG1LX0jGUofYaDPsrzizYdML7H1upVrE5zMcxEstXqyrUTVy5fvsP1Q2LjI9OUWuDgS4tSLtpAbAWugn6ckmT5Cvdqc4DvuSgp6EUZw9TihdDtJ0RpSqVeJUOx2UvzNd/0LHGUsj2IcQPD6kYTdEq9FqJ1hlAO+xZz0303SlnvDAk8h2Ga0R0mhRgqVykjZVGqzvigtKNDrxBbjY5+Mwo9knKCZ5s4/MdSpQKsrSD3GxZAUpQE6KIeXpgU5buIJKMVJzSjlKrnYG1CajKMzgFNWkEaDdGZxfq5n9iOPqdhPJmPC+tHiVgjodRI0GxsIRyS4wndWIMxO9WGruuwsd3i5KkzlEs+oeuSWEu14uHHA7LEsNGJeWmlRZJaXEfu7D0F+L7HVivi5973II50OX54D+XQJSkuBdpavMBja6vLZz7/GPe/+S5cP8CmyataFcwu7/FEqeIuXnRU4aONJdKaciiJekNawmExFFQDRcexDGINyIK7ZmJS3qECRmEiWlsGqaXX3EQZD6NKaNcj6qd0ui0uX7mKNVHu2SV7jZWJXWvxHS739T+GsS9ckNdkCqHI/cdqh+c1GdlgQBb1iQY9zLCHGfbJBl1sNCDqdRhubrNvZY1qsML1t87Qj1IiYra1ZDtTrNmQ55ZX9p176cV3LVx3+xesEDHWEjXhzbedYPnCJZ596SyB75FmGa5yXpyemXryypXWe290pyjVamysbSKsoRa4xElEHAkajSqO49Eb9IhMQr3iEDounTim5LkImWCVYipw0O2ETFt0mhIHLsPE4AhDPQxYvnyVL375Kd75rrfgRdtvsdnCknCDi9g/ItC1gMrbuowxfP3xOqBrJgyqWhs67faRZDi8B2vZs+/AgyDObm5sFj2ir30Yazh44ACe53Lo8EFuPnGCxx99hDiKis7R3/2FV47D9uYGoetw4OhxOu3+TsLPqx5xHMXVeuP9f//f/Mz7n3n4i+/+0M/8m3/+wrPP3FJ2g0LZJxlaiLVmudljqC17p2t5/2uSMUghLZ6T43qUrCYZ9vFrNZTrcdsN17PXMTxx+jzPXmnRGcYMkwyMxfcdGpWATr9HkqYICw0/4MJWhyhLaXgeERbllXCUwFeKUBl0lrIdCzK/wqA/JHPd2IYBpph0U6WIum10NCSYWhz7DCuVMsuXL92xtbV5bGnvIZRfIdAt2gOD8TKEo7BIMqNxlEIKQcVXTJcliTYEDnSGhmogcZVgYCzDJKYzGFAOfXB8hpGl4vrsX9jDeqtDu78CWqNcQeAF9AYJrrAI4WAQtIcpzUGKzTL60QBcSSgNnutghmmu7hUqx15yn2ZqdWEjeTVbD2pcm7cbaYUYwfLoMJcIOVmbZ8DIojmmeKcEIVYost4wT0OSkmFmaPgKaTVGT/iFFaQ6Ic1SEEGeuaxEft6PdLIj9W/RRTgSgFGs8kf+XSbVyia3nowmr9EGZ3Vzm0ura3i+Sz/Kf13bjDBw6PdTLm8NiVND4DrF8m9S0Q1KKpTvo7Wh1elSrwd4jkQ4AmssSnr0PcULL5xla22LxQP7XmWpkbtf+BF5LiYsUGMw28k8dh2HatVhcU8Jt1xjtuYwSw8/iig7I1uOLCZMu6uKL8uyXVOrkALftfi+YIggHmqSOEUqRWYsaRzjhT47OcpfQfE6QUGI1ylqyNfHConLTtBHDP0OSXOT7uY14q012lcuc/b0GdqbGwyaW9RJqXkSaTWBgkhrjBV4UrHHkeyf84gSQXsQ0YtShpnlvBPybOTy8guvfOP1hx5+n1trPD9+DQKXztYmmc2FhBgolUvbx44cfPDzly59czvWcmO7g0UyNVXF9zxMt4crDMNBH89JSOMBmdG0BzFzFU3Fd3AdByUFickDPfzAJzKCkh9Qn6mRdZokSUJkXeIk49EvP8bNJw5x/fH919ukf7/wShf/qOr+hFT0mi22NjbGla1fB91XPdZWV3fWAq6rzp87f9vlq1crvW6XxYW5L2Zp0uu0m1/J0INyHN7+1jcjlcNg2Kc/GBQ82e+TApA587G4uIC1azQ3N/BLNUxRHr5LcR3HtLe3EYaHFg+dOPf440/ckvX7GEueimMMvTgj1pZa4BF4Dp6j0FawNeiTZrqYfD0EmkUx4Oy1Hs0tByky5uYWebdj+YajGQ+evsLFzRaB41ANXAZRQm+YYK1lkGak2lD2HdrDlK1Bxp7ZOo3Qw2QpUufRmEPrsD5MQMQYpTbCSv1StT6F67oYoLfZAitZvXwFLd2cezOG4TB2Ll24cK9OkrIxGm0dsszkXlfyruGhcXAUJJml5DlkKQg002UHz/PZGmTUXUvsSLqtCBGE9IYZGkGtXOLC6jYyGdL1Ybsb4bgexhg6wxRKHpk2xJkFEsIgohvFbLcjSsriex6pcPE8S913WCcXFQnyNZ+gWBHvlK3l69xioNRF3GJecGARRd2fsPlquMg+yUGgYCftWIG7U/1n7di4g9R5Qpkt1roZkpIj8aUhLaYuiYNFYrIMnSVYwnxa0zmvm9fLFbmVu5SvhWWoIJtFAf7jwvpXNxMZkzcuWdjcatFJ+tTnfWqNEM8LcUmYTQ29dodOL84/dgJsd4mCZA6SQko6/Yi4N2R6rkGsFIkuAksqHlfXtrhydY3FA/t3fM2i4JhHE+m4QMjuKrQf6S1EIcBSSjFTa9BJBPUD0xzbt0BY8/CDPguixfE5w9PLGVlqQNixoGySd5WF2M1ai6eg3vDxZmo4fl64HiU+eltSLZVwPDWBqq9TRD8yA41sZOMGQoFFIYQLuMUPYAjtVdKNa0Qrl+mtXGSwepXNq5dZv3qNgBQPzfZ6i/PbAzw/4MT1+9k/P0WSWaTjkgqHJMsQWpOkGVmmkU6Kctw8vjNLOaCbXHMrnLt0+YZhNHzj7M23P2+yrFgnS972QEDwymWGiUYKge+5Jk7TR0vV6tUr24P9DSs5MFMjGUYMhkOyzFAraCRpM2qhYr0dMRX4+G4u+Kv4LoGTUxZCx4TSYaMzREhJpVIjqtTorm+Smoj5Romra9s8//hT1Gqh2jO1+O2qvudDFplMViN+taZcWS6zvXyZ86dPs2//vq8j7uuB7kMPfWkCdJ3yM08/c+e1jU32Ly1sTc9OvVSplnA99RWmXMv6tauUPZdyvU6n04Iw/EM9wbxQ2iMZdrl25TLVxjTzS/vI0hjlOPhByM033cKVV15CR1Fghc1irdnsDojT3Lc2XQuYqlcJkwxhDY7MwzT6ccL2IMZYSxh6lAM3B01HsHduiiEKHWdc1oIXz2zwxr0N/va77uNLr1zioy+c58zVZp557OSB/ZnJvaZSSoy1HJhtMFMu4SvIjEFaiVCw2Y/oUcIddpk5dssvT8/Nn/Y8ny987vM0Gg2uP35dzns5ilol5OgNN+G6HhfPnzvw0qlT97qeSyksYVyPQaRZaDj52lFJdCZRjiqqvkSh3FVESVbYN2xxCbLoLCEueODAVXjVMsoanr+8zfpWk+mpmSKmb0joijzlSXmEgY+1hmZ3SLc3wA98GrUKG+0hrXafQBkqfs5nppkZu0FzleTIK2kKocpOYIQQdqw+loVQxhaXrLH9Uowm3zyiMQdiO7aQiCIu0iCxmUWmCVZIlCMLu42gFgZUlaSXaXQhdGFUfBAnWKvG1hQhJtsVzEjIV+QuMw7nsMaOJ3RTvMb5ViefaPJYPzHuwG0PhmjfUG04TNUclJJUNMyieSVNSfVI4LPDY0/ylZPwH8Up7Xabsg9Z6JGpnCGPzZDl9T7LV1a4myIb3ORCrnEGRBFJaUcRGIVie8dqMzFICsW+fXNkwz5Jp0PozWHSJt26YO6OGb6rNOTTL7fZ7mf5ZDoRQjFOuxqHiAimSh61MCByBVoZkgQyqzAolhbnkCokF/mMLhvm1aM5IxGQFaqoGHQLjUAMzWv0L1+idfE0evUi8cY1+pubtJtNpMmo+A7GSpamQhZqcwSey+03Kl5caXJlo83RfYvsmZtjq9Oll0KWZPik4CqscpBJgpCGcuowiDP6xY+77sKFVuS+8uJz37zv5jt+QzXmVjA5C33zzUt8/pkzLF9bx3VyzQLGvry0tOexa+df2X+wGhDHQzwpcZSgP4jQoU+1HNIbDnGB6dDB8zz6RRRt4FoCzyHWAtd12Od5LA+g2e1T2WohlKTq5a8tShGWKjz/0llmFuaZmp19c3X+xCGwp7+qK2abFxr0tzY4/cJJSpXKV8/p8r8a6F65cmVyzatWV9fKAAf377/a3G5vPfLwo687uaZpxpH9S3TbbeamZjD6q6eIG62pttZX8QOfy+de4tyZswghuLZ8Cas1V68sUyqV4nanvZVJl2EvRrkOpujIrAQeCkOaaQJXYUzGWqfHVj9GCEUl9BHGEmUZFzc6TDcESXWBI9ffymw1RAvFf/3053llu8cP3H8Td+yb57fOr2Xb4dxHXjn10nxva+2NFd9FObnZP3QVe+shbvEGLPsOIjP044zNDAhcHJueq81M/9yDn/hEYoXk6uoaS4sL3HzDTTu8uqOoKc2+g3t5+dSLt12+fOX2aq2O6+VcspGCdqSpOpbQVziORNt8dkszg+t6+I6Xbxy8DIkkzTJagwQnqBFWp6l6ikbg4vhlbj+6l6dEvgWoNWby7GsLc/VGHpqhHDxH0B8O2G71aVSr1Btlut0errQ0yi6eMISegxGGLNNYK5CqAEQh0NagtRm3+FhrxtOvsKbg2wqFu7Wv4up2fLxyNBVbAyMetfDxGmHRysHBIcqiQl0vSYxBei4VR9DWhfJY7IROpHFcJGAJhFJYne4IqyaWl7aYvu1EWIOZ8O6OSEarLVrasYVoh3s0BGWP+YNTTPs+ptVnptnEa8fYflE2pMRr6usm17Rjftkauv0+UVdjRUgWhOgMhllMEqd0e/0xdE6281hrXzXc2NfhTvOPySlRzdLiQZampri2ucn8ao2aY1g4fB1TU5pbwiHfceMW/+WJARby8oOiPGL8/IuCBd+Bw/M13CBk6JYxOr8QIy1ZlnLs2GEgwNoer2k6Gu+Si+pFHITRmH4bc+0SnXOnGF4+y/byRZrra5g4JnTBdRWlsIQ/U8d3XSqBR1q8twIvt5h5XsChOYlnMpSj6MkA41mUGVDyFJkTYqxAZRmxzhBWkXmK0HMIE42QPouJ4XRW5vlTZ996/9bGPY09Rz+CLi5syscPQ+q1Si7yA8qloHl0c9+DF86f+7ZWpL1SWKY/jGhHmrrv0On0GDgC3xVo6+A5DsZapDWUPUXZc3CUJDYwNA5zdY+zQ8ultXWE1VQ8QclzaQ5zBXytErDV6XPy+VPsmW/sueHAjW935g5+dUFXSLIk4vnHvsTG6iqO430dbb8S6Nbr9Z3fdJy0VqtsOrmYYnD+/PkkjuPdt22bx+ndf+etlAOXdgv+qPgB5TgYnbFv3xLbrS5r65ukUZY/HxUQGSc1yu/VQ49A5RVv/ThhEKf0Y43MUlwhcDD045jNQUJq8inXVw6DYYQnYX2QIO02ujvgo81trj+4j7fddTN3THn89G98mp/40DZ//r7r+ZH7r1cHbrtP/tTHq1sf/q2PUwsdwiCgXAqQCLIkBc8jcD0yq8jSHtc6PbpOBWfY59a77328VK6fu7q8jBuG+L6P53k7LTfFI4uGrK+u1j/7mc++R0CI1eg4ojtMUBl4jgMSUgNSKqSUpDq3hChrUcoj8CGQDkrkXbb1UsjMnpsJqzWiwQpJZrBS0Gg0OHFAFqHvliiK8R2P5a0uvh+wd7aGxZAmKeWSj18uYbQmSzUlR6KUoDXM6KcGYXI1rDGmAEjGojk9smfksmYkIhcxFcCVA4oeHdO7OToxEfCAzeXQ+UJxh7W0ltQKpFAoKUAqHAFKChwlqXtwIdJYXQBmMaem0bCgkfNJ2kyC1Ku4ZjEZksFEcf0El5kP9qOVusBgEBjKQYDnuVgHpuYCSr4lbHYQaCpODn66EDqNdBC7bHYUXcDFyxC6ilLgk5ZCtOOBMflB5+ae6bEabBfr+domodwPLV5zyck/LmbP0n4euPMePvXiZ1gfxhw41uDEdXupmIT+kx4/dH+N5ZbgM2ciMg3KkROTah5NqtBct9dnftqSBAblS+imuJ4hjjMkhvvuufVV/O1IJFc0J2mLTYZkzXUG51+m/coL9C6fY7C5zrA/IDOGRjlkbyPEVZW8JEKAq3JBm0aQaYuQilLgFpkleSCKNoaOceiutzhAwFSjgee5DAd9ov4AnUU4QoByWGkNWNloURYZw0FMP81oBCE1x/Li5rB69uST777z8A0PZknSB0Eq4DveeAcf+sKTDJO0qPx0mZ+beaZcqV7YjFrX9VPD0kydXj/Kefo4RWcRFT+kG2vS1FL2dJ6xnqb4SiKsRRnNRj9B6y26WwYztcTM9BT7FqfZOv8KQZKx1okJA5fpRo2k2+Gpp1+kcfj4u/cvHPlPfDW9Q1JiE8Gg38P1vLzB6+uP1wfdG264cZLTjXvd3mWJpN1uy+npunBdtctsPhwM+I7v/C5uPn6Y558/+Uf+hG1R8l4qh5SqudhA62wkhIqnZufOzB04fKo/iGIcb5AaUi1EsjA312hfPntjZ2ut0utbVtpDuonOxVO+T5okJHHCVL2CEZIr3YiypzGqxOpWiy888Sz3HdvPP/3T7+DnPvsE/9+DT/Lo2QXxZ9c2v+3bFxuIe2/kS68sM4xTPKAa+kjPo9sbEMk+Bri81WWgPKYDhzAI07e8+z2PDbY354eDnut6XoJUnSxNK63W9pwxuq+UGkTRsNTt9uqnL1z+5mefefJ7K+USgesQeIoMS9kPEFIjBESpxiBxVA4kSZrbHHopmMwQOFkewm4gDGSeLStDOhn0o4SGDJDCw1rLMEqwNkNKQZYlZGmGF4asbLdw0wRFvj7qdNrUKiUaU3WklJSkRdoWdV/l+ctmNO1M1OVZkYuYirWzJF+/iwn17IinHQHg2O8p8ni/ceCi3ZmUR58+Xy7nuVIkEViL67lYnZFm+WszFbpkA11MoLkXU1tDliToIkBiXI03qugbtyIVEF1M3HZy/VmsuifLEcR4nV54dxFM1atUfYc0aXG1kzA9cNnjJcyrLe6YSnjQ02wNDEZJ7K4mq0IFXXDc2locJZidDqguVBgEJayxZMbiDV1CGVCrVXak3zskcx4mwq4siNfkGO/4dQXWpnhBjXe88W18+pmHiP2EaL7EarQFsWJ6/joWb0r55xWXX3q0zUdeHnJ1yxClOc/tKcvclOKGvT4HFzyGvqQlPDqdHlmW4ASKy2vb3HfT7dxy6x3kaVTumMu1aULaaRKvXSG68BKDs6fYuHCO7c1NXAR+KcQPXKanGligFjg4UuIoUMrLc7NNihKK1BgcR6GkYhhnOErhK0E30fTSjMQN6Q0T9mQRDhqtJEYpLm62uLjRYv9UiUPTDWbLJZJ+k7gf4ZgYkSYIxzInyrySVLj8yqm33bp59VjqeCdHxfGek2cpR0k29hvPzUydOrR/7xNnXti+rpMJlpTCURahHEoll1JQw5OGjd4m/WFCW2hqvmKqGtKohnhOm35q6PX6HG1MMV336WaK7U6b+nSF1jBhvT2g1Y9IU4favIcjFatXLnP2mafuXLjlGw4LOPtVG3SBfr+HlOrrKPu7ge7VlZVJ0M3a7XbbcT0G/YH/tre9VRy//jjD/gCEoFGrM1efwi2VuHL+7P+wnX2SpBw6uJ83vuMbKZUrVKq1URavvXz12gf33nj7R5sbm1EQBpkQNllYWIyOHT1R//RHP/Tj/+3n/t1PrKy2fRuGhIHLVDkgdBWXt7qUpKHkgLSGoYG4P6ThD/HK+6nWGjx3rcm9e2f4R9/6Bn7t6XP8/CMv8OLKlvyBB27mu+69lTv2L/CRp1/m9Oo2UZYReB5xFNEbRPQtJF6JfTOz1H3F3N79/S9+7nPvtvHwRx3HCVS3v2aFfPmJxx498Mnf+titi0t71pNEN59+5ukl33WmtjvdRprlCUozMzNI18UIB88LQHeJEkPFs6TW5hOGEjjF1JlZqHgOWaaJM4s2xSSYDCmTC6OMAc916Gxu0mw16Qwi6uUSjdCnJCVuOUQ4DhvrHTyhqZQDykJgrWbYH+A5kgQXawWB5zNXDZDSkmmNFLYAip2Zb8c2xE42MTuiqDH3K8SOEraYGW0BqHlGshir5nfAOP9rn1mLgyATEscTJINcnayFYrYcotd6uV+5SMISQpAmMTrLA0JGoGQLrniMTiOxljYTz91ibJFbbO3uUA92quVs0cM7OzXFVDVApOuU/RnkzALubIXpuMl31ixnugH/5bF+XgBfBDUwWXovd7qEp0ouiwtlZL2Gg08pi4m0wWSaqXKdpYW5QnFt8uc3RliTNynZIq6z8OkaO7GtEpNqZwNE3HHTfTxwx/08fPYx9l43jYdLTU0zvG4f25Ue86Uy//TeIX+52efjn1nh+QsxAy1oNBwOX1dFuD6nVxV4NdxOgjvIGMaW7f6QODL84J//c5RKe4EBRAOirQ16184xOPMS7TOn6F5dRg+HKNfFugEL83Ms1EMC5TBMU9rDCJ2S2608iyddEqMxWa4pSI1GAq4weEohkRitaXWGnO/k7WSHahJR8hEmLxTx/BCI89AUx2MrEiwZSTV0mWnM0JE+OH0MbbCGBRXxYlLiueWNI/edffEd07fc95wuxr0MwZ03X8dWZzh+mUth0L14afmLL7z0yndd2I5LC36uXN/uDEgRLAYNOv2YZj9hqeoSugFRPCRnqpxRqDZaCKqBSy1xWGt1WPczkuGQtNtnszXEVZZoEDEcptSrZdK0y6mnT04v3vjFI0KIrwro6iwjE4qtXpSn6H398btwupev7qxzlbRrGxvnhBK9YX+wv9/rH56dnT3DLAyHQ1YvX2WqXEVq/T/8iQspWbt0HoTgbd/0XoRS6CyjU6t2HUF3OBzieQ4WS5qmdLud9vU33fjP/txf+eubn/z0p36g09q+PTPIhgN3zAQsLy3y+IVrXNlus2+qxkylRD9JGXa3efnZp1hf2seNh/Zxrm9wJfyZO45w/WKdf/mZp/kXn3qCJ682+dE33cyPvfMuPv7CZT508iwvXdnKUxDJ176HZupYY1nvx6y/9EpjY2P93a7nU6vW6HZ7h3r97n1KuczOzvL8K+dmNrebVGsV5mbnsYCrFIM0yeMVe11mpheIM6hKVSwtDcMsT16SQqA1VAOXknbAZAg9QJiMJMvDSvSwT9Rv0xkkPPbSGQ4uztDpDthq99g7N0u9XCazGSXPx1cF4lTCPFDCUfRSTeB5mCxmo9mjVi4RGU2aGvqRyRWyjMIv8glRSA8r8gjJUYONLYyvcqRyLVLJRq2vpgAZpJiwj+RBCjkgG4SZENmYHDMzK9EyVyUrR6ELTrcdRfiKwiNs0dYgRX4jz+KILMsw1sk52GKduzvikXGh/VhbWwy5uYjKjG8UxubVfjmw5xNmmmUsTE9xaOkQn796mevfGDBTd6gN9+EIwYHOWf7PqW2eX9E8sRyjbS4EE0ysfC1om4d/HJ4rEUqXfpIwzDLiOCM2Ka3tLrfdcZwD+xZzwNS68F7J8eWBkbhtlFQy0RtsJ7KZdx4RQbnBD3/XX+DkT73CQ4+f5a23Cap1j7bss+kt4b3nTaxvXeSA1+JH5p9l41qHDSPZjgKWY5erWRXHcbHbPVwlQKRkNuPq1SZ/4Tu+lW//pneQXH6BjVeeY+uVF+hdPEv7yhUCkZe5O2HAbKNBreQii9chTTMUEmsknpWUKg6ulLk9J3+34Ac+2mTEqS2SPvMLkqsEGkEgFftDjVMv4XkOWZYRlMoIqej3OpQdya2H9rBU2UAbQWKg1YsYDBKGcURsLNYNSVJNTWqmVcqplvAuPX/y22Zvf+C/mdrc2qjD9vabp/n1Tz+CV9x5ojjm4IGDj87Mzpy90lq/dTCVi816w4iFms/qlVU0lqorSYxAWYnjOAhjcchjX4W1ZEVJQ5mEtSglij38mYCS75ElGXGaYrWhG2coX6OUR6/T8z/34Y8c/qpsIo2htrREEkxx+Pihr/n0qd8T6Da3N3etsoSwDx06dOBjK8vL3/fsM8/+4A//1R9+eH7hcK/VusZ/eegRrjt24o/tyUul8glXKWxuxxCH9++33/SOt/Lh3/wtoihGOTsG/Xar3XvTm9/0b4/feMOn//N//A/vX7l08e6N2HDV0bzrxF5uOnE0+7XHnuf8tQvO0XlBLQzp9DJEEtNsd1lv90jiIU3foxNk3DFX46f+1Fv4mS8+z0efP8srKxv8qVsO8J6bDnPbgXl+61Jrxd1z6ANXVjajxx5/dO/5ayuNN9x/b6VebwTnL1ywU/MOhw8d5tChQ5y/eJFWc5v52VlOnLie3nDIpSvLds/iIlcuLd95+dKFhus4HDt+/MV3vvOdz33q4x9/18bGxnTNd8kyi+cphlkuFopSsA7EKTgqP1TiTKGkS6Ui2FjvUMksSb/J9iCi3W7RkprA8xESXM8jcBw8V9IbZHSMZqFWQhpDtRxQq/gINHGiidIMt1Qjs4oojRgmhpKbB42oEUdWCGnEZKNQMWGObESMvIsTAfxW2EJtWwCCAat2+FwlVZ6LPIplHIGklLllhZzLdQMPR0mMiEBbunFCqCQSQ6oz0Hn6lZQSkyXoJMFaf8eqUvTljnIUrNjJkcaanF80Rcxg8X0Zu1MFOL5IFNNznKZUw5D7briFz5x/gstrbRanQ8LpBsHcdWw/1+UEA37q2+f5Pz6yxcOXiukbMcHNQtmDG5Y89tUN2kTF96AwcUa33yMeDLjnjhuZWVjIA0RscWEROzGI4xanYpIfDbk7TUM74LtzgnY4euhmfuJ7fpifeN8/4YnwMvMPePjtNiXvCGtpzNWegzlwPdNHPdLFbWzs0L6csHotoZ1CvWHZarbZSmO2tSEZxrz7yH7+2t3Xce1X/guXn32a1uoqjoVGo8y+pXnqlRKu0ERJkv+otc5n7ySj4rl4inyLI0BYk6vVtSh+TeDZPDIxlbp4/+SbkTQz+fvEc2koi3BchOMSIUgzTdprIywMhSJJI6RJ6Q0T2kNNEkV5fpfyCZWHEAlNm+AYw5JKORl5nLy0cuvBMy/f6UzNfUKnRcG9sUylHa5l3viyOTMz/fK+xYUnz22v3boy0DSyiGro40pLKS+HxnNdUpPR6g0peYogcHClzbUqKlfOZ1ozVylxvgcahet5VCoBF8+ex3UUsdXUhCDNMqIkZjAYONLtmz98MStI6XD7TQt4RvK12iL0+wbdlZUd9bIxlrm5+f4b3viW3/jlD37ge04++/y3f/63P/8LR45d+vj25jqu99VbHYy4Kil31I6jf/+deAOjNU88/EXu+YY359yXMRw7eoSl+TnOnL+EKgzZIxFKu91mfn7+1J333Pehz6yv3UYUuS91M6pXtnjXjaXhoe/6pif+02efOHb21DMHDs9oSkGIxJIkEdYJcEsBmTW8HAvS5S1uXKjyf77zTq6bb/Dvv/g8//YLL/D8Sos/f88N/O937S/P3nKnapbnf+rUW+/avnD23NRTHR3eefsdbqpcu3XtGocOHuae+++nNjPLtcvL7N+7l7e/8530BkM211aplivyN3/zw7/5/MlnGrVqjb/51//6z+87ePDCf//gB9+rvIRKo4LX77N/voJOYhylELKElBIlNMPE0tEaVwlCmU8Cg9SgjcDL2qytrpE5PjccP8itR/YRuIqXLixz7sIlFuammG5U6HXbyGRArVIhTjOktASBixsEKCdlmGqiJCKKE4w2xEaw0ChRLbm0khxppXLAZuOfnClK36WUeaZy8et57Z0pJlqFEWbcLCCKFeiIexzxxMZapDEjXEbZvCVIW4sqhSAyskEMJg836A8z5sohvtwB+sJMlUeMpkmuUGUn5Siv7svzN6wRxTq7+DVrxoUCZmJ1a4vVrSmUzqp4XxtrSLTm9mPHuWffTZy5dJ633HkDQSRIsk3UvGX1Wsr+OcO/+O4qn3wBHnwh5lLLkAK1kuDInMuRORdXWJqJJZkKMVNT+FGGEjHLV9bYN7/Au9/9JqTrQdzDTuZ5jcocihYkMUbc4vgUE7FbE4fnDgC3ePs3vId/NBzyrz/8H/j84AXee9sBUtPi0SfW2TM7hTDQWTpEfzBL2gtprp9FlbtUzIBmJ6JcrnBdDw4EdY4eDDlcC4mffJiXm23CwOPA3gVm6lU8pciSFM+BOBMEjoeSeWaY7ylcJfPIC6sJpCB1HNJCmS2EIMsMCI12HOI09zBLKdFa55oCIUnTFKEkwvHRWESWIaSH1gk2TdBG0Isi4iwjiRMGg4gozmgPY6QVuMrHWI02AlAYq5myEZ4s89xqt37XC09/88G73vQZhEqtyXn4Gw4s8amPfhm/OKOkFGm1XP5M5pa+/XI3nZlf8KnW6yAFJdEBAanW+feDIjMQJynlIM9sjjKIMkNvGFGvBVRLJYZWksUx+647wkvOc2TWEnoO/X6fq9ttSrNLZ44/8NbffNef+f6P/oEFsNYilUOpXOGFRz5HtLlcdGZ//fF7At1bbrl9l2ipXC5zdWXls1K5n2o22+/52Z/5D3/j+7//zz0jyFb+IBVNxZ9xRl9bCOErpRai4XDKpLGbJrEYDAZ6OBikzWYr297eyqR0BkqplpQiFkIkQohkJw8Xnn7iUdbX13nvd3yPHYlOMq3H7yFjDIHvc+Dw4aKpR/C2t73j506//Mpdy6dPfXfJ8zjT16RPniq965Zk+h/8wLd/6t9+bPrtz37ps0f21A3T1RIyHnDmhWc5X6kxW3I5cnA/a36N3qV1js3V+dN3HOHwTIV//6WX+OzpFc5v9vi2m/bV37jV/ls33HbrW9919x0/mR7f/7Ebz1xqzjYUW4HhbD9iEMUMh0PiKMpTY6KIbrdLlma4QnDl8vL3P/H4o0csAt/3T4e+//FHvvzwD0ZxXAvcgEoYGJm60hhBkjkIlR+eg1hTKzkM2jFZZqmHDiYztAYJmRFECZQ8gyvzurjecMjl9TUOzs/h+h7taECyljcVLQQK3/QZ9AxGOPRkbsmJ2n0CzyHNNJ4AtxRidUY19PFSQ6AkmY7BcXG1g7AGK8dEbr7hnFDyWLFDm+pM537qMcBSgGwOchRBGELs8MF5LGTxuYxFYzFSQpZTAlLmfN4gMwiTT7up3uGL83Nbk0ZxwWvaiWzeUSC+GCcmjko+NGZ3WcOE1UlbizP+86ZId5LEacpMvc633f8W/tVvL3Py2U32LtZQahO1uIeZmy3xS68wXdP8yHUN/vQDmnOXInqxxfMkzozPRgyXtwyRrXG1r8i6A1zHYbM/oNOO+MG//D3cdc8doONx5KMYbZPluDSx+DU7UWS/838jFfMo3GLncMhA9PiWd3wns+UaP/sr/4nfWL5A6dBVFvcvMl/ZQ7O9iQ18Vq51EVlMXzp0+wnHQ4dDWy6yl7FUm6KCoFZy8V2BtSGNahnfya1pwmiSLEUKQZLlQSnaGFxH4EmJFFDyXAbDBKsNQ62RSKSQxNriSIHn5ly6MAbpCBAOxuQ9uTq1I6sysjgOtdF5UEsRjyZl7powpsi1UgHCkflGRAgSkzJMYjCFNgBLJiQNmTLjaC71kBeurrzl2Bsrx/zq9EsmS1FK0G/3qNYrhMXwYq1lZm7682cvXjx9eXPlgfsO1LEmzZvBimIORwoC18MITT+OqYd5e5gSMhf2WYujfFyp8BxFL7N0+0OarQ7Kc2m1uviV8tCZWnzuhjvu+8WNq5d/e+n4DZfvuPveP3AgsgS21q/x8sOfwU06aNchS5Ovo+vvFXSr1eruD3AcPMfZuOf++//h2vKlo+cunn/Xr/76r/77P/3d3/GvpJSnpJRtKaWdBOBXTa1SClkCqmmazm2sb+xN0+wmrc3BOIrdaDg88PAXPn9Tt92urW1simGSCCWkjaKIja0NPftLM/Edt94yNNquD+J0+QbXOxOGwQt+qXzarTeuKkdtua6bvfj8SW646WYOH7tuHLenlBzbT6SUhKVSoYi1VKrVrXe955v/8S+uXbt5sL1xnReEXEqV+sQzr9z2veVw+Pf+7Lf95t8fxu99/tEvnDDWMl0pEUZDotgnWFjAD0p0lWDoVklWtxkmCTfNT/Fv/9w7+K+Pn+FXH36Bn/7yi5za7DrfFZu7b7i68ovewv5fODhd/dfGmrPfctMh/tKf+jZCmfHoWq4SlgIajQbz9SnSLKWtRPC+97//b7Q73YqnXA4fO/ahzqC39vCXvviWQLkopdoyCLecnjjSi1I8CdoqPCFRbj6R1UKFDRwc6dDSBiMVSghaUQE+wuBIQ5SkREnGMI4w1pAKiU4zNrptphU0ShbXDXCVT7kUUCp59Lp9Mm3wSj7b3RhfGDzXo51o4sTkk53J85VHCLuTorhTKjfu9tuVXp+HToxKDEZT2lhFLPLXS+QS3gI+7DjfuSiUI4li3CzBCT2Uo8h0vn6rOj5VB7ayfA3pIjAi7wWOh8Ncda3Y9ZxEAebjStxR4L7Nvcc2Axwzfh5WCKzK6Y/8vw6q4NuFMCQm4/4bbuZbL7+J9z/8UW5/8yEOLTb48obLibnjHJ+u4V5dxTKkXo04Ppcw6MJmF7brZWJCosCilE95tcvZcyuEnuTySps33n83//v/9pdQbg2yFjhuMeFOlPlNhF9MFgDY16n629kv/P/Ze+9wTe+zvvPza09526nTJc2ojEbFKpYlF7n3go2xjSGhZYEsdYFAdgkJLCEsm7LJEhJvIAmQEGzA9GIbWza2ZbnbkixZbaRpmnbmnDn1bU/9lf3j987IGEOAJW0v3usaXdeMznXmzPM+73P/7vv+fj9feVkAJ3wD0vP857+Ka665jnf+xi/z3gc+yHArMFdmtFlLf3+fjXNj9EhyzUhz8Kwl2anIkOSJZNBLyVONllH3oKWYcbolagYXKZzFSEkq5WwsHAtj7QLKRpKZ84HWxyCFonEMq5pECeYyg9aKJhCDGJA0rY0HO+9nyVUOITUSj/AOG+J755yjrF2cpAhBVUeoSWNdJHThMGLGhvdRoIjwaCmwTpIryz5qLooFHjl57tobnnjwpQee+8onvDbY4BkszvPWV76QD3/+EVJzqduVF/bt3n3fExvrd53bmuiRaFGJYT43BKK9SEsQtsKomButjSAxCrxHaYNO8zg2n2yz4zUs50jrWTh03YW65LPPfcWrf8u37T1V3WwOL66Gtq6omuYv0UBFgd/OhfM8+Ifvpq4KGuvQ2V+Lp/5CRffL2cjee6bTKW9845s+v3Lu7L/+tXf+8o8/9sSTb333u3/zNXfdddfvnTl96t5d+w4cd9auKaWsEEI455LxeLx85szZxeNNvXvtwuqR4frG7f/gB7//lqJql9vWkaYG7z1b2zsEAQevvJLFxQU3Onfent3YqvbuXq72H7gie/LEqX0rF7e58bprrzn59NPPf/8993Dk+sNMRuPRNddee/+rX/fq93jvf90kyYXxcJvti+dx1vKalz4X5+/k997/EfIsvWw9ufT0DN6ze/feJ1712td/8JN/dM+RLIlWmZ2dTfGeTz38gq9NTPF3vuYVv/qPi+nbj33xgZut8wyylKSNSSqjxiHbml7WAW95dGWbwsHhXYEffsVtXLd3gZ/90P380RNPc35nwquuv7L7/EMXv3vfnt0vFYtX/ESW5X+4f9fi1FUjXnN9h6++5QA27/GFCy2ta9Fac/Hi+teeOfP0Tba1HNi//9wP/uAP/Nra2tbVTz311JVlW3Lt8tUnsu78Y8MzzTX9boZM5OXxn0JQNS6SeoJnWreAIlUGJSW1d1S1o3UBa0uapsXoFGMMy/0+2iSc39xEhpojc3NImRJUAibBecf5i0OUjJ1HU1sGvQ7BtexsDyMgJE3pZIawXRBcQM1SW4KQM2utv1xAhYDQRllvuNS5ihky6XJ1iCM1LtGjLnW+XzKVuTQf9TxT3IObcYykAqFwwSOUQJmEnlGstfaZfeysq22rKda5CNgIAe8dwnuCiijIS3hl7z3BXepqRczllbHAKq2ioNQ6bNPinKOoK1xVgW1xdUVVVCjvuWVc8rZigfoDF1jeU0XPeKp5em5AJ1xFWo5oqglNkLQqo1QKpoGegL2hwbeOq5aXORQMF9Y22Ls75Qe/+S3s7edMVp8mSQ0mTRBGgdYgFZdAmpeG+s+MnZ/xAF8urohnirXwlwXNQUiCdwgxYvfu/fzQ9/44bz/7dfzhxz/M/cce5uz601zfTbnFddk3kZjSkSWCbj9jeb5HqlXEfzpLYz1iFv2XKElZN7NdukAGSJSOh8G2JdHRp+sENB7inlSSGI0LkWCVKon3jknVUskIkbDWRt3DbNce1xXx3+Vcg2hBKk3juRyCUjQxRq/1nrK2lG07634FTRuLtHAuWuiUwDpB5RyT1iEU7NM1F5KMkztl99TRx1+5+1l3/TpJvh2cjUlodcnTJ07Qm1sguLh3P7Bv7/sef+rYNz29XRy4a7dBJAaTJdB6lAg0jUUg6GcZ1lmCgCxROOsZtxUrm1ukQlBWApt1kHmXXr9rv/rNX//33/mLv/yu+YUFNxmNGY/HfynHiVQKqRTDjTV+99/8C7rdnIV+D52ktL7666r6Fy26f9qrrmte8cpX/tsPfehD50c7O19/9MTpr33o0Se+6QP3fOCb9u/ZXV933eEnrzhwoF1bXVOnTp7Kjx8/cdWpM+fyi9vbtD6w0B9w5y03gRB2YzK5cHjf4TN7di0f2zOdXkSqpZtvuXVUl+X6rv0Hi9rbnaq2qzi79LyXvPz5VdP0vAtlZ37piiePH7t2VDtj0nzfPR/+yCs+//nPveK5d915963PueNHjDEnCeGPgeX/5lveQNO0nL84xLk/7hmbv3a+2bW09B/Pnn767rMnjz1neXGJnbbm1MUx7/vMI698W5YV/8vXvOKX/mXbfMuZJx+/xfnAfMezfvxRVi4scOT665jv9zCdLqQdzm2uUdcNV7eOb7z9Wm4+tJ9/9p5P8oUnTnBmc8zRzSv5qiP1TbdUxbvk/J5faJv6HSCO6tnYSCcJC7vmsU3Byrnze3/jN979A1VddwOBw4eve+LGG2/64mOP/s63FEW5a1pULAz6j3UT+fBUy282iaZ1NZkJOBxGaILw2KBoGo/znkRrQoidgpGCxgZaF8MgRsWUjfGYw1fsIUky+kaxbARLmWJrMiERHtFt2Ck9qokfrPl+h9Y2VHUNLmNproec61K1AaUlnURHYQcBaXTMWeUSl3fWlUoQLsLvcc/YSeWMvxyFy3JmFrrUbsZbV4gYeiCcj9V1Jm669HUC8FITZByBEzxydsfXjaWnPLb2l0fBlwKFmrKkbWwERTgbc3dDzCtVwuAk2BBHjU6qKNwCQtPg6pJis2IyLahGI+rtbexoRDMtmGzvUBWRDiVdHE0jYJCnHOnP0zaGZm2b1BgqGzhtV0mzhDTL8DNYRqIbtBGkztOVnl1SREGhCNzRnae+aoBUGv/ZT3HPZz6FTBI6/T79+QG61yOdnydbmCedmyPtz5H3uySdHJEkyCQBkQBydmgRz4jJLmExL2EZZ4caKSSX+MZCWK7afz3f+qoeL0u7PPaRmmRlymLHkHUE/eU+udGkJkYPuFnGrRSXRvmeUDtGrcN7h8KjlEZ4qKsG61paa2lUHB/7GY3MOsf2tEEoQXrJlyslZeMZWYsxkrqRtJe1AYrCWpwLmFkCVuMCbYA8jdOToooRoAjBuPJUsyIsUDjnqRuPay3OR7a78lGR773HNx7lAg2BOVVxlal5Mu3xxIkzz7/6kc/d2d1z4EPeR/X+5KnHOJKOGBy6AZ90UCbB2/aBz3/x0UcvbtcHsrl5FlLF6s4OJoBIDVIKlIyj7KaeFeKqYTiuWNy9ULf93adufM5zH7oiGyQf+uBHX3VmdX2wp5+Ea6fDjVfcftjNiYpJU2KShLq1f+7CG4AkSRhvbTIZbXP/B3+XtmkIeRqRpX+9xv2rLbrxNOi8s+7373ze3X9oFE889NAX3lQ53x1X7vo/uvfjty4tLtBJU06eOUeap+3LX/aylbX1jfbs2sXxjTfd9Oldc3NPGkl1lW2O3/Xc5z+hk/TMU48f4+WveClvetNX8Q9/7EdxzuG8I8w67Le//et/9Vm3PIvTZ87z/ns+MLj+Wbcdnox3Emft4f7uvV/zxKOPvPJ9H/ro2zfHk+w1r339dyZJcuHLf+48T9i91OfsytblLEuAtmlZWlr+wste9Zof/79+6lO/sLOxsa/b7eKSjNOl4wOfeehNr3lJVv3g173hX//0u5pvO3n86AuCFCznhlxC3h2ge/NsbV1k3+69OAknVs5QOsd4POaum6/j33/X1/Kv7nuEX3vvR/nQo8c5vTXma245lNy+sPk9/dy8YHD1df8y3b/460KExs3Wh2ma6U9+8hM/cvzYsTskcOtNt6x9/9/5wf/7wsWL2YMP3v/i6WRqEMInSjwSmurJICRrw4r5HHqZxvlIUvI+UNQNmVGkRmNk9PBNs5RMBuysy7NFmO2xAuOyJs8Ng27KcJwwsY7tStAE6LqafXMabzRSQqLDLOg+IRExOznNcuYGhvFkihJRjGTbBj8b9XMpr/XL8IPiyz7dMd1P4qyfJfvMvk7yJVm3l5JfL6mDZ4VcyFnXLHFCRMVn3VxOiW3djL6VadpxFE9d8sF6IWjrCluVeB27pSi2iqIbJWPXbHyAqsIVY9q1kp1ighvFAluPJ9iypG1aRPDIJMEJRTc19FJN01q6nQ5z/Q79vIOa+ZiVMQQxYy7NVNJ4T24Uxph4JgmBTCms96AUqTE0bcv2cIK3jqW5nBBgOJ1gCFQjx8aZM1y0DuscTkBiUmRqkHlGf2GBZDCHTzOSfp/+nt3MLS/THSyQzg9I+j2STjcWZBSQPXOwubz4bWg211k/epSVhz/H+qOPk0zGXL/QZ/H6PXRThRECP3vAKxGwNuY/Bx9TgOrG4lzcSZbe0ThorUMp8Mj4nglog8EHSRNg2ni00kidMrEJkyKGMrgAQs2k5kIQKkHpHI2HNImHtWrWvRJAzmAZlYspWFpIgojjZ+8FDfKyfkAED8LjpUckAY0D12C8RXpLikcaj/UBiyPzJct+zMrCQY6tHL9i9ey5l915x4s+EoRwTTFlPPwE7eYFJp/6PfY/6y7WF66lKqviukNXvf++02df/tR2lbz04DzZDJ9au5ZiUlM1ltbWXNyeInoLdXffNcdef/tLvzCeTD990223fOF/+eG/9xmlzJ6HvvDFP9xcOXaHb/aplZMnr827PaqNC1wpoV5exO9dRmrzny23Umoyrdje2uCTv/duTj7xMHuuvOrPFLr+9euvoOh+SfFtX/v61//jaVH+dl3W+b59u++4ITE3a613cmPWrrn5NmE66XiyvXP2xuXddv+ha4qv/uo3ffETH/2InQ53aG1LXdcEBM5ZyrKkqqqvKLqqqpLxeMx4OkHA6IZDVz3whQfXuPNFL/30oRtveZ+Q6q0Pfv5zP/mJz3zuTfd+9N7PL+/a9c8mk0nzx1XOIe460ySOCr9k/1y3DdcfOXLP6970Nb/y0Q+89weFVKq7sIt2tM4XV8fIez/99q9781cN/+7fettP/h//5j/8g5XVCy+GDgvscPQz9/FI2mHvvv1UVcVVB/Yxl2SsnD5OXTVUDx7ltsNTfvLNL+LQoMfPv/denlpZ4x0XN3jxkUO8dlo/+9k7Oz93lXMvya686qe1Uk/0M8Nn77//6+67995vgyBd63jT13zVL77opS+/5z3vec/zPvfZz75BisD+fXvtbXc857GdrcnWmaNfoHUeT0LZeoT0VNZjpGCpY0BFqOP2pGZaN7GbczHlpWdgosLlvenGzg4LbY7SKduTmtBRLHY6FF4zHZWgNIvdFC08IknoZ4qucyQyULaeajpCyS69bsqgk4EQtG0DauZ7lWKWtBO7bx1mnayUyBm1KU4z/TNRqDGS90vet0tpQmIWcm4RfgbemBlqpYyqXBfAFTUKS5YmVGVNbR3j1jPo5ODGWH+paM8QlbahKgvaPNKdWiRKCKT3iPEIWY5xxTblaMSkKJC2jYxma2MhTFLyTs7S4kIkkxmFc4FemqCEpSoatFHkWYaZjUG1VCgVPbxKSfTsYVbNCqWREiWjTUpKSIVAykA/U6hcMzAycsWzhCxNMGYXcubZbHyInTuexnqquqUqa8qqot24SHn+HJO6oawbghLoJEWlHVS/QzaYozOYp797if7SMtlgge5gQNrJ8U3DdHODrZPH2D5xnHLlHKptObDYZ/HqvSSZwTnB2sRSuxjAUTvBpPWMa0+LwQlF2TpKZ7BB0IYIM6ltwAbwMu7h6xBiyqJX2BBorMMS8F5gg0OJDOcCNli8C1jX4pyf0bzijeQJl+Mzo2bA4ZwlOIFS6hmzWrikZo8dsxLyslHrklpASolQGikVImiEiPF65hK2c2bh6YQSUwUwDetN4MGHH3vp9S9av3L/kZufri6N7qXEm5Qr6ovk247J4bsZLO36yKc//4XtR89s7VloxyzkmrJtOLMxpUX6YcNobteuJ294w5s/f3pl7bNdH574xm/6xkdXHn+oXlpcgOkO45D0E63U3l0LzC/MiV1L833xzAkWETxX3HkTG1aTJcmfaqkVwLiY8oWPfJhTTx6lHW/Tn19EiL824f5XK7oAZVG4tm0fr6uSTrf3wHU33KSvvGK/PXr0SRJtOHz9NfzGr7wLhaKuKyaTyV8+xFhIKCtuPXw9c3nC2rkTPHDvH1FPR5vf/q1/61fyLP3a3/2d39778U988muO3HTTr4zG45NfLmlHSnbvvYL5hUXcH4N5BOYGA/fGN331T58+eWpy4olHvn/X8vLiFA3O89jGmA998IPf+qavffv4h7/r2/7h//1zP/+TF9YuvsiHwK5U0TEKG2BlZ8K0OMU1V+xl8fDN7Jw9RbM9ZXr0FDdNprz9mv0c+huv4fefWNm+59Of3/jgYyeuO701Em9s6D53c+tv3/Ssm+66/jVv+mfVdHzuN37t3T957uzZftbpcO31h5/YfcXef7W1M2Y0HD1vdXV1v3eeZz/72Udvuf2Ohz724ft2z8/NeV+OZcckSGEvh6gXlUXJhKq2qFlzWTaOceVIZMRAGmXJDIjQRn6Cj4Vx39ISp7pnyaVHK0Vi4jhvY1zgguSKuYzaS5JE01GCjeGE1jo6qaasLc5W5EaSJjoKomTsXCUShMTPIAFqRn2KD6+Acx45A2KEL+Uzz7rbGKUbEY1BRrxk8IHgL6UW8YwPVSgCisS2EFxUoRKBGJtFhURihIgRf7PYOSHBO8tkWtAdZCSuRU520JMt/HCT6XiIrCaoENBCoo1CakOW56QmiUEF2qBUDJ8IMwuTFgHbVOhEszTXRSlJYhTCB2obqNsWAWRKkRhNmija1pKqBGUUWipa62kaS2IMWknapmHYutn+WGKSFOcCbRvwwaFFFBMGLyPuVEuS2XhShljYvYw78KZuaOoa5xzToqRqGuqyotxepbjwNKMnBRetZ+IljTR4ZShbS1M1eBdIE0Nnbg/Z8jxrUjHcbhiWLePa0whF6wW1u7TO8Fiv4mjYW6yL0wZEFCM55yLMRcS0ruDjuBkBwnm8ixOEMMN7+WAjwju4eO8TwIXow44TfLQIqJk//FJolBARLKFEiPelnBXamYLM+oAXoGf3psLhRRzlyxBoQ2Q4ByKEQ0jJRBi8UMggkHjO20BrA+78BlVT8Vix8ZyzJ4+98shLXv2LylV/bLRbC80hNWV19TEWhHr6jjtu+/w9733vq8cbldu72E3nFnet9fYdcflgsPq62677uZtufc6HjjzvJRdOPv6wO3/mJAd6mue95qXYuma+k3Lm6Kk7DnfcFf1+nzOrKyyurs19pc5UScG9v/XOPxVkIaWkGA957P7PIEzGVQcPMR7t/HX1/K9ddL9U0um9p64rWxRTnG1pvKcoiv/PJyHvPUIKdi6sIdqWpcEck+kQqY1ZPXNyIXOVPHf8yd15miSpUiitdYgLpj/xM9q2pW2qCA/4suLfti15nl84csONP7Ozvnp3WUxeE5RGZh2q0PK5CyPV/8D7v+/1X/v2Inz3d/3wz/zcz/2LtYvrd7texn5jmZ45xpCEas9elNHsXpijt/9Kio1VLkwmVCdXOTSpuXHXgBtfdSsvfM6z3/+f3vvB3hOPPfqW88PxwgP7dvH6tc3bjp1b/9l3H12vjj55bG+ad+j258bf9t3f84+C5eLHP3rf4Oijj92htKS2LSpJPvYHv/D/XFw9d3YxS/S29yzlRPtE66GuomDIBU/TBiZNQ55olno5PkDRlCAlChGFKVgm5YR2rst8f0BiKozRtO2U4FvatqL1GUoJimKKGig6KmN7VNLXgVRF3+Qg72BDiAxqEUiVilaemehJXNYhhz/x30tjS3HJHyokUvFMJJ38kqQD8Yy1JdqGngH6PyO2DXghESahLYuI+BRxH4gQZIlCSY+zsSuSM7EVQcbg77AD6yepNtZwVRQ9JVqSJgahFF4GmpnNyHiFDR6BAhfoJSqqTAEtNEF6NIFEx07VO0vr499dNW3EEQpwztNKTagDzrZkWYaRasamjp1R01qckxid4ITABoHyguAFSgga5/BtS2IMHZXOxGqx6wuNRSQq2mWEBi1pgdpLrEhxRlJ1exRdSdG1TCvLqIoRmFulZ1g17ExqKhuonSaIHmhNaAR2LWDPb8YAetfirUX4eAgU3gIupgG1Dhs8Eg++jeEBwV5KZ0TMDipKBcyl6EERIjVMxDQoiJMRpQRGyRnGM3q7Kw+VD/SUwHvFZhU/791UkGuBEQEtJVYIrPcYFb+3QlA4SeUlA+PIQuzKjdF0tMbjmVhH5aBjoKPiTllpTa4lJjgckoYUpQxmtrJItWY0LRk1fQbKZ2vHH/uB4fEv7pju3GeFEFYIrBDCCyGClcZtHH0oLPTz5G+//sU/fWBg/mhueXlaF8XXH1kwR+86fEX93o9+5qumq2ffdPj1bzi91M+LzpHD+TV7F5KqqnXRtALnByce+NRz1z5773fctVssXigyzqwPOXV2JQglv+Ky1h47+WcIpyTLi0sMFpep6vavI/r+mxfd/wKvEAJVXfHCu55HubHD8ZWL8USmjdzcWH32qZMn3ri6sfkSV1f5I7/2a357NLnt2oMHmxe9+CW/f+ONNx+fTid/8jSnFBubOzz15FMoKf/EgcAHzx3PuXOYJOb9D372E88pJ5Ml57pUO5vs1BX3n9/W6e/85v/2iq//lh35A9/3gz/7sz/7/5xfu3jXSpiwr58xnxiKyZQTTcPK2hr7lhfYPTePSTusbK7jLw4R3jI/Hs+/6srr3vqSH/uBf/HOD933kXe++7e/65NPr91dZV3ZXXtk/uFjpwhCMOhkvPkNr/m5N16V/Nav3X+eM2fO7n3ggc/ejvdIqbn2umuPPnz8qC2m0zqQrw2MXOpliklr2Skc1jp2z3cioUk4EiOxPtps+qlhUhXYuDjECDBaUtcFRd0QXCBLUjp5Rh2m5FpSuYD3NlonWk/pBYv4aMmQgaaJO9WxdUzLBt9YyjZG+LlwiTQVu1Yho1g4+PDH/J9hFjZ/mZ8s41j8Ugj8lx+kLtkWYKZCDeGP1eMYMCBBKVBy9vtoEdLG0M0yUjWibuPeNlEC5QK6GcGpp9kst/FNTaITkkSBlNSznF7jatCKRGuEVtggEU7QzRSpVqSzzorgsb5FS0mSakSIWgIpwGLBe6R3KKNBxBALnCX4GBZRN1HZGxBIqQgyEpQCgkTE0WScxEsaF73NwUX4ydhaNmo/y/iNmvaibZk6x7hxjFsoLAxry8QGKgdF01I0ltp5nJe0tqX1jmBt7ATbGmvbeL29QwSHcw4lBUo4ZIj/7gQXC5IUKOnwDhIt0dIhDICKmcchkGkx87fGblFK0MLgfcCoSDZTEqwDlEIQSJQkVzGOr68N3oObobhHlWXiI6Vq0WQ8PapYr1qumc9ZyjQi4i8oBXQ0EBzBa+zsPh218XDYV9A3Gb1egnMeozRHz29xYTjixt1z7OoagnUsZilzaUwhqusGQkMlA4+ujekowYuu20uSLDBq4nVy0zO3nPmlf/If2yQ/u3VuZ3syLoaKohz2dEtmirKsgxahc/DpB7bfelW24vqpbYfj6tyTD//NY6cflC/sZfP3n9u54X3v/HfPO3zNgWPleJytbw3zcjoVoS7pd5P+znCyVxqdVcFE9ntRh93XHnlKKvUX6KcE3lsmK2cwaUbV1H9dMf//WHQvmfGfdcMNLM4POPH0qcs7mTTLePSRL774l375V38072Smsp5xWdHNUm694fD4tltuOn7FgQPOzdJdvnwxcfiw4eEvPsZTx09cjpj70i/QWnHloat/9uTJE4PVs/f/yPz8fN6ZX2S4dp5TW2OstUn6nt/8p2/8W9/9d+T3/53v+Dfv+Nf/7szKynNdCCx1IbM1hZcMDh1mahVHn17hyv17GOw5wHoxQk4cVwgt2uNPXHHQNf/4p771LX9vcX7hx373PR/49ZDP7Xni/DmqqsQFwbc853p+4EU3dOdpD73uyuTEY90bd//cO3762qppueXW285/27d/+wM/+sXHWJ20dZbKjbbaxNEFFMLbmScxIGSgk2isCzgf2KkcUlzaq2rCLE82MwYlFcNpxdpwh/lel7lej9XpiAZNN9OIVlLYgFKwujOhl6V0U8O4KDGzXWbZNODjQy3TsZucSZCRYmbVIPKOPZci6/zlpJ7LUfAhXBbriMvjZb7k16WknVkGUXCXNwmXDuKXQHQWidd6lkYlZ7m+kn6u6SgYOUcIFjsd0WyvocstWuFQUpOqFFSkF4kZ0UsZdbmQC62xHpQMKO8pqganBD7RJFqRJyZSrrynmv3bhYBEyYgwRWHxlJMCqTVIiQwNWmvaIPAuph4pqUgTgxfRl4qwbJSONgRaFK1X1FLQIqnbQOEDpQ0MG8e0DRSto3KB2nkaG6jbmra1WB9mthdLjJGI3Wi85I4QHAqBCB6jBEY+45VOZIT3ey1iZB4+plyJyAkXxESy+TSfJfsIhHS0ruHgYI5MSso2UsK6qSETnixJsLPwiapxKCkZJIbczFCiMnanwXs6SrI46KAFjKZlFE/NxHRKRQtPKg3PO6hABHIhyBPJdlHx4PkNmtrx7OUFau9ITMZmWdM0FaYD25VlY1qQmcCi92xPp0gfKFbXKMdT2qRiayipm5YqSRklGu8d46qlDQLnPBc3x1jr0dMR3V6HqQsMkjiq1oJ+N5E3ba1POH5uJ47cV/ospJrjGyO6nZyLC11WtkfuqQtDXnvTAbHZBHm6brhj3xx7PXzhvuP7n34g399f2sVgaZFgch5eGeFsg2st06ZlXLRUteXqW26971nPf8k9f56iK6REKUVdFBRnHuHxC39dKP+HLbrWWqxz0b7xp1mTmprrjhzhbW9+6yXx1OWXSRK/76qrfufTD37hdZ/62L2vvfnwIZxUnDh7HuHa/od/79e/v59no5tuf84f1GX5JxbINXDzkasZT8Zsbe2gvmzUIqUkz7LmBXe/8JdXz5z+huHmxSNJllHLFN8WrFWWB89tK/Mrv/DTb/zbP/C39P/6w9/w0//kp35tZXXjros+sG+uw64sZby2wqYw5IM5Tq/vsDzXZWF+mUlTUYSMjvc8/vjTHc6+61+N5eC+vJOlaxfOMR2NmZYV870uZV3x+Q+9/3uvu/mmW0Nv8Z8/9tQDt26OJj0IXHPNoQ9MJ5NHr7n+Bgbzy3W5cf7i2uPnmNY9RPCkSRxVqlnyjQuBbqqxIVDYKNZpvUBriZIGKSMQwDtHKsRsl+ZQQmGto6gdWpq4l435PgynJee3pxyYyxDOUgawjWMuS6hFQKiGKxe6dNIhVsYu7hKs/5KYI3wJ6cl690xk5DM4pMuJPs9QCp+pvOJyiP0sBYgQU3NmofKXaFZSK7xMEE0AYYFA07YEF5jPNFtFHPOur56hHa+zq99jkOcYJWd+XIcXAuEVvVShlYidYOsQ6UwIpuRlLGQTLvmgBLZqSVTs3gSWMCveqY6eYzvDkyogNDWt89gAVmisyPBS4ILESoWvJEULpYcGH73WQVBaS9mUVC76rmNBbQnOxUmHtxHmIKKfVCuFEQ49U3zHw5mIXmop0YlES0HrNQFDIsNlwlFPe7pSM3XE6EehuDSbUNJEux6B3Z2cbqqZ1JFWdnCxh7UeZTQNLQtG09OaxnmKNrDYy5gWBaujKVmSsF2U1G3LgcVBJE3VLVfv7jNuHI+f2aBsLd3UcKVvMVqwsjnEu0CeJfTzlH4iWcgTvPe0VmObliJEItX2tGZSVBzfGDKZjFFSsdjJsd6zXbbs7WVM6oqTm2NW18fs6WZM2vhe7YgE10047zsEK/BKYLtdOotzSCWhbAkeqrplaVCjRIiCMjzDUcHFcQltQ5Ioluf6qLlF/DAwLlrWRAeX5IjlLlMPF2VK6CdqwafQmWOuI+gEj8gT5vAs5iVF1dCuXGDga+665WZQB/nVTz7WnLuwyly/I7tzS2uHb7v5nle/4at+Wkp57j+38lPa0JRTpsWUUw98in27+n8tmPofqegGBE3TUtcNUin279vHZFMxIFBbR5KJP9HlRgKW4vTpp2m+DCUmpcR7t7Z79/KxGl672O9w46GrGHS7PHn2AidO/vZzjE5+ZK6Tfl4odd5/Bf6nILBrkNHJ9/CVVhN7di8j5TVnt9bX3vmBP3zvj4w21ntCSELWoWoqTq2PwLVm8Nv/6d++9Ru+82vKv/U3/+bPv/Pdv3VhY+v2lVFF3VoGRrE0WKSVgbXNbSZ1y7Cw7Iy2eXphgappkCbh4qNH5YWzZ1/WuBajTXvo4FWfrqrWHz/+1Mt++TOP8cUza7xhdfjiq68+dMs9H/vi1qDXYzydsji39OBnP3rfdGGwyOLcYn3alRuna4vRiqq2bE1a+rmhlwMugs3PT1tSI0lkTDmqrSeVgcQIDBptDFliaNuGaVmwf3GeNEuQUuB8iyfHKE0wPnJvFVTVlLH2LPUzGuuoioauUagkwdWWQNwxOmlQJkXNfi+EjMQnH98RKQXYEIEZ8pnouUviJn8pL1eJyxjGWCoUl/xEwbvo1ZXymcIuBV5IvNBIV2KUAdFQOs9kJlzakyccG7c4D6YzQNUTjNb4uDUkCE/Z2lnLXFMFgRYd5tLs8hHA6Es/AwQVIwWld5Slo2ojmSt6XQUdEwepHokTkgYJOiNoRe09Uyspg6BGUpFgg6BylsrFJJmqrmmqCu/jCiGI+Hd5VyODi9hDKenKiEP0IqYzGR3HuwKJDYJUKzpaMp+kEBRT6+hphRDM9vCC2lusBxkCHaURUtDRkisGOdbD1HvmM4MJASE8/V6Xuq7oJIbdgw6TaUnhBeNiSkrDQlfTyRNsMJy8sM6Givv7jUnF6U3FuGzYHE/pd1KKqmWhl7GytcP5zSFl3XJivcN2aXnywha9VJEkhkfObzLfiwQm28br0U0NC3lKPzWI2V5fBkeiwNvAelGyU3mmteOpqqT2kl7Hs2+uSyMzUtOnNvOkyR76/Q6dfo9EGZxJ2GsS8iQhzTOsTEizhMQkZGmKUJJcKoxUUcmsBFqAloHWWa6tKoqiYHvtIqeePMojT5+iaRqaoDCZYuIF80LSzRK2JhUrwzEDE4V15yc1c3lK3s2R/R6pFOxq4sG6Lms21jc5+9gXuGP/Pm9e/KyPTa7+n97TqNSvb+6c/Jo3vOYD66srwQePQv6po+S816ecTjn58KdYeeop8m4fuXfhv0lhuvT5FUohtEFlHaU0RqW50kkisiwnKC3aopQWIYROBMIiTeJV1q1l0DVChiig+P9x0VVaI6SK+6YkQbuGG268gaJp2Fg5x/XXHGLUS5ifH7BdW7bHQ4ajMVUVVXx1XbN/1y5U8Nz/uU/9iRNWCIH5+flOLvze3Cjue+Qpispx3aH9dLRkvLPF6rlzey5ubO5e3rfvvHX+Kx4EtPK40kWl7lccceP27N37MzfdetvSvR/8wA9mUhBkQoVifTxGJYLPPnFi0P3NX3zn177yq9+cDZbe/u9/4Rd+4+TZ88/emvlQk3qKcRWLOqdxjvOrq+TdHqfOnkMrRV03+ADdPKcbFK+86driG179op/3WfcPf/2++3/o1z5w7/d96umVwcWy4aaL1fyF9c15Z1tuv+H6jW+4+4aHbr35MN/+v7+Dixtbzd6u2Ml7vYiBQ9JJFP1cEXzUAeeJZruoaFvL0iAnNYZ6NGGKjMZ+ZeialNQoRi4wLVumVc18v4s2Buehai3aK6oZOrLfSZjWLZtCkKYZQkj2755nUgfGk4IFIxmXFc466ETrh1RiFi8XZjF5z3S6l0lIl7mQYSaoil1i/P9yxsYQlxWo/DEr0WxnfHk+Ev21LoBpPO0sWce5qJLVInAgBVxLYx0Ly3sZTjZonSMYjfceqcBIhcGRq0AiNWY2BiYwG70GZHCEILHeY72nrqPf1gmBkIagE1oMW6S0QlMETYug8IK2NrQNlE1LY33co9qKthkinMWHqOaV3iGJMIRUBnpKIZQkSJAG0iSJfl8pSdRsJ4ek9QEtAgOjoz87xDHwriRnTifxukroGBnFi4ALkCRdEi2wXtG2FaFtSfOMua7B24bpTkUjWg4uZGxMW86srlE2DQcXenxxe5vV7Qk7ZUUQkqJqKJuWPE0prWdrXCC1IFN6JryLrPQDS3PYskEJybj1bG2P2BpXpEZybtwQgIVBl8xorPO0RLDFno6m109Zm9ZoPME7NiftjGymWOxl1FpTG4Po72Ze5ywkCXWQpEmKNnE3j54Jz7xgr1bMdTvs7iQ0tmW1cHgCnSyKA0svacuWalwxKVuCFCRak6YJeZ6RmgSpFVIrBnN9dh28kkO7djG3sEhTTDj58P384a++m/MPPcq+pTl29TtoAjJ4BhpKK+ikmqyTslHVTMYt3bZlUjWAwGjFnk7KqLDx3ipbJkePy6v3Dhfu/vq3P3Q22/vxD77zF3B1gUs6iLwXg0f+xDhZEMop93/4HkY7W2g/IesNvuRz9F+lys4Sx5RRJuk773aHut7ri+meZuPCgfLcmQMd2uXh2oV0vLUhzjsrtW/FslEKpPQC6RFiup34drSzZYN8mrY+KZvqnEzTU0KpFYSo/39TdKXSJJ0O62dP025vMLe4yIP3foSOEhy5/hpcCHzh8w8y3+3QtJEzvKg9V990PS995WvZtTSPMYbXvfa1dNMshhX8KSq6prXNscce3bn96is4tz3lgWOnOL6ywjX7dnHw4KHytpe86p7erj1nplXNnyayCwQWlheRSv0p6VOBwfxzp9ffdMMvbqxffPuZ48euyJMUnSxhixHrwx0eDwLTPHwg6S2862vf+s1vVlny9e/4l//6N1a3d26vTZfV0ZhBqhnk0JOertaUTUGuFMokaNuya37AFZ1Frp9LuPPgns7u4uL3HTzy7J3nfsfX/tgtR47c/4vv/cg/fOqJR2+3+Tw+RMD5Cw4uZzea8ety1Z76uuddc+H8+nz57g9+cnRooRPHlEqydy7FhoAN0RpkPezpJ5SNQ0pFnsxi7AJUNtBTseNsHCAlzscR5Xx/QDfLEL6GIKiaFpMoUm2QxLH1duUxk4K5VHJmveHCdoWWDrnYR+joQ61dBMiL8EzMYmz+Yg5uCNG2csnuczltSETcHrMgA/ElKTlhFg4vLxGqApcD5D3hsl83hCh8CkpHUpeWOOdjV43k8EJO79SQ0jp2GcPc7iuoV08gsozZt8Po6MP0EoKOfljb1ggEqZ6BSLSMu19pqKSmkQarUqxKqYWkFYY2SIrWMa0qbBtze13bEJyLhCFvEa5FqUBCIJlBM7SJI23vFQiN1iqqqFW8IonUccUtPInQM1tM3I8rAkpojFbsSgy7ck0QUDnBfJZj2xbvLGlisNZSuAYh46GwbEX077YegmUuUaRtxZnVChsC20XDIDOMpjnDsmW7rGhs4NjaCOsdpfVsFg1ZYljoJKyMG+rtiiAEuVHMSUPWSbHWM8hj9y2lQEoDIrA6LGl9YNDPL5OscinR81FY1baWpdwgtaEVmk6iOTCXEKQm73YISY5PUqwwpFmGMoaeNhitCAE2pjVZW/OsrmRalnxqbcTYCpT3zGlIs5TTW4oVAW1d0xD38GeDA+sompaqbuMp3Ta0TUOqFLsGHRqTsVM2EAJKGZIsZ27QY2lpgeuuPcSRm45w+8tfwxXX3cA//4n/g1MPPcBVcwmlFWBbsC3DwpEowe55w7gF6QOhLlmflujE0Ol1qUeeURMjPadVi0wSnjp55s7Vn/i7v/Lsr/+2733B7vQ92/f9DqkwTJ/IvoKWJeI8n2o0j3zm06g849l33sqkHsF/hbGyEEJLpRdE8FfW1t6+Mxo9e7i+fjhrpweac6f7fu1sT9fj3nh7Mz01mnB2Z8T5ScuprW00ltt3LXHN4gJzcz2ESdBaoU88Qm19kL3FHbVzfhx0ttkiPp0vLr9faPNJhNj+H6rotm0bQ759xK9pIbl44imK1XMc2L8HAiTMc/bEcXoL8zRNi/VRVi8uh2MHyrrhWVdeyeHb74h/5ixHrj8yo/985Veappw5fWbusWMn9kshufumazi1tsUTp8/yxNPnuen2Oz5698tf+ZN5nmxOhtuzB/ZXFmv1el2UMfxplXlxeZHFYvHoq1752n/we6PifxttXbylmxgOHrrNrZw8Xl5YOdvLzBKdz3zyBjU/+OW3vPZr365N5xv//Tt+5l0b4+LZTTpgqxohRIkxEukaEttiVEJZT1nUggO6YUklaB84ubpl1rd2njtq/a9c/6xbf+abX3jTT+274srP//a9n/75Bz//2ddb58jynLNrG733feDj/+uta9svfNPzb/5nI8xH7j2xeXrn9BdjzJnWGG0wShGco2gdjQ0UtY2BCM5TNXEULQgo5Wi9w3nopIrahYg1dIG6qVBa49uWLDXUjZuBAgQ+CITUDIsWIwNzpsNwapHBs9xNMNrQ6XVY6m8ynrazh6kgtH42Xo3RfsFfGhb/yYPRMyuBOJ59BogRZkrk+P+CuJTgE57JuA0SZoW+RWLmeihrUdZR1SU+OC5MKm5a7nFtR/JYWVDXXRb2HGA83cY3E4IxiJkALCAIXlI2gdZIhNQInTI1Cd7MiiuCCkNDJBy5NtCWnrqd4pua0DZ4VxOcJREx3q2nBZ0sjnSNkUipCULStND6iNPMtYwHIsBog5thGnWwdBLFQmJoGsfEBjpyZiuycXpQ1JZOIhBOsFlOaUtN0Th2ygYjI9axaV0ULxFH/GliCCLQS+Lno2gsnRl0Yy5VTKoaGSS9PMVLzblJy2RakmYpRsHmpEJJRRkCSZ7F54aQ7FtaoLKeylpAsDzXYaGTkkhJPzWkRkXWdRAgPdYKlPBcs9yjr0QMRRASJzVzvQ6NNFReMiLjrBiQdjIGiaFoHI2zVDYwqRsmwxHF1hZVWWKIhLSyLKjbBoXgmHAIKVgtHdOyRUjBFYOU3XM9hqRMW0+wDYN+l26/T9sK6tZjmwZbVZeFZWmwuGLETj1B9ucpKotrGrQytH6bna2UtbWLbF7cYH1tnT1P7ufWO5/N//SDP8S/+/F/QDnZJO3MUYS4X0+UZVjUGC1orKNpWiohGLeOtG4pnaOTp+g0YRIUp8sdrqMm7w0YjXeufOC33/WPdl1/01Ohbp7U3lI5x1fqMoTSrIhddHp9glb/ZS1BsQbMSSn2ey+O1GVxZ1sVz9u+uHpkMhrPh9XT/WT9LK4aUtcl21XLUidlo2m598wG49GYibXstI7gHIOdKYv9OVIMBgVeYPIBvqrEdDxZKMbjhY6RV3mpnt1srXxdGG8+kKXZv1G9wfsB+99F0f3yke4ziUGCyWTC//5jf5/l5V3knQ4LvQ6/9yu/SjEe44oRB/buQihDiKKnP7WgXfq+bWtnBbedqZYVembt+HIfmZSStrHc84E/fPl9n/j4C0OIo6U9S4sMR0P6qSEJtvuFz31KVmX5Z944zlpe9aavpqcHfyqwo42Qepdl2a/s3run3Blu/OL21sZAGyN2H7z2WF2Xg5WdnWt7+SLZvR97njadX3jj6972DYP5+f/pZ/7pT/3i2Qvrd5ruPKNmQrMzZtDJyVRC6z2ZgLIVHFvbZiNLWO/m9JTg6l3zyPOrg2I0+rGrb739Wa+99uCPn9o48t7PfOITr+5mXV0VFZ966gzrw1H+qvXtV7zs3LlnX3vHc9/xyrueVb37+MP0EsiNpqgt3UwTfNzjueBxPnZ7o9pSNDa+ryKgZ5ac1jls26KCY1o3WO9JjaKb5+xUBQTP0lyH1kmmdUNpPa0PpDpC54eNJ08NRhHZwa3Fi5JuqtFNwKnZLjZEiIWYjZeD+JIudSaA4jIU49IWngiugFl8GTN18yUxVcx+ZsbyvaR0jqXa4wWknQFMhwQXFbvee1aHY/b1O9xxxYBHHltjJ0/odzsMDh2hPX+CJMQHHsJghaaUiqAzfJLTaIMTOuIKGxdHwnUcwQp8hH84S64FfRNIhKfTiVY1rUyMLZSBRGt6WiGFjJhCpVDKsFa0tN6TCMFCpkmMJleSPDFMy5b18ZTGOgaJxtU159dHTGuHkvFQU9s4Yp22UQSWKvmMrSp4lIiHT6MUc92MTmrY3e9EJreHTAt2dzOMloxbRxMknsDIBrw0cYfvoW5btFZ4k9FKTessJkvR2tCZHXqdF6Spjp2yUpGclWjmOxnHV7e565o9XDWfoYCuFpzfHjFsLVUTD2aHd89zxfI8I6cYqYx1q9lUGTvBsN0ERpWldpbpTsFkZ5vpZIILjtwYrAsMh1tUVYtr44QiSImzDTQNXsCGkAgfqVTeO6ppw7lySl1WmE6XRAbqpmXk29k10/i2wbY2kvXa2OFq7cCXbI13UG1LtzsgSIt3Lc4JXAMVkvWdEYPhhOV9iicff4qrj1zL697yZu7/zXcifTxIaS0Y1pYmUicxUjKeTXdawFlPOa3YbmrmEsNcp89O2+F0XbLbWQa9eYrh8Nnrx5787j033PwjVzz3RVVv3zV/4pkspeT3P/wR5OY2lM1/qW4WIcgR4ppyPL0D71++sXbx+ePJ9EpvbVaUtfZ1xd5ijeVqhJCBfi/Desep1RGj2oESVMrgu31sXdGEhjTXXHPNQQ7tWUJgEVJinaNqYgRp3tUIoHEevKNuwnJ79uxru6l8dmfvle9Q+dzPSa03/5sX3Wff9qw/8UXPuukIl6K+1ExyrrRm0O8/461T4v/zOEIpRfMVIqYEkaW6sb4+/+EPfugN46qZS7WhaiLScNq4kEkhbrrxpsXnveDuXjGZ8GeuIwJUoyG9/uDPVlu3lrmFef+2t3/dfZ/+9Cc/cN+H/+jr1i9elFXVLB654wWfOPWFT6uTF9YPKZmS3/vB1+hO92fuvPnOb/vBH/tHf/tf/KMf/8WVi5vPEZ0ek2oCRYXq5hF04CxCKZqg2CwtlZ0ynyn0KPJ1a+skD3/hreubm7d94t4vbpdNI5USzXXXH3n44tp67zMnz954bqfk1E658OZW/NhCd7nYszTvBqJQeaaZ1NGPWll/efw61zUUdcQAChFjzrQQkZesY8yanOVxTsqS1nsWewskxgCOuvWEyhGkIAhFpi3Sxa6kbFpWtlr2zPVYnhtgZKCpS+rKYm1UuPo2WmWkjLaPS8XUhxAD3pV8ZiwsZgiNIJ6ZjqAux/xdCloPlzN4I/wB4S4bhS5xmEUQSBTaRxxi10jGFSgRecBnhxP2LPW5Ze+QB1c3EFKwvLyL7MB1FNUkYiCDoELS+qjwbiYtwhYR6NBUJMGSyUBfSTIh0UoQNNQBUgNX9AwmMQihSKWgq2adqxKkOsFIRdV6ah/IdKQwLSsLWlLWFlnDvBGY4BjvTNkcFZzfGeOCoO5Ej+rGuGLaWPqZZne/iw0NwybG0g1SzXI3xQdonKMjJamRoKBqBXPdlLksIU80qZJMGoeSROqUi3SwVCnSNKVoWlSmWU40qTZ44hSrcAFhHZUPdEw8HKQyJjQlSUquBD3pGWSGom4ZpIqN0vHAiQlPnT9Pj0VyrWm1YKsNiO4ivmuwSY8H9BwPFl1Wi5Zh1TItCop6i7oqsUWJxGESHUPe65qymCK1pNE5dVkznQ5pmgbtA8K1tLOJSSY1SlvyRBFasMHTCoFMAFczLmDBSDppAOGYVIJxgE6WRv9xaKmrKbYqkFmCbwNpqFhILVUzIs8UeSYoa0+iDMEEpHbQllxcW+Pa628g7XRZOb/KlTfeyukrD7F57gydToazUTaQGoVWhkxYGqfBB4wKcZCDoGg9ZVVSFo6N2lMPehStZbct2d/vs372zHd0d+1+Mu0N/m3SnwtfXnSVlLTS/BcosgIlpQIOOGvvsC68fGNj62Xl9NyNITgzmkxQCCZFw8AE7uo7eu0EqwyJstjWMiojQCbPEryHhSyl2+tQtClPbY1JtGHPfBdtBJMiksikcKQqinG9n0VwBkcQkCqN8571wu7unD71E2EyOtw/fMtPCamOheD/++l0v/zPLnWGcmZ1+Kt6SSlZWJrniUcfv/z3OOfQWqNUtJv8wR/8/ss/8/n7X93Pc/Juh5WdCSubT6599Vve+rvFeOQujsuHzq9cOFmV//l4KQHovMvi8tJXbMgvCVLiSL25ePttz/nxp58+nT7wyU98dduUB/cd2D+6+rbnfvyRT/yRfvLcyhWD9Er6977/m/KFpYsved7zfyT8xP/5Hf/y//jxXzh34cKzZT5g3BS4ccFSv4vWGuk9WoKVAqEkW1WLHJcRBF/l5FnOB+79/LVPPr1Ba1sqZ0699Y2v/+7Nzc3svff80U+eOXP6pb/9+aPq3LSVz3/WLb3dCwu4YcHWtCEzko42VFXDpLEMOhqEQVARXMz7HDuHkwItFGL2SykT2b9A0dS0tmXQ7bKj40GhrixCOqSHiY97wJ5JMLKJnTKSLNNMxxNqJ+hlaeziZixbIWcpt5cUxzPPapj5bY3SEeR/GW3hL/u2meEixWw9EPgSqMYlAZYPPMO8uvQu+xgnmCYguuS2IAxL4uY3ULYt40rzgoO7qOwqT62tsL29SafTQyZpHHW2DdI7dGjIvKWLp6MFiVIkqaBjNAupwWiJDVG52gKbTWBoHXNph/k8Ybt0dJQmUSIK6VpHJSqGzrExrfDek4hA0TiKpsGHQOs8rfN0Es0gNYQQx85ydj0XuxkiCLZrz7C2GKPp5SZON1zEn14132G5m+KCwGhJJzGXhThT55EBlnoZWikWujmTqmHStOyZ67PcS2jqhjRN0UZRNy3DScEgS7hm14Cqqtkua7bKGi0SWh+iR9wHlPJoGe1rbeuwtsVWNaqNlLTNUYtRkrVKcML2WJhbRHUGDBcyChczcKdlzc6ZEdvbT9NWBcLZiHRM9GwnbgnWEYi4UqMCsikohjVV2dK4uG9NZSDrpqRZQnCRW61Fg7cB52LAQZ4Y8hCw2uAaj5QW104ZNg6EJJUeO6mobU6vm5KrQFe01KIhw6KcR4WGLDMo22DskE7eRaWSGvA6EKii4G465vTxpxj0uzgC3aV5evuvYuvc0wghcAHmsgQvBFqBEYpRcLMRcUycEnIWiykETirGxRQCLO5bYmdq6RaWtN/Pzz32hR8/dPfLVnr7r/39L31mB+IBQoq/mkIb9QdaQlh21t62vT26e3NnePex46dfEJzrC+9oipqt4YjgLFJqOonkpgM5aEOd5+S+phwWuCyhdS1GRlW60YqlTHP1Qp+dKuPRlR1WioLfqY+hkYwrG69Zqji8PMd1uwakxrDU6zCfdWhdE2lts7CSrJuq8ebFb6ndw7uywzd9l0qzM8E2/22K7n/Ll7Ut58+cpj8YkHe6zM0PuHhxg7pu2N7evPJ3f+93v7f2btdif54077B2cROT6gff/DVv/l/Pr65Pnz55Qp09u+Ja++cY1YfA2voGz33hC7/i4UEISV3X6CRB+oD39ZNf/TVv+aETx08ekHZ65+rZM7dccfW1kyN3vvAjxx/89GuOr2/uxdX43/pPP/Tipd3DV7z4+T/55Nu+7tt//V2/9POjzc3nqM6Aom3xowlznZTcJEgEmsBcniBFxuakYGda0cx76rNw37kdrHfkWvOCw1e133X31duagycvrm98S627399sXvj2jz12bGnbd3jewV00raN0AmOiyAkB3UxTWof1kKYJlatJhcEXDba26EyB0hidIERE61kbY84WB30mxZTGCTIRmM8V08pyKUlvWjuCazAyjtyqpmFjZ0JbNQydoNPtMuiliGGJdx4pJGJm/7k8Cb6skZyJq1CzgPRnAtTFrDJfLrrM9sIyZtiKeEq7vAcWs7AEL2a2XAnaJLTaI0exgFsECeCFZFw5JI6b9/eY7yg2hpaq2oJakGuFNobcaDItmDNdema2+xbQMRolJb3kmZD6XGsmzkHR0neWSW25uDOmbBrMpRhA2xC8p7Ytjih2M0pRxYsyC3KIEI1+ZugYxSBLyNMEpGBatwzLlm6SkKeKq6UkNQmDjmGp3yVJM3bPw565Hku9lMzM9v1KI2RgfThmWDnmOymDXNM3ik4SU4s6SWBQBTraoYWjtDWr0ympERgpUK6lmZZsy4bawdpowqSskcqQJZqhi5jNVAWCbRG2wWhDUIrWpNQip9Jdqn09rlxOsGmXKu9wqm7Z2S6YjNcZ7wxpqhHVZIyzFq1VBLp4B1LHlYStUTQI1yJ8IDWC3DiyJMEIi2TKIEkgiWSluVxFprW1ZIlG2obSe8Yh4INEa8OgkyC8pmoMgmgzsj6lqgqEm0KQKOvIQ7yfQx5oJBhpMVIQrEDLljwTIC0SS1cLjLPINMVisHgcLeXOOqONiyhtqOYHzF1xkOThHOEdeaLppmYG+hAU1mFki1US6+J0yLnY8WolcSKKKEdlgXBdsv6ArfEOS8ETgtr7yO+86x/vueX5j0htLvMejVI8+NAjVFX1l/biSikxRgsl5fK4qp61ubXzgu2d0d07w9Ft2zvjK3bGk0i9I/K1m6YBKeikGSF4jswlLKaKVkgOaMvK5pTSBeZdZF7PZxmplNH/31r+4NGnObNdc26nIE0053wdRZ0EmtZzfL3hU6c36aaaPf0Or7h+P6+74QoWuxnTOqJJ0zxlY2fM9rSks3ny9fpz933vvue98kfl3B77P3zRDSHELlVrtDYy63R3+arIkjQ9Z+va/TH4thDUdc1Dn/ss1x25ngMHr2bfnut47PGjbKxv8KEPvf9bHnr00ZcPOhnOOsqyxrYlr3vNV53Ms6SoqwoBLu5l/jwdeEBKxYlTZ7/i7jmEKKVP8y4g6PQHGK1P/u3v/I6fued97/vp08ee3D18+IHnXXfTrcXCldd9aO3EY2/EhwWqiuxXfu5HXvit33fmG9/2Vb9Utu5bP/x7v/WLF86dvsv0lqiDYWs6pZ96+llGojWjombvoMd1u+Y5trbJmdGY9aBjGstozFwn423X776uPXviHZ2rDv3EN9195PPP2jX4B8f84LMfvud9f39rNLxza2hYNIY5o7kEgUp0DJxuyxjKfcmbudnUMeJMS6SYdU2CWYEX1ErgvSFNM+b7PbK0g/c2BoMnJlqdZrYfvMcj4s7PtmyNp+yZ72N8YGs4ZVhYCHaGkIy7WaUkyDgC9jMbT1QiXxJayMvq2y99GEQEc8QmBnEZHHhZZRwJVQF8DE6I1lhFojQZgiYxGK3RaYrJemg9wycGQdUEJo1lqWe4cmFA7hWtCxgtKIMnOIcMgq7J6aYpUmkWco1QgVPrY0bWkWpB6i1t2zKaVJSTKQtGsFk2rIynaCHxQjIwir39FCk14zr6MjOTII0iCEndOpBgnadycSTfNzF8PssTSucJwbCnp3FCUgC3H1ripVnGpGnwwbE6aZg2nmt2D5DBzhTNjrKJYQ7DomRt2pJrRdM1bAjBYpaQKkkTYoTddDxmQyVsFjUb45JupukmBiUkC50ET0NZt0zrltILgoPCtYyLEiUlc5mmk6bYdI4qH+D7S1R6gYtWM3ZQNA2ElmY4YXLmPPVwg3I6oWpqfBMxmwiBcpbQSJrgYmJVACMciXQsz+V0sijqlHiMjPD1pJuR65hTHRCUbTwwdKVF5wKRaKoyRyQW1VryJCVPJL08ktkS26BsTVcLhE7Z2Kooq+hBztKGXMaozLzjqLWBYOnkmkRosNNIuEsTPI6mcSiVkJuA1ZpJY6mCRYeWUI0JaYeqaFjce4CD+3ahqzFOpfGzax1VG3n23VSjWkchwHqPdzFVq/FxthPzpeHCzpQrljWq02V7p2RBKbbX1m468/H3/61rX/XWf+htSwiwMN/ld/7gvQx2LZH8BdpdKSU6WqN21XV95OLF5sWnz5x/ycX1jRsvXNg4OC1KfIh0NiEl/SxBKPBhFrWpDEFKdnckB/uGkCTs7whsVXFmXLBZVDxn3zL9PEdohcLx0ePn+PWHz9JNUg7vGnDd7rnL6WDW2pkXO+CCo2g807rl9M6Ud3zsMR44e5Fve+51XLs4R24M95/f5F2ffpRUet5y2zXUTz70rfbaZ9+T3/jSj3hn/0wt0n+3RVdrjZRyLs87u4Y7wz3r62tXXTjz9OGVY0/cbWwtDl571d8jzR46NB7+iRFFkqaXlc7WeToaTp87fdeHPvqxbwvRlRlzLtsaIUXzgufffbQqqqAINE37Fz6xGa3/TNFVmD3Ng4PSOp7/vLt+UwkZ/vk/e+xnfDXexdFHX7z3wMEP5bsP3LO6sfJGFzq9hZOn8/TX/8M/fdX3/ejqD/zA93zA5OZ//vh7/uDnjx997K5kbjetGLBdDhHAQrdD4xwrwylXLvR4zpXLHNspOTmqYuxh03D1Uh9Rl9nHP/6ZN1xx3fqh59/xnJ+4Xre/ubV8ze98+9te+ejvvu+jP/L0/fd9C61VeZrF9BQlINEMK0cAuolEzYLea3uJTBGompjyMpxWSCGYtBbdSZmUFTvjMb0sp9fJ2RqOWBnWCK0xIgaPz+UJvSRlq2iiwnWWs7s5nrLYSej3Oshg6YxrnBBIIqRAykskqZmoSlyiAyuYISGRUfjjQ5jBJWb0pMtJbf6Z3F0hwYfLUW14j1QaoQx5mpGnChEcwgu6SYJWCj3Loq3bhiDi4TAXKeOyxNmKfmfAXJrgBNHClsByltLPBHPdDgcX+7i25IkL62yN1qkqN2NKBzI500V6GxGHQnD1oEsjFI0Q7OumLOYphXU4ZelkGYVzjBrodxKMkfjgMUh2dzPS1NBJDFXtOD+acn5YUTWWa5cTtsYlZV2zpyPoa09TRW+0rC2rmxOMK+kpQa4lidZsFzUbk4raS5pgaeqYG9s4xzhp0ErikSz2c7oS2qqCIJnPUxweGwTG6Cgs85KgFE4ljNuGtiniyiQogu4hFvZSze2lMAtsOsG0sUxGJZPRGjRj7GRIUVU0VTGzTjUYoVACrGsvC7+0DKQm4G2N8jVpqskTSaY087kB3yCCQ6uUum1pmpYsj2NTF2LCVKoEMlQkQrJ7YYGirKhsTZp2yfOEYOOoOzQVVkhSrcmzBBVKAHq5JlOaNJFoHJlpSdOc4AwuCwQyMu1IlcfZDC8ykiTH2pZKKaTpIJWjki1JksSUJaBua3pG0VRj5vtz7Nu9RNhq2W41lgivaYKisaBn+NZ2NpqV3mG9p5kxrjt5xrAoKW2gKCv2LA6omy6jYoQJgmMfu+drr3rBq/6ferSz3skzPvrYo0zLmiVjwNn/7PhYSUmaJcuT6eSGtdX1Fz91/NQLN9Y3b55MygPDojRuhue0LmorTKIxQlA2Na1WcX1kLcJ7mqbi9oV5UglaQCrg5NaUe46dpmsMd12xC60log2859EzvOfxVW46sJs7rlhibWfMA2fWWBtHGJGdMduVhMQoBqnh4EKXl123l/VJzaeeXufo2pDvufsG3nDLIR5d2+G9xza5eVeGFaC03jU69cXvSZ7zqs+rTm+Mc//jFF0hhBBS3vrU0SdeMtzZfu6Fs6dvefhzn9ktg+uoEPKmKZNhUXPs7OmH73r+sx8qvkIwwR83bUtSow6fOfroj1IX1yx2OyAFvf6Aze0tDh48dOHaw9c+1un1uf7661haWqSYTGdCnf98pwsO7/2fWyIfAkwmRXPttde++xu+6VsOf/D97/tRV46T0ebFV/Xml/5wPBp9aHMyec1Tk7yrjz61p/fu//gvX/Dt37fzv3z3d35maWHXd7z/N9717x998IG7kvk92M4CW+UIZ8d0sxQjFeeHU7JkQLczYPPCOYyU7J2f47q5nKMrO+yZ78CJEzdNJ9N/l2pz7a1XX/MfB8+75al6p/y/PlwMX/Dkvb99Q8gNg65BKkntBL51GCVItKKoPYUNSCGZlsUMRh+7xdxoisYyLhp6xjIqS86vrbM016fXyRmOJjipZ/djoJNqauuxro2HFwLjsqWXpwjfsBMC/V6XfidDMsERWcXMrD3WeWrraV3AuZk9RkX/rBIClMSHaE1yXsQsXhw6XI5OwAMiSLxz2NYjW0uaZZg8Q8oEpGK5m9JPJbYoqKwlTRMyoyirhoSIPYzoQkEn60AwCGFphaLA0MiMha5hX8cj3JhpO2RrtMPmtmB7e8JkXJC1FuklRRvHql4q5lONTjKM1ijrcELSNQlISW40O95RCIXo5OhOxnRaszIp6TYNh/f06eeGM+sT5vKWxTRjoaPZ9DWnijH1eMLmtES3BXgPCMaTksl4Smkdu3sZiRLIAE1jsZlm1HjmvkTI5qylqxVKCGwAhGSnbjDKIIQnayxpxzD1nsZ5UilonaRtI1rSetgMoLDUTcta6TDdOeZ2HSAM9tAkC5wLkmljKYcTqmJEsb2JrSYI39KjRZRjRqMGgkMoUB6QHqUlqQwYGbOFJdDNJPiEoD2d3KBntKfgfYS3OMiVRM9gG40LWG8xoop7ZanATVEip20tbTOhlym6cz2MkoxG61hbkMiUNO1Ej7OARCa4ENg13yGRGbaegG/pdxU61TjXw86mONqXSJXj6RBIkDpFtxO6XYPUCUUT9/OJFJAkaCVwTYvuRdpZ6M6TdOcoN1dRUlA29jJnPIgoWoz6CznLCY6iRpA0Lt7D1oMXCuugsY50MMeFSc2cb+mtXzy48fiDdx980et+//yFFT7zyBNMi+mf2ajIyGFebtv2hgur6y84d37tRdvbO3c03u9qmyYVStG2nhD8DIc+W23hSNGUVY0NniwE6qLE+5Y2QCJh3sxRB0/PNdgq8OmTq7znixd4yeE9NEj6BD5z6iIPXij4hrtuIATHr3zuKGe3prOphoyscgISsF7Q1I5xZTm7U/DY2pBnX7nMm26+inuPXeCffvgRFnspBxe7PPfgAnM0DCcl23NdRscff5F45BPPSfLeveGvUKu09MI3/ZcrukrrXatnT3/jE489/u3nVtcOd7vdNNPgrcdkGdOq5szGNhMXeO7Bw1e+7dv+zvz1N92yE5w1gEWocCnnVgiBSVNOPvbF1z78kQ/8yGC4+pK7Dx/kiQtbtFJiEkOqJS96wfOfvvra605kWUYIgYOHDtE0zZ+7211e3ovSf7FLIKMyzz/r5pt/pj/oqV/6hZ//Xj8tFwPbX5X0eu8tNqdPn7q4fZNtBkJ+7N4bkk7+z2//m9/9bd/+nd/xkBDqOxOjf+7+z3z6edncLujOMSqHtEXJooKuTjg+cZwbF1TTKa1JuG7XAsE5Tu4UlEDtLbuqMwt7evk/evrk0y+8Ys/RB7thsmCCHUx8gqhqvICQE/NtM0NlHbX1JFqQucCGdZdtN6mSdBJNN09BSJaDx+Oom5atyZSFuR779h1gNK0uj7CGZUsQkixRMRzde3pZyta04sz6kH4nCk02Jw0Gh1KCUePQNo4UGxVP+cJbMgXGKJAKKwTbraWoA40TDDqWKxJJKmHTGgon8SFyhJ2LRl3lAzrL6M33yBaWMSaNGb0C5oRjWUu0TkAGRNugg0UKiUfFVB5lMCaNoeUSsgC1c2zrjE7e40AHrs1rxuNNTm1tMapqUgeqip7frlTkyjASklZKpDLkqUFlGiskUyeRmaDyMSXHtx4SgzQJm8WUxa5kV18zaRrqYkrRNiwYS2+5TzHd4UKrSVxLWyaEEFhINTtGcNE6EinodzK2SotHspCnZC7uK+vKkRlB10gyFR/KLgRaH+MFQwwxxoZAcHGHP60dS72ERAlGRbTW+CDYKiq8hzSJtqXGWUJV0XpoTYaY20961TWopSsYyZThdMpwc5NyuIUtJ7hmSrAN0+EQ21bkiSbgcXUBbQtKYUSEX3jf4KwlF55EOlSaIQmkoUYrgewkBN8QmgavNU1IUCahoxRKxLG8UpG5nCbxkJZkOUKntIXH6BTrGnSasjS/myTv4toG6Tt4ZxkMFkjSDmVV4l1DYtIYrpDqmMRVBHCOLEuxwZPmnUjhcwXKOYLOYOazRSus0gQhqNsaKRO6JsVWliAdqQZXjEn37ol6BykJWZfaBoyJCuvWWiZljQIyYxDOMZekXJxWgELN1imN9+hI/GRqI6FqZ1qz3O9AmlFNS8qq7qw88cWX3vTmb/799uIGSH1ZLPplymMN7COE6x9/4vjtp0+euXvl4uZzx9Nyt7U2qdpoz9FSYF1zeRrVtpHhLhAkIlLGirJGi4BxDVVdI0Kg9J79g5xES4rGsdd4tkdTnt4a0/oYlFHXFefKwJMbU15x/QGqpuQ/ffopJnXLUp5gdCTB+ZlwMoTo479EsotTBM99x1Y4smeeV1y/lz96apV3fOwJvvOlN/KCq+c5dfoc61tjxkuLLIh6rjzxxTvc/mvuDbb977vTnSV/XDfe2fqJsycuvn1rUiQoxXhasYOnsY7tlU1aIdxgbu7EW1796vf+ja//+l+95shN4zTNBd6C0mytXeAd//z/ZmFhniTN5MOfuu/tX/yj9/7TZrx9qJaas1sjJnUNOiEUJctz8+yd67Q9X7SpbS/vcbtK/Dm7Vo8fXWBw5Y24v+BFllLinBveeeedPzmZFtUf/O5v/cSF9bWkmyZvTPvz27apwuntsUikpHfvh19kuoN/evs3f/937t6z5wtv/9bv+K6s0/vZT3zonhekc0v4zgJlMWQ4LTB5j0omhFBikoTlRHLjfMrR9SGprGmCpahT6rkuWpmkvP/+NzbjnTeme69iMhohTMpCLql9HNnWzrMzrWcRXYL9ix2MkVwYFaRaxSSRukXQ0FpLahRS5lStpbItw7LBhcCVB3ZTTcccO30eqQWNjXmuqRIYpZjUFt9UdFNNax0jr1lamONZi4rcRIHR6Rqy+QHX7+qQZx2M2M9Cv0M3N2RaYKRm2jo2Ssd6JdgoapaU5QozJTGKodKsVoqnNmusnTGWg0OKQG/fIXTWAxzKe7oSsq5iudNH1hHdZ5YW6U81ZrqGyrr05xZip0GgUYYQPK111LalIaWrcg7lLYeyKSub2xxf3UJ6ywAYSE2aGiZKMxQGYQxlDYUTZGnCVhAUkxZrGwSK+Y4hTaIifH2nJJWWVCvOrm9i65S9SRTaLCQQtKKtG4qiYlcnIzOartY0raeTGnb1cy6MSjqpoZto9vRyQijidcgMAoMgqmjzmTc615quCZQuUPu4/rFBUFqPCzFWr/GeNEmZto6y8WitmQ4LUhlD2ifWUvmWCkvbNHTmd9O98jBqz2HEwgGcMGysXWD93OOMNteomwLhW0JTg7fYtqUpJyhvwStqJQjOkpsITUlUQEhPe2mFoEGahFQJ5jsJqXSU02EEt0iNFClCeLxwSBEzb0XwOOtJVUAlAkUKdDFZVGarVCF8Q8Bd7haFDyRpihY9hK2Z63eRaZc07+BchSQQXEOeKLytyPKcLMmQQsWkrCCR2qCERjiN9wJHDAfxIWCSnICktlVEeUqP0gqUINcQfENdTdCA2bXESKesFjVKeS5hbJUS9GVCGYA6UAmPRNDORHeIgBYCqQRSa6aNZaeKz7S6LFnqpZybJKi6EqdPPf2ijZVTC9PxcNsYE8fGSqm2abohhGu9ddevnL94x+qZldtXL6w9azQt9vk4xEQqNfMJB4RzNG2M7TRKYgNUTYsWIJTESUnTNFRVSUJAqjiZkjI6FHqZninxHaGFi+s7LOWCm6/MSZNAZR0nNkuWuh3KcsqvPHgMKeDgQg/vo3WRS8hYqQg+RDJcCATv47VXmi6K05tjfAi88Jo9fOSpC9zz+AWuXMpAKeq6RpkE5ZtMtdWN/etuUa4YOf4LIjD1V+Jw/kUk4oJwcPXcmX9VT8dvqDxYHzsF13q2y5oqBAaDwdkbDx5853Pues4fvuJlr/isCMEqrWdp1bqdjCf8wx/6IbpzC+zeszs7+uBnv/W+9/3ej1d1s3do4ezmkO3plNQkJEKiVU5lPZ/52L2Hb71qz5G5hYULf1H7UggBk2bc0t/NYGGJtq7/3D7jMLNLVWVln3PHHT/byZL0Xe9619+tppPu3Hx/j+wPcJMdNpuWJ7cKuh96z1u7u/avv+g5z/uBx44ee+gbvvP7vjsQ/u3n7v3w87UEmfUI0lOYDmVZgw/M9wbcujtnfy/lg8dLeomahc0rGl/QWM+eQYZ48kn21i275vskSRReIGaWAgR160iNIQhB2TrSRJAnimkdkYhSGHpZMivSDmfDbOTq2Z6UnDq/ilKwb7FPR+5hazSll1h8iKO9pUGHa/cuxgg4FSlFw1ZhTcbcwLNf11R7+9yUdenmKSZJ6GQp06pGpSll3VLWDSJAUpYs9xW7phVHqx22hxMecgKZdWmbi4wah1V9pJJ4KbHOo6VGS0PalnS0oDs3R6oVQsR9apACmaZ4JLu1QuRzzKkEaZK4D2saQuPwtmZqLQ7FfK65JhnRa3Y4VzhWN0vmrSMVjsRDIjSVSRjrjIlXjF3gYttQNZ6kLbHWMy0qvG1JMwVeM+hqBAEpPBfGU+YyQzfVhCCQQjGXKq5a7OKsp7YOIxU60zgf4iQgEIU7KuIhl7sJqfD0lac1ENoaFRKK1qOVJNOSpdyQJ3Gf7fxM7eoCoyaKkVKpsVIybiN7OtGGpnUQoGckvrUULu7HfYDt0ZBe3mHXzS+lc/WzSXcfwgnD1sopLjz9ENtr5xnvbOKKaYxKDAFciwie4Cz4hkRFSD8uRu9ppciMIpnZoapGxJWPj/anXDZkwpJnHYTPqZsanaakSYJvyiiITGLX41w8AGUmYiKRCpPm8WfwDYvzAzyeum6xNgJMRAhgA4mWSJ1g25rMZKTa4GROogMSTWoUwSVYFz8f1noQ0TdbB4+WCd61FEVBNRtvVzPIjNaapm1o2gavLFb1yXJDKBvSTsa4qNFtYNE6ksECo7LGu5pBv08Ijo7WeAFlZXE+oGVcB/m2xeJJlcCKQHFpXeMDk8YznwXqpmG+mzORCdNWcKXSyydWNq564vQF7Wx7tfVu/9bm1s3rq+u31k17ZLQzvMa2rs+licbMESCloG0brA0xjdgHGttGoSySoqqwzpEbFbUhdU05naAIyETjELQBpIve8X6qiZNxAcEyLgp6MjDINDa0PHxhyHYlGBjFh584Q/Awnyc03saQEeLBRYRIbYsiyziKdy7QunZmmRPM6YSLo5LdvSm37l/gs0+vIdUCSRJ1Cs47ahEYb128Qa6eXm7rYu2vquQu/HmKblmUf65vliQefOieP3vm72+sr77B5F22xlOSxNDMcm6bAK969as+esvNz/pn25tb94SZ0qw7N8/2xgZnjx9nz5VXcfSxY7TWoZNk4dijX/ihY1/47N/ZHBe9c+OSs5ujiIDUGqUki4sLmCRhfXOT+754/uCR+x951ate+5qPI/kLb7+L1vH5j76PO1/6enrzi/i/xAJ9PB7vvPzlL/+prNtX737XO//ntfWLu/u9DknWYxIcZ1rBYFST/+4vfeed/f75KxcH/+f5Uj38xq/75m/p9+f+zQOfuPdVlRais7iP0Wib4XCCbWuumO9RNJ7Pnt1kXE2p6WBHNYOyYV83iqUsYF1Ara7Sl3PoNCNpppEIpAQYB/2csvUI7/DWslNH1nFqovc5SxSJEkyrFuue8cQqIRlXJRe2AkZIbj18JTdcfw3lcEg9S+jR2uCcJetkBKmorSNVirxoeGSt4LRyXH9tj10u46Ftz4XKElyLE1NWNrcYlyXWCYqqRgrBcDxhe1oxdjBpGlqrmJ/fRafVFFNB2s1Y7OXUbWQUDwZ9OtIhZEAnKelcJ3KWEWSdAa6aEmYCIjUao2zLmu4gZaAopxFnaT3StxR1Q6s0nSTlQMezNykZlg3j7YJ+1aBtQxsCstvHZn1OlIFtK6nqitG0omgtVWvJpJ8JtyL/GDxBehAB5z2pETTOIVXKwfke08aSGskgTejlkrWdgrWxi93qbFeFs2gVwwG0UGRakieavNelu7yMWDa0CNTiHMYH2saSKUFiW2zb4tqGcdVifY2XgVHjwQu6SUzliXvhQCrBCslW3TBxjn6iIEhqaylG23SWdnPFK/4G+ZXPwkuD844LJx5h7dgjDDdXsFWBKwtEWxO8JTgfaWLEvOFEeRIlCN6TJIZ+plDGoKQgSxKcbVFC4FtLmqT0c4MJoKUF5+nkHZSU6DRFJybK8z2E0EZhnjEElSBDA85GilemISh8PUWIQJrkeK/p91I6vR4g8W1JnvXp5Clt46ibiMa8bFILzMbtCbYNTKuComlpXXzI++AjaUxERbEUFiUE0uTkSiMVZN05jIwI0zTtI9IOQaUEEdDthDydJ8WxdN11jJ51G089+tiMUxCvvxQSJSR1tF6TGEXjPdaClD5S1pCzqEZB6RyjNpAKyFpLZhS2N4/J8t2fvu++f/LoyfNmfeXcVXVdLZw7v7ZLqRhIkiUpQQnaEKi8wzctdWtnrPZwGUVaOUvbWnKpqFuLm2VGt14i6pbRdILwlk6aRAJYCDOBVSyOiZZY61ABMAJvHan3pEJQ28Dnzm5zy95drO7ssDosyJKEYeWoXRSPKdGSKEXHaHIRISJGxqmNEyCFosHhiQK0PFGc2hhy24Fl5pKMx1ZGXNGPzZP3nqTbJZTlnmb93NVCq7Xgw3+9TvfPA5aAyPA9eeL4q4+fevob+72cnWlBaz1gmVQN1qTtN7/9bf/x7/7wD/+Tj3703qfPPH2awdICyhiOfu6TPPqxD3L0sSd44WvewPL+Q5g0vfLc8aM/duKRB7+1UcqsjErWtkZkxoROYpoQSPJuXyiTMJpMsLalBb7w5Ik7rrv+1KIQYv0vwwEtpxNar3jLN387o53hX5iqJYRgNBq1d7/g+f9cBP/Z973vfd/zxCOPvC4zkl2797LhPY81Brlj6bz/N3/k2rd++yhR/NaZ40+uPPdFL/uti1vbL3706JOZKAu2tnbwAkxwaFswnsLqpEJ4aNqWUgmu6maUdc3JTUftA1VrEVpR5po0ychESZoZ2jY+9BItaVwcRymtaeuKykZxVQiBqnHgA2mekmiFlNC0lkwEPJ610ZQAJJ2c9WEXLRzBNyTakHYNKxvbTMtNgoqj5bppaW1ge1xhtzx70j1crCv+6KHzrE0mKCkZTUrqtqGxDus8Nvj4JJGKOhi688ss7N5HUm6ylFUkiSMkHqNakjCBTock6SO1pC0ahBf4NKXRhsxZOkkSaVsyQUmYD5ZpW7HlFMG24KM31nuBDp5pY7FSk2QdDgwSrkiGTMuaalwjpwWybcEkiCRjVXVZLxPOD6fUdUFdV7TW4YWMyuVMs9hL2Jy21I0lmQW8awnSaGSIFqtcK3pakSrwtqGRnkRIOiKQC49wlvlBl05/QJbnOCGolMarjAP9g/RaSPMOzA3Y1x/QTTWpa8iFpylLUhnoqkBV18iZbW9re4eqKBnWjmlVMqlKNrbHiLKmKmu2ihKpdOQft4FWS7SSbA93yHoL3PKm70QuHmJzc5WmnLJ27hQ7K6eoh+uEtqStK2zTIkODJJDJGM2oZnGNiYw4SqMN/X5OrmJhs+h4sAgNSlpk4hj0Fd1uTmIG+LaiLCYo4Rn0O6Qmp2gKtE4waUZbVTRNFQlfaYK1ESsqlCJJczpphm0yBJ407aATjU4zhE5oWksdLHXhGVYNo2nBpGxp0fiZDUkrHaMfE0+eZphkjvmuwkjQwmGUxBiNEh4lwYiACBad9lCJoW1qbDDYtqZtKrwPtDJQ1CVlUWLDJp2FCiENe/ft5q63fQN7jzzMZ97zOzRFQ5Zn1NbRhKjSHdUOQSDTgnETaL1HKokBCsAKQdl6NqctykuCaEmMJDUZnzyx1n3kE0df74XEGEMnS0EqWu9IpGZS1RRNi3P2sltgVDdxPB+iLiALUMaLTFnVpElCmhjKaYkP8ZBXty29NEJY7AzAQhA4YjduPUzrhkGWolWkpRnh6SWSlYljbydlPtd89vgOtQtID1pKjBZYH5jWLVtFw1hbBs6whKSXCIwKtD4eWQUiThqkQIVA0Tp2ioprlrp89vwGHe25Ukd0pFQaY5sFuXPxKpF1PvNXKab6zxbdh+5/8M+711x8+MH7v36nrHteK6omxnGVTYMT0r7lq9/0ru/6nu/9e71+f2daljgE3WrK0U/fx8qJp5BCsPvQYQbzi6yfP3NrsX7+p86feOqN23UrNoop46rGAXfdeM3Hr7nyyvs+9JkvfI/UyWJRN0yLgmoaDwdJlquF5d1BSvmXA3IsLAKOc0+fYmHXHpy1f4naLSim0+Ghq69+z5vf8rbH9x848GMPP/DA6088fXpPv9/ByT2U0nDuyYud+f/wyz+1dNXVX3v+/LnpFx7+4qHzm1t6XBRc3NpCetiz0KeX9dnc3qSxBdbHKDZ84M6987z5xis4Pyz46IkLPLm6iV1eoGpamm7AJBlNBa61SB8ZxApIZeQjb44ryrpmMpmQpjlpommsBe9oMyKxxcO4CeAbtAxUteN0a1kflWQm+vPCLBu2aR1lU6NFPMl6D84HWhdIE8PWCJ5YPcGkadm0Cq2gnE6ZOMm0btHA4sKAPDF4ZBSleEGn22fXngOsnylY31zh8P5dTH3gidWavdmIaw7sQSc508aCMljXYICeSNBGgLeEJiC9Z9lIJnXFeu3QxiBdi0VhvUS2NY13NKjYWaUpNy4L2J5ybmsHU1Voa/FJjs96bKuMx8eeRDXo0DAqy6iSFRKjBJmErjHM5wmtDVQE0hlaUQqJUJLUgBYS7S22aZjLEpQINF7S6fZZzgek+xPmFhfJ0g5OJxTOMxxO2Zpa0BlL/S7XLhsGBjqhZpfbZFlIBDW2rKiaFovAIZgWLWmSUCNpJxMGiebQfI9EDRAyHsgu7ow5tjnmc6dWeOrCNq1z7B3kVC7gZmlIN7387eT7ruf86WNsX1xhPNxh8/wJRDmiLUb4tsA7i3Aej5+Rr2TsPkT0iysVC1XHaHpZFMgJREzv8ZZUpYSgkGi63ZSskyGBJki0luRpRpanpEqCl6gkQed5TPkBpEpIjSDRGSHvkKUZQSmmradqFXXjcdMSJ6PHuLVx9+ecQwZPlmiMMqSdLgudLp1EkSjozESGhIA2aRSl1SVtUzItSzardqb8LyiblrpqmdQNlYO6sZRVRdk4yrqhtYHaWoJUMxFbTLtK0pR+r8fy8hK333EHL3nebeTzS2yePxe7egE+xENq2zqMBOcdmQqAxs+wr3aGVfXBU1hL0Wo6xtPPE85uTnh4a0q/05mNywPWBVobWfXT0FB5H3+mWXRma+PBXvn/l73/jrY0S8s7wd92nzvm+rjhI9JnVmVVZZksT1fhEU5qjRghhxp5ATJDt3pG072mkYQ0QkgtiQEEM0ISyAsnQYNAIExBURSUoWz6DG+vPe5z280f+4tIkNZ0l4AqDRJnrcjMFZlx855zz9nvft/3eX4PhKEQNy6FpFTGYDKNMAYXXKJjhURCSwEhgR6JDykoRdzDvoZ4Pwe7dpYuaAIeHSMjrTluO57czpk3DS8eLKhdpHYdIUZKI5iUGbuTimXfc1j3zOo+jZzlK41DLkTizgeB82klmCuY95bz2xM2DwtmzYKmCnR9n6Inu/l0/ZGndsePvoXQNZ+5ovv+9/78p1ho5PbdOzffkGlB51yiGUnJqu154xte99yf+do//Xd0lh+/8LGPoI7u8uhaBm3D3Sv7FKMRIqaR4K2Xn/uSZ37hp76hPrz7prkN3F11tL29jyZzIXYYo4q8EMvVEqkkKnj6wary1FOve+/5ixcPfyMvQluvONq7xdbJM7+uonvv0fc9k/Hopaff/PSffe3rXv9Z7/m5n/7D1y5defeNm7dPHFYFL0vN8S99dLwxnbwzCsHdO3eRMomRzp2/8Ey3d/vBwnf5qck6o+wktw+PaWxDALZywyjLWVh4cHvKNNe87/IdXj6asW8MVSfJqhG2TXvF2kZ8FIyNZNV1w+1dxaoqV+XUdPO6rbynjFISjWGJRkfJ4XzF3cUK33cIEdlaX+fU+g6zpmZvsUwUZKHobU9jE3pN35sOCEEIEaUNMstp2o7bbU9EsPvAGTZLxZ2r16jyMUfLjma5oioKRlWJlwqZ5UPohaJe7LO+sUntLSeqjGO9zoMbJSfjEQhDezzn7NaUGHpuS820GqGspek78rLEhch2Hmhdz9W5RxmB8BYXwCMRtk3TkhDReUVRlDyylZN3N3hxbx/V9hgXaKUhmhELUfL8EuZtz7p2zNuOlU8FNOUuJZ6xUpJMSnZHGccyMq4KkAGZzBR03qGlZjJJ1KDx+iYba5tYoekw5OMx5yZrtHXLrf19DmfH1HVLs2oYK3j1uQ0ermBDp0OkbZY08yWfuGm5ftRya9kx63r6IDi2grazTDPBygZWraXMFOtFxvak5MS44uHdNU6NCy5u7vK6k1M+cGPGz75wiysHR0zyAH3NzrkH2bj4JKvjQ0Lf0K4W1LNDsB2xrwldDcFS6gAqxSnKIZ1JD7hMrTRaQ2UUWga0CBitKEzqKI0pKUcjjAZbr1JIRabBBVRekGkDMSClQhpDXqUVjs5KlM7RFlZNzaxuaTy4mHKGu77D9T1BCJTUmDxQFZpRVbI9rhgVyY+bZzlSRnCOtre0vWXe9CybmqNFzbxuWaxa5k3PrO5YLBYsm5a6tSkH2aeC6EMqeD7EX3daz7/7+V/i+x9+mD/w+DZlmdE7j4iC4NLXKzPNorXU1jPSCgusukAIHiUlwaWscBciXqSLDxFeOmqI6BR83/dEH5FSDArgSOMC9ZCaJIXAOY+NCTQjtU+RkkZT5hkbxrCWZ6xPpyhT4HwHtqdpe5ZNS2s7XGdZdD1aQS4jWshUySVpHO0cgRRLiZRoHFVUdFbiCLy8N2fRenKTUrt656ktzJrAWqk5MUlWy7uLhmVnqYwm1wNXfLAU2nthKEKSSUHdJR781ijj6oGgDtC5wNxCvWiyeHR8LndWuL6Pn7Giu1zOP9XuTtdtW8YYyYZg5OA9hYSnX/va6+/4b979wtWXn+dDP/4hdPSMjWTZCbTJEq3FmPU7Vy79iUsfft+fq5ez05ePVlzdP6JzCebgQySTgo8/d+ndL129+VnB+zz4MESN9ThE/L1f8d/+yz/83331d48nk/Ab4UCH4JlON/H2Ny4Vd84RfFhM1tZ+9B3vfOfPjz7viz77/e9731e++OKLn3316uXdcrzGvOmwXYMsqjvb2zsf/tx3vfMZk+f/7NLHPvKFL3/iI//D7b299fMnd5kvM+7MF5RFzlahuTNb8f6r8OSpDc5MSr7o0TP8/LW7fPTmMfP2gLWpo2sjKrTYKNNYT2b7uxce/KevPnX643cPF/mybmenx+Pi5t2Dr3n2+WdeH0PgsRMnObG+xuHhAUeLJauuI8ZI5zzTKNla32R9NKbpNxKE0XbcPdonxBQ5RogoqRBS0LuUz9rWCe7R95Y8y8mUTB9YrbEhMi5zsA6kQmQFShq0zii0YKyhDC35uKSWm9xcLcjXBK9dd4zNGncXjkU/Iws1jfVUekL0PcfLOcVoitSGsbZkwfPcrEdiMKTxlo0gbI8kDN2RQhvN6WnJI8WSK1fuUh/VbKgEjQhmRK0Lnj/uOe4tvl9xI0L0rwQvpNjCtDuWAkol8FpxVKcs5aDFYNkqqDZ22D55ihOnzlJNN2ic52jZsKwblIZ1F7l96zY3rt5hVjcJRhECr9rIeNOZkp2R53Y948P7HXfmNVcP5xwsFxwuWo5bRx8kLvrkhQ7JGm1ISljrfBI/SkVuFKUxrFUlp6cVD20UPH5yiy96/Czveuws//T9z/Djz1zFLZacf/15gpB43yCCRxPAdkjbYrvkvTRSYEQao/shWCHGFOo+LrM0ehWBUSYojEnjWCWoivTeEKqkGpXQN3SlSZ2QiMg8J8vyFIbiLCIKXPBEpZh30K5qlm2gcYFV22J7ixg6x7xIHfN4K2NU5YkmVZUIJN57urbjaLHk0u2a2bLlcLbkYLZgvmpZrBoWXUfT9qlDHQRA93Z9Qw4WmgTzSBGQEjOgTKNO/0Wy4Cjuucvv08EDr3jNh3Qt6wM2ery17NR3ODyUrJWaXClqa+lcoMoUiy7QRI+NKfBg5ROaVYh4HygzvDXpfUCpjDvzhqvzmq3plGYIlQnhHm5I0vSWxjrqrkWSlMpaSso8w2hNmRtyoym0psxzSq3IpCSTMMklm2snMEqyqGvuzhYcLFfMlw2H7QHeBrIs5TiDJESPDWFIOpNMh6lEV6/Q3hNCZNl17C26JAo0ijxISq2obaDuPXvLlEd/clKwXmQctZZ52zPKFKPcIGW8f/FxwqMFBAOrPtI4WK8Krh2lKUhtPacLTehHxNXsYn98MELIJZ+mEAT9HxcN/6kWXe+sb8PQ6VifrBlKgor9eVfP3zC/e/u9UkmE0gSGFCIhCkJ4ulvNv+bw1q3fOW+78trhnNuzRZKUI2hsMlBLKcF7U89XRkoxxKIpe/bCheuvevyx7/5vv/x3/v31za0b92hFv/6iG1Kg/W8i/tJZixRyboz+N1/wBV/wc29969ve9S3f9Fe+tRTu9GRjxCPrG1x85PFffOTpt/7pu627dbhYsdjZ+cjyzLlrx4d733D76PiB4+UCr0wCE/Q9rTFcO5on1qofs5EpPu/xC5yajPjJ525ye3+PM+sjcl3iXcQYCVKazXGlz+1u/vTbnn7dyx9/8Xr85Y+/sFtOJl+lTU7TNPgA42rC/sEBrUtTBjlwbqPv6fsGLTWZyZBa4aJPofKCIaIusZR9CEitiMGnHdu93FyRaFFBFehM0S8byo0tpuubKG2SKMhoMttRSEteVASr6eqW8WhMtXuO0h7TNXNyVWH8ikzD7YUlqpJMexbzQ0KWk41LRLTsZJZP3HZYNJM8megdqSgK29L7xPAVUlOVI169Bmq1x9HRnCp6ogeT57i84tJxn+AdtqFzFmkMOnHtCD6gxT0/rMBaixQZpVFUJkNkUyajMSNdMFrbZn37BPlozGw+5/b1PZZ1y9HhAZM8Y2dacXtvj2sHM1yQ6Agncs/bL054zekpB03Dv35mj/ddOWB/1eFjTOsc54nBI5UEATqmS6uREinB2wQjUcOYWwLRBxauYd607K8ants3vOfaglefnPFFT5zh697+GCcmJd/+4++jjlliXVtH3/VYZ/H9kmAbnO3ReIyUKJWsKyJGlBIUOvGcJ4VOY9Do0FIwKlM2r0YgjaYYjYghfV9CS9bLNbLMpFFskMhsSu88S6+YLWvmq2XKlrWOGDxKaYqi4sTGJqMiI89SygxK01vPomm5sT9nvlhyvOzYny2ZrVYsVjXLuqPpLN0QMJHKVWKEJzCETOAUbZBCDbqqV86bFC2ZFNd+EKT9WrdJiie893d5rwjLJHgKMdK7gA0eLQUX18e8+6ETvOXcJi8fNewve3ItSUJcwbLt8RFGWUbnOhof6a2nMpo2iGTBGXjlIem86F1g3vX0Lr1fG+sQMaEkfQx0PuCdxwNZnjGpSnKTUqSMkmRC0FpL27Q0PnAQPcQw6O8iWabZ3Vjn3O4Om6OStSJnf7HChcCoymlXbXoNYsJUChGxLiTYUGdZOo+XChclAjnsintcSNoTIwR+2MuKLL3WdQ+HtWVaaKalYdEn/KOLiZYnoyCIRBLNYvKbK6koTMQjU4SmUPTAcdsl/YWUaMGmkGpNKL0kfIaKbl6Wn2rRrWVmbvSRR4KIICM6KEIUXHvpuUdvfvIDf6nM8m8LXfuJvq776NxGsPZVsWvfQbP4vLppHnHAYdNzsGrwMY0cGutRWdZcPH366qgsD5qm1XXb6izPmpO7u9cevnDhY299yxt/5tr1G7/YdX24F8n0Gym6n67Q5vhKEtPheDz6wd/3+//gq//ld/ydv3Rab8jd6hRvmoo3PnFq/LZTb3j7DxzWHVeuv9X23v3r7/6Ob//KX/z5n3tg3nvyPKdvW2bCJ7WxMVzdOyZax8WT2+R95KmzW5yYjvmBj17h5cMF5zfGTEyGkYJAWLvy3HNfu5gdv7soR9/yB/7PX/zPt0/9ivkn3/fD62WRMx6NsM7Rdg1N0w0QhTAYzkkpO4B36aZdZGMC98ZDKTEowUjS3jl94IfxTowIKQl+YBdrzXg6IauPMTJnY22NQjhy16IKhRIOEcBrjUCQ+44mFnRH+zx7/WVi8Dx1YZfj5YpFrxiNS4oCumAR4wmTtTVC33OqiOzNLQd9SmpRucJ5hW0bCpU6QRcChdHIrOT0xoQT2TG3b87xfY9JXjZMXvFCK+lDZLuAl+YdSiuUlhgUnXNYH1A+oqWizAtizNHVDjIfsT1SmNEaWmVEJKsYaA5mNFdvcnh8nOL9pGK9MBjfceXGkr1VRySpTk9Wks+9uMaJqeFnXr7FT1864LmDZfIWxmQNE0NakBw6LxHSTlUJgVCC4JPNRAo1xDwO2E2RJhOZVGiRUo+apuc9dcOzByu+/PEz/L7XXmB+cItPKI0NAWdb6sWMbrXE9h1t26KiI5ekTnZIdVJSMKkyyjxnVBgqk3bZmSmSjzMkf26elyipMMbc5+jqvCQSWfWCw2XH3UVP45a0XTe8JwUyOowcfrYyoIwBldE5y9HdBUfLhsPZkqNVx7Ie1OVNi7WO3jo8gSCSVSsTaSKUZxlGSJS6l1I1BHOQxsX32N4hDpaZGF/J/b4XtpECn9M/D58bF+LgC45p9BtT0XDRYwcfbmUU5zfGvPrkBq/ZnbI7Tn5pISVKBnqfLE0uwuHSUuaakREshSDISJYbhIA2gBEigWZCmmwIcrSSjPMU4NC3dYrQJHWZMQqk0pTVKGEbZYr47PsO27Rp/xw8q9Ym7rmI9605kXsXh8DlvWNeunPAu594kFNrI8ZasR8860XBPApc1yAFKcc5CA7rjkWd4YTiqO7oVYbMSyoH2dD9K5HUyHLI0I4iYqSgMPI+zW7WWqpJQa4V89aSScWF9RHeB+62lj5EtAo0Nv1cCx1pO0vne6wX95O8PNA7S2x6s5XlmdSa+Jkqug8/+uinWnQP+hA/3D//wrvD4F3TWmCd5OPPX1Y/8aM//LlvetXDb7jziV+6fvvuot/eWh/rrjuZNc2alYpl77m0d8BiMHFb56md58SJE8+9/qnXf+dTr3vdv3v+ueeXV65eUUXfybIs7ZNPPD47f+bM8WrV/KbGCn66HyEEdjY3OfFZ7/62xXL28Pf//W//w72QRB/Pdq7/tnzrxFE8+cBP930/6W9d/vPbdO/caxzHTc9Epdv1ce+RyhJCekNen0WkUejoWRWCE+OCP/z0Q/zki7f46PU9+nFgZzS6Hxpw9aXLrz48PP67RWGePn/2wk9XZT7Z9548T6jC2fEB87oGBEpoIpEQfeIlqwzwZBmURYWrF4nqFHqETNMJhkD5GFKHACn+MY3MXvF/j0dTHtrNCUWG0R1KA1oiux5ZVJSmILhA6yxRZiybmm5xhB5vcWF3m9XhdQ5nLcX6FqbUkCu8KqkmU+gSXrDwio8tIFcCET3WJl+vDB5nGywBk5dDKpDmbNYSlvscHS+QfoDHZzm3fcalWc/ptZzFakkXBdEHZPQEmS4nhdasj0bsbm+yu7WLzkuCMux3DkTAeonrOpq2JnhPcIFFUxOVQQqYGE0uPDdnLTeOG5SMjKTkxJrmXQ+ukZeGH3x+n1+4dJtZn7QTo8wgoqKLAXwA5+htGuvHkGLulDJEq+htGrfmeTZAXbifxJQN+/PgHMpZMpNhvWPvaMZ3f6DB2rN85ZOn+bFsk1lMCnrbtUTbooJL6D8EUiqElKDSpCvTgrVRxqQsyLMMgiXLDKOiSEpfBeOqRCmJkJrWBo5XPcdN5GCxZH+2oKktLqTCI/FkxlCOxogosd5iu5qm8xzXPcfLhnljk/K2S1msYRjfpgjElBurlKDU+bAKSf9O3hv8Ds4pH/1gjZHgPX4oLT4OHWv81aGSYrhchuECJIdi7IcwjmSzCQSih34IlITIKNOcGJc8sDHiwe0xFzcqNqoSG+DGskPJ9DPqe88kS+8VQbL6La3DR5GoqhEyo1m0PcRIGEZQctjTIgVZnlE4iwjJFmt0onghks+yEIl53jUth22Lc57gh0zlMKR1AYgEx/DcG7OnX0IqfIzcOpxx6fZdnth6gM3CcAmJ1opxCQddh3CBKAXee+rW4YWg9pal9Un7sFKMgyNTKTlJSzmkhQmCcBBSMEuuFZmK9N6x6j29C+RGEzqPDbA5yim0IF91zHvPvO3oXBKtxRiIQWKdH5oLSd33vHz7iImybPW9bY72eqkU8TM1Xn7kkU+t6Gqt6876n/np9773T3TejqRXeAE9cOXujG/6jn/MGx48teHms41cZkzGI4RSzKzn0t4+Nw9nSXzgPMfLmi4SH3v0kX/7jne886+NqtF7Z7NZ2o8OPqoQAs6lJXhRZPxWe3jvKbLs6I//ua//i/t3727++x/4V18mUEjcyewH/snfvfjFX/nf337mE++++p5/+xd++eOXzJ26pSiKuFouBSHlh879AHroGiKR60czlICTo4Km8zx2Yo3f+7oHODEu+LmX7rBojtkdl+RKMZ5M6Fd18f3f88//2Prps18aer8ZBRweHbF+4gQxBOb1ihAdRibbyHBxx2QGRAm2x9meXx3EIYYRGzHe9wimN2taJ6R/B8JopBJYLcknCcuItwRpkDJLIqS8AjR9O6ezntFknfOZpjx3nravWezt8dLLNzl17izbZ06iy4xWRozOML1H+8jJqeHaQU/bO0a5SBAEDBKPkoLeBYRSaJ0TpKASlu3YYeuaZtUgQkCanN5UXKojZSYRrmd/2dD3lqigKjOmowmntkasT9fY2tykyEuCUBw3LUfHy2HMHIbOJ70mxhhq5+hRyBDI85xcS/ZnM67Pe4KzZHiyUcaT53YZjwvec/mAD1w7oO1bcgRRazKpCH3HfLaibTuCMGn3WSS/NDHgrKW1HqICZ7F9Q1EUqRsf1geZ1sTo8d5SZunnUxqF0CXHfeRfffwW08cK3vbEip/D08j03xgClfSQpS2lUpAXOkU8SihM+tqZ1iAEWZaT5zn3Vk1OZ9xaeo4WK/YXDceLmluzhmXt6LoV0XVoAWWZo3Xy/dsInTukrjtWXU9nA856Ykw+2XvBGVKphEtUahjlDlvUmC6RMTKIJQWIOASdD0lXMQ6UKfAkAdGv6mc/JRcD8V4upSD+KnSAkoIqU4yzjEd3JjywPmJ3WrJZJVtb7z3LvicGUNGRIWmIdKRsYr/qICTl8rL1HFtHiJ7aB6Z5ln6mUQw0JkkgJkFiZ3lxb8asbhlXI6Zr4yF1yXJct1jvUCGl8/Q2TUkGf0qyXck4qJHBBZvGyvdIUPeemwhokyx/L9w95Pa5XdarAikYUqsFaE30aayNgNp5IoK67Vn0nguFocaTa5lgIBHMPW/wcNiEIU1JSYFWiXNufWIuaxGRItJaz6zukaVOnm/nCf6V0X4QisanvGJNyiKurWfZ9WxMDGWu+rZe9gnaET8zRVdnn1pBM9rw4AMP/uLZM2d+5uatG18yNgLr081XKMlLd464cueIUWE4PZ0wFzmOwN5szuGiYdW2tN6z6hy7uydffvvb3vKPrA//n7Xp9PZyuUJrzX9pD+d6lBC3/tif+fqvP94/2PjoL/z0Oyt9gUJfek1UP/CPX3zp8uR7f/Gj5uUGnnji8fcVJv+BixcunP+Vn/vpP1XXS+O0Yu4CMh8z75YIIleIdP2YsxtjXt6fcWat4osfPc3pyZh//bGXuXa8ZHdSJdWoTnvIo4PjkzEbI4SgbVuarqUoNJ21aU8p0uEURULNdW1DllfpQ9936XYrUoejlBrGbwnk4AeWb+pQGDyaktj7lEtcZdhVTaYytNFEm0ad5AVdF4ixBykZjxLBSoSeXgh+5YXLvPyRD/Kqh89y4qEHKDbXwCiU92gXkU3L6UkOruXGwqIllEWJl2k3qCQ4EYduocCLVJC3csd2rjg89PQ2+Ts7adjrI4u259UnKm7NFjgUu1s7bK6vszldJ88K8rwgryps37O3aDhuGtq2xg+Hn1Ip0F5rQ1GO6a2j8aB1TpkZprlGuRX7i47lqiaTaYpxYWuLM9Ocj9yc8ezeHOctuRSEIJFa4Nua46MZsljj1LnH2NzdYjQeESPkSjEZZUibYvf63tGsVty+s8fB7Rt0TU01GqO0wHmXMJED2lDhyZTEZZr1wrBYNvzUTcsf23qB86OHOdTr5CbDyoiXkUonRKQeCm3yfqeVg0qtJM57HIbDWce8cSxax+G843C+Yt6k5+19n1S/PqIlKD1kKS86rAUXBck154f4xjQa1kol7YFQiSwlUksWQyTEQB9S+5pEZen37o+DoyQqht2k+FXF5pXHuDCsVwWTTLM+qhjlBi0knU/2nLbrkAL26o5rh/NhHBnv4wkLo5kWhhOjgvVRTlVkbFc5j25WjLJEKDMicrDsuLFoKLQc0qcihw56mSHWCqzJKKVAuo5gPap1hODpvUfUHWVw7B3PUNpQ6SwVNBVZtB23ji1CCpQQjIqcRdtStx1139O69Jk1KhHoUgb3cInxjnuy0vBrio+4z2CXgxAsxEAMoCUsm57LBzPecP4kGWmU64QkzzKEgzjsrpfWUXc9chi1V6OSqDMKEcmVYNl7RmZQNsdADAIXPTIwnDuvrAWtTyAaJSSZMbTec9yAUAofJYs+IGSiswU0Umua5QIhFWWW0zib8rKNRCrlzHTLojWfsZ2u1uZTBktsbW/dfefb3/5P/8X3fu9nrXo7NUogUQgBo0zjY2BlLVcOZ8y7DiVTVuiq61hZj1SqufDAg9//jre+5Tsfe/SRX3zfL/2y8979F1Vof3WnHoNM+zghX/wDf+Jr/txydvAPX3jx2dcW1Yit2/u761rQjjYPz1w4/U9OTEff1i3qFx5//PHiza97zd73fc93/cWjo+PysHfctRmjrKJfLeldAKHQRtJ1kjvzFQ9uTXhkY8Qff8er+YnnrvOhK7fZqjImmSbPSyabu8zmM5CS0WhKXddIK7E+EkXamzHcHJVI5vHYrhAyYQtDcPcVnGGwFCCTZUzFe4xVMTzvmHBvfY9rWrQsKfIRKqsIzoPziCyNNYUPZEWOzktyk9F1DU3f09a36JZLHnnoIk+8+TUU25tIBTaC6h1m2bBeZazlkedutjgXmEwqpM6IWYVczhE6I7aBTBtEVqYbt21ZKyTCOparLp2VUtIiuLm0FKZkVE2p1JhHNyvWxmOKsiB46LoGR2Q1m3F0PKd2iXVtjEJpk0Q1QiBMDkScs3Q2HU5ZlsLUlVuxmM/Ymy+wziGUYHtS8fjOCOUaLs9WdN5Tak0TPEoGutWS2gnOPPwannjyCc5fOM3WtKRuG67fvM1YwfqkoqpKttbG3Dmu2T+u6T1cu3mHFz/xDAc3r5FpQyB5GSe5hkF5K7UiIsjx5OOSmxY+fnvGQ5vPkJVPo0yOkBqkQSiDjAGt7mUyp52lRXDYws3acrzqOVxZ5qua+apN0JGux3t/T2YHJB+uiJFeCHBqCBdhKOACVARhUnG95/ckYn0K3IgiFVIfwv1w5RDTWFkKgRxUupE0dfHO4UK4Pyat8oz1KkcjGOcZF06s8/DOFrtVwc5axbkTOxgCuVZMp1P2ly1Xbt1lvTC8cDDnm3/8vRwsVuxMR5RZUvlOCsNWlbNdGbRMdrpJpum6Htd3LB1sr00pNifsTJI1KpYFwQZ8FyiLnOWq4eUbdxBC8NiFU5zaXif0Nl1ukfgQKWTg2t4hl154keg8uZIopZmt2gEDq+hCoO7mKRlsoFfJIIgyJhFsiPjg+dUgpnvx1mqAnCTtRkpVkEIgo0gj2mHNEEIiQF09nPO6M1ucGOd88s6MosgphqlKax1KJTztYdMzUoKbx0ue3E72r8JZNnPFjbpjZ2uccJf31+WJlW7upQoNVsrzWxV3lx3CCsaFYWNUslYVhADHnaWPMDWKUZHTB8XOKOdyXSO0psgroMfFSCElXmVWFCMvh8vbZ6ToPv3Wt3zqf1gpXveG1/9vIfI93/cD3/+1nQsik2mk4kkCGyOSunXedLR9uj0pKd2rX/2qn/viL/nSf3T50qUf0lod933/aRM0/ed6dF3PZ739HWxtbd/fD2itybKccw9c+JBR/8vX/7X/6//l77904/rFMjO88dSUv/jl73o+P/vgXz97cufWd/zQe6ibunnskdd+02NvePPqxY/+yjcsrl2dbEwz3vnISa6vLB9+4RJCLtEqshcF1gaevXPM5jjniVM7fMET59idlvzsc9fpbMupYoQN0Nct0Sduadt1+N4lAY5KubfWJ16v1IbJdJ1msaRtW0xe4EKgszaFRgSJkoowBGsLlQ7JOFye4jCmFtEhgyf3GiEzbGPTgVjkeNsT+o6yKDAxEJ2nJ9J7T9CKcLzggfURJx56hGJnCxTIPIf5iqzuKPqWrekadbvgzrzBZCVFXiIEdO0q7WCHDhx5T2ka8UKRGYnvVvR1g44BUY7oi00mxYg8r9gjQ48yMkQKgrDzVFy8w7YNdefpQorzMzIyTNrTIUWE4JFK0PeOrncI3+Lbhs4qvF1xZ1ZT9x0qJqRnLgNbWc9xK2j6gatLEpAsFktcvs6b3vF23vTEOSalIFOwXB5A3TAKLdF6Giyr5YK+XiGVpBSWaZWx/fh5Hjh7mo9/7BNc/thHKBSUVU6uFTLaBBqROo3dpAKd0feWj88Er5pfZSd/hFso+iAQyqB0jheR1ntabwgBOp/Sio5XS+arjqZuqJuG3ibfd1oQxlQERdrbaanvbSOG7ORkF2LwvIYY709TfEhb0TCI9uJQgOMgfMq0Rimddn9ZksRFIlrqIW/ZExD0MYEhIpGNccWXPvUEbzizzct3j3jh1j4XN9Y4Oa7Aee4c11w/vsZiuSKKSDUqOVzUrNqe7XGJFoLHT20x35pQaoPWkvXxmEJLwNNESWnSVKiVir4yLJcrPnzrEO72vOm1j7J7epPWOmrriCpS5IG+TyK4Ry5eYFk3fOS5q1y7eUhVZgOEwqeO32jGayNOnjvPjavXyAjDRUMQfCJZtd4ngI1IyvYYQtrO+lcG6Pf+zCv77iQkkyrtUkVI1yTuRYKGYaQ9KI5DTFOvw1VD2/W88cwmVw4XrLqOjSrHK01DRwgJkHFYd4zXSq4erThqHSbTZFrwyPY6z794BwSslzm3Fw25VPcnaQJJlJJIz7mNirde2ObfvbhH3lvOrpVMi4yTaxNq57B3jyCIlMY0OG1c37G/rKlMRpEbNJHdSYZ1nnJ9dzndPd27ZvWZg2MURfGftKd84MEHFt/0TX/9G7d2tm9+7/d93+9bzOcPe+8LF6MgDGNIRJRC9uP1cfvqVz3xwbc8/fQPnD51+ofXd7avvvzyy/hPc2jwf65HjJE8zynLAudeKULGGIL3PP66p/79H/raP/8//oP/9f/57S9cvb49zs7zrs35k1ur278vz87+7b/wR35vDMHxy5cP+3I8/pbXv+NdfXz/e/+ynR9uvP7kiC9Z3+C7BHz45etYf8zGeIyKmsZajjrHteOWc1tHvO3CSbaeeoh/+8kr7Dc9p4MjMwrvHVIpxqMxR4d7CeYuBKiAlAI8BGsJwVOOx/jlEnyfhCdCppGOEsP5mJTaSfyQDjSpFCGkLmJtPCHXFcGn8Z7RGqUV1vbEriFTKfWlj4kT3dsWWVZI59C2p5hWmI0JUYLRmmAdalVT9l0Sky2OOVqsiNJQFDmqKFDK0B3cIVqbcj2bhjJXaCFRCFzbcrTfM9sUtPmUo/GENp/Q6gqjTRoj9gFtG5xP/F+tkno5IKnrBidUssMNmM3QN/RdS5HnZFkG0RNdSBar4FB4pAsofFJfdhbCsG+Kka1SsFlInjn2ad827NTtckbM1njL530Rn/36C2R2xuG8oQ+B+XJJXTdY52lbmzCswJ3ZivXRmOmkTMEPsacynle99kmmVcW1j34g7bqFRMZIHwFvQckkxAImMrIIhqbpOGnv8hG5QdAZlgwncqJUNAHqPrJqO1Z1zbKuqVcNrq+JwaW8XCFRQiGNGMRN6fAUQgw71RTS4SJE4YZd3pAGNoyEA8kDnIRgMa1PhUCqVLiNUhitkkBLCLTWtLbH9Y7GW6yzQ+GOv2aYLINHdj2LuuXm8YIX9o+4Mljz5ECOaqxNxUoITKaZjsdsTkr2ZksmWcYbHr3IzdmSF27us5i1RFPw4OYJlOT+BMkJQY+gc4JsbcLrzzzErbuHfOiFG+zsHaUwilVN3zukEIOvGh68cI7d9TWu3xS8ePkaozKnd56269OIN6QJy/bWBjrPaVdLMp2EVH6gWLUDfSve7+CGGDxSOL2WIjkNYhim9GI4r+79EoNIbPhZ+XQJikMhFjHtaEOILNue60dL3vHASd58doNfunZAJgMyl/RWgffYEDlcWR7fmXB71XHlaMXpLKNvOi5ujVGX7nJQ92yNCq4cLdFZOkvSkFUl6IZUvOXiCXKTcbhyXFwf8fpTa8zblhf2FozKjLWygKAIQtB5yBVMcoMHdkcFD2yOEC6jkJLDxTLurO9c2tg53XWrOZ+upCH9G7HPxEE8Y5298+SrXv3N63907QevX7v29hdefPEtBwcH52IIcjyqVufOndt74MLF51/9xBMfPX/h/HO3b9+5tn+w/58UIP9bufDe+/Uf/p6zPY8+8eT3ftFX/KGtH/0X//Cbn7l2eyxDGD/dtf/LI2cfuq1Gk3/WOYfRgrbr3OlTZ7/99W99e/Pen/qJv/p9H3x+94+940n+9Fsf5h8YzXufv4ybL1mvSiqdDdrFyAt3jrkzW/E5T5zjq9/2OD9xac7KR6qqZG0yYblaYkmpKJGkFJQx8YKtS8W0a1uyrEAZQ7AOrVRCSDZ+QLzpdJBGlw6zGBPMwKZ90smtLcajKTor0k4oJJ+f7TtC79DGoI0BlVTT3oPSElUZur0aqQXF7jp6UgwoR4dfLRl7j/ItZIqVbzlYdIjiBEWWIZSmdYHOekK7Ytk6ZPSMywkyegoRqVTPrIcPNWsc6Sn7RUh7Lh/QfYuIKaM0KokiIqSgCwHtUjOmyhLhXMrIxeOaLiXq2B4bLIqSoijwvcWuGkJMkw5jDFPVs7Q2+eJDRGWKkRJsVanLq7uOEHzqKLuaGsMT73g3n/+WhxjHJbeX6Xtt24a6s9Q20liHDQlqIqSmqgw2WFZ1YFIVBKVQErTsOP/4w0Rnuf3Mh1AyEnSBHo4ZJyTO9cmDrTQuwkuHlhPTPdbXL9KuTtB2PSsnaLuWVVMzXy5pFnPqZk7fNUTn7ytupZADRhF8cLiYLnTDX15BRsRXPK5x2IuGoQ/71cfEvTFnGNTE97pZGyOdtckvLhIV617gQlUWTEcJGZmcFpLMKHKdkxnFL167zb/52PN03nPh5A4PnjuVJhZSYLIMpTS5yVBaEoVAS4W3PW3fEUNkrwt0QvPaxx9FG82zL1/l5Tv7jIuSurXYgVXsvad3lrIoePSBc2xORrx85SoH+3vkyrDqUgIUIimpFYK7+0dkmUkCqK5FDJMbN4yFBdA7R339DtsbI5RPTzq4NNFZ/Wr2Qnxldjwdjeitpe16iKkr/t87j++FoQif/jnGBIbZmK4jReR4Pgciq85xd1HjnOXJE5ss28DlwzlVqRkVGcI6ViR2cm1TEb12vOKhsxt0nWOrMpxdK7l63PDUmU2KO5rDVUOmk37g9qKhdp7Pf+wsj+6u8xPP3EAIyWM7I7RUFFnBYdPR+cgkTyuDw8bjbGBnbMh0QEjJQztTHtua0rQt81XDSmUHvq8/fvn9P0GwvzmZutuPPvV/XHR/A7tL1/f9s4888sizTdP+y+h9FQlic23NPfLww+1Tr31d3bUtfd//lrL7fNrFVd7ywCOP/P3Xvv2z13/qh7/vG3Kt88qIafHhD/yNV78x3L4eip/a2dzm9O4J6roOZTX6rlMXH6yvvfjS3/jO93zs7J9415N89evOYKTiPc9fY74/5/zWlFGZIyOMi4xF1/HTn7zGlz/1MA/tbvOBa/tIY8hMjnMzXO/Sfk62A2L2FcWiyTLK8SSNl7uWPEvKW0EKildSJ8uAH3yjUiACWJtsIhfPnuHMzg5aZ/R9h9YyRX1ZS3Rp5KWlJivLxOF1LS5CubUGQTBvWqqtdcrTmwiTBDPueEYVIpWUdLnGn9vl4Pp1jmcrZJbM7918gXWpS3dCoUwKFxjlBZUR5Mbgw5jWwfMLy7LpcD4FwyudlJG51Jgsw2iJ61pW1hGVwHiL7z1mPMGGgNEQ+i5RmqTAiIBwDl97OtsxHVU4reiaFtt3rK2N2BoXzJdzBg78EHcm2R0ZhNAsncAJQy4ix6sVa2ce5rOefpTdsmOxsKzlQOexUoAx5FKjywIbBSMXiNqQG0UeHUJJMBlaS4qiYEdLrt89ZufsKeq9XdrDA7JcI5TAWbB9i5Aap1T6eanIvpWcsUtoZ6z6wNIGjuuW48O7LI4PqZczbNcNNrNU6vxAXnIw8L/uraXk/azYVwATryiI/8NjX5AgLFKKAaqQLpRFnnFibYwaAC1GawqTUeaGzGgO50tuH84Aye7mlCcunCE3ae+stU54RCHxQrI/W/KAUuxu73Djxg2c96xNRrR9j/cBFyzWOrwPLNqOummJLnlwQgz0LnnMl+sta9MxfW/ZPz7CSH0fOKR0Wt2E4FnMlxweHhGA1qaiZ1VK7pFJJUSUpLAAqQi9JdMaISTzukXL1G32waOlJPhIphXLuqXSMJ+tuHVcU/uQiF9CDLqLtHsvc8PZ7W0CgbtHM7QySZMhBZmRGK3TZz3GRJVTkjzTFDoJr/RgAcyMYa0qyLWg6x2Hq44PvHSbRdcRBYwyxRvPrKNF4NqiQQTQGoqoOFhZbs1XbFaGK4cLurPrRCXQSvM5D5/hO9/3LLOm5Z0XT/Ajz9yg7h3TMqPKFO94+BRvPrfJ+y/vc2dlecfFdc5MDDdry4lxxdks4+6qpbMpR9oGmFY5Z9ZyPnzpJgLBhfWCsRJUVc6V+Zz1s+dvbJ67+LHk0f30TV9/0yXCzjm896sQwiryitXHWvtffFf7631YZ93p8xf+zhf9n37/5k983z/776NEZpEzXvB3ize+8w9kWfbRd7z19Xz0Ey9w6coNsqL454++6qn+0kvP/o3v+JlfefBrPuu1/Kk3nGajyPjhj77EtcM557cmlFmJiJEy06y6jp949gblxi46JJyelIKyrOhWK0L0hBAQMVGLQkzJIFIkTisqdQfeefrOEpwf6EZp3yOVQKORUtK6HpPlPPrARc6c3CG4QNM1WO+QWYlREoHGBsiNIRsZvAzgU9ScLDOyyYjVnSNUbhid2sKUJXiHXyyg6yDPafKIK0f0xtD3njZqcCDrDikCKlgyJRAyZ2OkKDJNqQ1SKxZ1T911LHtL0zm8dxijKExGrjVaK3KTYZRAxT6FuHuHcR5E8sGKrsa1HVEIVAjkhQGhEVJQ4mj6pDLVvsXIFGeWEdjUDi0UTRD34YAh+tQ1VAna3sYhLzQ0NCLj6Sce4tU7Gu/bBHUXgijHVOsCH6B3kS562j5g3bCz8w5PjsgzjBbkUmAkjMqMja11olhy+sGLXK9neG/pgyJGSaU8PnqsHFGoyFiBkxkFjuXVT/LSlRmLvasc7d+mXhzfX53cv4APPeq96qmkYFrkTEcjttYnTKqKurXcOjhg73CGC2GALQywiDxjUuUUWc4oz5gUBWWRo4xivmq5sXdAFIJJkfPg2ROc2d4afLQxkYdUKsLbixVnTpxgPCrYOzzm5uGMk9tbdH1HCInk1dvETRYIHn/sIZ5+6jV8UAp+9n2/TD6A/Ps+qbzFIBoM95S+MWKUAvGKEvxgNiNXEh8DjfVYkSZDxLQnzQqN85E+pExqoxVSFazqDiklRVmwXNWEkFY9nXMUmWE6mWKGwrgIbmAJS8YmJzMagaQqDHJQTK86RzYakWnJWlmglAKp0JnCqGSnMVIwHpUwXJ6Th1eiNWhBCtTQ0HYOiGglqVRAEchUwKhIkathdQJKKRrnqJs5V+52zDrH2AhGheENF7bYPm65crRkWS+Rg07h5rzm/NYOlw9XvHi05MmdDRYWXnt6g6dOb/BzL9/hd7/2Il/5xod4aX/GqMw5OSk5uTZif9lw3Fie2F3n7LpJsB5gUfdICZ11HNURh0BnmvMbIxbLBc/vL3n01BZbhUEJwdJG1kYFZ07tPjs+c+GyUnlSyv9WKbq//fj1jaC1Vu1X/ME//I37d+9sfvS9P/NHp3nOy+/7lSfPrMTf+oLf/RV/hBCuff7nvZP3vv/jPPf9z3D61IXvf92b39r9ygfe9ze/6+c/8dif+dyn+P2v2UGryI988hpXj445vy4o8wIIaKNYRUHb2AQej4F+CAcgRI4Xs7THiYnFkzxtCRzvfEQHizF5UiqrJSjBsu4Tgq4wZHmGUgrXW7SUXDx7it2tdby19D7Fj2mTUeQ5ykgamwhb1SgVhc71iEyAysgnFT5G+qal2lyjXJ+m3ZX3uN6hioyZkUTryBzEOwe4VYP3Ft3NwYzItSIPjiwzibxDUnsunGe1qFmummRnCYBSmCwFSmgFRqbDJ9qa0PUEbaj7ms5GNA6v0iEVvcc5i1Ka0mRImcb0hYSJUfgQUEpTqUhLT0nP1rjkxKTg7tExddOlnbiSRBlZ9CkQobZppzfNJKu5JZuu8/D5DcaVZt7mGJ2iC00gXYZU+hl1NgmOXISu61I0nUhjyLYPSBRGC1CK3a0K27e0u6fIb91lfvMaQSjyoqLSGmsdIx3JRcf+0mFUSoupbzzLc7/yMq5Z/Bp4gPhVk8tIAjZURc6kKji5vsbu9hrrowlRKRrraLuOjbUJd9aPeen6LZq2pSpyzuxscnZ7g621EWVe3Mcs+kRn4GSInNjcYDIuaJqWq3cP8UJTZJqmadMFKqbLPyFSFRlZZtBac+XGHQ7nK6QIOJfAEyLepx+zqGuefe5lFss6wVC0QgmN8y6NrGVCaWiZLj3OO6yz3MedRshNRlGYwUrT0bU9rvdEEVAiQRl6n+AT0/GYssiICGzvEEKwNh0zqnIIaQSaaUVmFFVRIoQg02sJTSnTvrnIdSKBSUmmVFrfqDQGjiEmutqwNw8xJT5pmfbnPjgUyausZIoxjEESXUDpJGTrbMDoFF7hXWQVIkpFmhDRTqBcUn93NpIbhRJptbTqHKu2R68VOGBdG3bOjTl18iQv3bjF5Zu3KDLDUZMAF1ujnF+8fMCTp04w0RJjJJ//qgs8t7fi3z13na968+M8dX6Xm/OaunfcnbUUWvOmCxt0QWERCJGejw1prbTsA0uXLsinJxXRd7zv0h02JhXvemiX9VJzY75i2VpOj1S3dur0L/dHd7roPfxm9Yev+e2i+xnf5SZ+q/qPunw5WGzEkNBjrYUY55/zJV/+P9++eX3nQy+8/OXnTp9m9sEPfp7Jy7/++ne87U8bk83/+J/841y5connPvkS5zcv/m9vfMvb24998APf/B0/+7Gn/uS7nuTLH95gWhX8wK+8zMuHe5xbd1QmS7i9rMDHxD1VMiXQrNoFRV5glMFLm/Zt+IHUkw5vZy1CSFzwICUehfOenUlBphSzVctyWdMm3jSPnD/PmRPbZDqj7npcgDyvyMXwhpMp1zZTCjJBF3uCkchcIcucfH2CndVJbTipEMLTdRYXIVQ5QgrsqoYoEKsFqu+YzZcou2RXTtBmkpi8eYEwGU3X0XYWGz29c6nTiYMCV0mEEhRDF5grifAdWIeyLdNJSRMV3ke865hOiiETt6e3kXFVkktBphXztqdvazYmI7R3tE3L2mSUsJi+pVJg8AiZEoKmGdxe2fvsb5XY4ljvUTGSa8GejWzsrnFuu0QoKMoC6yMoSWUMTWex3hNlIMsV41xhlMAzJgRwfUPXW/pACkKXKYVlVGhcs2J/3lHunqXbv00uIp404ci0QtOjhGHZeyrrkCj6+V1sPftVhVbc38oapRhXJaOyZFRkjMqCtfGI6WRElhlqH+m7jjv7R7Rdh1aa9VHJqx84z9Xbd8nzjK3NJAZa9pFll6Itm66l7RNYQQ1Ai1VfoqRgvmo5OL5KVeZJqdu7IUQgKVUPIly/ncbTbdvRtx25UfcZ1J21SRRIZDZb0LctcriE9b1DS5vYUjLtWLuhOCoxCJX8PZtNGpEbKREiS5GaRpLrgizPKPOMTCmEeuVzX2Q6Cb+E4szOFt478jyjKhMuU+pE0ZJCQQA3vNq5Sfm+IcT0frZJ5Nd1yV9vQ5pa4QMu+ORE8G5Ibos4GzFaMBllKaSDgJRxmHAlcVWtAyuVKE65FoNGI+E+ci0RBIKAECWrLqmRdyYaJSR1nwRw01yzUeZcndU465gqxVae0W+MaVYVS7tif2W5tL/gqfPb/NLlfT588y7vevA0IcDpccYXPH6aH/rEVX74E5f5kldfZGoyehsRKiVYFVoQXaDuIj44BAlC4vvIcZcsew9uVsjY876X7rLoJV/40BYXJzpFUBrFprOoojiqHn7DL6tqneg+vbbV3y66nyZv7tp0ihSBj3z0o/z/yvqNMeJcGgM98PiruLl3l8nW1u3f+0f/5P/4z77z2zbu7t36rAtnTvP8r/zKV2a5uXn6/Pm/oLXmG/7S/8Lf/uZv5dLVK0zWxj/5ts/5vD/7gZ9/z9/6zp/68NNf89lv4HNOlYz0o/zoSxu8+OLzbFc96+Mx1nqidiiZDgklJbbv7itnkz0AvIu4mA4a4Vrq5ZzJ+gbbayU6Bg6N5qEHTvPOUxlRSH7lwNE0DbPZnGsHC7Z3Ninu+VO9J3hHVVXkWuCio1/UqUudljgtsCKiM000GpXngMDWDV5GMJHWptzaWBSgTeq8VzVhWtEKyBrLmqrITm+Qj6esbAqK7x1E29O3PY3rCYO60gl1fxettcAIyHxH6C0xKIgOXGQ8Kllf22B1cERwCRyxVuWEvqXxEpUJJnkkk4lytWo9Riaqk/Y9InqmuUBFT64UpRJsjwuiDRRaMik14qDG9RYnMooqI1eC9TJHq0DXNFghOb17gs2NNbTSSKOY5glgs6pbmqbmaF7T2B6jNVleMhlVbIxLaueYtxqjNFqFBMqvMqpMUBrN6dMnuXzgGE/HNKMJZbegJaUIGT2ovHVgp9Ksa4+KHdMq+zWaHCEio7JkczKiLFMEn1bJ3iGVxgnB/nxFU7eDBkDSNR1SQt3UyKBSIpDJWK4art+6i9YmCb4GwAYBut4mT1H0BB/gQCXrV0xZPavg70Md08QmEKQkDD5fJSTjsmTVNPSDGLDIMtRIs2pbVnVLWeSs5xO00SnHurN0vUVrjVZJ8T4qCrJ7/G2Vfl8rRW6GAmokuUrvLSEERW7IiyKNmInIeG/8Lu/7lEUUSJ3U+z6A95EeT+jTcw0h4J1FaYmznrrtAUGm0zBfIOi7Gm8dPqRQiRSlqOltR/SOSsM4g8mohL6mKg2y2mK/7um9Q6PxpFWglhIdBE1Mm/i2C3jhsX7wxovISEuy3OB9YLZyRB8pVFplaZU+V0qJlCYkBVWWp1VDt0TYho2yZKdy1L3l5rzj0c5xbr3k5168w5vObLJdVuzNOi5ulPyu1z7Ej3/yCv/ig8/z9LktHtrZZn08Ydl1zFufdtvOI4ZpyLxXtEJzektxYSo4Wi74kY9dQ+iCdz1xguA7nrkz5/VnN9ksM6wJhFNnnzXru5+QUhBV/O2i+1vxkUQJCYbxv/dI0V8Sk6VxZPSeM+cuPvcVX/VH//y/+H9/yz88Why/1hgtP/IL7/26cw89fO2hx5/61nqxCH/qa/8I3/r/+g7u7h9w4uTmz332F33Z1/3kj/zg3/lHv/DJt331O57ks05XbGw9zg+PSj740Y8CNWvrJ+mHIANCJFcGISVtWyflcBQMGWHDfh5AkRUlWZ5RjUeo4DixtsHuiV3asaRuLTtrmlPbm5w+dZpnnn+eD33gwwnhCcRgqfKMTEaUFASfbsGmzAlVjs112gCqRHB2vic0nma1IijwKtJ4YFUnf6xRxKaBzmJuH6O9IjPbZNualU90oN5bSp3hvUUKjY2kcO/g8T6CNvjoEdZTmQzjLdJbjElgF6M0hYzkMtI1S9p6Tt93bI4yjO9oQ9pHrY00GYFZ3WFDgwiSaWHQJFvVWikoZTpEnQ94KYjRDjzqwDQzbI4Kjtse6x2LDo5WDTEE8lwjao1UmvG4YlQVKClovCAGiUdw6ajluWuH3D44RinJpDBkI8eWquhyQZVV5MKRBUulU3EqMonSEi8EW+sjHjo1oqsts9EY18zJM4kRinGuCd5S9z1becZWJuhsf/89m2eGSVkyGZVUZZkYzoP/2bpUqJTWWBdYzBd0vSUzimD9YEtJEW9dDweLI24fHCGlSKlFOqUEZUrjiQOYIXk0gwsoKalKiZCGGAWrtqXvHUqkpLMqz1M33HX4COvjEUIrsD0hpN0kQON6qqJgUlaM84KyMGQ6FenTWxPMiQ0CqcszQ4daZAZjFPCKOpqhy093azlYn9IIW0oILrJoWjrvEgRlwBZbZ+mdxfoUhiBEGk8bkyG0oFm16FAjY01pDNPpFJlZHD3jyYTgWiqT0sCsA0FG34EyCmNKtFbIUGCkZ2QC01KxWWaUpqRzPXu9pOsdKx8QwaGlwuqYFPvDe1RLgdEGGZKVK3pPHyJd1AlzKZOKufaBO8vAKHd0QWCkQsS0rhopSaEkwhgUnq1e09ks5RrnmqPa8sytY153Zsq1w8CPPXODL378HLcXLaPC8PYLaygJP/bJ6/z0i7e5fLTksZM7rJdlEs/lOWORfiaBFKpQyIa23uM9zxzzgZstZ7c3+W8e2GEzj3Q+5+RGOQQ8RFbCNcWDb/znh8f1QfT2N7UOnP/tovuZf9wbH38q4+j7wirbc/Lk6Q+94wu+7Ovf+2M/+PcPjo8vlpkpfurf/OD/LIW+s5gd/cuoNed2piwXM5zzbGxs/dIX/q6v+FPv+bc//C3/+IMvvuur3vYqHs9bRq9/kEwpPvnii1jXIfNx4uXKJLwQSuH7njI31LVIXaQUAw1oyPi0FvAs6hVIQ5YZZjZyeGhp6xojIn3UPHf7iEsvPo+bHaOygizLKEzad3rbg9RIo9FKQGEIpU6+y5iKklRASPCK3nnINCHPoe0Rizp5N11AHy7JySlMjigr+ggHywXL1YrgIlmZ4d2gBMWmfWCMWOcSRi94bIRMSaQFGTpGVZlC0qNHi8Rcjq4FD7bv6bzHiMBiVWOyjEkeWcuSH7npHUYrxkZgVCB4x8oGjMlo+45F21N3js3xhMxoEJGV9SlGEVCA9j2hDxytepy3rOWayqjUhWtN4wRWKbLJCFMU3Lp6mw997DIfv3SbU6fPce7kefooIVvSzO8yWdvhie1NjDREm0aj1sKyC9SNo+l82vXWNVQF1dYmbraHUSp5OQd0YqYVq94z7zxSlIzLis2NDdaqgirLUCoRy/qBaKTEkMVqcqQQNHWTRsla4a1Pvl0kTd9RGENnA01ncSGNrwmpILsB4qBIPPd7AH81ZDZrJ8mzlIsbg0sWLqXIlWRUpZyacQSpZMrv1Qajp2iVOlSl01pBoe4XVa0UfoADy+EzEkjQEiUlPg7h8PfCDzysulTIiZG2a9NlIkRa6+i6fgg7SONXMYyM5UBykwwIVC3BBZRURAbRlk8FfjPLKWVgurmJRmJbT762QZCato3ULmKtoNAZUikiBhclUqaOU0mP0RpEoHeR1t0LUDWoaKnyJGa0LkXZ51EhVSJdSRtSMIZOVC/R9hSZRCqF7RPGscgyRplk5QW1S6EPLipGeca4LDBakfWW3lqyomC7LNmejOi5w51lxnZVIokcNpbb855Htye899I+VaZ5fHtKYz1N3/Pa3QlanuPD1w549s4BV46uMsnS+Hp7VLAxLsiynM45jucLDpZzrh832Kh5eHeLtz60w6ZOsKY3XzzBxEQaJ1iujllMz75vtHH6hyEgxKe/Jvx20f3/04f3jrWtnX//4JNv+voXP/pLf6/3cVfcvL3zgZ/5qb/20Gtec6scj9/T1y0bpcTicM6zvr7x0S/+PV/5x3/kX3//t/7Ax65+wR9644M8JGu+5OFtNgrD5VsHaNeRG4MgIGPPye0t7h4e0q1Wg5k+7aLNPRWqlAOoXiR8nxTsN/scv/giXd2k/WaMdK3leH7ME6c2OD/NuTFbsbV1AlWO6JTAtw267ZFVgVUCOXx4E+1GpNGuGP6fzt0/nK2PyFWNbj1quUA5iVYjZFXQSE1Tt8zmM5q+SweN0agYk5rUNtgQiCrD2h7fWyDinU+RhVFQjDQjQMYOvENGh3eRKDRZnmN7R5fAwGQyoo2mUoGRSUKWHFgr1X1vcN00hCioMoMPyTda5Rkb44r1KqcygjKLtM6y11tKLdjINX3nGJn0egSglIFcgDE5KjPoaoRSSUHr+p6DxrLUmumZbV7zlqe5+MBDIBX13iVefP9PcidaNssSXVTMV4JFF7E6p7Xp+YuY0VjPja6kiwlBGJRCS0GUkqOmI8bAQ1sjrhy37C1qJAlOMq5KMpNCyXvn7ue3MkQ55lmBVhrbt9T1ijjYTqxNuzLvXOpaB49tYTSbkzEH82XKdGXg68oUZSkGBGGRZRSZIYpAZgxGpW5YG4VWGqVUukjKREm6p5tgyHINKW6YEAVu8LeGmID9IQTakOL2ui65LQQB6z2d9WidfMbdoOQVIqZR8JBWo6RM72UYqFsJlqIEZKXGR0+mNEVukirZR0RIz+PegInBCuVDQPhAVeRMt9YR/Zzj2lO3lt4qpBY43xODouk9SmoKLXF4pNAUCGQIZDaSxUBh0p6zcR6LpFQ968YihCLLy6SEt0kU6YdEsCDBqBS5mOsUoFDkhhiSN9c7ifSOGC1aZhgCbYi0UaC04dVnd9ga5yx7i8kUucxp2o5FvyIvDSMJZ9ZKQowsbU/mHVcOax4/MWK9yPi5S/s8trvO2vD/Pr9WsDXKeGC94uPbFVdmHTfnNXcWK64cL+8rDIILIGCt1Dx+aosHN8c451kt5+xur3NxY0ImA0FkhNjx4t3D/oG3/u5/MNpYuxW8/XTxMH676P6HHaYxhs3NTfLR6P7vz48X/9ktTsF7qvHkB/V0a3Pv2st/e3r+3OTKCy882LbN33zz53/hV0mlniVGjFvh+wprMjY21l94x2d//p/8oX/+3d8yqYov+9LHdnliLHghF1zSaVdoTI6zHW3TYYVGS83cedyA+4k+0IvhQIqQZQalFMeLFXcObnNr/5BMCR594CKveuJxNndOcOfWLa6+9BxvePQip7c3Ofz5X6JezvEy4o0hu5fuIjwiK1AqKYrDoOQkDr1Mb/Fdi7c9RgmyvRlZG/CtQJqKfDqmtj1dnbjMddOmIHltkr/RDyB678C1iKxIQH3bQxiK7b0immeUvqHQ0PURo6HMNBGJkp6Ax7lIqSCTKT4sVxEbA0oExlna8x0uAlokC5UPKaGm0KlQbFUV41zT+oi3HY0XzNqeVWc5tT1h3Hhk8Fw+7MgyRabT6yC8JXpLFJEuBmxR0lQlq34IoB+to9cPKWzP8d4VVlXNTqE43j/kdhwzC+t0YZu10Tad7pEuUFU5BZ5SRkoNUWjyKufOS9c5tp4YPWMtcUJwZHscImUoS08v0tixtvfyqwPep6AAEQSeZHlS2iCkYtXUzOYLvEvCo+B90gwIcMEzHY0oC0NwnkIbzmxvsOw6lFJMy5K8yNEyFa5EhhL398U+BKJIyEch03RGxOSZtS7Q9v39y4AU4AZ6U+dTUHlwnj5Y5EDEKsocbTKsczRNy2rRDF9/uBhKgYoieW51Kjp6yN3V2uCcQ0iGvW0Cd6TsAIkSkBuF9Y6+H7pMpSg0hMELes+dEkQg05pc57R1S9tZ2pizNtnm8PYdDhvwQRF7TwgedW+VFUhgFCIjbXAygnXEIMgySYLEBYKK9METvUMjENUI7Uu6+oDKSGRIkxsnBHHIiJZaDk2ATazlkPQeQgmkSyH0lkCQhiwryIzm0Uzy+u0R0fc461jb2kbkFf7uTWy7pO2hUDln1io67zlsskT96jyXjhoe3Brz0t6C7/ngy3zlGx/idbsb5ASKENkcl5zfqLg6a7iz6rk5b7gzWxJ8wOAwxiCLglMlZKEn1yVb05JcJ0+2I7DsHSYK9vdvsvOmz/635556y49lefEZO9f/qy+6o1HFSy++zLf87W9jc2sbrQ3L5Zz/6Ru+gTzPcc5Rr1af8pj4N7/j9RSj8Xe/6d2fv/PLP/Xj3/Doww/mx/t3n/7kBz7wtx541au/Wkh5N3hPXO5hBSy0pMjzy32UX/Oey3fbrl59xec+cppF3aWbvQvM7Yq+rbl595AD5xIdyrqkTmbQrgz3DU9EGc1svuKTL7zI8XLB2nTK4w+c44mHz3PuzGnOnL/IdDLm5u1bdOMtirMPM5m+wJ3rV4m5QcuYdsZSg1GYIofM4HzA9T2+7RAyJQYFa9ExMImSvFdoJxEip1eCoNPYeLla0PU9vYdIOhRjJOXJxpT5qoIfIB49NnpESAXeO4uIkUyAzlJHYIQhK1PEmpKJytW2jra35FmWaFRAb3u0T1hGKUDG5LX0URBIu0BjNKUU9C6lqZSZQjIQyIJHSUOM4DwUsiAazzhfoqTixnHLc3cXvP7sBlkIjGXABMtqtqRve/LpOvlkDZkVbGUFG3fv0OwdcHDjKiz3uK4189Yx2t7gwmMPc+HRh1ibrhFFgN7jjmvwFhc9q7ZnfTLmwd0d2itXkL6jc54YDSFYMq0opeRwWbNsLefWR0zKgjtzy6p1kCWcI8Nrb5Qkz3LKIk8kq6jQa2NybdJIcsh/VcNod2QyhFaD1SZ1ilokUD9AVIoYUnarj9A5T99a+tjjbdqN+igI0WG7VGBzI6nblIKVydTxZCmmhhAdIwKTIscUEhE9WQrd4lYPKw+Z0oyrEflgs1MxFWVpkuhQCclIgu3DEEAfUUojpcKHROBCpHY6BBK6UoL18n7knw2B4BL2ExHxcSB2xYjtHUYqNsZTDnxgWbfM5gtOb53lgYsF1dGMxWLFbNngQhJEGjl43U2BkJJCC6SKiKDTVMUIMh3JpCbL0meFADbLKNa2GfcC2y5wfY13Ib33O4sN4INEZCZZ6zrLPdlWkSfrYHAOEQSllqxPx0wzzVam2DIVGsfeqgOhCSvHKFqKTONspFCa3fUpK5/QscEHXgRmytJay81FzZn1iufuzvmhj15le5Tz2OaEWWuxMWKk5+RYo6Vgp9Q0GzlCRNaKjDYGLFBG0DFQ5DknNirWCkXvYN5ZYoQXL7/EfHTi7u/44j/493YuXDwIn0EU8X/VRdcYw63be3zbt34Xn/zYR6iqkqIcc/fOdTJpic5x7oFH+SNf+zWsFg3eu0+p+xUicUzF/WSO//Q98L0/N3yY3evf+ll/59qVa+uXrrzwPzx0/py6+swnvnixmP+1E+fPf10Uom2WS972hqd5xxd+If/se/4Fy+Xy+qF1f/aDIRzcnl/6I23UWefBVGO21kbk2SYXH7/I+sYGMTj2j5Ycz2cUmUEg6TrL7f1DFsuWo8WS2/t73D44RGtFDHD5+i0Oj+dsvHydrY0Nlm3LtVt3qFvHM889T3/nFkVuMKNiyL10qDxHoBIK0AaCiynv0jpwPcp5SiKlMMh8TBdSxFcQFu8jZshTbrseOySlONcPRVEgpAc8eIttG/LMEIImeEfwHtvb1HloTS4jpZZURU6RpW5KiEhrI43z+KAhOrT3rLqe3nnqzoGW6GDZnRbpYPKBzckIBLReUmaRuvcse0cu4UbfUeUFk1wzLnI6D1mWo/vARy7fYbo2ITMKGQP7dc+Hb8z4rAdWPLi7zb61yMOaZlUzX3RsTHq62FIKQ1lM2dg4w/K4Zj6fcXcVQPRIbTg7HrM13qA9VsyuHJGVkryS2FlNcD29D/Q+UK9q2r0F89mS2LXEmHbNQSlG1Zi1UcGkyJkvljx1qqDxnmMr2F0fM8o1SqZilGlFpjWl0QgtUAKkKFLwAAkpmm58IcErjCL4QDdcTLxPOceNd0S6FC/pI/uLhkXTAkmlrIRgUojUlUWBioGNcQFZ5GDVE13kzEhQGM04C0SZYUlCIyNV+r5MhhfJPoUPzJoO1wmCcyijmVSpy54t5kTnKbOM1qVsYqNABXk/4UgJUIQ0KhZQ5BrvBc6n7GYpRQq7cGmvq4XEkYIe4mDdSfrgVHgzYyiLko3NdbKq4Mq16xzO5tw8OOTxB84ymUxYLBcsVh1155L9SyVltjZpQhJCQMmA0hlGOLztCEritaaJKcBEaYOTAmfTnny8tolvJNKn0X6Rx0Q36xz1skVojTQlZaaHpDiLRCEnU7yzZEJQZAEte6a6QirB3eOaunUUWQC3j20zJiZNPKROO/dpIdkeF3TWY3BcX0huzOBw6fCx55HtCVeP53zrz36cL37iDG88twvArA8YZdgdGTZKRRsCTYg8d/eYH/3YVd588QRvPrdNlRvKTKIUeATTytAjeO8nXmCvk3zBH/0zf+/Ck2/8GQiftuzc3y66v/qJa83+/iHf8i3fxXy+ZGNjHZNl5MWIcT3hpeefA+e4ee0aG9OMm1eu8jlf9ns4c+EBhJCvxFzdN0/cSxSLHO4dMD+a/bqjoRLXNKDzkode9VouPvoqLKp982d/4Tf91L85On/p+vXf9/D5cyz2bn/VeDq5dfr8hf/H9uZmfN2b3sDOdMIXfeE7OXXyb/Cq173m9vKo/ms/9H3f9/orz3/yLe949GFOrVXkWJxLN89pUdC3DT89P2JvNocsw4VIbwPCdqh+xa3rM5Z9z7TI0Upiu5bDpmaxrDk8nnO7vMl0bY2SyMvPfpyma7mwUXH6zBmyMidYj40x7Yetw3ctAk9QmhjAdJ4czTRPaT6NV7ROsGh6bEiwgzJPloOu7+lsjx8g7L7vQCZ1q0LhXSB2HTo6ClPilcb5DvApV1RKSq3QMrA5MmyPMlCK3nrqNgmgWjQGj46K1jp6n0IYhFK44OnDUDBEEshYD14qjlctMgZaHziqk2I4RoE2aQyXZTmrPtz3V9b1CnBsjXJGheaESgXqzqLjybOCykSmmaBeLdirLdqM6X0GXYYwFes7Z5gvatpO0qxqVJaxMdoAtUNblyhlqJ3j5pV9XOgRUqJ1RChBlWlCl0Qntu8S3WhjjUwqZFYifUeVG0ZlRSUdRSZ56bhmZ3PKFopMCTKZWMojI6mMSvYQAUZGOge97wfMYQLvCyEwqGSbiQFn3cBWFvg+dZ1OKHrnaeYrYmh59elJ8udGz/b6mJGBXFiC0AQfGJU5Eclx65g3aezqIylsA0HdpkhApTULG5JY0AWESG5e6zKyKkNbSySR07a3NsjznFu3b9HZns4GXExF0w5pRwogigHTmD73fe+5FzOVQt8jiiRCCjKmMBkh6a1FKkVepAtKlJJcGyZVxXhcMZmMKYzhljEcLGtevHYLHyXr45y6bVl1Lo14Yyr8QmlU65AxoLRifVyiEFjXUxhNV9dIlbE2LshlpDAC27bk0bI2qoiTCpcruj4SnEVER9Sa1nmy6ZjxqGTRd9zcP8IL8E7QupZ8PKLvGsg0rvYEMvxIcrg3I3aOtXFFriLB1qxcjRVQKkdVDPGfKIrMcHq9IpOBzsOyT++HuvPEaNmdjjhYtPzLD1/j0tGKtz+wy8XtTXIpabqeKGCSa2Lv+OWre7zv8hEbk4o3XdxhvTAYnQAis7rmQ1fv8suXbvHS3Rm/47/7sz/5ti/8Xd+V51n3mQ7c+a+u6N5L/rlzd4+//Ff+JmUxwhjzH3WwWZYhdHp5FrNjbN/xA//4u1jMjvi6/+mvpA9XcMkDOODZjMlSqlBR/aao4IpC0jQ1ZHn6oGtz9Jq3vuvbPvK+n336xes3H37ozGlz56UXv27nxMlb5dbo27XWhBCYrI3V6TOnx5tbm2+Kffzq8xfOPdkf79Hcvsal5+6w5lcIk+PLHQQR1xxy8/ohV26tBpJNuH+bj8Mhk0uZyEnEFCg+7NZmszneV0gi89mMu8dLCiPJ1QS0wA5fQ+ZZyuqtm7SrJCCEoPSaMq8YTyuqaDluJbWD5XJBL1SS9Q9q0eVyQdO2uL4DkfZLvu8IMSQfZZYRvUOJwLRIopv2XiKSzFCxT2xlIzFSsz3OGWeCRWdZto4+KmZdRy8VxndUWpMLTwyeqHRiCgtBJgXzVU8oBUoYZq0jiFRYpUy2o+PG0mWaixsFGs9R7ZBdUoX3LiKV5szGlNvzBbWWjMuc3HiaznKnbvHBsmbg5Ljk0vKY47t3OfHQQ6ys4uhwgTI5ZXGCk+dysmKLej5DSkU5HlGUa9QrQdccg4iYsgJrEDKijCHLBFlZkGMZaTh2ST07KkqKLEfqDCMLvG2ZzeecXzOMc8F+E9iqNNF5EJ7CJHuM9zEB4kNM3lgtiSLSOIskopGUMHhaPc6mEZ8xgmBdSt4xAuciMgiECPRa8uDWBk+fLeh8YG9pGRUpE7VuW+a1x+QFy9oyXzn8YO2ZtxF3b/coUqKP0YJKChyKtk8eVzFMkZRQjKoC7xTtqsbFQNP1PPLgA1RlwZVrN4iup9AyKXwVGCmJQZDnKSJCiBSKcI/0FFL4K7nJyHOd7Dc+0dFCSEAO7zw+JD80Q6LQ/vGM+WpFuHMXa30SBFUlRghcs6COHToGTmiJjhYTI2uTEZNcMYoBV7dkWlCNBAoN3qfvW2ls3yG6jqIwZL5n1rRkmYLljFUfOViuOJgtUSqndx2ZlowUbKyvJYJY22Nj5GCxwmJwQsLhXYR1qKxAy0ApA95anO05OS4wmcT5Hi0CkoDwntpH8rbnxGaK7ZsYxdLmNDYwzTtOjtyw/4/UNtDbwKTMmITIBy8f8ombcx7fXeOps5tc2BgzyRRlqXG94Mz6iN/xutPkCu4c1+yWOfvLjr1lw0dv7HPlYMFSah5995fefueX/p5vzfP82qc6vfztovsbKLij0YgbN27yDX/lm2nqlnE1/T/sOqWUQ0xdwPY9P/b938PDjzyKbpdsj7bZ2b2Atx1r022EELz2NW/4TevGf+Lf/Th3794B5+nams/+/M9975uefsP//W/+5b/yd6/eunPqgltff+GD7/+/ve1Lv/woEj9wcHBw/vrVG09dvnTli7/3X/3QUy8//9KGWxyKUX3EfDkjcysuVoLxeEyT1xitKfOMoihRqknRakPEVzLmD/aICJF7pJZkpQgosrwg+MDN23dZdRYH7OSGcVmAFLR9R2h6dJmjbSA2PdIYRvkY1VuK8ZjRqR3WugW392AZFE27ZNl1SJWjZSQGT1OnpJboHLZL4QSDKxJJJMuKNFoOgTzLyVSyr5TRcRw90YyQ3qMzhc4KCi1QJqMLsLIdM6fJRSCgsLLAdSsMHiRIqYm+o+37NNpEM28tQkpKI2hc8nz2ISJCyg2WUtBHxbLtaaXAxTS+dhis66iMIisqwrKntQEjUzCAUoq9peWwsZTGsFZlmFvHXP74M5x/9AnU2mmic/QButrjrGI0OYPW2zjr0ZkhCs1i5agXc6QUVOMcITwiOqxoiUbgaocLC4ro8Sh8syCIQD6egFAUkynBOfJmhafl7rLhmf2ePiokjs5Fln3a51obCCKiRCQzGuMjmkhOSBnKuWKSl4P4KOKzmBTqAmKRUzuYNS2tiFgZ0TGRrWQ5wcWe2NfcOrII0TCuKua9ZGUDSjtWraXzQ5j60D8VSlDIQCbA6DgQ0DxGRjQDm3rwn+5sb/HIgxc5ODri2WdfABfYPzjizOlTPPbow2xubXDn9h5912N9oPcOJST3uB2QpkJy8P5aH3EuaQhihKZrk5hsYCnLmC7qpZGMjMIoqHKdxt9RIgJIHBtVxtpkHdW7FBIvIZc6pSQJR25y8I5MRGJ3jLMNtWtoG0doMza3dmlDoF70IDyrznG0WHHsoMhzjJA4oeltCrdoncPFQJkrUImPPq0Mx01La2uUkJSjEVMpU2KX9clPbQxRFrR9Q4guWbWKkiLXyACItPrJpcToFJAwLgtWrcOFhnGmEz4zM4zLjIO6ITcC49L6qHeBg9pRGc20zOlc4ENXD/nojWNOTHJOTQt2pyPKTJIJmOaaw7rj/Vf2+fD1Q2Ztz6K27C9bFtbz6Gue5It+5+/5gUcee/wnkgpdfMb1Ovq/poK7tjbl8uWr/OVv/FvMjueUZfnr+lpKaYSUSaUIvya67zfz1hRj5NTZC1y7tcfx/h67WwV+eZcv/5Lf8YuL/ZsvXP7kh0/tbG1htDp36/q1v/ej/+Zfz1967oWt55+/VNy8c1eu5nN8VBRGshE6RLQEIbkh1pnqDUrf4ZSkCzmdbxG+B5kTlSb2zX3+aAyJ8HRv73EPAeeHMXuuUieJChTRszYuMKOS6APheIZzlhgyJJK1csqkWqNvLXJSUpw/xVhaDm4vmVmDczWr1QrvIyK2BOSQa9sloVQI+GATxjEmfF2mFVIpvEx+xOgtUUlkURGdoxA1Uge6LMW4KSExKo3w9+tA4pcM40+pOOosOkgWrcWo9IwdkkWfmL7jPIXH132GDY7aCuo+EOUwJbAtISj64DhoYC03CJWSYPqhMFhnETJQ5hned5hBg5Mp6Kxnf9VxfqNgWsLJkeHZZ5/l2iee4ewb1xBO0dcti1qRjSqqcUkUERcaunlDX3d0fUPTJvavFA6dJ6C9UII80+TGcEYd4cKS/RvXyG1PJ2DhAtPpFI9EK82k0oTO8txhw50aWu/ZKsWAYowEArlwaEArKJQmV6DxGJ0sVkpAVURisMk3m1fYvsPahB0tc43EUneRhUuvUewDNmjU5hkm8xd4sGk4tjm1T4zgSgs6Z9EiUBWaeZ926UoJohQ4qTFaDIEroI1kVJRsVgqtFJvr65Rlydp0zMbGVsq81YZVvQJr+dAnnuXM4RFGKWZ1S9umqEUpSErpkAqrIKIIGCkxCkYxUilFYSKl8ZRGU2UF0zwjDt+vBGJwbE5GRK2xrkc6TxSKtqmRSjKeZMRokYVh1fcs6o5sLGiamsWqZXt7G4ni5uFdsuiJrqftVnQBRhGYzThsLAernmJckVcGhyJKifeBUZERQ0ye6N5RqsiJ7Q2MFsxaS/CRVWfpPRidoURK3ipMTgwi8cdNhustUku0KMH3SB2REhqbbFjLvmeaacpCEaSgLEs21qZIZeis5+ZxTRDpAlSVJZsTj/dLnPMEl8hdeIboSp/eS3nCtx41KR7w47dm+JjIXG4Qv90SLc6n7ORZY/FKooxhY/fUJ5983Ru+SwpVM1jTPuOrzf9aCu50OuHS5at841/9Xzk4OGI0qn5LfO/Be8TQAZVlNT08mn/1j3z/9/4e3y7eNF7f4u58xXJZc7D/ibXZ4d216AI+SlrvKbTG6wwRAz2KscoI5HRmxKrYJChPLsEAvQ1EHxCxhaATD1IA3iFUivOLMcnuh49C8luGwObpXU7tbLN/eIhdHaElRK2JziGcxeQZlSlZL6asbW2xWixxMjA9sU0UgcWNPWZtoi/1zZKu7+8rU0XQtC5ibT8A2VOI9j2etQS0yRHRQYAQFTF48qxE6JzGOoQ0lMLhlExjWe0YZRnLztL5pD52XYvNEny+dylgPnpH50ISfcmUK6uNpvcpFUe4wNxKag+9BxHBdz1eKKLK8L2lJ8fhiS7thGW0EH0S1HjHZiHpnEbJpGhd+J5V57m0t+CRzTEnKkO/PuHq0W0+9svv5/SDD1Gun2O1XOG7OUfzfa4sexaLFa4PuE6mnaUMqFwjdQp5z4VCZ5pKKqIs6NwKlVlmB3OOr13n7BBQYLueiGC+WBFty/okMh5JfvJynw6/PhCjZLtUTPKIVppMapRwGARaRcocMqUSfzgzZNrgfZ9mIypSGNARNBIXI73vWS8ztAiILtBmihh6mnrBUbPN5sZZTgtFnHlGpJhFhCQKjTAjskyz7CJNUPQhTRTyokBow6J1zOsWYxTK5CiV/MW1C8xnSy7fukPXP4t3Se0+yZL6vPAt9bUrlEZyutTkWpFJKJRAaYFGMc50ihFUEgNURZYyfgfrU4zJ91tWJRLBYtHSuC7Ze7zHDz+TtlmioicKTWctzgcaraiXDU3UdE1NXmQsgqdeHqNVzrJeIL1nZQVogxKerBjhXERnI1YOOhfItUaisI1jPJlSSUkeLZVWNH3PYR/JqgypBM56ZISRFlgZ6WxgsyqIpOAOYlL6T3Tqkhd9JNMF1jqUFiBUAtgIcD5pKDKtcQE6D9IHVn1kR+WUZUGVB3xYooxGSs3hcoUUkdzAWpUjPDQeui7Q9UnM1kdo+uGyLUEJSYyBxkLvPS4E5BCV2duAc54oYHdnm62drf5Nb376n7T14sN3b179jIyVd89c+K+z6I5GFVeuXucbv/FvcXfvgMlk/Iqh/7fAQwiB8/7E88+99Fdvv/yJr17s31Yxpi67C5HoI5KAVqDLAkSGtI7oPBFBFOmDaRGIrGSaZ1S5wckM6RZUOCqt0g7bdwhvkTLHoQZt5RAwLtN4MI24BHEI2c51IvqsjcbUEqTRhCIDJaj6ktFoyvr6JlVVcbQ4ZtX3TNYnRK1xx8cc7B1jRYlzNXWzpGtXxJjgCDr6RMMhJBtTTApNSRw6bpFA59HjlSYKgdBJJapdS+cCvcgSeUgGchUplMC5npkHj6ZpmoQw1Cr5GLOCvu6HaXWg9TFBALRGSfAObJSIKLFoVlHhtUS5GhcEMasoRERIqIPGOIEJyUfYobFRJqEXakg10jhvWTqfmL8xcnvRctD17E4KDtuMhzZHvP/5Z/jEL/ws7/7sd+PMGgsksmtwS8vRfsB3ESWTOlbolAtclilLWAuFFgKJpmt7TmcH2GbJ0dWrnDGBUTVia3MjRTYqyVG9oq5X7EXBNbfk8t0VEU2OpLOCIzyn1wxrGYkqhqSQoJRnXGZkkqH7TWPFzntkli6Poa/BeTKtMQi87fDCILHkSpHwExHbNty4e8zFs6+impxglB3Q2x7XNvRR03qHlxmLCLV3RCGoXaDzPbFtULTJn2p7ZBuSRkBEcpl42BMJWxJKEalGGfn6hGlpWM8N+I5SKzJtQA2c8qZJw59MIXVOWy9ZrpaY8Tqj8Rp9s6ReLFKcoxbkeQ46487RnPGopAPaKFEmQ1U5Vgia1QKsRRaaICJeQBxWGrqoKPuGoghIk8IojFBsTkdMc8HewTKFUHjYGE3ITY5uG2xUlHliblupWTQ1QmiqUUnf9fjeMZ1WSGNouxmTPGKFSlMRVbBWJrDLvO7ZGGuijzS2xwnDOJMIFEddoNIGKyQGgYgRoRJoREhBLhWVTjYxBvqWURllnlNkium4wvnANDm96TqLEoJcZwjjyHGsR4EJkpgJmq7jsBZYfw/nGpIoEUkcbHsuDGux4cySSpAJjVSKjc0NnnjysZde/4Y3/tDx/n5M8BN+u+h+Oh5ZlnHjxi3+0l/+mxweHt0vuL+lHoLHr1566W/cufzMl4l+SWEAoRI0PcWpIEkfZqlV8owGQUgSX4QQ+JgKZyYFmVRkQhBVjrJzCC3SDEKnmG6sMabDW0pN6Ns0ipLDiFkk9WkIEWlA6cTF9QGkKcl21sjW1snrnvXxiPWdHWT2/2XvT55uy9L7POx5V7v3Pt3X3SbzZmZlVhVQaAgSYiOGHAoHbYe7iSaO8EDhkWce+G+QJU8cIWms/8C0J1YobNmUTVpsLNGkaIIgSDRVAKoq29t87Wl2s1oP1smk5I6CSaAKBXyzrLpx79eds/Z639/veRRP+wP7xwPGtdJ9iAvLfOTpcCSGPca5JgqPudl/RJHFkEtsMIbzSLltPxurGZEzYrLp8ZrKTjiOE2u3YnCWOJ8Q0axNY8k+Ro2kkSqaqBTk9kaSkjSAh4JiPNP8gDI9VVvyMjKXzLRI8wAbg6Jxo3NcyKanqIGqRqjtzROBmCOzUoQKeo5oK2RxSAokJYTSvqZSFSEXUimkonizn/nNLx/44HsrrjvF7dDzS9vAb/z9f8Du6pLv/bl/ndP1FQ96oEsnLoImTRNaCt4VUs1EYFoqKgneCcfRoiTxcffEhUn84J/8Nvn3v8+rlcdv1ljfEdKBmhZudjt+9PTI5/cn3kaFdiu+ve3xqnK7JD49Jb4cm3f1qsvopv/FUOhM4x/HOUENUNrDhTOGflgzjUeK9RjXE2Kky4oYc6NHGcVyXMi1Mif40dt7ln/8uxilGaeZx9OREgtWCqEWOqXxtdJpxXow3NgKquKlwR08mfXO0J+1WUrBxXqAUqgpsN7ucNqyLDOlJEJuDx0hRIJAVsLDYcKYJjAYl4W0r/R9j7aOoIU4L/RXBmRAlhM6Va43K5x3fHb/RK2FF7uekBxjqoQq3O2PXK86JrXmdDjgrMUZQ6fbpEXnwtYaRCzZa2YRQOPouR4cayvUiw2HMYG2DKuekiLeaIz2KMm43kFqD63DMGAqrAdLcAPaWFxJWKe/6ZNH7XGdo1PCKUUuVx1WYKkVqzRKaUKMxNICbynMDb3pOzqnkRqpMVBSZeUtUsI3HPdSCyhF33WI1kjOaCrG2rbGKpXN4JlyWzGgI6lkzFIJOmE7zabb8DQGjksgpULUkM97dC2CpR3ItRSMaLxVlFxQvuEoN6vdb/j1+rNlmsBqflKnwM/0oWuM4c2bd/wv/p1/j/1+z2o1/Es/cFvIqB1s9V/yj/H8d37rt//Jr/8Hb378W38lLhOrfoUyIFVRKKgUKalQjaZaD6JRCMYEYhFUNaSzjUW0xUsruFMy2mjq6jlpfMM437Z9qXaIGyBFai6tx1HbnqZKC1SV2l5IVdp+21jHkqHWxLqzvLfd8ax2mH7g4vkLjFTGwxPHw55UMnWJ3D8m1G5HnRZyCNSUycYRltgQfbo0lCBQMC0kU2KbUNBCLFp0o+icnbK2RoJ4tF+x9rndRkvCkVgZwUgLNgmVGgOL7kmuYyCgpY2wQhYSx/POtcf7NSYnajFMVeNzRpRhLJqcQNeElAzLSNGGrF37lqXckJZxISqPEsMYA1YqKzVhSajabrVLTCgleKvJqbk8H6bAP/3qiU+u1nx4fcNm6HHaoO73/M2/9tc5xsif/9W/TBq2PAyKbYLcVaY5coqJJRaqwNopUrE8LJpezfzis4WbPvAbv/6b+Ndf8PM3F7i+IykDJeOtpQKPy4TSkWIsyux45YRvX3meSeBhnHm1VL48FZ6mgkJx0SeGXrE6jzpTONL3Hqnn9YgSjNEgZ1W9kjbVCIlQHVOIRBQxC0ZZ1q6y1YqhM+jDWwZjeK4Nat1+G3Zdh1eF59seKxByIlMgV3rfYRTcPY4409y02jumeaJUOM4TS0wMmxWSCqlGolTGZeFpiqAjva5IjVwMa26uB3qjsFJ5e3/H66eZZZp4f7NmdbWlM4qqFaMous0ao2C72dAL1Jp593Ti4TRSciGnxFIrKgdyVHirYehbX7bv6DYD94cjvS1cbbY8nOD10wMxay7WHaut5aLz5JJ57/Kazp+4Oxw5ToXBtK5vNRbQbJ2B04nFW2pOdAZ2vqc4zWGayRVebFasfbMqdSJYZ4gxYMQgRjPHQojhrIQUrLZU5bAxUaeZ3ltChpIjg27p+CQJp2ldYeua9CEntHGs+p7eOEKphJLQOZ8Vh55tXHG/VNYD6KhZlglbM6E0P3Gtit4a5mB5miPHWMiiWwU8t2phLgV3rm2l3IKFF9cXbDfr9MknH/3u4e7NmFL8yZ5LP9O1oDdv+bf+7X+XcRxxzv1LP3Ct7/id3/j7rHYX/Nyv/HmWefqXeODCYT/LP/h7f+9//vkPfuOvxPmIdp6qLcp1QEWWsQnaFWjtUX6g1kbboTQHrkKhaeq5QAXf4XQhpBGdLTqNmOWJQUF1Awp1fjqt7earNOIcJS5IbUlQSgVpMHQ53ygy8Oz6kleXO1bDqskDrBDHJ2KtTONInBdyjhSpKC0wB+LpiJBx1rCcZeGi2mi2nEXbogxSzzvleg5ylQYgSLUg1VKlSeSV6dAGqkTmArKciLmgSsC4jpg1Rio1tyf2Kpql6pZK1UJEkVWHNo00VJWm5uYpzXbDXCfcmXWdxWDEUrRuO+DSRt7tMxRi1c1MnCpOtfFnyoW5VgKCyhFNwp0dul9LyalwWiq//+7EP/jsno+utvy599b82udPfHS9Yzcu/Npf/xu8/fIr/tJf/Ff589c3vHGe00kznwJfPSZCKRgBU4WrPnHpJ666kdP8wN//9e+zu3/Nd3cdrutIpaLSiFUFJYrf+vKWKomLofJwKhBPXK02fOvZFT6OPBxP7PLIbuMJg+EYM2PwVGtJIkzzCaF1cC1CLYlhaF7h4+MBa3qkOkiBmgwb/3WHVEFR9M6yHhy1tN2gNXC16sgYjqcDzndQm87u8uolhcztwxOHQ8NOLnkC0TwsCZkD22HF0K2IS8J1PcfjAVJm3W/YeMs8HiBn3n/vPbZLYBoXvIYUE1frNUPv8KpSU6Tv3+PmOqKMxWuYpwXjV/RGGIqCzZqiHZrM4CoffvyKYwj89pf3LHNkSoHL3YrdekU4p81XViOlcLEZCCGw7jpqKYQ44nTlW1fX7JcF5wyX3tAZw1LaIbhYS3exw3iD1MqSCk47as6kMHK57njvcsPDmOh0IcXAlCJXg8NrQ8wJq4ScI2unaaAIxVwS87JQz+J7azSagnYWax3Gavq+I5XCvERKBlUCndGEs1tYq/OEQ1u091jX3MJLKfiu46rrWabAklJzTquW6NbSsV9glEK1lVQEFIRYWXLCSkWUY0AxLjOnJWANoC1G9Jn1PdPZJmdZdY6f//ZH8c//6p/5vatnz1P5I+7l/swfuv+VWtC/8+8xjiNa/+El1EQp7t58xfMPHlrH9V/Cwf510vq3fvMf/uVf+7t/89+M4yO984iCmhPiPMr3bdIbZkSD0rZ1UX1HXU5I1CjVYvv5fCuNVYhhwhoFVUOcMOHU4PFeo5lJjafYMHZnoXVb5wpFuebdlYiqkCosudDpyofPX2C0pV/1KN1ueipl0jgiSjFOE/Myk3JC9y3RmsaRNM6g9JkH3eo/KN2oPSUjKVFVbjxiaqOCUbFGI0p9Q/pR2iBasGUmJMvcD6jc4BQozT5mdqbgzqLuUFoiuVZIdkCmgj0nsovSFNfD+Nj8htqAQKUw656cJqBSQkCMbWi/qltfuAakClHZ8/eyVa2WorBkahFG27ekdM10JeGMpioLNbLrLSE2NvOcC7/1es/f233Ff//nP+QvvL/l116PXG8M/4NNx2/87m/xf/70Uz7+he/x0be/w/ubHbLSvLet3J2gNxEbH4inO9Jp4Qc/vOPx88/4UAsvLgeWUnFxouSCtxZVGhz/F587Sgn84G0gRIOrmQ92PS+3K9589UQFjOuggjORvmZGs6ZD2GrLkteEUlHBE+LI4FekfUW0xnKJmiJ2GBjWmwZHUZVhvYYcef3mq5YCdxuMsjzd32Oz5jgfUAWUVdzPJ7Q2rNc7bo8ja+9AHNp6lhh5dnHFelgzPD3SvLOOSqV/dk3fr4ibNTkHOluhNAOSUYqOwtVFz8krtLHsOt/yEDliEDCa93dbxmliXBaWlFite9zZpjNsBkIMxALiV/SScUbQ2VBLYtsr3rt6xpTAWs0Xbx84jSMfXK755NmOGOHT28BuPbAbOqRWTmPgau05zAt3h4mUIgutRpekcjVowHGMkVoSMWSiblUio2h+Z6UJVshxZjDw7GJLby3LEqnhzLEWRSyJkBWiDVYX5jmSU+sDqwqaihJDrS2IiFac5sAYBDGWTgQnjaOeS23cbNUO585bNr2n1DaBvFkNdN6w1wYJiXimf226wFYpukWznxoAJeWWTTlIRmVD70DmwlJaijylzHa9xhrHHM/u4WrQ2uB7z831JevBL16ZHw2u508P3T/MWtDTHu/dH+q/2Q8r/rP/5D/mGA3PP/yYnMK/8N+ZU+a73/22/gd/92//T28//8FL73u0Nq0zKyDGUsVCt26kpFoR26GsQ7RDfKWJNTPZGCSXr6/mDZCgFNZv2dsVKEGHIzHP7SYbZwgzog2iHKWcg0vaIaaHNEOKnEICrfnWe+/x4vI5FxdXVNVIN3lecJ1DacX+8YFEZY6RGJdWmCnmbIKp5JgQDAVNKbHdgNvRi5SKVa2Wkko+82sVpZx7j0qQqqkUSs0gFgkjGcPYrbG6Kc1LqaSqzzi+hYwiY9qhGwNYS9WWdH6AyWkEhGz71jMMc1PO5UhxGxKKEk5o0e3fLQFBtalDziSEnBVSE0IlFIUyBiWqWYKWEWNMS0oXgQSDbTCSpSjWnedmA/s58jgG/q/ff8fKOv7Kz3/An3lvw++8OSFU/tvffcnD08Rv/tNf5+/+5m/iLy8wfsC4pk+UEJn3j+zvH2GJfLK2/NLlGmMM+7i0FLhq9K3eaaw37Dqh32r+xu/cExa48hrTD7zfK6b9Pa/v75ohSDmO45Hea04x8vjwBYJwcf2Km92W6emOMAdUXkAG4rKwxIjuHE4yy+lIEUEroXeO566DVPjq4cgQC4+nwKpfkXJicJ5dP7B/fOBqtSGlyLofMMbTmUzvHXemcuoUqbNcrCz9pmezWXG53VDDzLv7B/p1z/7xESkTz24u2a37Vvor8O7pSIiJbb/meruhUjG1YIwQp4yIxXtHpyunMDNNC7vVinXn6Ieemiu1JC6uNnjX8e60IGk+r3KEbz27IITE1W7NEiKnlNmsLEuA7arjYQrcPRxwBi43HV3nMUvgctdTrGZcAh9db9isB47jTKcyaNfsRCUxLQFRhmerRmdbQgLTUVLmsMw8HE5svOPy4hqnKt5bnDWYEWJtCf0qgkE10UM1HOux1ZZqJcdIxWO1o6rMMk1cXV0htuNpuUfXhLGaZc6AYhh6tIKh75s2dB45jjPPr3Y4owlxwfkWfEo5c7HuGHrLdtU+5/208NaNLEuihMCP3j2grOPFdtXG2SryOB3prODsCqPbex8KslJY06QNXnd43zFY/WC13C3jT15kY36mDtz/D7WgP+xvcK0V5zvWJnKx3ZBSRkn5F0pNKa35wQ9+73u/9p//rf+OEcT368Zz1Yoi5dwNLog24HtYZlAK5RzKGoiZ6nyzulSFURNFBIxBLm+InTC7NXu9YogTUgxheAb6QF0WMKaNVMkgGtGWeu7p5VqZQmS3HvhL3/sen3zwHtkY5hqxSSghtN3w6cS8LI2opU0jWQktXaxortwKqQgmL2RpAS6lWphIShsBKwXOGqaQySlRpenaRLW+ZOvf69YJ1lDN0AIxKSLGYZRpgakCpyQEse2NVlpFKoqCImTVtTauWEoZYToifiDZnppbhpucGitanbEINVOzoGtF10Sl7ZiU6BYiyZGiDEvVmFwpxraeZomUEImq/f7krBGjm9WlNhLR1bpJ6x9Ohacx8Te+/xpnhP/mz3/ML76/5ffeHDksiWeXK/571zuOU+RunPnq9on7efkaTEpH5dK2ANPF0DVba4WrfsAp4bAsDNZgqNS68OXDnt/86g2HU+aDizUay83GMajI6bS0CUQt3D/ekXIhBs1+Pge47EDOkR+//oLDfKT7egS7j2htWOLMyhmWlJinPZt+S+c3UDKnp0e6ruPD5zeonHHWsdmuUKrgxLDpPDuz5tX1hioKrxSpZLquZ5kD2cNV12MuB47TjFWRjR9Y68T2xY5P3rthnGa+koK5vuDDm13bn7vW277errh/2uM6T+dbcI4CWoTiHa9vH2ik5dpQlEqwzuI2K3prmGLh8HjAbwaqV6yXzBwqquvYeMdzd8HT/sD9wyM3uzUXSrG2cDgGrlYrbh8f6TvNi+3A5XZLLeV8gGi+eDgClevdqj28keh1x9c2Zi2VY0j01tH5xkYPOXNK7bAcvMMozdM0cwqB1cpzOXi+eBzx1tLpyqSEECJaV05LYAoRqzRZArmeLWClYlVB6+YYzjk1laA2WK2bUN6tOU0jpusoceFpnBmXifvHB4wydL1v0wdnSaUxAN48HVECz3YrrDHEuUktLp1jFKi68u3nFyxVo89thVpKq6/5DqUtFc205Pb/SXuI7O2AmI5153h2c/XghmFc5umPRN/3J+LQXa0GfvTj//da0B/JgY/Qy4w5fgZmxZTt//9/Vym8eO8lf+f/8g//0ts3r9/rn3+MroW6TGDsea9qUNpSqCjbEJGiDWIsKNVkC8ZCrehcyaIan1gbcJ7FaqzSWDLZrIjrZ/D4AGlBjAbVnYNUEXJTgSltiDESwsi3Xz7jL/3iL/D8+UuWnFBGY0tlPtwRp0a5Ktowx8ySMlZBEYXU5hlFN5hFDZGColRFSbF1X88xqaKgpkLC4pXB6MySm8wA7c4344rUVg9SKSCloFeXEGfmeaLYSAfUMwavVCF7T9I9mpGSJsoykeUcPjEOKW3MnOpZFRMCVEFpR82FWjJof65MFVJtD0ql/jOVnKizI1i3UJuuQimJWlrRSSuLlCZxyBRsPjHiqGKgJHI1bG3FGeidpubKfor8nd9/i2jNv/LeDd95PvDVfmGJBXGK3XbgxdWG76bM28PEEgOhZMYkHENhCgsPS2SwGk0mI/jB8O3nF43vnGbeHJ/4v//+FzyMkV+8uWDrHVo0hMiJlhA10oAez3crUmxSd6uEkAuD94R8QtLMhW+8Y0mB3reft9MDOUZUqfz8+x+htUDVrHvHbrPFWoNKjnwWIThJ7IYV8YxZXF08YzN4jNJQMmNKnJbEMgd63YJ+ojS7zZrtdtUeGGtBSUaUIs0jq96zWQ90F1viaSLGxBwC3mqG3hOWmTEHvHcMSnN/Gkkpc71dEa1rKMiw8GzbUY1mHBcwkbePTxzngB46zHjgcH9gvd5w2TvEW2qc2V1tmENL3g69ZuUsdJUYE8+vNgzW03vD49MB3w2YrmNZ2u917yzeOZIoVts1JiRUFjINK/r+1ZYpJMYl8/Jyw+M0I3HEiGAQtn3PeujwTnMKgXqoSM0o04JIS07UDKkWck0YJcy1Ag0ko1UbuRvaw65VhmVe0Kaxp0uI5Joxqx1xmjmOIxdDx7hMnBaYIgwqkJYFu9lgjMEqwYsmLKGtjERzissZegIrq/Fu4DTNKKsZQ2JeUutzS2ZwBq0rpaqWdykLeQxgTKOGScF5YT14+vV68euLaHP6yQd8fzZqQbbVgv6XP7laUBVFOLwj+cgp9v9Cf9ft7R0/+Ce/9heyqN5vLwnHJ8R6MJYSFmrJaOuanLRkqjIo34E250qNgG0EqKxyC16VM94xJZIGIw3WkFGoeMTmqaWWpyM153OsP4FUlFLMBVCKv/jd7/JL3/0Y5z2nvFAQ8sPjmaebkRqRmFsQqwS00WjnmVMkn4XiuQrxvKcR0eQyY2yPMgYhQmpp3q+9pEtMUBJVGXIupLig6MnSwl6lZALSsI2lkKSNquclkKWNoLPYs883Eqyl0qHqQk0nqvKk0swsmoUkjlwrFOHshSGpHikzpRakFLBriBOSxrYzRyMlU1QrWpqGHSLXFsbKOWHPtQlq4Rsbao2QI+MpEpUn59qwkiZiyWgUxbSHsa8eJv7T3/mC4zLzyy9u+GC9ZvAblmJ5PI2MU6JKQxwGEWJtm3BrNLUIkUQSg1eKZxvHB1crrjaWp/GJH755zd/+3bd8+Rj4b3zyjOtVj6nnMb9WzPNMSPkcdFIMfs1pnFBiGGphf2oUrEQTQXhryKXiu4FC4bA/MnSewTnWvefFZkBqICOsOsuzTYdSTUaw63tUjqSY0cYwKMXl1Q7nPJVGpCqp7Sqtdlw+v0J3jjgH4vFIrYrpcGJzc0F/fY2IcHh3x3h6Qg8rzGbdKmYpMB5PjdltPJfXV8yHPXcPB7yzDJuBYgVtPStnCRSOxxOHh0K3W3HaH9FLxJiem+0O7Ra+/OqOXiuevbjC9z2f3j5ydb1jozTKazYXK+ISsc7SldJyCbVinUdE+PLuiSq0lkEpDEPHe95yOIzsjzOb3UBnHCkV5tOJKWZWwwpdGyhiDjMxN33l2nk0DRzhXUuVb9Zrakn88PUdN9sVRmmWGHl/05Gy54unExfeUnMmpvbQTM3kXPG6klJtf789h7UqaLfCdz0rlZhzYOg8y2HGGMMHly9J84KUyDSNdM5xsd0wTjNSMpfrng9uNiwxcvuw5/50avVFpZhSxhvNrvfcHzO3jweQhpTMMaNqYwRopYlohqFj3VlOsaXEaylYMrvdBt/12fiu/KT3uT8Th+4fRS3ov/ZgWGuolfHhS4pefy0c+QONM5QIKYYXj49Pf05qpeSIsV1jIlPAOM6JKqo2oC0wnhPHLcjVKgOCFEFVobqePI/t5pYjeYmEWtBlxOQJW2fyHNshrm274ZYWTsooQgx4a/gL3/2EX/r2x1RtGOcTS0hIKtTTnpwWrLOItBRyd0b+QWmHcVtttWBTqTTdaQNsVNoT9qA1rbRe0LXpEXNpN0hL06M13KSmSCHTHLla1farrAxxGal+QxZDnScSCV0Koi2J2kJ1YSTqAWO7pv0zHs6wkVwVojQ1nSiq7Zul5iZpF02NoX1fXU80HcSZQkaVSpFWS5IKSxGUGLIoQm0qOhVD6/wCCaEo02pQylFoInZbInFJPCwgKrN2ml7l1v2tcHtY+Hs/uuPtMfDLLy/43rPEi6srXmxXpFKZQmHYB17vC5MIwRSmWFrKukSMStwMHbsO4nLktx4O/MMv3vCPfvzA01z4lQ+u+WC3hnN+wKEwtTRNYm2oy1Irg7FI1zPHiK+w64RRudblTImEwlhNlabaW/keoxWXQ8eudw2kIZ5SCysjeFUIpbAzwooC3qEGoRtWOGdRoppD1hnQDlsLNoP4DrYdsrum2x/JcWEJgfr2Ft13xGliDg2FeJV3nMaJ+eEBu+oZ5wk0dJ2l5IRdDchuw0VtVR4ZPJuLHXlaqAbSHLg/LKyGHpsSV+st5lIzhsDb24nVuueTtQdtuHz1ghwmHvd7agzMSsGy4IwmL4HqHaIgH0dWzvP0eGDVW/rO8nAK3I8BnQvrrSKXSG8rulbiaUSSpRbIUihK0686xuMJbw3ewHGOWKXoB8/TtBBzoldtGuatRWP4znvX3J9aLfBCQ98bjgmu2JLnkWMMXG56RGse9kesVsSSWUIgiuGq12cCVKJzZ2aAUqRpzxwyL5/fIDSIhdOK682akzH0fc8wdPTeMJ1m7k8zm87yw7dP7DlhtWFz/recasn3zppvgCZSCgULtZByxGqPQ9FZA9qQlUYthfF4IC9HlAJvHctpiv/wr/+f8h/10fDf+jd/7mfr0LXO8u7dLf/Wv/3vcjqd/lBqQX/wNLOQpz0Ptz8md9coxTeS9f+6h671/v0Q43NlPUo0WI2ECc4wDDEW8QMSY0tXFiC1QBVfQyzOO1gR3Xa9cW4cWtFk4xo/uoxYaWlhk47I9IjE1E5HAD8Qlsy66/iL3/su3/7gJVkJsUaqLqTDiEqVznqKtKd2oxQFzZIiGY1o3YTkALrRCQq1yeSVbb2+sYWbYuYbzGQqTUJdpB1ONc4tTW0sIueKDQal2wuTCkkNpBQoZU9QHaq0BGc6h82wnlQtkhOKmWJ6UO4MtazkMJFFMJhW/ynn/bwobK0EMRQpqHruDKeGq7RARCMUQq1Yrcic60xKN4SVVKbawmFaOzjvdpNYEKFoheSAkRmkkIugUiJLYtIKLbDy7d84ToHvv37i9WHkxw97vnt1x6vLLR+9fMbFYNl1iue7gXenzLvjxP0pss+Zd08HVM1Ms+HHd4kpLvz+uxNfPC6IVnzn5QU/92yHAladY4qtKpVyIeWKMQ3gcBwjp6mF7RLN6IMy3Gw7lgJlmjG0QI+Uwlo7XGdRCM8Gz7pvej9rHSEtaKOZYqLTwmY14K1Da4VyGjv0iLTfGVUNOIsoaRKKUmG9Qi6vQBmKm5CL5/TOkOeJOE70uw2rrsetBoLvGL/4gp7ENI1kZXG9QfcdOmRKXChURiDEQFdSmyTVRj4K84xHULXycAgsNbFdWwZrKWHm9m5k+OAZl1c7dMwo63nvZoeyituHEzoXbq43yEajnWF+fCJMC1trGDrL7eGEcZ6LwZPDwuNx5HE8cXO5Is+JdeeQkjjuI1OuXK8szkGSFpiMudB7w3rVo5UGMi4Y3KApYcFpgzOKMSa6rueF66AE7u+fqHMkm47eKQ5zRYtFKeidpfQOUZqlVpwYyIXjeAIxDeNZnphDJHU9RltWVuGsR2rEqPYzPcbA6TiBNHmMtpZpnsm10InisvvafVyZl4n7w8hpbDUpJY0gt/PCu8PCw34EY7ACVoHRwsorxHoOEbwTop2oSUAM2hg0OS+He34aGIR/bA9dozW3t3f81f/tv8/p9IdbC/qDH7ya0+Mtxc343TMOhyPOmoadrP/cUxc3200My0p3A1Upak5k03qLlPTNv9HUzLQeq3CGcxSkqsb5PSf5VFEoY1vNIEZy31O0QVXXRNrKIvZIPcvelTSD0DxHNuuBv/gL3+GjF9dErVhqZjncU5YZpQc6o1Dh1G7XSlFE0QGJwhwzxXmKtaA0ukZCiliAfE4cG0MzoVmWnNpeGUgoEN12nKLR/Q6dMmmZKCojKKpqdaBSMwoI5awdLA3xVhTkIlSxSM3onEgm451vt02lcd2KMJ2QWlGlPcTk0ujSUiKF9uajrMamQszyTQKanLDfmJfOyI6SqdJuZqU0Eo8ohQKKWBYxLTFcE5ZMRJNFYfLYKklVYwtYq1pASyucEWoJhNj2p5lKLolpSTwcZn73zZ7n2zsufu9LNt7SWY0qmikVHueF/Rx5WuD1Y9v1rjpFyZnHKVJF03nP5eD41sUWqUIVjRgFMZ0Vj0Cp9FazFEA3ZrIVYe0dj3NGqrDkQkwFpRRD10HNmJJZecPDaeRivaJ3BqNhcO0WtvI9K+94GkfuxoQ1hmfegtZMIZJyIooGrdish/YzqYY5NBmFhEg+HkmnE2WJHH74Battz7BdI5dXLXE+zlTrOe5PzHNgfX3JbrehLgspRozvUbbw9PYtUSk0FVsbirFQqKoBZbrOozaF2zfveBwjwXYo8bybn3h9nKgV7n/7U77z6jkff+slEtuqx1xfcb1Zc/zxa5aYcd6QlsBm1XG5XVFEI2lPSkCK7G62dJuB682aH3zxluPjEzfrNbUqtu89p9w9cv/lLWrjsVYzH2cOU8RZy4urC6YlUrJuYSItLDnSeYN2DoxBlfZ7FVLExIJzPY/LQpqPXHae3hqsUpxCRktBO483mr5CLhBIHOcFqwJF7DlQl/jyeOJyPfDhs0t0rZSzYEFpg7GWruswpq2IWh6j7eazgnVneRoXxBjGOfPuMDJNTamoBb563PPV7SODVXiBKSeUsRhl2HRdy6uIamStKbXPd71ht7tARDONc8l5qfwUHLt/7A5dEeg6h3Ge//X/5j9qOLazVuun6SPlwicfvcewu+Z3f3/m3e3+/PnLP/cLdNb4GIItOZNLRqEQ4yFMoJsztywTonQTIhhDta6RlkpBbHOfiGigUZyUNdTSbpw5RYrryH6Dmo+oHNC2xxiDlAbuj7my2qz587/wMR+9uCKkyDydyNJG1t36gt2rTzh+9kNOp4WiFLYqrLXk2sAIymgimaI8hnYDz6mgbUshlpKhFqQmcg6EQrshGU+e5vY1nc09GGnwhbAgFapue1opDT8pkjA1s4hqRKscWpCnBFAGXBNcqNpuziUFSgkka3DeE6aFkuM5qQ3Fdug8UyuUOKNUe9BLSqilfe6KVmNSFKgR0Y6qLLlWjDTOsOSA0ZosDkS3sflZQtesL4YG7mxBEKXaIVwrdDWdFYZtRItALC19nEvGiLAgvNnP3B0XvGkVHI20XjXCGDL7OfA0F05LBiVsvUUJbFYD296htfCtqw3PtgMiFalCiPVMN0uN2ewsxmhSUTzfrIgxE0vi9mmkM4aNNSDC2/2Jq80GK5WcK53rsFrz8eAR3b7STb9iXCZ+780d33v1Ap8TAowhcn+aqCWhlOJqt2ZYr/j8/gDasfMRlGbOga8+f8Nm27Pa7jj88HOsEy6fPSOPC7PT2L5vNxxnkFgouTKdJh7niIqVD1YbSkzUuBAeHkklMB2PDJsNVjds6rwsSFSNSb7M6FLAWobrS8ww4y92XL58xtPbBwK3hOOByw/e4+Xza9Rg2+/tPFNTxjnLxXtXpCWQxhlVC7bvSLWwHCbSNHOx8qy3AzUWklKYoedq0+w9TtemoBJFvx1wbyCmhFl5atW8GHpWnWtmn+NEjhFrV1SteDxN3PQ9m237GZVcGUvk4e6RtVVcX1+wYcvxcMQqhTGau8ORrNrv8OA9nZEW/CuZ49PEnDK7qyuOoXCaRrwoPrxcMaw2nKZELSODt1jlqdKz3WzIqbCkxMP+yKr3xJqZQ6RYyxwSnTFEKr13vLfbsPdLSykvC7lEpGZqzi1HYA3KWYoSYo5YZail1Z9KzRjnSEtDYHZO4ztb/Oa6Uv/0pvsH+mi3WcVv/ObvsT9MeN81XutP6cccIt9+tmVwH/NPfudHfP93P8do9c/5uQvWWh+mxakUoEASRS2xjZG1tCBPTu0WLEJJEe37s3KsNLhErYhotLdkmZApIVJRtgO/ooiB0yMmnnBOYVN7I1BiiLVgu45f/s63eHW9ZTycSEYIOeJcx/riBqlCVobjMjUZd79CSyXnTKxtvynGoHOh5txunVJRVjd0pAhKVYrVYO03DyOpnm+CLkEtVNHU0iTgRRxiO0psLOicG0GpStt76TghZgBRZElnK0qFM9VKq7ZHzjmhtMXkQAoV7wzGJlJqdRilBGctJWREzkzZcEJcjxFNUBqRShVLqg1AQG1p0IJtujR9HoOS2s/EWIoYdE3okpDaJgxZWXQZ2xuKsiANZ9cUD4pKOUNBKtYajBNCTMwBILe9phIUQopyRt0KMSWOCR7nzBTbPli0wlThOCc+utlwvV0RSubbNxs+udpitWpd6BKIMTDnSim17WSdwxjNVis6b7hbGiBl1bWfl1GazhmyVHrnsQJCR0iZdW+5WnccpoSSiq6Z28cjh+PE/cMjwTuuVwOvdmuUdcxLYLvq2K16QHE8Trzbv+PSfoBCsH3HbrNGtOLwsGeJGe06nt6+Q0vG6xXleCCIwa9XuKsrtGj0u3ukaJ55y/z2lh9+/gXX64GN88R55vLZFco5Pvv8HSVXVEr06xV60EStiCHhVx3D8+eNOdb6fFxeC72GNA6sXz6nxER8OlGkcjpMbJ1Gbdeo3RqbMunphDlfFLQIgzLoWplzwl9siHd7qjNob1h1nnmqLAmcaSsJbS0vP3lFiZGKsN6ummrQOWpIWGsxpolHOuDqYsvdwwG77hums2TGEJnnhavdFf1qoGbwuTLPM8dpYbteMaTEj+8O9LoFA5UIa+d4tiTujkuTe5RWS+wHT+89d4eRp8ORq8FwtbnBO8e0RLQWeissy8I8Ow7TiM7N6uQ1BNWsRzElnFE8WzsGr1lCbhStSfNIohZB+x7rO5RpK5xOCc4IUQu5alKp5KrRWkgpEpeZV9evug/+7F/StfxpkOoPdMM9nk785u/8iC9fv2uybGt+quUFAuTcmL6vXl7xePeOz17v+ec9J6Rkfa7FNspwbR1Z1UbGDcMY2464ypncVChxaYdwW+u2SovINxWjqhXkDFqhpCJ5Rp0dumlOxAS121LHEbE933r1ig9vBubQghhN+9eetpUbWOYTT7e3xJwxxtFfPCMe75liRvyGFE8Yc3YBVZruTlSzzNSGcTTaEqxrHeK4gOmo7SKHaE9eTqCEJO4comqJZ2oL88Sc0H6gUkmlVQl0jWTjG5w5zCgNkca6FdMUa6W0XbPSTc8Hbc+ENlAC1EpFU40DAcGh4qnVfbSBnFAVRJuWTK4FVVOjheWEsiuSaKqA1R5yxpS2N6267TOpIKIxSPvv3GAVQsUo1W6qYhHJaF2xGkytqCpse0ftWvBIzs9ZMbd9cqlN6XYIsJ+bolBVqFJZW8uLTc9u5Vj1bd3xC88uebbtsdbhqeRSMMahdYZc2FjN0HmUsQiK0LJ4WNN291utCLFBJJRR3KzXHOaAtgZvDetOuNmumg5PB8KS+PJxz27T88v2JYPTWCVsNgObVUdB8fR4IMbI771+QLSw3ayAwn6cGbqODW2/vYR2g7zerbh9PBJq5vpyy7C9oObC7RdftsN0taXEzOrmitP+iU/f3PLFV284jZH3f+U7zYSjLKUqJCdutj3zkinVkmNz8TrjyRnU9TVmGMhv3zXv3JQ53d3jrwfWHz4nP42oFFrVTil8b1CpUO8PsFsh3qGsbTYnBXQW5Qy9FrpxhirYi02TE4ti/cF7uMOB09tH5iUxvb7HrDo2N9ecHg+cjid80VhvmytXG1abNZITVoNPheFiTSgFZSxjyBzmkePTBMYQtGbKLe0Zc+GLhyO7wdNrw5IrvWmvXyO2JeMLXAw9b06huYeVxlvN43HiNAVKLfSdY6rStJo60nvBWcdiHZIL96eJkBIfXm4QVTidDqQCEYgxcTpOGNucuSU3neaqHxBrmo0oBUzSFG2pKJQCa8w5pa9ZkkJKZug8295CmJmPpxslrH8aTos/BoduexferK55eJiI6cjQ+/b//DGyBaVcuNw43r6eeDgUrP3/voNOJopWSsR1FOtAeTjzh0ut3xy2qPYmjrHtRf41eKLkVh+S87g5BkixfStzoqRwDizBkit6e81iL6nTV5T5Sy4Gz4fPtg3ccOYJq1KoORGmiWPXQk21ZsiZEBbGWNo+VRns5Us43bIsI8UIoRRyaD9KYxSlZJbYeKtKhGQ0dVkoKYF2pNrAGKkKkjNFFaoy7fZXErk2GlUbJwna9uQcyQimttRtNh05ZbJUDIVcMiVHUgGMb6Pt8/egoqC2vTeptLJ9yef9ZvueK2XajvmcJ6jo8/i1HU6tf9whylAlY6VRmyquOYpzxqjc9oPWUhFUalwso0C7vo3YUxOLG9UmFQumPWCUSm9qg8org3fCQGl/JiaWJRNy4eEwMSUAjakZ5zReK3Ju+9dX1wOblccqwwfbgffX7aFH6cbYvel6piVynAvXQ49VTRq+7geU1sy5cpwT6Mo4J0658vxqQ+8cS8qoWnFGEXIml0LXO+aQKKHSubMI3XtebDvYGeZcCMvI7eFIjInt0DH0ntM08vuvb9msen75wzVmvSaXysNpRBshLpFxCuAN+3nk8XHP5Xpo1bjTCYxjvdmiVwPvPv2cL794yy/84s+htOEHn73mcJj59vNrrG7moJgT+TgyLwuroWM7tBqZskJ4OjVhwDDAOJNyJs8TOiTMamC17trK4/EJiRnRCvEtwOOSgZCoxra9/mmkLpG6BIoVjFPfgEzEtvxG9R1iNel+D97jry/4/LPXpHmh8550mul3W5yzzN5TtKCNIYRIjvnM8VZ0zqO8pS6ZD17eQIXP3j4yzgnTOXSplOOJyTh039Nbw27VsVuveXh6Qknm2WbFcWlUqiW114JRiquh42mcWFKhiiLlxLgk3rva8MH1BYd5YQkJ7wolZ2LIdM4S5rmJODYDVkNIC0/7B5aYwXgkZ4xVoJuoJVGQLBjbcbne8tVyx2macLkwqC3GaWIWltNM0YWq2zRKWYM+B+6MdpQQbgjLrv5pT/f/90epmfX6kouLs3y6VsxPUWDqD/oRQuTbH73Hq+/+An/1r/6Hzbf59Z73v/QAoY3OKeWstaVW9Y3V5+vbcxUoqtWDSm72IKmxWYmqnIPLZw50LYi1MBXKPFKcJVvVgBnaIcMlcfMSlkBdRnQOvNxdsVl1xJyaLDUloFBqIYeJeV6wzoE2xAIlZZxodLfCjk+knOmuXpGnBw5Pt+0WBqhSiTVTS8Va2pMwleocMi2QErk0kEfTBvpzoledS/vSkr9FKDVAbS5OpRwoR4ojygiaQqwCtqOWQNWu7XVpeymlE0Vsq/nU2kbKRlGzoTZ2JHKuOpWiMaKoro3wqjHNrVrVmQd9TtaWVouqSloDV7U/h4CiTRrkfGjrklvaVqmGl5S2alLaYEs5p2UbWxoRUEIWYaY08P65w+yUIZaGQdwNmvEs+U77mbAEtkPHajUQU+I0j2wHhXeal9sVH12t8QLL0ohFG2cIue3YqbWNjQWssXTnEKDWQqfa12aCYokHVsqw7Xuc1Wy04vE0k1Nh6w2hNPD3lBZCLoSk2I+hrVieMmPIbDvPvAQel8iTi8Q3d3Te8cmLa25Wia7THMYTp5Cxpj14vX0c6Z1BjOH24cSPX9/yZ777knU/MJ2WbzjlKUae7u7RznC5cugacTXSGY3ZrXn/eoVSmsEZumyZlsjpOJGLQi4tNUakgtCmTKLb+F9KQTlHiZGcF/TQU1OAmFB9B1ZTThPpYY/ZrVDrgQZCtqjQ0t2ysiiv2/QpF+SsmhOtWjhwiZweDthtxUnl2eUGVTd0q57v//5XPN0+sLKWbWfPYIhCDBFjNWGOeO9QFE4hsTweubzYEQtcDL6FH41F5pnD4wNrozGqUKQSlkjpEyJyft01J/JpCTitKKWSgfd2G0ouHA4jSleebzdt+6U1NSWuOs0htXxAU3Um1kNPipGt02ys5fbhlrdPT8yhSQ9C3uOV4sXlGu96tLGUEJhDZE6V3vf0XcfxODMumdVacTU4llA55YxIQXSCWjHa4UxpUBwR1ptNr0SvZNjAn2Ig/1/HyII2mi+/fMc4Frwfvj5q/rhXir/WRvIrv/RzrP8n/wb/t7/36/zW9z9tAab/Ur6qVslVdC21oOKE6pqcvWrV9rm1vVmX2vaW7fvW3vwxpskMzrL3WkpL4tb2Aqi5UIoiGIvSht54VBzxD1+h5wPDZsOzF8+pNRPGE0o0WmiaPzK1KrTrsJv2oiu0A6Eqg3IDebrn/u3nmO0zri+3uBTJd7cUEVJVpBApKTJki3ZfH0yqQThqIJSK6IEqQhSF0h6NxpXIWDNRWo9WoqA0bbYqBe2HNr6thZISSiuq7SmhkAotTSwaZWt7o6tng5IIKUd63Q7rhCLXglamGXtFUY1qWsMU4dyvVefqiBIQcW2aQEWrr9nRLcmsVMN6KtHkXM+u40yRiliPThVypaZAqhVRGn9+sIxnuhhSz9L7iK6KIqbtzEVQouiMwWqFEs23X3YcLyKHacGIMM3xvHfPbDrPL7284sVmTa6l6eS8b9q9bw54xXplMKWN8q92G1a+MX611YxLA+DjWvdSRFhSu62r2n4eUjJzFpxXSC50znE6nng8nkgVcqncArVU7veHNsHQCuc0u9WAVsLjaUKk0gvsj0diNYTc6l8r3wQGD8cjtw8HrjcdG2MR3Xaj9497+qGNI5011JK58orHrz5Hlcz3XlwiWnGzHVpFZQokqehSeHm9pbu5aEHE1QpJgfHxSBAD8wIxYFVLTZccsd0AvUHmSjrNSB6pUluASwo5JFTv4X4PnScoxf7tPZvrC8x2aIn/aSa9vkdfbJHdBmJuOQ2j0CWRngLr7RqzWVND5MNXz+i8cNpP2BQaKcqf1zQ5cvP+NY+vH3kY9/TbNcOqBycQ8pm77hBjWK16Qlh4c/fIR5crPv/qli+eJm4utjzf9hynmcfjzJTymcGeWVJpNaG8cAgRZzRWa6iFTe+wxlJK4d1hYRg8WtfzWqmtmlznmU8TJgWWZeH1/YFPD4ElFawkbtYDWfa8pwxDtyWX1vjQul00rLZc94WQmuwgZvDWsKTCw+mI96G1Byh4bdBaMU8L07KoWOraatt0rH966P6zva2IcHf7yOPjofk3vzmufjY+aq3nsW3mV3/pO4zzwg+/uEOL+ibNrpAqrq9SAW0bGN5olFhyzpSc2g60W1Ol7QRFtbSy2IZ/lBQRbRqFKQWs75owIReqthTXITlS00TNlcPqBXWruHSV9dARpiMhzhhpY5qqVOOe1rOoIGVOxwONFW2ItWK0B9PhSiDlhXFaWGKzHOWcmv4uFyQXks6kCN4onDFEZVF1ppZEJjR4eclkZVtlSHskzugc0cYSpWvKMdcwdtVYiuspcULHsYkRyFTXoVKiniclthaq9RRRjZN93oPXFJuO7AxhwHqgYuS8ky4VpS3qa/hILg0mkjPnxRNamlml1EwRziGsilhLqRpqaI1g1Z2DVwVlDDW02lctmZQL2jp6AGm9asqCSBNMZAoqpSa3EBpX1xlizBgrnJbE43HC2zPvWlU2veeV3/BnXt3w4mKNEYWEtutdrzoKLVW67To6o1nCTH+uecWUsJuBwVhCynQWKpGYC7tVR0gVlRNaK05zJsXEEiJLjGzocEqRQ6MDHaZALAURoTMWyJxS4mqz4mbV0x4DCvfHwCkcqGdi0aozDH6NUhBDolrFaUqkZeb5xmKU5fY4c60M09JS6yHXRhmTyjD0VOOZ9nt01aSa0RWW5JinuZnIbMfFukeZdstUks8u4IKxisPDI19+/hmb7Zb3nl22MXApGO+QaabMgRoWtLNUZ+A8bUrHU1uRHI6Yw5FlCTzePmJFsEahrjaovof3r2GM1HEBZ1AlsrpeI6sB5gTLwun1PWFZ2FzvMJ3GbXYcY6E4x7K0FVK37hDjsV3H/WFifWMai3x/YgwLUxJKyhhrWD+74eLFM45vbnl6PLJbr3npO4w1mBpZpkAt0DnLynrmJaJ1oeXtNJ2x3B1HYhV62/jnymS8MaTSakdLat3hnAvLkppmUzcdqTUaaxVLER6mzNYUnk4ztiiu11u6rtEGRYCYuEuwnxO+5ga8oaCQFqQk8bDfo33PxfYSXxNhyYgtlGXheJp1qvnS6XPo5U8PXc6hKMXr13e8fXuPMT+Tqt//6rg5Jr7z/hWPTwc+f3vAGEPnXQNLOV+lVBBBoduLuOg2zBSDlExNqWEFrW3pXWmIQcmZqi3k0HaxAtiusY/TQskBrVfYMqOWE2+Xwjt6ilFsdw7jNNMhk5cFqQuy3qLWO/Lpsd0MjidiaXu1WEEZRyqZUEC6NVqO4DTTMvP0tCcW8M5Ry0Q6A/1TTg3fliveaOgteg5YNEuJVOPPvVehuGYPUdJTQsPLJdobvClAzS29qyBr39jCObXhr/Folc4EK32+WQuqpuYZBorS7QA+l3msGKi1vTmcx/lS2/6ZmptdSNqtFNWA83IOP0nNaG3bDRxBn6tchdpMURWyMZBzw0YK6H5L7cEfHyhpptZCNhpdG3zCaEOuhsdUsTlga6ZI4WJolakwR7QSOuuYDws5JbrO0/WOD24uMRVqXHi+6SBXtM5crF3r/NbKYQpceoum8ng4sZ8WvvNsx3bToV3HFArpnAMYnCHVQsyVmMoZlwl3+xFnLUPn+fJhzxIC15s1WmAK4ewKdqSlSRNEC9o4wlhJpfLVfmKJmYtO8zjOPI0jF6uekjLzmHg4Rp5dbHDWEFMix4Ixmo3T5JgwtifFzMPhiDGWqzVorbjcbXF9x/3dHYjGWE1MQgiBHCNTSHz5OCE2EQSur3dIysTTgd47pnlBhDa2Ve0hLy8zKSb6mx1YRX7cU2LBdq4hPqcFnR1pDA1ZKpxvvpXV9oL3n12QHw+E04TfrpESEe+RmCnjRHxMOCLsti3LYCt1gYe7J8Ro7BQYtjeUmFhtOvJhPFfrMqf9TIdhvelZDT05xRbAOh357PPPubp+Ru96TuPCOiXGVJhy5e545OOPPmQ7LxxOE0kqSmmuVp5QMyEllpzbyilWSm1usMEL+6W2B7wqqJzZx8DjnLiSgbV1pNQAI7Y2b29vDRVFFY21jphnSgzUGrlaeXZdx5Irc2qvYasVRjkuVz05bpA0MYYJ55up67S0KtnlamC/ROaYUdqgQqCvlasbwzJP5nQ8vmd8L6X8ZE/dn4qTzRrDZ5+/ISzw+vXtn4gD9+uPmAtXa8Ov/Nl/jXfvHvj7/+h36DubUSrXWs6SgNadLWc3rHFCDUsTyatGKaq5vehUbTUisRpJIM62tG9pYaAa93B6RHU9JQQeH+85zAt1/ZJu2NCtDaRESYkcIm49UKwh17YKERFSXMhzU2dlNEW3wNMSIhrNYRxx0tjQp+lA33Vcrq85qSce0l0bj+cCppCKEKqi+A7VRVyEkFq6uWqPkq9Ff6YhCI1rdZy0EMtIqT2mGe/R3xygCmoCKpmKGNdCLEir5ZSEIDhtqOcxbhaN9+ZcuWpC8EpFKhhtWnqcdgJrAbwnp4oo0MqdISWCKg2aUVp7F6UUWmlKbp1DrTVKNcG9QhBpyVFRGoYdLjlKbClW4xy6VlwVIGPC1JLSvm84wQr7KdB5y27T4Y3jo2dX/Nx712x7z91xIRfYdAavBy7Xa5ZlYdCKTd9xmhdu90dudls+ulzz+n7PuCx8fLPjcj1wuV2jnOeLt/eMMaGMg96y5ELf2VYBonKKkVLAqcq4RJ5tN6QYiTkTqEwpEGPm6+zg0zhS+44awEjly/tHaoUPrnb0VnNxs+WLJ0UKiXGJXA2eXkGYR1R1jKm9JnadZ8nCqh84TDMP0wPHMfDtV8+52G54+7hn3D9xenpiipmnOWJV5mLwqPXAkjI/fPPEUio3nbTgl1NoqUydawHAuRGzVoPne8NLyjRzfHiif36Ff3HV9rMho52mLKkl85VGh4jf9nR2RY0NAlNQSAgMTsF7NxQlSEnUlNpOt1ZEg6kJvEOsZfm9L8lG4V/ccPHBM/rNCu38OTgJYZwppyOu6zDOk1MbTQut3z5NEUT4/P6RGEbi6QljHdvrS24fjnz65VteXq0ZLnZYY0lp4odfvObDyy3vX2x4dzwRcyHFRMyZUlp9KMVAihUlgleQY8JZxZTgs/sDc8gYY7i8MCypYqiEMHGYA/excLXylFy57Dy/8szyYzFMoeJ0PWdW2uuJKhyXQKmV7XqFUcLjgfMNuXCaZy7XA7FALp4smpALSwisHOQQeHo84K+utarc1JQspYQ/0YeuUsJXr++Yl3IW0Gj+ZH20J8T/7l/5y/z4Rz9ku9vyxe3J/uf/2d+2brujKnsO7JzBFhV0ra0Da32DD84VkYiyFlUhl/Ou12hqOvOYaSo6jEYZTw2JfdGk7hLNRMkVMx9xiydkIZ2fMpUfMJsLlmluHOe4UPBUZoxx+O2OlBeMURjroLSkcAoLw2pAa4WoynZ3wWa9wTrL49Mdy2mGmMBZxtT6sF3v6eKRkfZEjDKgfbOhVEWmPWQUpVHeo9NCLIVqHJpypkxKmwRI4XwJa7vcms9TgtpGxKJBC1oU5TzyUsagU2qShJaKolLRcmYySwuVSG16xaZCOCsTU2qBK9UOUNVmoV/noNq4W+lG+6p8g4KstcFLBEV2K6rrMHFCxZFc2wOppAVNpfeWmCLWNCeyEc16veJ607FddTijSbElpFOuDMbgrEJpuFn1bHyDi1jbTD1SwYjm2drjjeK9izXbVcfNqsdoISE4aEKJlFgZTeFrGXlFqUxvPPtpYt21121IDcm5xEBaKlkgpoJWFUujhcWSeZpmlAgfXG0YnOM4L5QSeJgLLhk637EQyNqA1jjguCROMdNZh/eOJRd0qd/0w68Hz/PNmpWzPO73uLRQqmKpmjfHmcfTRGcs87zw8mpLjC3I9ezZlm3XzGASEspZmAN5CawHzd3TTBgXnNV03tCvOpb9kfmLt3TbNVkr4mlEW9MenkKlWoX0HXmeUTG1MNwSUWFGoka0R/WuoVqnmbq/QzoHvkMtAVkPYC2sO2Rpisv1hy85y3Ib3tAZ5DhSdjtIkVJK+3yA5faJmDN+8Nw9ndgfR75880jMhY92V9w9HdgfF3pVWHeWJWSWsDDn9r6xHhz7JfLV04i3YJHze1CbTBxC/mZM7QTul9yCc0p4eXOBUY0a9qOv7rnabdBKM86RmCohRuZZ4bTGectNp2EFx07T9z2d7RH018MiplSYppntqgFPvPMEhF4s625guxoYQ+S4JMb5gJiKdmtKrsRaqPPCNAcVptN20srUUv/kHrpKBO8Gvjjc4bvup4KL+ZP6OJ4mKIVf/t63mHj3cUxp26nmjm26PkHVdks7A5gR0Q1TR6v2tF2FNLF9KSgUVdpuq5aKiCCbG6oxhOWEUgZnOyKCxDapNtD2lIB4R9EWuhVljtQ2FEJrzVIydT6xe/aSU7ZY5ykxYqzDdxumZcL7jNGGcTphlKJfbTDGkWNgGU+c358xZ+BCdB5vZ1yVhoFEzqlZjdRz+Emg5ooyDu17UlwQepRyzf+LULVBldRupEo10Xct6HMqusnb6xka3xCS6NYjNiLtv5UCFOW8g1RnG0xB4drUG21VG6mppr3TWlFiRnlDzaCUbiNpaaPlKvoc/FKoszgAseiyoNKRYnqKdsTOtn1kOKHNhugu8PmJGgMoz6AVThoXd7Xy9Kb9t5OGnTxMEXJl3fdYDeMcUEN/TmRXrNKklNj0jmebAac1MRdujxOxwsvdmlLhkDO7WhuBi+ZwrqWy8obHceE4TYiz7fBWiiU1OUVKiTlnTjGz6iwhJ6RqxjATUsRZR2ccSOJpmul063oKMMfMm6eZbe9baprKFGPLBYimt5ZqWgBOS+uRPh1H1quBTgmd19w/PhFC5FvPLjimSqoFbyqr3pPOo8d5WTiME0oLaUmooWPYNAd1zm1v7nqP9A4jJ9alYrxBG8Xj7RPHhz3mNJK3a7qLLX7TDsl8mpGUwBuIgXqaWMamzLSbNbJbU+cAkpGvZSibVQsTzqEl07frFvKrBffiuvHUBYgB8pnjbiwSItL3TXUoMD8dCA97MJosBeUMXe8YDKSlWaI+vTtw8+yR65uXpOKpFk7jyHEOqGkmG8dH1zuGzvPm/oDXCidCSIlSNTEnYmlQjqINU2ppd+sV1jm8EYauJ6tWG/vszS27wZL8mqKkVbGcIcWAOfPWp4YPYHXO7th+QGvDdPaEO2uw0iHU9pAtBq0qftUTNRzm0FgBnULqLaenWwZrkL5rJrUUOD49yjTOm1ff+1dMij/RM/cnc+h+/Ub627/9Az799DVd1/2JOVzl/OaslEIpUUrEihKbctqO8/LBjz/94dXv/NMf/evWWtXgQi1wQxXQiloteVlgPlBKbmSpECi5oFNp1QTVTCwipY0ElwMlZXS/amKAuJxDQ9L+jEQSLR2NtVQy2VqkanTXkVIG4yhdj8QFrQRrOpb71+h8QT9sKDnz5Rc/wruOmxc3hPsvqDVjjeMwPXGajxz2J07jiVo0+XybVaWSXDPTiPbUfo0KJ8z5JlhKptiujY9jbMGc840V2yEpUmIgd/0ZYRlbjUc0qhbknEQmqXbjrG0P3shTBlST0PO1SlAprLTaT1ZQVEsit71qQSlNLantddGt5asEMU3bZ5y0m3MuaGvb7Va1xLQW+Ya+VXJjMtuyoMmImG8Cg6IU2XZQIrEIxnWQ9xijWA9rfB6ZQ8JYwYbCoYKzgnNCkuaV0Kqxo5cEZBoyMsOr60tiDPz47T2X6xW7oVJSJFlNPmcWH04z11cbet+TlkAuLQFunOcUIpnK6/s9c2xriFNoFKFSCpVCFsXgHEteiLGBVcZ5aTUU1zNOgYfxSFwCq95y2Vk8hWQNMwrjFIpCTIEkhlgF4zSONjosVZASyFoQsbhhICL0zpNSIsbM3Wlmuw4IglT41s0Vn94/cayF690GXRdE+oY9tAZtzz3sHChxwa671gQQ4erminD3RJoXtICXyvObLfMY2d89oJTQb1dIzq1pMFgklnPXu2LXA+Jtu70KiDXtwH04NNLIboNc76ixIuNI2R+R3frrfQ44TR1nZFqoIVCspkaF2qxaT1805XBAAHdxSTxO6N6Qc6YWmIpm6Ff86nc/4d1hYtyPvH+T6bRmjpU4Hplz4dX1FZfDijDPnMaJ0+nUwo9awGiWEImxhehEKbRp+/QxRNDChXfUKiyxoFThYvCkqw3308yr1UBnDKdp4s1hQpXM83XXWgDWgrGERbDKYFyHKEVMCaUMKWdqLsScmdO5GilCmiPGa3rb6nfPtpZb7/j08y+JVfGdD19RaxNBvH13z+Pj44V1vatV/uQcukZrrDW8fXfH//E/+ZtYa34qucn/ognsfzY6V2ckm8EY7YzW/ZLi8HD/eHl3//je3e39J7e3D9+7f3j63v/q3/8PPtk/HT5exqmvxii32rU9YQoou2rhmtpA4ankhjMMkWoEYyzeCM4olLZnRKEG1SI8JSdQFqc0YRkhB8ywISuNLhGNwdUZUiExoGol19rkBcOG6hxliYjtiM7gdGFYX7Acbzk9vWU+Tby7uyWliNiM6JcgjhBnOtdRi3B7d8tHr77Fkma++PKWVAq7iy3zsYnEi7GIFIrVOAe60FKmcd8AIUgDfihBp7mtbJWluBWkgOQIrgVZimqhFc7C9GpotZ9KO+Dana9ph61B12bRgdoqJilTc0TrpqortY1HW9AKtDZoaTvt5nc1iGrM5ipgRRHlXOU6z8iUdqAhVaHkhEqxPTjQrFEqzURpO/s+zyQlBL+mGI90Hmsu6Jd32PzEccqM2aLtzLpboUURlgVJLRgVUyQroQbH57cP3GwHLoaBZZn46vaEM5p3T0esEp7vevbHkSEbfumDa1JV/OMfvqFfdWx9z2FpOr0PLlY8HmfePO3pnMOKYrMZCKmFa04xokWTMsyxgRFSToTcKFchtQnNwxT59O7A/WFCauVq02Nf7HjMgempkjJcbTybqw2nWNFGcKVCyqAKnViEwCFUHqaF3hh+/sUlztp2Sz2T6pz1vD5M7AbPqutYYmRZItuuBe20tjzvPVYLqYIqkeUY0OcAnepaOrykQplO2F7RyZqwP3I4zcQMRrXb793jgY7K5WZNCgnxGuc80zhTQmC42qB6Tw0RCTP5NJH2R4wy6FVHNRZx/rx3UMjFugH8tSAxU+fQsKHTDEpQ2w2kgqRE1RYphYxQjUdePMOuZuLnn5OOJ8LzZ9y8fAW1kubA8xeF/fEE1RDHE//F93/EiwF+8ZMPWKsmqMd3LPs9yliWeSSLYRojISW8UWQqp3Gm6zpyAWcMVRqv3eg28bBKEK3p1is6rSnL0qZOGeY5Ymph1AlrFTkbrOsZdCaL4jAFOtfR6bPCFCGrikZTQ2YMC0KmN8LGWkznKFW1G7ez9M4x6Ja6TrXBT8Ylcjwcn83Tab3M8638rB+6lRb9fvPmlsfDif/4r/2nOGe/ufn9cb61fv35W+fouo6gnbbWbJxzq+l0uvzi08+eff75Vx887I8f371788mb1+8++T/8tb/97SnkV9M86XkOaO/pNru2NVEGbTzKeii5UZp813aCuUCpaApojbGeamzraNbG+K0aKO0G26o97YVpz2PdqhtUQJeAqobYbYjdhrRETDyeb3sapTUxBlJYWO+e83QIhDhT0JxOTwzKk8XweHhif3pAO8XlpmOSxGc/+h2mOXH54oahH1BKczg9cjre8P77H3BaZr744gc8v3pO2lV+/OWnhBBbGlEbauexx4VEh9SEKg1mUZRGSmqBItt2t0ramCuLojRgYwtUVXUOOUHR7cVea26Qg9o0ddSCUe3PU1ufUGpFa0G5jiIGpfU39CrVrqHnXu6CroBuaEuk9XtrSQ2QIabVhlK76WFdcxPnghFNPY/Og18jecbHiSyKrBUZgyjoyGgSBkcSz1Oo9Aq6YY1Ds3KGFGemOHJcFqwuvH9zA9q2pKkkjBYuVz3v9odmbMoJZw3fe/8GauaLhydMgcuVRwpogV/96AVZax6OI++envjoxRWqVC42wrv9gafTxAdXW0IuiNGsup5SEnfHidPSTFLjHJirkHNmWWbGlJlj5jBFjmdc4LZzeKeYUqW3nhW5+V9L4XaMZBQbVSiizpKHii0RJ4qneaGncmWEOI647eYM+x/RtfDhzRqAUtS5agXPLtZcb3rI5QzCb1YsUxI1zJjtGuUtZY7k04RME7p3qM0KrIP9CaHQu46d0eynkbvDiFfC09OJW3dLrxSXL6+x729RxlDGiSIKVStMrdZTcyal1KYjQaFiouaMjHPLAQwDLHNrJ4wT1Ri4uWy/n8YiqZCWVgnUKbE8PCF9T7fq4HAghQAojHbEWum95ubiitv7e3Tf8eH1ezhr8EtlXAq/e5y4Gu457SdevPoI3a8QFHbo2YpiLpXbxwfWneO4JJYQsFq1zj8FTbuVTiHStaYdznXknOiVxjrHNAeUwJQz16smwUhxIYWC95ZQLaVUnGup+pITc1UoC0torm+j22u6ni8e+oxhFYTeGPZL5GK75l/9+Y/QtmMxhmWcMef3hHmarmJY1jXHn2hr6A/90BWg847PP/+Kv/G3/i6ncWTo+z/WB6z3jmE1kOZpa7S67Pru2Zc/+vTF6x/GV5/u08fHu3cfTnd37336j37w4e3dw6und69XYwJc1/aMzqHcGqpiu9qgnWurvnPqRvQ5RXvuLdZcmpf2bOoxykAKrdJiDKIUNQMSWj2lRBDXbtva4IZGz/l6t1iUJUnBxglTI9EMoAu5DqQaQISsDSUExtOe4TrSdY5xLEipSJz56rMfUZXmZu252rUdaFSFOZXzuDZxHA+kJbcXZc1McebLz7/g5c0LHo/veDo+8XMf/SJzinz2+jOc1SjTEbWh05GlFNAGUzPRttEVyiCScUSyGlqrGc7AkEaEUiJnaEWDPVDBa91CTlSMljZ2jzOG9vlae7791trG1HIe+daCyoksFW10MyWV+o0ijfPIOYvBlNAgICW10Ml5al2VolQopYGLBajWk4xrn6Nokts0lqwoojJorbGqotIE89O5c7xhKYFBNUvTw/FAX2d0SZRU6QxsO8/24pKLbkUqje/bWUNOAQHeu75AUbkePA+HI6fDSG8NubQd7GkJrDqDaMXdu3tCqWjnifPCxeWWb+XKPAeebQf2YyDWwqIj7x4XDsvCtKRWH6MSYiaEwBwjS4ZUKp2zXK8rIh2DszjTHhCnULBa8Wy74nGaOYwPbPuBy85RciErYVkCq87hVmvGNDHo9qBVpAXHcgnklDBGM8dMRdH1Gm8UyxJZ974huWPEaiEWixkcIgZZ2mSkfJ2LkJZpoOuopxlspgL24pKrDzz14Qk1WTZXW7q4cH+YuT+NZBH2jyeKecvmYkM39LDy1K9DVmXAlIxZrxuru/PU1YAYYHAQzu2D1PrsZdW394JpQV21G26plfndA1Iyq+c3hMOJeVlgilx4R9aOUAv99QXuYsfh3R3Ht+9w6w3b3SVOK7LSXN1c8W/8a3+G3/zRW/7pV2/4+Kbw0c91DdE+DKhxRkzh4XHPMWSUilhpaXzRbe5jRbXfM5H2sKkUSrXgZhSQAioVYimUJCwpk0Pk2UZjaZVBKRmtYDzf0Lx1fM17y0WIFExtcI3OOXLKzHMDczQ0qyaUwuA033n5nPvDlkMqdMZSc2GqMC+R4+OjI4b1xXZDzvln8dBtb0ipVN68eeAf/vr3yan8sTtwtVas1iuOT0+9iHzLWftzv/f93/vWb//ODz/ZPz58fNwfb+aQXvz63/o77z9OafPj6rkiYmPg8foDTL/BbBMrbdDdAMvYdoC+J1nI43hGN7aUr9KuwffV+YWn255JGYvVDVZQRKN0AzzwNTYwxfPh0+QHUkD6Hl07SghUAXVOF1epFKVZ3IBCmmZPa2qcSDFSvW1v/P3APC88vP4C/Abne1KZKcuJYdBoFPocconGkmqBXFq53lvGHHk8vEUXQeWWqo5L4uHTe+Jc2JeJmCPf/uA7pJI57O8hBxaBwWq6JTKZVctM1pbC1kohfo3kiNZnAIWCVNtsv4h8E87Spm/o0K8FAgicjUy1gpWMTE/NR2wtVinifALtoNQGps8JWU4Yv2474BqQKoh2FFWpYUFqafg+dOvxKtNEFLW0/43GiRbAAUpaz7HVuCBqR1YepDbUpXVo1QhA2W4wyuHqgjcWjWdMM6dpJM4Ls1QcLUilUySE5Zs09OAUI5BjwLpmgfno5hKvYD8vJKDTsHKOJQunkJhDe+h6eTng3IGUM0ra2B2B9y7bDTKEhNGRcY7sx4kxRgqK/Rwb51pgiq0jOsZCEchVKBS8azB7Tauc5NyCQqk0YYPRlhAb69vkyFKgYNDAITfk5sq2LnWslViE5TRSRbHqHVWaS1prTec026GjuExIGVLCWYv3uiXx9wspnR/Euo48nZr/dejaiC4XqlGIBoWC1QBOQVwzrKUFpqaZF+8JF8eZUGnZiGmkjBO4Qp1OLZzlDMp3rX5eKqIsJRYkJ4hCbV98+3cHB9K1B+sYkTNFLU8zer2ie/Wc8OVr8v7AsNuwPOw5Pj6yevWc/mKge3HTdr2xUHnHnDOdbu7bIpoSGuf7crvhF74lxHhiu9tgtOF4aqIR7zq+ePfA4xywRnGcE5drj6AbxEXRnirPD4G6JI77Ed9vEMlnOItu6XVUI9EZTaAFs2oqjCEhJTZZifUUpduU3WhKSdQqeGuhQqmVwbdDV2ph03VY00QP6rw/lyJsBofJhlQy7mLDoSrqNHPc783xcNr41Zac6s/eoauUpusvKWh+/Nnr9iL7Y7O/FYw2vTL1Fx/un371P/rf/e9/4eFx/8v70/gBS3w5LcvN4zirXMGtNqysYpcn0uqKi2FDn2dUCAxD13Ywq4abS2lBOU9VIFrjVxuWFJvoXKQxWJ1roaXaPLlS206wUtBKnW9NrRZyRvWfjTttV6mNNJ261MYkrjM1L2htG6g/J5K26JrIxhNre/Mr2lGVoRJa5YVK121xxrF/eEueFpTv6TfXPIURNT7hpK0IMhDi0khNCHOMWG3QKExnKaWNpB4Pj3znw5/j7vGer+5eY6tljDM2ZD64ecWPY+Bw2qOsJ1pDFwOzqFaTSpGs2xtSchvs/IitmaDMN33a+jUtVGnEyDd9W3JCSUPV2c61ETGZnGZKGHFd3wD0oinTiOi5ic3VjKoZKTM1GxT+LKZvNSJKE5xTUqut0A5e+VpsX6Gk1FCOprGflRKUtFSzFjkDN2qrM1Vw2mBsw3661PCNWgmmCjlBRui05qLzjNqD9sQ00dWZy97T9T1Ka2rOjEtEI98QxV5cbFl3BimVi95R85q3KdF3muvt0G7mSqGtYTyO3O8PbDdrJCS8t6iSW3VMG26PI4fTQkqBac6kHCm54LXmdl5agjll5lhIor5J11eppFywtRJqoc6V3lh6ryk1UrWw6zusbTjMMWaUbQ9Fa9tRgXf7E7cPD1ysVig9UMfAbtWhTHvzV2REO7x1aIRpXnBGs+01eYrgHbpzYDRlXtCEBtg/08PEOjCWOI6EmBluLhGjyeNC2Z8w1pNiqymps8A9ZDicMkUJw8aB7anWtiT7nFp3+xCQqpHNgDJntGoqyGEGl5oXWxSE0PYivgk4REkrLaSM9pZ6HDHbLeajDwhv75EK275j93yNGnz7XetXMAbmL79gff2M9ctXhIcH9g+PpCWwXg2shhVxPGAU/NmPX2K7gSlUQo7M48LtceIYEs55eq2YU2XKrY9NKjyOBeWbb1eAFBZO08yYhd16zdA56tn9nHM+TxdoD5QVcimUUtCiyHGmmopzHpFCLLkx0HMmA9oajKgzjMdgU6uo5ZJxWrP+egdPRarCOcOcDfs5sNIWvGdRxh6m6VIfjm1t90fwcf2Hdeiqs/hYKYWIMI6JYXVFA/bXlt78YzJCLrW8Ulr+h/+PX/vH/yOq/HKI8XKe57W4DkTQBczguXixJReF8Z5eVwieYh2qVkrVKNc13i8C2qGNNC6t1q0PqtoTLOd0pdSGU1DGNIh/KWjvyKmctWptn6i1bk/DMVNToJy7lyJgjMZojbiBIuqMnOSMhCxU3UI3xXmM6VExokOkaoMpiQVhEYcTiCngrOPy5iWhJB4e7iFlUjQsSfBF0JLPDGBNaFGORps6G4m+URNWUFpz93SHUZbvfvjzdJ3nB198n+N44vRwwCjFzeUz5nki1syiFb0uuByIpkdLRpRr1R2tEefb061T1FSx1G96s1pqG3FrRU4ZW3MTZYQWrBKlUdLUgC0+1fbfUhLWCCVHylzO6WcIYcEUzqP8BsKgBPSZ9pVLRZcIOVJrY1FLaV9/Kc0nbLVuD0jncTNVtxEmjfmrlKIoRS8ZFQNZGbS1UA16PDUMpPVIPNJpjbNr6BSpCKZaXnjPjW3A+xQCc50JMXOxGtDGQBU6qwgpcRwjOTV36brzGK0Zw0KMFSUKFzOqd3z0wXOMaMal3XRiaAD9wbd8QYiR0xyYY2PnhhjYLwuHKbR6URVShiAQY4baBBdNWwipwLhk5gwYTa/PuE0RNp1vPHEt9EZjpRJjQitBcuFqNXC9HtDW4rQi1MKgvmaSN/9w1m3SoErFikARUsr47mzfqkKpjUPunSFOM4Kh6ywltlvbnBJTqozHqdX1cmY6zdwdj1SphFI4zoFahZAqpyVQcsZ6y9XQc9k5vDtzkavQD5bNbs2m71l3Hms1cYrExyPd5QbVW6rImZ16dkDWCnOmamkTlZSJb24x7z/DPrsiPR3RK49eWaBQ5xPFe8rDE15bdL8GLYwpsn86MHiHH9b4YUWKkdXWQNny+u6BzixkNPtpYT8FjLXkaW77ZGmHZKptapQ1WDSlVo5LpGQQ47noHFY1EplGUCWjrUUbw3yaKCmzWvdMuWBFEFXI+iyVQM7ay7a7VbrpL2tta5IpJnIpuHPifPCGlW0mrorCakMsba1UcyaWSjUVpQ0X252XND+Lx4e26vlpuemmP8ATQM7tzewf/Be/xl/9q/8hq9XQiEUpN/rRTxgs/QeJHGutdsfj4X88zu/+ZylMv5Bj7I3r0Nazcn2r25BIS7s1amNRolv8H0AilbbvSEqRtUaMPVc3zuSiUqgpoGoD1WM02jhKji2kUwpKvgZZnCH9Rp3HmrSaCSDGtZFxSe1GZC2SEznGBmr/etchFbHuG1BDdhuSNGuJsl2DsedILhGTIksqTFqxqjSazTKTSqbrL5D7O4wR9uOJp+OBbefINWNLowO52nanhdqA6LWVcJVS7QBEkU3h89vPqQV+/uPvcb25YZpHuq7jzZsvWO3WbNcXvH64JWhNpxQuBlJtPldU8+CKEooZMGHE1Da6NMZiRciAKQmjVBvXaYsRafvWOBKjZli38IyyTR6gpJJyPbNgHUtcmEJCYsCo9sMoOaDDRO0M1q+oOX5TO9K2vfEYgVzLWWisyLGNZlGqAT7OIbV8Ft4raYhHobYXom40K10TNUVC0Q06ogUlvkEb8MyiGXNCxZleFa7XHdtuhdTA/5O9P3nWLc3SO6Hf2+7m+053z228iz6jzZQypSoVQhJVpUKgqhEDRpjVvIxRTYEZQ/4ABjTGABhhhmGAgRlgBkhKmTJUmUqlMqToPMI9wt1vf7qv23u/LYP1fudej0hRAktlSA6e5ubp4bc593x7v+tdaz3P7zkskbwsPDofMUoxx4xSmgtvOYSMtwJOmUMhl4IzMOVCOUSe3mx55/KMoUi84MXYyc/pLEuMxCWhtSTOlBTZTDM3h4llyWyWwGFZuN1NKAqpaqZYmUJitywyqVGgaqV3js5aBifcbWsNg3d0tpf9npJYQzl5IadCIXJYIiEVLk5G1v0K1X7NJReBfSxJYuEqOJMIRaGWyuA0dxuxOhlVqTnRtSmAtRCLYtpO1Fq5nfbk2y0qJ17fbphjIGfFPhfBGarK3W7iEEWktlkCMVXGTiA2MRdCyrglc7ubySWjlMIZhRXjOGvfcTaMPDwb8W0KMVrL+WbH+ZMH+PMTaszkQ0A7yXzWRoFrqUSnKwwKQgTfYVcdabOVaEHtJOnoMGMeXECI1P1EWa8o2vD+N75O3O5w45oQA361IofAdj+xTaCWme1u5m7JLDGTlOxpt0EyvI2Wdxw0vYWQhaHed80GVdo0qhQJS7GOWOV757VpsJjKnDKhFpyVdQLWkI3hECI1JYZxpOjjM1Ax7fzruw7rLDpluq6n8x1LlnGz1fLqrYcV2nXMt1tCzpRokGE33tvy2NtsSvnNpdn/WtH97/33/4f/H3eHOWcBJizhLUXyvw3drYijcoy/ddje/Q+mmP7Tqo1zzuGdF/uN1ijj0NaiMBgjLF2x5BiK8ZQasVR0LRSrxXuHRasW16UF6qCUiAMEMmBQ2mC6nroPbSQIdZ6o3QpUFchDK4CqHUBVvQlNMMahraNkqMtM3m9Q6wp2bGNVA8qK6CcvJFVJGHwp1LgI7Wd9RkmRWPbUMpOSksB5KtO048WzT5kOmYymq5kHJ+fcTbe8jAGlNZfAWSkSAwbyoiEHOko3clFLOVIG2yk+vfkUozUlCP7ODp7T84smUuubgCyzd44HecE5LdaIYwFTcqO2JYBRJOtwTr6fOWdc1eiaKVr2gMp5CAvLMpOAdWfE7uGc2IwavtFZTUkJ13VMIRNiQHcWZ6ykILUD1DovKUhHaIG1gus0AkQwtVC1RtUokyBrJcqvVrGNWEPRXiLjSqZiqFYCL2pNMO8wvieZAVULbjglKU0JMx2KEvaoHOSCZTpsyXQ5s+oMusI4dnxwecJ+P7OdIlorxs7Rd5I+5ayi84KhnJZCLhIdV5VmWA3MOfHZqxuqgvcvz7i93jEvkfOTnhPrudlOPL3asJ0XQPHZ1YafPL3i6+8+YOwc2zmyC4ntFDiERM6lFR2Ns4LfNGic1px4jbcG25Yozlm0dRgtY3Gv5GmIaKz19F5RtCaU0uAnBu0MvRakZrGWHAu9lfGyigtzUHz8aoNVmScXJ4S7Qm9FiAiVze5AiJFU4fW0cLOdyCVxmBO7ZSZk2Ico0YsGQiyEQuu6MijFoehW0CNQORQBtRij0apgs4Rp5Ky4miJ+O+FvblFVGp33Lk45GXuGFzd86fEDLjqH1ZrVowtU72REct/tyOUbK2p+TkbY78mHgD0bCaFgzA6rqiifc0AHw/r0grQc6M5OCbsdu2lH1/fc3NxiFJwNXrrDXIg5sdnv0c5LXm6teGOwSvz9KRZQBqMrY2dxxpBLYd4H9vsZdXIqAk4FaEsIAUXEKMnXLinTdz2uFnTJMmtSMvGbUyFPgfU4UpWmliRnaIXOaNadIxe5KC9BuOPeGjIGp+Uz3c6BJUsQTIxRxtYlO+vcxfr8oc4p/ZtTdGOM/1+PZu8lVP8Whctvb17/zotf/OR/HHP497uTSxkDzRPKWUy3QtUs40LTUmS8I8cE1suI2CjMInBwY0VAg3EyVm7h4DkL5lCZCrFS4yw4Qu0a7cjK2FnLCJucUEaJwAehDNUj4pAKuRVfJRmt2goUIYcDOq9wtdGDnGSBVttBmNvO11O0Qsco++UqnOLSDeRYqOFAiCJQymliu7lhioKGK9NE3mxRUWNsppTCjGZtBRJRckYZhTOWTCS+xY5Gya7ZKo3uOp4fXhJvZ77ywVe4uLxku99IcauSI1tKJLkB1UmqyGw8VmWUFZWyAnAdtlbJKW2c1s5oUBZNlpt5zjig5kDKkpvbm8rQjyhrJJi7QOd7nNGUcMBSudtPzZgvu0hnoeSAy3LBSlqhtex3Vamti4F4rzwvuK675zwXkHVAihjTtz+AfK6dEw9xLMh6IgcMHb13uJJIOaLznnrYUKxlsAKTMa5j5cCqBa0NnfeMg2HlO2JInK9XPDnXXO8OjN5jlTBrDQqLIqbEz+8mLsYe5SzvPjpHK/laXt1tSamwPyzELIXF18qL13e83O253i9NSQ/KKJ5cnICCJSR2S+BmH7g7RBGZiYwerzS967FOY5xhdA6nK1ZpvDN0WmOcE/JZe3ZKu7yHrKAWhq5DG4GLOGuwWtFbwziOqKqZ5pmTk4GKIs4LukrRP+0NFYNWmtvDxOEwk0piiplDSoQlshTFIWZ2IUp6EoWQA4e5MEXp8gdnCDkzJfnKemeoSrENCdO0Fd7IBSDlgisaqiKViEYLiF8lOq2pi+woqZXb5QajFWtv+OmzK56cn/L++ZpHU+Ty4SnDqkPZTgpubZq9neyi6xIx6zW1HET5XMVWWF+/Rj14QDGV+PoFdnXK9tlLWX3lADEQEbLZ7u6Ol69f0ncr+nGF2k2EXLk93HE2jlitKFVwqaVWrG/51CGxPwSclwtdrsI3zyUzTwec92hrscY0dnMm10pOgZwqqRVS03XMIXJYEr33IiBFnAC5ZHrXYY0mhESuFaePGiH5/pYqItKsDYd5YTcJcjLFiHIOYw02BZQypxdf+q6JyxT/jSm61vv/n6FD5bC8++nHH/6PtNb/vhtOhDTkBorWKKzAGJTBodDOiitFqybWEVsFeSFpjel6lPMNUWjbeEy6O7GTiw1Boylxlri+IoVLGSM3ZtuhnUNVoRzdLzdKE1IeBVdKYazYSqpg/KXAa9cKsxRkXbKofo2jukE6TmshLvI1aE2uMhrVresvMZAPCT1YhvGEzo8w77mbD2A7NttrlBaP6FwLgcqipMOVUoP8abVuAiaFEUI02liKyqgi46mytmzDjhgDRlmWJIHepUECUDJyHeJMMqoVU4W2uuEUHbpEHFkwkLXitSWDuAdLxuuMTYGQFrTTjP1IP6zwfc8SFlIMGKWxJZKy5sRatsuMcx1OZWKSC1BnNTln4uGKblwLCKIWjHUopUWshMJF2XthBc1HlkPVlELJEaVkAlCrqPs7Y/BUUs6UCt5q7HiKsgPkhZITnkKOCw653CU34hX0JuO0YlidM7gG8DCOsR8YnYjuNHC5Hig5c7tNqFXP4GXMtw2ZOUTceiAuC6FKUL1XltPeM/SeOWZSBl8ruynwYj/x0ctbsfs4xxQyj05Gemd5sdlxCJH9nLneBRnBas3KW9ZDz8U4MHiPVZXOe3on/klVisAflIzdl9R24KVgjZEOWSmMEiXs2nma0xlrHUpbipJJiNWV7eYOHSO9s2grRXblZa/946c79lFGzVMI7Fvc3H6JRBTLEtnNC0obuaRoRF3ddqv7kKR7L7KLnEMCLDFGcq1twiFWGmMUpQpByVmNrooSk/jEjZwhuTQ9QXvPB2foXeKXm4kfvrjh4dDx3vmKDy7PePLolMvTU/Q4NHJZBQrp5o4lJrqTlUR+Ks3+ZqHrO2ycqctMur3CLgu9KuzmO9IcOOwm1mcXVO8YVmu63Z79HEhLYrffU5Ri6EZ0VYQo/u4icWcylZH9ESlWwiEyDpZhPUh6VsqoVCgqUWvBVEUpmRhFNc2R0uYcqXMkNMscOR1HTtdrQszs5okEjEfUaIPjVATEUcg4KzbAORZygaGp5K2Gzsh/Oywz5w8u6TtHnA8PwrQdwnyY/yJqTLd+8P8vuvdWIGu5un753wX9n+huheoH8Whqg/aicK2lUrRq8AOFNq6NNwPKWixycyu2R5UFnQsg8nZjrewkakUZJYCHUltgu5HQghQlltU4dEa6X6XR9igLKtINV9W6XTloKkh0n2lZsrVgtKN2HaQAJaNsRy1yCFgjhUEp0E7ISSrP6P0d1a0otVJyxFbZ48yHyNBrMJahHykFNsuMUorT9Slz2GCUYzCWWDKLUlhjmGOi6gxoKWTaSMiCMmiEl6uNppYMpdK7nilP/OwXH9LRcfnoEddXr0kxY5xYgYp22LBgKW1cLL+GSLQFPmGMkQkFlaKOxa5hFrVlMIlltnTdwHq9xnYjCUip0vuRXCKb3RZrNIdcmJeJ3ogQw2gZiZaqyEoEOWa6RY9nJCW0Kq0zqiqqMrJX0kqU4E1MVtuBXWlhFUpRjcEpizeKmpOgBLWQuJRfUZXBq0jVWuhYrsetTnEE8rRB1SBRen7AadW8k1Y6KW3AwMubO06GkYcnA0tYmJbA8xi4XPd463m92XN5OnK+Hom5StB4VSwl01nNFARk4bRE4r3Y7KAE7rZb7ozn3YsVJSlCiBzCQkqwpMqz3cwntxNaKx6uRi5O1jxejwy9kx2uKhgjaTW2mflLSsQo32eNIuXMoMVvbRqaE8AZI3GOytB1clbdbbZ00x5rNfvDgRImEc4pA1az5MyLXaamws1BLhdRabZLEstWTuynIt28ks5b4CKK7VKZ5kSomd2S2c2FnGV9smTJxaYFa9Bebwld1+3ZETJSZzVOyYjWWYuhMnrovW0rIyHOzamytH3xdgnc7Geeb/d8+OqOdz7r+dKjMz548oAnp2cY71BjT9SJtNtQSmE6TExzxDnH+OCcM2up04RzjjjtUcsCMbPuOlzvmLYbSuc4OTujGwZ2c2S/25JSpOs6yhJb0Mhx/SEX9NKe51Iz2ohmxVpLzTL2123cHHOkLlkEWaWSYyQHuWjowRMqlAimZjojyUgxZ7rOcpgn9otoQ8ZObHTGiI9Zaqah8w5rNNOSSYiHflkiizJY5/E2kzdbrq5uuXhySQzhMSWsrNY3v6kV6K8V3cfvfOkLX3CVVrx8+sm/u7+7+U9d1yk7jlThEjV7giWHGTGCImrCKopHYRprVI6SCVsFC0iJlBzBWVEMN2qUWmZUntshXOTX0gihSFlKlCJpsA2CL3u9Y8fa/D/UpND6qHjVUGxzpRT5epyTbErksqDjBMbLKKkqcvPTVSXIu5qzdPZxT9EOlSImB4q27GPCh4LuFYe4sISZs3EtWLiiWMKOSsUbR2edFO0KRVVKkVt9KRVbtaib2zK61IxuCsPSVM2d9SxhIkZJ25mmCaUqzlo63+M7hw2vBeKhujYtEPaqUhrjPDiPqkpyY6nkln2rlSgeV7lyZxTer1itz/C+Y14WTLcC69ndXreAbglHcEqzLAtaQ9fL5WZaZId1Pq7pjSbHPXMUxNz6/FKi/EoGqozGikCPi1KClawF7XsZ+6PonW0COBG/Fc29vQcqNc1ge5zV5GkhV7GE9Rq0rlilGLxnsJXBZDrn6ZxltIqwzMRYWfUdvTO83uzZh0Wyd3Nm3TtSDRituDxZsQ2Jdec5Hx27JdEZjUZxt524mw5UNBenJ2wOgZvXn/KLz17BcMraOcmZzYU5CgDhbs784vrA3WHhycmKtVeNy5whG6rKVNMuIbWhOY2mWCe0Na1wWhFTRGnL4ETXoJUkLq06wzILcP9qngkpYclskDCGlEVFr7VmTllGm95zs184LBmNpE0tSYmiWsztGKWIOXGzJK53gbu5CQuXTMjSRZVmS7XW4LyjHx1d5/De4TpRQMtrptHOoI+dWZEinZNE5N3OC3E3s9zuWHvDw1WHtwpnTDMBIqhQY8gqczNFtmHh5f7Aj17e8P6nr/ne+4/42uUpznV0Q8fp40cc9gfKHFmPAycXZ9RlRk0z5ExSsEx7wbnmTCoJZx27paBS4NMXLwlBrHV935OcY79P7OeF3mtRtYu2GIkcreQskwhRGitSCOSYMEphW4awMZqcJRRBGAGGUhO+89IAlEoORUSmDQgUY8Abwzj2aNeAHApCytgC3llW3pGVRHMqNL33DFoTk1iIlNJMMaJ1obOWV7c3qJVjnnbrmtNJ1w/8prRUv1Z0T88vv/BFV2vDpx//7D/Bd1+xXSdjONPJLLDtCVSKFIpg5IoIpEot5DzjcsGESKQwGE2vm2IvRnCD0FkqAlGoGbXsiOuHoCsmJ7IxYhsxDlOSjKGtRdVMJRNiQRuHpaKU7EBKlsLmrGniWAH61yxdLdqAdWhl27U7oVwnop1YxMBey/2DVp2HYUV99Sm2JIpbE0vFa5gTzEtl5RPLNDPvJ8Z1x+nqIbexoicvo60qXZ3WtcXjtRQdZM8nY1fuPci6tv21F8FELXKRcIOmdtIlvP/Be+RXMp7tXAedQ/UeGwLFiT/WKMmqFSWkFjWw1lglv0ZImWosa1M5d4X9UrD9yMnFI0bv6WokW8eS4HCYMcDZuGKJEacLORZShZXVaGVZCmijcBrWnYyol2nibt4ybw8M6zO0H4hFqoOuNHtQbclI7fJRJVkLY7BGxEK5KLSRzzIpizLgayRjiVGC47Vxoi6/e0HRlZPOo20PnUc7i7EZYzTeaXqreH59hzKaLz96QEiZl3dbUi18+92HWGCOUWLmdOVmf+BuP/Pk4pTBO2JKpAQpFVIMrHvH3SRjaK8Sz17dMC0L590MZHLVLFXoUylXnm4XPnq959RrtMrMIXG7myhDIOfIuvMUq6jWyEVQCU3sCNC3VrIPe99jtcIURUwBazVVwW5KbA8zm2nmEAO9s/TOkqjUXLBOLDc5Vg6hEOcFrxfmabnnGS+5kDPoKiSsq33g5hC5OQR2cyIWseZ01tIPHeerjmHsGMeecd0zrnrG0bPqLatVz9npivOzFave4rsef7LG9YMEN2hDCJkQEoewsN1NvLra8vLlDT/72Wf8X/5vf8R0eM3DwfLumUwlTvoOS2XdiVBvN4ujpPe14TYXnu4mvnyx4nHn+PqjM7781S9BzpxdPkStVjJq3m8oMWA6h6+VbD37eUEZzxIyMU4EoKuW692O3vYoFCknYtHc7ieWGPF2kN19lstjLvIcVwVOa1IqTPNMToFOiW100Yqx7X1FsV/oreIuFu6mma+cDihjebHdE2Lg4Xqkc5qu7+QyMC1UKg/XAyVXlmXBWE+/8kCm7zpiEYtWP3qslYAHZw1j58Qjvl/QKDpneeA9KiTUPPekdFZM+jen6N5cv/jiz5aVOl1i+Gt2WGlVxGqjuzXaSnZrDkGW/rmCFV+mLkCLH8N6qjF0RuEQy4rWCm2NBM0bJeKZkiTxxw5UZLxrnMZQiNMBPZoWGSe355rE72kaON9aS8xJ9n1Z7gQ1ReIy48eVjFtyplpPqtJlJlUwVmNMh/GdeEUBpSy6BPSUiX6kOkW9fg7zFpSsWNADXTlgw566HyjDCus6rPdst7fYbsR5gWgc0Yi5VGGlKtPGSpJ7J5GEMhI3ylCNZLca71EGSqrNK6dw1kGBJc08PL1kPZ0Sc0QrmFPGImO/bCQDtjYbVlUVlGnKaFEqmqowuqCt4rGN1BTZ64FudYIqinm7JecDd8WxjYocF97tFLlaUoW67NDGsu46SokcQqDWyugtl8PAeyuPd4XX2UBNpJqopWCVYO9yEUi7kL5E0a10M6W2rbc6+oLRdM4RS5ZJRq0UZcnWUucb4vaK7Cyr00vcsCIfrrHKYYxnNfSYKoUmafmn04VpjhxC4tHZKV4pXmz3HELk8emINQrfuoHDElmqdCpfeXxJ5y1LzuSUudpN4m/2lpXpGDoZm282N9xOgROvOPFiY0lFOsZcKnMqbJfEPmVCzngnh57RUKsIaTKFLmp6p+mtvqdv1ZywGEzzL+tacCjmlDgsAZMsBZk+hFiYSqbzhpgyUxa1eC5Aiigjdq2cM4lyb12cUyElzXbO3E2BzT5wvQ1so+gNhn7k0Tsdq3XP+nTN2fnI6emK9brn9HTgwemahw/PeHAxsho6hr5jPTqG1YBZjShTUM6jVg9ADyhiu1QMVFzzLi/kfGC/2/PqxR39ycj/9H/+f2YzJ35xu+DNLe+dD3z98TkPYmLtG9FMKZYooJRDjnz04ppnN1veP1/zy5s9713v+MblGav1mnNtyEqB9lQqtgjIw9aC03A9R7Sq5Jow2lMwPBpWXE2S/zyFxO0hspsTghfIVGPaFMHIFK5WnDGUHNkfJlLOmMbHrjozV0VRM85aslYMThNiIswL5ycDeM/z7YHPbm65XA/4wZNLJcSKUQXnFL3W5FSIyF691MQSk8wkdaEA3jmMlXF3KnIJP4TAFFr2dhItxfn5A5Ix5JT7tEznlWNn/a95p/uvUnT/9t/5u1/oeuu850++/w//8o//dPMd4zpUyNSYiDnhjASD11KoBbQzIqZqHkrrhQmqiwSVW2PQSWwoRYvCGS1AjCN8KwHOOvTRRKWMABaMeDHvvadKt27VY7KMf1XDS3hjqbahBHOgsxKMoMgUVVhSRqVALQXtHa7vJbYPWmGSfZiaD9SwENyI6QaxnehGOY2yN63NFlNCoMQRt9LY/oJ4u3B79xxvT4Qy05ZXtVYy7fJAwRuDtppYEjnr+yhDqz3a2PtxufGKopKMxoUVwXbaCaWnRZpVVUX1axwsgdrEWDJelgi8WjWWllFbsyQomY6HtuJL5NP9LMziaabkmYOy+KoJ1mK8wRg4kEnhQM0ikBm6Tg63wxajobeWs67jycnIiRff7ORkv1VqIYcZ5XssLQe4SMRiraCLdE61VnSJYHQTCWXyW06BWhW6RFF0qgE/nrKymlC1rAl0xA4XouxWmnk+4JxiO01MNXLy5AEhVJ7f3LHuR1adYx8jZ6uOJ2crVn3P1W7PYK3Yq4Lm3ZMTTgYv0wM0MWde7yc+ud7y/tlI33m2S8SoyjTN3O72dLribWQ19iQkkjGXQkSxC4KkvBw6Xu1nPtvMpMbdvSiNL14qg9XMUdN7y6qCyzJFoGoycnmrObHXipgKkSqscWXuM31LrRQt04ScZdwZS4Vc8VpWQSnJZeBlKNwcCrsIh5g4zLI7jbXQDx1f+dI5j55ccHFxgh87ut7z+MEpX37vAY8eXXC+7rlYe05P15jOyTTMWTAOYpTLlNLQDdB5yEH2ydoIE1yDwiGBkR5je3x3zsXlt/jP/3PL3/t7f8KPf/oZuVamVPn51YGzdx4xPDjnsN+jDwe8htFqGd1ag7bCm/7sduaVWXi2m3m1mXm03vD1xxOPz084f/gIuz6lLjOlBKJWpFpZ947bOTLHyIP1INxwVzFR4bXBGsucF7LS6FLJFIwyGNNWYCWJ8DIr9tPU4Dy6UafkuZ9DYo6JR+ues/WKqjXbecYrxel6jTaeB6PBPW4nozJ0TknIS854oxnGkZgTJRes7SmpMi+J9eCaF9tSyGz2k+yTS+X6MLEJmc57rHHs54UpZLqUqc6x3R/6eXtz3sX+NwbI+HOzDP3bNFq+vXr918Lm9kurJ++jrSHutuhasS0ovTQLT+dkB4o26G4A6+Q2R2l2m0xpcWa2aqq2RG1xVGrNRGWZl8BKZ6wWg7Zqqj/tOgmiPkJnjGmjbSVCHFITL2shUTXJvrWimq7GoLKwdpNzeCXFvXYrrPPoOJGLkUi0hkasaOZqiMrjh7Xcdl8c5OAyhhpmVClo1xOXSNwfyCcrxr7j4YN3eXX9S/a71ygzUJ1YYyoFYxxOOwpiKahKY4uoN7XVEmGmNNpqUi5NMKYopUF35I9NyJnr/a3syE2zBmlFdRaNWC6UEgOOqi3MGy3hBNq0oHqHrZVVXbieM8UOYtnShmhHplwYjBWcZjE4ILmRWDVq2WK7gWws87RDoXmyGhicoyhFOBzY1o7zdc+gM6OtuJKJ+w1LN1CMRSHpReRCsZ3wZ3O8/wwymqEWepVZcmKZd3LB6k7ItWC9gumabAzGj9hlS7j+TJKh3CDirDyxjQdK5znvneQFl0IIgl30XeHVZsd68LxzvpaQAKfYz5bNYSGmyHrdcz56RmfZx8Dr/ULOMiY2WmOs0OQoGW/gxe01SlcuT1dMoefk5BKMJs4LoUAoil3K1Jp5cjJwNQVCLny6XTikzC5GHq469qFjcIrRGbqYZZJhwBnVPJYinCrNdqhqE99psd7FVMhN7HTmoTPQ1cK0BKySqc7NXEhoDsYRjOUqzlztZg5zIMbMkhK3u5mT8zV/6Xe/zje//g6n64Gz0xWPHpzz7pMz3n/ygIcXZ9BbKFlAFBUImWrbPTYucj90RrQcHC/olqotqL5ZKVU7ap1ormsClYGZr339d/iP/+5f58c//d9+7pzy3vPbv/01tLP8/OefcfXJM3bzwlASJ2NH5yR/OZVIrgo1V3766oaX2z1X08yX7jZ8dXfg/feeYLqB7RLxGGoRF4YEgzhygZnAbimcdp6CYuw8te6YYoKasEjToJWSycqRUJYDvXPMIbLbL+QKk9H07ngJrywhEQ4z3diLuMwarHPEXFj3nscnK6YYqCqjC/TDSMli18pRtC2jc1QsSeV7338qhSUuvLrbS+qnEd95TBGtNV4rXm333BxmnHXs9weGrkNpNU67zaMY5r+QTvf8X6Xo/vN/+k++uBW3VrphHK6vr/4dd3LWK2thEmB9pflgS5VA62ygKlEIKilyuYjtpwFFBayhRKErwcrCzK25UMnUmsgxgJOoNl0UtWSqKqgCVBnDllLuGcpKq6ZulRtyiYJWpEhcXVatY6I2D2mi6zy6erBButRS5VZdoJJFcW0kdN36HjuM5LiQD1uJ+qtFYO7KgLVY4KAM+0PkJIli0NeO84t3eG1fYLHkKGb2TCHTDs1qwYrq2aAl2EGbVmDzvddY/oySI3sctaYiMEZtRM2pKOK9U6XRZLJwkJWRPbkxDXUpO1NhF1estZybzGZ/4G5WqN6ijKVimGslarGgZCXh8iYGxjiz050IyqyVoq4t1XRU3TF2nu0y8/xuz6NSKGRUSQy6MlrDMu1QhzV2WFHJKC1JRRVFUR5dI9TYQi2M7HIRIVvYXlOXPasnXyPhiNsbatjhV2cyOYkHtBXEaK8TOUWWCp0/IZLAdqy94m6aedFG4Zv9xMFouRy0BKHXm8iDk4GHJwMfv7oT61GqbOLCUgqpFOYkE58Tb/HWMC2BXCK3h5kQA+OwwrgVvbL03chmWoilhU4oEf5YrbgYPCed425aqMDVlNjHxN2ceDAmzgfH2nu6mNmHhPdSQJyGlVEYZwArEyfVuNpaCp2pIpDqtGGusEmZuWQyjuIs0Tg4GVCdRXeeVec5t4ZvUXnxcsNHT6949uKOF682PPnqCd/75gf81pcf8v57j3nnnQc8PF8zrnroOsgSaEFugitVUd6Ck9QgakLlSu3lx8vXKRMvpd5w5qUYO8BL+pQC1f5Aw7jmv/a3/ir/k//Z/555EZCpCApn3nt4wt/8699jm/89fv8f/4x/9sc/4Pqzp0whcpITXhW803ROM8fEUmATJu5C5mo/8/R2z2/d7XhycUZQGqUt637EEjlRmmgcd3MgVoipsPIDh6yICKUrpYRx4LTCtR23KpneDhzmQCiFle+Y7nbMuXCxGni53XJpR0brKTox9g5lxY/s+56CIlRZLc1LJkexlq16j0YzxULvFGRZjCllsVbSt+72OwkzcbKCCDHg24X95jChleZ87Kk1c7Pbsz1Ehs5jrWMXA8RIDEuflX64Pn+icor134hO9/zi4otrEzKWu9urr+9uXn1L+UEKTY4oY0hKE7ESpyaaf0qWFx5nWlHmnpdbUhIsWxVkXlGC81MVdF4ATc4JWxPaSGKJNsJULakVoOa51W3vWkrFaoFiFCpEycjV1tyrXqmZGmYpENpgvXj2qiw178ktEuSu7i8IFRGt1Jwkbm7ekTbXaG+xaGpWFO3oapSC5zp2c+JsiYwEdofA+uyMnY5sNtecdgOqKpZa0U5ybW1VQuxympplj6RQbd+caZntEsZnLYVEiQmMjKZrLe2bLJtPGQHIrtZbTZQ/mIyjkVGU0gpVhexk0AwGfJl5vWRirvgqkPwFUYZL2pDw4nqVIU6E6ZrO9jy+vGCvPLdTEli9VqQmpOqtZjKGm2khl8qDE887ZyeE6vhsu2eZtjJqruBOzoQEdNRWGqGatVuH3NZTxhTwfiCTZJqhIIQ9y7wnGcvKeowd8ecPUXnPdPuUzlm0slTbo+vE9jBxYjtQsF0il2PPxdBzfjLw+GyNd4a7w0zOLaWl93z50QX7JTTcaGVzmKlorFL0rmNYW0qphJiotfJsM9ObjpVz2GGFNpppjm2XC2gZ914OHWXp2UyRh+uezbTc87fnBM+2gZspcuItZ73jfHCM3jB0EvHXadBe43MGohCcqqiNM000pzRozSZXnu00UVmKHfDjgBs6fGdZrwdWgxebjlZ4bxnGjq4f2MdKSPD81R0PTjref/cBv/29r/HukwcYrckpsCyGruupnZEuNojDoBqoWkI9VFVgO6qV1ZPSRrz7lNYGq/vP/0i/k+NWfLy1vQwKz7e+9T2+8sEjfvyzZ/c/bbebCDHz8OKUv/I73+bbv/c3+ad//Cf8o3/4B/zoT3/C7cvXuPnAuBRKUfTekAvkWpl3wk1+uZl4frfnyeqKb7xzgXUDd33H++dn7A53pBy4nhYOS+Kd8xNAKGshFiHZ1ULvDN4YfAuU75yhYAmHwO20YJzjvZOe2yqd6+l4Qd/1bPYTT28PrMYVw9CzXzLeynucs/jLTWscOmupuTKViLOeuQq7vR96VkYU4fswc7efBW4z9HgNVosTZIoJb5tIU2vuDjM3+xnXIgKXKGfBtAQ2m1uljD0/efieDcsh/htRdL/6W9/5whZd3w38iz/5L7502N5+SbsV+Auq7zBEqrYCmddKorZKo+KoFlKgjeykagNV5IAyI0YZCpqoCrZB1aW4ZUKG0TkRSal24GtNjYGqzT2xqrZbsa4S3my83NZqSWglO9dSk4ipdBtRlyIvuXbSEbT4OnnhtYx6S72/oRfxSjXE49H+oLBtJ1WrdKixenyeuVAHioL9ds/44IRtODCWFV99+GU+KglfNV119BWqkxfJFBFSpSiQC9D3BcW1omONo7OGQ1ygJlbjSCiZmJZ743utUlRrqShVMNbgjJfLghIl9n36ktb3UwejKoSJq90dS6xUO4CSgHuhYjpRxKrKo7zFhh1X+1tmNPPdlrWO+K5ndBdsjUXXSkLzfDtzahNYx9Vuj0IxOk3vLBcnK+5C5Hq3l8+uX9/TyFTNEkvovCStFCHpaOTzk4mzpRoRkVhdMN2IqwpjOlKuwvzOM2V/xTLvUfqc1TCIXzUpdF642S0YFA9Gz5cuT9FKWMZLzuSpMnrPxVrGxSGm44qfmKPstSrcHWaUNvTegVIsceL1Zsez6y3zEvjqo4GQNL4zMkZseMfOWvYhkYvmbHB4c8Lh6Q3vna747HbPHFMrJPI9mVNhTpGrQ8RbhTeGy9OO875jsJpbb+htbbQvRTVKYgW1pRjxsJ9erCgoXl9P+K5j3XtOTjpWQ0ffaU7HkXEUdbikOgm9qPe2pRBB5w2rsePxwxNO1iOUSqqpRVVJjVRWmOfUSo3tf2sCPrHqCQccJcpqjh1s62/fFN32xlXVmOiuJVEFoPL+B7/F7/7lb0nRbWP1682el6/vuLra8v4y8eTdr/HfePKE7/321/iD3/8+/+j3/5iPPv6Ezc2Wu92eB7EwdF7eZaVYSguUiIHnu5nnW1E7G2MwKVNy4tXdHUMn0JwlFbbLQUIItGZZZlSJnPSnDE6QlDFnUsmgNBeDoUZNbxSj63FFSRJQ5zGdZ0miVFfaoI3BuzffCauE5naYEzEpVitH1YjVpyRutjOdtwxKEVImTRM3h5lYCy5VXt9uWQ29oB8bEnPd+RYwksVjbCSd7Gp3kAAZY7AxMc8Lh/3uouTkrbHxN0FP/HU4hq5f2KLrbCXO+28suV7Yzkj35QdUlvzV0lx8ikyJshsQ01yhVCENaSOhBseAcpohG+mPxR5SoKaFrFf4YYWxlqTVPbxbWQdIkZTC0pI1jKEkkbLXIipdrYUYJb94IhWN0wbT/HJvXu16PNdE7JCAHDFGEXRHrU20tV5RK6SY8J3gIWsSP2lRru2TFY6ZlQnM00xcEt2qI5bA+eqU9x69z2Zzg8laOlUltoBSCiUncsoM/UjvB6blgDWak7Nz5sPEsjsQc8FaxdmDx5ysT3j2+gX7MB3bYPEqtlG7mPEtxsrncuwqapIEkowBXcU/aQy77UQKmVCUJO4oTVJW6EJEdAz0yy0nakvJGZP22O4E23d8dr2lUzdcPrFYe0pEMVeYQyDEStWWpVp2Cep24ayLWGvpVcFbWHLClkxNCeM8uiRSKWQUplSydpK4pdvhXCpZNdRhWki2w1vPcOKJtqcqQ00L+80rdNihSoa4pdoEek2hMFgBr+RcOe3WjJ0VBGLJ7GYYjGLtregBtBY0XoHRG7F5IGCTzWFmzpWHpz0n3YqcAp89f8knr2/58uUKYmWbRy76TC6KlAreW9mFk+Qz7jSPT0748PktF73mbOiYY2oX1Sod3rHzM4olIRjEGYJRrKxlMJ7V0GG1ZrefMNrS2Y5V7+k7h+80w+kKbzS7GTpvuTjtOV33rFYdw+Dpu56xtxhz9IcLASskWhqaovOeWkV5PYeI947eO7QBY0UQWZvoTxmDKo09mlPDkLYpUls9oWwTSpUmUqhv/f1202vaQ57bXjdzcfmIv/yXv8P/5n/39+7Pqv0UeHW14W57IOx29Gev0fqSL33lt3j85DHf/Pa3+f3/5/f55//8hzx7+oLr6y32sNCTWXkrvPKcSTmzGMVm3nMTIo+Gjmd3HzI6w9p7TvqeLz045W5KXG22zLlwPg6EsOB05cR7OqfRDRKTS6GzsqbKKWCtxQ09neuIYWYOCylGUiw8ORnRSoRvpmVIoxR9y6leQuJuznSdazY6hVWV094x9B1WKXZzYI4LtY2OrZEzsfeeUirn6x6jBEPbOcftFFj1HS5Vrg+RwUvowmGJpCjTE1J6oLXuje329TdgG/q1onu7uf3CFt0uzG6z3XyzaNsp38Myo1RF+Q60CH8akkL2lbVSi/B7lTVySzSmjXLbjbfUdtuV4luo5JSoKeNHjes6Sj4mz8iP1364N5m3WapwlLWRF7HWFoquySW3rlbUkKoUCbQmSthBFRB/UWK7Mc2rKg9TIadKzpqahQ1rFKS4oFNEdSNxOUgXqDVdmelVYVaePT2T0ug0Efc7Tt57QiqZu7s7VJYsTLmVC6GHlh5itcOfrMEYcioM3YpaE2FZWGb523UO6xyHeebVq1csOWI6Kzu0qhr95piRq9CmYlTGVEVsnb0+HuBVYvGcAVcj23lhKdK1W6OIjWY0zq/ZX33Ky+s7bg97QikoRJCx8jdcrgacdwzGsd1sMWcdSTnZ0fYjWilSDChl2IRMMpBypnMJayUIQytIy4Hke1y/EkKUVtQwo5cNjJdo02hjRRKYtHXkIIUyIbt3bYRJq0rEEgSX50ecBpUn8nxLSnt6Y7Cd57Q7w2oYR4+l6QTaRc5aw3YJ9MWy6hzaakyUSY4xRiLwSmLwjlOruRg9miqCyrRwZipdXcjJcH654mLo2c4LSldiUrTYBTqtsMBvPTrjF0+2/Pz5De+e9rzaHWQ3T/tsG4TGGVkTGKMZnMU7S9c5xl461s47yavVmtOxYzUIlrLvDOuho+8sJ5sFa4yMk1ee9TDQDY6+k7818pwqDcPgGUNhteruk5vmJbA/zOQkONZasuTpamlb1RF7pnUTIopK+Tg9FgyirD9oyuT7HUoDosr/ru7rbluugGpcADJKn/Ct73yD9ejZHSQ0JqfMi6s77jZ7whzpSwAjft2uH/m9f/ev8ZWvfJU/+sd/xPf/4A/58Kcf8+L5FTd3dywhM2Sx8ikKnYloa3i6WbjaR0qKdBoerzyxZC4OzcOcEzkkrqNc1i+7gVVvcAY6q+mtIdZCzBVVDeNqxcm4bi6CSsmJOC283B1wxvDoZMBaI5fsUrmdFrrOMzihVfXOMIVG9dMKcGit6Y2cvUtKnPSOL12u2E0SH/nowRlhSUxLoB97zleDHKGCSCdqg7GGm82edWc5Oz3nbgnELE4LlTIlhrMSDydUe/WvW0xl/lWK7jwdvrjKZaUuD/PytSqnkXRn4SDkKS0vmTWanFKz9igR4bS3zFmJ70otr7NWUeEaY+ShQ5jJiircUu+hSCSWFE3VMnazGPirYB9pXUDDZbWq2ZCUVaDf5CIyffnRmJrRNBhFlkQd3b7OmsX3WBuko8Y2YkFjcsJYS5i3lM0Bq+WxsHnBGY0xFpsLEUvSFpMVu83MyZMCtfDq+pXc+p1YNlSFznV4Jwkl1nqs9xzmA/O8yK+vkDG9Ugxjj7WeJS8cDjtyLRjvWpEo90Kr2joDo4ViNKcqhRgR1xRVqGlBu+6ePqXiQkKxrYZz1+M6T2ch3v6SX370Uz56dcM2S+7mm+uV4kVd+PnrHZ3TPF4PfP0y83i9hn4U0ap1VCOAj6oLMWvmZSaojE+G6gyagi2FUhVpmchhj/ED2nq0jaR9wFAaplJU8kriKGQUrS1KW+Ywk+qM70essaRkUG6FtxVvPCpZnI6snGVlNbiBMp4z2oJRE4dcMMU2/UBCeUVRit2SJOXJyN5/jpkYK3fzjFLwzgNJpzkfemKRmMPBayaboVrOzx/w3oNTlix5tQqBxTQ8NqYh/B6vPP/tv/o1/hd/fyICP23jZ4W6j+oDRW1rGNVU7daKUGfoOtZjz2rsiTGRc2bsLWPvpNsdLEPvGXtJTSoZvHd0XU/fW3zn6LzHOSt84/YgeW85v1jxzuNzPnl6A0qxP0jRjVEQrUrLuqcRXVqgiETq1VohNqWyUY0sJ6KpqmzrdNWv7HA1jTN2H3AhpdqgasNU1ghK8cEHX+W9dy74yc+Fk5BL5fX1htvNjvkQOC1JGKFVg0qA5uLRe/zt//iSr33ra/zRH3yff/pHP+DjXz7n9vUtt9sDPiV8bSCQVKAUZuObHqJyKIk9G7rXd1z0PU5XjDZsEnjn+eCiY+wctk3PQIv+Q4niXOlRCHo5AZVxPfJyd8B3jq8+PCflyoxhdIYao1yWETZ7VgZtPENXyFUqZq2F3ZLYLzND1/Plh2d88PCCm82OwxLw3jMtUYLrO8Nq1dM5S06JmyVQlaaziuevtmy2e05OThk7zz4WTnswY0eIC2Ga1stud6bMv/74WX/xr1B0tXFfUKuQ5jDNj+9ubr+qtcSHYSy65nt+6vEKK3m0kmSiasYU3caetSVkJEnU0a4Vgip7WVXaYS5dhOsGVNhLYTVWbslGUedEaXYh1QROx7B31QRR2lRKAmUVOioKpSW2tBQRBa5WYoksGJTtGuGoHMN4ReylpZjJ+FpTjAQqGD9IIIGRSLJcihTZ1rHKaE2zrY55SjxcFmznOJQgfFVv5dJAYehX9LZju9kQmtc1pUKqUfYt/SgHlRf1aZoTYBhWIzkXUi3ElCjURvE6ns2qhcRLoVAUUYtWQdkZ46ha4amYGCUSzHhKWMAYBhLXzz/ihx9+yNPNgtYWb6XXEFZzaSrSlpBSCp/e7tlMC99B8+5X1mg/ksLMhGawDo8ixEJMkX1MhJqwVFFcVrEtLGmhHDYo50j0b8D8zpKOuENvye1ipBC9gMkzXZkoOUMI6E6LtUxDnV6jfaEfTjC60llF78Cpiqs7XBKYyBIsVS2svCaVyuv9zMPTAWcsc0y4At46Uq7sQ+S091irCaVinWK7JHJbpZz0jt0efL/i/OSsof+a0rxk8dMi6UG2iv92wfKdLz/hu+98hnoJX75Y88MXN+3iWoQLXUU4aFoJ4qgvsBbfGYah4+J0YA6Bm9sDSmmsszgv+EXnLdYbvLfMk+AMnXf4zuO9w3rbplIVo6Hrey4vzxlWa0L2fPSLa4y2bPcH9jtRZkPBGIvzHtV5Kbwaqm0CqVZLq2viKqXvp1HUJqE92gzui65r4/SWg43sgjleQO4TMQLvvPMO77//Tiu6crW+utlzt9lzOMwi5nKZim/X7iY2Mx3f+Oa3eee9S77xra/yT77/z/jhD3/GZ09fsbm5Y3e34bBE+Xy8KPathkhlrobPNgs1R0Y3yVerNLMe+MtfXvFglBHu0HsRBGpNyYWQZDLnm2+4KFHILzGjtOb9B+e4bqCEhFNKLErW8uhsxarrOMTKUjLj0GE0xJybECyxmSZyqVyeSADKx6/ueH23Y9VbHqxX3BwOXKxX0kHHwPUURLNSK0sp5JQ5HA7cLpXoCoEtKE0KM753KBRhnk7nm5cXqinF/3X+dfql3/4vL7p/57/+3/xCFt2hH/gnf/xPHtxev3osnUXrMI0Vso9GQOZVC76wdby6CmlKacWySAantbaxY2W/pRH6Sa1S9KwfcBTxG7b0HrSMlWpL0JF9sbrfw94X3HuQuPy8lDKlvcjGGEoUypJxBlMTKSeKrhKWfjzEsuyEUaLqFUsQmBb5l2PAjCf4s0vUskfnREkBlRNaZSKanI1EzRkFMbEcFvTg0FaBlYuZNw4/KFKI7JbEvEy4zssO1hhc5zFVsSyzjOiMJsbI5naD7SzDyfgGhoFG2TYyVrV1De0/WYXTlSU1ULo2MksyFo3G6wJhYpcVmyyjywsV2Dz9BX/404+4nisr79tZVu8x58IGq/d5xVorem3Zhswf/ewTvh0j3/zmX4JuYEqJbBy9MQQCJcqeNJEwGdAe3xs6KnVZqDlg0kJ1PcE4upbPjFYcshWijyqgO6qJsuYwFqsHYhCrTYkz1kiEn8lrsAZtdCu4ip4DlkyXC4pMMD2drcI6VpUpZKypxFI47wXxKGsQAcEMncE7i9OG+TDj2g7taj9Dijy6OEWryrA6x9pO7EEIizjlLOEcWsD+vdOsncYPI8Ojd/nG+4/58NUdf/Mbj/nRy9ujEP1NbaqlJdboewiMbvs6YwzD6Lk4Hbm9O8hkp2EinTM4Z/GdEKGmWdT9vrP30ZpaK6zVjIPn/HzFw8tznjx+SHdywn4uvPfPfkbfe27u7tjsZ1kLVYH0K23bs6ru10ZVW6o7Bp0IxhOk+1WlSEN7LL6qFd2qQLUOH9te8OPI+ajML22vG3j86CFPnjz63Jl1fbvn2atbdtOBmiKK3KxIVrA74j0CKqvVBf/Of+W/yte+8TV+9IMf8oM/+RE/+enHfPbL51y/uGa/PbA9LJy5jFEVawXKs8RIrYWbuTCFxPYw8cHDC9477Vh7x3ZOkqXbhJoFRe8FcqOAWApJgPGEOXDWO07Xa+YsoSU1V7wqGK95vYtspx3n6xFr5KyyVrJ4jTFMMTFa4SjfHRZebEUP8uR0zdkwcAiBzlpyrhzCQhHhC1ordnOk1MpgFX3fc3d3YN4dKHFhPDsnANP1DZfveuK8fxKX5ct+PJNAlt/0TvfV69dfyKLbdz03d7dnqdSuyY+pRkRKSh3HmfUtm4pF23R/K1UKUk5QNKteclxDjK2Yyk4jN3uPtx2mhVnXKizeo0m+GNUybKXz1EqjVPOkNtKOKuWNQrkUKC3pqN2WVdsrmypYNoV0akVL11ZTFN5EFnavioucA95DWiQbeFhhh5GaL2C/Re+uqVUsMrVWOlWoKhF1JabCPmQ6rYS0lAtWGUY/kKdALoGuX+Gcx2lDXBYSkWE1Mk0T+/0ebSy29yij8WOH0RqV2j48F2k2Ueiq71XMUGjiUGLNUDLaeTIKXWdaWjCKxKEoscHUyqO1Z7n+lH/84S+4C7Dq7L1CWyvFvZyn8bGbD6xdWiSMIMXCj37xDI3m69/6PUbXiYZGVdYlYztLMIoUIMREKZGTEdZesyRNzAkb95jhhGwc2I6sDaE20RmJ3Hyd2ju0Hwl2TQ13OBNQboQyU+YttTunri7xZaKmA0Zp+s5LYECO8pm0vjErS6qGsgQ6Z7kYxTK1i4neiK1kH6Lk2GrNboqsfMFoeLWZ0Bp6AyjHalyRdM/gOwkRMGLtuDsshFSwzoj1w2gWIwAXZxV+fcp3v/Fl/g9/9EO++/gBv/fBI/74k5f3naAS9pmo648XLi2XXa2E2DUOPVUp3PO7FiDC/cXIGEvvLSfrjtc3BxQK1zJTjZHknoeXZzx8eM7ZycA49HTeoXvPk3ce8ejhOcPg+eTTmaubHSkm0FoQprqR3xpuFCR6EGOoxjfVvGnvfG6TikZ4UaYV1fYFIxMdGRtJwZUntqmZ70fOE6vTFU8eP3hL+Qz7OfD0xQ03N3uWaaY/yzKQqxIbiro3pR11wTx4+B5/4z+85Fvf+x4f/uhn/Omf/JCf/vTnfPbZC14/v2J7tyHsJ0yJdDpQSsV7y7bAy83M2lv++tcf8WjVE4oIHo0Sm1tKGaOUFL6m5djNgUOM9AoOhwPOiUreW0vOBa0yvrkzcqmEIjjKUsRel5Ws0RSK09WKGBw32z37GPHW8vh8xYP1QGnRktYa0BJZup0TS8ySKNV2ytebA3OCU5fpDVysBjZhIZXK0HVQMjnMK+267w1nj2ytNf3Gi+7HH/3siymi6jqeP3t6XrV12lkZ4ekmdMmVUiraqvtip6xHk+9TQpRxdF1HjInY0lCsqu0gkCxZ04z9OsuLUJLcgquRkbBc7K2Mb0uLyWowDHU8f6qi6mbhoUHyhWuEKhmdM8Z7sRzlitGlHRT5XtShlKbmgE4z1XSYnCg5kLXBaoO1Hmzr/LSh+B5lB3QM6JopVXGqI85EnipNKBJWLcAHEcAAbDcb4mGmHwf6WjHWcDhMTMuM9iI+STnjxr5hLkUpa8ZRosGSiMZ086hyHLe3blcrjVUaUyveWLIdiVVEYgVhFVMhhsihaqK2XHiDm17xhx//kuu5MDhzX0yVqm+FeUl+a22XKt3asONGzjkDGX74i8/Adnz1m3+FYjxLWuiNYzX0qGUhpUitClMTKkJxHZ2tqJgwVAlct5YaHbEVFU0GZYkAOoGxJO1ETYsDO8oQMS/UsJHEFnPCoCZOvGOlIzbu0cZhlDCFnTGQQNWI6zSaDtM5UdZWSEUxNeEbpTKlhDcab2SP6ZRh3Tk6b9CqJwQRpYWiedB1GC2XsV2IlCKaAdWJD8SoircO57Qotm9ecNlbvnx5xrPbHf+t3/1aK7q1TWCaqriBXGq9X722LtXQ914SfDp7r5+oSG6zMZrOiaBKqeNO3GCt4Wzd8fDhOU8eXtD3vlmjxFLH0DGsB4axp+9lP/j0xTWHOaBVU8vfT351607rvQ3vqKeQS+5RUHVUK7/19/Hnva1eVqUVYbmkv/mNjIj11Mjjxw/QTRSkgBASz19tuLrbMe0n+pRQluahbc/r8fb4OcW04+Hj93n4+H2++b2/xCc//4iPPvopH/38Y3724Sc8/fQ1m5tb5s2eOAd2S4AMH5x4/sPvfpn/6NvvESLMWZK/eqPZLoFYC5ej+LRVFTfB6djTB4VNmWo0/eBJzZPfWUNu079piZwOHd3pCmJuyUtVqHVGeMsaQ1WG3nfNESLq8JhEO6O0ZjsHOi8JXWWqHJaFmBOj98QUudntUdoyOsOSIaHoFexzgr4XAWZYCMv8nRCny1p48Rcd8ffrgQdXV19Mu5BzbO7uLtHKa9e1jrbej7xUld2sUvVeJFFyAZPRSryLVkk6Ss0V0zmcNeTcxri1SJB7rJLsowK1Rdlppe9tMPUI02hjpkJt/trji1kRK1xtlqRCTgFVDa6Whm8zqFIlTk7fExMlUcT2cgi1YlJyQFPQpbSmojGeSyGHSFUGpcS/KBsnsT7lJujqdKXTBRfbLtcIjIJUKTVj1x6M4npzS64C89eDx49Ntd3GdihFTpmQgrCXjRbPcZHRYa2FquSfqoC2qu2b26VDaRKaGqZ7BblMKAph3pGqxbmRNXt++ouPebmd6Z1tXe2xmCo+/4K1/1L/LHhZxRpNwvKTX3yMG055+MHXWJTcygcJdaLrKyooXJlQJVFKx7rvCF6iDMv+Gnf2DrnrqMa28a5iqYpSDbYKdQpmeldJ2hCTxaYtNi8YYxlMpct7vJU835URi05VhVisdK458OD0HD+c0nktqUUpkVSzUFjLFGUdcdE7SjWkkrHNw7zqJNtXRGmG6CyvN3tSTg3rp4hZVOOD1ZRjbHGW7+Oqc4yDeLHT5hV9ynznnQf8n/7px3znS4/5nfcu+cHTKyFM3X+TW4oXksd6zFtWVmOto/daPN1zJFUp1MbIOFIbw7ju8F58531nOT8ZeXh5xtnpiLGaUjNGW/reY6zmxYef8Aff/zEfffKcECOpFD59dsPdbiKETM7izT8S0VS+p7m0DbSTIs9beqn7h0c1gZ4BFd9oVyW8uv383Ly5x674+IvLRO30/ARnjexGG6Hu5etbbjY7pmnhooTWGd9bFFrnq+756vIVRagLSnkuH77L5cN3+d7v/hZ3t8/45cfP+OijZzx/9pqbqyuW/czLz17w7E8+5D/727/Nk/NBtCQoemuYQ0YbzXroiLkFs1QpotoYTseORcFdOPDg4pzOe/Y5S2OijjwYg3eV3N7xbCspVW63e4w2PLxYQ5KgBG0UrnNcdI45LtzsZ7x1WBkO8vh0BDS3h4VYMmtvuN5NPHu9wRnbAhB6dIZpCtzuF87Hgd5YirIY7akZ4nz4xrzMH6DMC+pvuOjuDl9M9bK11k7LfI51Vt+PhGSXdxw3KiVcz6oUeamkZUFp2VPRUIU5y4bVhETvDcp3pJjuXxKjzdFPcP971FLBCqbwzct6nG/KbZ9aKDmLEtBYNG3P1BzA+ihccZaichNvZLlxaotWmhQCykZsidQiBbXGBV0SKkdiClBcK/7SRatGE4JK1B1L1aiysDaJjkqIMGkl1qUqkX3iZ5G8TKqiFIXuxQurrSY3JaixVkwRIaOd7F5Klqxc4wxplu9vMRqVa7urmyZwaiUyV5Qu5JKJMWDHDmUtOYPRFZeD/LlyZLVesXn5lE+v7jDH0aBS7aKjfsUveXR3vC18+dyHg6qyH0658uHPf0TX9awevssSFxwC/Mi2UuIiGEwDJ6sBayy7aWJz2FJjYHAjqlvJVCFmUhOg6ZoxuqKtHMgqTpJZagy4Eyg9OexQyuB0RdVCzoFIJFUp3rlC1h10K4obKDUzHWa8UVgy1rfnW4PXimXO7Kh474itSTNHNTGKJSYuV55dSThn6J2ANg4x3ReYmDJTiJz1g4RtVDjpNd4YjPNUYxlV4dHJigcnHb+8vuU/+u4H/ODplewx9dtvQG3P/zFAQt4JazXD2DH0nu1+FpWsaiYAq9HWMK46xs5yc3vHN776iNPzFf3gcc6Imrpm9vs9z1+85KNfvOD3/+Cf8yc//JSb24lPPrsG4PnLO66udswxiG/f9Pfe/Kq0sMt1QZm3IOFvXRpkTOzuC2495nodZ9Rv5iqCAr3vjO29mvn4z3Ec8d5K0W36jqvrvXx909wu0Anw7TFWb7rceoTsmKbwz28VeYPvOh49eZ9Hjx/zl37vt9ntJra3t+gw8f3f/xP+758855uPz3m63QsS0jmssTgrnJved/S+UFDcHQLX+wlvLc6MdN6jXCBbRzEOrxQqy8pMKUWKWUbORgvxKmVCmLm6uSGhOVt1DF1PVeIMQWnOVx3errneT+xCIMWEMZrzVc+SK8ZaLqzh2atrXtzsWELkZOx55/SEwXdCMDOGpVSWFv05+A7XDTjvWebpa70yXzfd8EfU8pstuvs5fEGLbnFzTKe1VK1qaWQYGc+UKvFVuo2vIJNqgZLuO6HS9n+mqZRzysTDBoYVqRqM65orSIkNRjVYf5GOUFXfCvybV00AUvJylSaZFzaz7CjEfiS4s0IVFWUVr2+x4tk1NTX/Y8EUQXsoBSovoJ2M0XNGq4pOCyp6VF9FDZ0TVOESZ9uRrexvtcqkGtFVMlFTgZAbDKRB5RUV7QwlyWnom7giZ4nMKjmhnIRYF6ekQ9YKnGqhDYpiDDUl2eUaRY0iSFNavTXorZAKpjbxh/UibkEA9KZkgvIy7l9u+dmzpyy5SCd9LJ7qrV9Lv92c1Lea33pPI6pv/XBRomvmZeHjn/2Yb6/PUb4jZsmwxXrssOLBeI6Pt6QUiNpLR+YGsjKkeSdrAtuRshQDbxSixzOkJJ2p0ooaZ5TyVL3COI+KO9KyJSuHIaGoLFWSrpaUKVUzXjzm5PQMFe8I04wz0HcDBkNVmjlVigyu8QpeXN8y9B2n67UUt8ZMDiWTqmK7LBhr+eDynGUJ1CKZziHJxTHmzDRHHl8YUbIKPwxt5FMrMWMHz9nK897Zip9dbfj2u4/40sWaT25293tcWuhFau9Xye0daBOorus4PVvx/PWGkmUPWO/HqprOO4ZVx/MXG37wL37Oze0d56c9Q2dJufD69R2/+OQ5P/vFSz76xWuu7w7EUNhsZuYgF+VX1xt++dlrwpKEtnScc7cpiEzks9h1Pld0j93lmzHyMa6Ro0WolrfEU/p+h3u0rN0vq9uJ0HeDiDRZ0IIf5m534NmrWzbbmRwCeihtyH2/NJEdsXprNVNdsxUlqB5U64hl/4DvOh50Kx5cnkGY+OQnn/Ddd894vT8wLwWtFLsQG4WqcKIUqMJdQ6DOKTN2HbVW9kvEDT0Xp2sizQKGpqaEQt+P7Gsp2GIoqqJJ5DCzPxxYqmYzL6yHgQK49v5vDjPWGVE7zzO7GOnwXG1nToYe26IOt/NCSBnjOlJDvJYWjLL2mnV/wqFq8v5AWBZ2S0eqmhSWVS3528oN5i9aTfXrPt30BS26FJdyHqqkf6Gaqb8iIAqVI9QsQfI5tcdZQ5YCbKuMnpWqWG2p3sgBmZNQqGrFG0XKhVIiNsf2Kh79enCUqJeSqTmirOTzKq2aWlmSikC30IKCyQGzTKjGAhavqKcaRzk+K60YamRPKp5d26qHcKSNzhLCEIN0DWGmhB2qG8GuMEpjVcYSKbqSkyYVS2ey7K5rhVIwxbQbg4yftZXEn+MFQ6Ga8luKmLOGYpCQe6UR0XYlR+mQSrNA1Qo5JtxgUFZLfF8p8v2mHcZWigiliPCGylIqUTu8M2xefcTVZtf+m2pEzvq57uT+kPqX/PubDvh4IZL9srWW690tzz75kK98+3dJdMwloG1C48lKYfpTDvMEKXN2ekI3rrk9TOQcYd5gfEdv14Qkv0GqAgCxSpNQKL+S7OEUcCVgljtq3BGtY8kFbyoZOOSCrYqYErU7JWBgucXXA9oLfMDqjK4QUhvPF4WykHLkME3Mhy2DqZj+QhT5RnFmO+gr14eFgSaYKTIq1Cisgs5oWTcY6U7X3hAzYldrCTRl7cB43nmwYt3ZFuUX+Q++9T7/6+//uO0w9f0YPxdRQ8uFTZGLfO9XY8ejh6f87KOXpCQX3VIFqOGcIaaFUsBZw/MXN/zy01coJCVpipkf/+QZP/3oOTmLk0ChyOmYw2rQKbPZzfzkw6fcbffEGKm53Kvoj66D+5xO6luwi6Mc+whyKe3CdgSAvDVmbk6Ehs75nG6hku4hGd67VnTfzF3208LT51dsdnvSMuMIwOqtHa566/Eu91+b4ngZylAdSjkgts63nRs1Q8o8GHu+8fiMkORiM3aOUCQr++4w4Y2mq5bdIgrh3ju8tixJrHO7JbAeejmblDyjvkokoPifwSlLRjVfrHSzpycjS4TNbsHaHUopvPUYJRe/zlu+dNlzthpINTN0Pc5YUpEuOuXMerVinANTyKx8R2cMSotdLldDWAKxanrn2S6BetixzDMpRpY5vK+HOALb32jR3Vx9MdXLRhuz39wOVVUsCFKPgtGWUhzVSKdbl0lSa6yjtHizUiqY0nYntJg96dTkXG7QBiR+zJHJcaaWEznAi+wpi65Cn6ri1rOtsNYKRimSESGBKVnsQEUCGUgzXlWKNqT65oadlMFjWmCAFO+QEs5Ldm1JBZ0TONesunI5qCXL+2k6tHbU2HCACnpT8SpSamSbMqkoOqMwSjpmqmmKYkW+tzq1yL0GBjnSt4wxgm8sIu1XtZBTEWFZaF2F0ZQU6Y3n7PwB2zxLIpNqKs96zOOV3W/QhlwrVll0CcylgOuwec+r1y9ZSsEoR7nfHR5nyW9652PnW+937HIZkkSbN+zdNv1vUwk5gD99+gkPHr3H+ZP3yPuELQVVI0v2DCeXOK6JYYY64LzBJ0daMjHsIZwwuBVFyVi45ozOEa0NucqI0NSCNQrlPDk7CTcwHcVo0BP7MJNL4aTvwPYUbZl2V1zvZsrQMaw6TFGo1DySiJhsConNNpKijPSn7YEXz2e8sbA+xXiNVdK5UGH0lrv91A5CS4kJ74UY1Fm5+IQU6S2kKjnKtY1bSynklHhnPXLaGS5PRm73E7/zzjmXY8/VYW76Cflep1hpCOgG3KgsS2S/36JKRJvGXG2JI85V9tOWzz674sXrGxEUGkUNlRhlJ/v65sCnz++YQqHTEsBRq3TjppU9YxRLqvzwZ0/55Pk1X/nSY1ariLdHL+4RlMFb86m3CrA6kqj0W4Wv7XarKMCl+LYrftvv1hrlgk2VpCIlnltnK9aoz9GMUip88vSK19dbpt3E8HAGncUDrCQqRd0XW/1WBy4XgjeP87HNeKs7P6altUma0RprwVmNKlI8bYWPnr7mwYMzycWtBaMVnTMopViQzngOEWfENqlR4kkvR121+HILpX0bNc53fPC4p+bM3WHhZrPjdDXidSHWQs2ZwfTkmJhKpncdSmvmVIgp4K1hzqL1sJ3nwmcerHuxbiIkslwrr+72HIrjYtWhS2LdWXwnX9dhv72I2OFfZ9F9/19pvHx38wWFYyiW/U7pMMlLYFq2pRafbbrHGwdJD0FRjcEYJ0KfZucx1jTehFBVBNloUCUKy9d06JQpKVBSFFtPrRAOFG0lcOCIdaxJxrNF4Ok065GpEYOEf5eUxJRO4zoDqdTG8jVUq+6npAXhrR7FWuITFIFXNqb52lo9sa0QlwjKErQj6Y6zvIhqWym8lt2QV5Vc5aJhiojOtJZsh2otqqj7jrGgGlpQpgZOqCL0XceSAssSMRgenl2yn/bcThviNHN5vmIcT9ltZ4GJKP1myNdwnBL+oBpAI9GnA7NqjOW7V1xvNjKa1xwTHT6X9VI/r5Rqgpm3xDBv7dwlqrG8dZCC0ZYQE7/46EecnJ2DG8glM9pCtZ4YZjqnsWZFCAuqH/C+R6dEPIbY54Cq4m+1RmOUJhUgyX9X1lHnA/P+DnLAkOjsSNEDucwYZVCuR1tHUj1LhpUOVDSbRbQDJSdc7+jHHk0m5sgUIktY0KVwPnpeHDy/fHWF8S/55jAQoqwHalWMvW1BCJXRinjIHOlsuXCYZ6iVwRlSzKTGC1+tVjgFtooewVnLlx+ccTMJj3vtNH/j6+/wf/zBxw0SIUlMIQrWb5oXbu6Amrh+9QpK4nY3cbtdmOczck7EsLDZvOb2bs/TZ7eEWHBGs8TMEhI5Fbb7wMuXtxw2s1C7jjen+mZvL2YCjSHzy89e8y9+9Et+93tf5uzkBO+9dG1Oiq66J2kdbTrqrVFuw160i7e6L3w0ZbJq/2fui+GxyNIU9fKAShZxeXsG03zlL17e8fTlNdvtnos0g4/NKnh8jtul9kik48iBDrwtr1I1vxl10wSVWpNSltxv71sTISK9EBND33O7mYnLQhk74b5rQ1WVronYaq3ElOm9hEwkCkuWi0rBEnIkN0RtUaJZ8P2AVYZaI0uBMkc6q1kNjiTqPMIS2bKnKIWzll4bQpJnIEXL7ZxYcqJ3PevOsOTKYQ4475liYjctfHo98TpU3jkZuOwq3WCJIZJKIs/T6VJs/xu3DJl+/IIWXV1NTEkV2Ytpa1sxE1FRLZkcsnQZSolX9phvC6SUcc6hlWkWBxmRlCIdcC4JmwPK9dQsNpIcFkoWv1mZbqlupHZrcopo11HDHm2FMFONf/O6FdlrlSBZv1YrgnEUayhFhFc6ZwnOPnodFaichBNdvVwG2q70nvqqtCDXQPydcUZZRbUeVytDjZhaOVSPITGomYRwgCXfUgAGJbXiWotQeZQmpoQqDTbSPPvmGBKhNBf9Ca+nDTBzOpww7Wfm/QFL5WQ8ZfADu+2ekorYdaht5A4pJfnzloIuGa2b5SrOON2RSuH65pYpFMnebDhOflWrfC+metPCyjay3CvI5cLCm/Hh54RYIrS7vr7m6Wcf8c5Xvku0npgSuyWxzAvvrB26FnbzjFU9Xe9FXGYdSsNcZN8PoI3HWisELSJKGUrKxP2WuOxxxlA06PmOKe5IdWLwnm5YibikLiJ0sgajLTkVdJ1ZO4eq0hF0VrHyDqcUe1XZHxZiKpysezbxjJczvDcnVued5D+nyol3hCWiW+HcLwGlrCjkk4BWOmvprSNWKRY1Swyg0YLkpFSqrvzWOw/44WeveO+sI+XI3/rGu/z9nz3jblrkctX8n3e3d8R54tUrTamJHOXQV00Q87F+xdB7nBOrTgiCo7RK/J9LiMRcZQwdBaLirUHrBqQ5MqHeEh9XBU4p7rYTf/KnH/N3/oO/xMOLM4bRY5JpP8ZI56reTguybYzMfRcsYQ6lqZvNW3vhN17a+pYprb4t3GvPW8pJLjtv/QiA1zc7nj275m6zI88T1kfANRhHCwJR+f53kt9LS5FVGWrXiHnN03//eyuwhhgjJUZSrlStxf/dnBzGGU5Gjy2Fze0dF2ennIyDfOYorIaEpIxNy8xqEEGULpmKZkqL5PJawWTqWkkSIUWJkdism+u1wxpHSBKNOHQdIUZCyjhjWUIm5AO5SkeulWLwhk45EZHmSlKwXxbKYc+cM9slsSwHyhRIq57an5MLxGmhxIiN87oWNfzmi243fDGLrjFVhyhipLzcvyiqtMGwUi3MXkgtKrcdTamkXBpjWTImayltK1KPSbioLPvSPE+kwx4VJlIukDLFemydUblQlROFsrXUZaYqi1LSUcrD3vy5JaNbZiclorRECGatxNZwhIwjEXK5akgRnbMgKiuY2hTBqqLjQnIDWBFX1ZLbsEx2o2gjyTZtXKpqkD2jFnRcVRLUZ1rAdC0K23VUXckh0WmHM4YlLzw8e8DZeMr19ppNODD4gZIqJlfO+xWD9lxPG3rrGNfnPH78HofNHdpl5v1eGK1Wi5gkC4GqM4ZDzqi8oK0jVtgXGeulZeZms6MqI36++mZPK5/r57e29a197v1++jhua//lqKJVnxNiKbSu5JT57JOPOX/4HuPqlCXOlJo5pML1FPDMpDCLKM8bUYE6K5aJtJCVazGLlWQttWqMMSjtKHkS25Sx2LbD0uGGsOyZVEfImlXZCMYTcMxELQd6Zx1rZ1g5y5wS+zniVz0GLQgVrel7Kx0FVkayukdZy9m64/Zw3L9B0oopF1II8uxrTcpZMp+NwRsZ1w7eCthF6fst45ITNhusMzw8keSflCNOwZcervmrX37E/+PHn1JKbN/bwhLEl9oYMfdDXM0bhflmt9z/m0FEi+p+QFE53maskSg3dX85PnajqhXgN9NgazRLyvzpjz/lxz/9jC998JhxGRmtXPI42oDun5zyluIdPu8fKm/AK/dHq75fcwjUwjZAyNvTlSrizSWIFuL+kgi6wt3mwC9++Yrrmy3z7sD6dAG6X1Hct/F31a3RPiYexXZOtUAGSks4auNo50glk3NCacnz1gqM0nhjqUUJdpNKjkWeIyX88iUXrBUMaAyJzWHGaY13DuUcISSWeU+JC6YfqU7sjBTF/rBw4qS4qk4G37lUauMmeG/pvGN3mAkZjFVcbfd0ztF3HcWA9YYlJA7LIn5gLQEmRkNvPa4fZKpzvRHXhfEkA0VpjPN0pqxSnf1vvOg2c+gX7y+lqFpngUpw79GVC2ySXUCjMR2N67VWclyw4xrjOxHmxCiFV3sykszjlkhd9sRSWGKiHCaJkQsS7VYHLYUqTVg7YKsoG6uxFG3Qx4D3oye1ddHGix91oRxDZuX1Mgbd9s1VaVSKYts5eoCr7IpsLZL/iSJbT3Z9qytVrEaup2qFqzJOLtq2nVelFMWsPNkkUKn9Xk2wVcB5x+XlB2zDjuf7Z1ysz1j5gZc3zzlZn9H7NfX6Gl0EF1kxvPPoXYiZq+sbLi8fohRizt/umfYHFJVRWSYlYhdtQIUi4hKjGq1LwAykQFCOanuW3XP2s9CUjp/pMTJRHU+v+saXrd7SmwrqrzbRqrovvMc9L0p9rjlWaIy17Hc7nn/yc7727d8jmg5XD1Ay+ykyng5iPckZm6OsFWrB1IhLB7IZUa4j54XDImQfr6DTBd33OHUpoRrKY+IOYztcv6JXBq+MEMyoqJxIJJao0LowdIpam7DJtEB1ZA+mqmgR+q6TXFkK3noeno5cnK+YY8Ybw9lFT8oZYzX7mIhT5NF6wJvK9iCISG8UuYUJFKVxTbneaUVKlRAKvZPwh24c+eqjc/7gZ0/52vkKnRb+7rff5Q9/8YLtHNv79oZafD+4VbW5CVS77DRN4L26XH3O4KWaerceUZ+/slM4lsu3Fvv3n7VXmqfPb/j+P/mQv/pXvs7pakXfO7HaNadDvV8yHPczLZjkXhTFvSSvzYF+5Xg9jqP1W2q945hZiuY8zYQQP3c5NEoRa+XjT1/y4tU1+92OdZrAjo0Zru59xW9fJ8E1s2GUcXbVreC79uRb+Rq1gIJk9aREtuHk+2O1RGpenK1EiJblfZmCJGt5a8k1N6tkxWlDiIVco+gGlgM3t9eEOXJ+Wjl7MJC1Js4BpxS+71DGo+aF6/3E6Fzbc+sGxxCtQCqVKSzEmO+1KaphIx+uBwxwtV/o+571yYolRIz1aOdZZsNhf2BWhRBn6mpNxlKVo6TUTdsb+1/GXxaxq/5zs/P+WtHNb33oX6S/qs6lhphV22XcI2BpEve3cjBVu7FmRFna9x3KWJYloGIQ9aS21DqT5x31sCGlLFm8rsO1A6C0kahVCkdmfxDrh/UDar/BWQlBKFlEXVUXfAvZTg2kUFJmsR6bIjoXasv6VG3vIgrINtqquXWqlVJFPG+0IhorD6sylMaNxYrPtyDwD1cTvi50qpC1dDreaFI+krGkENcqKMuu62DOEGVcWmplt93jteOwO5Bs4WR9QtoGlmlCqYB1DlUqKUVs1KSU2B+2xBjpvaemjBvXzHXXIAUK7a3EyOVjwpAUQxN2FOXIKOa7a+aUBE7SKqS6h2f8yv//Vn9QFG882vB5P+9bkIw3wqsiorGqUEbz7OknXFy+w+nFA1L1IthZIks9w2mIcU+oGus6EZ+VzGAFXhBz81ZmyZvNORFVobcWYz3KDhg0pD1qfETfDfg8oat4sFUNjJ0RJm7NDUJQZSrRgiO0scRqsBSshqHzLDEzL5mLsQPboZ3FAbtlEcITimnJOGt493Rkt4g/1yjZ6aMVp2Mv6xMk7s1UAWcISak00AWNWjXwtUdn/MHPnnK9yIX13/vSJb/z3kP+0c+f/cvux5+z46hW5JQuDTLDfTrTG/7wm4Ja1efs2G+xtj9PJDviG51WHELiv/jjj/g7Hz7jncsL5t4xxg6GTMX9mT7uN8n1byvf2471c2qCYxds+Nx14V5DIICMzc3mfqT+ue9FhU8+e82zZ6+5u93ycD5g1qfSuaqjk78VevXmeiAK8bcjBo92puZsaJeXIjxG5lyaSLSZmrTCKMW6HwQ3jdh0SltdKQ25jfnHzjN6z24KTNPCkgs3t3dc324JGU5OT5tLQ1Y/vvckNDpntFJCr8qJ3Rzp+p716IlZzmBqYckZ5yylKlkbGI0xA4MfOB0VqW5EQKosOWbCElAFMoZhfcoyy4TSGk1cZkJKlEN2w/lDrY39f9Oryae139wynD2iO3tMKenPudP9CzYK/8VVXUDVoowREpAWJWY+CgxyAtvLg1RExKScpx9HjLHEXHDWMXbnDHUhzBuMSiw1smhBuaUwQRKTeM0iMFFKU+6uSbqQl0BSBxnbLgcY1zjboVKi6oomY7OMnpJuYgeVGlfZoowhvz1+a4dtabaGohU6pkaCMTKWNjJytXkiWkc1PZR6T3NScQanse1wq1pBw6e1qF9K40NrjtQuOXCuN7egKu9ePMGbgbnMnI2nlFwZhpEQA/tlwRLxynMTr5jnmRIXyUtNUbpBVaWIDwNX0y3Vyv48J7GW1Dija0HXQi6RXMGWKPvjdGDaXpNKw3BW4fu8tcv/lxfT47Fef+04fXOG34tfuJ8SCK7QEMLCs19+yPr0r8rN2fWUMHGz2fHukyfSFRw2jKeXYDxhmXHKYsgsRqPsgGt6Ad043DVHqrYihqoLynuU7poVy0hIQq2YqlrBC1gleE+lLc46qtaMzgt8TOuWKxs4GTqMzsRUsNoQsmAJ7yYJrFj3g0AKlUAyvNZc9JbNEsjFsB4cyqw5bDOrtSMi+1WJoAS0xrVAkFphOUxY57g8WfGVB6f84NkVl+9e4Mj8d/7at/ijT14RYvrcAXckiB1lt0XVo2TomHTdPpLPEU7uf67MItT9yLncd8a1MdDfCOneTDDE0fDhR8/5x3/4Ib/73S/TeU83DJhmITqyjWk/vqrjv7u3xs2pjY7vf+f7/a6EFeRmGzp+9a0I4oHA85dXxJQ/X3Tbj3r6/JaPP3nN1fUd7+x2nK5nKg6FfSumMr9lG1JQLUqlN915W0jUmnmzkFbMh5npMNPnzGiMMAtMI99Z8djTngtr633YSwhizzJVhOVHfr1SsMQ9++kgzOPBYZ1lKUmmH94Rk1jEtFac9p7eWX758oo5JrrOC3CoIjm6MeK952zdyaW/wknfScoYEKpiGAaoihAjWcEuRExKrFZrunFFjXu8NXjnxZ4WFpTT48U7H3S26//MtCEhpFl+8dMf8+M/+kO+/J3f44NHH1CX8udbdI2zX1ghlXZO7DXZUJS672spWZicRkLjY1vm9+Ma03WCyzOO984vGGrg5rNXzPsdjwfPaCpT7zlYjVaF/e5ATuLRLTmL0i9MxCMSLezBKELKqHnCrIL4hasUXN1IOBpFQmGUwdZE0iKqOb6J0lUY6a5zboJEh7blXgxRGibOlkipGZ2FKENNEIPExlWFCVuU8Ril5S5uNDYb5iQ0l1zFBlGKoDADkBBM5Wo84eL8AYf9jmA0KRVJf5l2vHx9xdANpBhYjSLQ227veHB+zvnFJbc3rxmHHm00YQlgHYfpQHfRy+cUIsZqTFEt1qCILaVWZt2TlGXYP2daJqFyHQ+ft5oP4Vvre4HKUW3JcXR5PHzfutUeu+nPdUu/UriVktSn6+vXbK6vuHz4mKgs1q9ZW4U9eYjVhfDqEw7bOyElpYXN7o5utWbdd8yqCZ50072qii6FWDV5vqPWzHhyiklBFPCqoo1Ha0+dN6S00A89J8MKjcLryOnQU41Dq0pvNbEoQkzoWllikXQrI4CDlbf0zvNqeyC1c7izhrFz3O1m9inJtqmKladzksp0U5ua1Bh284IxBu97sYj5jpwV1SlSkTBy5yzfef8hf/r0Na/3gcFU/sZXnvDXv/4ef//Hv3zz/X/7ftwmEZo3lx1V3lhz8jG7uv4Zn8+9WkomNKr+GaTPBqo5rvKtUeznwD/4/k/42//+dzlZDyxTzxjXVOub1ulYAo8+V/1WR3v0n2aOoQ5HYAb31wHD5/A499284ebZa37wo08EP6o+3ysYhB/9ow+f8er6hs3NNSfnp6jetYJtZV/cBFW1RQkeLUXiDX4Df1H3CEoRX+22O7b7AxdV3gmJt5XgB11VE5rKSqNUhTUWaiaVIkK2KhPDiuB2S0syK7kwjp5V5wm5YGKht4ZcJCJVa0lwCzlzWCK9c6z7gcFZShIXhlGVoetZdZ7OO6ZQuDssoCxPzhy5KOYYOV0NzHPkxfUtz7YLtRYuBkuKHj+ccLaSdU1WBut6tLFobU6Xw/4spcSfNTtWWvPJzz/kH//+7/OVRw9+7eL+51Z0nfdf2KJrljmX1v3Ijqi0zFaLsrKvyEVGpZ0Xk3aYAxeP32Eks7z+lCVOvLjbkpXl+u6WzkAJM1lZrJYw7pBkt0vNWG0wqgjbWCnqsifHmaIdQV+gYhKlbSni3zxaVJomQqvamL2gcpYXRlWUgYjCG4sqwm7VOaNyFBoU4sErjQsNiOUDhckJ4oHSSQYvRXjTRjXVb23TZ2NwthC0JuQima9tbzYtE04N5Fy4vd1wd3dDjpGT0zOMNtztb1ivBh48uOR6f4XKht6PrE4PPH78BFVgmg70w4g1jpevn7MsEXfZ43pHCoGiKsUZmAu1JFkAaEfOkVg1NcNhs2UJGacF2lGU7LGV1n/mzfXtQ/n476WURidTb0aEnxNQ8WsvnOIoLko8/exjzs8vsMpi+xXoStrecHJxinYWwgGnOrAGpzKkCZNmrJfAK+UEDJ+yZJ2qMGFqxtlOBk81NY2MIaZIZ6FfnYodzRrccEKvMzoW5qJYO8W8zKiiUcqyxIRtMZGpMcaD0pz7HqsVXivGTsA8sWSZGFjFdreIZ7dz5FIl9zgXhr6nZingxmhMmw7lJjDczzPeesauIy2RUCqPzka+8vCUf/7pK86HR+z3W/6zv/Vd/sFPP72PVuTtUf4bUW/Lsr5PZmzc7X/5gq0q9WuTC/X2rPY+h+CtnlOJluEHP/mUf/D9n/C1Lz/Cd45+XqEHL13lkS5VdQtaOHaz+VeuDPmtEfax8yz3Y+RjcD2pMB8OvHjxE/5X/8v/K//wD37wK8I97sE31Mo/+8Ev+OST17z/3hV9N/DwfQtdJ3taZRv4YrqPEzxm7so12d3bnY4FV7V4we3tlillTMsRzw3Uo4EYcztH2vdNa5YURWOmZO0TW/DKUQ50t5tYlioFuGS89fJcl9JAHfJtyrlSW/3PFYZhoLOG6+3EYZnwKjP0HV3vmFNCWc0cxI50PQfOVx6vNapWlmXh1d2W282WGBKrrienyrQseNdjtCHgmAOctWfEDuO6lPKgTvs/UxyX4sJHP/4XdP3w55q7++udbv5i7nRt1cXkHFWRoqtakLluAqJjZm2tYJq3L+XM+uyMh6s15eoTXr7+TEZqWuMpRLsiG1D7DTnPhCweuNFCTYkpCre1aIW2qo30YJkOcmAbTzmMWK9wSqOdE6i/cZS2J0Upij5K+KGkJJ2sbaIRrcQnq4x0ycuEspbaryjWYXOiYtEqiedQt6IdF2qMFGQkq2tmQZOqRdVCUBmtotxftZZfGwlcUFoOcNfp5p2MWGu4OD/j7PwB4zAwzwcOhz3XN9e4ocNZw26zZV4mPvr5TzlsDsxxxzCsODl9yC5PzGHHY/duo+cJ5SfMIu/3LdJQ1NwVhew2b3YHUpUw7Xzc2b0Fv7jfyyj11hmmfl3J/PbPOU5BfkX1/LbXt7ZORWvD3d0VL69e8d6T96hlIqI5HA488ZF+MLjaE5apeRk7lpKp0w6vLNn05Aq6FkyRfag2CuU6jBtQaSGX0nZooY1cPbbrMUVAFkvKKJ1QubDc7Sij4/9F3p/F2pqm933Y7x2/Ya21xzPV2NXNZnNqjhIpSrLlaDAUJ4jj2IkjJYCB2EgCA0ZyEwO6SC5yFyBIrpybXAQIggiwY8SJFA+QZJNWYFERSVFsDk12d3VX13TGPa3p+753zMXzrX32qaqmmk3SgSsFVKGqzj5nD2t97/M+z/P///6dg2EM0pelQt81dN5yM4yC9lv0pFrZjSMhjlhlSNlQcsQawfdpbZmmSPVSDI2Ry4HXgVhhyhmvNd5ZhnlcSBHPbk4F0+qXuNNS+cr9Y37zu8/48HqgM4affvN1/upPvMN/8lvfftl9vuLpkeaslBngcIfiqebnQ93RBx+K9x/UkdRZzX87Xi3l9l8bo9mPgb/3n/8Of/Znf4hF17DY7OiXC5SbrUNzNyufeQZeUGfs4h3wRAnzOEqK67TfsVlv2W924j/dDXz40QVf//33+S9+5Xf45X/wu6y3A16pV95ph69XoXj87Ipf/cff5M03TthuB9683vLaOyPd0QOUtVAnSpjIKePaTnJ/9yM0FkxzZ5ucZgFXYdwP3Fxeo527XcXkWlDFoJUMw0OqWGfFrlOlex9jorGius8KhhCESlbE8dC3HRXYTCNTRrQqhttkL6fk7Mgh49sGYwo3m5HiFdf7iY+vNzxcSnby9XqL9y1N0zKmgNaa3jdMWLZjIJdEqxydNSzblsYm+r5jPWWmlNDTgHG9rBdKIqXEFEaOm1NNHo9qLp908aONIQ8bnPPA8CdsGcr589npUquKU6ZmeXMdlJJKyFIlVQEUGPHvhhjo+xWP7j2kXj8hX34I45br/cg4SoCy649onGdRNI2GlCKN0mhTKE6sBiFN1KxmO0tBa/DOEWNE76/JyjJ0nUDtraMqQ1Tm1uVXZuyhxGXpGXYhuaL6duk6K5SNhMfrHGU85BykaV7TG0yORF9FpW2sBNwDpVrAMGChajoluxddKmaev+WZiYsWaIgymsY3LJqlcKKNHIcvnj4lp0KYdrxYX+Dbjq+cf4VxGHn+4ilj3RHHiVAKC6+5f3ZGQOGOG5YPl1hrSPsR4wymiCilVjXnmTqyFn5r0Yb9fstm2MooutxZ0H6Pne4nCVQSK6hu7Vd3u9v6CaiGvrPYfUWMozS1JF48+ZD7Z6firUWRqnQIj05PeBIjcb+jbxayb44DKY+YPOJcTyhC5TJU2ekW+YyxFrxW1CTYy4ollYSrhRwl+L5rJeM1pYxJGcLATgVqko7CGzjuDMethhoxZEJOxDgRdSWTCaWgxszSWYqtlGKhwMOTBdfbPVopjroOpTQp7tmNkVTla7KANZZGVUKWjFTvnOBQayblgvUWreDesufLD874+uML3jjpeHF9w//4z36FX/r6+3I4vjTS3F6A6xwMr2Y7SZknEdSXzOE8W2tud5uH94CW6dLtZOPO2LneuUnduni1wmbFb//eB/ynf/93ePuNU/qupz1aoldm/iR3xrW3ewx9O6olBvJuz36zY7/ZsxsGLi5u+PCj5zx9dsHlzYbnLza89/4L3v3OMz58fMnVZphV1C85Hi89+3LxsHOZ/Du//FucHzc8fHjMP2m/wb375xydntN2PVTYbQYUlbP7K45WR+iiOL9/zNH5GbZpsNbIxb0knLV89OEzdk+FOHXAeJQZa5kRqFCdGeTKzNm6OWH1nA9eC6vW4YximJXLfefZKyAmOg+1ZqY046sNaApVyUVqiImAQpJJM7VomkbTWi2jvqoZpkjVDfts0daz0pVUJj66lIvDSWMw3YLlUQvaE6ZAQGHLRC6QqyKGRFGGnC1KW1Q5XAbDqtT6CjvHGM1HTy446jzqT8DM8+nxsvt8jpeNMdVok6il1mpvBf61yMNmtCgzlbGUlHDOcb5ckW4uSBfv8+Hj9/ng+Q2buVPItaDUM6yxrLqON08WHLcNuRYKIs9vdKIqCCkylYRRDm0MzhmckpCFafeCfTnBti0uF5RDQBvWykGbs/j1cpnjNwVReUDm1dkeURVUY6jaoZSZA7ZFqV1RRG1nMZKE3Stjbkd12TmMke5dQhQgVcWQFHHOGpZpeZW9o1Z41+K0Yb/dst6sCdNETIEQJnKItKsWs/I0XcMw7NmvR9xRg6LQHPcUKm5IaN+SQxCF9wxR1yjx1fUeh8aME6FUoiromqAkqjJMw5Y0735yPbCS9e2oSH/GiPnu/u9uEb7bGXNX6fwZo8pPSW21Zr2+4ubyBYvXvwBpxKnCLijGzZqw3eBq4vRoxS5X6jpT40DNSfDsClKJYlEho4qMbnOaiBoa54Tmaxy1TrLjjxVcTyyKFAccE72SP68Uw+U+kErlwbJl1VhebCb204SuhcZq4qR5f71Hq8rrJwucFpazMr1cEHXAzQr2XOQ1DykTUob5ktpbUT5nybckZIl8c96yz4V2DISUOetaFl3Ddpz4ymsnfP3xJe8+3+KN5kv37/HXfuFH+T//g99+Je/p9nWpL3fs6qVvizI/tzPRRJ5ldYfdebfI3hlYC8tivjzW+gmdJTRWsYuZ/+SXf4uf/cm3ODpestiuWTQW5bwAJpSRHOSDZC8NxM2WqxfXPP3oKU+eXnJ1s2a92fDiast777/gw48uuL7acXmz4+J6x9XNQJyjA+180L+crNz55x37k1Gax89u+Pf+1q/xlS/e4+SkRWlLqYaszCFGgaZxdF2DaxqOVwvOz0/o+45+2dJ1LVppsY4dL/nu198lXV1w9OCe/LyV7J1LZS6swk2fquKol3SjnGSXnqpk4CqtOe4dcT2wjZExJXKBk2UPtbDe7Qkp0ZaCU7JGUVpLNGpN3Gx3ItJyEtm4KHDUOSgJreGsb9ilzDpEFs6x8oXL9cg4RPre42zDOlW2qdIbLxOWUCROEMNYJbmpOEVJjuOqqClSUqT4ZlUETB0OE6+iFMMQWLXuvxyfbtO0n8+ia23xziRdc63aK2a0I7qIZcgY6gzRTynx6LU36J3j+dd/g8cfv8+7Ly4Yp4wx8syCGO3HOHIzTlztd3z5/Jj7qwWUSu/EUpGSJs4PeCpFxE+64LR0xypl9uOWNK1Ivp8pWdJ9m4N2sRa5VBfZzWQjhBjm8c/BNlSQMbGaE1mKsVQ3Ay9yFF+fMZAPebv61jaTUDgUWiViUUzFMFVNLEJ/8WY+pIpANzrboLEUNTKmgX0eWK16VrYRJK026K4hhsDvfeP3sDi6+x2ukz1wTplWLaBaYtqiVCWOA8ZYzKKj1EoxGqsMxkpnrWYwybzcRaUJqyDWOdBe7k0H/etnqpbVnRHmZxXeQxKUEKpeFt/b33PnY24bqpnI8/zFc+4/eotOG2qBUKtk2MbCdrfj+CzhrIhKUlG4PBHXLwg088QhklJEoWickwmH1nR9R04jtUx0854sxQnf9JScCcOWqAuucTRGk0siFRHClFqZUuRyCAxTotWFmsFmObhyCZzYzPn9MxaLHuc8cV7BtNZR2spmmgQWn+Rn1XiLt5aTzpKi0Lg658BUQkgUo6laoBOhFNKskWis5cGi48cenfJPPnzBa8ct692ev/6LP8Lf+s3vcLXbfYo3ccjfvZvxU+ZViyrqdudZ1cvA+FfUv/XldpU7oAw1+4PrK6IlufB5Bd/67jP+/b/9q7z95jnHxwvavsHkTAmRaRSM4JQy682O548vef/9Z3z7O4/54OPnXF5uWG8G1uuBy6s9L2527PeRaUrEUm7FUU7rW6HaZ+0MK/XAupDoRSVTrg+f3vD8csty4W/pTMYomsbRtm4m54nC3nlL1cJJ1lqRqoTBL7uOB6uWezfP+cqRxbhmlndVdBVQhZ5DVFIpsyRMRFIhJUrKaGvIupJylYtcFmznonUs+2a2I42sKZQcb6dFOUvMnzUGbURVTilkFI2zeDV3/bPWYdl1tLUQCLTOC3UqV06XLWhxLmaliRmuY8LVSFWKpCzB9Awh4Q1Up8nWspkqIWY5/wsnVmlfIRgt/owPf+c3GJNGn6/+yym6Xn8+LUNW12TTONYwVNUcHZLFZqrTSzpMjJG27VktVmyffId3v/NNPnhxRdYWZ+e8zJenLVZbdCnsp8DXn14yFXjreIktgWRlh2p1ZtY1SSamVrj5EIKCSoGwuSS2Le6ww3X1dvdU5kO/lAzWzV5MdXvrPyDqJO3HiVAjRYoSu4KrmaKVKKhn/546BGkbhcpBPJDKkJQmKINRkd5WMlW4wYdRrGQ/kEPCeXj46BHVFzZxh9cGVxJFa/KUqMNItQp30hCnQKyBVndoYBj33D95yMPFAy4/vKGUis/i7cxGKEjaAl5TnMVYiw4SPXgQxegaZ4bxyzFhSXcO37uF9O5Y+S7aUb0aiPAKEOOTxfrOiPnWSjpfeqhwc3PFzfoKc+81iIWll6D04+NjdtOWx89fcHx2xrJzbOZD35RIYx3KNcRpIkz7W7KWthbrHDFnmrlrd85iqIQwomZLWNevcEqwj1o7nDOcdIbeGVqvsBUeHRlCkNEyOVLLSFNH+f1dS9O18/RCU0oiV2i8parKmNMsTCsMAWJMtK6htw1PtiNGGxrvcBUR3CnpkJ33NEozjRN911KNFIcfenjEuy9u+L0nax4set45hf/hn/lR/p3/7NdvxU6HXWmdvbjy2swpNbM96FBz9Yxy1fPr8ckO9hWB1cGb/YmCe6j0GbDakEvhl/7hNzg7W/LXwsTbX3iARnFxteXJs2suL7c8e3HDk+fXPH2y5snTGy6utuz2gXEKjFMmRrEe3kFjYJTC3Fnb/lMFOlXNzzpzhKe8F6eYma5f7hq1ErqWMYb7qwWnjcF4TdKaKaTbontv0fGgU8TNC46vHW+f9xwdn4oyeQ45KGQ0mjRPRTRWmpEiAiuqYtk30jG34nqIOeOd4Xy5YNF7coZ9nNjsZcfcW327AnFKEtlCkmag85JYpI08Y1PJGA1OizjVOcvSNcJLrhPbEG7H06koSqo0OtICz3cbOmtoux6tNNtQ2A4DqyqhMb5pcUbEm7UWbOPPXdO2SqltKYXf+9rXWD95TPvw7T+5WvRp9bL5fBZdZ6sxal9zykpVo5TE56Hr7X7vkAN7dn4fG3a8+7V/xPsXlxRtsVpsPWV+0vOsgjSzL1AZiZN69/k11lheX3pUCjRO4BtjjEypztm2eh4b+VnqH1Hjjt16w+K0nbur2ex+GDlpLb47rcm5YtwMDwsD5UCbqZVqjLCZU6AaLwHxtZKMEz/8HEVYnRfRywEoUaDO8IGiDM4YUlLsCkLHUqDL3HFrwzQO5FTJ08SQRqzXxDDddiRFQ0kZZR1H90+Yhj21FlLIM1YIYh65uLxgSBOunQEEOVPGQGktvmkxTUseJ1QOkANaHbJDRXhU5oPZWsHLJZXn5LBXd7kHgY10lJ8ovJ+haD4oWutdcc8db++rNpU5ASkGrl885+j8TdAtUynUHHh0uuI1/RZPLp6Tc8LbhtZMUlCspVRRhxalaKyXzGBrUdbSOIspAe8bnLMonVi4TOc6dsNAmCpN20oxbgzWgjWzb1wpnPWctKJ61npCBcWEou0a2nYB2nO0OqZvO0kcUpJra5UCA+MoFrplZ9nHzBAEBVmpbGLkeozcW3pSKTTW0PoGayVExBjN0bKnxMAwTWzHSAFWneeHH53wK996wruXa446x3/rJx7xt37zmPcvbu7Qn+6I1urBNy6b20NMJvPrqXS9Q/G8c2mqnxDC1Zf6XV3FlsQd69DhYtUYwzhF/u//4a/x+9/4gDdfPwNdudmMXF3uWa8HNvuJYYzEkEnlDkL0EOipZESr66ET5xNf1/couAf62ysBDfP3eieQ466+oFQIqdBrR68NK2NQVTzOrVa349w/99oRXz6zXG33ZByvP3xAUJKOllBoL2eTURVVCqlKl2y1AFBudgPLznO87Ga/vyEXoXC1VmN7R9KGVAq6KsZYMVaiN6vWmDl3mVKYF7koAykWGiOZ433bAIUYswTVpETjGnIuXO4HuqYFq9mOCeMbOpVpyBRt6L0HbZiqYZgC45AYp4gpk1ivTEu/7NE1kWOkUM/RtVXW8u1vfcT733mfB39CY+XvXXSbz2fggXMe23SD0i6XOc9RkecoMRnRxFJomo6mZt777V/n2x9+QEZjtabM/XBiTupRSorn7aEgmL2YIt98+oLOPeBB66llYucsqlR0HAkVyegtmRgjdiZYNQZ244b90NG2C1HvqiSHjFIUbVDzLuUQwgAVFQPFeBmZqSIP5TxqrUpRlKHOcVeqMAPHDVVbYRznTDWGpOzMKc5UDUlbsQ1oy5Qh5EA/q2jRFWMrSU08ubiiPWpptBMfsmSDUZVYpsTuIdjJNEUKiaZvWZ4e8+LigpsP3qV/tKDxPblUjLfz+DmhSxYmsRFltqKgtRGqTS2SBFP1bHOq5Jpnlbf6lGr5bpE8dAsSxjAfXp/4uE/+u/qkuvaT/l6lIAeuri94GAZK03E57TmdbSNvnB2z0w37onFZVMWxJHJJxCiRa77pMcqQi3SWdiblaGWwJUKRPX3GksvEOI0U7WmUIaHF5lUzTol1LCdFTAZvHcZYXuxHaoXOy6HZdx1TrOxiJhRF6yUQIyHRflOITCGijRIEHwplDXEcedBZijI0TYN3wjlWtcgaojBbjwymsRhVhVQ0JlAaZxwPT5Y8OlnwtQ8vOWo1P/dWy1//01/hf/t3f13C6rk7eXg5yRDwhZoxkfU2s1qV+RL6MjpqHgRVXkFV6TulrqiXy1xeLWYo8SyHkPm13/mYX/udjz9tQboVaR52/2I7tHeCDv7w/J5Zsf0ZBbeqzwa4HD6PNZrXjhacLBx2Dq63WlwRVUu29YOTFf3CEpRhtTzCNx3DdqBxMl3JswLczl9DyWIlWk8TV9dbUsjc/+IjmbxV2ZvnmpmCXM5qmTPDq7yGJ4uWXAv7VNHaEoqsBsIUsFZU8soYGq9xqrJPmVbJBSEVjTIN6yEwBrGk7UOgbToa3+JLJCrLPkNWmaLA+IYhZqb9yDCOTNst+ynT+Iq1mThsCBvDfuc5icfkaXyYnVkkLNtJqFdyyiuqsU3V+hRtRmXM9Z/cTrdffG6Lrmv7CW1Kvd0FzYn2Vg7glDP37j2irp/zzW99nV0ueGNnK4rsMw87wwNsvVDJeQ7XVnqOGYt84+kl/RsPaK2lJoVtvCQXhUSqiVJEPFNqAefwOtOXic31Ff5cuLkqFeEsa0mueWlTURg976m0m6PvxMvqqhCkUIZsLUkbXLHyrc42KTWHb6uDUMKIavqAxstIFqXTCm81U1QMWYQys1dDbFPesLq3RDtLnZNEqlbUlOXPdk7GUSlCTcQYb5OZDJrqFO5+Q9vOx5STAltCgFgosRDHSQ4x7zAJ8mzzSikSygxpr4bEDP6YI9EOUIz6GR3s3e73gNL5FARDqc/YD84WroOe544KVjoozW675vryOQ/eeId1KuiSuNoHrG2obkHa7wjDVr6/WlBaLmzb7RrfL/DWy6SgCtzCKmRHnyMpZYIGS09NEW0s1joao7BE1MzExlicrjgFMUcudpVl4+iMompH1zQY52mdo5LZjpn1kHDGsvCS2OIac6tdaIxcBFrvsKN0z13TkHLh4fGClAohR3olHUJIicZZnFGkMGGNY3m04HwvjF1q4ajxfOXRKf/57w389uMbXl90/Ks/8wX+ztc/5Dfef/zyMvsJcsahi6QeyNIvMZAFfctAvu1eb01Gryx4X8Vw1JcdtZo/TkRNSghbFfLMJlaHkfahm1avlsCDGKr+gdq7l5e3l+/PmSWlZsX2nffVK3vnT4yj75b3o67ltPesrCHELGLJO6HQi8bx6HyFomBDZNG17OK8n209KAk1UGYWlSqZ3ulSGMbAfhi5t+ixCkKplFxwRva/F9sBpQzXwwC1crZo8UahneVmiiy8TOmGkFFGYb2I8NCKlAvOGoZxz8V25OHJCmMbiCO7KeKswTvD1XqksYbOW1JVGOfYZ9EgjFPE1YkhBYZQSFkRpoGwu0KngKIjaAfqhhx7ht3I5uqS1f37p8WuNt/97vv4pvlSgVVR5v5xHX7UXz3+0W57/aa6uQpj9P+h+aEf/5tKqfi9BJo/cNHtlkefz6LrG9p+MaDI1HJHcpEoGFJMWOM4a1s+/s773Oy2c/KLlsD7+QatqppBNFKoY8o0jWe5WKC1wVpRC1+ut3z7asOPnB/Tm0Ixjl5VdL5hj75F0qmZyTvGgsdQ0obBapYnJ5ATBovyHZSCMYY0w9fr/LUU5ylxQpUsVqA5AL4o+TpyKXRKM1ktQeEZqp0vDymhfIuy7lYlGdHkORGsVEvMiXAAHyTZM5c5sB7AO0tWs2VHiehLvM5W4PtREkxymRF1uZJypgY54PrjBRRR7GI1KUc5G72jaIlHzLWQjJljFCuOLPvLKqrZMvsY5WGQ8fLBi13nyUT9Hocfdw6/ux0yd0aRSs2pQ7e735eQ/ldGlsYQU+Dm4ikPHjxiLJpthouxkh0s2cH0gifDyJQqi7YlacsQdgyhiLXBRZxvsFqTY8DoSqMlESpME1VltCqkFKml4EogmwnvGqZSCWGidi3GK0xNpFxZ10ou0DUtJwuxp8UqatH7vee4s6SYKVmK/RgjxjDnnYL3hs413IyZmDL3Vj1jSOScWHYdV2lkSpnkPKZIIVy2jpIqu2ni6NTiWs/DkyWlRFJO+JQ4W3S88+CIbz655Hcev+CLD8/4n/yFn+R/8X+7ZDdNtxnNn3x9KneHDfUl0bC+1D8LvEK9Mk6upX5KSHcA5LwcMc/rixmAUWdvsNL6FtZRVf10NvMfqqOtfPJNmeundQTfD5Dh8BGN89xf9ay6wwVdFNFGKbTR7EPktHV4qxmnjLci1JtCpFCEXQ44ozG6ysrqoHPJMuE66XoWjWM7jKwajzMWSmE9Cjt9N418fLFm2TruH/XkmNlP4oaIOaOqovdG/L5OspkVimVjiSWTiuOoqzhr59G85mYYOfFL2saz6hLeWRoroTXbKVCSgD9TzTRzWIvVEFKWTG9VUXFkP68AnZ6wMTFWw/UYOEMvr54+/5effPTR+bGrf/FMp5N2e33vXG3uTY/3zWoz8Gi/4/H7V3/5+oe+mk6G/f91e331R6JTfaro9v3nU73sfYNvmgFlcqkSz6bm1BpSYQqBd774Dkcu8w/ff29mLdtZySoqX8nenY1zVRFT4ehoxaOH9/HeS8iA0mhtaLuWYRjYxMKJF3CDsy1h3FFSxs57FqvErhRLIcSA1Y5pfc20vWLRLSTxBwnTrtWJyENguqAt0TZCoqoZrCcbg06BUiolJdCarApUg6pyYGcE56dLmuEXRmw3eWY5zzrOnOS231rNTilCyJRY0I2Z8ZmSmSqeB+lo1byzEYGa2JrSHAV4e3jeiVerWQQxZSbgHHSSSsn3rFWlDIk8RRSSQhJzodEFp+UwvEOsuLvSmwlHer6g1Fe60k8V30/8+93D+ZXu+M5Iud61Dc1LwVJhd3NBXF9gXEMq0m16IsdWkTQ4pRmNY6qOaTeQc0ZrQ8pi2u9TpFku2e/2bFPgwb1TOgPrYWBbJcqMWuisxjjLJipSiXRa8lyHfaDFz2pVTTWaDk2aVd/eaNb7yMnC0zpDiIm+8ywaxZTFF12K4iZInmmdUY7GQOssVsOL7Z6Fs8SUSTnTNx7fGPIcStF6j7GGqiCFhJoiJWeO2xZtnNC39hM/dP+ID16s+dbFyK9++33+4k/9DH/+R77A3/naN6ifmNGq+T11y1m+xaEeErbulKJ6oBDXz0yHuS3oik8nS82F9TbVS915e6mXHe0fenhcX+5fPz2o/jQb/JOd9Gd/Tvl/p4uW1456egP7KQsPwM4KYaXZT5HXTtrb1wzdEIqsaZatl6nB3ASUVCmuCrUPUSeDJGGRM+Mw0S8ivmm4GiLP1zvevn+KKpm3z49Z9S3bMfHtx885XfQcNY4pRZatw2lNzYWc5fVytUCV9d7pomfRNoxBuARt40m1EmJis5tYLRY01jCFQFGapTfoPLAujqA8piSmnNnsA9sQ2U8TYYqUUEmqYEpFpcRut+HJbiIvj/it3/zaUd5v/tf55vqov3dkvUncjCOP12t8zXjf8GDZcv0knj1795v/g3tf+erfTSk9+6NEDn2q6C6Xn8+dbtO0tH0X0LrUIskYRilMldGY9g2P7j/g5tu/wbOLF5K5iL61GxwewoP+odTCvXunPHxwn64RiHZFY+ZdnF0t2DrDWBGvpbYMqTBhyXlPVRZT5MYbUxb0mpYcEp0j+5sbunYhXS4SHq/yzFOu6naPKQHbksmL1lLQjJWUpFqo2pKr5i47otYDGMSK4rnkWRk6C4e0fHyax3dOyd40lwxF2K0lZ6rRt8rdW/FKkX2Omi8seRanGS1EoxjDrTXDOis2rSotuNgZLEpLEZLvQWFKweSKppBDwFmHV0kuTbcMbQHRH9Z6B8/mK+Pi2/D6+qnCarREIt4d++nD/7u7O7ujrhWfd7m9mGlr6ZoOYzVx2KKNk1F7Sow7uNZIikyR913OkWG/Yxsz/dE5qWZqSaAFOlCmLblqxgRl2jEU2R2bUiBngrZ426Mx1DwJhAJNTKI+xnsWVpjUUyx4a2mdIdVKLImYApviGAusOss+FW72A11jOe4bqpoIWbPeT6AVJ33L6bJnOwVSykwo0IEM9FbALCEmQhKfsbOiLE+p4I2+9fm2Cu4tWnZTZEqJLz885usfX/K7TzbcP/uA/9lf+Vn+4bc+YL1/lQRUPlPce3gN1fz611cQkrcQnHpI1Xs5rq2fsaCt83hZHWyBn1H0vmeXMy9ly2cEaLzqGNaf/gXFp1XX6vvrelvvebDqeP2o4WazJ5ckcH9j0LNK2DvNjzw6mzkBFgvsp0hF470T8hiKnMQ3XufNm1HSpWo0i1bsgruU2Y+RXGQ0vGi8sLtdy6OThqoK7z2/ZDvsOOlbsIZGC0AnGy1naS4YpaULnwI3Q6BrG7yzsqJLGWsU949W5Ay7KbCLom1JJWIVWGu5CXuuAiTn2aWCihJeP4TINI6UmGSykwrX2z3XKEyw2JMr3jrrWIRkV3U8U62iXF9xs96L86NC23YMKJxSPLh3ynefffwTpeQfffRDX36WQvjjK7qnp+efy6Lbdh2r1fGktc6hyk5RjIyJgqVbnKCGjSAKY8ZZLw9CKbc3U+m+DClGjo+PeO3RA5yRrs/7jjwf2iFXrHH0bWWKiRHN0reQxQ7ivAiraqlM82i1Kn2b/mMUpBxJc4GbMz5kuV/znC4iB7OAFJTQirQk1ahaUFaM7mkurhJnKIGFGiuHlW8oWguUQdlb8dWBW5yLIsbCkAohK3wq85iozJYrPUM6ZAJQUxJ7kXN4a6kl31qd9JxDm3UkhxlJqbSM44uiFClcVYF2RmDtGWrJ5MahO4cdJzmOtKOEnUT/yYZ9jgUvtweV+cQhXWt9KXz7xE7mVdat+lTKC3fHznOnXkpBGYNrWlzTimXGOZSVn/NYK0ZZqmu4mUZ2uysWppCMYxOyMKJ9y6Aaoik0ywVqEvBK0Y6QwC9OuNco9utn7MIExknyiyo03uD9bGNLgWrk7ax1ZdE3aNPgfI8zQIrsg3S2KEPrFG+de2qWRKrTTlKBQpEL5tJbtIZUJMatFLlkGK1Zdi0hZ/rW44xhM0S01RQq+5gpWSx1Y0roqLBzERqmzHYMEnxvRCvw8GjBlBKvHyc+vNzxZJv4je98yL/yz77BX/tzX+X/+Pd+9Y5a6NW29+W4ubzsWuvLwAs924JQ3BlRf7LQvoycPwA2PlkIP6vgfS9P7cFPXJX69Li5qj9g1PxqOnD9w0wulexy3zxd4oxiyoJuNdoCUhSvdiM/9fopD1YS1ZhzFcxhltOgoCilklRl4bx4bou8R8vM4s5Os4uFOGV2udIVeQ6mmLFKM0yBJ5s99xYLhphofc9XXvO82EeOlcNaRSiVRldUNWhdsXNASsri/W1qQ2Mt2zCiURjjKUpTdMV6CQi5GCtWN6xM4nIbuJoUU1HEEsmlYLOh2IYUwZsBnGKfFftY2WwHjlcr/pkfep0feeccbwpxs6OkiUWaeLpLYodqV0QExkMW/zCuY7y4fkPV+OWTBw/+/rTf//EV3W9981ufUyGV5fLqOrmmyVOU4ljmfMdUK/dPTwhXH/PdD9+XlJ+Z5auUwah6u9MrpdB1Pa89eoizHm09vunwvmEYJsZpINdKromm6TBtJY6RMD/DTiu0cYx5lDEPoOfs3FokQUdbS42BOO7QiyVGmXkJW4RiZNwsKCmYEmUfNEf4lSoc5lrmbrNWKLJnVQWxVswCBoELiJhIK4NRkKMEGyilaJ0mVUUoms5qUT7njJ+pLfM8mDrnBpdSRf3YSodQshyMVsI4JTfTe1JK5JhmvzDghGGsDj4LRKSBsTgnEPbkHSTJk0VLrFwtclvOSos9aU5DlPivT3t11d1ud34txb+oybOfUr/i6Z37EnXo4GVcbVxD03iarsc3YuUxM4Q/5kJMctNeacjV8Pxmz7JsOb9/wr42VBNmqlLF+4ZaBBigradbtTjvUEqRUcRxQ95vQWkaq6RziZnl6ojT1THjNFBKIhlB5N076rAGQszEFGegRSFSGFLm8XrP6cJjjKFzll7QaMQiwq22b9mMkZurNbkWrGnk5z9Ph0DIaMd9Ix2tEg6vNwajNc5J1rTRSvB9pdA7w+V+ZDtFTpcd4zRKmo6unC861kPkS/dX/Np7L7jaZb72rXf5t/7KT/G3f/X3eHyzud3Z1vqJonewfn0irk/Nhjv1Ulr3qUL2snDW770r/QO6y1pf+oR5ZQryWX+m+gNFVX9QJ/tZgJdX1oGN47Rv8Epxsd2zHoSdr0xBZYnIfPuo48ceHrMeg4ybZy+2tQaDMJarUjitJezCKMZcsUUCMlIoeGuIVfPBzYj3IrysSnOxG6i58sa9Y45bj1aFIRZss6AYONIRb2CKZYb+aIn0UzK9S6pStWa1WNA5N+MZFdZo9hGmWmmdqOoNgVgMsWj8/NqvHMQxk7WXSNZUmRKyz60wJNgUhbctXz095k//1Jf5sR/7Embc4/cXdHXLJiamoOiUJrYnjN0R0/6CsNvQGiX1oG1wamOvP3r8+s2bz0lT+P72+G9+H0X3V37lH34ui26VcUHy7SLpJNgxNUdYGWM4P73H5tsfcr1Zi3FMMxv05zETRToJpXn06Jy2X6B0g3YNxkoKyxhFURrjKLYWBW3bEF1hDBFrrcTmUSlZblXKiBq2zkxohcIrQwiR3c0ldnkkPOgqymDSfCufbTOqRIptxQJVZw6ttqgq8YIiANEzxaeitKFohSqGUrN03EaT50ZCaJgSctBYjcGSTGGbYZ+zrJLVrIRGOj49j9vr/N9TiLiukaBpLbvZIvFNAphXB6BBhiKRgWoOUqhUapbOqsSIdi0Yi1ksUfUaHUac84Ra5fcdFgC30IqZNjQLXw6+XKVkPK61vh0rv6JCvPPfr+x45y5A7HQtfdfRdD3OO5w2c8eQRIU+F9KUM8N+TQnnGG9JaWDKAdct6LDsMkzTwJQCRjsMmnEKtM6yMOLtTFoT9zuiVtx7+DoqD2xCJFTFsjNUZRhKoe06vFmgKPiuJynEeqVF8Ry0o2DQWrGbMjEPLLxmoQXuH6Kl0dDYglGGKYswZj9E2eU2hlXX4KysNtb7CaM1be/54GIrO19kbJ6coe885EpMidY5hhhR3rILwt89ahzf3WwZUxJVqtEc957XThbcP9ry3auB88eX/Mib1/yNf/HP8j//v/ydu/ekzyyM6vAsq5dPq2a+gHLnPXI3V7beze/9Hi3k/OcXPv35y62a+oCcVN9Xkf2enbL6w3384X268C2rtuULZz0qGc6coWkdD06OOGk956selRPWCFCD2Q4Us8T0ydRHJh7eG7yxDEnWB8ZUstJc7wO91SzbjmXX0HYNzjqohUXjyKmyaDy5yPug95aI4umk8NqzrBNJQM7EYsl14NjJ+6lUOQ86bzEKttOIMhZrNMSEQeONrESohSMPl+sduW9Q1sqlF82wmbAlS/BJrYzTSJoSjel4+9Tz+sLzYz/8Fm99+YvoYUO6vETtb3hgE043fDsWdtGwJePrFhdGYkqSd240zrX4dsHNi6uz7fraUWv8QZOHPlV0T07P+Lz+ZZ2Lz54/DrWKn04oUZVu1dF5xzefPmHKFWP1jI0rszpWHqqYIvfvnXJ8fEJWXrpDrdFaMwx7qKLyTTHKyLVIaTJWU7QBLXJ3lR1DMDKKVYqakjxYMx/CWU2tkc31C/rVCcY3aHMQVkhh1hwyWKWIFGQnLLurw7529vzNCumiDUUZUQqXw+GhbsEAmjr/eQalI2rOvaxV/KwpZ8IY51GxngvNfGxpRVZz8c1zFqY1GKMpSZSUJSZRkFrZCWOc7I5jQjlBPZYiWEWo1JyJKWG1RflGRoY5ColKiYhL9qoyHdCT2KYOOarMcAv1vby3B4/uJ/jLLzGPwrY2Trraruuwdo5Ur2KrmsZA4zxGS65nyXIMx5xIYaTrV6xR7LJmXz0nnWfcbdnlIqlUKWFci0qBEneMteKXK3R3jDaeYDWx63Bpyz7sKArOlz3WCqXLdy1GC50rFggZLPLzxyg6Z1BFkRHfrJezDL8wjKEyhYTvnIDsa+H5dsBZzf2TJU+ud2zGwPHJEmdlPaBNYgyJqmQkaLTGWenMS66ElNFVsd4F3Kmjb9ztxGCMkVph1XqeX4ystOz0Om846T1feXDML1/t+eB64Nd+7zv8C3/6Z/h3v/IO/+Ab7/2BO83b1/MO3KLcFtjbOINbhjF3VOf1jnvwk0W33vlneSUK8DYC445f+/s/gP9p4+Pv9zB3VtN6z489OuW/8eNvstlcQ4XXzyWoYcqJXApP1gPbKZJyhqRmhXom4rEWPIqmEe0HWlOjdIpZG6hiPZtiIpeBN++v2EyFy13g/srReEe3cBQUuyS++cYaYpLDZ8iVtXIYo1haRHlvLMY60R4UuTxPU6DxElF4sGZ3tkrAh7ZgDNtxxGmhJm6miaOlZzQt07TF1QTWMsTEGAuqwknreWPZ8XpvOT1ZkbslHzx+Tr++ZLMPjLnwLSdiwl11vLArrgfFm/unNF5h+gVOwxaD0Q1t15GG7fmLj95fANefUMT94EXXefe5Lbreu6C1mZiJOqXK2NA3PWFzxcXTD+cIM8HNHW7SGkUqlbZxnJ/fI9Gg0TSNwRrh7uZcMFoL1EErUgximXEFg0M5RwmJfnkMGvQY0DlIJ2Y0KgkL9CCAclqhYiaFEWKcO8w6w8grZiZDVaVv1b7q8O8lorQIweahKUrV292NVmK9qQdvYGUu6pqaxV5iKtKR60pOVaLcUiFMUfq/KgdbKvK1VC28aFSi1EqMGWu5HW/nMnehxtxar9CQVBb1bjUirtAW4+bQ+WIIMaKcY7Ia5aSg6FqESatuuZaYKp18vaMu5hMjwk9agj610z1YPosUYuMdTdvTdh3OS/qUvB8kfi9MkXEKKKXwToQrWWtUzCgne6ZSRVQ06ob1VDh2AW81uSpyzOQqsXCtClLUugUVjc4R3/fsdzs+fvwRjVZM8/OZtMG3C5zRpDRStRTXab8l7ROL1uPMPLKfpxcJCWrXZKYYuRkNORdaNXtbnWa7DVitZWduNefHZga4aOlkaiWWQucdY8zkUvHO0jeei82e3mr2QxREoLbyejpLCIl7i5YxRG6mwNGy43hMTCHgtKFicEZz76jjzfMF37nccN5f88XHH/Nv/9U/xb/2wRM2w/hPtc6ozxjJvhIgoOYI3NtRsHo1Xvcz/9J3fk294sf945/GVb7fda5SimXb8cV7x/yVrzykV4UXOfP6yRHHi55NCKyHJCs0pQSzeEgmQ94bpUgUX6RS0OyTImrojMXoSJpBFie9Y0iVJ9cb7p8fkcfIxXbkpPc4Z/EOLvYTSTl6L/F/YxYtjDEQ0DTGY2xCJyHiPQ8aUzTNfK1xxjJFuSinNJOejeyW97GgleHiesBZz2LZsh4GLq+u2U4RnTXOtlzsI3XaclwCi86hjcI7zSYVrkbN9GxgNW2YponNVHi06ljbjv060LSedVXkaWTvG3yzYsnEi/2ewXlOrGTN52n/4Nm33z3KOV2rH/At8Gmfbtt8jouun4wx24P6tNRIVdBYz/XlM27W13Mqz0y5OTBeq3RdJ/ce4BbHKOVonex9h3GQm3DOonqc98SlVKxR5JiIWtG4RrJ1jYxwurYV0Uya5sIgu9SUKoOKLBqHszDsdyxLBSK5ykhIm0gpImwRDq2Mqet889LzrlTNN9Vy5+6uyDMysojQ6aD0neO7cnlZzCRXU5irU1GkVJimQJ0hGXrOFr7ViGqFcYZcRQhmjAjRUp6FR4C2As+oRmy9Gi0wjizFt2k1RllKzZQqAQEpR3Yp0dmKCeF2jFyVQfhJ4pmuJd+yqO8W2PKJnNW7o+VXCnSZOdzV0PUt3XKBbxq897eWoFwE4+mMpXrxQKYkmcVGa4wyKJXQWdTB+1jRxqGMYTcFRlPQxrP0iRwVY1GUaaK0DVNzjG8X9BZiSlQUR76yu9kxpUjbOXxzjFYiUtum2edoC9txC3HEGYtNQlzrtKNUTakRW6GqhO8sq0VPiIntMNCdrGiMpZRCJnOybLmeYBcSJ5105lDoveGbT69RWqxDCWi8Y7fb08076Kv9yLJvWLYNjRXMaqmKKSdWXcP9oyXGezZT5Kh1XMVMpeCt4ipmWmv40r0VT24GvvV8x/l3PuAv/cxP8a/94k/wf/ilX/++Pavfy9f7Spf5GUXzs3an369vtqo/YrH9Q/o+rTGc9x0/cX/JF448l5sbqIq2admGyMVu5GaUkJNaC95rpljmdQvsk0LuW3LZ3o6ZzTSxnSxvHEsS0S5m2rbjdNWgt3uosB8zq74l1YkxZ1pn2UeB/dQqIQ4hVcl4roVSNEYXLJmbbcCrinYWrQK1KMkPV5p9USytnFv7kEWwaR1VN0wJxjCxL4peGZS2rLrFXHAVsSrG3YajsOfYZKKqXBZhQpMtx60lV8MwFcIuiYDQOWJMVPbsa89NajBhT2chtMfcVMeLccLQ0WpxoRjfsL+6fPDaj//McnFyKmf+H0fR9f7zW3Qb7wfj7Lbe8e9VJSOazdOPGKYJZebDeeYjl9kWYr3j5Ow+xnrSNM4gAkUIEescRsvYcZgmYowiy7ey78tZk3WkGsOkLDFr0BZjNDmpW0rGIbgglkypjs471rsbconYIlzi6jspvCjyPPY9eFFvz5LZ9K9nAVid7RQHdJuZC6BgIsUG8Aowr4pVZ5sUKcAUmKPzIIYiReYgJDFSoI215BgotcroU1tqlsSmcoheu6PTVNqQZ9CEUS9zUEut8jObP0cuGVLBqTlpqGSY9vI1VwkbUEpR84z2/AS44HsRqdStpehw6AlP2xhLe7SiX/Qi9JqBG1oJBN9o6dSLrnjnwFpoFVOcSKXSWMFullLIJTPmCtqjGcg1E3SHNgbTRAgNtkCug6werMYp+d5RDlsTJ61DtY6b7YSh0JSAqUUcy3nANB1Hiw72maQAMjGM9FYEWZ1zjEOiqkxQFtySISuGIc5rAYPW3Gaphlzm9BuN0xVvNfux8sHlDrQnYXjyYsu9o4aTRcvles12nOgbz7ObK+6dLFh1rQgRU5aLUJXJSGtkt7yZMiFnus4SQ6TR4utNIXDat7xztuR3Pr7k28+2PPrOe/xLP/UO/9nvf8jXP376hy5m37OYqu8h/PjD/Pl/jIW21voHyLo+/ddx2/Jg1fHlB0fkFLjaDyzaFoUkW8Uia5sxSbLRUd/QWRmTy69rnHYMMaG9ZaqJjMJrS0iaHOWsiMXweK/wGE7blhSDsJSbniFKrvCQlIilcmHMlm3IbKYoIkXfonQlh4lhDOSmI02F3sj6aUzyedYBSmPQtWC1kMAui6fiUWVivQsU0xBrZb3bYqxjSpWrIbNf37AgkrTiEk1E4RtL71vO+5Y3j1uKa/noasfFuOO8NXiVGDY7an/CuDqWUXpj2VnPIsF6vePMVb543GAP1kXfEC6vX1udnB6fv/E2OcY/nqL74Ycffm6LrjF2ijHtrDGUHCVuyhh0zWyvnsnoVRsZxx7OdKUoKXHy4AGL5ZEIYMaBpnFiDwqBnDPey16vKvDWCnjeWYISiW/OGZyhxJFYAW3xxhBmpbTYdeaoz5l0tWot0bcSDG40dX9BMYbqGg5hZ1WJN1P2IDLiLmUeo80FOJeMmcflVZnbAirZma/yo1FCnUoVcjFMGFIV32ctEA97S6Nvfbmygi2gDNob2taTayZFKbho8f9RFcppQR+WWWVcEtYIxrEq2SXVmSyklCKEIJ7P/ohsHCqN2GhIppk7enU7vn65p321e6kHO0hl5knfHQ8qSsmimPQNi9WSrpNoQWdkj2lm9KS28iJJ5+AYh+mWwV2K7LOqVszvIHKp5BxR2uHNQCmKUTUcMVGnSRTTWoIdvC70eYsNllgqrmlRqaKdZtFq1vtK7zStioz7DSp7AYRYTQqVtu3ovELlJJnFjacqzSZGMpaaNQWHzYY8JVrlWfnKPkNfFU1V7BLcDCPnq4VMUeYx6i5Eydm2mg+uRnJVjCGzaBpeOztlnCb6xtF7R2stY8xQKtbAwmpc38prqhW6JDqr0KYhlUA2BlULi9YLUrUUHp12PNl0fOdy4Pzxc/7Zk2P+R3/uq/wv/x8XhJR+oAL3fXW16k/u7PmscI0fdETtjOF8ueSLD0744fs96+0NpSqO+p6QC2OWtCC0ZUwDU6oYo2kbR50Tiqy1xBSx82TOWoeNhVxhkxReOZYeMpmbQdFbw7JvCRWer/e0rqFtDLpWOqvZpSTcZSV+XOccC6fYx8w+KE5dy3JpWE+FISSSdyyMImCIKRFS5jme3nkWzpHKnpwisTp6rfHeMg6ZRhWGsOfZNjBMhZoLQ61cM+tH0Bx5x9v376F9z7EHtVzy9HrPuNtgciYFEVyBIdqepBQRTaAhh8pVnMhY3m41nc6MNBJcoQxKm4c3Tz9+20zTr5Tv5734C7/4Ty+6kqf2ua26SWszFYpQV4YdXbdA18zm6rns1+YoaCEaCrnKOsvZ2X1ijEzjgDVSKMNse6m1ME0Txpg5NzejqyUleVNUrW79sCjZrSijiXMxKLM/t5Q8i6Qc+5TxObNwUKYB1bXUaYNpV0RjbiX/MiNSUJJUbGtFJDYjE42zcuBldTByClhj9jFqJR3rLZayIhSBwzLwdkSnxcISMilXPHN4uZ7TX2akm3MGZRRpH4lBboLViBXJKC3dKoegekMs807XGFEv50rW8uvinRRRRHEG3zvq5UT2PaoUzO02Tkb5FVDpJcBEz8HgL1XKs3ANsVDpwyVHG7rlirZb0jQyem+8o2ndzNsWQ39M4ltVc5qfNYacM0qBd15+fSaB1SpipkylbXti3OMN+DJg0ojSiilrWpVwWtYTm/2INUp29WSWumJ0z3HbkDrH+b0HKO24vrmhhsDkF2AXZGtZDzt6lVk4CVkvzYpqPMNuLbg9Y5iSZrrZY2rmnbMV1WpuqqVJhrEWnGvR+xFKQXvP5X6kpsTJoqHxLU+u91gN3XLBlDJNrpwsewYvo7oHx8coVdntJTJwqS3VGKhqPug0U844o2mc5cl14HqIjCHQGkPrBDt6tmh4+7Tnt/aB33+25XzxPn/px3+a/+ZPfYX/4B//7n8ljx71iujqB4lDuNPl9h33jzq++vYZJ77yrecjvlnQOsM+ZcYCMWYSkIGUE0M29KqZwR1WPPxpwrVyObMzsGTIIl4yzmCsiM8WWp575QQ3udkW9iHTekOnFa0ufLRJWNNRCnhdeW3hgMp6TBIP6i2XE9iaOG8qVRe8LkzFUbXD2kyIiVGLpalFzUKqyoshstlLjOd6nFhvR8Ypg9akOQFpYWDRNNzvO0rXk2zDmTecLxzb3Zrrjz7A1sKi6whRwlisqqgwYtxEMQUTI9us8M6z8paoComERfzFWTuqMnq4Wn8prU5NRf1A8+VPVdjV6uhzW3OddWl9czOWnNAhkIetUJHSyG4YQBnMzPg9PCklF1anJ/imYZx2GK1wzhKjxO4ZIx1BjHHuduQWnXLCaxl35lwIMdE1Bt86dGqopeD7Dh8HhiDeUzXTjUQ1aEi50JHZXXzM0HgaiowDZxZwLnmG42fQBmOkgDLvdCWKUNKCmEVWtRahQM1iklqq+FsPv67AWkUtmqwUDZJqlBBl4xgz0zThW0vJotD2WuxBVYv3dRoiKUbIBeWMwDGsFb+uhloFXVEOn08Z1JxVXHMhxSyCnlnd3TQNqWRM49AqMx3dIw47sVkpAd0rpTC53MbxzYnBYmyfyVRG61uClKhtE77pOb73CN82NK4RX3DN1BKxRkkSUBUebMkiQpOfG5jZf2yNueUz6xnpGUuhtQ5yQpmGpD1FKcKwZZpG9kmTlCMUJUW3JHbjgLOG1jn200SjC6ZThGnkuBfLQqga3wwsWsOkmjlwXiAZOVauYsXaBhsNRiVqGMjag7LEGGm04bxriFUz1RavKtsh0hrDyhms1jTOsJ0SMURWTcN+inx0PWCs57hR7LKkHYWcGLYDi65jvd7z2tkRzlZSqrTzxTTP4JektPzsSiVWRZxEozClypgrMQUab+UC5Cwny5bXTno+vtjwtQ+uePv+Y/7Nv/jT/MZ3H/PexdWnvLt/Ut3vZxbQ2RXwg4up6me6k/6gOnyY2Fijub9c8ObZkq8+WvL44in7BGfHjljFIztV2MXMlBIL5zC13PrOxySe21Tn4l8KsRaxJVqNsYZhs6ZtDMY1kBPkzItoqErxeqepvea9nWWMDu3AmUzImrEW2qToHTRUtqkwVoNWmV2IfLhR3Os8Z15G3DqBNQjrXRuKqmzGCYVDG0+qipwS+92G/TCJNmTa0ajKo96jrKKxjtOuIZkWbzU/+mDFaDu+9t0n7MctO33KRx9+zHRzSX92hmkbCgo7n8/FO6yamJQiUFlajfWOVit2ubKvls5oChmoeGOYUvzhj54+XZWcr/9Yim7ftZ/rouucDXkKHNmMXxpyHknjnhgFVag1Yt7WRnaVxtAvjiUhp5R5pCxxZ86528gzO4Mo0mxx0XOgdM6ZlJIk3ihFiAVnHZ2Gvm8wKTJOF9Qsb/xaZQ+mlZEHJCR245boHQ8f3COZORVnvhAw7yG1FhU1RdSy2ujZ0jtj6bTAKmSEpmcb0Uv2bJ0FSEYJHcqgaTRkVZmoYkPSmhQSaUpztwy6qtt4PKp0rSUlGd84S6xCo6padqY6l1t8YxZaOcUoakmY+jIhqFbZOxttaWwjUYSuxXvDhJW98gFLeTCFHDJzb7m1h9fzJQqyzrGIOSW6xRFnD95AW4OzBmctvm0wuhAnwWN676lVyc3YGqxp5j218GNzKaRhFMZwErUo2lBTZphE2LTslnTOQhiYGsvYHKN1Qk97thWc8biSyGliO2peu9dx6hJhv+YiBW52O9q2ZWGu0drgnQW34MQaxprIc3h9tj3b3Y5kKyuVWWqZBuzzTOHKBeuXROcZq0YVzXkteK1pnGai0DqHVprNfsPDRUPb9Xx0teFmO9AvDBFDbxKNLQxJk/GUAsvFYj7ENdYJBIYCw5RYNAalIRfZkReE9OO9p2kK2hk22y1MCTWD7hdOc2/V8GI78f468A++/i7/vX/uPv/Tv/wL/K/+/b9LKuU26P6PcwT8/X8sL5nb82z6kFD0spa+TKpStx+rXkGF39V11TmOT/FS2PjJr+1steBs0fKzb55zZuE76z2d62md5dluJFeDdRajwWuD1YrG9UKmGiNWKVat43LIaCN5zZeTolZDqoVMxWvxWfumpdGWmjLbXNnuMjbveeP8iJsM+zCynizratgVaEl446jAkBKxOJKGJQGvCqet4SYW3lMNtRga7Wkq1LBnEyvGNpiauRkj/UIoVs8ubri+uOTIVM6sQjUa7yzaO7bKsaElKo+u8KfvLXlwfsYH64kzNfHx48cM62uK0thmwfV2hCj73JUHtzjhwp+xzYZQDN5XWsCoilWZdTE8T5Y3reQlZ6VQrmFzff2Vd9750so6d/2D3Po+bRlq+89v0XU+adeGzip6AmHYcPrmD5NSYAiThAqUgtFy+OeURb3aNLMgRGwS1II3jpwPMPXyimjjEPKtlMz8tdZSlFNinG0fjaq0TcfRySmX2z0hhlce+lIKUy4MMWCU7BbrrD+WEGgEclGRwa+QMOTQz1HgbsrcUfMaFImaM0XbufBJAb6NLFMKgyYrQzaKxhlitpQwzWg5UeqGvcTIGWMJ04gJEessM2xZVMCaOdXDUXIUuhF6DpAHbyy6zGKpGKUbdl72zfMhJKNoRQ6JtluiV0fo9oIcpjnlR80B2zLiV7Ph8pDFOve4IhSad71aGUqK9Msj7r321rzTTTjnaZyhpomMTBCMERpWTBKrp5QikUg5EVMipUJMUYRPyEVlmjH7qkoS0G4chP7Ud0xj4UVu0E3HsjUcFYWN8t4bQ0BjcM6RTA8NTOsXPF9f0ThLbwTlmZTBVtkhxxiZYmVMcNR7jhYLuplGZXViTcdy+To+joQokPihaDa7RIwjToE7alge95ScaVTlaoish8Rq4aDpuMmaRS+ABbmAdezJLOpAqhrftmzGgePOo41iM040FhaNpQBWO6oShm+olVw01lQ65zCpsrWKEBSLviOPkU4Zpphx1tJ7y+tHPd96Hvn2zcjf+83f5S/81M/wz//EV/iPf+v3qNT/n5wjt5nMvMS0MnO/JZ3os8bLs9jxbvDGnd8n/oV5YVLrqwjK+QO8NdxfrnjjdMlPvn7CxeUltVqKgqt94CZmulYEjFOuNEaTShH2tTWMY+G0M1yPhaoMjTXkGcSSi0R5trZwvGwpVEKqJGSy15mCyQGjYKoGa2SldTHCJCHe+DmcPuUiIfKlcuYKndasR4Unc6QrQ1YUDFOEYwrHTnaq+xgZpoT1Lc/Wa8o0kW42nOvEqvFU4xiVITUd2TRcRniwavjxE8eRUbTO8LVvvsu7T66xjUH5jpIz/XFHsJZnlzvKmLl3fMqoAzEEJgKTajFEKoYr1XJfRQyVpZbJ1iYpVkYTlSFYx+bq5gt//otfPutWyw9up6J/lKK7WHSf36Lrm9R7E5yplGlC6YpbnXDz8ceUlGZBkxQoUZBCv1yK+i5nsZ5oGUHHlMlJSC7Guvnhy2AMwqPPKBUBPSuYA42zWO+lIyWTfIsBnH9GKFVCyjFgG2zTkaaJYRg4O1oRqiJXjc3CMq5xQrlupj1FdC1o7SQYIAxU61F2RrwdHnBj0FXfPsTlsOfU8w19ntkVJVvXojXaiDWozB2lRhGSjFy10pSYyUqjrZl30tJ9pwqN0ZiZcKOqjLFTEYtPNnbudg/wDSORgTnPYAsgZ7TR8trkTO5aQuuhFqz3IszR8n2UwkyOEsKY5k6i0cGTqSDnRNstuPfodawWethyscBaBVVSl7SR8XtKiXEUoZwxRtTHgyQ41QopBPHHz5GGxhq5DNUqr0sxxCgdrOsWXGTLiKUvlT4lTNvRauHlJjR95zmyms5E9kNiOxV2WWPalup7NhH2ccI72fmbmRrW6ok0RIJqaJynM5ERRcGxocF5j7cT1zcbypTou5al8uRpizEdoSpWs/f7Yjuw6HqObcvzbWFfEycqMOVMrAZtA2CJpiFkwftZDLFUjBLBi6KymSK9t3KJw6JmhKmaRxO1FqwqtNbw7GZP1zq0LfMFyNB4j2HgqDecLRpuxsDXP77k9ePv8G/+lZ/j609e8N7zF7ed5A9Sfl/J97lNinppFXx19yoCOQOzY+BlFu888xHi2yGA4W5cINxqEz4ZVyifUt3++bLiUQcHG/kQPwicHy25t2j46dfvsSDyu1frGfKW2U6JxnsZIcdMzjJZYs7+DgWUtmAcMVaclUzu9W4iF0PXeFmPoG/Z5DEmYjUsO0vjFK0yaCIXm0DSjmssm2A50oFUYVKSvR1rJVAZQubEc8sYaIyi1RWdA0MqNE1HUwsozRgK+2kiK8NuN6I2F7RloneOEc+z4ijKk61H14Z3Os/PvbUUKMYUmBJc7SMvdoPoCnYD5IQ1UFJhs95wvRt48PBN3PKUkHa4GjjVic5mNtUTqkLpwoCBUjj3lXe6yoSlKsuIwehCiPH1m8367Wa1/M0f5H33qaL76Oz0c1t0u65X31FZfefrv8tbZ0ecn/Y45Rj3gwhujEFrI17V2T7VdQtyyuI5rTCNk3QjWVS8xlhaa2RfNROi8uzfSkkOkVwyzOPSgzVo6haErJgiJCyFiNEGjZEwbiwQCEkoy16J39YpYRyraStdr12iappHxEW63BSoriHNcATUvNNRGq0sZU4jUjXfPtxWq5nmPHfaKHQV0lWZhWXMiMFhFJGUdgbrzG3iUYmJkpM8tDNoPmTJT1Uznk2hMFqsVLVITIGa+bk5R6w2Aso4qKKRIOwSEnhDaToY5Gt9yVius3dXuoxysEDdsnilY80h4NuG+49ep+0X5BTprJeCOwvLnLe3k4aUMyllMJrrm5sZaymBF4cw+9sxop5zfZUwqg9YTFDsQ2CxOGEqgRoHooGNs7RGQuTX+4ky7vGq5axvUfGG9b6wywbTdQTjuRkLTZMpOXMTC3vnOe80rcm4eb0RUiaEgrZir3I14VMk5sJeCbyjdQrfOnrTkq0mFM0+VJTT7HdrVo2hWx3zeBPorKZvNLvtxDBFQskYm2lXZ9zUhklXVg58TWzDDlShc4qla3ix2aELuE5hqqwZKrLfVfVgZdO0xlBKZQxJiEQBPJXWWhrvGHPm4XHH9RC5GjK/8q33+e8/esi/9Vd/kb/xN/8jUil3SuenIxvVDLdRqBkuI8VNzRdMpcSzLw/KbAerddYdiBCuzuI7XcHMf87tUkPBIURQrqR1fsZfqei37xV9y/S+m5Akb3ehY6lXEoaE1aKky+06vnj/hJ9844TN7pKQK733WG+p2jLlgp1XWGYOoc9zXvAmVqwTPnFjZCd/MxUaY+l0QZPRVvzo+6LpdcFZgWfsYsFoWHSe9V4cG35hWbhCKoZcNUNRmJwZ68zpLgWvDGMW50bM89qrFkFOarAlEIpmozzXaWAaA9NuS0/hxIFvPC+K41p3wri3hjfun/Dm8Ypu2qCHG55cj1zvR/YxStCHNiSlGYeRpdcsFy0pR/q84+1O07aOojRVG1QxNHHPkU4M9j6bYliRMcqyLYZFgc4aYVEXi4qarBylKH39/PkXjda21voHSph/+Kvfz3jZ5s9t0W18bW52N73fbnj06BG1W9F2DTkNc7rMS/pMLdD1C6yz5BQpWYpoLoUyjVgl4cvKOEJKpDnMXiuNdQYR9irCFEgpHZY28w9ZE7RFp0SJEes8jMPc6UURX5Ug/OB2Rcaw9Gauegmd4xyHN+9Ha5V4viJxd7XpKGghXOUooA7vJQLuUOR0xVQthYsDQGPO5pl3u1qJktbO1iZrRFxVYyLFKHujpkEreRBrkmlA1gptrIyZplFSebQIu6wTq1UtlcZ5apHCnGtB54puRFSV9qOMy6vsl3Jco5NBe0fdZxFRGVBRk0qlyJwdXaV7PliwDpipFCOuaXjwxhfougXGeBo308eKFFzrzXwhkD18ivI8HaYcU5g4Xq1IKGIUFW4pwo/VRn7eB1+yQlTRJRf20yjmeqXQJMJegP/t2SlN32GtZxsLjy8ucbVnuVhxXRsmo/G2xVmDVSLcU77HV1E7j1mzQpFCYswZZSXge9V00oVEWJC47yp971B9S1aO9ZTAw7JbUGuiKMM6VdZD5c1VL2PC1uMM7GLlqO/wVnOx2bPZDex1pDpDwtDkQowT424gOhicpT2zLFs/o0JlupCqwO5rUfh5t17GCWsVZ6ue59s9x74hKCOOAQ2LVkRcqwYeHrV8cLGhMZVf/trv8i/8mV/gX/2zf4q/+V/8qmgqFLfiOTOjUc0hz+POdlXNhVe93J7OFW624FHmNC8RGpWKiI4OUY6zkl9xCH9QB9f/ATYpa4zbna/82bfFdl7r1PpJ8VadsZRqzn5Ws0hSPuOD4xX3Fx1feXDMcVP57uWA1VpSppRlKhBLFd0GcvmLuWAMYhlCk2tmlwxHDlIubIPDLxRm9hNsxgK+4qohAgubycA+i2ffuxbnK5sh05NxyrKwlZtkGZDEoJMpct4oWaOR2Wd4sZlQCpZ9z812I4LBbkW2lWXjudzsubq6Ypn3PLAyObyumrE2qMUJR95x3hnevnfCa8c90zjxYpd5vs+M44DR0Hcd19sN2zFSqsY7hfWW1lpJxfItnV+QlGZbwNbKuZ7YNqc8VUuGqglFsdWGvkpHvrIwFLiMwqYPuTJVS9KWYb1+a+ec+6cV3e+r07149vHntujuF323v744OTs65XhxTD57gHGWYbebu607D4lV+La9Vf2VXIg5QS48un/E6WqJc45l34B2vPvRcy6ub1j0shNXs7K1zt3docMVkZAm5YnWthQre7xbPrDWojoet2jby06xZKyxxGlE9VkebWVnt05GI95WXTK4lmwstSrisJNM1phQZ+f4/ogSk+w9DyBaJWMmpWRsLSJl4USHCKYWeq9QxVJTkXFOrqLedXaO7hOAyFxpZMybE2XeA2utCDndHktaC03LWEstBV0ztooh3lknu+O+I8SRlCU6jpRxUVO9JylQMR3uB7P1Z6ZU3WEnm4PKO0assbz+9hfp2paqFZqIMbILdtbc7mUPRTbGTM5SrKcg042maSilzulQ0gWV+bAs6aU5OucyrxsqMUU2ux0nKdEZTVTy91QKu6pY+o6276l7zzCMrMeIXXmWy446REpMGO8JyrAdC5hC3zVY37AuFZsVSieGrFiqiiLydO+JDk58gFoI2rMis54iF9sdOUZ2jaV5/U1ySTy7vmLKhkZZ2qbD28I6KnYhMiVwnWHlHEobut4RSibFSLYSej+NEVsVuyBAkMv1wNmqwXtDndchRluKcuRSGFOQy47VqFI47z0hJZyuaG/J0eFTpLOaxjtSqdxbeC63nufbwLtPr/jNb3+bf+Mv/Sxf/+AjfuP9jzkyVlYhB2HfzCK/Hd/Wl5YxdRA+HZ75IgVXpiOH7Gn5vXl+f6X60mqm5s52XmK80p1qXoJq9NzNqqpf8QCXUm8FgxymX8hFpN7BUtY5ynPRtjxYdHzp9Xv8zFtnXF8942Iz0Hfim42pkCpoY6ilSna1EvFjLhBTZtlZPt5G1kXhVgKILRRiErHiJiSs6whZwCU3UfN6qwgpoLVnypZnwfLVpWGqmrE6NskRU8bVhKqaXa4MKROtsAAmFPss2gijC5uQiUXTOs910sTtlpXKsN/wmlK0ned4taS6jsvtxJurBT/5+jnrMWDiRG/hgw8+ZDvsGYti3I7cW3Y0GtFEzNx3bypeVeJ+x0U1LI/PODmGUTXc2JbOFFptWShN1HI5WCpNayGkQqmK3mketHLZ+O4+0ziFM4qsDdU41uv1m8M4uFrr8Ecuus8vXnxui267a+00DK1tWhmbVkVNhRgCIIk4pcoD2rZCDoKKdZphiOSc+cL9Y3zT8OTikhQzfd/wpbfe4E/9yNv8+u+/z26Y8N7ddre3AiUtxUZpM2MiZVScSqI6jzWWlMXfWbKA4YUhUZlUR114yDtKOZsLdEEr2X/WXOfRcUHliVgKSxVo95c8vd7KwblYwuIQx1dvb+7yzM9wjTkjt9R5G6QVjTX0GMiJi6mwj4UxDDwImb7x5BCpcxGSLF75PQWISURgcngUtBFLitEvOcbWWYoq5JRx2mOtk3Q/ranz4W7mIIVxGHApz5jIQ1gBaK2wVZJIKuXW90wVlXJKifuvv8VytaCkiLMSHVayKJK11tR5DzyNI2MIhJjlEC8a69xtPxSCoCatMaRSqFUOVQmGyKSSiancwldCjOynxOm9HUf9inG2YNQ8sN3c0ObAqc341ZLjhaOUymZI9AtoO89NhklZUqmkEnFGMkwzak5gqihnJIDDVrwr7JNhGxMdERUGnpYj9mqBD4GqNEfn5+gcuXjxHJVHGu8pxqLjgKC1G2qCTkXafsF3L7Y8aDX4FViPLRDSnGOsJLw8KY3OEzEndmNh0UnSkSAz52lB1bKmmP3ZKEsmYWzh/qoj1cqQ5H3Sec/g5SJUZh3F/WXDt8bAizHxa994jy++9hp/41/6y/zb/6f/gMv9jmPfvuohUvpu3sFt4tDtAOTgQdf6sM6Vvea8kxXy2yxfrIWUX65fXmJG57AQJauNW67bncQjdfjvWZF8QKfW+hJLWtVhn6tvh9Upy97+0WrBGycLfuGLDzlzlX98vWFKBZ9g0pWCXGrUISO4iKDSAGOq8zSncLkbwSlSdRQ0ywa8gV3RTFlz0km+7tP1lsY1lM7grcTr9SbxdLSsO8dpX/jdjeVyqrxpJ7yWtLJooW1adimiaiYqz5AqucrKRRuN6Tp268huc8E99iw03GjLc9WCXrB3K7501POnzhRn58c8aCr5oxu++/Qp4dkzrnfDHEQigjuTPL2ZnwelsKpQUkA5i12cglY4Aue954qeoRqudc9I5nVbMMawyhnQTAglcEJxmQ3eVu45zXtjZURTlUwbtfVcrncPX//CW+4H4S///1XggXU2r5Z92LciZtpd3chDnWbNqRKva62apu3l9jl3uMM08trpMaUUPnzyjBgiwzAwxczjZ1f8+Z/7MX76R9/m//O1b8loSCtSlAfMGMHgiQVJ3RKonKmQdiQt3W5McSY4zjf0OSg9xEQMYlgHMDXMY7KKyRNTzVQ8fdoRdzdsdc+jBXQm8LQW0rSnpESZ83vLoYQofUt1qgcbhGT7Ccs5CZh/NyWu9omYIddKGAPTlOah2sxNnsEbKFE1l5IOshAZ33IIkld471AYrALmnXDMAYvGVbmDq1ywylJbI7281yg10jy/xOdTtsqR0BgNIedbxKTgF6UbqVUUvsdn9zk+PRPoReMlmrDIyE8rxTQMhCQJSDFn6b6VjPfU7DXVVIH4K7BWhCZGKTKFKSX2454cE0YbfONYdo6uXWFVoTFw5GQ3Z62n6ImgCmEYuBk3nLWWzmqUP6Eay37KkvhizW2MYiqQ0ZgccWFAOcdRP7HKEZUbXj+qYDyXdGgHJxWaCkNR7BOkIXOiHItFi2qPqPsbctiyOrnH/XvHXFxuhL4zFfYZMJbdMDLlynY/cOo82VqebRLLRlO1aAOGFGmMJ1RDiBNeV7R3jNXQFCEjyUUuSh7zHGdpjGEKeQ4YcfgSpUtTsm9Eabw1nHaesYzEqDnqHQ+OWp5dDzR64O//k9/ir//l/xr/+l/8ef53f/uXiVFYwKWWOeJx5rzc1sBXZcVa1VdUxAJkU7MHV9YSktg4l2st9rvCYWIlgjmt1VxcD44hERnWO95bdTuCnq1rdzbQdc7SLnPkkZ5d7JnK6bLnteMlP/2lt/iJ+wuePv2I7ZRYzl3uEDPWOubAL5xSxFKxs8grlUzjxflwb9GAUbQqUZTGGVENl1xZtW7WeGiWTcuxL3S6yOs6FhoisVi+vYa3u8o6JGIR3/02aYoqHKnE84srdvsdb54foRp/K8yaiuJyu2Pc3HBa97xuIJuWj4vhUnVk7USt/OKCLxw1vPXoNd5//JR3b67YvHjGfr+ThDTfo9ue1nsWJVOmQFWGpVWkUQpy5xxHyyX+6JzjMhDQfFyP2OoGQyEozbEKFG3ZF8+RTcQKT5MSPG8tLJwiaUPVVUb4cwBMmsNWpmE4/8IXv+jU3XjQH7ToPji797ktur7x0xtvvb3Zv/cBOUyk4AjTIEIfrWawggienHMzdF8zTJHjvsMbxbPLG1JM3Gy3DENAWYXabvh//+pv8Vf+mZ/ji2884t0Pn4oIYYY3MGfaSuCOMEdjyVTlWXnDVEUII7tk6Y619SjfY40lTzvGDEetwVBwJaKMjHBcCYQKIQfMtCburohpzdS/iWmWuKZStzvSzSVT09K0HR5F1po8nwoVBBwx5+LqefyWK+ymSIqZpVccOcveNAy1UqYMWQ5UZbTsi7W+TTxTt6PkubBXwWI66yCJJUd3DcWAUo7GOg5JqJJMNGFqwsRMXu9g3DE9f8HV9Z7+9WOy16KyngO4DzatUgo5S6+QQqRfHfHG2+/QNi0VEUCFGOawbsM4jsQosWchVpwTWlLMmZASMabbIPQQwywag2EIpJwIOaGV4f7xMYu+xdVK6zVKWwqOELaUaWAcB/TymFLBKS10mzoRauFFqJgw4mOh6xqc0QRrGYbAJkaK6+iN4rhRnDeKaTsxqBZvLSaNhO0Fa3OCW94Ti5n3nPceQiLrhpxlCxm6Y3wZuHn8XXLOMqbuWlKRIPrGd6xrZrsLrJYt29xyuRu4v1zQNo7LKbOrlkemUOuOD6OlUR5dAtP2hoUuVKMJWXKL92HC20otHlUNrSrS9RRFYxXJFFIQcErRmpIijXFMpjIog7OO5aKnGyb2VLyXorufMpdD5FtPn/NLv/6P+Bd//uf55tNL/l//6DdpLJLFelvo5n9+Roj9Syyj+GO1UhQtl25Flb2snuUY6Dl5rN5ahg5FVanD2Prl/7+VVc1KaK3UbQeLOoyRb3XMc6dcZ2xqJaZKaz1vnR3xw6+d8/NfeEgJaz5ab+i9RynNLolHv6AEHpPlRJcJjGMqRcA4WIqqtM5QqqIziYimzh1va0UoOVWJd3RW0tOokV12vLvTLGvGaVkVvLdT7Kpwkq+jxswM+G2trG+2GJ14sQ0SbelbhjGwubkmDhuOrSZpzfvZsckOowz3F44v3D/i6OSE3WbPR0+f8uJmzW59jRo28voYhzMW4wU16zX0zmG8rAc3446AxyzvMQ4b/DShcia4jnVt+K46RZfE63XDg3xBbxTXdsF9PbBwluelobm1bBk6q3gRKu8PYCicGs1mtnxpCrtxXDRt3+o/jqL78MH9z6+Qqmn2T58+Xn/bOUooFCv4upTmMPeSKBnJgXUeXWVHZZRi0TZspkAuVQruFFFGcbJagoLHLy75td/8On/hz/0iTy7XsuCfhTZai2BJzQAFqBRliCFwr/EM2jBOPev1tex3jEPZRnZhxlKrJtaCU2DThM0dRlemLH677Hvq+pLdei1CnhS5yR7voW8mLlFMN08xyyXWOxyFUYkIrBwSg6wgLG0V9CXzeNxbxaK1pFSJqdBow2QMwzCJettbSSPKWTJ+rZauPhda12Cch5xprUX7RvByxlHGPeOzjykZ9KoXteUUKGOE/UDZ7tivt4z7iTCOTFNivxtZnJ7R+g6jHd5aphk6Lv5oiWCMuVJzQivNo9ff4OTkhJozIUTi7HvWQAiRnDI5SQyZNWCVIuYsVqGSRISmFSUrShX15TAEtruBzntePz1l2Xc03rPZ7nh+dUUMkZgzuUqOsKqVo9zyYPkIZS1FV5G0KUtSMgJ8/fScP/Ol1+jqxDZEpqwgKtaT4/19ZRgGFlmRg2NyPbEUNtcvcK7S6ML1zRV1SKxOzsnF8mSfabSn9ZUj32K8IVFZR8jjQHGe6hcsdOb6ZsMYIuRM7hzaWEouWF05sZm+XfB8UlxPguusFJpaaMtErJ5OzYlSYoanKgsZtmPmuK9YLFOeL0eqkuPBMmPRBmIRQZs2ipgK1ig6bxiLhSnSNg1dKISUaZzl/qrhg5i4nCq/+u6H3D9/wL/xz/88z2+u+LVvfkCvDa6RaLfDGFff8W3PORmUnCnqVvwuo289q5nnkbAqL321ah5R64PX9o4t6LCXVfqOYlrfRWAouYAfumQ1C7UOv15FF1FKEUmXUrx2tuLNkyN+7u3XeKeH3/nuBftQWbSGmymTlcVo6cidnlcm8yXgsMKSgi4ku2oMm6A4mpOyxqoItTKmwlQVDYVSMo33rJXBKMfzAFdRU13HmCtTFeFWryqVyCYq7hvRDowZijE415KaY6Ywsb/6iO1uxz5X+rbhyjWMBRrf8kPnpxzZgtptcDmzcJZd3HF58ZzF6bmEmpTA0ck5+I7tdiCMO06swZlCLIbrpNgFjdZHTLZl0h0w4ocNPgSumgeokljUwE53YAtnOjEleZY7r7DO0RdFWzVThhG4jHBsxd88ZE06TE6qrCDiNPVt06z0rN35IxXdd774xc+xZagLH3380bem/XbKu6kpiwWxeND6JeA9J1zXzXs7zW4z0ljxyqU0K1GDiHC6rsFozWa/x1rDN957wk9+dcNbbzzg67//Hs45xpTnsbKeMYJ63jVGbnaZ9uwUyHSNp6YERqOMI+coPGUriMEU5UHRJUIOVOOAfJv/q2piN41Ya7EkQi2kqnDWySgwj5haaGrG55GEJVa5fRulsXPaT6MSqIkbXTAkctUUZagqM0RFLJI4tNtPxBBxvpH9V5avz7tOrEtGQUyYINYg3TWYtoEpUPY3cH1F8+yKPI1UVZmGyH6/ZzdGdlNiTEUKV9G3XUTfn3LvCz+KOzpj2g2kIjm+OkOscliJJKagNZw9fI3T8zO00sQyzYIejTWKlCTPtSTJLy654J3s8IcpEFPEaQMkUkLEXKWw24+01vHDb79O1zguL6/59nc/YAgRYyzeW5zzrDrZ3aeUKUVykVMYadqOMO/1TNsyhoQ3hX/5Z9/hL3z1y/z2Rze8mCpjnNBhx5QSJ5s9YYrsp8h6v8enTKsKbdiRU2C0lk5N6OmaQKU9fw1lWjyBMzNSw54xtThv2ez2+G6J7VZkrbnZ7pmSZqkyj1aOqA2bXSKUPVkJ1MXUyNU+o6zhgd4xFs9OrzhmT00DqmRK01FyxPkWb0Txa42X0IfZtlq0mVetAlDIc/iGUeC0IZtCShmjFd4ogtH0ztD6BudHCgpXDMvWc7KIXKxHvKr8p7/x2/wrf77jX/9Lv8i9d97kvcfP+fgb7xOniG+t+MlrpeS5qFXRK+jZx15KlWzjlOcsV2FpW2duKVEzX1X8ubcEtoOl5yW7XM/jYXU705673zJbgg7BJqWSsny/QWYwKKdZ9B2uVha+4Z17K778+iO+eNrw9OIJTzZbOu/Zx8I6FFpfb4VZ1szqba0Yhkm0KNbj7ByrWQopy5g35ExniqQJocjKsJngZKFJVYNWhKJ5HgwXU0HVTK2apZrYZsteGY7qhCXzjIZjZQXykQMpZ/YJmnRNHtbchEzSnteOHaeNI+oGZTR963j4YMWybXn+3HBxs+XJ7/wucdxyenZG0/Wsn13SNR3GeF5cXrIPkXtHRxy1DVkZPtrLa7dcHRGxFCz7augXC1pg3T8kmSOcmihVCudlbYTU1SiGmNmpjvPWcjQp3itVrE/z1PNJ1BgJyaLVwhmIpcglPQWnjHLKqD+GTvfRW5/bott3PfcfvPH17MyzIe3eIgx0eUeZEYzaSEfjnUdrxRQmYgisFoYwjUwhMk4T2giKrPWeaRhJKYv4Qms++PBDvvoTP0bbt6QQhM1cX5JlDrudmiLbYlnYJW64JIUJ6xwpz/aikiUsocjeKOdMLeK9zOOObBu092QaVIy4NDIqLeHzTTf7hQtOK5p+gR6ESORU4lQHdIqEqRCUp4QdXdOyPDrCmkJNlVQjTle2prAPBXcQWul5fDdF0nqLX7X4tp95tArtDCjZIbHZY9YbasxUUyFF4s2Wcb1jP0xsQ2IzRoYoismCQVsvOMbGcro4ZrXoJXmkaxlLRXcLYiroGlBFgCbaaUIEVRQPly2mZGy3pHnwSNTGYSSmMHc4dU4VYn6IMjkKkKECwxiIUYhbVcl4LpdCmEYsigcnxzJWu77hm5dXxJRY9D1nJ8d478i5ME6B6/2OcRgIqZBToGl6lve2+G5JjIUcE9paqJW2sbzZV95qbrhqIrVoFgvP85vA41Q4P1qSciJNkYerhs2UZvdYRw47atjLzzhPxOGGMpygdUO1hoijxD2dusLHwjr3NKtjbNmzHQ3ZtygSC1PwWoR7dnZBDCy43o1si4GupSfSMXFVOnSpdECrJna5oGxDSoZaE6nAPsJx61BaEbN0dYZyqxguRfbv+1jojCKSyTFjVCUpRclyofKNYxkSF8rOtG4wVO71DfupcDlF3HbkP/rVf8J/+xd+nv/OT36Zb/3pH+GjF2t+/Zd+jcff+ZBSwXtPd7Tg5N4Z56/d5+zBGUdHS7q2xWgze/AHLl9c8d677/H7v/8dhmGk9Z5aJP0qzkhV6UbnJJ87dCkLWBT2oJJWel5bifDOGRH/7KeJADgLp4/OePvhfX7kJ36Un/65n+Xs4Ql/5z/+Jd771d/gh++d8jOvn8D+hm+8uBAgSy1cjZIiHUsVm17OtH0zF3PxvlPE/uSUJeRIVYbOgtMRqiBiURVdpYPzRpTSVEUsMuqeZquU0QpH4dxrUoAXU6YxiqA1qsBlaTE10cctOo3oMbBXmhs0ve/4wqrjzbMFR53H5szp/QdcTpFv/N7v4w3ce+117h13fPf6gourHbiOEi456nqqUVzfXJGnwEm/ZNF2rENl0IZkDb3WaN/Qhh3HeUu3eMhqueLeNLJnzZPiuaShaPHgUgqXUbNsHLQabwNXk2JdBDRT5nATZWTcroosKKwqM9ugsr66oBgV+qPjG/vH0en+49/8rf/KF9c6O+4+jYF0PHlx9bh/+MaTF5fP38rDiFl1AjK4TeLhlio1jkHsNBWGKTKOQcZuxtA4h6py80EptDacHK347sfP+MqXv8S9e8d8/OETjHHkJF7dXKVg1TkYodRMiiOLviXum1lMlV5+F6rOHlBJa4lA0ZpUFeOwZ6GgNivCuKe6lqoN1zfXNOev0RqDi1tWZeR80bBDgqkzhlwVvmY6oxjHge3zp/i+4X4DND1BCdrN1kxbM1cx4x20zpBSxVpNjYHh8QsWxx0crWSkFgJ6vaHstrJHXq9ZbwZ2k8D890NgiJWxQFFKGLG2YdF3nPdLFosFy8axaBp8K/tnwohbHMPynHe//fvk6+d0xuGUCGHifJnR837XZjmYm5P7NN5CSYRUIWf8gYddErkUYkiUkuX7qYVpkjhCoxTKiHd3jIlSM2fLJcuu5+Lykg+ePCXlzKrvuX9+ilKK7W7gxeU1+2Eg5SIqbmdpvaNZLvDWoWoSUdzsI7azv9rkxAePn/Cr4YapVEwobJUl7Cb6augXK7QpxF5D/4hpimyunjNZA4uOUhKmFEIcmXKhpIE0Gm78gutSMQne6S2lRO77QhmuWW8u2agly+VbqDgxWc1YNbuQCShiUQwlgbYE5aBaphK5rJq9Nbxp95DENLWtDqMdSSuuhoGjrqU1hZInoJE0plIIudAaJe/lAlZXVt6wnybGmPFKhIZoiX80uZCNpW8tnZfsV2etBJIouL/yfHgZuJgqXG74u7/5Nf7rf+pn2V5Xjr78Ol/58f8uv/5Lv8777z3mC19+my/9yJf5whff4uGjR5yenrJcLmnbDu9abNNJjKOzjLs9f/vf//f43/9v/h0+enrF4Ym8u71Tllu+urYCTTFaYZXGKY2plZQiNUTClNjHRAI88PYPvcnP/9xP8wt/7s/z83/25/nJn/shrHsN8Pw//9a/y9Nvf8Bbxz1/9off4Atd5ttP1oy54q3nYkgMZcabpizK6Rk1qxVUbWnaViYpWtjgzhq2Sf7bO9inRgLnSUw1Y7ShM8JNz0pWYeKGqLQKKgFK5YYFm1Ik89YoQjWMKfP/Ze/Pgi1b17NM7Pnb0c05V5vdzt3vc3Q4OhJCHDoJqSiXAigkY5dtwAbDhZuLcuAIh6MIB+EIuLAvykU4AvvOEMZlB5SwKwI3AVWoLspQSAgMQj3S6Xafe+XK1c52NH/ri39k7iPABSXASBW1rjIzMnPOteYY4/u/73vf55XjjjhuEL7HJxhMQ9I1j9qaxwvLsqk4Oz/BJM/FxXNWDzLnqwVXbYGR+N2azXbHyarD1DW1BuEmDoeJykhaqzHaoo0lIHFKkIWhUhplKry0yDDQCcmjCl6rPLauIQceVQPfTA2XTtAqScyGIZUPUEvFx1FBEoXPrBVpVo9rETGUqUgk4LNAZtjcXvMLv/xL/Nf/wB/4K0rpS34VcZD/WNH9T3/sP/l1X3RFzoy6LijGb0Oy5Zxp2nav66Pdi/stq4dHqCwgFRhCFqJYVpQuqMWcqYyeYQuFO6y0xiiNtZZpcsXnqiS1rZBacXVzx+XlFY+ePOHq8nZW087iHkEhQomCbospkvsD/uwRi2Pothv6sWS05gRkSY4JVOEaTzGC1/jlEaHfoceJqnGYcUec9qQQcTFTxYBNjma8IWU4NUtS3ZJdzzBV3GYJ9ZJgWsR0R9tUHC8WJY3GB8iBJEQpjrlErikiSiUqnQlCEjHsthPNtz7CiUgaHHjPsBvY7Xt2o6N3gT4wJxcZ2qZjuep4rW1YmMIjXiyWGBLGWFIO+BBR9aIki4wDw36HPoG0Hwu8vTuCusUNB1wWFLfSDBZIEecm7Ok5mLqwtGYKDnPGZ0olQsxNxZalZ6HL5ANKFF9onnf5/egQKfLWg1Oy1Hz4yafc3N2zWiw4OzkiZ7jdbFjv9vT9WHQDteV40dI1LXVVIWQZ8Qdfdu2QMc2CPIA1osAg4h6VehZ1w6fP93x4cUVGsKobVGVIcuRkcUxdd8RKMBLoqsyQJKqq6RYdFZGxP7AeA0NMLGzEi57LPjFGz3UvWFjFqQjc70e2m4FUSy5eXGNUJq1WqKGICAO6KItlyXEmJ0KKDFmQsex95nm0nIseKTVJWPS0p2dBjpp2cqilwojSmYWoSCGSRfEMyyxRqsjmYnBkUaZLVkKOJaIyaktFgJDJxnDUWrbjUBjBugBMFlbzcNXx2frAQcI3nl+T/8HP8v3f9Ru5fHaHe+uUH/pv/gAqJR4+POXJowccrRZYa1BaoJVDEFCyL4hUaTC65vT1h/yP/6d/hJ/6e3+Pv/5jf4d/60f+azx9/R2auqNZNVRNi7ENytalGFiNNqqsLqRBSkVOieAd09hz2K/5pX/4db729a/zlS+e8of/h/8tvvTdvxdYsN9e8OE3vs76/m/xMz/7S/y1H/3rtJstP/jbvsyXHjZcXF5ycxgRQrB2gfsplkO+KCuPLAUpp3nUXYRjMRVyXF3JGc2qMErSR4HMFWMEh6BGUquiDTECFIGQNEaBzIWf7FIiCoknl7CTrMFI9sERhx2m32L8Hh8i16om6YpusWRZVTQi8vBoxVtvPuXi8pKPPv6E1WLBOAzcvrjkfLUkxMj1zW2JCGwtMfZ0IjKmgPOe48UxTW3JPjCg2AaBrUvc5ZQouFske3vCqBTncWQ/BqaoWVSWpdE8yUUA6LNkAqIElyVDLJ+5IDOlgrKVqjxPUkozQ6BYnQbnufj0Gf/wl36Rd7/4Hf+n3/VDv/t/5Zw7/AthL792/Os/2k9Jyc3tNfLhW8Ue823ePW2Me2GrqZaCs67soUIo6SYpRaxpQUqmaSq7Ha3IwRNJpFyM50YXbnBI5aGusqC2lnEayWSubm55+6036Nqa/b5HSjmPHosPFzLGKEJITDFilUG1S0y7RG025QOXs20hRVJOJG05+My6v2dRrZDtkrub55zXByoFadpxP/V0bUNXGXKYmMZESp5De4TTDdo5tlcXbKuWZnmOTqEY27sl5vRBsUi4CUniTAuGLNhGQaMlMgYmHxEpIVMZb117wfpi4Gkr8CHwweUN+94hjaJrWs5PFiybhpPFgsaWJJ/l6gRdNQyHHaP3iMUJo/f0wRFcYkIh9j3JlZ1rNm2BEDiPTZEkQdmKw+01k3NlrB0TMRdus9SWanWG0jMfKJc9XlPXKCUZpoHNdl9ShZTCp8TkPTEVvyNGEWNicxg5qiRvnB1zs+/51rPn5Bh5/PCcRdOy63uubu/ZHHqkKOlcbV3RNTV1U5d1hShTjUprurYhBEcME0IqhLWkqkamkSr3RKG5uNtzte05PTqiM2BE5qPrS/xoyJOjsjWVLSi/RmQqlVDScVotyLKizRMEjxaad446NBHld/Ra4Shd7MELbHXM2blh3/dsNvdM1QLZaYyPNER8UkwRdKVYxIFDMGRb7B/30bINiV5bOt2zj4oejR82HGyHEgKbJ3Zjja0EUnikykSRZ5WtJJQzEDplYlYopfEh4lLASIWKHkVEKkMI5SCwqAyNNow+vOJr6yRYVnDSWO72A62t+cblDZX9Gj/0G7+Lr33rOe5Lme/96pdYGEtVBdK0YZjyK9TnK3jNfJ2QYXm8pDk+Yrms+P7f8RX+t3/+z1I378yKgQw4KHOn+fcF80qM5X4lzeuLOe+64Km4v77i2Qf/gGnc8fd+4v/Fp59e8MlHH3F9dcPtpuf9n3+f1b7nt3/lLb5wWnN1+YL3r9b4mEhScD+UtBurdEmaotCkFk0Dsmg/JGVPHNE0ugSLDC4yZYHXRcmehWAMJTWnK95EPBKdFUpkGhwCiUtwcEVznZWikpLoHWm/IwwbhDugSexNRVycgdQc2WI5Oj/uWNYGReby2Sfc3a9plOSss+TDLesXVyTbcHZ0xPnpESAJ0eN3Gw5VRdsuqQIMIdIKjbYKlytO6xqhiq88JF4J5IS2rLGcaQ9esDCSqm7oZYsPojg8clGNRyS7VNYchoL/ZcY9ppjmFUJmTIKWxHa74ad/+Rsc9mv+4B/9w3/+9dfe/hPWmN2vJIr9cxTdlDO//r8E+bDh8h/8Dd76/t/NtwdvGmOcrqrJmIrW2OLLzLlkuhqFrixaSoaUkRRVYNIKP7oCeKAIl9LMaiZGlC5mQOcCdVVzvzswec9i0XHY92VnJIoU/eVo7CU1Z/SOYxGZbEMybbHuBD+rnWVRHeYEuqHP4H1Gb7dkecCPE+1+TyNLfJ4wlqgaxgRhHEljsYIchCMpRR1G1oOjzhK7Xxf8JJm0vYbVAmUt2ffFBK4tSooSgj2rPV0qwACfM4cAe59IUfC4PeNIZ75ULegay9miK6CJlGjbJTkVlahTlrWLJAKjqOiTJN/coowpwQZSg3eI6QD1AlJCmGKbQiTS5EuofAS/uYHoSVK/YmWL6LGnj2hWp6SZepTmJCMlBT56nI+kFEixPHRcKMlRSkhyCviQ6UfHWWd5/XjJBy9u+OTimq5pOD05ASG4vL3j6vaemCKLpqGbBXVVZVkuV1RVVTqPGIuXWio22w3b7YHHzTHd8hTvHXEcyFOPtJpP70c2m5HT1YIvPT5nYSW//Nkl98NIiInePwcpebQ85XzRobVi8oE0OrYvDuS6nZGdkkbC2G8xRrFUEYaJztR0tWIXFXsfSdKQdUOapoJpDBFURIrImAsEYAoJ7R0jiVOVkcCLKRaxCokgMyp6JgwH+4AswDuHqqGfRnSSnNSGPk6lI5YWMQcrCDKDT2htin2O+Ar7qZTApEjMJZu4HxzGGI67ht3ocHOmsVEwSTjuakJKvNhNPF5ZfvajTzlpNP/ad343v/DRPZdnL3jz3afE3mGMnpXuaeYhz3GSMRNC0VCo3uPcmpwSujJ8+q2/jxI/g48jKXjGfsCN4wxPFaSYC1Aml2SyFGOx0SldsqulZNktmKbA3/k7P8Xt7RqpDLt+xPtAP3hefHTF0eT4nb/hbX7Le0/od7d848Ud+5DQUnDbR4YEldYoqdCA1ZLKGKxSqFeRmEVJrY3CZ4hBEGIGVeyIMjmGbErKT4aAREoIMTPkTCcTPkocCpcyjdYMMbIdPNbfw2GNdJ4JyKbGtEe0bYUWglYrutURjZG8/fCEfhy4/PQCv7tlmnqaqmLa3iKPj1g0FbuxJ6aWWknutnvudwMmBwwalMbUHTJO5JwYZANS0hrDJAyHGQAi5sOGEAqTy308VUuUKp36hTPsgiQkwSEV65ci4TIEErmq0KYii5mil5gzoAUuej578ZxvffQJbzxZ8cO/63fwIz/8Qz93fP54l4kkFX5V1Un/l1U0JZSiv7/imz/xY3z5e7+X+vFbpBgxxjhjlSskoUwM4dXeo3juFFpLtC7e2hg8iQJIeKlyNlrjUy5s3RCppSaGgBASaxWb7Y7dds+qa7nWZb8TU3xFenXTBNaWm9I59DgQa023WtF3Sw6HNURQqwcIVRWhTBihXpCU5f7+hsq2NCoTY+A+KPzB4RHoqqY/HPD7gVV2jBjCONHaSD8O+CRZxpGm32GOzxnGgf36nrOTY4x9QBKZvdDFpztj8QQwRMEUC16udPllF/TFJw94++ExrSrB0I0WZKO5uV8zRsGOmhAmpK2QUjOlA+EwEFMkCYPwrvCs6waVy8UeTUeOM4zCj0QyAYVJGa0V43jA7+7IqYiiXBaolKh1TXf6cE4ZT6X5CIGqsozTxOTKbl2rctkfhgmlJVYqgis33Dh5zjrD07MTfumTSy6urnl0fkLXtIzTxOXVLfthwCjNatmwbFqU0mil6NqWbrlAxISbHEIKmrbl+vaeT55d4Hzk+HzLgwdP6aPD3W/J0ROSxiVoa4GWmav1nufAs81EFJp9TOAGEoZVLeauRlFbxWY/sOn3eHYYXQpTKwJ9TMX25h1xs6ZqVyybmrZZsEyCMHioFBLL1meG3Z4RyarKeK+QxuJD4MZJKpXpGDlEgXYDWbR0YWTKmYWGOo/co2h8T5p61r2irQyH0VM1HX2G2o14rRFZcKxLeEAIGaVmGH7WhUudZbHbCAUiIoSkmn2pi0bNLoNykPEZhCxhJOeLhsuYeLHzPOwM/+kvfohI8P2/4Tv44Gc+5EMXefrea59nUc8qfCGLJzd6T4wBIcoEKsaA0YZpcvzcT/0UxpgiihQC70phlbL4yl+akWKKxJhKNraQCK0L2jHBXbVhvzvw4vKWYQxIkwkxs+89t59cs9ge+B3vPeEHvvIGadrzSy/u2LqA1Zq1C2xcwtoCoxCyaEggI9U8UqY4EHyGkAtkZggRLQJSKa7u91S1p2s6iCBViZ8cQ0bKUpR8EjSmTNlCMgxIBjeSxgN5s2aKnklIkm2oq4q2qVh1C86Plyys4sgI6m7Jbpi4+/hbTDGx2WyQwYEbCcEzRcWWwlNfrZa0WrLfbFiv1wxBsOpapJCE3ZbWWhaVodKZyVgwliQMfZCsXWRRVRhtcDHhskAiWGoBaAYp6aPmwmV2otgaUyrpRyEGkpTUVY2pqplRkIkUOl7Ige12wycffcx42PH7fvC7+D2/63sZdwduLj78PcePH/w/rLbPU4z/VdH9xwqvVExDj0qBlQKnWuq61kYqG6UkBE/wE1JKUgoIqbGVBVF2qbJEzRbEX8poCVqrV148YoFfVG1N309oVYICDpPn9u6Ot987xdgK7w/FsE4q+9+mRokiLglCMKWMlZJsLNQLtA8Y2xCqBSl6lK3xfiK7ESszKisqq4tZferJKFTVQsoEN2KEpJYSXa2wuXgUrFa0Rw9oUqbTmbcXgTUDt+0Rk+mYdhvS6ogkDTILhpCZosToWHZEL43+WZVA55x5eHrKu6+/SRKCq2lAZkXTrAjeM9pMT2IaJlKO4A+FMiQEISRcCFhR4u3C3C0IrZFksndMPhcqVsow9kWq73saY7i+fMFhvy0PSzJKZAwJvVwitCE5T06eQ+/RSiFyph+K+lwIwTQVpfhLewcpo7RkmgJnreXxUcfPv/+Mu+2Od15/jbquuL3fcPHiGuccldWsFh1d21LVNUZptBA0TV06Dimwlcbair7vuXjxgsFFOiPA7ctnqooXvJ8GyIll1yCV5O4QuNvvkLLwdG29xAUHyaEwRBSDz+ynCUWZDlRVhQ4RkTwmlY575xz7ySGBB8sKzch2u2MlE9/93nt8erNlvb6jaRRLDY4Dd2vBVkuyETQULrIzDZVMTK7HScORdFRuQltLHzPHBoKLrLjnUQtb3ZDU3HXNB5swe6qVlEV8ExMVgsaC0oLtZuTDy2u++OiYs+WC4GfoyRw8YXVJiaqj4bi19O4wk5tyGXmKDDJytqi42gxc946TRvMf/cL7HKaJ3/ubvsLVN57zzdstD7/8OqdHHWRJCsVrGlMmhVCiB5XC2rJnzhKqSnIYHNpntCoq55gKtexl2AEZYo4zZ/qlfkMiVSiipJyYnKHfj4yD4zB6cIlDPzE8v2a13fM97z7ht3/lHYb9PV//9IKbvcMqxdYFXuwDUpuCa00Cqcu9OPhIYyHMIi+rJIdpImIgFXSlVOUhpo3ipK3YRfA5E0Nm+XLsnxJjNMQQOdIgU2byI/1+IBzWiBSJyhDNgmVdtBnBBaoUeOd0wfnZETJHnn/8CcP2GwUukzNX24HJB45aQ2eX6DCyaBpCCqwWHW3bst2sicmzbFt0FHTLY4ah5367ZrGQdNZyyC0xSRZhpFcKLyu0EiShSvxozkw+s8+SD0fFF83E2msupwzWcqo9Y4hcB0HvA0IbbF1jKlvEqnyOCnXjxPPL53zy6fucdJYf+d1f5fu+5wtUSjMqhdve/oDfb7+zWz16nrP8r4ruP7Hwzhm52U+IlDCLRVbKWFN32LrFuYlaigIHsBqhJHEWVtWVpVKCGEJRxiqDtRY9q5uRRXhVbrSItfYVX/Xufst7QqClKkk+qdgIXhFMhIAkCG7CTT318qSornVFV9XIPJLmfa/UmW7VlijAVNG2HZBxMSJyohESYTQhgsgJjScnkKaiDQMP64yWke244c4lRDJ00tKTaNoFywendLHHjwNBt9SijMyzkMQo5sSkojj2uRjwKyWxMnN/2BccYigGeS81PgXcMOFnL2KKxVIlpMDJ8vMUKROTZxoCWWqE1oQpQ/L4cWKaJmJyqOhJwZGDp8+Zzf0NznvqmfQFApMCqrLo1WkBDMyHG0Kirpqy44olNELKjGgb+nGClAqoIxchVaclj04WfO3TF9ysN7z9+mtUdcXN9Q3Pr2/wIdI1Vdnddh1Hy2XhMoeSOFQZjZTlkKaqYn16cRhY73sWteXBwpLCwDj0GGvISuHmUAUjWqq6Y+cOGAmLSqNU4n6/ZRxHalvGYBGNj4UclKTEqkzwiSGMWK1JEpCKRdcw3NyRpOCNx2eMwwFFoDWZo0px8h3vctiesru55MWYGaaRq31gDAofPLfDgbqqmVQBpDiZaPRUgiG841aveKQcd+NEnyq0sag8YnJiO0RG4Vha/SqEIWRd7C0KfMjonFBmxi6myHg48NktLNuyDycUnnBtdOlknENLOFu23B1GDi6AkAid0bONp7aKR8cNd9uJvYNlZfl/f+1jNuPEf/d3/mba28g3/7NfZP8b3+bs0TE5QvTh88COeSystSmFOEWs0ex3A1K5V0VW5KLvSHPBTbkkaOWYZ9DKSyTqjONIJURkv9tzu96xGzzRg1jveEtF3vviY776pXcwbuSXP73kcjsSEexc4vnBkaVkocqaSajSAGQJD1ctMQn2zrNqLEMQjEHipMIgeFDrIgqMibaqGLCl6KSA1ICIpFC0A5mivr4ZPDe3d0jv6DRMUuFUTdd2LGx51i0rxbJRLG3DUaNx63vu1xuGceT4eMHm6gWD8+wOkbZteHJ+ioqB7V5TrZboFNEyc9Io7u4yLkkenixY9567fV/CC3SNbRZEBI6S/nXdT6ytpKlnK5aEMSbugyrP7Jy51kves5m03UM0RCFYzg5+H8pBpIzlS2buGAIhFszr1Pc8++wTPvr4A56eLfk3v+83suhqPru848HZqrgU9oezFx/88v9g9d3nfz8jt/wq4Mv/pS+6M/6RxXLFbr17fPHJBz84jtO7X/wN38vp6Rm7n//bSJGQUiC1QSmFCyX/tas1Uil229IhVcYUEZWSJZk5Z7QsY2llJNZavHdobdn1PdN4KHABJTC5eDJDKN5SodSrjNowTaz8DndYk3dXLGtNd/oERAED6DRxfnTMJ5uBaT+gjCH5ERdC6byjxwWPmyYWbcuDVYMOA5WccCpx2mpcCAwiECbHGODZ1qOWkVXe8bCDcfE2PksskYhF5kyVM4f5gCBnWmyBY5SR2TROBD+RBMSQCG5ivT2QlS5e5BgJMSClREuJ8BFlNCE4/GED6WV8XhGXJe8JwSNSgBSRosBE9JzQlIAQJlpdRpAxl8ABFyJ2taRpWkLwWF1SVBaLRdnP955MRquyv5NJYqRkP4woKchCoUXmyVHDNz695PJmzWsPz6hry9XNLc8ur8g5s2wbFm0zF9wVdd3gxh6jBZWRiBSIISChMJ7JTFOJ8Wtqw5Qyu/s1zdmGs0dPQRtsvQAmel8mJ0aUKDXviqpS6wrJSIwBKsMmKhgFp43Go9jsNmy2a8ZpKPqDeIQ8ytTasFw0hCwZk8DHxOPjjqfvvMkYJ/bPvoFtl3z3W484u77h+Y1Hyp6QwHYLblxiP064fGCqWz7TBtsPDPsDdW1JaSJkwdZD0LAeYZEDHQE/JWSt8dLismZVC3YTr8SIlZ7HeXGOxwMqpYoi3sOylsQ5eMOoAnBQxtAPI1pKzpYNw/2egEJlIMcZaSpojUGuBDf7id5ljrslf/+ja9bDT/JHf+f38FWz4hf/7te4feOM5euPqK0EH8ix8KGkMhgzMvqI9wGk4H69KznJr5B/ZXf6MhHoJUw1xVQO6Kl49tPMbi++cMn9ds/z2x2xn3icEk/aiq+88ya/8c2HjIcNP//JJ3x0tytq4Zy52kemBJ3VKFmY5sVTnDESRhe4PziOVx0Zxd4FtkFQV8UT7WNi9JmYAlXVsAsZIzMNodCooiYLQSDDdGAcB9xhQxUDztRsTE1TWd45WXG+qKmbCidrVJw4suD6A34Yubu54sXlJU1dYXODsgabIg+PKrrjM+JUvO/LxRIXE4pMZwSHYSB6hxUCIxILk7najpi646yuaBdLgrTcj5LDkOlEzdLANpV7/ywPkAR3qSvqYyV4LEd0TtAsmZzl4BPboVh+YshIrYt9L6XiWJGS5Bx363s++fQD1jfXfOd7r/PmG69xsy3X+u1mT0iBru2obMXzz57/d568efdX9ero//YrjWS/yqIrhfx1X2SlkEpJ+cBo9SgL8fibX/v6O9/4xidfCVF8ZX/Yf9fu6vLBsrKk0JawdiHLVkSVXZkPoYQ2dxUhlX2utRZrzBwNUG5ApRTLxRJtDWGzLSO0+TQcvGccJ6paI7aihLvPY4wwd35KqYJ8jIEwbNkeeipZCszerAoEPiZyFKw3I0jNqjbIFBA50mqJtoboBRpBFw8c24A9PuNMR5bxwP3BkbNn4wKT6phMS5aCXRCcSInPmpAUoqrx5gg57iBHRCrjypn4TshlDyYpqSxjFvRuIjqH0JJxCqSZ1yyFQCRKFGH05BTxOZGDI6UJP01k73jJVcuxRBOKOSlEzGlFKQlcLqKXKZWMUGssh5iKjYs53UdUHFeLMhnQqvhs56zh/tATY0LNO7AYy5NSCcVi2c3e68AXzltu11subu557cEDFm3Ler3l8uqalDNHi46usqyWS46PT2hthfcTmkxt9IzfLMxhYw05eFRVc7TsQAg2/YgUmegD3e0lx+ePwNToyqOlYooRmSMyO/7uN+9JolB82qaC+gSVB2SK3I6BQxRYBV5ItgdHPzqCC8icMHKPVRKxWHG8aMvBx0+YbsWi05woh8uJ9faOzf0dyp3S395STz3vnh9hqwZhLF9Mkl/86BlNksgM971gnSGhkQiq6JjGzFJF+qgJhzX3o6c76Zi8w6fI5DP32wNvnq+IqipgkhiZcsKrEt+3qBIPli3XbYMTmrvdASMagqi4Hzx1DnRNjQsZYyx+crSmZmk8N8OEVgopiuCqNbKsE6TgLMNmDOxDYtnU/PLljj/71/8e/+2vfpEvnj/k8sNLbq82bB8fo1ddUVPnjFaRyiqG0TO5wh3fbPaF4SyK6CjlOcg+zSm6sqAd45wnzUyfSoiSvpMiIcP6dke9G3ldCb7y+jlnjx/w2vGScb/m5z74iI9ut4RUJji3Q9m31nWFMUX5H9OMsBQZq+UroeXoQSkIudj5tCx6jH0sXWzKJYJxDJ6aSFQKmcEHTwyB9TBCv4VQBGp9c4SpO1Yy83DV8OU3n/Jg2aLrCu8D//Bn/wFX0XH28BFu3JH7NefLivV+4NnFjqePH7NaWWppcUJytzuQ3cC5zGgCwhoIms3oqaxC26qMislUdUtjLY+PW7ay5maU7F3JY5Ztg5eGmMsBus8Vx8Kx1IlbscDmQJ62PPNwjeYuyZIOlQtcqFEgjS6xhqFkch82G66uXnBzfQmh5zd/+V2+/Bu+yDBNrDdbutrSNYZhkCzqCoGGHOuf+an/7E9/9Xf98P9HGfvRf1Ht8T9WdKcUmcZxFhWIX5dFVyl9fHG3/pPfvLj6fTGLU/+1b5wPhz1RGGqVaURi31Y8qMuDwIfI5CLtApTWxHgo4gKfmeZQcqX1K59nmkOijda0TVUISaLse7vFgjYGZCos4sraV4rCGCJKFDHWS1l6TpE+ZvZTIC/OWdY1YXfNoBvIGhVH+qTYYzm2FTUZmxxBtUSpCbqCOnMsI2K1IBvNIk+YCPf6BNP1uN09Lgo2yRAqhaKAH1pruK3PGCfF4nBDrzy0KwyFvWyQCA3ZRawoIeQpJnwGJYtae98fOG4bZHBEPyFiIA8JPw0M44HgHSnEmfGciKkQcUrvnMmqPNR9nBFrmRLpF/PnYeJztF9tDCe6wsWMC5FAwrvIcrWibdtXnbHzjkVXMw0jznsyYKQmxogLkRQSxihIMEyO149bRuf45sU158fHdE3FYRq5uLphcoFV17Boa9q6ZrlY0DUNKkX8bG0JriBC9cxZLt27JJvIkwenvLl+wPOrK9q6QkiJP9wz7NfopkNZS2U0/XjLz+0nRNWQkDzb9CgkT4UBu0DojmXT0DQrfMpEUWhnRhYRUM6JPEPw105wNFuWKit4eFSziZqLMRMubnm4annn3bfoh5FPPnuO0pblaoUwiidvvs7dfmJ784IvndVsXeJqu6FFUB2f8nyUrMcEPhGkwGHxOXGkwUjBxkvM0SnaDdze3s6iJ8nyyFJZjQoeRGSSBp8NwkceLCwPjzs+3BUdwe1uz7ID5xy9G1kummJVE0WtG0PieFGzGSdcCKCKRFEKhVYlH7bs6AS7ofiWj1rL3eD5Cz/xi/zAF57ww9/1Hu+azLc+uuKF1oTzFfa4oTZQjY5xmF5NYna7kl5TlLLMalnm4irmEIxcRtKxWJASn+tBhsHBbuRsdHzvo2PefnDE2aPHHKYD988/5uL+ng/uDoQsSAiuthNDktTGIISgVuUgmUWmVkWBW2pzER5FodiHiI+QYmAzRJQ0CJE5t4IkDWEWRaJhkzXT0BP2a2RwyJxx0qC7Cq0MIibaNHHW1bQExvUL1mNN1a2QeBaNZe8Ud/uR4e4FK50xTcvgApVWLKTj0Ht6EdG14rRr2eaJF/dbzpcNx61i5wKbIWBs8dkOU6KpGh60C0TO1JUgZEFrDVM2iDTxSI9c5SLylFqzEYYpa1zKGCI6jNxOgUnWeC0RIhByMXhhq6LjkCXVLEbP8+cXPH/+jJNFzXe994TGGrrlgn4YyrqwsmwOE4vGFFqd88TRcXJ6zPsffvKdjz/+4L/37he+898rnZj41Rfd/+P/5S/wb/7+f4vHrz3Fe/crMU+/Xva4Wofe1k93WX+HQNA2DYtKMoTZ+Cw0e1NxUh2RxacFsZjL6KF0WJnamCKwoqTMWKVfjYVJiSRKp2qMZpwOGCGoKsvDJw9ZdguapqKzkuF6WyIDpSbOHFetdfH0zX7dyXmEXrFoT9BDQO8jo8zEqiPlGpUltdDlxNwc0RpVrEtuAqHA6MKItS17obnJB3Ke6KMiecsYKtYxsUswZEUk8choHlWBafcJ/XpLcAfG+Izh9HWssUTnOLjA7WEqJ+EQiWEqdhtAxAKYuAxbfK2J08TgPL13DL50XiF9fuGkLF7B3hsrSUScj3S1RuRiPg/5ZdzvHLM208DIZScWUuT+cCAmcN6VCT+Zh4sVXbtCiID3U9mr+pJ7K5WaQy184d2GsgeXUhN84riuWCnBP/z0iqqqOT06YnQTL66u6fuBpqlYdh1N07BaLDlaLKmsYTz0iBy/TTgjqGyD0pLgp1e6ACUV7zw8RWfPbjfgM+x2W+6unvP0rS/hZ5vMcnXEmBU/v9U8PIMnTypSnmjiHUkpqFaYRlLVBpc0U7KcG8/JSuEOkiFUtJXGmqbk2ypDMhWHoWc3RayW7MfC9o7bgRPd0lUV3XLB3oNoa+6vLgn5g7JLDQeenHTcuUjXtNzd3+Ldjqdas2oUY55YB7h1FpsdJ005PB5GMClzqhXVrCyVSrF3iSknOiGQSaOiJ0jDLgh073l8esSdjASpmdwOOUwsG02sloRsyCqQY1GbV7WkTZaTruHZekdKUBlNkSpqpMgYLVnUJZxhO0SmJKgrxeQEf/NbL/jobse//sWnfO+br/GuhE8ub/nsEnbHK9Sb54Q5IjLGSD9OxJjKikTKOWWo2AbFXHQlghgzgTlsIGdETIiD49Q7XreaJ6+f8vjpQx4tau5vb7l7/hk32z2Xe0cfyzh43UfGVOIPpZJFuGQMIUVMwSITcsmljrO2os+Z7d6hlKLVRag2xoTPClJkSIKm0USlGaaB7foK5Q60RRmKtA2drXAxorxnWWkeLFtee3CGHLZcfPh1lsdnPHz6Btv1mvX9mnq5JPQbxn7PyYNTjpqKk6cPGSfH/W6Dj7DoLMuqRB8mX4HURNuyixBGh60KjW7XOyY38WBVbG+jqLgVhomCo2xUANOAkjwUkZhqRiEYU2JE47LA+QkZPV7XZTgXA2hR0rwQaFshlCbmwHpzz0cffUR0B777vTd5+uiM+/WW+82GbrFg8o5pcrjJsydzuqrpOsH2MGKkYOhHHj96wDd+4Wf/R++8/aX/0BjzQf7n6XQ/+ugD/uK//+f5n/2J/yXHxyfElFBSzh1g/HVRdI0xh65bXFdNUzpf0ZK0QgsJQpGcm7sFVYQUIVBp+UoUJUXGGj3HeZXCoZV8JaTQWuL8UNTNMcxZmAklJA9Ozjg5PSms3GGLlCW1yE0l1USpQtP5XNijmMaByo0k69mqBVp3pH7H5F2JSUuBEMEnT86ZURX4fgi+wDaELrzQFLFCMmrBtRRc95FhHMl+hBxxqTwYshR8bVezub1gtz9wPxVPpFQKe3MoFh5K555SoQpJUd5/ng8kLnlkjux3I5v7QEwRcmBykfhq3vLtQWefJ4jaGfjvU2A/+jJ2nLNE4xzmXXa4xdOphCy9wxw9BhktJZKErSpOzx+UDOBCFKGuLNM4zgH3hX6UYhFSkBPaKCaf8JPn6ZHh4nbNfko8ebgipsjdes1u32OMZtk2tE3Nou44WiwxEg6bNSKHQgvL5bCljJ1JVkXIFJyHFKmamlpr3nr9de53B15c3XKzXvPpxacsTx7SLI6IYcfVUBJ0joXj7uBo+wN2uSSIU6rxQE3PRV6QDnuQhX6Wk+DcLDk/9ez2I9Yoqm6BrRfFAhJAKcVu9KjseaAVbVtRiUjf9/SHRHIjuz7z4n5PazQPKss49rgQSm5pGhnpOTo64vKmYC4XyyPOqpqVUly5TBSSO1qinyAnOuFYu5ExlkPJpp9o6lNi8EgRQFboXOx2ylgGX8ArmsR9PyKFwYiABkbvKPG+BkMmE4lRI0Vg0VSchsjtdkCrQI6CQmXNBcWoBYu6QGYGF8hZobTAisxHtwf+r5tv8v7Nhn/tC6/z5vExD4bI1fUNm/WWrdYoFxFSMjqPdxGti2WphBZkcihcdKXK9xJjRCGoUuY0J5YITq3gzacPOD47QVlDOOz4+KNnfHp9x+VhYu0CkysM6rvRE5BYpVjYirNFzbIyaFWsTSmU+4YYCVGByPgcuT1MaGPRxqBTREqLi5kcM5tYLH95jIy7G1y/pzNQNTVeG7RUHC8bOmPYjgFVa54+fcKqsrz44Gucn51jmgUv1gdCvUa7nsPmln7oeXJ+glh0yFBG+1IIQhCsVkfIfsQrQ7QdatpipKJpWwKCQ5JUTUNTGxSJRk4MtuPGayoxMtgOF8CIyKoqzosrr7lKglVhSpFkhUcwhcw4BzoIqYhCElQhTuVcvPjaGjSJYX/HxcVn3Fxf8vh0yXtffIeToxUffPqMw2Hg8cNznHdkYNG1qIVkt9uzO4wcLdoSitJVHA49MUS8kG9eXz//PV/+ylf/D6VBFb+6ogtw2O/59/7Xf2rOYsx892/6zfzP/8SfhJyZpgl+jU+drbGhsXY9DcNolZCTNClkRSYK8Igs0XEijRuSMiJ3R0IpI4SudJjZx2a2BuVZ/SyEfJXBWTIIitpvnBzeeRarI977ju9ACLi/v6eqqpIVCkiZXwVrS6XKCEqUxb8QRcL/rctLMBt2soGYkZuPUaKMWckJY+0sGvLscqK2dt6bRXJIZAGT9wQf8LMi7yXoRGuN1hpBSTsyxnA9DnzqAsZopCgUr0opyAVbaZSaE4xAUYqv0hIXQtmjIkGW101zSypeDVnk/IvyZ8iCWpzDKkkJWqPIlS7gDVFGzII8j+vmdS/QaFVSeuKMdHxZlJUgpsDxyQm1NQQ/0lSaprUE5195MadxxBpNEgKjS6r54BzD6Hm0aph84LP7HQ/OzmnriuvbOza7PUprmsrQWMuybTk+WnFyfMz95TOG3Z6EoG5qKquJwZHmHGRb12Sp0aqotZPS6EWHVYZ6ecLJ8Tnb/Y7D2JOmDWJ1yojhk92BMzVyrBLdkeXeteyDRmnDMaCmAwc/QB6weJIwbLXlhZyoUkLGTCsSaRgYosFPmXGfOO0MTWOKXkGW/afSGoJnP06EFFk0ll0UbCdHv99zfn7M/fU9Fzdr3nzyAN00fHJ5z8NVxdmq5iBq3NDzhYePOB0DH17eMOWOuq4LytNn+pQIGHR23N/dskPz4PSsXEt+YqBBR1dGwVayHmAYJoTPOGnZmwWaPSILxsOBqm7RMhc4ijBoFZB4lpVhaiL3e08kvHIVMKdmGaXpaqisZPSRw+DxGZZ1hSTx85+t+fB2x5fOl3zp0QnvnJ/xbm25HwKPV0teuIrbKXCbRiZRAiFiLB1wjhktEpXwVECnFCslWFWKVVtxslry8NEDhhh4/uIF/XbDbr/nxe7AxmdCEvQedmPgdohkIThfVHS1oTK2AFtI5KSotC4WFyhajxTZTI6InB0OluB6oihUqRATqJr9wRH7HTb2RWZdN8SmIWpFrSQPT5c8OD1GI0kXnyHdRNzeIR88gBT55ocfsOo6YpiYtvf4BHW7ZHV8RFsbasqeft+P+BgQWXG0XFCJQO8HdqNhiBkXE5M0NKYEiEzKoIJGJE9bWY5C4hAFpms5FQMnFi5Zce0Uh2mkTxGjNA/9PY904GupYuNmZKhUpPkZFYUkK10yjpXESIGfBp5fX/L84gIdR77yzuu89eZrLBYdH318weWLK77nu77M8XJZlMyqUAdzBuc94+TYHobiUMiWRsPzqzUnJysr0/QDpPjngjvkf/I69vyfXb1cutrS2f7MT/09/sO/9O/zZ/93/3uOVitub+9+Bezh16JaOfTbH/v0/a/1xDA1jU3S1iILJbTWVFVdyCfKYC3N2VtvirOjk9MXz5/9gU8+/uC1lCLaWpS1iMmhtcZUhjTvuQUCHcsDrKTieFarDu89TWuxpsJYy27YkYJDKoXWihzL7kdrhRRllB1jRGbBfRRMh3u0uENpi7UKbVvUvL+suhqBoIqJfphQVcn7zcrjRl8usiwLvDuVG+Flr1kCsgutSKk5VF5BZVTJe51HuUqAQpLly72VmLOAIaQCA5hXZSgl8bEwYIUoak2R9HzNvMwxKwU4p5ch4uUAM8VAGMvOu5jS06uCzLwLEynTaEltFSiNE5HRJ4IEo4r4TUpLt1jhnZ9DCyLRO4IrHqcQA7YypFgWw8ZIvAsM/YjImaO24v1P7zG6ZtG2DOPIfhiICWqjaaqK5WLBouvomgrX77BGE5qG+82GqqnQukQstnWDMpZD37M/DGhrkEKTnSSYgEbgppL9e3ZywklaMgw90+6Kul4SJ89lv+ak08j2BG86TBgRoXQMYzTkWSdQDjgTInjG2ects2EfI6rfkZVHK81KOHZ7xbapeHC04ORIEaaerDuSUAxCsp4iNve8fnzEzUFytd2hckAkeHa1ZbnsOFqtePjwhBxXjOOE2g84lXH7exZS86gSmH6N7iPZ1MiqI2nFDs2YMkIEpvsrbmLEnp/QhsCQAzUJN/X41DAGDaaljntynLhzHcm2tDIwuR1jyKxWC4bJYUQi5YiQxZK3rEsx2g9DIY7N64wymCrFV5o5ezYV/cTBF+uIVYLdlPiZ5xs+Xg+8fb3mC4+OefPhQ778+glfrTTj5AvPNyV2h5E+RJBFcElMVEZitUHZmtWqQWuF84nNfsf7z59zf3fLdrvBx8TtGLgbC/QihMztfmLrIhnBsrYsK0NtbPHXSkFCEUS5B30oqWESzXoYSjSnEHStpXeeGEDZGoRnnDx3fU+YDnP0Yk29WHDcGYxUuGni8fkDHp4sccPA6Eam7R2vPXlMv9tw9TyUrjFEbu+3rBY1p61hfb9HVS0nrSUcthymQEiSKAwPVx0qRUL2tEbRWEjTxMYccSTviflAimWnKk1VcJ8yomzFUnuytGRd8bhyhJi4n8DncoCqwsQgF+zMEuUnfBiIwhZbYyqrpCBeojCLWtwPe65ub3jx4jmH7T3nRwveeOMxTWOYpom7zYaLq2veev0pTVWxPfQFLyoUcYqsuiVaad7/9DOc9zx9dMY0OFq7YLloGfqB5599+NXX3/6O96q6+VZO+Vff6f6Tvv7aX/urnBwf8cM/8iP8oT/4h5BKst/tf02KrZqmEX/X2r8VY/xbcobhlz1hyV9M8zg4yzmwPcM7b77xVnL9b//g/W++llPZ3ygpSgarVmhtyLOqNqRM0qXTVaoIo8ZhYLfdcHZ+xmLR4kKiaWv63XZGs5bRUKktZc8VUy4EGylKp2mrMrLO85gMsFVR6znnaaxF6bJH9j5QVRqbFZOIpOjhpRdYCAQSREmXRc6FUZSu8qV/UMw4Pq1UGc/KOeVF6AKMUKoA8PPLvzuHF8zvXSlBjoogEplcCroUzP6NORn82/UAZdScMiSfXuaEz7GH3xYITqbTcNRYhChCNy1KElAKGWsqfCpRgFXTlJ9ZKkHvSpT0l5gSITiCB1PXGFkETiFGFosFHZ6+H7jf9Tx+cEomstkf2O0GlJbUtaFrGo6XS06Pj9DAMPaFhZAiD87OqJsiroqhIqbIMHn60dFPjkaWjiPmiUW1IFGQlNM04qcysszRM/otVC2PjyumqLjejqg4UHcKm0d8VowxliAIJTHG4lQNydMJz6oqFohA4Twn15N9QEjLJBt240h2O2J0hOzpmoZVivTOsZ4CQyjs6eUyFpqW0dweNjw4WXHcOa7v1mgJK6uJxqLDRFKRtGrZ9SNZFE+xFkX4ZOkJ48CzPmGaBcYs6HVHSrDZ94i65bW2IrqRXNfFgxtGPIYsGxobGdYbpOrplaXSFZgFbhxAWDb9juBHaqNobEGASheotSHZiJERnyI+5vkw8m2QFQRtZamtZT049oNnP0Vaq6mN4urguOkdX7/a8XhxyZtnK56cHnG+OuLxyRHHuuJsaZC6KG6ltByGid3kZv1LZhgHru/u2fcHru7W3O32xCwY8lxARFl5bMdQbE0+01SWrjYsmwprFEJmhEjzAVchKWhCLYtrYjcUG15nWzZToHcR7yNBGtLk2O/W7PZ7EIJ2saTpFnSVplOSTkRef+Mpsu5Q457Ljz9ku99xd7/m4eOHjC6wvb/naOHpDweW3YLjtoboGPsBLw0PVitaI7lPmSlkKmvorCWHiJDFluRSQmhNZSw5lXF5lSeebSeWXYfOkSrtMEoSREelFedGciMqPgqGfvT0wTOQmahQVhMQfBoqtI/FAigzLscidEUBiRQD4+TYbze8uLzg/uYFtYHTowVtrXEuMGiPv7/n+fNrnj59jdcePSDEyOQcxMTR0QohJc8uL3n22XPGyc9uiczm0HO8bHl4eswHH1/w7JOP3/zK96z/jZPj82+NQ//PNAX+L+TT/Yt/6S/xF//SX+Jv/s2/yRe/8EX+nT/x77BZb37NFd4YY87/DDrunDNaa54+ecJi0Tze7PcPEiV7U0mJlGpW0/IqsUYoiRKZJOZw9Xl0KpE0TYt3jpgqpID9bk9WGqXcbLYvUHVjLUIqcnTFw/eSHZzLw0Hpl0SfUrSs0QyTo6kEiYS1ksPBk7MuXbeCKWVK6ctzF1jydIUoZnr0HP9VPA9zoLZ4tYeQs+hIqtlPTJz/j8IPNqb8ufBFWKaEQBbZUwH754BWxbLh4udgkpc78c/r6jxy5mXyU5qTvT8XXdVKsKhM4daKOXR+3g/WRtMYhXYRUdeF7KSKMjzGgGnqAt2XhRI1OY/3vqhJMzgf0FJwctTyjc+uqGtLVdXs9jvW6w2QqIylMpbTo2Mao8luJM+xb/2mZ3F0TFXXZO+ZxrHYvkzZT+V84OT4aMYXarQuu8V+HEkz/cz7AKlAGYJ39FPPvntK/eAdTg9rBjcxbu4QsSeZpoBEBFhKqHxICSE0Y7UgNSBVxuWahcksUsNhCKAslYZVVFSMJBTXm4FDEGAqpFR0dUurFQZJjnB/d8NyscDUHU3Xcdxq7tY7hn7AqAVNI7Hdgst94ZC3jSXLipBG+sEThURWDU0YONETt/c9VeuwVUNAY6qWPIxsKap9IR3ohqwkOnnWIWFNg1lkkiws3ZAFNCtqXXEIibZdcLf2IEoajlERrTUuTvP6RIOUaBHxKc35yXlWz0t0CeziRFXURrEfAv0U2E8OqwS1KYeljzeey8Md3eWWRfUZD1pLayrauqYyhsYUS1A/evbDyGGaUFKwnzzrw0TMkiQEvU+4lBFKIUV5UuymwNVuIMQCAzlqK7pKURmJlhSLWxZYMydkUcRTIglGH9GyXKOf9Y4xG850xPuR28OefiiBJXW7pGkajJI8XRhqLXGj4+jkmEZl8rBjc3fF6AZGN1HXFVbAYX1TIhySo6vKiNXUNTkI7jZ7sl4woUt3rlva2tPIgCAitGEKESMVQSiGSSJk4Cje0VQKUZ2yUh6THT54fJbsp0wae9470SAGrvOC3ZTZDyN71RFMVVLZQiysASRZt+RUsJuZEkEY3YBzA/frNZcXF+zW9ygRaWrDommJEfaHEaU1WgvuDyOroyUPz0/mTIoijBunifWnz3h+fYt3gUcPz3j7ySNSSPS9p7aacXBURoPIPPv0Wfvis49/6OTk8f+53+/cP1oKTx4++RcDx/hzf+7PAdAPPX/qT/0pgg8cDodfZxajsp89OT7GSMnF8+cENyUz+99ejlczoI2aC1BA5NLZxtKSzsItW8Yb3pNS5LNPPmMYHbeffcjjN99Cz5D1l+rdNBeQUojEPAYW5DkIQQtFGTiJeScrEdMcUD2Pt/PMc85zF0ounapIcxf7j3638+hDAEmUf5NnjVPKr7A6hd6U468AAaiZS81czMOcB5u/rYjmXDpMKyU9oRTQXLi2r2rqy7ZXvCzKiUortBRIUfbJWgoqrWYbxry/lRDj/FkoUX5+MbFs23lPKckyYpTFSEUml0I7V/qUUynOQNPWVNExuond4Hh4coSbJtbrLc5FlCnpQ8fLJUfLFj3bxcaxQC6OTs7QlaXf7Rj6A227wChVuK7TATcc5n2ipDWJfr1nO0aMMSwWC9rjBxz6A5vba2L0GCQpCXrnqd2elfYscmAbA0Fosh/oIygKvH7MkqptsNqQc+bWV1wHycLAwtYoYWltZqcWNHGNGrYMUXOyWHG+0AQfudt7umVNJRXSFM54niYs0KlI0zZMMXHcNiybwNYldqMji3nUGTM6DNSVIRiFFh3ZCXTOSJnQaeRsuWAzHnDR86A9olrfA57zeoHRkhdecbPek7VDditOjESKyNpnrK5wUdDHyJgKLrXTDTpNdLXCnB3hfZkoCKGpTcJFjda52B1zxgpRNBNSE2YBoCsqt3KfSWgqg5KCxir2Y2A3d1e9K7GBWSjCBJvJcTtEOuMJYUPImZNaF3B+TPRjIgqISTD4QCSXiD+lIMsSiAJsB89m8kwhIaViaSWrSlHr4q2VOaFEgem8PExKASmVKUmg7JSNklzuPDdTRObAYT0yhVCSgLqa2lYcNTULLbFW8rizpBQ5OT9HS8knH33I3fUVi7bBSMnZyRmHaeTm5p7XnjxAG4uIjscPT9j3jr/z4Q05Z7774YJlU7PuB5Ceh1WkO26prWJ/OLDeDxipEGTqWlOlss89Mh6rNZdBM8qKXUpsk+C8ypgwsFIBXVXELDmNPfex4mpSHIRHywaZU9FnIPAZslCkOX7Th4Fp6Nns1lx8doGOjq++9xq/4DfcHxzGtPg5/UklgZ8ckzFUteXs9BjvHUaVDOHgHILE1c0NMUZOT45o6hrnHFIqRuexVjL4gBpG2rZm8+LAT/ytv/W9r73xpe86f/zaT4fg/+USqf70n/7T/Nh/8mP8sf/+H+Pf/p/823jnmaaJX03G4L+SjlhKjNKM44S1Nuackg8OrSzGmCKEiaGg/oRESY1QmjQLklIsfkxdlexWpUDGwC/+9M+A7WhVGfelrOexUibPqjrv/aufk1BlD6vmcWsJYNAFpK814+ioK4tWEkQRhNjaUhmD835OSlFIQpnsZmavzYyte0l0Soko5tgxXu68Sr0VebYjRE9KYOvyUFczfMCFkq8qhcD5WPbDQhIEJNIr1GVtFGeqnlNgyv64TJvLuIw5v3YcfYmoqzSN0Vj9UtVdOpKYZxHabKlJqXTxRkm00gQZULYkEGmtkSIRXElTCjGUDl2IV+r7FBNZKvzkOang8naNnuP9docD49wNN0ZhbfEyK5GxVUXKmcXqmLHfU7cl7aTpFiyPT+n3W/aHHbpqGF0hg510LTkFrp5fMPnEEODgAot2y5MUWbYdQQt6H0FGktE4vWD0ARNHhGlYNKCig6S4d5HBJ6Io+33nilc75h5TL5CmYVCWq1Ew4XlQCVY243vJpo/44DF64J3zB9BV3E+R7Af2U/l5LeqazlgenpSdXK0yIjrWB8/aRV5sB/xmwvtbusbA1LOUkWgUjYbgA1fDuhSzyhBjJKA4XnXc9ZGb2xd84eyIo9WS27tbFvaE+vghW1cVCMHunosgUO0SZQ19jHjnEU2NUYaD9+zcyEmaqNuSBOZTZrvfoGxVCEPCk5TBmkz0Q6mqsRxbtS5pP350DFMRDyYyetYmVKI4EppKc5gi/eS4PXh2PrAwuUyYcp595JnJR9ZTotaaGAO7sfhBa6uolJkD5QUuBHwumM7RRaZYVjLHXUWtFZKMlQV0Iud7o+g250N+ymRROOc5zzvWOW7v5jDhxrGEPmhL13a0bUXddLy2qHhy1NLVFdJULI1kXF+xXNY8v13TLlecrhYQHPfrNU4KKi2JJaqIRVNxXHU0WrGNkSiKaFMIycIkZPRIJRgjKD+hzAJRdWQ/IGa1tfQTQWuWjSEF2HhFIHATDVooNI6DSzxsDJ0sLou60jzRgY1IvDAV22QYptJFIzVTToSUQAp8GBn3W+7v19zcXNNv7xm29zTG8IV//TexWDb8P//m32eaHHVlynM3JUbn0ZOjVS3DMGKVQrQNw77n7u6e5aLltUcPsLbifr1ju92zWi7oOsWuH1k0Fu8cwWqMtrRtzWefPXvns8uL337+2hs/7dz+81XZvywM5E/+7Z/kp//BT/Pv/m/+XVJK/Mf/0X/Mm2++ibX2FZP410xvmz8f8TokuOnbGM3gY8zORXRV9hQxR1LK834XpC6n15Ay0YlCZwoRZRVGmbnAZE7OHqC6FcuuRWmHcCXsPiUwxpRx7jy6fRk7F2bAep6RclKLUmQzhBBp21LIRC7WndraV53zy244xzmmbIZ3vBzrQkkSKdabman1bRxo8bLTzmJmVZfuVIrPu1uIRfkqJZIAogQ8i1d861mhrYqZvyify4k9p4ILKKSpMiGIfs4vnXtgOXOUpcyvRu7MAJKUQPmEBHxMOD+CEDSLZYnRwxNiQClZ0G7z9xtDKF2uLPvtEAI5RXKM3O56uuVRsWA5RwgRbRRNVWOF4uLFC2xlefvpivFwQFQ1pm7w01SY21XHi4tnXDz7iK7rOHvyOrZuOT4rXfq032ClJGhLChOnbc3F5oBWd9RnI1UamJIneY9QhgqHFppedETR0MmM8QMTmlYXtfxGHRPUAqHBq+JnjNMOFRNTEui+R9eJFQkTBg5Rc0Ajc9nd9pPn6OwBJwvF/u45yVikH8iDQx8do7XEaouQAgKse8f7Nwde9B5JwGbwo6BKA7JSBKG5G+H8aMHjTnN9d4sSDb2bUG3Nk6MV95vPmILj/OR1mqrm488GFssl7XjPuO9RquJ4uWRUFbv1LSJa7qlBKfbbHVpLdlOkspq2XXKxuSvAiMrSLpf0+57UFOuLzAGvNCJpQgxltDxPtCBjTYFMuFiSjbJSxe6TE84XMthJV7FsDIOL7CfP7TihR4FWJdWptUXoFFJmFyIaXUArMRKTZO1DKehKzszvRKRMx2qrqLSgsYXTTUqvHAUplbyiLOZJzvy8kASyKKuIzTAxuFCKt7bYrqM2lsZaHrWaRgiyUXzljQe8e35K3TZc3dxx++KS7WbL9c09QWRUjCyOl0hrcVPN/c0LVk3NNiai80hbsx4SkwskVfFb3j4pIkYkm1TWUCk7+miJceIwbci6pmkXSAG7kKikJQOVhH2AIWuOFjUhKK5HiQNO8wGbE6lAuNFSMSZBUob7VKAXKhUS36gUY4p473DDwP3tFZfPn4Pb8bgWGAZMJdj1Iz/5c1/n9/5rv5W3H3/Ms5tbzBxOr5TCOYevS23a7Qem0bHe7pgmzzBN2Lri9OiIm7s14zTSde38HM6kHIgxME4FTFIaEsluu9effvDBb/+OL33nX/Deu3/aavNfCHt5HEc++eQTAL76W77Kk8dP+Bt/429greXp06cMw4D3/l/p+DmlhLKWVbf4xw4i8/vSzjmbMxhdotqIGZmLSb3YbgqZxEdPjGWvkhHUVUVd6QLBqJZ8+Xu/yuXzF4z9gXphSdGR08vd5lwAZyVxmNFxIjNj3sr+VKkC9fbhZSZr6fh8KCdOpRQpplffi9aSGCQyyG/b1ea505WvCqaYs4Dzq63qbO6ffcjaSFSCEEu3/fI9vxylpzzTnIBARGiFSsVmNL8azIpnF0IJmVAlYSbzOYVLzEZ/Ne9aY5xDCuYowZc+35znUO7kSQJGF5FEFqsjlLWEFCF7Ukio+eaKc5HPsoziSeXB60KkVbDeDyRESUPxgWEqO/dVZ2iMRWQIWbDf90TvUUax367RVUWKie3NFaNzjP2WYfLc97eI5Hnt3S8jF0uG7S05JU67miZmtg4204gRCTdsIRqUMRyFib6PHKJkkSIhSrysGWSDTJ5aW1woFqtkl8TqHDENxQ8rOpQ0yCRJ+3ts1SOrjiHVXIwRnSdknL9PXeFlzX1U6OARGXyUCJmRWjHu11x4kHWHNYn9boefeoILrAdHazQtjqYq++8wTIgcaSrN5d6zv7igaWzZN08DmI6gKp5d3xdbSSx7TI+DqiPEzCr11DJysd1QD3tWJyc8bAMPO8PHh4F7L0gqcJ0UeXFCzIK7rDhdPkD1t4yjY7FcUUnN6ErohlWSKQQCiiRKwUpkVAJFAdtUUqO8L/tBFzCqkKR2U0CLjDW5TH4EHHcVCYXzARcCBxc5uFgElFIikWSReXnFTnOhL1pCgVC6rEyEwCiBkYX5XdwEZcJFLglbWeTP988Z+rHsmN0UGH0gZonDgG5Yrmo6ozECjrqax6uOdx+f0SwWfPjBh4TdmtEKdvfXjNPIx59+TIzFB37U1Ww2d1zu17z+8JzTRjM2hv3oGUJmcxhJwWFERq1WaCVJoUfXZ/hsCKmnZqJXCxo1EINCmZqqqkFqeh9xybCTmpQle585toKFUtyi2XnJziciGmOP6G0iycw6Rt7vK5CCtUs0ccKkzFYZJiHxfqLfbbm9vebu5hrtBh5Jx92wpqpaVFfT+4Q1ma9/+Izf9j1f4ivvvcGz64Jx1TOqM4uXzOxUMrVloeHZ2hBi5LDvkUDb1bRtXVLh6oraWnabHYfRUVWWmBJVZQtxEMHF5cU7H374wWMf3CffXnTfePu9f/mBB957Pvn0E977wnv8wA/8AH/mz/wZ3n37XR49ecR+t/9XMnqOMSJU5rf9lt/Kb/jSl4rX+Feqnfm5n//Zxd/+Oz+xzLlkVApVFMBCF1+jVhqjFDEXUYaSc7GSuoQexMSh7wnXt7z1zlu8/c7b/MLP/RzBz9FxUqCMLZQipcr4WgjA4ZybO/GSuCKFKLFtKTNOHmttobqEzBT8Kw9tygnvPeUgVsavLwVSLz/4EqogXu1ktdHzzyTNQqu5UJaSWHZKWsyFLpYyKkEaORfMXLpqQMSS2jG/aFEOy7IjFnP3Kihj7Vzyz0oHrGUJYXeeJOb3/XISMXf/KRerR85lvCbmyYCsFUtjaLsFKRXVppElHzSLYiWK0RFjwXeWfU1+td89qiQf301YW2GUZAwe7wJalptLSHDTCEoVEZcxIBTBB2LMbK6uWEpHVUnu95a2gugkt+s9D6eR7uQBebLkA7gQqY0mRU9OASEiIgUECZ/KWPzB0mNzRzQtGxKN1Kx0JnJEVtCqgcmuSKpG5ES2DVm0iGmHCxM5e1QIICHVJ/Su2CtOKk1laiQZmUaCMQyyZnQjNvUkJGk8IN2Wg2jYpJrqMJXEmZgRMaNk4rXTjn0/IpIgR0fOFaZqGd2EOyRys8RvRsb1BpUDVkkCljEZRqFoW43Jme3uwMF53nx0gpGKXb+jT5KubdlME7sPvsWjaqCvV+ztKWfLU57aSCTxC+Mtu2S4Gg33TcuDegVu4n7MZNUgsgcJ1maqKIrIzBUsZs5FwwCghcRFyFJRmcRmM5Q4T6NKco9K7KdE8AlrCgVOvlL6qzkIPpFfIhWVgJhwqWggGmte+flfRsVlBUrmEtoh8zxFEqSY5mlTmUyFVOA3zJ1s7wJSaJJQWLvgdLnEWs3ry5pKS4bDnuQGvvT6a7z1+hscdnviYcdquqe/3fPh3SVKRHwSPH3tEc557u/XVFJwvlqgtUGJzFFryJzw/s1IHST7ccQ7ePfBMX0qrIEsBfuqxmrJqTLISRNoS9xf3gOGlAxSGnpZfLOHKNiFTGM0iyPLm9WIHvfF/WFatj4gsuCQNDsfGBxY6TGqoEBrLdm6wGEKbF3P5u6G25sr1tdXnKrAd712Qm1rfmpv+drVgTcfnWArA3g2+z3/8Jc+4Du/9DZHi5b9OCJVh5Sgs8CNnr0YOD0+4ni5IMtcRFMPzunamrqyJMrnuN5sGIaJxpZJ4zCMDJUtqy6jCSnSNhWtlW93lX4qu+aTf1qN+5eaMvQTP/ETfP/3fz9/5A//EX74R36YP/QH/xDGmv+/Kp5TiqQs+Z2/4/v44he+yG63+8deWynFNPnjGFMLhSushChG69k/6kMs3W9KaCEJc3cYYiBPia6pmJxndPc4/5R33/siF88+JYxrsixFtwDTi+rNeVcsHqmMsMs8tWQ7phmkXopFREqNEopAGclKpYrAImdiEp8XWvHSCjtbhubOU4nS4WYRIb/kx760Ec2vUzjtM8RCzikquXiMjSaHQKTAMPI8j48vLVg5fe7rnUVdL226mXK0TDHN4eTi1WtnZmW4LNmoMc47blkYxuX759X3YWTG6hLinaUmxUBT1cToyh6N2cKlVHnNEJm8K4cnKWmsJiXH4DNtV4LRCyIyYCuL0RaZPT4WVaR4Od5P4KZA32+I04HupGTo3h00mz5QKxjQ2HaB0grbHeEmx/3NC1LvIGZqURKbjo9OUFoXcYwwVGrivNH0Z49IzSk6DCzdPSaMaLvgYJ8wqEXhOU/TvDYQJUd02sI4ld210LN4LBBSQCvNpErEmxSBTht01ZArw+gD5AnhD7iskcuHHGuDzR5iYLcfyLJGC0VKAmM0+qVWPWd65zHNMQdRgU8FBDPtyFKWTjYIYr/m8aJjt93TdRU5eIYxc+1G2uUZ96Plk4vnvP34GEsiG0ESGj8NjKFHCMF5LfgtS8FbbcU2wwe949l4QIcS9tAnwV1UjNFCjGgiPjlCAqMlzmdi8Og5BGAMszxxhmYsaktGFu91zLgQipfXKOYYamIuqThCgUu5WHeUxhqNkJCkIIdAQhBnGlZOReQjpZgDOAqDOfpMFGVyI2VBHMb8ciWkSGiUrTBVzbIrfPK2a2hE5nFneLKsedxK3njjdZ5/9pzd1QWPW4PyPduLb7HZ7Kgrw/JoxceXd7z28IQHXU1VST7cTWx2A+d1pq4blLbE6Nist/goOF80hJjYaosxlgtf0WbHSQUOzfN+AF1jDBxFCLVFSE1jJEPWbIJkiqoox7XCIwohzxh2Ce6ypJMbWpWxWfFABdrsCD7iYqISmUpnmjDQR8G3xorr3YGb3Y6rF9f0hzVMI/Q77LImOM8hRlaV4eYw0rtAUxmiU9RG8vWPn/HuW094+uCUX3z/GakpE8acCnOgoqBkN7sdy8WC1x4/JJPp+4lDPyGUoKksUkgWiwatJM577u43WGMwRuJcePVc39xfPWqXi0cPHr2O99O/+mi/H/3LP8qP/uUf5cd//MdfWY2Af+nFN+dyA3zf7/xB3n33C2w29//E11NK4v10nFIySuuiQUrp1c4zxoTQeaZTFQuI9BKjDTkVQVS9WJIOIy5knn/2GcO+J/ip7BDnCpRSBGTpmFPE+fDKj5v5NhUzpZBpOQcq+ADloEVjyyLf2BIM7q1hHEeELKfyPI+DhcjfptIu42n9kjg1j7OYVdo5FdJPmitczHMHLOQrj22KqRRhUcZhSglemZTmAo0qBB1JRkhFCImcI1IrJLIIq2QJOhBZlAt2Bma8FHxBLoeUVIQmkRKbmMkoXzoST6SeKVsxlpQgKRVJ5HIIyuU9KSmI80MgI6mlYL8fCSlhTUF+FsxgKnGAUjCNoaizc4ludNPI4dBze39Pu1yRQkXvIiedJQVPDJFtP3L26IyY4f7qqiglbUNzfM7Viyu0lATd8cbjU067ihgnVF2V9KR9JA97TIzIZoWkYvA1xB4vNQd7TE4JrUY6Y4pHHAG6HKS0yGiWJBFJrkRJSq3ZjSPWexa1wVvJpDvW5gykomk8Wu3RShJXT4nCkONITNBUFYuY0bqhIZGnnskJpuCQpoAV1psdg2jQlWK33rMw5UAqhMSjMNaip4HWKKbKcLfrCyUoeRxw7XqyqXn4+DFhvMW4nq7SuKjpuo63uhWZRJ8i39gnqkXDjfN8+djwxcOEIJJVxSFrpPCsp8j7B81Hg2ajMoMbULPSlVnH8VJbGOd7IqTEqq3LoRHBcWPZT4LBxfn6yfOvRRkZq3Lo0EISciROASFmsRPlcJhiIKWIlhS/rZCEUDCqSIHMCpdBGY0Suox7qwZhK7rG0mjLarGkM5Ltdk3KiacPz1mqQGsNj06PqcMB6Q4cLRv295Zp2HBUZ9596ynPbzbc3d5w2rWcnsHq+ISuktzfrdE58eDsFJ8DJ92KwUdutzsqqfBkYvQ42VBViQcLy4sBFm1DlXsOo2OSiaQVPmbCNBLZkduWMVs2UXFIgoykMpY+RBqrWdQVPgaup0wUFadiwXUMXA6ZlCULU3NiM1lI7kLGjI4mBD7ZR755c8uzq1uG+zt8vysCtNWSIUf6EHERtBSlACrN9jDy+PQIZTQ2RW42O+53B958dM7XP74sdsc5ZAVysSDmzOgjsh/Z9wPLruVoueDmfoNIRcRpreF+u2O327PZ7gjzGjDFTIyf52vf399Xt1cvnqyWJ78ys+BfVdH9R61GP/MzP8P3ff/38cf/+B9nGqdSNP4lFN/gA9//Az/I0zff4X59///zNYSUeO87KZFKz6jBlEAJtFbUdfF+8vKGSRElBJXV5JQxOnN2tMSNER8mDrs1H3/wASIHnjw+Roii6Hzp/S2AjgLxzzkRvs3HanQxw4dQxCOVNXgXcN6XnazVTN4zOk9lTRmRirJnJhev7+fj5fyKAiWY2cRzpylFJub4SmT1+RpYIHPhM5eutJzuc/6cPybkfEB46f4R8+vOySdaSkSWCJVIWbzKE335/+WYP/chU0ZtUb2UeBX/rxIFtCHmQipVsV5owCiFEsXClWNmGnukELRdh6CMof28u8xzDGNKGU3iel/+rpwV5M77YtOScwxYzKQ5zrG2FjcOvLi6JEhNZyuWi6fcXX7M7fYWH6A2krUxnJ+e02/W3Lx4zmFyJCFprAKpqBdLTk+XrLqjchCb5/4uwH7KhKmn7g+0474EixtLqDqU1BgSxEyIEqMseh4P6Koi6xLiLsnFSjEdZr+kRgePzQGdPVk1eNXiY0YOe5xRDHJFrlYoIlXokVqSPVhTc3Lk0aHHZYtTK6LcM+4K7lRZwdHRKdukOGk0NzdF7X9iG1L0+Mmzn/3vpumoQ+bF9R11pWkrjRYarxSt9nRaMB0map1QeWKKAmVr6qooQ7ebLeFoBVXFfu8QtqHRhrvtHiUS7xxpjuQIKfFbo+TZWPHxVPP84PlgO3I/BYIb2A8HRucLHjHN6MCYGT1oWe69lIs/XJgCrjhMnkie79FyvfbeI5BUWs8jGlGgCSLPObcCJTONrUq2rLJFdGdK+IOxNU3bsdCSB4sGqxU6eaQxnDYVJ12NDxOi33LIGWVr3nvjlONVx4cfP+PFJx/yzpMHfOv9DzlddSwqSNOAZsnVduDgEtfbEefgzaePuN3seH51QOsakSMni4bxkBld0aRMw8jBNMXzSqRZnpDXF7hDz8P2GJUT+/JYoVPQK8EuW2rdUufI3ZRw0hRvtMizmDQjieSkZoQljCHzPEQ+jAYZE4/ymm2u2DvL6DOH6DhMntt+5Pmu5+Lmjt39NbnfURNZ1SUww8eiy1lvtzzbDrSVQVeah0cdn91tGJwr4B6pIDpeXF/z3V96j+NFzcEnch7ZjVMRRxmFGyeqqsZ5z8XzGx6cn5SIxFjWaofrO4Zp5G69hxwLJMdYUobJFVV0U1vqynBzd8/67u4d3o065xR+zRTdl1//wY/+B/yV//tf4Uf/8o/yJ/8Xf5Lf/9/4/f/C970xRr7/B3+Qp0+fsl2v/3Nl3ALBNDrrXJA5JkxtSyaqD0hKpyRmfKPQmjy5sldNEVlXiNDT79YlfMCPHCbHrh9RhEJ3opyMpMgYpXDeE8KcbPRywT+b4MXs1S1degGrl048oCpLzpnKVoxuQms1v39FiK6oHimip1eAp9kLXFSa5aiv1LexkeckD6EEao4uYwZrvNzNqpwRshTfGBPW6pl+JZEqo0Kx+ORc4tUKyjG9ij8TlEOM92V6ILJEpM8PGi9Xzi/BHSJBFJk4i1AkogjahCSSqJUhkctYeMZ6viSHkRI+hDlebc7rzZBy8epN01DA8FYz9iPOlx27MubVwxUlyDHPJ2FHCgNVe0JTVxhj2OiGYZyQlcXWLe89rFAILl485+L6ln4q+ElygXos6rosDpyjaWpU3RGmnmF7x74fyUngNtfEZkmNAFshrS0CnKpCKos0RbxBTmg3odOA0kDdEjPouiXL11H9HdrtENpg4ojWIFSFFJLGSISq6IVBKYk+bDlsrjmEHiME0rSInFFpjxZQdx1hcmShkdrgJ4cPoOuGaduzd4K2W5KjQ2tLFkUBn0bY9BMP+x3ntYKTmhA8TdeyTi2rxYpVWCOING1F8pGcHJXUpL5ni6Jt4cnZqqART454sqhxCXovWT14gHeenVS4/RoRIrVSfHGheLdKxJOKOzre33s+O0SuxoD3sbClnWN0jv0UGXwgJU+OARKEkFE2sZCGJCS9D+iZVZ0yaFOIUa0xr0JgjDEYZYqITwoaa2isQc8JYlmUw1JdGQienBInreWN444TndkdPDs38FrbslhYPvrwAu17nixbzHLB888+5XBvYPRYPCJHHj58SN7fU+WAtg2Xm4lf/vCCRaX5jscn3A6Zz+5H1DQgY+LstMIPkRgdRmc2+x6VfNGWWEMOjiAqslWsqxWVDLx53LA+jPRSUWnFkRb0QqJIVN2SJAz7MRJCprOzoplEDhEtMj4GtFeIlCFH+pAYQuIoB5yAvU+42HPwEy+GwMV6z7PbO9a7DXLcU83vL1N0M42OBOcwdc2I5HJ34O3qmNYotK65uN8yTo6jrik6FyO4uLrn+76n4unDE37hgwuy0TgfEP3ActkhpMIaxWrVst+PfOvDjwkxcHJ0zHLR4FzJ+T5edjTzVCTEiA+BlAplJeWMNppDP/Kt999/vDg+7YL3m5e15bW3vvBro+i+VDz/5N/+Sf7oH/ujHB8f89f+6l/jzTffnDNr//mKrxCC1XLB+YMHeO8/rz7/eVaiGIlhzsxE8ZJ7KAXkkEgiYbRBzEpclCCEgLazSm8/krLgsD8wThOTG1FKEEIm57IjiikSUpwvpKLIM8agtSKGeVibv81TmwKgsNawH0YqaxBIlCxWhLL7Zfb3ilfURV6RoMS3nywKPGNOanlJrcpzNyhSGUNnKQqaMkWk0K98teSXe2nm8IGy/42xHBjmyXDBa86CK3KmDO9K0IOYfx0pBTXFRFKpcJszaCEK9jIVYHtIicRLq1Mu4rIcQclXOZzOT4x9z/HxEqNUybwMCaM/L+wxRZg/Q58ydVWEaD4EYih7p3L4mU8IKaG1wiqJjIHTk1Oyqul3G5rK0kg4evoGum6I08h+u+WDi1s+u9uiRObLj8tN+2Lv+fRmw30/ofYte99z7hIP6iO8SxALzu/uEGhvnjNFUHWxQWlty+7RVtiqsLyRqhwmhMTFTBUCmkQSmqAs2BqRj8D1JN+TJCVLVdV4JLsQUaYqYZU+UvuJPGzIbuCgu/Jvph1eJpYnZ9i6QydBFntilqhqQUAQfeC40rgworOjq+b0J1HCNE6M4igkFpTA+fr8CJESUdf04jHHFrh3JVGnPkbkgBKGlam53Ox4erzg9ZMKoWq0VLRKoLuai9sDuqqobUn7OUwjv3Qzst4eePP8lCe1Be9ZTHsen59yXBseKY84qWiqio8PkUPI3I6Riz7S+8R2mph8RJHZhXJ9Gq3L2iR4VjJz1lXsXAlxkNqUw3ZOtJWlMUX16smMfUl6enx+Sjjs2O62GGMx9KgAi6Z0lbvDGtWCzHDY7XjttaecHy84bO+R45bLIXK/PfBdX+xIYeKb3/iI467hydmKfndPszgmasUwCvohsPEbrNWI6NkfMvtUc9je8ajJPDhdlYOzbWnigU2EF33AhpFKg3OBmDK6saAsj7qK425BnwRBKBqjiGissVQZzkXEBxjkLDYSMMaISOVnaGUiCYlHzGuayBgzQ5LInNlGGIJhNw5sDwcutgeerw9st3do33OiM0lEgiw79ZAlg49oAcSI0ZKursjegTIMLlFrxXFTFX51VXEYBqwx3K43jG7izScP+flvPSOlxNFqRWVVmYKljNGaYZjYHw5orTheLXjz6ROM1vSj5zD0DEM5nHufqKwqXmFgsz+g1VxacuLTTz89rttFHWN8VXR/8Id+36+dovvya7vdst1uX1mNfvzHf5y2bXHO/apHzs65MjqcppJd+08bQ4dATClIpTM5CZJDxoG6XZaTrFHFBygFUstX/OCqrsquyiiWixYfBRcXl9yu16xnU3URBc3BATHjfcQ5N1tk1DzOnNW18+Lp5Z40pZILGlMqSUIU6pOPsSTvhNKJv9wX5/z5IeJX2KHmCyzPwAw1e2Kh7KtiSrw8Z8QQSDGjTemGXgIy0my70bqcFmWWrzCOn4udMlC8sjEWz25+GZCQUkloSQW+EVMizZ9vFon9WAD2xiSMEHRWv2IxZ1l2yFqC8wWzUbdL3DQhBBz6A01TUduacSxwFh/SnAZVlNiKMqZOKWO1wjuHdyWOS4oiOxM5v/IrV3PHkuJEdfQAlCqjxgSLhwvqtsGtL9ne3/HRzYaLuz2QeXrc8MZxS+8S4+7AWaPZh3JQCWbF1RQIL64wfiT6TKMk1mqSc8TbFwxmh7Y1QmmMsWhVxGHW1tRNh9SmdFjW4pPApIwSiTQVuEciY3WNTr5cF7oimRqvK3ZBQFScqIBaPy8HJNMWAExlUVVDjSs4P9lxyBWViQWHKkpnV2lddA3RYcctlc7U3ZL99g6VPEbXnFXQrSxtXVErCd0C4SdyCkiTuJgMN/vAxW7k0dGKR3bJO2cWTWZImRwTKyYGWTFmxTh62q6jO6kYp8Bm9LzYTFxffsq3nl+zXK34N77wBpW1PH9xQ/CG6DLHJwvesrLgL3ebMkVIoFRG6YTLkZ023BwClcicqcw4ObpK0LUtgprJjbQ5sWgluyGRZODkqGGlIEvN+jCxrIs6+WYY0Kbh8aKiO224+MwTQ8amCRkGHhoIqmU6egjesXMBpQVpe8U29mw2G7SStI1GC0utE288OOH6bksAusqwS5LN9kBnNEfHp1ze7bAi8N5r5wTnudsPxMNELSKTXpB1gx8ndKWJUXCIhbPucJzUGmErjNQMsuEzFpw3Apl2PNsGhG44asqBbcplgvWCjopI8pGExMhClivTMNAy0Qc4ZDH7IQRTlCUGNAa2Q2DX91zd33N1d8dht0a5Aw2Byli00ERVksDIGSuLCyAqjZSRHAJdXXMzDNzuDxy1NSFnmqridn8gpEhXl5HxZjdycfGCR0+e0FYWnxJKl6mh0QGlBMPkmJwjZzg7OeLR+Sk+RDa7/y97fx6r25rfdWKfZ1rTO+zhjPfeqluDazTYLhfVadsEY+xgFJxAp5uk1VKkBppEQkrSnbQ6ShQpivJPJ8rQmEYkMlEIaimIJCStBuymwTbYZvCAXWVsl6cab917z7CHd1zDM+aP33r3OTXZZWwjsHmlqzp1zzn77v2u9a7nN3y/n2/P/nBAK81i2bE/HKTg7lqsUgyjZDv71IieQRuOw9A9u7pyot35F2y8/GtZjb7pm76Jf/9/8u9ztl4zjAP/rDmCZrbVfKk96KsdupP3PpdccookOnAtlTPiz61qdEmgC9pqychVim65ZExSLWE0psDDR4/YDwMceha1wzojC6MZ+5jS7Gmdg9S5oy2dTDsQc6GtHVYL+3SaJhadcIbLKfygrkV+HyOxZKy1MiqDO/vNS0kDctDNHkI372SZRSAnOAZFiSUqZypO+b8WPQd26zLniOYTPOMFXOMkXoJCAHwp6CQpQ1or0sl6gaGokwRLRumVa+Kgyj+92WxfoQyPa2e46Bo6K4ELZNk7OyeeSaXdbHmKgAQYWOs4HA8M40guRew/SkbmqWRsKUw+gZHwihgDcf45zMzTjinPgRDCu67qmjAlwnRku91TjOXVV1/HOEsJnvG443PPr3l7O6EVPLpY8WBVcXUYGaPkID/qGvT5GV+4PrC5uWKxXHGdIufFUyvFFBM5C886TUfu20Q4brjqI9gabUQYpZzDuHZWTlqapqOuKhqjqaydxXBigzLGUVUt2jrGdk1XG1Y5oHXLEUcVI2urUSGSTEV2S3S7xlYdiYg5v0cfI9sJarMmVxPFSXKTbhe4qmbYPGUYj7TdGbpyOA2lWBbLDhUn3thH3tN2uJxYNJY+BpaVQtWZt6bC0D0k+iNvDyPPN3tSsLx+ueDBaknnDEOCPnueTBK+3mrZDT7fjAwxcX0I3PTw3ocrvuFdr9Jai8dxf91y3CXSdGAcHQsrI959yNzuj+i246gcPk3occtl07EbJ9rG8Y57F9zeXjEcb4nHLQ/OFxymkWwqlssztlfPqXThg+//Js4bx5Nnz3CrhiUBlQJT5SgqMr79Weqzc9792qvoGAiHG0qqGfqe2+OO1eN3cD1mDjfXPLhY8+ZupI2GzV52rV1X88rFghASw2FDZRW56nh7n2g6R4ojqRLi1Hl75BAqaldjjWadNTceiq24t15gjeagHHG/p/iJg8/UruOyaTlbd/TBMCVNUIazMhJzYVQW061Jdcdei15jNxUOWRFVxQNGXlM916UhzmsfbTRDEoGUL5opybNgKpnBe8ZplDzp2w3PtxvGwx4dJpoyoEvBOYfPhSEEFrXFGs0UEpEZ56mEox39RN0tWTUVtmRiTqQgnvw4r/CWXcP2eMRYzefefs6DBxcsu5br3VH0JbOtMWdZUQG89sp9mqpGKc3z62tuNjsuL9ZcrNdAYdktaNsaP02M3mMXDaYIna8UUfgfj4fF0ydPq9Oq8F/4Q/f02mw3/IW/+Bf4M3/6T3N5ecnx2PPb7S6KMRCCj0qpHGMyIWa0qbCuwTonI+8IKSSqSlG5Cp0SVV3T748MIdC15xz6I8tlx7tfeQWbCvfvn0un9pIpO+coEIEQCN5jrJ3HmmXef74QGCkjYoQM1JW7A0XklGjamlJkXFrSHGZwCnt/Edczt4oyOjXGzF26HLRZv1ARa8FPzclCshvW898rSuz/uZR5dGuFshfzzKFOM9wjkVNhUdc0NgsaU5t5/yWM5ZQSPiW5WXMhRE9brw/f+p1/8M/+6mc++60/9ZM/9Z+EmNiPE6Zt6CpzBw2xJ4KQMvhxoOQk5CEkeGLyEaU1tbGUJJ3uNExgJXwg5TKHkM9V+Dwmcs6KDzhEUT+nLMk9wTMcjxwPW1Iq9LEw9Efe9epjTF3x9HrLdiicn53ROsu9VUc2Dp8SRQ88eNTRWcWi1XSP1nzu2ZZp6um1YQyed64sg4+kkBlzoqkb1rViyIllCRz6gE+RrJC9alWjnQhXjK1xbU1b1VR1Q1W3VJXsHKO1RKOoqgaMhGscrUWJB4aSFJM9xzqFCiPaDlTtmnq1ApU55kKfDMdR3rtl0LSmxlaWql1RG80EoB2uqtEpYufiRgdP5Sp8Hikx0xtN6nvWFjA1b+QVQ/GsLh9ythy4vnpC8hs+fT3w9iHwwVfv8fqi4noQ+8pUrXg+JeIYeNZLvnTJcBgLxlRc1hGnCn6aeDp6LtXEeWeIAeIUOWTL+dmSmz4w3QQ6O3E1JXZ9IA2Zejhwtl5x24+snOP9H/wQu82G4+aaroKSFGa9Yr/fU5eEzYnD1VPqR4+4vbkG49BnK4ZhZBoHFsuW4zAwjQMPcqDOnpXNrB484AvPDTc3gasvPGHoe957ueAdFwu2g+Nqs2Xfe0LMtAYqs2RMif0YwTbUrmLTT5xXGltgdxw4Ho+sdOTxxQVbnzmOgWfbLV3T8e6LmsMQuD3KjnXZVOxKYW0CWsOqbtiwJGePtw3OWRajZ6UTcXFJTSOpSCWxGSJ9KlQI7KaymcedQYXCm150FL5ohgyHDE5lUgxsJs92GLjdHbjabtlu94ThgE4jjSpURlFw5FwIRdF7We90JVPpRFVnnDZksfijlJ39zZm2qbEl0c1c+1QSldH4kFlWGqsNlavYHHpKTCwbx/OtWB6dkTXd5APKGLqmRRVNP0zsDj1Pr665f3HBa48fcLvdM05hJgCKCCXMgTHGaMZxwi6MWPRCbMdxsP9ciFS/1a/r62v+yn/2n/Gn/t0/ycXFJcMw/LYevMY4rDGpriwhaLH2FGSkaOxd0IAk7WTGcSR5jzWOqm4YjkcWTUMKhc1hh+/3hGEglovZlvOioyov58bOnOU8W3ZKyeQsSSO5iN3Gzyrl018LM65QKU1MSXyEJ2ePerm3fcG31GYOhp8P3KKUELLmJfApfUhrTe0M4cRjVjLaJkapDqPsnK3Vc2DDiwKhFOZsy0yaJmnuS6bSIp7K04BC3X3PMcIYIpWBYRjNq49f3bz73e/7v8Rx/O6f+6f/9L9ZSmEIkdpZrBa8ppC3FFllfPA4Z2hcLarjGKkrh0bYyYfDwHEaCdNEKrB+cEHMGaM0lXOEGASEDxg7U7xOCL6ccdbA1FOniehqbsNEYwtPb3dctBW5cdTW8K+96wHXXnEoDte2PHx4nwf3H7Lf3nB9/ZwYE4c4oMORr7vo2PrC5/cTmzGwqhSXlxc0oXCcRi47R86BKZYZ7BDnjUPGlISJE5WO1FrjpxEfHAOWYhzWWhpr6CoZAbddS7X2dH7EVJq3V2c407JCioreJ5Et6JozZzmvLMFWeO3oxg26relNw3aK1NZR05FcRbQdnY3CG3cL1k1NrTNvInQrbQ3Ncs3v7SoWdcWhWPbHA/eqzDEZ9tPAq2XDWjt+sbqHevgeXj9f0YRbPv504uNPD0QMy0rjjZMRXlb4XLieElMomBQoRbFyBkpiGHuGo+Vh1xIPA+5sxWpl6afMSEVdNTw6F2DK872n+IgfRrJ2KAX3lx2N09w8eZOLWlOXkWPw9D5St60UY8cD54sKnT36eMPV20VUzodbrrc7lk3LainvxWb0pAyU53QOprbBu56mrbDOkYLnXfdW3L9ccX0UzOH5oiUqIaw9PKs5HAeeb7cMpcYtzlHOYjGklNEpcTUZlo1Bac3tPuDnpKBlU3NdP8CXkeQPEDV1Ba5ynLsG0kQfFZ9Vl+SkOOsatrlhURKlshyArFv6AFNIVLoIMpeIKwmjYMqKN0KNT9wRtAY0vhTSNDD4gV0/8LnNjmebHYfjgTgNuBJZaIWtNL4oOUi1IiLrKGsEcxtiYGlFB5IKRB9RyqCMQRUloJqsyKqwrBzWaMbJ0zlDP3iWbYOzGmNgPwzsdj2tdVhj0EUiQguFkBI2RoIx7I8DVms2hz0PLi/omobr6y25iIuhmieLpcD+MFAZEc2FmCBn2evnghqHX1M/9C/soQvw5MkT/vJf+X/wp/7kn2K9Wt1Rm367EJFKqdTUVUlJdos5TOTRok+RfiXTNDW2qkCJSCDmRFVVHHc7uamcsJV12+IVDFMvnq7yMnQRuXlSku4xJTlgOaX9SHeolVieYsx0i4ZclHA/g+D4TragmMRjGkKYR8WSIfryhRdUhpnD5oW4VZIoYcG+2L/OI2mtZfeltPyRPHOQC1HGyloOT+aQg5LyHB4t4/OjjwxJuLJ6BmXMKiv5dRbGbCrCW90Pw+L7f+C//N9/13d/9//iv/3H/vh/cNjvHn36M5/7qDaGvfesKoeZCwajhdaltaTjVE4zDAFbNNbV6AYoiUXXkIHVoqXvvaD5ckIbLcXTUcboksw0q8dLQRmHLuKzbCuNoqbOhWfHiRgiRlti8gxDZFm3vLp2vP2Z5/j6gvsXr3L/7IKHjx4x7Z/jhz0xy7itLg5HII4TOWa0gj5G3nexos81i3FPo4vACoIEo4ciu96Coa4qFpVDk7EGWqsoRjPlwhRH/JDZl8JRzVW+ddjbHYtFy/1Ks153VPce487PUUpsI04pJmextqIxmYOfeBoTC9fRaU3tMhbLsWQsWYRrxpLUrFyvGrSraFpL04+MQUF3ga07/BAYhsQhZepc2CbDVDQX41N0jizqjg91E7f+FY7OcVkqfk8TeePqik/eJD74oGKRBpZ+4g39GmPMTHkiBOFna1MR3H1u6jPqumFdjjRxz9Y2eOUYh4QKI/useDJq0hDoQ+LhxYpmWVAkpnHC1g3OKkK0VAr87oo2B2pTsChsGvjM1Y6mbVg08tD2BTbPn5Gyoju/R2ctnYno7MkxE7KiL4ZOW86WSw4hsX/6nAcP7vPqwzOmw57zVUcyHZvNhgMVZ8sFbdNTW0cfC344ii2uZHzMHKaJ+51lZRTPBospicvagbX4MVI0PN8esKbi01PDTdR8qI5cqi237hJvDEuTcAl6W3GYGiqteFoMlMjTaFhZmYQNQyApg9YwZY0rgbVO8/pLxJNPhoRGEseOGfYpMviBfnPN7c0tV4eBbX8gjD06R6pTkpLWGAW2wJDF01+KwlmFpRB8koAULYdyKQLE8bnQGFm/pSRi1JhBxcyqrVFJCtXBT4TZnmnmlVI/DtSVTLPU/D2gxaoYfMAoJUW2dbRNzWLRkGJmsz+yWnQsKsswDeyuDhyPI4dhoKksl+fMz4N5qhZ8zEX9upmy/8IeuqeD9/v+0vfxP/j3/gxN2/y2ISR1jqScotG6WC2V0JRBRXm4GK1xtibGTNM5zs7PuMmZw2GPq1oShd1ux2LRsVp0qFde5cGjx2gy17c7cjKz31UW7LpId5nnTquUF1CLMiuRrXGCcIxpFn9I5mlOiZgyWlrju3y+zBcHwhd1yslVsodVUjxopU6EgPnPidnbJMHgichJxrAnIhVFPmjGWHQq4tPVhpDizI2V/W6MgZiyjKUwVNbOkA4RWNlZQS3WoEyUdgCfi/6FX/6lP65UWf/b/86/82/8/j/wHf/z7e6/+Mvb3e6dk9Y4nemcReuCLQZrFCVnNA6NIswdibaWse+xStN2HXXbEGPEx4zTd/4p0lyg5FNEoWQIkpP4iWvrcFoRU8YU2PaeEoNcg5xoTaafJr5wHDhOjhHDvfWSKUR+6Rc/yac/9fOSxOKTrCHaBdou2O43XI9BkH8hMhmD95F6Tko69keOfY+zmrZpUFqQkbWzNFVFKZlUFAkn4e1q7txNIYZJ/NxR9t/WVOjhyGZjubGGRetY3e7p7j9m3S04M5qurVAqcOUW/FxsWfk9MLLXa3xMRC0Rk8cEJmqsTuSh51gmiBN1HijNKxzqBbEKKAJRWSoDkzI8HwI3x4lX1g24FhUT71hVfCE/4CpPXJTAWgf2RdOqwDc8Kvzk6v1snj+V3eI0sR8t09JzO0Z2odDkiC6R4hb4FPi8r9mFMx42iT4e6Ksznl4PXB96Xq0Hemu5Lpn9rlD7zPq8ZdjdoHPkfNUJgarf4Q8ji6ZhOPZgDReXZ5QQiDFz8E8JSvG+Vx6Tx4Hd4cBFZ7mnDZOtJRVr8uyPPQ8uL3jfex5xTIpxGOnHQFs7Igtu9hMpefY+kWKFU4WNz6BGcm5IVJAKm/2etQ6cr5bcN5ojmV/dGbZRYZuKPkfe1RYqAzF6puL4dFpzyRWlWpCmxOemilUyvGJrkrFMqmEKI0syxVQ4lbguHWs/cMyKY9E4M3sbsqZx4GOGJAUXM2J2mnOgc1GEkulj4vkw8GyzY3N7w3aOvHS60DoDJOFKaw3akDV3BL27cBMFTik6C0Epjh5ChsYUfFKgzN1U0Giw2hLQ+LEQQkRRqCrNoq45jhFXPA4pbMv8+e46iTf0Pkg0ppE9tIg704yJle/r6bMbeabUlv3+SN/LNS+lsFwsqOqKVAp+ijSNmSln4LSZtNbpX+pD9zRq/ov/17/I/+x/+h/Qdb89B29VVVhrfEwzX6YY+mGUizyPcherJeOhv8uyzTkzDIMIhcTny9n5JTlluqbm0eNHXD95m+dXGwoyFsl5Ho9m4a4qY+46UTX/XFZpESoVqKwj2YKfPF13UrHWoh5WCGXKirioFBl96BlHJ7t8NVd26g7faJSZOcZxNvMrihGDf5mj8HKMaGtA2zt6VvABNSMkT7KvU2pQKVKxGqMl37QSMIRC0jlkHC3KYH0XD+gJMw7PasXCKobt9Ueunl3919/3gfd//8eefPT7/sE/+Af/6xCz61XAWSMUKrKMeRTEmFm2LefrFcbKuL2uK4ySSEalNT4kaisZnylHKIaYxNZ02gXfFV/GUHyiaxqM0lwdAiVO7IcRRSFiOT9fUrUdN/01b213PBsaXr33ABUmrp+/jQ09SSWsqygesAI4UcoyKMN6tSCPgX0/kKmIKbM8a0nJ4aeRi/MzEY2kRIgZakm2mjEmQv0qwr5GS9zY5thLgtIcZCGxlZ5l00DJ7EPhMGiu9hPuasuybTlbtKzPz1msVnSrxCF4HuWBJieKsrjlkpIy09M3KZtrDk1Nf/6IlTO0qnDoa1qnsFqx87Cno2kVkYpjsSjX8TwMfGY74HXilTPJy3XtAqtW7G8zz54d0OYJF7ZmXyJPYsVtMLz+4JwhFOoyEuwZJk3sp0yfNQZLk0fsuOFCewbl6OOKoy+EbFCMWL/lzCiSbrhNDceccSTWXc3b+8ikOmyb2PcHVlZRNY7zxpB04TpavvB8x1mf+LrX7nNxZvlASkz7HSqMnJ+tOHMQUUQUV/sjyTZUXcd+Crxxc+BdrzS896zj89ly3RsOwaBSZFEVBl/YpIZtaFhRqLsldfH4GPA0kDNuseLx+oLWaUwYOCcz3lvxvKx5VhTrNrGvFnjbkfyeXx0tv1rO+PrO8o3VFcdQ+NW0koPEtZBhyFBoyaYCpXncwfUAYxJRo9OWKYmCX1s4BNEaFApWZexMspty4ZgKUwhsjwee7Xqe3W7YbK6J04gBnILGSNHdzyhRVWRslrMSEM4c8JDKidmu8TMFcFkXtAZnZWqwF5OBBFcIuQhdNFpnKjVhk0Iby71OMwYjVDASxihIihhhvRLAkVh/IihojaVx7q7xUArapmHddUxzQM9qteR2s6UJFU3T0jU1u/0gAtcUaXSNUoK4dUZ5pVX8l/7QFVvRnj/3vf8p/9F/+B9yfn5OCIEY428ZxaqqKipX+ZRSKlkRS5pD4vOcyZqw1onCNHjSNIjFREmHYmef5/r8nKurG4wy3L93ydXbb5HmearsayVPVylm/ip3LOJTHJ3WWnauMxWrckYip7KDLEklYQZTFCUZvNPMPi5I5qoUDnNxUmR/q+Yhs3SvEnavEFaymoMCXsTsmXmkziwsmg+kUyc925mMlg+QnpturWBRy05Ra8UUotTId0Iy8eYqFKlIB65VRisr6MgC2/1m1WxqvvEjH/1Lt7ebj33iE5/44z4WdqMHbbBKiY9WMFiknKirSq7RrHBWd4p0+eC0bQN5nBNdxONcZiX3KS5RvkYhZehqh7GOHCcKmdViQa46luszHqw7jN+TEOtMbSpqA/0wSNyX1miVcTpBrYlKgtUPY8SWzLKp2E+RkoWOpLSMvfrdHkXm7OKSOPXsd1tiyWQkek6hBEBhHKVA9BPbYz8fuF9eXEuySqZxhUOQkbRVkX6/Y9htudaKpm1ZnZ2zPDujXbY8bzvuVYYzXRHRqP0t/ad/HrN7yrS6wDf3ubeoWOeBUDSquY8KA4wDpIKtK2yz4GBbNinypt7xxO/QR3geDJUf6HPNVhd27WOOxzeprj7No8tzetuySS3rSrHLDVZNvN2+zkM70hy2GL2gUuI7LiGj8oTTPbpZM8WJ/RSIucGomsYuSY0jYKDU1DEQ08DbwXL/rPDgckk0iqe3R+I4MGYBXxAjbeXQlxcQPbvbDdVZx3senNG3hjxrFt4+RJ4fBh7cu2R5eZ/jMPD09oDWjnVr8OPI1rWU5oJdLIzHPTkWznLh1abi4AO+36JaS9I1o2o4xkRdOcai6PMC4yOPSFy2Z4wh0vQDQ2xo2oa2bXjL15jQUjsHTeEDxXNfD0LM0oVzV6jrlqQTWjesKYwJ9skSlCBTSxIrTk2mUVnGtRSIgZAzAcnSFqZ1ZhsKu1GsOtebG55utmx3vQBnVKaZGQYRiFlhZ+BNjInECzRtLnqO6SygobFCXvMpE5WWiZqOgtd1Dp8KsUiRH4tGiwQGowuVSyyMZx8juyGJm6GRv6NGSWgLKczhEoaS5XspIaIYaZtKIEQ54aybBaya1rZMIbLZ7/AhYq3sb2NKWKtprCHFJBM3LSCeEHPS/7KPl79I1bzZ8Oe+98/zZ/7Mn2G5WPDo0aPfsj1vVTXUTeOV0qkQBKiRZbEfshJP5zjh/YQtkdpWNC2QIxrBnymdaVcrzoumaRq6tmX0/k6oJJ3hC2CFmvMyU4ozQWrGKJo5mzaLatgaSxlHYsyi3tUGO4O7tRF6RylFCFdJOt1w140i1Z5Sd7QrpU7QihcaZ3W3BzQYKyPPUphTVebEH0FlShBBfulrZJActTwfJFBChJzwKaLQjCmTFDSVQ83FxxTTjFq0jESmBBer9VXj3Ge2Nzc0Xff0mz/2sf/Ndrt99KlPf+pbApr9ONHMo9K6aYDIFIIom62Z8y3nkfHcyS7aCu8nSYNyDbF4lAyEZiSmUK5cVXHRtEw+YeboRhUndNjjzl/j697xmLptUSTS7SCeXm1xOmNLZNKWYBwxBRbWoYqMxUuJDP0gsHylqVHEGESVnmGcJna3V2y3W2L0+FSorOzKclbYqpIQb2PQWiDzkNn3kdvdcX6YqZe82S8K0YLBifKFddfw4Kzh81dHphkHuj8e2e97qqdPcE3FcrlmfXHO+dFzr9tQ+yMFx3nVwWFHHnZsQsOz/RYVJ9LlK8RFB+E5lYo4DK6rGYrlyRTZYVGLFePqjCdesfCKzVhwa0cEhuqcqJ9yOyU+eOnY6opiW/Y+UxVLTonnSbOsF5hUsVCeykd08kQKz9SatVnyanyb7bFwXL/Cwihui+PW17xaeSqnyDFSiqEunvuu5pAl0OJ81ZA9NHXNMUHRjge15uxyyWa353p7IKeMbw4YV3FMis9fXfHsKKzzdozoRUXJgwQodB22CBTn4EV9+8qq4emcLlaXI10beZjh6b7HsCKWzKEYBtWwC4bKwTEWNh6WVtP30Ec3TxgUTZrIOVEbmVb1OXPPeB7ZifN0oI+gTMPDBnxSROMkpjJk+jnFoc+Fg89UKhHncJNWB2pVCFkxZXBFMsenKLSw62Hird2Bq5stV5tbjvsdPkyUMImot64oRt/tYXOSArvMwSwSXqJmnnshzlpVO6eTGW2wKAY/ysi40iRjMCTWtXARjMmy704aZSHFwtEnIguGlAkpkpJiSDJhSnPYSooSaqLntZiZ6Xs5F/phYrlcgJLwmlXbsu97dvsjxlisE1b+2XopVEGjqesGp5GJoAi8GUdPLCpWxuWvIGf9l/PQBXh+9Zz/+H/3H/PBD3yQ/+6f+Lfu+Mr8Jhteay2bzWbURns1d58heRa6gZwYp0DwIzEGkjVUi5bWGPabLcELe7atK3LKLFcLHr/yGGs10zQJ7UWLtUabOVN2VsiWLIerYCNmyXCBnERZVytRV5Yi9CRnDcYKKWsKHlcMpzifnIT9JF8z3R3sxhjMiZoyH8U5yYeC+dclZxF3KbH0nBJSyDMYg3wXjZeyICG1mm/olO8yRX2UpJZK5NfJ1c3W2ippyMf+uLjtxyVF/MrdarU1yu73w/RAq1I3bes/8q/91/7qxcW9nxmGfg6cDh//xm/6xv+oH45/4c033/4mkBu9XhSMq9BZkUuchWpljgEE5wxVpbBWSFl59ms5axljEriDkQCINPv1Qsy8+vgBt7cbhv1AiAGdI05rKmOIfmLsD5zfe4Cqllh7g1FSPIQCU4xoY7EKjJKf8ThJpx/nWMUpFryZ1wpKRvtxPDBMRSLixpHnmyMPLtcs6oass/zdUlF0AWXRWrM7Hrnd9/ODyPCVzPjlJTB7jIlYEM+vgvPVgocP7zOMnifPrtnvD/THnsN2z83VDd3qKev1ksX6jGV7Tll3LKcDORfejBZvHvOe8oyiDVf1Pag9OR6YVEOTCpRAuH1C2HqGKaF94klqeVe1Ig0jV2Ni5RRLnRmXD1mYHUOGT3mHjrfousbrFovs/Q/JkGMSclUYKCVC0UzF4vsNj7oDTbXg45sb3q4veH2hGX0ixiMH7Rh0y6vLDhsG3hodMY/U1vHobMV+rBj6g0TpVQ37XpCW2dbkGt7sPcdxoG0ym6S4GSzLpmN9dklbWxp/IBswl5f4secQNCutqOOekkcG85DRnHPBhtWw45DPeKob9uWKQk3nLGnwDDiUtRxDgRI5r6Am8plpQdEWpRIPG82q9FwNiWgLb4+Rw+D5xsVAblq25oK2eMwRVmHPnppdWeFD5vmkEZROwZA40xEKBJIEe4TCQmd8UWxVTUqKwzQwDQf2ux1v3+652m2Z+p5p6iEHwbXmDMqg57WbUgLcQc3QmRn4k5nbUy3JaHoG/YAkrUUloCA9Z2hPAVQxdLbQucTRgy6Gzhr2vshu18AUM1eDIqiKRQV9zPRJMK7yfQhMKAZ5fmb1AlSkraSPnUrV7XZHSSJqtVbT1I6qkrhPsijAU4gMxyODKizaWjLDp4AxlmHwcQxDUr9TOt2XX7/0y7/E9/6nf55v/ZZvwRhDipHfzMlbKNRVPVSuPnofHlgL4xQYpyDoxhjxPqAU9OPAwlqslQd3zpnFumE6HkjTRLtakEvkuBvp+4ky21CYx6enHlMpRUbGFacDUSk5AJRRwnZGC5qSQuUqkc/HJBxYK3SkVERFLJ2yiBbu/EMz6lHNtiUZqeq7nbQ6pRJlmQ2nNHOLzYtkHmbRU0Gqw5IjMaQ5B1TNLmLudhydVjTa8oFv+oa/j7Xfe/3kWd+1bX719Xd+8Ed+5Mf+l8Pu5p2VNXzbt3zr9+uq+YEf/MEf/l+ZNH1wVXf7i/PzH1PGhG6xeJEWBD/2oQ9//f8o+PifPHn6/GPWGqbJU3ICJTtwo+/SGu7oWGhJoJF0JHnfjZGfs8zdoTGaGCQtZhgGtpsbxuNxHkEnNAZTL1GuIaVAVVdoZzGLNd2iY1mPWG2IOeGPPSZ4IUWVRM6e/VjQVY11lug9poDN0NQNTdNJQlAR3/VhiOQiYJTdYWTxcEVjFMNLo+MYI74f2GwOjCHMGM/0JRaFcnoryCpTlCGnCCVTVCVCrJxpq5qz1ZKuq+mPA9vtge3+wDgN7PzEcX+kvt7RLTtu2pr7i456O+LUDXG94JWqYxFHRu8xIdHvN1z7jB8P6NUDAppmvUbrSJhG9pMj1oWWyCEGRrfgcTVwjHDfKcb+gHL3af2OfWqhrXjYAtPANi9Y2EI69pAjxXaoEnF5ZKkOeCyOwsX0hL1a0C/PaO2Ej5k23LKqBhyJQ8jcTIGzRUVjFMEojjETY6EqBbRm5xVpNxC1YsgQi6JPsN2PTBQuzy+5X0WepIpj7ujKAV0CddWhnGacMn5KnC0dg2nZjoW1ueU1dcNRa35xX5FszeuPHzPsbrmaKqg7Fs0CqxW+FMZJE8rE87TgoGpqV/GkwEfqnmNa8twbKi3PibZKbGmpgiFgoTQEk/EhEpVmmjJTyIQMrYPjGEFnrNbIzCeTlGZAQlOGlLnyA9f7A5vbG/bbG3aHA2EaUXEiBo8uZXZQWEJK+JxRqsyUOhFNGS1gIaVOOdwyECulYFTBWENO80TKnJLl48wFkNXamAylaPHpJmT/azLOFFCVdOlKSyfvC2NWGGVoNAyqkO5YB7yYiBmJTEwkTDmNu/PsxtAS+1dVPFjeJ2eZpEVfOIZRpo4lM0wjViua2jGOXrz/ujCFEKZU8u/IQxdgvz/wT3764/zBP/gH7ljFv8ludzAbfZREGo2PmWmMhCx83JQyxlrGcWKaJHxd+L1BHpYxcHv1hKp9NyUlnrz1Fvtjj62XpDjKuGXOwpXdxEseXSSJx2iJ1auVQxu5GabJU9cV1mpCTExTmJN8DD4FYph5werk9T1F9Ek3esJAKq3uduD5Ljn3pYpTzVgNNaf4GH3nwStZSE3C1z39+ouf9UqpqFXJPsTKWZtfe8c7/97Zxfl/0b/+brqu4/7Dh//wZz/+iX8z7W/eWevE+aJ745V3f933/9RP/uT/8Pmb2w8+vH9PofSktSJlhXOV7EpyQin1Yx/80If/bC7lz7317Or3j9OIHwe6tsKdQsPnjjVliSGcYsQZEZEpYyhxFo2lNKu2pco9xb7lAtc3G5wxaGfxfhK7gs5UdUW1PBOfcYzokqnqhlcuV5zrzG4KPPcelyNjSmAjqkT64DAlYLPAAl5dVtS2sB2nO0GIBUHUJcXtBKta4bOQqkrKJDS2ciilqIzmsN9znClrdwENp1P29L9z0aW1FIeKLBafedMQY+JmswEFi8WCi7MVdVVxtl4yjAO3t3v6ceQwDYyHLYfKcd12VO2G5fqaw/0LpoXjvUvDUu9ZT5kyHBmefY5Pv23Rr38z/eW7SK5luQqwuyWmyDZCVy95aDVeBYpzvM9ZhrFm6RSPzchtWTNGQwgy5n+HOjAoQ6cNloGDSkQr112PW6yCySzYbHsWOvLeLkhCj1bUdcv79J5GbfnlvmPQLY+rSJ8N19HRmop1HbgdDJ5CmyPLZY0OE9lPLJSlqws5Si5uBXRq4jBE9qUh+S11PLBcremKKPh1uyJFT8qRxcLxjjRA9jR1zcF15KHGpCg6AqsI1rHqHPuS2A2euqppK8NoWiiF2ipqVSjK8jR17KKmUhM6FxrnQEu4wkXec1MaPjdUPG4VVdsw+UzwAo9ZOUNKESEmQ59gKjBmxZQ1Q4yM08Rxv+X5zS3PNjum/oCKnkpldIlsJ49WiotlR+UMKEMIkd57MnNOt5YxsmhDkOdYFgqfVkYseoo7ElulFSGfXBdiFUIC3qAU+qiZsqGxEswXQqJxhrHINJA8iwznNLRcpBhPiOAQpclFM06zL18ptEpzqpogYlMuOKOou4r1cnknNM05oYtGkbDWymdWWZjMncUwZ4H2hBDRRk9niy7+OtPlf3kPXVE2X/FDP/TDfPu3/wF+PQrI15LBkEs+nnacMUlYdcqJrBU+JRpl5rFwnlPw5M8Nw4CyjnF/RX98QNu2XD2/Ej6zs8RQCDnNAQFpvgHlgougyswMY/VS5zbDyJN4gVNK85/JVMaKhL7kF0popcRX6/PduFHLeviLQumVmqP0soxoJPRd6BoSPWhnGDikmFBmRkQCIUWqqkJRmHwERMI/TYF2tfr4er365NXbb/2Ji8uz/cOHD3/ilVfeQSbjnGPoB/Po8YO33/zsZzHGUYwZldbbD7z//X83+vHxu97/gb/XdYtPiIiizAWCetlH/VMf+vDX/9nEJ/9P293uD8fgKY2TWMS5IHJWk0NiDGHmShtRPWrxVds7OpYjRsmAPYVdqLohhYydVRolSVhDLoqSJDN58+wJU/AslufU9YJFPZDGAVUydVOjtaIfjiQT54IsM8ZAnSrWbUtRihAi4zDifeCViyVNVaFJNEYSXEqZedogaVTzuBysjFRzIX3Zp7rcsbRfDriwSrjfSovKuOQ0j9ml8DNWU1JmnJNTlIblosMYzf5wZJo8U4iMo2f0EXM40m9v2Vw943Pdip87W/LocuJdq4aH1T0W7S3quCcBuVuCT1itYH1OyBM3cSSguWcNr+qem1wTbMOjpUeZht2UuVQTVd1xHSObY8/9laU1gSErFrVlPO4pYYt2NZWGqBy7ACHLGuS+CRibKLFnwUBtDalozhzcXzgohv3tRC4B7WqSMkRbga1pbeS1s4aNbyibjSjwVWQYFLshsaoM2Q+8MTYc25oHLqFUx3Ws2B8T2I5oK1Y24u3EAz1RGs1n+5Y3/DmKzNe3B1JW3E6ZVYncW8FUGdToKU4z5sKy0dSVYVECGIUpIzlrNr6mj5Gz3Av6U4nyth4PlLJjXRseVJopaRqdMXO4ijOKIXh8kMNmSpo+JVIM7PzEzRDZHA/c7PbsNjdMY4/LiVpljFXEBLtBJisPVx0xJZ5vj0QUqiQUmqrSFJVl6sZc5M+F/inAxCgwSFEdi+QOFxQhFUI5dcsFA1jjZpW+FNSHSUJIVs5SWRhzojaFrlJzalRhTEKoS3NnXbSWmFA9r8WYu+YsRaiaNTIpRPr5vfEhzqwCEaHGnO4maSllDv2B59cblm3N+XqJUkK2GsaJul4czs8vfcn5d+6hexJY/fAP/z0++tGP/qY6Xq31VIrurTFkYPKBunagCmGc6IeRerm46ymKmqPjKIRpIiuNigfsky/Qdh37wyB7UiREgDliTw7agNF2ViuXea+R7w4JPf9HYgw4V8kQN4styVotGbsxEYOgHXMqL3CTLz2A1Wm8rMtd1+pmuIVK8y64gJkf0lpDKaI2NPNIPM5Gc5CD2FgJsT9ZhAuicNZKffYbfu83/qXx3e9+4+xsdXtxee/HBPMYVAyxOOf6j3zko3/h2Vtv1Wdnl+vX3/Wev30chvj666//+fVq+ddfe+2db+ecty+6t5eG/0UYqUrrf/pN3/iN/+PPfOaz3xtS+u4QgkpGUxsRRxSl5mmBGOuNPVmWCklrnK6wVaRuGlEd2kGwm/O1UVoTfCTkSfbn89cctlvG7RYfIv3oud0eeOXxI5qm48lh4MltjzIV95cLKiK7Y6CPompcNIZl16Drjjd2t7IjC5lFXfHq5YpQNDebDYfRo1RhCAWlM3GcxV8KwvFAQVOMZfDhKwZbvBBvqLvwCWfmAHZlqIwhRxGItW3LvXvnpJhF4Z3BWcs0x94ppem6lrpuCd4zTAOTT6TgGWMg+InjoWe72fD20+d8br3g0cU5725f5d496LoLTByosihUY4yEquKooBk2PI8O1cDCjnzhmNEGMJFtqSnU6JR45DzHlNhOcFZnWi373YpIyYEyRarlAq2529PfTpp0iCxsYMoQtGYXFKSIU4aFVTw/BA67PeuupiuwzZF7y5paw9pZEQKlwGrdoXOkjBO6WRNyodWeWoOtW1K95KpuUHQsQ4+xhk+r+zxQI7Gq+Jl4j0/vd5zrKF+neKJyOBSLWqFy4kFlSFbIc52LtFXDW31iZQ33Ko1TRmAwKbE77iEuWClorJEiM3qK1kSluJ4MZzbzSuXZZcvGC8kLCmOIDD4xYok5cRxH+mlk7Huebjc83e7ZH2V6VKnM0iqs04wxMUyRwxiojObRumOKmevDwJSyrJ9OAlGd7p5dioJTFh8Sk8+zz1YK33ziEZSEMpoxi4UQCj5lrCqcNY7aWSafZTcrVpEZFlIYsyGGgsuZ2hZizvgsupOVM1w2limO8vmYH6b96PEh0mgHRbC2FoX3I7fbka5p6bqGcZqwRgSsPopQ99iP7Pa9FNFhRDE7Ior4hLWG/bHn1YuHm9deecWnlH5nH7oyat7zMz/zM3zbt33bLFH/jduJtNZDiGFfhjSLlwrDMEq1RpHAZ60IwWOreraUyH7T2UgoFpM0OQ584XNf4Pp2g3GVjDxnYlPOEu6ttWaaPCkn2SvGOGMUhRiFUqQkN1Pr1BzMHvHB09rFXD1mYopzilK+o8WUOZieOT5QxAqnjtYQo5jbRSAlVC2VCnYOei9zWsjJGnSKJJRsS1EypxNoPOU7PzCU+vV3vfOTX/jsZ37MSLJTyfKbpZSiQoxFKf0Tj1999U9+00c/tlisVpvd4YhS6raqqttTmMMXEywVZk7bKbMmsHLVL33kIx/5P//iL//y109+emdTOXTlZh+wdNWEQAiZ7Iq8b1EqW2tkZGWMoa4rGSUbqaYlyCGLv1cVnDIiPImFZeXxAYYxSZU9eZ5v97z/4Yqqsky64rg/kqPnnRctF4sLNofAmJD0KV3xfHPDfrcj58yqbXj/43t0bcM+AN2KZSsCuDxOlBjo+5667dDOoqqOQiEGP4vGfn2VgkK6W0Wa/dialBMycdMvEq7mTiinMhesspuz2lJyBKWoq5q6klASH6KsVGJEhYl4UIy7LVc3Wz6/Pufy8pJ7/jkPV0e6bkHpliiVKdowUnFUFRWat3zh9SwThCc0uP7IJiVM3RGUZq0il61lOBzQw4Ctz9gEwDiwBZcn8nRkMjU4zZgKVAuStvSTJyaga9hkRSwj9xt5wG/7nlUtIQzRT3TJYxRyj83vnS0R7zMXq4ZsNG8eDFNVs/U7Ur1mqNeoceRZctS1pWlXDLrBhoKNPROOUGp+wZ/xih54l7qhS3uWdYuxBqML97qKrFr6qcemLbU1NE3FVBRLU3AlUXJiTBabM0Zlzq0UchHFbYCjTzQOrOtYG0+nA1lrSjb0STy4ISbGmOhT4jYE9ocjt7fX3OyObIYjx34ghoBVgpdsaotRmT4kRp84ThONtbx6sWQcJ253RzD67vCKyHMtZEWJGTMLqAhJ8rOV4sHFOd5PeJ9QRqGNcOIpUbCwac4VPwV4KgtoQkkUheAhAa0KIUEyYuOsgCkWxlzkXi+Zi85xb9myGSO5jHc8g/3Qsz/sseZsnhJA0Up4y7sdy2VH27ZzgyHiwzBrV6Yp4KeAdY7zlUQlVtaQUyoYrUqBaRy5d+/esw984IP+Lk72d/KhK17eHT/5kz/J7//9v5+2bfn1fvAv5y+b47E/bvIsM5e9Q6CrZWyotWIYRuHhxgBa47QmK7EkWK3I2nJ7uyOpwDBMVKtzOZijvyOvpHSXAyQFQjrtdWX/YWbFsVICpw8hUjk3E1yMUJ+swB9QkGfrTS6yo707OAXkIt3tnIN7Ek9pPWfMzsSMrMvsBS2zD81KMo/RKCUHdczpLknoNKI5ZfqSYNEt9X6/s4v1ukQ/CedU6xP9qrzUmQ1KqeGLlbblK64HXFXz4NGrPHykXkxOCxhrfv7zX3jzyk/+ncyiDK0UJYEvkoscQyRajXMaNUWmmOi0QVOIIQgQxRgqI968HKNoyJV8eH1MlLrGaVi3FaHOHGJi04uQZLfZcFw6Xj3rsK7iU08Mt9sNYwh8wzvu8XteXfLZ255rH9kfdxyGicrAalnx7gcXPFi3+KKpupZqsabkTPKBVQyMw5F+kEO8lIixNTlnpmGQnfSXvb5ktIxCKYM1hjEm2QdXhmkmbqk5O1gj95syihyDjOZimIHwCm3Elhaj3E/WiS/d+yCj7+BJBXIR4MB47Lm5ueKNquJ8seTe/XPOL++xXjW0SUbNpuqoqop62HOjFzQmSqB6nXFBHqwPFgY1HRmD5mJRcTMEjuNIYwq9slAGFpWmMorB95QSWSzOse1SyHXGEX3Ba8WuGHLMnOdAU2lqa8lBYVTEOUsfHCV5ztuG2mQGn5hsxXHy+H2iNx1v2jO8ciz0ghuz4ko1vKKf8FrZYJPjeVygreGh6dExkQbP+byX7cqE1oZ31HCud4CmNo5dNKQ48UAPRKXoWg0uErLhevSM2dFZx0IHlDZEu8RGoXGpGFmrGl0UOheKqdirFbchsOnhWGQVdDt6fEyMk+f6cORqu+PpZstmvyd6D0qeQY0Ry454YQ1VbdjvB/b9SFs7Xr1YcxwndvseZzTazWKkUrAIOtJYod1l5LNalKICzpaCzr3eDGQdZkqdols0uKpimia2ux0xRKxSNMZglViVQkZ0GSiMUpJdiySWaSLLSvz+MQZIEEMiFcOUIIRELppGF9rKoqyZYTmBylmMM5IWZB0P792DAsM44SqHnybBzs7IyZQz67MlFFn5hJgIlSM3KG1MiTGqnAur1frm8sFDQgy/Jn/5d8yhe6JX/fiP/zjf8R1/iMViMft4v7aO11pz3O22mxQTTS3eTh8CZ4uWPAjUOuQsgQBBwg7KzE/2MdLWFp8r+v2OqpoIxdAZSz8Nd+o4NSMf75TDpbzYtSJCjDwLoawVS0uYooS4z3Fzpz0vRYRS4WQ/ShlyuRNmKaXRSuwkSRUxC4hAc47xm8PltXohuFKaVKKg38xpDywq4hROEYBlVvbK4Z2TCCDquj5sNpsBoOs6nj57ytnZBVVV/TPt2wsi0c9fISbLGntVVdUXXFV9s1JzPJeWTjx5KQ5CCNz6kcvztUTxRRFG1M7RT57VYknbduwOx5nmNYuxEJuNLgWVYaKwHQOtNZDlQM8ahv7AcTxncbHklWVg+d5X+NTTmjef3vCFm4Hz2jL6wO3RM44DYFgvWt71YM3lomVImWxqiIVSJkoIqBwJk3SRZhZ5qVIIY4+fPKHMVKovO3Bf3uvKr52zVLXjOHmstdTOchgnrHOsum7e84sITxvZe3V1g1fy380lk+Z71lpLKZIglUvGGE2t3JyXIZCRnD1xnAijYlSGfrfhenvN4ukzVssFZ6uOs0XH+XLJ+dkZC2N4s9S8o6mxfuTaLjjrCodx4uATlyqxO47s6oqqaphCRhuLSjVNHjCVjCCtGchYXOMolSHNWdcDihQdhsz9SoIclKkJqmfbb6ls5MFFjbWGKdU4V2Gs5MPG0EMJHPqRvFwQ2zPe9pb3dIZFzjyLiU11zisMhFzoo2GlCxOa86aD4Mlac885LopjmXvOXeHCyUP/EGTycFEVFrYmmpagDTGBCp5nNxNV16DPVpw7YQX0GTbB0hnNwhmImaWDoVieTgpdHIeguR0jLh/pJ8/TfmB7HNhv91zv9xz6I9M0oI1m2VicgNQxShE5AXpEyLcfJFDk4dmKKXi2+z2V1VRGE0vB6Nl7O6cFGcPd7jPOmihKJCdFiGkuziWGNM5TufvVJV3bMA492QeKVlROwDrBi5HXaTnUrZZmqChFjJlhjNhcmHIgY2gqYTrXTgAmU4gUNAurSSXhc5GMZKWkuEiZHEWb45oaZ504HDRUVs9ajkQuifVyyXK9JEyBYRjLFALKnISwoqExxiatzGGaxFr6az3yfkcdugBPnz7lR3/0R/meP/o9LJcr8fF+LYeuc+nm+mobgy+6rZWxlnHyWKNY1BXbY08IYU6ykVB1gfwXhsljtabuzkiuYn88kO0ZKWX8NM5UKBET6BmbWGaeMUWsRLNnfA4xEJ+sNho/yR5OazVH88lYd5bfidBrvvglpzsS1UmIJI6fk7DKyM1UypwiJCpBbfTs0c3ipUNIMX5GoRlliCnIfnpWIpaXxDxKKazR101THWX0HfnlX/0lPvTBr+fxo1f+mSAmWmuW3fKrFUhT1y1+5vrm5o+kmKpklATdW+nEtrcbfMpUleN47MUeaCyRRF3V3B6OZMW8t6wlnstWZAKTFxFWyQkVJiateGvjqbWm9x5VIsfe8+DykrMHD8nGQOi5b2H1rgc8WLU8vz3w8097bo8jPiXaquWirXjt/prz83P2xwOjj6zOlsSxhyJRgv3QM/Q93gdJ7DGSapWCF8+wqcRXqGao7N1hW77s4F00ldjpSqHtapyV6ENXtywWLcYYphAwVs8ULYM2eU7Ckiw1pTQgVJ9TWpUqcs+VJNMTozWVs1hjyCkzzhCZNEyMYcIPA/tNzXVV03QNq0XHg4szzi/OqG3FoXE8sJDrlqI02lY8T4VpkmnJlVeU7Mhaij1V19QGhrFnLIrKrXjgInVteBIV/Tiia0PEsZ0yFw7OVw1N5Tj4Qk+NW6xoG0vJmdbVKGs4Zk2lWnbJsw2GerGiWShC1VElWd5clRaDjFB3eolSDV2aSErxJFmuleN9LvDuLnJeEs+sZqkrzqNYu3pVU9tC8llISLrmDV9wpmP0GZM8t9HQWLifj5gxszNrYkzss2FvavbaQMnEMKFV5sZrbr1Hp8gwRfbjyOGw5enuwM2+59j3kvqVPNYaWmclxq+tIUvxXLS6K9pxsB9GjIZXLs/J0bPb7uVgVTMNrwBKIP8Sqa3RpdxN7JSW+EHm7G9rK9rKkdKEMY4hF/wYOPY9tq7Imbu87NrN3nlEe8KdzXIeYysRYeWUycWilMHpgtOwaBzrxjGFQO/FurRoHIfeM/os1LkUZu2LuntWxpRotaivrTbYWhGirNJkMmTwoxdCIUU1zhUh6alSKGoYB7Q2wxT87gtfeGOesqrfPYcuwFtvvcn3f//f4o//sT/GYtEx9MOv2/BaMU1vRPeUbV3VjENP9IG2qdgPI9o46QoFNMj5/QsO2z0+Cuqv7Tpss+S4GWgWLSEGxnG6ww7GKDvYk3iH2S+bZ5SY+HRFeFWsRSkIMc50Htlv5iw+QDNzm0sSstEdDCGXl3COzOhDMQppKx1zmj8cOafZbSQ7Dh+DoCetmYVLM2zD5LuHrWgepAuKSXJ3c8msVuvgp1hON7LG8MbnPk/XLui6jt9Ir1s5x5tPnnA49nPOL1+2663r6mdyyttU0gPnLFbPl1gpYs5Ya1mvlvhpJPhIzpJkUlt5D6fgqaywV8fRy/tZRKkuqUPiiy3KkI1BW0vTag7+yMNHj3ntHe/ACsmMnFs2N09xZN79YM3jRcWz7Z710lIpzdl6QWUMw9BzdX0FpuIweI7TMy6WLU3TzslQiuADU4w0JxFeCFJxz6b+ysi+S6mTyEx92YxAa8PZsqEET0iZh01DSQkfI8t1PesApCizxtxBU/wk8XfM/usy22BOXuyTTkLNI8STOl4rUb03tWGxaPBTYBgGhnEi9olkAsHJv9tu9zy7umGxaFl1HWdtxdJZLi/PuVmvOWtqLhYNh9iRjKKpa4as2AyeczVh4sAmaNa6wjQVXlmSmfBx5MxWFGXYK8s+FK6HkdjWPOtqFhHGaZCfwVZ4pWlmApbSBpthYeGtKfHp0dHUlncsHFFZki9cKE/Mmm3WOAU1gSGLBKMRKCidBkWidcI/v1QDaxPRyfC5g6I/at7XFC5sxifPG1PHPlseGMEJXvWJt3PDYl2j8pHboBkGhVEtY4LDOLHNiqtsSdlgcmQ4SAe7PQ7sjwP90NMf9vRDT5gmNIm2MmhdqF0lk4BZD5JyQudCyCdgT6KoiqpynDUVhsSxP4oWQkvEj1JyIJIKldEELdqQpE6cNzXbFV+sLqw1KK9xBmxlqIuiN0l0IccjZE9dCas55nyHrc0ShoIGvEqCgFUKQmZVGy67CucUUwwcPWSnGbNi1w8cc8EacBoOY2Sa4Rha67s1Wm0syp58wIlpHJnGibZt7jQsoNgfDoKuTamEEJTRuiy7Cme0SsmW3X6v2sXlm8c+PfmVX/kcpfwOIlL9Rl5vvvUmf+3/9ddYrdZ8zx/9ozKC/DVecqDoXbtoE2CFbazY9T2X5ysqoxnHQNN1Eid37OmW5yzPzgkpsb0emfojIQZ8hou2ZrPZ3l1QsVOKenn2GwmUImUyCa2MPEBLnuHgIlwxRs3e20gI6YX4apbHnwhTZf4ZThfcGI2eUWdKa3I5KZHlUEkv+W+hkILwVRsrYeQgVV+Iad4RF0KM5Pl7y2ne6RYJIFifn93WdVNeqMcV4zQKOvKLMIW/9quuaz7/hS/w6c98Zq401VecPVtr/klO6Xkp6YEPHorFpkKzqHhw/x7DFBgnT1vXNE3Drpdc3apS1JVj6gds182kMCF+WWtQWs3CDiN7VhJGO7IydIsl77r/KpeXl3g/Ef1EaRpyTATvOYTMdZ/Q056L1vJgtcY2S8bxyDCMxGki5oIfZMd/nBJdXdM1mnHsGYaBVArVHCFZokAtlDGY+X2otYRWSGLVnJM4pzidiq1F19EYw2bXo0rhrJXrmJWWEZvW5BTv/NiTn+YCTHQDIUUwCl3k8FVCQrnz+J6mKiedQZabUApDp3HOScGmJfUpT0dCmPDGorUlWE1/PHBjnYwsrWPx5Jr15QWPLs95sGhYOst6uaKKmlgy4yxqq3ZbdL2gX9yn1ZGF0RzrC8y0o1GZAYnG2/mIVVCVxKe3kbWFSx1Y28TNmPFUbPSSmDV1ksjHPgSCrrhJhcXoObeayTqmlFgUGRlOUaNQAvVX8NAFrNY8qjMXJlCSZ0qKbCznxtMRiSVBjrw9WTQtH72nMDFQhT3BrNmMCR09n58qnqoKpwxv0eDygD8GDjOXeBgGtlNkP3kOg2cYe/xxx+7Y0/cTOQ7ilIgeVRIlRqyxOG3RxsretcBh8Hg/iTPDy/PEzgEsMUNlKzKZ3W6LSlksdhmMKdRGcwwRn4SDno1gHFPRaGuwSg5JnfMd07xqHNs+M8ZCbcqdlkCnhM4JYwp2jiCLMc9rO4lWLMy73JKJaJGIlCze9qLZHsWP3ziN0TAm2I5itVvWCmc0t16eb5JGJGldIUSqOZQh55cErDGx3x/kHp6L2xOxTxtFCSWnklUupYSYio1JTVPg8WuXv/zhD3/ws/Is4nfnoQtwfXPD9c0N/9///P/Ht/zr/zpp3n9+pdd8MBzaph1zTrUq4im7PYxcnkkFvt9siTFycfmAw3bP9dOnnD98TLtYst/tmabA/rCj7s7l4eKnO+Sj7CINfT+irVgBJF4u31GEUppFU8YwBY/3nkXX3nUXIU5Y69BGMU5e0jKEw3RHmTq19FppyOXOoB6jjLO1ksqUOZFIz51rKeouclAOHbECxZSwGPws4ElzJ51nIU4Iibqy/XKx/Nxytcovv78rVlxdX9F1HXVdz3SsOVPTmJeEXfLvnXP88N/7ezx9/pxv/Ibf+1UFVvPrC19w9peP/fj1WosQROmMwhCjZxh6lLFU1lJXRkRvgE+BVduyPR5Zdh1N01D5kWkKWNvgjCWFNNupZOcTcyBNCaMK91fn9McD49DPB7Zlun3GdNwwJMMhyF7ylQeX3F/dIyjNIfTYFHl41tGXis9e78XvXEE/jCybSkQbRdiu1rr5weDR6DlQQ7i2rc50MbHvBXpQ7kxs+e66ny87Bu/Z9BPLrmZRV1ztDmAsTVOTUySmjJuDKSQ5C5yzjNNEOu2354mGnnd/osI/scRfAA2EQz0LtLKM6+RWFOuWIACDAAdQJGNR1qJNYJwP7s3+wPPNjreePGXRVKy7lkeXl3SNw1mHqytqBQu14KxZMRZL4zO9gaFozvWSpT+SSiQVD0HIbRulcTlgswAutqlhFxMPk4NJEXJmYRR+TMSiuI6WVZNZqQqfFU+PiZsISxQrk2l1ZIhyELQKFhpanVhojdUS/H4IGecgGcOgFFZV3G8y2kYm2/HJvMDGI3U+svWBz9OwPwb2wdMrxUghx0wdew7jwG6KxFjoh5F+ODAO0pEN00gIEjsJaT7oZOybQdLGSsKGQq0QtXoq9OMkNRoikqudXCurtXhz48SUCqZqpeBHovZSgcpoVtZwKJkhZJzyKGPJFLSS4twga6tiNFPMjLsDex8JpSJGcGpel+WA0eKfP42RG6MIaKZSUEVRa4VWhaIMQRn8NLEwonPej8K2X9aW1mrahXjhYxJAx8JYUJYxe1GNGy3CqDllLOVMjEn2yBhKVnRtyzR6pinc7ZBzSvNgspR+GFl2dbFmgTGmhBDUMHoevvLok+94/bWbq+fXX3E697vm0D293n77bX7iJ36Cb//2b5eD46v4qKw129ub64NS+ayqK7z37PY9x2PP5WrJvfWK7c0t5xfndMsF18+f063WdN2C1XrNeLjlZj/yzvddEIInhkBOcR4fG5w182iPO1tSmseKZc6pVXNCkJ+r7yTRH4IpQ0RPIYSZOf1CaZ1nUdapgJCzVKwwShmsfYnRW2ZoxtwhlSx4tJIhxHQXnh1nvGNIiRQTTmsiZeYvn0bbgeXq/DrF9OY4jF92SKaUCEFGi7vdjnFWK56dnfE3/ubf5IMf+ADLRcfnPv85/tYP/MDdROKTn/wkf+g7/iAPHz78alOK0jT1z263m/+W0dhSVXPc4jS/95FKC3fVxBd81WPvWTT1vJdWLJcrBh8Y+o0oKI3MqdPMlbZGipes5TAtT96kaVuOfU/lKrqu5bjfoVIhlig5nM4yRkhGcnmbpmUYjxwmT84TJQzoak2ePCkEQuyomg5dOYbDgEoOVeQ9T1oCv5WZ+cNkzjuJBBym8SXlsrzv5+sli8pwvT3gU5IxoVLsxkBVt1SNlcnFPJaOMQo/F3WH3jTIiJ4yoz+RTkOpdGdPu/NplyIxkCfl9/xPQboJH4WTfMKcUgo5BcpMerPGkZQmUBjHkcNecastprJ8/s23qeuWtqlomopV27DulpyPiTNVWLWWpCzRaW7aBasYqHVmlxIhJaaiGDUsVOFZFgpTCZqUK/qppS4CJNlETY4ZnxVXU8BnhW0cVoNRhaZEbEnUKnCuFUVXKDRDTLwVC6/UhUFbLoFHDjIJH3tiUFTOMBaHSpn7NvKrpeFnbzIqO1qveTqNPE+Jse9Jxz0Hn+i9Z4qSpOangWnyeJ8IYUTPKx41Z8DqghCWChhjUSqT5w4t50w6gZ60RpXC5APGWprKopB9vpVMd+rK0RiI0yQWNVuRVEfxA0ZlYpF8W6NEgLm0Epcp11g8scYZWVXNOMg0JQafScqA0gLTmAtIZqqTVSfCk0xjZkTznVohFSn6lFbokuaEMflPtk7RVBJ2oqxjComkNbUzVCqzHTxjTKJdmC2TZVaUljmLWwp+iCmw20+zpdChiiq3uz3HfrhzhEiV2Yq+oHLEOKmC6l979R0//973vpcHDx7++vohfpe83nzrLX7yp36S7/rO75whFV++7LbW3jhnt8fj8FrVVDRNzf44crU9cHGx5vLBfcLbT9lcXXN+Kcrcq6srlitPpRTPdztcs6Jyjl1/4NgLx7eua07zOecsIQZhkaY8e2szKoEzcjl8FKqKm/ePuWQm76mbWg6xSVS0yuj5gSn85DLvao0WOb9GQs6ZRQmCdJz/bMlI3K26y2dNOc2g8pnociJRnexXClJIdxXi6YBdLlabAs/vbuiXrEBN0/CP/vE/4gd/6Ifu/v1P/PQn7n79+Tfe+Mrj/pT4uz/4Q3z4wx/i/r37X9ECZp39BDDljPVexGyiQM4Yq8V7nArZibJynDylCMqxchW745GL9Zr1YsFutyMXiRIzehKQ+TxhUMaetJ30U6AoRV03rM/OIQRUlqD5nBK7UnAl0PdH4jjSLDpsVZNMxfPtrcSKoSQUOwWWdc3+2GMiBCThOwUvuDwtRBxiJCXxx6qiqLuWx5dnXG01x3GaHwia9aLl8dmKcRw4ThNWK84XDVNOjDFzeb6gmj3PcNITzA9kBUoZlBHFtFIWY2a1es7EJPtjpbjD370koruLp5RVsxSTWhUuuwY7W+OKygJiQRPm+9qpgtaFCEwpE7N4JJP3eAVF7TGz+McaR9tUtE1NW1Usa0NXW0y9gGbBSiccUGyNcRWVtqwYuA6aQTkuHaxTwOZASROTrxhjwilNZwo+JGyBog3HkGm0dGWNkvVNSJFFSTgyu6jYhkhfNK11nKXEdcxskqEqgTgcWOlI5SzPQ82QItdD4jNT4nn/jGEcmMZexE8+Er0nRU/wUjCe+MM5BrHplEKjZNdfO8lojlhiynOspTSvTks0HvN1y/NdbKyCommsJtMIZhHx55+uYyoQfI9GUWnQKRBsTSoNdRnprAj4pig7XqWku7YzWEcO+oDWZg5DkbVabZA0LJLYF+coUm0MMqUqFAylSHBCUkWEkbO2ICYpgtfW09aSMjRl5tASiTs1znEYAvtxJJSGZa1QynMzRFKxVFrG4MpVoPwcc5pRzsrXsbLu6/sBYzVVaHDOqslPKEVxzkrogbNU1swZa6UcjgP3Hjx8dnl5+Su/+Mlf+DLh7rd827f97j10AX71Vz9FyYXv/K7vROlTUMLLe938lnXu+YlxrLRiPfNon9/uefXBfe7dv+R6u6c/9HTrNc/ffkYIAk242hx59d2v4YMoOLVShHlEKqrlMo+Cs3SYRTItldJ3413xiEokXjZycIYYZ1+tfJBClv9veCHESlnk7XBKFhJh1inWT2xJc8DBne1HU7RgBfNpd4uMl601d+P4XOQjoyJ3KUR30wIFbde++eDBg7ecc3cj4aqq6LqOX/rlX+Lv/8iP/DNfs09+8hf56Ee+mddffx3v/Rd1vSmlTxjrrlFqcQKnnxCude2EKuPlEKkrxzgFipbRvQUOxwPnyyWNc3RNzaEfWbQdtavwIcj4X9bvGCWHasxCt+mUIfmJMVuSNoyp0E+eHCeOQ2Z52dHOwQ3KWNYXl8QQKEXRoon7DcuuIefC/tBjfMLOMYwhhjtQfFaZnMLdmsIYh04RYxTnbTXvtkQIeNY1hODZTSOjz9xfdqyXNVe7HrTlbL2iNo4xevFqpzT7usU+ZrQiZ6FwocSDrYp0SzmLyK9kWTGUAsqIN1PN430RXc3hGb5QGUM3W0DkAVxEXKOV4DuLjGO1MTRGsbIVMSdClLG295GsEnGaCF7Gi+NRcQOEIv/NxhlRTzcNtXPU2qCbmqZqWVaWxlmwGmUtV65hrSIrPJUT+1RMkJQUaDonWguVsYxFcTNFmf5ow4RjzNDGkZz2bINmHxXZOG68oSuRMA1c9QFKxsQjKnhSKuynzGby3I6RfpCMZpQKKTORS2+dPVirbhXqyeX5+sn9y4u4XC7r4373Wn88vCuOR7uwJjlFPXi/nrw/t0ZEcCkbUjIYddJXWCrnpMgxQiWjyKokxIIzGpRhLJlhHGmMwqiCygo/F1eNytR2hslET3GOrFt09MSc54QfTQxSQjoNarbscRfeMh+GiG4knH5L+lhqa3FayyFMwRfISNxpQb6+LiLgzFZLIVCEITC7iACxGFWVrCui94QIyipanUnZEGGmyxlSLjSVpbKGyfu7Z+Op6CxzpKrJ8uzrx17417XsgU/FqlaqKEFLlr4feP097/vMhz74wU8ejz20/KtO90tfn/r0p0Ep/uj3fA9VVXE8Hl/udN+2rv60tfYPBh9lDFNXhBB4drtjUVVcXl6Ca9nv90QFq4tLSkl8/o03aM7u07Qt43DEjyNKKZq6IcaAnbvWcorvE82fQLW1LPILMsrTSs9K5DxLkE8s5HDXfWaYLUIzsGKO6tNaEoL0bHyX0bb+ou7zZRPZqTPJRawQzIdmSrPo6xTJBSSy8J5Tfhkqwnp99iur5WprjKHkQtu1fPZzn+XjH/84/+jH//GvK2L79V4f/9lPMHnP5eUFr736GtM0SfhATk+sdb+Ycny9ADEnchDilLsb44tHWqpZTQiQrcXOH6hhmnBaUTvHrvSM00S7aAkpcuwHdMn40cv+cx6bxozYfoYDl/fuM2nDcb/DGkfTtOyz52K9xjlLVAVrLAFouxZ97Ikqc9a1KFtxGEdSkQIqhii2LZCA8Xl/XlSScbDSFAUxBPw4gTG0TUMVCzlGDvsd05xUZJTiwcUKbQy3x5GmW7NaLyXflEKlLWRFKmHOT06kOZfZh3g32it5HlOm9EW+8qLU7NXWJz2zdMtptnnMB/qxZEoUWxwn8WlIdxnSKYNzc9SaA20MlTagLHVbE0IkeCSXOQSiT5RcaOrax+jt5jBphZKMVOMw2qGswbkKW1mMtVRaUzmDqlpqrWi0qP9r67BGz7AFi1OZahYLZaWJqRCLIgB+RosWL57pIWtSlgJpDJLB7cdB4AlJDrmcC9o67yTEZ+usuVku26ca3tDKvLE8W7/94N7F24uue/KFN9/cbre7w73Li+Prr78znZ2dmd3mdm2Uuvfkjc+5tnbpne9+78JWzeuff/PN/85P/MRP/ImqMSyaCgyEUnB1TTXv/21JlJhJJVFSIfjAYTpQsmAk68UCHxM+eBonB2atYUqGQwhYLV2wsMgjyTp80ZBGKAlV0rxrFcHdiZGslL5jGzvnqLTCZ2i0hHj4JAe/Qt1N04rW5JQIKZKVwVBwSlTPISummGlMQemKrApOCcWqtgZdOY5JUXxgDImsK2otn/tj1iijcW5W22eFDwGjJSPXOEsMET9NQvLLWUA7VmOMKp1rRQhWOSil9P1YTrGnmlKmaVQp5fR1X/eBH/3ABz606fsevgafxu+6QxfgU5/6FH/zb/wNzi8u+MN/5I8wjaMICawNVVX9cuWqgCouxSxc16IpyvLG8xt8LpydnbHoOiYfCIx85nNvMgV49+uvkGKk73tSDnf2mhNz+cQRVkp8oCkllCov9rs5Y7KeQRWn8RB38IopSBLRKb8uJglfONmFpMvVs/1I3XXYEuCs79jUp8CG+dsTL+8spspK/GsiwhCxlMDD5+zMWatVEBpWW7fDYrH4uaubK19ywTnH/o09/9Xf+Tvc3N78llyvnDM//ws/T9s0TN/oWS4WJxHZ2LbNz+72u+8OwOQjjbNY26K0Fpa0kvfJpoQzipQUqAplPU2a2B12rBdLmqbmYrXgdnfAVWcsupZ+HOW6mUIJGWfsrG6WQmYKhdvtFkph9Jmz85aqrlisYbFcELwX7+qxZ+p7xjExnuAmShHDNOcUZ0IYxSoWo3heZ8tOUZCziPpEG5coWeIaizIEH0hRusOQEtpaQogsmpp76wXHwTNGeO38DGONRFRqOcCVKZT0YlSckpDHOAmjlHQf5BdCvVIEl0nJGESncDpATxjF0/QlpDxHSjJHQ0r3PoyeFBPWWerKUiHxeuPo77y/RSmclfQWZytySagotrXXXn3Hp3/fN3/0Lz599vYy5fye3W7zeL893Ju8v5dSPAshdMf9ockZ6dxn/rjWBqU0xohnHW3mB+gs8FMz6EPJGoYstpU0/9wxJ2KSXXeRG5O6sql21YRWk9J6WLTttmna20W3eN527Rt+Gt5oqurte/fvff7m5uZt59xu8v44HPvh4nwdX3n8CFD4z3z27hkQYxTdRoy7VMoXUkrEAN3ZORcX9ymu/umf+8Vf+thuv323c3beSda42uFsJe9zySS8pPBoEVDZumG3P4iKN0dWiwX7XSLkMkMoYOky2wi7kFk7TaUKJQdIicpUxKYjhREfBlJJVMZKFzkbzYRrLLqPkGXuHEo+hUrL6BmZnAizWZ41IRXQMvEgg9HSQISYRUGtNQnxChcMlc00zrANCo/worM2ZGUlp9knDkkoakaZGbKjZm2LCA8t0NQVKBFzKWPRWhdXOVXmiYsPoahSip3fZ6tUnpU0pR/H2jbdm9/4kY/97WE40vfD18aE4Hfp6zOf+Qx85jMcj0c+9rHfJ92TnJK/EmO+Vlo91lpjFVApCOATPLnasNls5oo98vz6ijFq3v3e9+GcZrc9Mo39HQjjNIY9iZhOO8+U8vx70i3kIlL5pOes3ZiIFszpgTbv0VQRhm5OAgPPc5c6R+DdHbovd7YnYVWeu488k4YE7iE7k5JPgqyAUpas0vywFc6zPj18MzP/N5NSZLVavNk2zSfGfijGGK6vrvg7P/SDjOP4W37NhnHkp3/6p/noRz/K+fkZOad0fn72E8+eP4uV1dYaTeaUlyt9fE6ZMpNyVJFx1DBKFFljDJtpYqwaFnWDUobDMDEcepqmom0q+sMwR/8VQorYYmVPrpQA28cg7wWa47FH5URlLbdXV7KzMpb+eJgTmywxK2JWsrNLQVjWKZKiHHZGzSP8IgrNE3mszIUZWeOcWEDQAqRQRqxDRmtizkwp8eq9c2qneXo70CyWrJYdcQqUIqlVnKxmWQ7RlBLM8HnlDCmdDtlTQVZeOnhlxGjsfL/NI2PRKLwAqJx4uqfjWERUmRTCHQ1GIyNmVcpdcVeSkMFSiGJ1KoUUI1opurYbPvrRj/4fHz9+9ftC9LpbdM2TJ1X9nvd83Zqi3vn85vmjGNNF17QPx2l6xzROj4ZxWocYmpySianYlLPLJVtKsUnWyq6oclKDeYqK1qioKx200lEbFY3RSWsTnXV92zT7uqq2bdc+Ox6Pz/3kt2fn68N6vdqsF6vnz29unyo4np+fTc+fPZ20Nuny4oL9fo/34W6sn1KeOfH6ays+U8JPIyrnX/z6D37o//4j/+BH/reDMbRtjZ3TwHJOqPn9nyaPNppxnNhtd1R1hascztWEfkR1mqppGI5HXKUp2mBU4byxbMfEZgqsHbMuJOOyl0mbsyS9RM+hAiLHlHAVM3/+UAn9cmMA1NagsgS5aA3KWcZckMegpnMKU0T6nJVmOyWCT3RupvPlQiwZg2bZyVonBGlcUlEU7WgoqOzZ+0Ix5kWSWD5N8wyVk5xejaKuJaQ+J0kxQmn85Ius/DIlU7bjRAihUGDRNqVpqpJyKcd+4Os+8OGf+MD73/9P+n78mm2Rv2sP3dPrl3/plxj6nm/6yDdJR6jUp0LMz3Mpj5vaniLnUUrTNA5XNfih57Df0B97tFvx3ve8g7qyjP3IOAwilJr3YDHm+WKUu0OwzFaMnPPMwRXkYDGzeKLIw07N4+Uwe2L1rCJ9sVfL84fxpdHy/PVOyuaXQYGnfUs+PQrVHGAw75XNPDo0RuLyZvwCMWd0kYdnnklaap4Xnl1c/lJTN58qpfA3vv9vMY0j45z3+tvxijHy8Y9/nD/8nd/F2eU9jsf+ZyjlV0MIH3K2mYVIhejiPGJW5BmbmefD2BmYsvhD2zThw8SqazEmsV4uuN5sURN0bUdMGT95aiuRhymJn5cioyuNhAVoK/nGu2OabViKPAMkisBo0TqirAUjqlFmlrYgGcPcvcrXA4Wy6mWZMLkojLMoUwkJSCNYyvk6FWD0kWXd8PBixXH0XB8GXnvHfbquIaeMUQ4/iTCLuwmLdFZl9oek+R5JKc/7XfVlkwczx6KVXKQtKS+oWDEV2YNrdYfxVPO+LwQRolmjcVYEfCVmEbKU030nh/UU/ewpTncP71dfffz3X3n18f8zxZhSSinFGGKM+6qqroxxn64OFcahzs8vzH6/t+95z3vqRbdcHftjM/nRDv3gpilUIYQqxGhTDFUppU45W1BJK+2VVt45F+u68s5VoaldaNo2VlUdlu1iuLm9PWy2m3h+fhaVUnmf97lu69K2Ld1igbrdEHwg3K0LXuy0f7OvU/FzcXHxV8/W5/+9w373e6vKyQolZ7nXregZmqpiOin5KxmlLxdnMm04eMo4Ui86ctPio6cxhpAMVkXOGsNmgmMqLEzBWid2ID+RfKHYGlt35AwxRxnNlnTXrZcSsZUGjOxnZ/xsLhKzVxSQRanstMIp0Q9IMptmOwViTCzcnGNbCkYVxgRdpbGuYhsimUxrDFNWaKtZ6ch2KARlaU/F5YldoDQkKUqdMZjKUJQ8T2OMaFSpGqf8NJWcEwKtksI0hJCNMSitiyqk4IMJIY4f+30f+/63n7w5fTXW/zd88zf/q0P3K73eeOMNVqsV3/at30pK6dO73fHNw3H/DSK3V7NStsY5h62ciFlMxWIdWa9WVE6z2x04HI+EMNx1lPKszHeJPafDtCAVfylFAARztivzvrAk2QOeOuI51u7u/5eS0WV+OBYkUWWmC+mZnWvuwPYvrEkvvLwnX7IizQ9eo06FgZoP9tmjxrzXfWmkxiyCMdqU+5cPf3yxXG/+P3/9/812u/3ncr289/zAf/W3aZqG7/qOP/Tm2XL1g9e31x8a9URdzQdr1JjZppWL5AfLaCtTVVYEVZOMqHyYGL2nVmCVGPr95DHW0jaNKBJnZXQKCZKarURSIGX5ZEuRZWSvpRGlb8xZrkvlpJHSijhFQvJoJfSxlGWHqmekHqbMIRty4OSS7/y0+WQfi4WsuQu4KLkwhoCi8PjynLZu+PyTZ5Q5QjKnhFJ29obHu3vKzyNwpTUlZ0JOLyYbSqFOXG9e2u1S5Oc72dPm5CLmEIyY4wsiZX6hHshZCGtqVtNrLePi0+QgJplTnArRlERnkOevq7QePvjhD3+fc9XWGBHVHHvZw59WKVorstgqYyklGmNG59zWWkvKgglNMd8Fq5c7gSOzJW+2pmiNnbGid/84KylWs7r+VDif3v87HOtvweH6lQ5bBTy7viaGyGKx+NUPvP8Df+XHf+LH/w/eh9mqJXqOhHR0zB7o9Xp1935SMtoKlSuGQDVNIhxUislPskdNGqsiq9ow+kgfM64ErLFkZYlpJKeeECrQFmsNxhlSEaJUJlESpCAFvC5QEi/uG+1QWoAvlco4I78XkiaSGUIixMTCaSqDqKSVrAS6pqauDNspMMVEpTQhQVSGjkw/Bg5JxHXalC9asSolehln5L0SNoJ8PgURmWcCYU0/TnkcvfLeE0vJKUW1dDYXCUMp/XBwDx+/8nPf/u1/6O+enodf6+tfHbrz6xd+4Rfo+57f8/Vfv0OVT2htvss556wRUVPTtGglwHKRxWvarsNZxbEf6ceR/nggp0lGYnOc391omJMAqcx0qPhF3efp10LGEoBFybI3vfPn5ijevFzuUlPTnHurZ+9cPoXc6jvmhoiO5qzdPLOe9Wz9UGpe0M5djdLMHs0XBYNWElYd06lqlA/Par1868nzt3/sZnMT+6H/53q9cs70fc8P/O3/cnjHa+/4AWvdv1cyTc6ZGAMpuRk8Lu/UFANqVjuGGOTAVMJj7izsdzvsekldVSxTZpsS0+RpmoqmbZmmCWMNKp1244l+DLSrJY8ePhJ8o5/wYZQEl3khq+cHZswz+GS2bQnqc44znOk9Co02ZoZVlBnJWGb0hZ4FSpmUJhnFylMErbSQrmLi3tmaR/fOOQwCVXjl1ce0rWPyAW3KCXeKc5KmEnyQ0IxS5gU/M3dZzbaPfJfAVObxsJ59oKfC4IRGlf15FMtLKZSsOI3pQDFNQr6yRlhDJw86Vom4avaWn2D6pYiqPkZ5CL/3ve/52+//wAd/yFUVb771Jre7PT/6oz866xsK9y8v2Wy2okdImWPf8/DhQ5q6FupWSQQbSGYuLFIifQ1d5Zf+88/9VQqubsTyN2c/55x5+PDhf/7gwYP//s311TedJl1NsyKFiJ8LiWpODBNr4DwVK4q2rhkLwo1PGeUqihFrl9Nm5gzLwdcHTR8TNgnbPQBGW0qKqBTRWFHbK1BlDlExNTnPljckKrN2kh+uQ8TpRDNjGY2GMUrubzrZEJ2iqUAVDxRqZ8HVBGUZk2fykc5VoDU+GzqrKH7geoioqhEnQDllZc+zltk9UtmaPE8IrREXSyiFkopClTwcIsdxQilVlBKqiDOWurJFa5VzyWx3B/Vv/Jv/9l9/+PDRG7e311/ziuCf56H7lRAd5V+0g/ezn/2sxE51i3/Ytu2fVqU8kMDimqauSFFQd1iL0QVnDdPkORyOohydjpQsSEHZe0kFn+foPWbCUTopU4u4wN28d4gzocm+VOlT0hxUn+4YzjLoTaT8Ymds7Mxing3nInyVh6PQegshycEvCb3SkeW7dB0BLKgMXzSdnjuWNKMjRfhTMM5QV/XHP/e5z31iGEYA91Wusfotune+4teKKYUvvPXmP3l078E/LuTvEDN9YpgmlKrlJ0+ZoiHGDLmaSVhQVY6xD6xUojGKw+RZd8t5RFY4jAMhJbq2EWHQNMmoS0lXOcVIVaBbnWGtJXhPCB7vR8Zjz3jsScmjSoZQiHMn5ZyRXYI2ZAMqSRFQkmAnldaoLDGQ8lkuYgcr8zU+7XiVFD8ZGHygdY53PLyHc4ZPf+GGplvw+P7DGeE5W86QkXRIEu4QUmaaO+QyI0uVUoR511tIc9bw3MmlhJm9jWaerKi5Y885v4QNnffpyJjZ+4CPXgR9s+YgpSwIziDrGDNDSYSUmkGLdcPHRNM0m6//8If//Gc/+7ntYX/gh3/4h7/oPvjEJ372K948x8ORzbu3HPojMXr8JGCZmBLdoqNrWrHA/TauRH7zK5XA+sFjQpbOVbKn4eHDR7/6oQ9+6Pv+4T/+h98bQ7DJOaYpoFE4q1FG3amEs6gtUcaQYsZVTtYRg3DIdcnCdieRlKIyFSEGUom0TqGzJXgpzhQGn/JspZOwe5WmOUBlZno7TW0rlBEBXW0UlVWEDKGI/U5WXZrjGNiOAYumqzS1LdRG0LeJQlGWaFu0cRyOE4OfOG+EcNcjXa3LI8/HAFVNXTkK+a65sNbOND5omuqucLHKzKuVOH8GKK1u8CEVrSCXVPI8m66cycaYbIyOfX9cXlze/+R3fdd/4685q9ODBw9+Q9fT/iYOzV/v4ap+nb9/YhZ+tQNZf43fk/oqB7j6db6nr/Tv9Gc+85np8vLez7z73e96I0T1YAyJM+vkoeGjqCgBVGEYJ/b7PcfDnqE/3KmETzvbU4Vf5u5SrOovoq70nHP7Rc3uqaKeR7m5FLSZwRdFuMlZF1KGlONsdRIuqCJD1hQtB71GlJhxPkDT3NEYI17MMgfSa/0lb1UpL4Q7BXJiRsvJmNYahTHGH4fxp0KINfBeoOFL8+VeXBv1Ve4V9Ru4//JXuWYh53zsx+HH66r6dmLWRRWInklprLEyvo1SiHgv6EttBSk3RZlC3G8rrqfAEAKLbimHQOXY7LakYjhfr9luNgLY0BqUpqocYRx58uRtLi/vzQHemrrusLah6jqmoSf0PSl6kg8UayQDtQAxkXMkz36bUjJkGenOlxtd1N1oVs3pT5yoPbNi+DiMKOC1B/e4v1rw1s0tfcy8//FDSVoahahjZwtZAYZ+JMQo6uwkB2vKalbCS/C9nPfqDrqSkviW7fxznq5EyqILENVtetFVZBFbpSxF0MkO97KiWT4iefYly9fLOWG0uTvEtda8853v/L89efr0x37qp/7Jb9gi+KlPf/or/t5yueT87JyUE48fPxaiU1Gkkv6FOXBLySzW5xQUfX+803EATNPIgwf3/urDBw+/++b6+R+POTONE3Vd4aMkop3scyFFEWrOiWXi1tDUTU3fF0xKVAaidTL2DxFtHBFFLEL6spViSpqUNDZFKis848EXotIvcrvn6M/aSHGokQYlpsLgMyhNyInj4OlDZu9FX3Bem1kTAOYkOq1aFm2Hz4VntztyKVy2DcoaDhicq6niwM3+iFc1XdOKjqIonDF37gszq+KZXQCyapMpirWWpmmkpUiFxVlbll3HsR/Y9wOTD0VLMZFLRl3fbPS/+6f+rb/88NHjX4npN36v2N/kYatfeoiqLzkA1Zc8XNVX+fvqKxzQ6iscrF/6a/1VvhZf8v3cWUpfenjrr/BnTl8z73bb/ng4/Hy7WH6z1kZN08Q4ztF3CBg+5cgwDBwPB4a+J864x5SSjC7mh86puz1NfTOJPPtW9Unpd7ISaTXjB9PdEiLPvkslp+D8dWexSikz+k1k9oK7Leh8tyBEpXn3N38/Sil5I/JpxnyCZ3AnxylF9sryWNR3e8s877iN0pSsnxynIccYvwdYfkkBpL7GA/Vr+TPlSwq1L/t7Oef9se+jMebaKfcgloSyRhBv9Zx7mRJKG0LKWA3j0Uu0WNUQteGmH1jVNbvjAafPqJoaQiQthattO8v5xTlXN7dMg6eq5GFmrYUQ2N7eUDUt1UuAEGsdZnlGqBrG/sB42OOHo3SBpUCUrlwrBfMOv+SX90NiWZnbXaH6FO6ykDOKYfKklHjt/iWvPbzkMPb/f/beNVaWKzsP+9bau6q6+5xzz728vLwkL+chesiROSMPYHFMWVAiJRESyZKsSNbDskaS4bENGbAAG/4RwA9BiZHA8gNQINkObOWB2EAQOw/ph5JYEoxEtsf+YVkzHkszJDUUR8MZkby8z3P6UbUfKz/Wruo6dXdV97l8WDO8DRycR3fX6Uf1/va31re+D6++cRuPXLmKS8fH8FFZLCff2ZhmM4VahzLto/qo+1wdZ4sg8QkUFWjbfiWQlNukjlkREcGp81ATImL03fNn0hGdzaburFApdfYkaoxgTIYZyuYJIiGVT9UBCiBcefjh/2e5XP7Uiy++6Aabujd1OT09xenpKQBgtVqB2WCxmON973uf2rYWBco0p1mk+dfZbIaqUn1HG8bRJn51C40xqkZ/i9ooi6MLADOWy9MzASAigqIobj31ez7wE//m7t0POec+YNjAGI+7JyeaW3xgNU0IhMqWWMekso2CGLS/XhQGbhNQxYB5YRDYwovANw5FWUI8YdPUMNCScLSMEBkQj4oEs5mePwG6cSsLArFFHZEcswRrL2rN6QIaARoftbKXhFRMQBM83lgrm3/4oMLFozlsWaJxHjfvrOBjwPFihrIssYFFwQalq3H75BQnAVgcVt3Cbo1NZi9aUqaksBfR85DJwDUN6rrRvG0ISRDxIUjtPa3Xm2itRVWWQgQJwQfL1t+4efP40WtP/Otv/ub/9H8n5hjeItClPZglMuA2Bow8ALUhQHIGBE3vOgyORYPb9/9meix5eEyeOA73vqz3/vTGzZvPP8z2blVVx0vvu5SgmBis9zU2a02PcU3KWkylZCXCoiINpQg6Q8usKS2SRD0aKgSQdH62MQQdOGdOM4J60nASYAVpbRwFhpThxqiSeZuitEQE3GJfQvwgKhyh9jFBd3oMgkRSAwZweh6csn6jznKSmqfHVA4EsW8a92rtmt8D4Jn0usfeJmyqUkF7lpKRAdux23vnmtC45pYxfAWkRh4UPThoSLeaOSQRW9QFN0Jw8XAG5yJO1g6LIuDAALdO7+BotgAbg8P5HG7jcHL3FEfHB7h4fAG35TbW6xpHVYmHLl0EkUHtHTaru2hshWo27z7wAGDLEof2EmxR4uTmG3CbtfrPQj1gwaZtsmv4RNqRC0KyXqROC0DJtlFEc5yjAFcfuoj3Xr0MRI8vvHYD1fwAV65c7hzIqrLQXGbvU6RbTEr0FMKN1jMZcL61E20rIWpGoa0Nr2k1hG6WXMLW7s/71CslSgEUGujQOJ8cq9ImM5X3RfS2rRhMX64UnBk00OHowoVfBNF/8frrr38xVVPQO8dk8DtGft/Z1mpFgLduAXfv3lUrYdaeNDPh0qWL+NCHP4xf+sVfamdo8XXPPQciwm+9/BKeffZZGGMwq2Z4+bc+h4uXLuPy5ctJ3MVnwj5Y+AxgE3H62oaB9IFc0qz/ENxb4D06Ovrk4489/lO//crn/6YLfoZNRJs/W9e1zqynTX5VlDAxwPkkDkyjXVxYnDqHBRpUJcGyRTARjQ+wYNiiQvAOjQsorWBmLTxK3axJRGE8TAxYx6hl5BCw9CGtLUCd1lDN/1ZLRmaN+5sZgY+Ah0FZVljMShwtSpBhXL+9xN11jaoocOXCIchYrMXoBIBvcPvubThT4vBors9DBNaqKQrS+duKtiRtajf1Jo3zEebzGUKIUq9dSzqk9p6WIVCIMUqMqMoiHh4sfN1sytV6HT7+Pd/3s+/9qq96maBWlufulw2FAZTNUsuCLo2Aax8ozQTY9YHVTIBgH5jN4P79/9HfRHDv72ZwvPZvtvdz/8sCQFEU5uGHr3xsNpv9fk7jEbqrd4hR5+W8c2jSB7D3+mlPLvWzpA0liBFgwrpJpvIpP5fIoEiZ5CEoq7GchvLbUR5Ae3GxteRTVad6rAaouDS58iSVazuiQYnR1KnnxsboTJ8o27LpZCRScVar2A6JTbW7Q+e15FlaBhFfb5z/jRijG+nl5gB06rzKtSdy5elcqboTNZdlcfnwYPEha4tSoi7axloczGe6lDPUks5HhOCwmM8wm1WaShIBEo9ZaFALIZDBYr4AMVCva9y5fRu1czg4PIC1Bjdu3kJdN7j22FUczg9wulphs97AxwBTVpgdHKAsqq5/SSmAtl4vcfO11+DrDbiwqeGwfSoKqJSU7jqLHdLV1PZKAWycAwS4cvEI73vkMhaVwcvXb+DUEd5z7RoeunSs56JRdfx6telSo2IIKvxyDptklmFS6Tn2VLj6pQpd5/R7YVURXtlSS8cias6RjhUFMFY3BZuNQ9M0ChgJdJAqOkPsE+mFdojAFsW6qsp/AuBnVuvNZ4P383SnkL4ioJkcvd+T1P7Mz7mvXcCcvVRVhbrX+1VPdaCua8xms/Q8jWbQpipIDCoW+8AHPgAiwgsvvKCtC8N46umvxm+++DyI1ClJYkqZMgaLxQLf8PVfh7pucPfuKWyqoEwIvhafff4z/1Pw7nuLokBVVTCGURjGbLHoggVUoKnOci6ElDWtGzAfAkLjURlBZQs0UTR4BQKrdQ84F9AErwYbRp+vCutUouxChCVtoa0DdZMOLJSSu7S1RkbPB5PaZ/OywMPHhygLi7pxuLva4M5a9Q2LWYmDstDRtHIGJoJfrnHn7imkLLC4cASb1PeWjepbelqaFnBbQhRTFriuhUYAiDqfNQCT1idjlNo5YYIczhdhPp/5L736O8df99zX/8JP/Ff/9Z+88sgjr46NCfUvTz391F6guy/Y5hgtTYAnD25nBsA5dT+TuV/uOHYApn2AHQJr+3Mx+FuhbStyBwcHHzg8OPzDIphrbJmy1Bg8QnBpwH0rHOm/fpT6uJ0WKbHcpnFA8hs1hlEk5hlSYoghLRsGiUmYkJJ+UipOWxJsR0ham3lDpH3d1gxDG2gqigkRjfOJgRDYcFJKCywnIX9iHiSsop20UKrRAToGXBhauRBeCCGeptdsDFRpDzEVjbAQGrBl2VFxEQCRiHB0uHhqXs4eEgndY54t5qgKC4kBbCwCESprcHSw0NU5qNsUG4PV8gTGbeACITDj8PAQkrJMT5ZL1E2D+XyOxWyOO3fuYrk8xdHhIQ4qCwFjU6t63RQFiqqCLWcoilLjHEkzR09PTnDz9d9BjF6FXhJBbJKrU4oCT1UQzSxOrrVREKIm6FhrceXoAI9dPsaFWYkvvHETt+uAq489jocuXUCR5opBgk3tUNea4btJAQkxBKw3NTbOobAFjKE0U76t2HjvO89nl8wpysJoRmtRgEjdziRGrOsmjSEZ+BjS/4sgIlFHNYi0vrX6S6q2CIhIQAzRhuWJMea3jTG/GkL4RNM0b4hImUB0k4C2/XLpq/+7T7d16bvvAXTsAXLMAPHbqyYd5Ervyplu7Vsff+xxXLt2rRsLyj1cDRDgr/n1f/dv/zEzf9AYdduaL+Y4mM87hbnzvjPL2TQNyOhmK3h9ORrn4WsV/5XWaMvKWjDSDHXK8HYxqiJeBIUBqjR3bZjgIqEJ2puNUdsVIOlyuXVch8EEFAQsqgKLmQWJx6r2OKk9ggBVUWAxKzErCzW0MhbGWDSrFW7duQtPJR555LI6rTmnbmJxu3ltzYk4hSsEH+BDA4JJzl8OMUYxxkgIAZvGSRIxxhCDEBCrqoiLw7k/uXtydLA4+u0f/dE/86e+7Tu+85eKlGp2P6C7j5BqjF30F8Z2d2ky95E9ji0DhpwrC+f6tEPmPATUFoCHfyt61xUD4C0AWBGhuq5vzWaz571rPtI0jnQsZxuzh6TkbYVQ/fKylm1j2+RBFEHjvZ7E0sb4KYiGmBSrRIgk6mallmOa/JFKQV0PTt25O+clSq+AGtenCUpqHWoAF87GsQH6P1l0VldIezxCre2g9licD4lxJ4tJS86H+MUQ4qZX6tsHZO8HdMfKzWOgSyLi68bdKY09JiJDrK+Fcx6GNM/YGIIhg+V6A2stqqJAYSx80OjCcjbDqq5hxEMC4eQkgerBAZhJmcdyCec8jo4OUJYFbt66hfWacPHCIY4OZ6hrBx8EFDzIO40/25COHBGjsBazxRFO797S1jsZCJlOIYxkEt86YSEp251XwdPhvMTl4wu4cuEIB5XBb79xCzeWDa5du4aHLh6DmeCdh0ket7VzaLyH+JD8qQN81DJzGvwHc0qmSUYi0gZlkLJZJCEKE3cOaiQCkYAmBAhTiDC3gnNNiNETcVMUxhORkxi9drDFA5QS5ySqXpCiCAkTAhEtReR6iPEN59ztGOPDAB5JANr0vlzv+/C6/t8DgDr9rQ/WubbF2w68Q4DdNX7UriWvfPEVvPLFV/C1X/u1OL5wjKZpsrcviuLT7/uqJ//aC89/9u/NZ7NCokaDeudRpDWImeEkwCRQI8PwzoEN1HM7Bl0rjMFyU6NgTTiiwoKLAoEJ8F49iYsSznnE4NFEj6ZO+xjWgPvScrKatdvgkFT5iWkssfEBfuNwd1Ojdg7GGMyrGY7mFRaFQYhALZrOJs7j9u2bWDYNuJrhcL5Q042UrKRVmdBpCloC5EMAx1SRCQExNijLCmVVimuaJKqCxCgi0YMEFCGxKgoxxsh6tS5PT5f+h37443/n9z/70X9aNzrDvw/ovhn1skwsrrH3tzDo3Q7BV0YWU5lgNjJgrrnSUOgBsh9cb0Y+VJKePw3+T3uswjkXTk9O/s1sVpVAfMb5uC2RpYcSk5KZCWfe6FYIRWnhahrfhbYrE02JP4nZtmFRyfcpzfZyMrWgbkFud3Bt2YSoVZiqsKUFc7V01AU3xtBZCSJZnknKv4ztCFJ6xVTYk0Q80gZhC4rCRiZ+tQ7uDoByIKI7L8PdR0m+C5w5c16apnGr2trTsqqOqQ1YFwUWQ9ovgwBlUehYEYCqVAn5er2BtYTIhYZbE9CEBnfu3MbBfIGLx8daYq9KXL95Gzfv3MWFwwM88sgV3L59F9dv3MFsbnEwm6GaLTS5xih4FiB43yi4VxUOZgWWJ2r4D7W4SZ7GApABwSezep2bFgjKwuLi4QEuX9Q4woIjXrl+A9dPGjz62KOJlQdlEawLXl03kKCRek5nR9D4JinoY1qktkDfgkE7YhKTRzin3mZ7XInaL9OqD8DGfK5xm0967xwRBSJE7xPTFImSysIhHV7tEtoxWYohSCCiIFt57kGPsUpGeEkTLYkzFZAda9CXzeXWrVtomgaPPfYYnHO5qiQeuvjQP3ri2rVv/MIrr/zxxXyBeqPnuFSlnovJH4DTuJe2utIMOFT1W6aQlyYp3Quv4s/CWrA18KSCxAIKhlwUYOiGrnZePYtFrSBbn3iCTlUQABdDkproOVfCYlYWODw6RGXT5sBaBC4AA1DwWJ2ucXe5go8R88UhZgudxfUSQHVMepvYvSatwKklQu1Eti0KOCdoGgfDRMEHqWYzHB1VWG82WC5X4lyU5F8vIQa5+caN2XNf9wd/4du/4zv++8evPRHWq9Wbsrm9nzldySx6Q+FM7DFfyogf+iXk9nahB3r9300PTHlQXo49kDSD/m2unMw95mt719key+2XnItNXd+NIr9YVeVdIv/RugkGEKSs867E21ojtkygm38wWoILwW8/JAnwkMZ41PApjfH0ArAk9SRisjKkNPNIrKNDxGkEo8shkC6wumXWPoRk/K+LZUxuQ9rrjV1qUScyQqvniV3KzWw2E2a+Xtf1jV6FYPie0znANad0ljEGO6Jsz/V8SUTCpmlu26I8sGxsRABFPaVq58FORRVVUaRdbxt1qBnHrlFwk/IIm+USpWjE38l6BTGMhy5cwMXjYzAzlqs1Tk9XKGyBw4M5XFlis6lx6/YSMCuURYGDxQKltTDWIPpGH3BTw9d16qVphSGmnns7L931o5hQWIt5ZXF8uMDR4REOD+YwEvGF127gzmqDxx9/DBcvXUIMuuAZUwJQodVq0+iHyqsLlXdNp6RvGpeSXgSCAMPSnTuxHalIfSu18ktfxMnsRVD7AIK9sVyufs355qaaqkjsAV4c6beG7XXioQ5S/dv6AZN1mZKy67HY9jZxUGoelpnDBJEYq7j8rvAUeCmNPm02Gzz55JNYrVb3AG9Zlquv+fDv+2unp6d/4ObNm88cHBxgvdGKSTXTvnBpShVmJt/2zaYGpbFDY3XMho3BwWwOGF03QlOrS5tnsLFgqNqYKE1QgGBMiTlblDZoOTgpmpE2vm3MlKFCP4OVxaIqNMyjKGFskfzIo35mhHC6XuN0ucKqduCqwPHiWG1YkxrCJgYP0vXXOTVy0dJy7D5LIWraEuk4pcQo5CVKiCI+rNA0DlVV4HBxIJumic45ISDevnXr8In3vOdz3/9Hf+AnjTE36lRlGJc+3Z+Q6rxzuzQy/jMcxTGZXarJ9ILH+rqU+bvJ9Il5oiec6wubjLBqCMjRFkVVleWzAL5hU28e17lH07oDqhCHJdmVcZrlJXUKSqIXSoPjJgU+t9aQzEZFM92bkpR2yaSBmVBVVb2oZr5uNrMgwXRxWmlesw9DkkqqXRA7MZLrGdqsS9nOCUHQeucqCIsosDMRiqJYMfGNuqlveq+dlZ5SeexcGDtf4oiq+TyjRjyyCHJ/wzefza8cLBYPx+hhSGCshYigms1QJLFFBIHY4GhRpcAL7uIQy1mhlYLTU8DV6vpEjKKcYbGYw1pGcB4b57Fe6sLAVt2ZTAzY1A6n9UZzkNueW69P51yAa2VUqWfe9XOhWbWFNZhXJRZVhXn6OpwV8L7GF6/fwjIAjz76KC4cHWlJOCojNYXqB+rapwxmHROK3qOuawTR/+ec000ZMaqyUEV1ElqFNP7mg4dlg9IUms6TIg5j1LzbIAguxv97ebr8jd7rHzLg2u+tht6X6/3sM1/92/nMbcOO/9f/e3/zHzN93bEer+yhsH9HLx965hk899wfwGq1Vv9u2gr2Dg4WeOON69/5z/7ZP/9Z7+uH5/OFahuqCqU1sGWhqTognK6WqOsGRVmomA7b9lkrBgVpbKZ3HogBJmlIwKmNxQa196AAWKOtKR11a2lJGjETSUk+aqN68cIRmFOwBwy8C/CuhoWgcQHLdY1V48BVqfoIZlRlCWPacA0dS1MLUB3pbOoaEaJiquSp3Fp2tuutJk0ZCSGIjxEUQ5vJIGxZQBwKY8JmvT4Qput/6S/+lT/3h77t2/+Xuqkxn893u5IJwIZxfOECHn388bcMdKeEM1MqZxrp2WJixIgzoM4ToJwTdpkJkO+DMCaEWpGNodms+kBVVN/Y+OZDrmkeg1ClfrHo2cQlM4FIXZKQzjWqEpkZXehAa5DRRtRy6tf6xDKJ6CaAz5dleZ2JfdPUC2I6JNBcYqgkRXQTswUJi4A0ZF5YRxCUPrNh9RxvAxYIqUPNIlqZBiveU4jiRWQDYBlCuOOdX0eJw5EsGoDdFAATzmegkuvdY4do60xFxbCxh4eH7yGmisTDWobh5KFrVAxExsDHiFmp/rGSSulMBLaEqqxw93QJ74J6zxIQhABToJjNURnGwdERogju3LqF23fuwKfxmYIN2Bo432Cz3qB2Hr4dCWuDvllbA4YBNoVujCSkJJQCVVmgKkrMZhVmRQFDEaenp3jt1glQVnjkkStYLOZprjqk1oJuunzwCI32gGunyTa+adC40KVEOecQY4S1FqUtOn1BTL3f1ie5SIraduwlDS7CuwhY+2sny+XPeedWPRALGYCNA7AdsN0OSEMGLHMCqOH1MmDTcQCsOfFUDnTj4Dsy38f0Le/YxTDj6qNX8fTTT+NDzzyD9Xp9Bgyc9/TS5176+Kc//am/LhIvlWUJIkJZFupJnsaS1NREAbWstEISoocId77tKiJVVhwSw4jewyTtiDXcZSzrp1CVxBFR1c09kWCMQFUYXLowx6wsoUMdagm6Wq2x3tSau+sjImup+8LhoSq8NzWKskBZWq2PpNAV57SK6Jy6jbFJrbEEtsH7VAeMrUufiBBiDErDdRxTQgwiEbEoy4AYZpumufGnfvRP/8U/8SMf/x8Oj45i67WdBcIkiquqCoW1ePW11/Dn/8JfwK/8yq+8paC7LxDToKQ8vH7M5GLYt+EdAiuMjCftYtsY9IungFmYOZRleURE1yDyGECPBwmPksgBgYwQzNYPnpiZ035Q1ShsOE04AkwsbFS7Kd17R9pNi7J2zp06514VkVsxxihqJMzMbAUoINEmvCyIqACREYg6PBKZdoJJHR/ZaIuZSAPUEs4m+k1ETNBkrRhjiDH6qBf0SvJjhiLYUeWYun6f63gEYHMivPZ7qMrqeFaV1yCRmAnVrIJhVtW4LaDpLOpFawuCYYsQ1HaTmSGI2NQNirKCZYKrNyBXq32csYjEmFUzLOZzWMM4PTlBFMFys06jJZzERslhKs1dQxKrTQpOY6yOUwRtW5TWwDLD2AJlYTErLJxrcP3GLdypHQ4Oj3Dl8iWUZZki9HTRc87pIsgGdePSTLiaVzhfo2kcfJTOmtEnAwftc7cl5dhF/YWgYQTWWt2epYxdiYLGRdjC3lo37h8ul8sXexUQybDN0APEMDLakwNZGfldRn4eAmvMjA/FAbD2f8bg8fRZb5wYOZJ/XyXp5KaEb/rG/xCPXr3aqZObpsGdO3f51Vdf/TMvvPD8fyMSL7TtgcJarcYZwqxI9rZRUJRFsuSMaK3y2hG1mMCrtaCMae5fIOCYrGVZZ5slJZK1Y3JqXcldjve8KjGrLKL3aFzExqkdqaTUjwi1tS1tkTKCTfcY2/Yas4G1FiIR602dwicCgk/54ul1MDZ5IySDnNRillRdFIAk+ICgln9SFoWPwc9Pl5sbH/uhj/2Vj/3wx/7+lctXfTWr7mG41toO7JumwfHxMf7Exz+Oz3zmM3De4/r161lW/FaD7i6BzBRDQWYMCSNsasiy6ByAnAONMZX0mKlGUIGfYQA2RqmIUBDIJoWVZY204QR+Ri0VhZNahUWEiWhYAj/j7BVjlBDCUH09tvnIMXTqjVINNyJmRP0tyM83j7UAxoxRaMdtcu8dJt6H3G3GzhdKI0Q8q6pHq8JcFtEP8qxQsAURqqoEs+lcvloLz86IgERHY1L4dYiC1WoFqTcw4mFMgUg6a1tWMxAE1jCMtdhsNohR1P1JBC44HctIc6xayjYoDPeCJdS20lpWz21Sw4g7J0vcXq4BY3Hx4jEODxYplSqNnIjOgp4sN5qOY1gFdEHj0mKMaJq6W9gkbvNxkUwKdIYyaQxC6MVFGlirYKvmDG3fjCWCf3m5PP1/Q9s8OwueMdPTHQJpGAHH3P1jBiTHQDdOMN4cgIceSPaPg8F9MLg/BoAtGVb8jrBgZsa3/aFvxdWrV9U4Zb3GrZu3sNlszO07t3/sxRee/6sxxkPdQKmIqiy1VeB96NKTWuewNoKUWCsnIUSID9054GPowlWkpRRddU62FnztSyCaVzufzRFjgPMOJoFWSvdOeoG0AKXPoLFGBWAp4cta7SerEtrAh9CbnVaBlPehG6Zs+Z6xNom3RGIUitGLczF18QQSJVpr4KMrVnW4+z3f9Z1/6Y/94Mf+3sVLF5vjo2PMFwvEGNP8s74+L7/8Mg4PD/FzP//z+Ot/42+AiM7McY8p1N8O0N0XcHeBLjLK4r6KkUcYM2WEPlPOWbsWed4xviSZxX/ImnMA1/9uM+DHPVEX7ehTT/2PXFk9d9shQGNHP31sw5J7zfmcrzvveO92bazanyOzKRdV8R7DfCiAmqMXFiBCYQtUsxKFNWhcTONYSJZ/KippDQ4oxe4RMZqmRrPZQBoHy1oeDgIIG7AxylzT4mWMzjp3ZhMhwlijjjlRIBQBryNjnAQCUdS8YtM0WG5qiC1xdHCAsiwVbIlQlhbBezSNA6W567qudTQomS/EFHIgUUMDIrZ5zNIauiTAVZFdcqkKQQOHUvxeq1pWVagCN9vipdPl6hca19xJ54/fAbo5UN0HZGWP48XMMWUHcMdMKTlXio4D0O0/ZgwAOGSAOPbWibcdfL/1W/4zzOdzXLp0Ca/9zqs4XS4RYihPT05+7MUXXvxx792FqiwBqPdyy1xbLUP7fqsdqJZwfZrRtaQxmcl6pxuJVB/5ZFOapii6HUjQqoktDS5fuoSqLLHe1FitV5hVFYqyhA8OIbZhK3oOWk5OXan91p9pdo1TD3Brtc2RvBLa6Y6uSmOSf3cK1EjtNpRlIWwM6k2DpnESY4zG2Lip16UXnP7n3/4df/l7vv97/+7xheNmvpjh4oVLOL54EcfHx/jUpz6F169fR9M0+OEf+ZFzj4m9U6ALnD944B5VauY2PNL32+XLzCOl712zwTzBxsyOvvPwODnAnDITGX7Zwe0Nxo1Epo4zNBehkVI7Mo9XJlg6ZzZHuXI/TwCz2XPjwzv0A6Eo7IWysF9lQVaN3hUMiQllWaEqiuS3ozt0wwZlGrFAcvBpB/pbwRsRwXunyk/vYDR8L821EhC1fFdVFazRMlibtWoL9W1We8Um9ctEzVO8x6Z28AJQUeBgPsPR4SEMp1hJSWyaCavVBpsmYDavgKgGHs55mEJDw51Th6k251bHw6Rju9yNiqQRtRZ0U3QkG04uZxYQNUlRVzN7e+PcL6/X61d6ZeU4UkqOIwy3D2JxpPQcdwCynwDlsQ3AVO93DHxzLDd3XNkhzpIRNvyWlqMXiwU++tFnAQEW8xlOl0sQYFbr9Q8//5nP/Ph6vXn/fFYmdqnOdlrlSd7tTB0OpBnWNO7IZwCwrZS0YisJ7Tw3qckONJSlLAo88vBDWFQlXFAnLO8bnZyIiTXH7RxFlKDgT0kpH6Gb09Rjdq5RLwPexvf5pM5XG81tSIi1NpnCbDrjjFSllLIoJEhE8EFOlmvLhk++94/8kb/8Xd/9XX+HmH1ZlDi+eAG/94PP4OXPfx6/9slP4m/+rb+FF198cf9Rn3+PoHu/vWBM9Ih5Aox3CXxox32G7IknyqI5MDaZ0aipcnUO9LjHPMeYbv96O8F07R4AP+YONmTFGNweA3acu93w72ZQjZjywqYdbQDunRMm1ycmIrHWXJ0Z8x4iYmIN+wZpKbYsC1RliSjbnpRJgNsaTIgAoUtQUTV0TL0tierwJEFHw4IXBOchKV3FcjtfRuA0VoYE8t5rhqiPyYrSMGazOarZDMSEwlgUlrUkl0RQIjrO1SQBSVVYVStv6qQmJTTepXnsJEzvzS22Yr92DaLELkJrzpGef2sr2m42vBcYy84F+VfL1ep5EeEB+5sCQT9S0p3q38YRUMZAnRwHPeQhwCOzGdgFunEEVMf6xmPAjRER13lU0/dVoj4+PsaVhx/G1auPqDGMtVivVt/4wgsv/OSNW7efW5SFnouklRHt2UsHxkTczf/7VEEpCttt0M56EmxDU9qJiSgRVVXg8kMX9fPlI7yoWQdRAnPRSMsoEWQYTAbeOfjWKjctGQKBaxRYlZ2rY5oPsQvP0F62+hK0kyKcPushRHgfIDEmL6AoZFiIwaerhhbz+e2P/cAf/Ynv/O7v/pnNZhPqpsZ73/NeRAn4P/+Pn8e//tVfxa+k7ObzXH43g+4uNryrNL1LWMNvso881bvkkf7wFOiOsb0c6E6NUQ2BdzgGRSN/5wnWnSshmwlFOAbqb+Cs6YgdgCIPmGyO1TLu9efmCXU67WC/ICKqrH2isHxN1doEY9T+0Baq3iWjPdWO1AjBFkZneaOoby0RSmaAqRMxGaO9JcNGlegupFEFVQdLSOlN7asT0hwu9UQhhUVpLcqygLUKoho+pPu3mFKfmqbpIvac8wrorCp5ScDqg84dx144BvcUlh3oRnQxe+1croiOc7SLWOt/E0NUkQvxb6xW63+X+rjIgNhYbzUHulPlZ4z0b/sAPwRVP6FY3sWax/rPucePEdDNMXRkNgySAfJdbHhoRLQ3CF+8eBEf+ZoPo6wqBavGPf2533zpr37hd770fZXlpA/ANpCBe6CbNqLe+9TXLxNjlDOAwsnjXc8nBlHEfFbh4sULKEsL57ZOUSpsCmmTm1oqMQIMGDJwKe+4vb1JVrnOOYTgVYcRI0LQIA5l5/q4YwRC8J0zVYdn1EataWeXDCGGQMvG0/vf997nf+D7v+8n/5P/+Jv/Qe2d985hcbDA3/7bfxevX38dn/jEv7xvUPvdDrrnLT9jguXKCCjv20ceU9DuOwaFEYDYBdb7lKanvsyAeY6ZhvCO0vSQkQ4dwWiiZ4wRQRcwHnqxj183Z0B+rA+ce12FmY215n0l0RMaBqBjRFpiMygKm0ptKiBqVb4hBW6HoOHfZVHqCphm/lp3JiZWdx+jSo8WxIikCwZo/ZaSZjxNWKh5J0PnGFuBSlmYNP4RuuQo59Owf/BducwFn8QjMR1fhSutZ7MMvm9plKQFT3qetdsxNkr+ojHNGgubz6829WeD9w22Rjb7gJlM9F939W1zKuc+iPUB2o+w29z/yLHdsAfjzvWB447fZUIxPcWQh6Vt2QG4o0B8eHiAxeIAH/maDyWlMT/8+vXX/9wLz3/mzzcbt7CF7T42mnwEtHMXhG7M8Mzeuj2fKOXXMkvnWTCblTg+PtDkshAQglZoTOv7nto03Jr0RHRZwW3qlPeti58uHa3IUVmrT25T7bmdWDZpVCERa7CBV7tTdXlrnwShcZ5cCHjuox/93z7y+z78U//BN3zDv3j/+58EFxY//dM/jU9+6lP47Geff9NA9uUEulPgex5VtEyAsYwwYBmUPqdygXnkOt4TnBnTM8tjPc0x5pdLbjoP6O4L6rnEp1zvd1iuxkh5e9emYorl5wB77LUXZi5La560RNd0hItAZGCtUWMTwzCmQFma5MZDykyhyt7CmqSypO3KmOwbiVVpiTRWEwF4r4ZLhSl0TjGl+REREFJ8HBMCREVWxnRBE+0TcT6oP7egU1g3jYOIDp81TtkvRenOwC2jza/MJMrcW0vQbWAHtn07JGc1JgjRl9ab5rdCCPWA6YWRHu0+oJsb9YkjwLxPP9YPgMqP9IbH+sb7MGLB+LjTFLCOjSyNgfoUUMuEWnqSAc9mM4gIPvj0U/DeLxDjt9y8cePP3rp185uYQWnoAkjz6m1oyhYXzvZ7uw1k7+FYW+LgYAFjCK5xKUhD4L1DVZWwxiL0xpJarUP7WWq9DbY6iBbY5Z5wmTYBa/v4VNTFlIyLoAIxHyKERKIXcjHg+OjCqz/0g3/sv/36r/+D/+O/+MQnXnv22Wfx0ku/hf/u7/8srl+/ft++yl8JoLsv+O5Tjt6HLU/Ni/IIOGOEAe8CX+yhnJ4aX8rlE+d6sLSHyjkH0LvSnobAPsaAh9nIBuPGJmMOY2ZPUDZ7KKOFmavSmqct0eNaeVKPZEopTEQ6tmMLFZjEIEm9u2WMbcatjiKaTv0pEmHYwqeUqJZJGqYu4zNKRBRlt9o35TTziCQMidi2S0UTUYIHQwVUmqVbd843zut4EAagq6U+GjzmVGWLEdQyDtmW5zrHsuT5DSIJgtca515JgMvnYHZx0IPdV1EcJ8rVY6C7rwgrZErPY73i3PMYA+jchiMMyss5oRYmhFljr+2wv0y4d5QJmBhf6gPXe9/zxBO+rn/w7p3bf9p792RqyKhaP0nb+0IrPT+S7zs6E5/EjhllWaVSb9r4JdOVEEJKp2rDWii1P9CViTXL26ee8XZDm+ow6gtP0vWajeEuy1k/N9slXWjrihWDVoeqar586gNP/vJXf/Crf+q116//82/51m/xP/4T/2WneH6rwPYrAXTPC8D7gvE+103NoeZU0FNgix23wQiQ7nLz4ow6mibYJ02IqKZYLo+AImVYbY4dIwOkYyIyM9JTNoNescmUq3ex4MjGzCprnmHgWrtd17JbTHOMFsaqCKMNAmhHEDjt/L0IWATG8jYHN2oPKoiWhAtrAAKCjyDmVEYLSajFvR28xqsJtmM62jejDiTbBKIYkQQjW2OMli30WQhRTM5CckZE1Y56BNnaiG7ZTFrPRSDEMQherxv3pag1Zs6UO3Psawxgxkq3u4A7x46nGGbcQ7k8ZtARR4Bzqk88ZdqRKxfnnLGGo0mS2ajs6iPn3pv++FKOCUdrbV2WpZ1V5XPRuR/zrvmPRMIlgHo33oJ0C7BncSNVesDqCBXlntW0S47OpC1tsU6SAct2llyEk1NfOg4lz/J07uqcOXV50F0SD2l1KoqgtMX6ykMP/dr7nnzyZ9Z1/X998lP/9o4bSWt6ALpvDfC+WdDNlZZp5G8y0f/dB8xz5WVMlKGnQDinvB4aYNAIA6UJ4GPknbuG4I0JURRP9Ian/pfdsUHIgX+O/UZr7EFZ8EdY8Hiru2x38swGxJz6qsqCrTUdIAqoc2/S2ybz9a4/Kl0vSkVZCnJRAEvSRTlqSa3teUnyheVOqCLJsKJfLm59kbU0rESnBeCzH/at1XX//kqLtM9siDvQbclacgYKIeD1unHXo6I0ZwREPMKupuwWx6wXx3qg2KMvmnOUwggwYeT2MiHiGhphjCmUc/+3fyzCuNMVRh5jzIBnC8iYeN1yry0mytOOmde2KC6Ulr+JRf5wjPH9IvFSDiP6ub6U/NpB7XVnTwdJSWags/YGLTPl1kI3chu5sk1Py4TEUmLiLfOWMxoFdAp/CFCUpb9wdPDrx5ce+p+JzP/6my+99MWmaWgg/ASms5WHIra9hWxfSaD7VrDeXWAsEyXnfk83l4STS+Hpg6FMiLOAvJJa9gDdKYbMO9gx4965Ws70jHOs1mYAlfcQR9FEOZlHSt39Ergd9Jg5w3in5oGDtfaoKuxHSOT9LVPsymjMqYeb+rhJBGLMVmSlvVw+W76N2zW2ZcnaGo4gIVimTkmswpDQ9b2Y+283ul6YLj6cMkP1+NKpSAfh6G0KxzYkfvv4BIiiRhlM1MW79T/2AnJe4o3GhZuJFZuR3mFulCVmPkNDkMmVP2Vk8Rv7GZi2acTI/9z1eHKPI/ccZeQ57DpubsGeUi3LCOiOPd99R5Nk5DFviHhjjTkyhp9iyFcT8AQgD3cVED3J0GWsJV9bEmWXCrC98O4zuElJPJUAOwmgEmZvn7S0ZvC9FzP1gdsABSQxcnf+JxUXEaEoi9V8vnhxPl/8f2D6uTt3T3799t27UWIse2ucHxHm5aoUfsd5+64B3beKAb/ZvvA+Zv379I53ibKAaQvF8xh6jCl/p0A3Z3Zh9hRDca8svA8gW+QDK/qA22fPdoLt0ki/lxPwLkotNX8wSpz1BnyTJaSGZKs5AHWqY2W/fIZhah8rdqMW+slT/1qiFC/BujDFBIQ65rBdK2Oal1XGoMKp1twihF5y1JkRoF6frmXJ2DoD6XxQcs5KqSzcY+OSKIWAlk0IN0Lwa5G9Up9yOi2MALKM6bomrsMI2AP7mUtM3W/qPlObC5nYZOQAmnY81+EiTiMAPtWvzdlR5oCbMD2e1AJQDSJviAoivmQNP0rAZYIcA3LUktceVd2WoLVn0Z3fPQTqPlcx6Q84uWvENgWtnScHQ9JWj6JAGN35TKlP3M2cp6hUw0aMsa+w5c8R06cF5tNN3XxhtVk3EmO7PuSSqiI0xaruXd+/rp9olVPSj26s3g2g+1aDMDBtY7lPyfq8gq1dvd+pnvEY4wV22zXyoOSyK70pB5rI9FuH14+JsSzyphxDUdYu9bXZo9Q8fNyRmQtrzDXD+DAjlZuTCKkdKdKfuetrqd2iiqG2AfAt023Lx6lP25XjtqrNrWipLSHHrqTcztG2oxghpRO1rLT92A7VnO2DiMO+WYzwyfjAngFoddECEHyU2y7E2zEEB+wNuJQB2zio6MjEsfrTAlOhATLx/+OO42MHqO/aIMg5jjsE96lNxRCYx9yq4sSxsWeFABMgLhnwPjOjnM75gojmBBwx4SITXSTQBQKq1p1qWB/sYkRbk+bhu5vKwDC89Wtug+/5bAVn+7mJ6bgEZl6SMTcM8asReDnE8LKPcj14vwoheNybve4z39vc5RW2ec39HOf+V3s/Nyjx54Rsauz8LgPdt4MF0zmOvSv2bldfd0oVfZ6Z4Slby6l54l2OUrlSs2RYZQ6szUSpeaqsPKW6Huv1Dv2sc0EREQAZw8eFMU8boqcAlMO3ubXIU3ZLafwHIDJJLSxp8296C8YWXLmb4ZVerzUm9bP0xCMhlc1wptQ8BNptSVzO+NP2Omrq/ZzKyZb4niaKEC29DzddDEuJIntsNPdhudgBukPA29d1Kcdc92WRhP3SgOQcv5+HbZ/nGLtY7djtdoHuPuAcBxuGtrzaB2TDxAURFkxUglBCpEpRp0WKjy4JXBFQCktBqR2UPgt6BqtBlGbztm9MTE0TUudwLdCQJ7ADYxmB2xLlZoS8QcANIT6VGE9EUIcYwuD9zo2f5SImW9Bt0nOt089N+nkIxLk85weg+zYB8T4mHWOsdhdj3ReQd8UaYqJ3e56QAYP9xpbGXLWAvHtVro+LHaBrJ4DUDu5X4F4XLpM5To6Jg5gKa8yj1vBTLLiQohDPrEEt8BKjE4lQKtf2WW9bGrbW9ErOlFhs7EC1ddPR+8XEdM9WLlvT9k6cQrleMqWklojQpsOI5q9als43GkLRi6xDlFshxlOJ0eOsfSkmGCpNAB9GwA17gNM+YHue45znehkB8F1WjPImfpc9Ngc5Jrwv0O7Tj5aJ/viwbN2/7qzIa/uIhc6SDgPApkQ1wvYU3o4vAZwmkCKIvI6QSwCppwwAB0IgkAOwicAGIo2IDK0+gWmF+Rjw+gSmqx6oNgMArnuM2I+A7j0bmHdjefmtBl86x885VrqLmQp2RxBOge6uHu4u0DWZkvMUMOdGkYBp96pdIRA5dmsywGp6fV3b+zI90O2D8JQRSO75RWaeW2uuWuAxEBbQOMYzbyX1+rtRYmef187I9p14zpoKUAfKbeWsFUVtmS0NrsM9DHd7vPaYyc0nATMzwYDB1P1PHyDLEHAzxLBKCxff5+eC7gM0aU9WvIu5nheo9wXt+wXcMXEUnYPNyo7e8j6sd19RWpwoNccdZefhsaeU07nbANMzy2PjWUBeKJab5e4fI9ebDT0Qbb82PbANg+/DsnLOqOWec+EB6L45ljsFrGNjQWO91V29V9rRt51SKGOPMvK+sYU8Auo5JrzruFP94NyokM2Abv/nYgC4xQB4h4Irxn45v2d7hQQxxDNrzCNs+KqReCiIpIBIW3/iVlTSfY5a4ORurIcHPap+b7bt/25fasHw8zp0AurQQHTQIoqWkoUoKZMJhdbofETceMEyhngnivTBdqp3O/V32ROUd91uV7l3nzGN8wC0nBM4aQSI92WuhGkF9hBg48TxZOL2Y0IpjIBonOgJj4mychGGObBFptyaC7jIzSfviobsf/eDXm0cgGPs/dzv4w5B1GX+nmPEudGzyb79A9B9c8C7S/y0y5UK2J0piz1AYZ8M4Kny8RgTzomspoIFpkrIU7aVyPRYzQjQmhEmW06Arsn0f8dSpGikZDo8NyKIYI1ZWKbLDHqIiC4QUMrAPiB2vVUViBCzhh2k0Z02i5SgUxci9xKpLYuNZx92D74E0om2ulUvmcMzEwhwJLQJkFWI8U6McRUFrqPZ96riMbGpPM/nZlc5mSYAdwxM9wHNMUbJE+BFmDaOkIk+8q7RJ4wwx/My3Vy5NweGhOn53zHQHZauh38PGRAdM+SYMinJlXj9RI81jrDUOCjv9oE29gA0DP5P7phTzmX7jKntLrVkQNfi3X2RcywmsqOfNTQQyC0cufvQCAjIjsfSX1BookTYv13o3TZObBCG1nImc9thalAY2YhIZtMxpsYcW/j7H452IZiKWBTkU57CyHOWzAbp7PmgBuynnnDCZL5kmY7Y8CXDfBEiR4AUbShBm83buk1poxfdAI866gAIlOZykxAq0d+tvV47iaHzGTElH8UoCO1D1sM7Im6YsSHIJkapo8haotRBpOmo9qB8PvL+7PpcjJVa92W15wXdffu0Y4zTT1xHGVCkHawRGFcW7xIv7QLcXcAqIyXfMaY6ZZCRc9LyA1Y6dMUKmA658LjXA9tn+qchA6QhA45DlhkGpd2ck5iMbAaA/HzzeUVxb57pPejp3jcDHi7au1jw1NztWA93rLycu82YfSSwv6Vk7vi5EjP2YMYto8VEeXcfpXGfzXKmvJxjwmPjRVP+1fsoyc8sxMxkiLhkpgWTLCTSARMOQTKPgoLUQcAykWnHJrj3ee7GKbqjUps8tkWDNihc4KOIJ6FaiBpANiKoAWokyhqIToAASOuQJ3tUXcbOacF0pvUYYO7Tt5WJzeV5RUn9xxpwryHHLqYSJ8qrY4x32L/r/xwmmOaYuxYy/cGxPmiY6KPmmGSOaQ6BzI8A6TAbOXeb4TEkA5oy0m/d18oyTpTd93mv9zk/3z5W96C8/LaWn4H7F1oB+40O5UrVU8KtXUCeKyGPsccpZfRYuXqsjD4FgGO2jkO7SIt7FclToLtLRGXO8fjHNliGCAaCQkCWAANtq84IKAQwBFjNFQITwaTpxlbopaErIg0BTXKODETkATSiik0PIiFI6H10ZY+Nw3nZKWWYrUwcc9+fx/qmQ9eoOHGbKeOHHKsBxp2aYqZfGSeY5JA5jQFhyLDKnIIW2C+Zaar3OSwB53qgOba6T9RgwPgMLwYMeYqxR+x25poq38qXI4A8AN13HoTH7rfv7zSyMO4jftnXOxojgD41zsQTx5gCpSFbHjPpGGPyU9GHwyzhXcCey/6dsow0E89h6jUCpkVyw+c6trjwyAaORkrjcs4dvexgs/suev1+IDCueD3PPOkY6I4da8zwfxgcP6aEHWO2OZ/ksfJvLsR+yid5mEo0Zf8IjIt6MAJ0cUfZexfbv5+S/5c9aL4doPtu7+me+zXcA1BlhE2c9wSkPRbFfe5/P6Ye2OO+OTaUY0e7wP48t9lVQZgSSNHIJmbI6HdtQNr3Yh8rzvO8nrRHmyIH6vuWeXcBp9zHZ4F2MJWxMZnzOidhR3kRI/cbExLtA0LDvu0+qmXBeL8XE+CYe47Y4/nu8/7Jfaw770qAfKcuD0D37QHi+13MpoRUb3WT/+0saYyZI5xHpYoJEDnPc5L7eL48sYHa5/HuIyai+3gd+puGXKDGeS9xj03jPq/NPmIs2YM9y56Lv2C3tWTuGHKfn2nZsRmmN/GZf8uZ1Nu8nj24PADddxWAf7n8L3nwIX7HL/S76DX/SmZLXzH9xgeXB6D74PLg8uDyzm6iCOcbmxv7P+dpXTwAqAeXd/WFH7wEDy4PLg8uDy4PLg8u78yF3oaewIPLg8uDy4PLg8uDy4NL5vL/DwCo/8acogC23wAAAABJRU5ErkJggg==","provType":"MONITORING","date":"2018-03-12T13:37:03.121Z"}}},"provision.device.location":{"_value":{"_current":{"value":{"position":{"type":"Point","coordinates":[-5.84747,43.61222]}},"provType":"MONITORING","date":"2018-03-12T13:37:03.028Z"}}},"provision.device.name":{"_value":{"_current":{"value":"tow","provType":"MONITORING","date":"2018-03-12T13:37:03.096Z"}}},"provision.device.operationalStatus":{"_value":{"_current":{"value":"NORMAL","provType":"MONITORING","date":"2018-03-12T13:37:03.196Z"}}},"provision.device.serialNumber":{"_value":{"_current":{"value":"Gsm123","provType":"IDENTIFIER","date":"2018-03-12T13:37:03.119Z"}}},"provision.device.specificType":{"_value":{"_current":{"value":"VEHICLE","provType":"MONITORING","date":"2018-03-12T13:37:03.203Z"}}},"resourceType":{"_value":{"_current":{"value":"entity.device","provType":"IDENTIFIER","date":"2018-03-12T11:02:46.919Z"}}}}],"page":{"number":1}},"statusCode":200}
  [32m✔ Then response code should be: 200[39m
  [32m✔ Then does not throws an error[39m

  [36m@searching @searching_entities @select-fields[39m
  Scenario: I want to obtain the summary
  [32m✔ Given an apikey user by "require-real-apikey"[39m
  [32m✔ And an ogapi "entities search" util[39m
  [32m✔ When I build it with summary response[39m
{"filter":{},"limit":{"size":1000,"start":1}}
  [32m✔ And I execute it[39m
RESPONSE_: {"data":{"summary":{"count":15,"summaryGroup":[{"provision.administration.channel":{"count":15,"list":[{"count":1,"name":"base_channel"},{"count":14,"name":"default_channel"}]}},{"provision.administration.organization":{"count":15,"list":[{"count":1,"name":"base_organization"},{"count":12,"name":"chemacorp"},{"count":1,"name":"organization_UX"},{"count":1,"name":"entities_organization_searching"}]}}]}},"statusCode":200}
  [32m✔ Then response code should be: 200[39m
  [32m✔ Then does not throws an error[39m

  [36m@searching @searching_entities @select-fields[39m
  Scenario: I want to download csv
  [32m✔ Given an apikey user by "require-real-apikey"[39m
  [32m✔ And an ogapi "entities search" util with "entities_organization_searching"[39m
  [32m✔ When I add a filter and with[39m
      | [32moperator[39m | [32mkey                                  [39m | [32mvalue                          [39m |
      | [32meq      [39m | [32mprovision.administration.organization[39m | [32mentities_organization_searching[39m |
  [32m✔ When I build it with select...[39m
      | [32mdatastreamId                        [39m | [32mfields                                  [39m |
      | [32mprovision.device.administrativeState[39m | [32m[{"field" : "value", "alias": "state"} ][39m |
  [32m✔ And I download csv it[39m
RESPONSE_: {"data":{"req":{"method":"POST","url":"https://172.19.18.132:8444/v80/search/entities","data":{"filter":{"and":[{"eq":{"provision.administration.organization":"entities_organization_searching"}}]},"select":[{"name":"provision.device.administrativeState","fields":[{"field":"value","alias":"state"}]}]},"headers":{"user-agent":"node-superagent/2.3.0","content-type":"application/json","x-apikey":"2829be88-a7d7-4f51-aefc-3cc2385b6506","accept":"text/plain"}},"header":{"connection":"close","date":"Mon, 12 Mar 2018 14:56:56 GMT","strict-transport-security":"max-age=2000; includeSubDomains","set-cookie":["JSESSIONID=node01k57sj2znt67750ceen9yypb33610.node0;Path=/;Secure"],"expires":"Thu, 01 Jan 1970 00:00:00 GMT","content-disposition":"attachment; filename=result.csv","content-type":"text/plain","content-length":"13","server":"Jetty(9.4.0.v20161208)"},"status":200,"text":"state\nACTIVE\n"},"statusCode":200}
  [32m✔ Then response code should be: 200[39m
  [32m✔ Then does not throws an error[39m
  [32m✔ Then the content of file "search.csv" must be:[39m
      [32m"""
      state
      ACTIVE

      """[39m

  [36m@searching @searching_entities @select-fields[39m
  Scenario: I want to delete the entity
  [32m✔ Given an apikey user by "require-real-apikey"[39m
  [32m✔ Given the entity of type "devices builder" with "entities_organization_searching"[39m
  [32m✔ When I try to define the entity with...[39m
      | [32mdatastream                 [39m | [32mtypeFunction[39m | [32mvalue            [39m | [32mparent[39m |
      | [32mprovision.device.identifier[39m | [32msimple      [39m | [32mentity_ogapi_srch[39m | [32m      [39m |
  [32m✔ And I delete it[39m
RESPONSE_: {"statusCode":200}
  [32m✔ Then response code should be: 200[39m

  [36m@searching @searching_entities @select-fields[39m
  Scenario: Deleting an organization
  [32m✔ Given an apikey user by "require-real-apikey"[39m
  [32m✔ Given an ogapi "organizations builder" util[39m
  [32m✔ Then I want to delete an "organization"[39m
name
delete
organization
withName
  [32m✔ And the "name" "entities_organization_searching"[39m
  [32m✔ Then I delete it[39m
RESPONSE_: {"statusCode":200}
  [32m✔ And response code should be: 200[39m

[36m@searching @searching_subscribers[39m
Feature: Searching subscribers

    As a user of JsApi
    I want to search into subscribers collection
    So I can add filter, sorting, limit to search any subscriber

  [36m@searching @searching_subscribers[39m
  Scenario: Execute searching with a timeout less than expected
  [32m✔ Given an apikey user by "require-real-apikey"[39m
  [32m✔ And an ogapi "subscribers search" util[39m
  [32m✔ And the timeout by 10[39m
  [32m✔ When I build it[39m
  [32m✔ And I execute it[39m
RESPONSE_: {"statusCode":408,"data":"timeout of 10ms exceeded"}
  [32m✔ Then response code should be: 408[39m

  [36m@searching @searching_subscribers[39m
  Scenario: Execute searching with a invalid start limit
  [32m✔ Given an apikey user by "require-real-apikey"[39m
  [32m✔ And an ogapi "subscribers search" util[39m
  [32m✔ And the start limit by "null" and size limit by "5"[39m
  [32m✔ When I build it[39m
  [32m✔ And I execute it[39m
  [32m✔ Then does not throws an error[39m

  [36m@searching @searching_subscribers[39m
  Scenario: Execute searching with a flattened response
  [32m✔ Given an apikey user by "require-real-apikey"[39m
  [32m✔ And an ogapi "subscribers search" util[39m
  [32m✔ When I build it with flattened response[39m
  [32m✔ And I execute it[39m
  [32m✔ Then does not throws an error[39m

[36m@searching @searching_subscriptions[39m
Feature: Searching subscriptions

    As a user of JsApi
    I want to search into subscriptions collection
    So I can add filter, sorting, limit to search any subscription

  [36m@searching @searching_subscriptions[39m
  Scenario: Execute searching with a timeout less than expected
  [32m✔ Given an apikey user by "require-real-apikey"[39m
  [32m✔ And an ogapi "subscriptions search" util[39m
  [32m✔ And the timeout by 10[39m
  [32m✔ When I build it[39m
  [32m✔ And I execute it[39m
RESPONSE_: {"statusCode":408,"data":"timeout of 10ms exceeded"}
  [32m✔ Then response code should be: 408[39m

  [36m@searching @searching_subscriptions[39m
  Scenario: Execute searching with a invalid start limit
  [32m✔ Given an apikey user by "require-real-apikey"[39m
  [32m✔ And an ogapi "subscriptions search" util[39m
  [32m✔ And the start limit by "null" and size limit by "5"[39m
  [32m✔ When I build it[39m
  [32m✔ And I execute it[39m
  [32m✔ Then does not throws an error[39m

  [36m@searching @searching_subscriptions[39m
  Scenario: Execute searching with a flattened response
  [32m✔ Given an apikey user by "require-real-apikey"[39m
  [32m✔ And an ogapi "subscriptions search" util[39m
  [32m✔ When I build it with flattened response[39m
  [32m✔ And I execute it[39m
  [32m✔ Then does not throws an error[39m

[36m@searching @searching_tickets @ticket[39m
Feature: Searching tickets

  As a user of JsApi
  I want to search into tickets collection
  So I can add filter, sorting, limit, select to search any device

  [36m@searching @searching_tickets @ticket[39m
  Scenario: Execute searching with a timeout less than expected
  [32m✔ Given an apikey user by "require-real-apikey"[39m
  [32m✔ And an ogapi "ticket search" util[39m
  [32m✔ And the timeout by 10[39m
  [32m✔ When I build it[39m
  [32m✔ And I execute it[39m
RESPONSE_: {"statusCode":408,"data":"timeout of 10ms exceeded"}
  [32m✔ Then response code should be: 408[39m

  [36m@searching @searching_tickets @ticket[39m
  Scenario: Creating an organization to use in create device
  [32m✔ Given an apikey user by "require-real-apikey"[39m
  [32m✔ Given an ogapi "organizations builder" util[39m
  [32m✔ Then I want to create an "organization"[39m
name
create
organization
withName
  [32m✔ And the "name" "ticket_organization_searching"[39m
description
create
organization
withDescription
  [32m✔ And the "description" "ticket organization"[39m
country code
create
organization
withCountryCode
  [32m✔ And the "country code" "ES"[39m
lang code
create
organization
withLangCode
  [32m✔ And the "lang code" "es"[39m
time zone
create
organization
withTimeZone
  [32m✔ And the "time zone" "Europe/Andorra"[39m
  [32m✔ And the "zoom" 10[39m
  [32m✔ And the "location" with 1 and 1[39m
  [32m✔ Then I create it[39m
RESPONSE_: {"location":"https://172.19.18.132:8444/v80/provision/organizations/ticket_organization_searching","statusCode":201}
  [32m✔ And response code should be: 201[39m

  [36m@searching @searching_tickets @ticket[39m
  Scenario: I want to create an asset to asociate it with the ticket
  [32m✔ Given an apikey user by "require-real-apikey"[39m
  [32m✔ Given the entity of type "asset builder" with "ticket_organization_searching"[39m
  [32m✔ And I get allowed Datastreams fields[39m
  [32m✔ And I can found "provision.asset.identifier" as datastream name[39m
  [32m✔ When I try to define the entity with...[39m
      | [32mdatastream                           [39m | [32mtypeFunction[39m | [32mvalue                        [39m | [32mparent[39m |
      | [32mprovision.administration.channel     [39m | [32msimple      [39m | [32mdefault_channel              [39m | [32m      [39m |
      | [32mprovision.administration.organization[39m | [32msimple      [39m | [32mticket_organization_searching[39m | [32m      [39m |
      | [32mprovision.administration.serviceGroup[39m | [32msimple      [39m | [32memptyServiceGroup            [39m | [32m      [39m |
      | [32mprovision.asset.identifier           [39m | [32msimple      [39m | [32masset_to_ticket              [39m | [32m      [39m |
  [32m✔ Then I delete it[39m
CREATEOK: {"req":{"method":"POST","url":"https://172.19.18.132:8444/v80/provision/organizations/ticket_organization_searching/entities?flattened=true","data":{"provision.administration.channel":{"_value":{"_current":{"value":"default_channel"}}},"provision.administration.organization":{"_value":{"_current":{"value":"ticket_organization_searching"}}},"provision.administration.serviceGroup":{"_value":{"_current":{"value":"emptyServiceGroup"}}},"provision.asset.identifier":{"_value":{"_current":{"value":"asset_to_ticket"}}},"resourceType":{"_value":{"_current":{"value":"entity.asset"}}}},"headers":{"user-agent":"node-superagent/2.3.0","content-type":"application/json","x-apikey":"2829be88-a7d7-4f51-aefc-3cc2385b6506"}},"header":{"connection":"close","date":"Mon, 12 Mar 2018 14:57:09 GMT","strict-transport-security":"max-age=2000; includeSubDomains","set-cookie":["JSESSIONID=node0xaubt09tmzr5gerf2l5ngbpa3621.node0;Path=/;Secure"],"expires":"Thu, 01 Jan 1970 00:00:00 GMT","location":"https://172.19.18.132:8444/v80/provision/organizations/ticket_organization_searching/entities/asset_to_ticket","server":"Jetty(9.4.0.v20161208)"},"status":201,"text":""}
  [32m✔ Then I create it[39m
RESPONSE_: {"location":"https://172.19.18.132:8444/v80/provision/organizations/ticket_organization_searching/entities/asset_to_ticket","statusCode":201}
  [32m✔ And response code should be: 201[39m

  [36m@searching @searching_tickets @ticket[39m
  Scenario: I want to create a ticket
  [32m✔ Given an apikey user by "require-real-apikey"[39m
  [32m✔ Given the entity of type "tickets builder" with "ticket_organization_searching"[39m
  [32m✔ Then I get allowed Datastreams fields[39m
  [32m✔ And I can found "provision.ticket.description" as datastream name[39m
  [32m✔ When I try to define the ticket with...[39m
      | [32mdatastream                           [39m | [32mtypeFunction[39m | [32mvalue                        [39m | [32mparent[39m |
      | [32mprovision.administration.organization[39m | [32msimple      [39m | [32mticket_organization_searching[39m | [32m      [39m |
      | [32mprovision.administration.identifier  [39m | [32msimple      [39m | [32mticket_cucumber              [39m | [32m      [39m |
      | [32mprovision.ticket.name                [39m | [32msimple      [39m | [32mticket_cucumber_search       [39m | [32m      [39m |
      | [32mprovision.ticket.description         [39m | [32msimple      [39m | [32mTEST                         [39m | [32m      [39m |
      | [32mprovision.ticket.type                [39m | [32msimple      [39m | [32mINCIDENT                     [39m | [32m      [39m |
      | [32mprovision.ticket.severity            [39m | [32msimple      [39m | [32mCRITICAL                     [39m | [32m      [39m |
      | [32mprovision.ticket.priority            [39m | [32msimple      [39m | [32mCRITICAL                     [39m | [32m      [39m |
      | [32mprovision.ticket.reporter            [39m | [32msimple      [39m | [32masset_to_ticket              [39m | [32m      [39m |
      | [32mprovision.ticket.status              [39m | [32msimple      [39m | [32mCREATED                      [39m | [32m      [39m |
      | [32mprovision.ticket.reporterDate        [39m | [32msimple      [39m | [32m2018-02-15T11:06:29.179Z     [39m | [32m      [39m |
  [32m✔ Then I delete it[39m
  [32m✔ And I create it[39m
RESPONSE_: {"location":"https://172.19.18.132:8444/v80/provision/organizations/ticket_organization_searching/tickets/e6beb6f5-1083-4c15-bf7a-667bf9c74161","statusCode":201}
  [32m✔ And response code should be: 201[39m

  [36m@searching @searching_tickets @ticket[39m
  Scenario: Execute searching with a invalid start limit
  [32m✔ Given an apikey user by "require-real-apikey"[39m
  [32m✔ And an ogapi "ticket search" util[39m
  [32m✔ And the start limit by "null" and size limit by "5"[39m
  [32m✔ When I build it[39m
  [32m✔ And I execute it[39m
RESPONSE_: {"data":{"page":{"number":1},"tickets":[{"resourceType":{"_current":{"value":"ticket","provType":"IDENTIFIER","date":"2018-03-12T11:25:16.211Z"}},"provision":{"ticket":{"identifier":{"_current":{"value":"fe23847c-bfd0-4818-aa94-9b04d088d912","provType":"MONITORING","date":"2018-03-12T11:25:15.807Z"}},"owner":{"_current":{"value":"admin.domain@amplia.es","provType":"MONITORING","date":"2018-03-12T11:25:16.202Z"}},"creationDate":{"_current":{"value":"2018-03-12T11:25:16.2Z","provType":"MONITORING","date":"2018-03-12T11:25:16.2Z"}},"priority":{"_current":{"value":"MAJOR","provType":"MONITORING","date":"2018-03-12T11:25:15.905Z"}},"name":{"_current":{"value":"test","provType":"MONITORING","date":"2018-03-12T11:25:15.804Z"}},"type":{"_current":{"value":"WORKORDER","provType":"MONITORING","date":"2018-03-12T11:25:15.811Z"}},"reporterDate":{"_current":{"value":"2018-03-12T11:25:03.366Z","provType":"MONITORING","date":"2018-03-12T11:25:15.901Z"}},"severity":{"_current":{"value":"CRITICAL","provType":"MONITORING","date":"2018-03-12T11:25:15.718Z"}},"status":{"_current":{"value":"CREATED","provType":"MONITORING","date":"2018-03-12T11:25:15.802Z"}},"specificType":{"_current":{"value":"TEST","provType":"MONITORING","date":"2018-03-12T11:25:15.814Z"}},"reporter":{"_current":{"value":"test.location","provType":"MONITORING","date":"2018-03-12T11:25:15.799Z"}}},"administration":{"identifier":{"_current":{"value":"fe23847c-bfd0-4818-aa94-9b04d088d912","provType":"MONITORING","date":"2018-03-12T11:25:15.712Z"}},"organization":{"_current":{"value":"base_organization","provType":"MONITORING","date":"2018-03-12T11:25:15.709Z"}}}}},{"resourceType":{"_current":{"value":"ticket","provType":"IDENTIFIER","date":"2018-03-12T12:14:34.7Z"}},"provision":{"ticket":{"identifier":{"_current":{"value":"479d954a-02ad-4168-8fab-bcbaf2fd8c11","provType":"MONITORING","date":"2018-03-12T13:10:59.441Z"}},"priority":{"_current":{"value":"MAJOR","provType":"MONITORING","date":"2018-03-12T13:10:59.498Z"}},"specificType":{"_current":{"value":"INSTALLATION","provType":"MONITORING","date":"2018-03-12T13:10:59.443Z"}},"owner":{"_current":{"value":"admin.domain@amplia.es","provType":"MONITORING","date":"2018-03-12T13:10:59.708Z"}},"name":{"_current":{"value":"test.tab.location","provType":"MONITORING","date":"2018-03-12T13:10:59.458Z"}},"status":{"_current":{"value":"CREATED","provType":"MONITORING","date":"2018-03-12T13:10:59.457Z"}},"reporter":{"_current":{"value":"test.location","provType":"MONITORING","date":"2018-03-12T13:10:59.454Z"}},"type":{"_current":{"value":"WORKORDER","provType":"MONITORING","date":"2018-03-12T13:10:59.46Z"}},"severity":{"_current":{"value":"CRITICAL","provType":"MONITORING","date":"2018-03-12T13:10:59.446Z"}},"updatedDate":{"_current":{"value":"2018-03-12T13:10:59.708Z","provType":"MONITORING","date":"2018-03-12T13:10:59.708Z"}},"creationDate":{"_current":{"value":"2018-03-12T12:14:34.699Z","provType":"MONITORING","date":"2018-03-12T12:14:34.699Z"}}},"administration":{"identifier":{"_current":{"value":"479d954a-02ad-4168-8fab-bcbaf2fd8c11","provType":"MONITORING","date":"2018-03-12T13:10:59.5Z"}},"organization":{"_current":{"value":"base_organization","provType":"MONITORING","date":"2018-03-12T13:10:59.502Z"}}},"test":{"location":{"_current":{"value":{"position":{"coordinates":[0,0],"type":"Point"}},"provType":"MONITORING","date":"2018-03-12T13:10:59.505Z"}}}}},{"resourceType":{"_current":{"value":"ticket","provType":"IDENTIFIER","date":"2018-03-12T14:57:12.642Z"}},"provision":{"ticket":{"identifier":{"_current":{"value":"e6beb6f5-1083-4c15-bf7a-667bf9c74161","provType":"MONITORING","date":"2018-03-12T14:57:12.531Z"}},"description":{"_current":{"value":"TEST","provType":"MONITORING","date":"2018-03-12T14:57:12.529Z"}},"owner":{"_current":{"value":"root@amplia.es","provType":"MONITORING","date":"2018-03-12T14:57:12.642Z"}},"status":{"_current":{"value":"CREATED","provType":"MONITORING","date":"2018-03-12T14:57:12.525Z"}},"reporterDate":{"_current":{"value":"2018-02-15T11:06:29.179Z","provType":"MONITORING","date":"2018-03-12T14:57:12.517Z"}},"priority":{"_current":{"value":"CRITICAL","provType":"MONITORING","date":"2018-03-12T14:57:12.544Z"}},"name":{"_current":{"value":"ticket_cucumber_search","provType":"MONITORING","date":"2018-03-12T14:57:12.519Z"}},"type":{"_current":{"value":"INCIDENT","provType":"MONITORING","date":"2018-03-12T14:57:12.527Z"}},"reporter":{"_current":{"value":"asset_to_ticket","provType":"MONITORING","date":"2018-03-12T14:57:12.541Z"}},"creationDate":{"_current":{"value":"2018-03-12T14:57:12.642Z","provType":"MONITORING","date":"2018-03-12T14:57:12.642Z"}},"severity":{"_current":{"value":"CRITICAL","provType":"MONITORING","date":"2018-03-12T14:57:12.523Z"}}},"administration":{"identifier":{"_current":{"value":"e6beb6f5-1083-4c15-bf7a-667bf9c74161","provType":"MONITORING","date":"2018-03-12T14:57:12.514Z"}},"organization":{"_current":{"value":"ticket_organization_searching","provType":"MONITORING","date":"2018-03-12T14:57:12.511Z"}}}}}]},"statusCode":200}
  [32m✔ Then response code should be: 200[39m
  [32m✔ Then does not throws an error[39m

  [36m@searching @searching_tickets @ticket[39m
  Scenario: Execute searching with a flattened response
  [32m✔ Given an apikey user by "require-real-apikey"[39m
  [32m✔ And an ogapi "ticket search" util[39m
  [32m✔ When I build it with flattened response[39m
  [32m✔ And I execute it[39m
RESPONSE_: {"data":{"tickets":[{"provision.administration.identifier":{"_value":{"_current":{"value":"fe23847c-bfd0-4818-aa94-9b04d088d912","provType":"MONITORING","date":"2018-03-12T11:25:15.712Z"}}},"provision.administration.organization":{"_value":{"_current":{"value":"base_organization","provType":"MONITORING","date":"2018-03-12T11:25:15.709Z"}}},"provision.ticket.creationDate":{"_value":{"_current":{"value":"2018-03-12T11:25:16.2Z","provType":"MONITORING","date":"2018-03-12T11:25:16.2Z"}}},"provision.ticket.identifier":{"_value":{"_current":{"value":"fe23847c-bfd0-4818-aa94-9b04d088d912","provType":"MONITORING","date":"2018-03-12T11:25:15.807Z"}}},"provision.ticket.name":{"_value":{"_current":{"value":"test","provType":"MONITORING","date":"2018-03-12T11:25:15.804Z"}}},"provision.ticket.owner":{"_value":{"_current":{"value":"admin.domain@amplia.es","provType":"MONITORING","date":"2018-03-12T11:25:16.202Z"}}},"provision.ticket.priority":{"_value":{"_current":{"value":"MAJOR","provType":"MONITORING","date":"2018-03-12T11:25:15.905Z"}}},"provision.ticket.reporter":{"_value":{"_current":{"value":"test.location","provType":"MONITORING","date":"2018-03-12T11:25:15.799Z"}}},"provision.ticket.reporterDate":{"_value":{"_current":{"value":"2018-03-12T11:25:03.366Z","provType":"MONITORING","date":"2018-03-12T11:25:15.901Z"}}},"provision.ticket.severity":{"_value":{"_current":{"value":"CRITICAL","provType":"MONITORING","date":"2018-03-12T11:25:15.718Z"}}},"provision.ticket.specificType":{"_value":{"_current":{"value":"TEST","provType":"MONITORING","date":"2018-03-12T11:25:15.814Z"}}},"provision.ticket.status":{"_value":{"_current":{"value":"CREATED","provType":"MONITORING","date":"2018-03-12T11:25:15.802Z"}}},"provision.ticket.type":{"_value":{"_current":{"value":"WORKORDER","provType":"MONITORING","date":"2018-03-12T11:25:15.811Z"}}},"resourceType":{"_value":{"_current":{"value":"ticket","provType":"IDENTIFIER","date":"2018-03-12T11:25:16.211Z"}}}},{"provision.administration.identifier":{"_value":{"_current":{"value":"479d954a-02ad-4168-8fab-bcbaf2fd8c11","provType":"MONITORING","date":"2018-03-12T13:10:59.5Z"}}},"provision.administration.organization":{"_value":{"_current":{"value":"base_organization","provType":"MONITORING","date":"2018-03-12T13:10:59.502Z"}}},"provision.test.location":{"_value":{"_current":{"value":{"position":{"coordinates":[0,0],"type":"Point"}},"provType":"MONITORING","date":"2018-03-12T13:10:59.505Z"}}},"provision.ticket.creationDate":{"_value":{"_current":{"value":"2018-03-12T12:14:34.699Z","provType":"MONITORING","date":"2018-03-12T12:14:34.699Z"}}},"provision.ticket.identifier":{"_value":{"_current":{"value":"479d954a-02ad-4168-8fab-bcbaf2fd8c11","provType":"MONITORING","date":"2018-03-12T13:10:59.441Z"}}},"provision.ticket.name":{"_value":{"_current":{"value":"test.tab.location","provType":"MONITORING","date":"2018-03-12T13:10:59.458Z"}}},"provision.ticket.owner":{"_value":{"_current":{"value":"admin.domain@amplia.es","provType":"MONITORING","date":"2018-03-12T13:10:59.708Z"}}},"provision.ticket.priority":{"_value":{"_current":{"value":"MAJOR","provType":"MONITORING","date":"2018-03-12T13:10:59.498Z"}}},"provision.ticket.reporter":{"_value":{"_current":{"value":"test.location","provType":"MONITORING","date":"2018-03-12T13:10:59.454Z"}}},"provision.ticket.severity":{"_value":{"_current":{"value":"CRITICAL","provType":"MONITORING","date":"2018-03-12T13:10:59.446Z"}}},"provision.ticket.specificType":{"_value":{"_current":{"value":"INSTALLATION","provType":"MONITORING","date":"2018-03-12T13:10:59.443Z"}}},"provision.ticket.status":{"_value":{"_current":{"value":"CREATED","provType":"MONITORING","date":"2018-03-12T13:10:59.457Z"}}},"provision.ticket.type":{"_value":{"_current":{"value":"WORKORDER","provType":"MONITORING","date":"2018-03-12T13:10:59.46Z"}}},"provision.ticket.updatedDate":{"_value":{"_current":{"value":"2018-03-12T13:10:59.708Z","provType":"MONITORING","date":"2018-03-12T13:10:59.708Z"}}},"resourceType":{"_value":{"_current":{"value":"ticket","provType":"IDENTIFIER","date":"2018-03-12T12:14:34.7Z"}}}},{"provision.administration.identifier":{"_value":{"_current":{"value":"e6beb6f5-1083-4c15-bf7a-667bf9c74161","provType":"MONITORING","date":"2018-03-12T14:57:12.514Z"}}},"provision.administration.organization":{"_value":{"_current":{"value":"ticket_organization_searching","provType":"MONITORING","date":"2018-03-12T14:57:12.511Z"}}},"provision.ticket.creationDate":{"_value":{"_current":{"value":"2018-03-12T14:57:12.642Z","provType":"MONITORING","date":"2018-03-12T14:57:12.642Z"}}},"provision.ticket.description":{"_value":{"_current":{"value":"TEST","provType":"MONITORING","date":"2018-03-12T14:57:12.529Z"}}},"provision.ticket.identifier":{"_value":{"_current":{"value":"e6beb6f5-1083-4c15-bf7a-667bf9c74161","provType":"MONITORING","date":"2018-03-12T14:57:12.531Z"}}},"provision.ticket.name":{"_value":{"_current":{"value":"ticket_cucumber_search","provType":"MONITORING","date":"2018-03-12T14:57:12.519Z"}}},"provision.ticket.owner":{"_value":{"_current":{"value":"root@amplia.es","provType":"MONITORING","date":"2018-03-12T14:57:12.642Z"}}},"provision.ticket.priority":{"_value":{"_current":{"value":"CRITICAL","provType":"MONITORING","date":"2018-03-12T14:57:12.544Z"}}},"provision.ticket.reporter":{"_value":{"_current":{"value":"asset_to_ticket","provType":"MONITORING","date":"2018-03-12T14:57:12.541Z"}}},"provision.ticket.reporterDate":{"_value":{"_current":{"value":"2018-02-15T11:06:29.179Z","provType":"MONITORING","date":"2018-03-12T14:57:12.517Z"}}},"provision.ticket.severity":{"_value":{"_current":{"value":"CRITICAL","provType":"MONITORING","date":"2018-03-12T14:57:12.523Z"}}},"provision.ticket.status":{"_value":{"_current":{"value":"CREATED","provType":"MONITORING","date":"2018-03-12T14:57:12.525Z"}}},"provision.ticket.type":{"_value":{"_current":{"value":"INCIDENT","provType":"MONITORING","date":"2018-03-12T14:57:12.527Z"}}},"resourceType":{"_value":{"_current":{"value":"ticket","provType":"IDENTIFIER","date":"2018-03-12T14:57:12.642Z"}}}}],"page":{"number":1}},"statusCode":200}
  [32m✔ Then response code should be: 200[39m
  [32m✔ Then does not throws an error[39m

  [36m@searching @searching_tickets @ticket[39m
  Scenario: I want to obtain the summary
  [32m✔ Given an apikey user by "require-real-apikey"[39m
  [32m✔ And an ogapi "ticket search" util[39m
  [32m✔ When I build it with summary response[39m
  [32m✔ And I execute it[39m
RESPONSE_: {"data":{"summary":{"count":3,"summaryGroup":[{"provision.administration.organization":{"count":3,"list":[{"count":2,"name":"base_organization"},{"count":1,"name":"ticket_organization_searching"}]}}]}},"statusCode":200}
  [32m✔ Then response code should be: 200[39m
  [32m✔ Then does not throws an error[39m

  [36m@searching @searching_tickets @ticket[39m
  Scenario: I want to download csv
  [32m✔ Given an apikey user by "require-real-apikey"[39m
  [32m✔ And an ogapi "ticket search" util with "ticket_organization_searching"[39m
  [32m✔ When I add a filter and with[39m
      | [32moperator[39m | [32mkey                                  [39m | [32mvalue                        [39m |
      | [32meq      [39m | [32mprovision.administration.organization[39m | [32mticket_organization_searching[39m |
      | [32meq      [39m | [32mprovision.ticket.name                [39m | [32mticket_cucumber_search       [39m |
  [32m✔ When I build it with select...[39m
      | [32mdatastreamId         [39m | [32mfields                                 [39m |
      | [32mprovision.ticket.name[39m | [32m[{"field" : "value", "alias": "name"} ][39m |
  [32m✔ And I download csv it[39m
RESPONSE_: {"data":{"req":{"method":"POST","url":"https://172.19.18.132:8444/v80/search/tickets","data":{"filter":{"and":[{"eq":{"provision.administration.organization":"ticket_organization_searching"}},{"eq":{"provision.ticket.name":"ticket_cucumber_search"}}]},"select":[{"name":"provision.ticket.name","fields":[{"field":"value","alias":"name"}]}]},"headers":{"user-agent":"node-superagent/2.3.0","content-type":"application/json","x-apikey":"2829be88-a7d7-4f51-aefc-3cc2385b6506","accept":"text/plain"}},"header":{"connection":"close","date":"Mon, 12 Mar 2018 14:57:13 GMT","strict-transport-security":"max-age=2000; includeSubDomains","set-cookie":["JSESSIONID=node0mnroxq2h77oq1rx20frcs5xqx3627.node0;Path=/;Secure"],"expires":"Thu, 01 Jan 1970 00:00:00 GMT","content-disposition":"attachment; filename=result.csv","content-type":"text/plain","content-length":"28","server":"Jetty(9.4.0.v20161208)"},"status":200,"text":"name\nticket_cucumber_search\n"},"statusCode":200}
  [32m✔ Then response code should be: 200[39m
  [32m✔ Then does not throws an error[39m
  [32m✔ Then the content of file "search.csv" must be:[39m
      [32m"""
      name
      ticket_cucumber_search

      """[39m

  [36m@searching @searching_tickets @ticket[39m
  Scenario: I want to delete the ticket CREATED
  [32m✔ Given an apikey user by "require-real-apikey"[39m
  [32m✔ And an ogapi "ticket search" util with "ticket_organization_searching"[39m
  [32m✔ When I add a filter and with[39m
      | [32moperator[39m | [32mkey                                  [39m | [32mvalue                        [39m |
      | [32meq      [39m | [32mprovision.administration.organization[39m | [32mticket_organization_searching[39m |
      | [32meq      [39m | [32mprovision.ticket.name                [39m | [32mticket_cucumber_search       [39m |
  [32m✔ When I build it[39m
  [32m✔ And I execute it[39m
RESPONSE_: {"data":{"page":{"number":1},"tickets":[{"resourceType":{"_current":{"value":"ticket","provType":"IDENTIFIER","date":"2018-03-12T14:57:12.642Z"}},"provision":{"ticket":{"identifier":{"_current":{"value":"e6beb6f5-1083-4c15-bf7a-667bf9c74161","provType":"MONITORING","date":"2018-03-12T14:57:12.531Z"}},"description":{"_current":{"value":"TEST","provType":"MONITORING","date":"2018-03-12T14:57:12.529Z"}},"owner":{"_current":{"value":"root@amplia.es","provType":"MONITORING","date":"2018-03-12T14:57:12.642Z"}},"status":{"_current":{"value":"CREATED","provType":"MONITORING","date":"2018-03-12T14:57:12.525Z"}},"reporterDate":{"_current":{"value":"2018-02-15T11:06:29.179Z","provType":"MONITORING","date":"2018-03-12T14:57:12.517Z"}},"priority":{"_current":{"value":"CRITICAL","provType":"MONITORING","date":"2018-03-12T14:57:12.544Z"}},"name":{"_current":{"value":"ticket_cucumber_search","provType":"MONITORING","date":"2018-03-12T14:57:12.519Z"}},"type":{"_current":{"value":"INCIDENT","provType":"MONITORING","date":"2018-03-12T14:57:12.527Z"}},"reporter":{"_current":{"value":"asset_to_ticket","provType":"MONITORING","date":"2018-03-12T14:57:12.541Z"}},"creationDate":{"_current":{"value":"2018-03-12T14:57:12.642Z","provType":"MONITORING","date":"2018-03-12T14:57:12.642Z"}},"severity":{"_current":{"value":"CRITICAL","provType":"MONITORING","date":"2018-03-12T14:57:12.523Z"}}},"administration":{"identifier":{"_current":{"value":"e6beb6f5-1083-4c15-bf7a-667bf9c74161","provType":"MONITORING","date":"2018-03-12T14:57:12.514Z"}},"organization":{"_current":{"value":"ticket_organization_searching","provType":"MONITORING","date":"2018-03-12T14:57:12.511Z"}}}}}]},"statusCode":200}
  [32m✔ Then response code should be: 200[39m
  [32m✔ Given the entity of type "tickets builder" with "ticket_organization_searching"[39m
  [32m✔ When I try to define the ticket with...[39m
      | [32mdatastream                           [39m | [32mtypeFunction[39m | [32mvalue                        [39m | [32mparent[39m |
      | [32mprovision.administration.organization[39m | [32msimple      [39m | [32mticket_organization_searching[39m | [32m      [39m |
  [32m✔ When I try to define the datastream ticket "provision.ticket.identifier" with "provision.ticket.identifier._current.value" path of the previous response[39m
  [32m✔ And I delete it[39m
RESPONSE_: {"statusCode":200}
  [32m✔ Then response code should be: 200[39m

  [36m@searching @searching_tickets @ticket[39m
  Scenario: I want to delete the entity
  [32m✔ Given an apikey user by "require-real-apikey"[39m
  [32m✔ Given the entity of type "asset builder" with "ticket_organization_searching"[39m
  [32m✔ When I try to define the entity with...[39m
      | [32mdatastream                [39m | [32mtypeFunction[39m | [32mvalue          [39m | [32mparent[39m |
      | [32mprovision.asset.identifier[39m | [32msimple      [39m | [32masset_to_ticket[39m | [32m      [39m |
  [32m✔ And I delete it[39m
RESPONSE_: {"statusCode":200}
  [32m✔ Then response code should be: 200[39m

  [36m@searching @searching_tickets @ticket[39m
  Scenario: Deleting an organization to use in create device
  [32m✔ Given an apikey user by "require-real-apikey"[39m
  [32m✔ Given an ogapi "organizations builder" util[39m
  [32m✔ Then I want to delete an "organization"[39m
name
delete
organization
withName
  [32m✔ And the "name" "ticket_organization_searching"[39m
  [32m✔ Then I delete it[39m

[36m@hardwares @catalogs @searching @searching_hardwares[39m
Feature: Searching hardwares in catalog

    As a user of JsApi
    I want to search into hardwares catalog
    So I can add filter, sorting, limit to search any hardware

  [36m@hardwares @catalogs @searching @searching_hardwares[39m
  Scenario: Execute searching
  [32m✔ Given an apikey user by "require-real-apikey"[39m
  [32m✔ And an ogapi "hardwares search" util[39m
  [32m✔ Given I want to search a "hardware"[39m
  [32m✔ Given the start limit by "1" and size limit by "500"[39m
  [32m✔ And I build it[39m
  [32m✔ And I execute it[39m
RESPONSE_: {"data":{"manufacturer":[{"name":"ZIV","id":"ZIV","models":[{"name":"USYSCOM 4RCU-104 MULTIBAND","id":"USYSCOM_4RCU-104_MULTIBAND"},{"name":"USYSCOM 4UMM MULTIBAND","id":"USYSCOM_4UMM_MULTIBAND"},{"name":"3EMRG4E21000000A","id":"3EMRG4E21000000A"},{"name":"4UMMG1D0211000EB","id":"4UMMG1D0211000EB"},{"name":"4UMMG1D02110001B","id":"4UMMG1D02110001B"},{"name":"4MDUG1001000100A","id":"4MDUG1001000100A"},{"name":"4CCT","id":"4CCT"},{"name":"5CTM","id":"5CTM"},{"name":"5CTE-E1A","id":"5CTE-E1A"},{"name":"5CTE-E1B","id":"5CTE-E1B"},{"name":"5CTE-E1C","id":"5CTE-E1C"}]},{"name":"ELPRO","id":"ELPRO","models":[{"name":"662C1","id":"662C1"},{"name":"662D11","id":"662D11"}]},{"name":"ITRON","id":"ITRON","models":[{"name":"PLCCMK3","id":"PLCCMK3"},{"name":"ACE4000","id":"ACE4000"},{"name":"THEMIS-ALPHA","id":"THEMIS-ALPHA"}]},{"name":"ACTARIS","id":"ACTARIS","models":[{"name":"ACE6000 TIPO 662D11","id":"ACE6000_TIPO_662D11"},{"name":"SL7000","id":"SL7000"},{"name":"SPARKLINE","id":"SPARKLINE"},{"name":"SPARKLINE RTC","id":"SPARKLINE_RTC"}]},{"name":"ELSTER","id":"ELSTER","models":[{"name":"CIRWATT 405-MT5A","id":"CIRWATT_405-MT5A"},{"name":"CIRWATT 410-UT5C","id":"CIRWATT_410-UT5C"},{"name":"AMC1410","id":"AMC1410"}]},{"name":"NOXIUM","id":"NOXIUM","models":[{"name":"AXOM-T3","id":"AXOM-T3"},{"name":"AXOM-T3 MULTIBAND","id":"AXOM-T3_MULTIBAND"}]},{"name":"UT-NOXIUM","id":"UT-NOXIUM","models":[{"name":"AXOM-T3 MULTIBAND  900E  1800","id":"AXOM-T3 MULTIBAND  900E  1800"},{"name":"AXOM-T3 MULTIBAND 900E 1800","id":"AXOM-T3 MULTIBAND 900E 1800"}]},{"name":"Teldat","id":"Teldat","models":[{"name":"H1","id":"H1"},{"name":"C1m0-001 ","id":"C1m0-001 "}]},{"name":"Circuitor","id":"Circuitor","models":[{"name":"CIRWATT 402-MT5A","id":"CIRWATT_402-MT5A"}]},{"name":"OTROS","id":"OTROS","models":[{"name":"CLIENTE","id":"CLIENTE"}]},{"name":"Sagemcom","id":"Sagemcom","models":[{"name":"ZDUE-GPRS-PLUS IV","id":"ZDUE-GPRS-PLUS IV"},{"name":"XP3000","id":"XP3000"},{"name":"CX1000","id":"CX1000"},{"name":"CX2000","id":"CX2000"}]},{"name":"Sagem","id":"Sagem","models":[{"name":"ZDUE","id":"ZDUE"},{"name":"ZDUE-GPRS-PLUS IV E","id":"ZDUE-GPRS-PLUS IV E"},{"name":"ZDU-GSM-PLUS-IV","id":"ZDU-GSM-PLUS-IV"},{"name":"CX30GT10","id":"CX30GT10"}]},{"name":"WAVECOM","id":"WAVECOM","models":[{"name":"FSU001","id":"FSU001"},{"name":"Q2406B","id":"Q2406B"},{"name":"Q2686H","id":"Q2686H"},{"name":"FASTRACK M1306B","id":"FASTRACK_M1306B"},{"name":"WMO2 900-1800","id":"WMO2_900-1800"},{"name":"WMOD2B","id":"WMOD2B"}]},{"name":"eWON","id":"eWON","models":[{"name":"Flexy 203","id":"Flexy 203"}]},{"name":"MOTOROLA","id":"MOTOROLA","models":[{"name":"G24","id":"G24"}]},{"name":"EDMI","id":"EDMI","models":[{"name":"G6000","id":"G6000"},{"name":"U10","id":"U10"},{"name":"U8","id":"U8"}]},{"name":"Telit","id":"Telit","models":[{"name":"GE910-QUAD","id":"GE910-QUAD"}]},{"name":"Sierra Wireless","id":"Sierra_Wireless","models":[{"name":"GL6100 Product","id":"GL6100_Product"}]},{"name":"SIEMENS","id":"SIEMENS","models":[{"name":"TC65i","id":"TC65i"},{"name":"MC35i","id":"MC35i"},{"name":"TC65","id":"TC65"}]},{"name":"USYSCOM","id":"USYSCOM","models":[{"name":"MDUGE1MR","id":"MDUGE1MR"},{"name":"MDUGE0MR","id":"MDUGE0MR"}]},{"name":"MULTITECH","id":"MULTITECH","models":[{"name":"RMCS T1 A_110","id":"RMCS_T1_A_110"},{"name":"RMC-T1-G-110","id":"RMC-T1-G-110"},{"name":"MT5634ZBA","id":"MT5634ZBA"}]},{"name":"LANDIS","id":"LANDIS","models":[{"name":"MULTICOM RTC","id":"MULTICOM_RTC"},{"name":"MULTICOM-GSM-1","id":"MULTICOM-GSM-1"},{"name":"MULTICOM-RTCNet","id":"MULTICOM-RTCNet"},{"name":"RMC T1","id":"RMC_T1"}]},{"name":"NETCOMM","id":"NETCOMM","models":[{"name":"NTC-6200","id":"NTC-6200"}]},{"name":"ADEVICE","id":"ADEVICE","models":[{"name":"ONE-GO-BTS","id":"ONE-GO-BTS"},{"name":"ONE-GO-ROUTER","id":"ONE-GO-ROUTER"},{"name":"ONE-GO-TERMINAL","id":"ONE-GO-TERMINAL"}]},{"name":"OWASYS","id":"OWASYS","models":[{"name":"OWA2X-R8A","id":"OWA2X-R8A"},{"name":"OWA2X/BT/ETH-R3A","id":"OWA2X/BT/ETH-R3A"}]},{"name":"OpenGate","id":"OpenGate","url":"www.manufacturer-online.com","notes":"Notes for Opengate manufacturer","description":"Description for Opengate manufacturer","telephone":"912562535","address":"Calle de la Solidaridad, Nº 27","fax":"912562535","email":"opengate@admin.es","media":[{"name":"Logo","id":"12adf17a-aa55-11e6-80f5-76304dec7eb7","filename":"LogoOpenGate.jpg","type":"image/png","size":256,"dimension":{"width":572,"height":572}}],"models":[{"name":"OpenGate","id":"OpenGate","version":"1.0","url":"www.opengatemodel-connect.com","notes":"Notes for Opengate Model","description":"Description for Opengate Model","media":[{"name":"Logo","id":"12adf17a-aa55-11e6-80f5-76304dec7eb7","filename":"LogoOpenGate.jpg","type":"image/png","size":256,"dimension":{"width":572,"height":572}}]},{"name":"OpenGateSecure","id":"OpenGateSecure","media":[{"name":"Logo","id":"12adf17a-aa55-11e6-80f5-76304dec7eb7","filename":"LogoOpenGate.jpg","type":"image/png","size":256,"dimension":{"width":572,"height":572}}]},{"name":"OpenGateWebSocket","id":"OpenGateWebSocket","media":[{"name":"Logo","id":"12adf17a-aa55-11e6-80f5-76304dec7eb7","filename":"LogoOpenGate.jpg","type":"image/png","size":256,"dimension":{"width":572,"height":572}}]}]},{"name":"ORBIS","id":"ORBIS","models":[{"name":"RMC-T2-M-110","id":"RMC-T2-M-110"},{"name":"RMC-T3","id":"RMC-T3"},{"name":"Orbitax T3","id":"Orbitax_T3"}]},{"name":"NEUHAUS","id":"NEUHAUS","models":[{"name":"RMC-T2","id":"RMC-T2"},{"name":"RMC-T2-G","id":"RMC-T2-G"}]},{"name":"SENSIT","id":"SENSIT","models":[{"name":"SENSIT","id":"SENSIT","version":"2.0"}]},{"name":"SIGFOX","id":"SIGFOX","models":[{"name":"SIGFOX","id":"SIGFOX"}]},{"name":"WNC","id":"WNC","models":[{"name":"UBC-TN6","id":"UBC-TN6"}]},{"name":"BAER","id":"BAER","models":[{"name":"UNIMOD-GSM-2","id":"UNIMOD-GSM-2"},{"name":"UNIMOD-GSM-3","id":"UNIMOD-GSM-3"},{"name":"UNIMOD-01-I","id":"UNIMOD-01-I"}]},{"name":"undefined","id":"undefined","models":[{"name":"undefined","id":"undefined"}]},{"name":"TOSHIBA","id":"TOSHIBA"},{"name":"VAYRIS","id":"VAYRIS"},{"name":"BOSCH","id":"BOSCH"},{"name":"XACOM","id":"XACOM"},{"name":"Cinterion","id":"Cinterion"},{"name":"Desconocido","id":"Desconocido"},{"name":"SCHNEIDER","id":"SCHNEIDER"},{"name":"SACI","id":"SACI"},{"name":"OVISLINK","id":"OVISLINK"},{"name":"MAESTRO","id":"MAESTRO"},{"name":"ELIOP","id":"ELIOP"},{"name":"ENEL","id":"ENEL"},{"name":"GENERICO","id":"GENERICO"},{"name":"INDRA","id":"INDRA"}]},"statusCode":200}
  [32m✔ Then response code should be: 200[39m

  [36m@hardwares @catalogs @searching @searching_hardwares @errors @bug @OGODM-3275[39m
  Scenario: Execute searching with single hardware id filter that not exists
  [32m✔ Given an apikey user by "require-real-apikey"[39m
  [32m✔ And an ogapi "hardwares search" util[39m
  [32m✔ Given I want to search a "hardware"[39m
  [32m✔ When I try to search with...[39m
      | [32mfield      [39m | [32mcontent          [39m |
      | [32mhardware id[39m | [32mOpenGateNotExists[39m |
  [32m✔ And I build it[39m
  [32m✔ And I execute it[39m
RESPONSE_: {"data":"","statusCode":204}
  [32m✔ Then response code should be: 204[39m

  [36m@hardwares @catalogs @searching @searching_hardwares @errors @bug @OGODM-3275[39m
  Scenario: Execute searching with single hardware id filter that exists
  [32m✔ Given an apikey user by "require-real-apikey"[39m
  [32m✔ And an ogapi "hardwares search" util[39m
  [32m✔ Given I want to search a "hardware"[39m
  [32m✔ When I try to search with...[39m
      | [32mfield      [39m | [32mcontent [39m |
      | [32mhardware id[39m | [32mOpenGate[39m |
  [32m✔ And I build it[39m
  [32m✔ And I execute it[39m
RESPONSE_: {"data":{"manufacturer":[{"name":"OpenGate","id":"OpenGate","url":"www.manufacturer-online.com","notes":"Notes for Opengate manufacturer","description":"Description for Opengate manufacturer","telephone":"912562535","address":"Calle de la Solidaridad, Nº 27","fax":"912562535","email":"opengate@admin.es","media":[{"name":"Logo","id":"12adf17a-aa55-11e6-80f5-76304dec7eb7","filename":"LogoOpenGate.jpg","type":"image/png","size":256,"dimension":{"width":572,"height":572}}],"models":[{"name":"OpenGate","id":"OpenGate","version":"1.0","url":"www.opengatemodel-connect.com","notes":"Notes for Opengate Model","description":"Description for Opengate Model","media":[{"name":"Logo","id":"12adf17a-aa55-11e6-80f5-76304dec7eb7","filename":"LogoOpenGate.jpg","type":"image/png","size":256,"dimension":{"width":572,"height":572}}]},{"name":"OpenGateSecure","id":"OpenGateSecure","media":[{"name":"Logo","id":"12adf17a-aa55-11e6-80f5-76304dec7eb7","filename":"LogoOpenGate.jpg","type":"image/png","size":256,"dimension":{"width":572,"height":572}}]},{"name":"OpenGateWebSocket","id":"OpenGateWebSocket","media":[{"name":"Logo","id":"12adf17a-aa55-11e6-80f5-76304dec7eb7","filename":"LogoOpenGate.jpg","type":"image/png","size":256,"dimension":{"width":572,"height":572}}]}]}]},"statusCode":200}
  [32m✔ Then response code should be: 200[39m

  [36m@hardwares @catalogs @searching @searching_hardwares[39m
  Scenario: Execute searching with single model name filter that exists
  [32m✔ Given an apikey user by "require-real-apikey"[39m
  [32m✔ And an ogapi "hardwares search" util[39m
  [32m✔ Given I want to search a "hardware"[39m
  [32m✔ When I try to search with...[39m
      | [32mfield     [39m | [32mcontent [39m |
      | [32mmodel name[39m | [32mOpenGate[39m |
  [32m✔ And I build it[39m
  [32m✔ And I execute it[39m
RESPONSE_: {"data":{"manufacturer":[{"name":"OpenGate","id":"OpenGate","url":"www.manufacturer-online.com","notes":"Notes for Opengate manufacturer","description":"Description for Opengate manufacturer","telephone":"912562535","address":"Calle de la Solidaridad, Nº 27","fax":"912562535","email":"opengate@admin.es","media":[{"name":"Logo","id":"12adf17a-aa55-11e6-80f5-76304dec7eb7","filename":"LogoOpenGate.jpg","type":"image/png","size":256,"dimension":{"width":572,"height":572}}],"models":[{"name":"OpenGate","id":"OpenGate","version":"1.0","url":"www.opengatemodel-connect.com","notes":"Notes for Opengate Model","description":"Description for Opengate Model","media":[{"name":"Logo","id":"12adf17a-aa55-11e6-80f5-76304dec7eb7","filename":"LogoOpenGate.jpg","type":"image/png","size":256,"dimension":{"width":572,"height":572}}]},{"name":"OpenGateSecure","id":"OpenGateSecure","media":[{"name":"Logo","id":"12adf17a-aa55-11e6-80f5-76304dec7eb7","filename":"LogoOpenGate.jpg","type":"image/png","size":256,"dimension":{"width":572,"height":572}}]},{"name":"OpenGateWebSocket","id":"OpenGateWebSocket","media":[{"name":"Logo","id":"12adf17a-aa55-11e6-80f5-76304dec7eb7","filename":"LogoOpenGate.jpg","type":"image/png","size":256,"dimension":{"width":572,"height":572}}]}]}]},"statusCode":200}
  [32m✔ Then response code should be: 200[39m

  [36m@hardwares @catalogs @searching @searching_hardwares[39m
  Scenario: Execute searching with single manufacturer name filter that exists
  [32m✔ Given an apikey user by "require-real-apikey"[39m
  [32m✔ And an ogapi "hardwares search" util[39m
  [32m✔ Given I want to search a "hardware"[39m
  [32m✔ When I try to search with...[39m
      | [32mfield            [39m | [32mcontent [39m |
      | [32mmanufacturer name[39m | [32mOpenGate[39m |
  [32m✔ And I build it[39m
  [32m✔ And I execute it[39m
RESPONSE_: {"data":{"manufacturer":[{"name":"OpenGate","id":"OpenGate","url":"www.manufacturer-online.com","notes":"Notes for Opengate manufacturer","description":"Description for Opengate manufacturer","telephone":"912562535","address":"Calle de la Solidaridad, Nº 27","fax":"912562535","email":"opengate@admin.es","media":[{"name":"Logo","id":"12adf17a-aa55-11e6-80f5-76304dec7eb7","filename":"LogoOpenGate.jpg","type":"image/png","size":256,"dimension":{"width":572,"height":572}}],"models":[{"name":"OpenGate","id":"OpenGate","version":"1.0","url":"www.opengatemodel-connect.com","notes":"Notes for Opengate Model","description":"Description for Opengate Model","media":[{"name":"Logo","id":"12adf17a-aa55-11e6-80f5-76304dec7eb7","filename":"LogoOpenGate.jpg","type":"image/png","size":256,"dimension":{"width":572,"height":572}}]},{"name":"OpenGateSecure","id":"OpenGateSecure","media":[{"name":"Logo","id":"12adf17a-aa55-11e6-80f5-76304dec7eb7","filename":"LogoOpenGate.jpg","type":"image/png","size":256,"dimension":{"width":572,"height":572}}]},{"name":"OpenGateWebSocket","id":"OpenGateWebSocket","media":[{"name":"Logo","id":"12adf17a-aa55-11e6-80f5-76304dec7eb7","filename":"LogoOpenGate.jpg","type":"image/png","size":256,"dimension":{"width":572,"height":572}}]}]}]},"statusCode":200}
  [32m✔ Then response code should be: 200[39m

  [36m@hardwares @catalogs @searching @searching_hardwares @errors @bug @OGODM-3275[39m
  Scenario: Execute searching with multiple filters that exists
  [32m✔ Given an apikey user by "require-real-apikey"[39m
  [32m✔ And an ogapi "hardwares search" util[39m
  [32m✔ Given I want to search a "hardware"[39m
  [32m✔ When I try to search with...[39m
      | [32mfield            [39m | [32mcontent [39m |
      | [32mhardware id      [39m | [32mOpenGate[39m |
      | [32mmodel name       [39m | [32mOpenGate[39m |
      | [32mmanufacturer name[39m | [32mOpenGate[39m |
  [32m✔ And I build it[39m
  [32m✔ And I execute it[39m
RESPONSE_: {"data":{"manufacturer":[{"name":"OpenGate","id":"OpenGate","url":"www.manufacturer-online.com","notes":"Notes for Opengate manufacturer","description":"Description for Opengate manufacturer","telephone":"912562535","address":"Calle de la Solidaridad, Nº 27","fax":"912562535","email":"opengate@admin.es","media":[{"name":"Logo","id":"12adf17a-aa55-11e6-80f5-76304dec7eb7","filename":"LogoOpenGate.jpg","type":"image/png","size":256,"dimension":{"width":572,"height":572}}],"models":[{"name":"OpenGate","id":"OpenGate","version":"1.0","url":"www.opengatemodel-connect.com","notes":"Notes for Opengate Model","description":"Description for Opengate Model","media":[{"name":"Logo","id":"12adf17a-aa55-11e6-80f5-76304dec7eb7","filename":"LogoOpenGate.jpg","type":"image/png","size":256,"dimension":{"width":572,"height":572}}]},{"name":"OpenGateSecure","id":"OpenGateSecure","media":[{"name":"Logo","id":"12adf17a-aa55-11e6-80f5-76304dec7eb7","filename":"LogoOpenGate.jpg","type":"image/png","size":256,"dimension":{"width":572,"height":572}}]},{"name":"OpenGateWebSocket","id":"OpenGateWebSocket","media":[{"name":"Logo","id":"12adf17a-aa55-11e6-80f5-76304dec7eb7","filename":"LogoOpenGate.jpg","type":"image/png","size":256,"dimension":{"width":572,"height":572}}]}]}]},"statusCode":200}
  [32m✔ Then response code should be: 200[39m

[36m@searching @device_builder @searching_datapoints @searching_asynchronous[39m
Feature: Searching into datapoints collection

  As a user of JsApi
  I want to search the collection of data points using asynchronous pagination

  [36m@searching @device_builder @searching_datapoints @searching_asynchronous[39m
  Scenario: Creating an organization to use in create device
  [32m✔ Given an apikey user by "require-real-apikey"[39m
  [32m✔ Given an ogapi "organizations builder" util[39m
  [32m✔ Then I want to create an "organization"[39m
name
create
organization
withName
  [32m✔ And the "name" "async_organization"[39m
description
create
organization
withDescription
  [32m✔ And the "description" "device organization"[39m
country code
create
organization
withCountryCode
  [32m✔ And the "country code" "ES"[39m
lang code
create
organization
withLangCode
  [32m✔ And the "lang code" "es"[39m
time zone
create
organization
withTimeZone
  [32m✔ And the "time zone" "Europe/Andorra"[39m
  [32m✔ And the "zoom" 10[39m
  [32m✔ And the "location" with 1 and 1[39m
  [32m✔ Then I delete it[39m
  [32m✔ And I create it[39m
RESPONSE_: {"location":"https://172.19.18.132:8444/v80/provision/organizations/async_organization","statusCode":201}
  [32m✔ And response code should be: 201[39m

  [36m@searching @device_builder @searching_datapoints @searching_asynchronous[39m
  Scenario: I want to create the entity
  [32m✔ Given an apikey user by "require-real-apikey"[39m
  [32m✔ Given the entity of type "devices builder" with "async_organization"[39m
  [32m✔ Then I get allowed Datastreams fields[39m
  [32m✔ And I can found "provision.device.identifier" as datastream name[39m
  [32m✔ When I try to define the entity with...[39m
      | [32mdatastream                           [39m | [32mtypeFunction[39m | [32mvalue                                      [39m | [32mparent[39m |
      | [32mprovision.administration.channel     [39m | [32msimple      [39m | [32mdefault_channel                            [39m | [32m      [39m |
      | [32mprovision.administration.organization[39m | [32msimple      [39m | [32masync_organization                         [39m | [32m      [39m |
      | [32mprovision.administration.serviceGroup[39m | [32msimple      [39m | [32memptyServiceGroup                          [39m | [32m      [39m |
      | [32mprovision.device.identifier          [39m | [32msimple      [39m | [32masync_testing                              [39m | [32m      [39m |
      | [32mprovision.device.operationalStatus   [39m | [32msimple      [39m | [32mTEST                                       [39m | [32m      [39m |
      | [32mprovision.device.administrativeState [39m | [32msimple      [39m | [32mTESTING                                    [39m | [32m      [39m |
      | [32mprovision.device.name                [39m | [32msimple      [39m | [32mOGUX Device GATEWAY tester                 [39m | [32m      [39m |
      | [32mprovision.device.description         [39m | [32msimple      [39m | [32mOGUX Device tester full GATEWAY description[39m | [32m      [39m |
      | [32mprovision.device.specificType        [39m | [32msimple      [39m | [32mCONCENTRATOR                               [39m | [32m      [39m |
  [32m✔ Then I delete it[39m
CREATEOK: {"req":{"method":"POST","url":"https://172.19.18.132:8444/v80/provision/organizations/async_organization/devices?flattened=true","data":{"provision.administration.channel":{"_value":{"_current":{"value":"default_channel"}}},"provision.administration.organization":{"_value":{"_current":{"value":"async_organization"}}},"provision.administration.serviceGroup":{"_value":{"_current":{"value":"emptyServiceGroup"}}},"provision.device.identifier":{"_value":{"_current":{"value":"async_testing"}}},"provision.device.operationalStatus":{"_value":{"_current":{"value":"TEST"}}},"provision.device.administrativeState":{"_value":{"_current":{"value":"TESTING"}}},"provision.device.name":{"_value":{"_current":{"value":"OGUX Device GATEWAY tester"}}},"provision.device.description":{"_value":{"_current":{"value":"OGUX Device tester full GATEWAY description"}}},"provision.device.specificType":{"_value":{"_current":{"value":"CONCENTRATOR"}}}},"headers":{"user-agent":"node-superagent/2.3.0","content-type":"application/json","x-apikey":"2829be88-a7d7-4f51-aefc-3cc2385b6506"}},"header":{"connection":"close","date":"Mon, 12 Mar 2018 14:57:22 GMT","strict-transport-security":"max-age=2000; includeSubDomains","set-cookie":["JSESSIONID=node01s3ynrg02dt2jrcb042d6qv5t3644.node0;Path=/;Secure"],"expires":"Thu, 01 Jan 1970 00:00:00 GMT","location":"https://172.19.18.132:8444/v80/provision/organizations/async_organization/devices/async_testing","server":"Jetty(9.4.0.v20161208)"},"status":201,"text":""}
  [32m✔ And I create it[39m
RESPONSE_: {"location":"https://172.19.18.132:8444/v80/provision/organizations/async_organization/devices/async_testing","statusCode":201}
  [32m✔ And response code should be: 201[39m

  [36m@searching @device_builder @searching_datapoints @searching_asynchronous[39m
  Scenario: Create a Iot message
  [32m✔ Given an apikey user by "require-real-apikey"[39m
  [32m✔ Given an ogapi "deviceMessage builder" util[39m
  [32m✔ And I want to create a "deviceMessage"[39m
datastreamVersion
create
deviceMessage
withDataStreamVersion
  [32m✔ And the "datastreamVersion" "0.0.1"[39m
id
create
deviceMessage
withId
  [32m✔ And the "id" "async_testing"[39m
  [32m✔ And I want to create a "datapoints message" with this element:[39m
      | [32mfield[39m | [32mcontent  [39m | [32mtype  [39m |
      | [32mfrom [39m | [32m123455   [39m | [32mnumber[39m |
      | [32mat   [39m | [32m123456   [39m | [32mnumber[39m |
      | [32mvalue[39m | [32m114.3    [39m | [32mnumber[39m |
      | [32mtags [39m | [32mtag1,tag2[39m | [32marray [39m |
  [32m✔ And I want to create a "datastream" with this element:[39m
      | [32mfield[39m | [32mcontent       [39m | [32mtype  [39m |
      | [32mfeed [39m | [32mfeed element  [39m | [32mstring[39m |
      | [32mid   [39m | [32mnumeric.stream[39m | [32mstring[39m |
  [32m✔ And I want to define "datapoints message" in "datastream"[39m
  [32m✔ And I want to create a "datapoints message" with this element:[39m
      | [32mfield[39m | [32mcontent[39m | [32mtype  [39m |
      | [32mvalue[39m | [32m15.3   [39m | [32mnumber[39m |
  [32m✔ And I want to define "datapoints message" in "datastream"[39m
  [32m✔ And I want to define "datastream" in "deviceMessage"[39m
  [32m✔ Then I create it[39m
RESPONSE_: {"statusCode":201}
  [32m✔ And response code should be: 201[39m

  [36m@searching @device_builder @searching_datapoints @searching_asynchronous[39m
  Scenario: Create a Dmm message
  [32m✔ Given an apikey user by "require-real-apikey"[39m
  [32m✔ Given an ogapi "deviceMessage builder" util[39m
  [32m✔ And I want to create a "deviceMessage"[39m
version
create
deviceMessage
withDmmVersion
  [32m✔ And the "version" "1.0.1"[39m
id
create
deviceMessage
withId
  [32m✔ And the "id" "async_testing"[39m
  [32m✔ And the "path"[39m
      | [32m./[39m | [32m/path[39m |
name
create
deviceMessage
withEventName
  [32m✔ And the "name" "dmm name"[39m
description
create
deviceMessage
withEventDescription
  [32m✔ And the "description" "cucumber description"[39m
  [32m✔ And I want to create a "hardware" with this element:[39m
      | [32mfield           [39m | [32mcontent                  [39m |
      | [32mserialnumber    [39m | [32m4CCT                     [39m |
      | [32mmanufacturerName[39m | [32m4CCT                     [39m |
      | [32mmanufacturerOui [39m | [32m4CCT                     [39m |
      | [32mmodelName       [39m | [32m4CCT                     [39m |
      | [32mmodelVersion    [39m | [32m4CCT                     [39m |
      | [32mclockDate       [39m | [32m2015-07-16T19:20:30+01:00[39m |
      | [32mupTime          [39m | [32m123456789                [39m |
  [32m✔ And I want to define "hardware" in "deviceMessage"[39m
operationalStatus
create
deviceMessage
withOperationalStatus
  [32m✔ And the "operationalStatus" "UNKNOWN"[39m
  [32m✔ And I want to create a "software" with this element:[39m
      | [32mfield  [39m | [32mcontent            [39m |
      | [32mname   [39m | [32mMT16LSDT464AG-662C1[39m |
      | [32mtype   [39m | [32mFIRMWARE           [39m |
      | [32mversion[39m | [32mtest               [39m |
  [32m✔ And I want to define "software" in "deviceMessage"[39m
dateLocation
create
deviceMessage
withDateLocation
  [32m✔ And the "dateLocation" "2016-10-25T11:00:00Z"[39m
  [32m✔ And the "longitude" 40.75[39m
  [32m✔ And the "latitude" -35[39m
currentTemperature
create
deviceMessage
withCurrentTemperature
  [32m✔ And the "currentTemperature" "1"[39m
unitTemperature
create
deviceMessage
withUnitTemperature
  [32m✔ And the "unitTemperature" "C"[39m
statusTemperature
create
deviceMessage
withStatusTemperature
  [32m✔ And the "statusTemperature" "NORMAL"[39m
trendTemperature
create
deviceMessage
withTrendTemperature
  [32m✔ And the "trendTemperature" "DECREASING"[39m
temperatureAverage
create
deviceMessage
withTemperatureAverage
  [32m✔ And the "temperatureAverage" "30"[39m
minimumTemperature
create
deviceMessage
withMinimumTemperature
  [32m✔ And the "minimumTemperature" "5"[39m
maximumTemperature
create
deviceMessage
withMaximumTemperature
  [32m✔ And the "maximumTemperature" "35"[39m
  [32m✔ And I want to create a "cpuUsage" with this element:[39m
      | [32mfield    [39m | [32mcontent[39m | [32mtype  [39m |
      | [32musageUnit[39m | [32m%      [39m | [32mstring[39m |
      | [32mcurrent  [39m | [32m2      [39m | [32mstring[39m |
      | [32maverage  [39m | [32m15     [39m | [32mstring[39m |
      | [32mmaximum  [39m | [32m17     [39m | [32mstring[39m |
      | [32mminimum  [39m | [32m8      [39m | [32mstring[39m |
  [32m✔ And I want to define "cpuUsage" in "deviceMessage"[39m
  [32m✔ And I want to create a "n" with this element:[39m
      | [32mfield    [39m | [32mcontent[39m | [32mtype  [39m |
      | [32munit     [39m | [32mMB     [39m | [32mstring[39m |
      | [32mtotal    [39m | [32m2048   [39m | [32mstring[39m |
      | [32musageUnit[39m | [32m%      [39m | [32mstring[39m |
      | [32mcurrent  [39m | [32m2      [39m | [32mstring[39m |
      | [32maverage  [39m | [32m15     [39m | [32mstring[39m |
      | [32mmaximum  [39m | [32m17     [39m | [32mstring[39m |
      | [32mminimum  [39m | [32m8      [39m | [32mstring[39m |
  [32m✔ And I want to define "ram" in "deviceMessage"[39m
  [32m✔ And I want to create a "volatilStorage" with this element:[39m
      | [32mfield    [39m | [32mcontent[39m | [32mtype  [39m |
      | [32munit     [39m | [32mMB     [39m | [32mstring[39m |
      | [32mtotal    [39m | [32m2048   [39m | [32mstring[39m |
      | [32musageUnit[39m | [32m%      [39m | [32mstring[39m |
      | [32mcurrent  [39m | [32m5      [39m | [32mstring[39m |
      | [32maverage  [39m | [32m50     [39m | [32mstring[39m |
      | [32mmaximum  [39m | [32m80     [39m | [32mstring[39m |
      | [32mminimum  [39m | [32m10     [39m | [32mstring[39m |
  [32m✔ And I want to define "volatilStorage" in "deviceMessage"[39m
  [32m✔ And I want to create a "nonVolatilStorage" with this element:[39m
      | [32mfield    [39m | [32mcontent[39m | [32mtype  [39m |
      | [32munit     [39m | [32mMB     [39m | [32mstring[39m |
      | [32mtotal    [39m | [32m2048   [39m | [32mstring[39m |
      | [32musageUnit[39m | [32m%      [39m | [32mstring[39m |
      | [32mcurrent  [39m | [32m2      [39m | [32mstring[39m |
      | [32maverage  [39m | [32m15     [39m | [32mstring[39m |
      | [32mmaximum  [39m | [32m17     [39m | [32mstring[39m |
      | [32mminimum  [39m | [32m8      [39m | [32mstring[39m |
  [32m✔ And I want to define "nonVolatilStorage" in "deviceMessage"[39m
  [32m✔ And I want to create a "powerSupply" with this element:[39m
      | [32mfield         [39m | [32mcontent                  [39m | [32mtype  [39m |
      | [32msource        [39m | [32mNETWORK_PLUGGED          [39m | [32mstring[39m |
      | [32mstatus        [39m | [32mCOMPLETE                 [39m | [32mstring[39m |
      | [32mtrend         [39m | [32mRISING                   [39m | [32mstring[39m |
      | [32mbatteryStatus [39m | [32mCHARGED                  [39m | [32mstring[39m |
      | [32mpercentage    [39m | [32m100                      [39m | [32mstring[39m |
      | [32moutageDate    [39m | [32m2015-07-16T19:20:30+01:00[39m | [32mstring[39m |
      | [32moutageDuration[39m | [32m10000                    [39m | [32mnumber[39m |
  [32m✔ And I want to define "powerSupply" in "deviceMessage"[39m
  [32m✔ And I want to create a "commsModuleMessage" with this element:[39m
      | [32mfield            [39m | [32mcontent               [39m | [32mtype  [39m |
      | [32mid               [39m | [32m<identifier>. Ex: IMEI[39m | [32mstring[39m |
      | [32mname             [39m | [32m2G-Modem              [39m | [32mstring[39m |
      | [32mtype             [39m | [32mMOBILE                [39m | [32mstring[39m |
      | [32moperationalStatus[39m | [32mSTOPPED               [39m | [32mstring[39m |
      | [32mantennaStatus    [39m | [32mSHORT_CIRCUIT         [39m | [32mstring[39m |
  [32m✔ And I want to create a "hardware" with this element:[39m
      | [32mfield           [39m | [32mcontent                  [39m |
      | [32mserialnumber    [39m | [32m4CCT                     [39m |
      | [32mmanufacturerName[39m | [32m4CCT                     [39m |
      | [32mmanufacturerOui [39m | [32m4CCT                     [39m |
      | [32mmodelName       [39m | [32m4CCT                     [39m |
      | [32mmodelVersion    [39m | [32m4CCT                     [39m |
      | [32mclockDate       [39m | [32m2015-07-16T19:20:30+01:00[39m |
      | [32mupTime          [39m | [32m23                       [39m |
  [32m✔ And I want to define "hardware" in "commsModuleMessage"[39m
  [32m✔ And I want to create a "software" with this element:[39m
      | [32mfield  [39m | [32mcontent            [39m |
      | [32mname   [39m | [32mMT16LSDT464AG-662C1[39m |
      | [32mtype   [39m | [32mFIRMWARE           [39m |
      | [32mversion[39m | [32mtest               [39m |
  [32m✔ And I want to define "software" in "commsModuleMessage"[39m
  [32m✔ And I want to create a "mobile" with this element:[39m
      | [32mfield            [39m | [32mcontent[39m | [32mtype  [39m |
      | [32mapn              [39m | [32mtfdata [39m | [32mstring[39m |
      | [32mbcch             [39m | [32mbcch   [39m | [32mstring[39m |
      | [32mcgi              [39m | [32mcgi    [39m | [32mstring[39m |
      | [32mcellId           [39m | [32mid     [39m | [32mstring[39m |
      | [32mlac              [39m | [32mlac    [39m | [32mstring[39m |
      | [32mratType          [39m | [32mracType[39m | [32mstring[39m |
      | [32mplmn             [39m | [32mplmn   [39m | [32mstring[39m |
      | [32mtimingAdvance    [39m | [32m10     [39m | [32mstring[39m |
      | [32msignalStrength   [39m | [32m-55    [39m | [32mstring[39m |
      | [32msignalStrengthMax[39m | [32m-49    [39m | [32mstring[39m |
      | [32msignalStrengthMin[39m | [32m-81    [39m | [32mstring[39m |
      | [32msignalQuality    [39m | [32m0      [39m | [32mstring[39m |
      | [32msignalQualityMax [39m | [32m3.2    [39m | [32mstring[39m |
      | [32msignalQualityMin [39m | [32m0      [39m | [32mstring[39m |
  [32m✔ And I want to define "mobile" in "commsModuleMessage"[39m
  [32m✔ And I want to create a "subscriber" with this element:[39m
      | [32mfield[39m | [32mcontent        [39m | [32mtype  [39m |
      | [32mid   [39m | [32msubscriber_id  [39m | [32mstring[39m |
      | [32mname [39m | [32msubscriber_name[39m | [32mstring[39m |
      | [32mtype [39m | [32mSIM            [39m | [32mstring[39m |
  [32m✔ And I want to create a "hardware" with this element:[39m
      | [32mfield           [39m | [32mcontent                  [39m |
      | [32mserialnumber    [39m | [32m4CCT                     [39m |
      | [32mmanufacturerName[39m | [32m4CCT                     [39m |
      | [32mmanufacturerOui [39m | [32m4CCT                     [39m |
      | [32mmodelName       [39m | [32m4CCT                     [39m |
      | [32mmodelVersion    [39m | [32m4CCT                     [39m |
      | [32mclockDate       [39m | [32m2015-07-16T19:20:30+01:00[39m |
      | [32mupTime          [39m | [32m5                        [39m |
  [32m✔ And I want to define "hardware" in "subscriber"[39m
  [32m✔ And I want to define "subscriber" in "commsModuleMessage"[39m
  [32m✔ And I want to create a "subscription" with this element:[39m
      | [32mfield       [39m | [32mcontent     [39m | [32mtype  [39m |
      | [32mid          [39m | [32msubscription[39m | [32mstring[39m |
      | [32mname        [39m | [32msubscription[39m | [32mstring[39m |
      | [32mtype        [39m | [32msubscription[39m | [32mstring[39m |
      | [32mdescription [39m | [32msubscription[39m | [32mstring[39m |
      | [32moperator    [39m | [32msubscription[39m | [32mstring[39m |
      | [32mimsi        [39m | [32msubscription[39m | [32mstring[39m |
      | [32mmsisdn      [39m | [32msubscription[39m | [32mstring[39m |
      | [32maddressType [39m | [32mIPV4        [39m | [32mstring[39m |
      | [32maddressValue[39m | [32msubscription[39m | [32mstring[39m |
      | [32maddressApn  [39m | [32msubscription[39m | [32mstring[39m |
  [32m✔ And I want to define "subscription" in "commsModuleMessage"[39m
  [32m✔ And I want to define "commsModuleMessage" in "deviceMessage"[39m
  [32m✔ Then I create it[39m
RESPONSE_: {"statusCode":201}
  [32m✔ And response code should be: 201[39m

  [36m@searching @device_builder @searching_datapoints @searching_asynchronous[39m
  Scenario: Execute asynchronous search with paging
  [32m✔ Given an apikey user by "require-real-apikey"[39m
  [32m✔ Given an ogapi "datapoints search" util[39m
  [32m✔ And the start limit by "1" and size limit by "100"[39m
  [32m✔ And the resource by "datapoints"[39m
  [32m✔ When I build it[39m
{"filter":{},"limit":{"size":100,"start":1}}
{"filter":{},"limit":{"size":100,"start":2}}
  [32m✔ And I execute with async paging it[39m
RESPONSE_: {"data":"DONE","statusCode":200}
  [32m✔ Then response code should be: 200[39m

  [36m@searching @device_builder @searching_datapoints @searching_asynchronous[39m
  Scenario: Execute asynchronous search with paging and cancell it in first page
  [32m✔ Given an apikey user by "require-real-apikey"[39m
  [32m✔ Given an ogapi "datapoints search" util[39m
  [32m✔ And the start limit by "1" and size limit by "1"[39m
  [32m✔ And the resource by "datapoints"[39m
  [32m✔ When I build it[39m
{"filter":{},"limit":{"size":1,"start":1}}
{"filter":{},"limit":{"size":1,"start":2}}
{"filter":{},"limit":{"size":1,"start":3}}
  [32m✔ And I execute with async paging it and cancel it[39m
RESPONSE_: {"data":"Cancel process","statusCode":403}
  [32m✔ Then response code should be: 403[39m

  [36m@searching @device_builder @searching_datapoints @searching_asynchronous[39m
  Scenario: Execute asynchronous search with paging and cancell it in first page with custom message
  [32m✔ Given an apikey user by "require-real-apikey"[39m
  [32m✔ Given an ogapi "datapoints search" util[39m
  [32m✔ And the start limit by "1" and size limit by "1"[39m
  [32m✔ And the resource by "datapoints"[39m
  [32m✔ When I build it[39m
{"filter":{},"limit":{"size":1,"start":1}}
{"filter":{},"limit":{"size":1,"start":2}}
{"filter":{},"limit":{"size":1,"start":3}}
  [32m✔ And I execute with async paging it and cancel it with custom message[39m
  [32m✔ Then response code should be: "cancel with custom message"[39m

  [36m@searching @device_builder @searching_datapoints @searching_asynchronous[39m
  Scenario: I want to delete the entity
  [32m✔ Given an apikey user by "require-real-apikey"[39m
  [32m✔ Given the entity of type "devices builder" with "async_organization"[39m
  [32m✔ When I try to define the entity with...[39m
      | [32mdatastream                           [39m | [32mtypeFunction[39m | [32mvalue             [39m | [32mparent[39m |
      | [32mprovision.administration.channel     [39m | [32msimple      [39m | [32mdefault_channel   [39m | [32m      [39m |
      | [32mprovision.administration.organization[39m | [32msimple      [39m | [32masync_organization[39m | [32m      [39m |
      | [32mprovision.device.identifier          [39m | [32msimple      [39m | [32masync_testing     [39m | [32m      [39m |
  [32m✔ Then I delete it[39m

  [36m@searching @device_builder @searching_datapoints @searching_asynchronous[39m
  Scenario: Deleting an organization to use in create device
  [32m✔ Given an apikey user by "require-real-apikey"[39m
  [32m✔ Given an ogapi "organizations builder" util[39m
  [32m✔ Then I want to delete an "organization"[39m
name
delete
organization
withName
  [32m✔ And the "name" "async_organization"[39m
  [32m✔ Then I delete it[39m

[36m@device_builder @searching_datapoints @searching[39m
Feature: Searching into datapoints collection

  As a user of JsApi
  I want to search into datapoints collection
  So I can add filter, sorting, limit to search any datapoint

  [36m@device_builder @searching_datapoints @searching[39m
  Scenario: Creating an organization to use in create device
  [32m✔ Given an apikey user by "require-real-apikey"[39m
  [32m✔ Given an ogapi "organizations builder" util[39m
  [32m✔ Then I want to create an "organization"[39m
name
create
organization
withName
  [32m✔ And the "name" "datapoints_organization"[39m
description
create
organization
withDescription
  [32m✔ And the "description" "device organization"[39m
country code
create
organization
withCountryCode
  [32m✔ And the "country code" "ES"[39m
lang code
create
organization
withLangCode
  [32m✔ And the "lang code" "es"[39m
time zone
create
organization
withTimeZone
  [32m✔ And the "time zone" "Europe/Andorra"[39m
  [32m✔ And the "zoom" 10[39m
  [32m✔ And the "location" with 1 and 1[39m
  [32m✔ Then I delete it[39m
  [32m✔ And I create it[39m
RESPONSE_: {"location":"https://172.19.18.132:8444/v80/provision/organizations/datapoints_organization","statusCode":201}
  [32m✔ And response code should be: 201[39m

  [36m@device_builder @searching_datapoints @searching[39m
  Scenario: I want to create the entity
  [32m✔ Given an apikey user by "require-real-apikey"[39m
  [32m✔ Given the entity of type "devices builder" with "datapoints_organization"[39m
  [32m✔ Then I get allowed Datastreams fields[39m
  [32m✔ And I can found "provision.device.identifier" as datastream name[39m
  [32m✔ When I try to define the entity with...[39m
      | [32mdatastream                           [39m | [32mtypeFunction[39m | [32mvalue                                      [39m | [32mparent[39m |
      | [32mprovision.administration.channel     [39m | [32msimple      [39m | [32mdefault_channel                            [39m | [32m      [39m |
      | [32mprovision.administration.organization[39m | [32msimple      [39m | [32mdatapoints_organization                    [39m | [32m      [39m |
      | [32mprovision.administration.serviceGroup[39m | [32msimple      [39m | [32memptyServiceGroup                          [39m | [32m      [39m |
      | [32mprovision.device.identifier          [39m | [32msimple      [39m | [32mdatapoints_testing                         [39m | [32m      [39m |
      | [32mprovision.device.operationalStatus   [39m | [32msimple      [39m | [32mTEST                                       [39m | [32m      [39m |
      | [32mprovision.device.administrativeState [39m | [32msimple      [39m | [32mTESTING                                    [39m | [32m      [39m |
      | [32mprovision.device.name                [39m | [32msimple      [39m | [32mOGUX Device GATEWAY tester                 [39m | [32m      [39m |
      | [32mprovision.device.description         [39m | [32msimple      [39m | [32mOGUX Device tester full GATEWAY description[39m | [32m      [39m |
      | [32mprovision.device.specificType        [39m | [32msimple      [39m | [32mCONCENTRATOR                               [39m | [32m      [39m |
  [32m✔ Then I delete it[39m
CREATEOK: {"req":{"method":"POST","url":"https://172.19.18.132:8444/v80/provision/organizations/datapoints_organization/devices?flattened=true","data":{"provision.administration.channel":{"_value":{"_current":{"value":"default_channel"}}},"provision.administration.organization":{"_value":{"_current":{"value":"datapoints_organization"}}},"provision.administration.serviceGroup":{"_value":{"_current":{"value":"emptyServiceGroup"}}},"provision.device.identifier":{"_value":{"_current":{"value":"datapoints_testing"}}},"provision.device.operationalStatus":{"_value":{"_current":{"value":"TEST"}}},"provision.device.administrativeState":{"_value":{"_current":{"value":"TESTING"}}},"provision.device.name":{"_value":{"_current":{"value":"OGUX Device GATEWAY tester"}}},"provision.device.description":{"_value":{"_current":{"value":"OGUX Device tester full GATEWAY description"}}},"provision.device.specificType":{"_value":{"_current":{"value":"CONCENTRATOR"}}}},"headers":{"user-agent":"node-superagent/2.3.0","content-type":"application/json","x-apikey":"2829be88-a7d7-4f51-aefc-3cc2385b6506"}},"header":{"connection":"close","date":"Mon, 12 Mar 2018 14:57:31 GMT","strict-transport-security":"max-age=2000; includeSubDomains","set-cookie":["JSESSIONID=node0i0hd1o85dga61q0sx6brij6nl3658.node0;Path=/;Secure"],"expires":"Thu, 01 Jan 1970 00:00:00 GMT","location":"https://172.19.18.132:8444/v80/provision/organizations/datapoints_organization/devices/datapoints_testing","server":"Jetty(9.4.0.v20161208)"},"status":201,"text":""}
  [32m✔ And I create it[39m
RESPONSE_: {"location":"https://172.19.18.132:8444/v80/provision/organizations/datapoints_organization/devices/datapoints_testing","statusCode":201}
  [32m✔ And response code should be: 201[39m

  [36m@device_builder @searching_datapoints @searching[39m
  Scenario: Create a Iot message
  [32m✔ Given an apikey user by "require-real-apikey"[39m
  [32m✔ Given an ogapi "deviceMessage builder" util[39m
  [32m✔ And I want to create a "deviceMessage"[39m
datastreamVersion
create
deviceMessage
withDataStreamVersion
  [32m✔ And the "datastreamVersion" "0.0.1"[39m
id
create
deviceMessage
withId
  [32m✔ And the "id" "datapoints_testing"[39m
  [32m✔ And I want to create a "datapoints message" with this element:[39m
      | [32mfield[39m | [32mcontent  [39m | [32mtype  [39m |
      | [32mfrom [39m | [32m123455   [39m | [32mnumber[39m |
      | [32mat   [39m | [32m123456   [39m | [32mnumber[39m |
      | [32mvalue[39m | [32m114.3    [39m | [32mnumber[39m |
      | [32mtags [39m | [32mtag1,tag2[39m | [32marray [39m |
  [32m✔ And I want to create a "datastream" with this element:[39m
      | [32mfield[39m | [32mcontent       [39m | [32mtype  [39m |
      | [32mfeed [39m | [32mfeed element  [39m | [32mstring[39m |
      | [32mid   [39m | [32mnumeric.stream[39m | [32mstring[39m |
  [32m✔ And I want to define "datapoints message" in "datastream"[39m
  [32m✔ And I want to create a "datapoints message" with this element:[39m
      | [32mfield[39m | [32mcontent[39m | [32mtype  [39m |
      | [32mvalue[39m | [32m15.3   [39m | [32mnumber[39m |
  [32m✔ And I want to define "datapoints message" in "datastream"[39m
  [32m✔ And I want to define "datastream" in "deviceMessage"[39m
  [32m✔ Then I create it[39m
RESPONSE_: {"statusCode":201}
  [32m✔ And response code should be: 201[39m

  [36m@device_builder @searching_datapoints @searching[39m
  Scenario: Create a Dmm message
  [32m✔ Given an apikey user by "require-real-apikey"[39m
  [32m✔ Given an ogapi "deviceMessage builder" util[39m
  [32m✔ And I want to create a "deviceMessage"[39m
version
create
deviceMessage
withDmmVersion
  [32m✔ And the "version" "1.0.1"[39m
id
create
deviceMessage
withId
  [32m✔ And the "id" "datapoints_testing"[39m
  [32m✔ And the "path"[39m
      | [32m./[39m | [32m/path[39m |
name
create
deviceMessage
withEventName
  [32m✔ And the "name" "dmm name"[39m
description
create
deviceMessage
withEventDescription
  [32m✔ And the "description" "cucumber description"[39m
  [32m✔ And I want to create a "hardware" with this element:[39m
      | [32mfield           [39m | [32mcontent                  [39m |
      | [32mserialnumber    [39m | [32m4CCT                     [39m |
      | [32mmanufacturerName[39m | [32m4CCT                     [39m |
      | [32mmanufacturerOui [39m | [32m4CCT                     [39m |
      | [32mmodelName       [39m | [32m4CCT                     [39m |
      | [32mmodelVersion    [39m | [32m4CCT                     [39m |
      | [32mclockDate       [39m | [32m2015-07-16T19:20:30+01:00[39m |
      | [32mupTime          [39m | [32m123456789                [39m |
  [32m✔ And I want to define "hardware" in "deviceMessage"[39m
operationalStatus
create
deviceMessage
withOperationalStatus
  [32m✔ And the "operationalStatus" "UNKNOWN"[39m
  [32m✔ And I want to create a "software" with this element:[39m
      | [32mfield  [39m | [32mcontent            [39m |
      | [32mname   [39m | [32mMT16LSDT464AG-662C1[39m |
      | [32mtype   [39m | [32mFIRMWARE           [39m |
      | [32mversion[39m | [32mtest               [39m |
  [32m✔ And I want to define "software" in "deviceMessage"[39m
dateLocation
create
deviceMessage
withDateLocation
  [32m✔ And the "dateLocation" "2016-10-25T11:00:00z"[39m
  [32m✔ And the "longitude" 40.75[39m
  [32m✔ And the "latitude" -35[39m
currentTemperature
create
deviceMessage
withCurrentTemperature
  [32m✔ And the "currentTemperature" "1"[39m
unitTemperature
create
deviceMessage
withUnitTemperature
  [32m✔ And the "unitTemperature" "C"[39m
statusTemperature
create
deviceMessage
withStatusTemperature
  [32m✔ And the "statusTemperature" "NORMAL"[39m
trendTemperature
create
deviceMessage
withTrendTemperature
  [32m✔ And the "trendTemperature" "DECREASING"[39m
temperatureAverage
create
deviceMessage
withTemperatureAverage
  [32m✔ And the "temperatureAverage" "30"[39m
minimumTemperature
create
deviceMessage
withMinimumTemperature
  [32m✔ And the "minimumTemperature" "5"[39m
maximumTemperature
create
deviceMessage
withMaximumTemperature
  [32m✔ And the "maximumTemperature" "35"[39m
  [32m✔ And I want to create a "cpuUsage" with this element:[39m
      | [32mfield    [39m | [32mcontent[39m | [32mtype  [39m |
      | [32musageUnit[39m | [32m%      [39m | [32mstring[39m |
      | [32mcurrent  [39m | [32m2      [39m | [32mstring[39m |
      | [32maverage  [39m | [32m15     [39m | [32mstring[39m |
      | [32mmaximum  [39m | [32m17     [39m | [32mstring[39m |
      | [32mminimum  [39m | [32m8      [39m | [32mstring[39m |
  [32m✔ And I want to define "cpuUsage" in "deviceMessage"[39m
  [32m✔ And I want to create a "n" with this element:[39m
      | [32mfield    [39m | [32mcontent[39m | [32mtype  [39m |
      | [32munit     [39m | [32mMB     [39m | [32mstring[39m |
      | [32mtotal    [39m | [32m2048   [39m | [32mstring[39m |
      | [32musageUnit[39m | [32m%      [39m | [32mstring[39m |
      | [32mcurrent  [39m | [32m2      [39m | [32mstring[39m |
      | [32maverage  [39m | [32m15     [39m | [32mstring[39m |
      | [32mmaximum  [39m | [32m17     [39m | [32mstring[39m |
      | [32mminimum  [39m | [32m8      [39m | [32mstring[39m |
  [32m✔ And I want to define "ram" in "deviceMessage"[39m
  [32m✔ And I want to create a "volatilStorage" with this element:[39m
      | [32mfield    [39m | [32mcontent[39m | [32mtype  [39m |
      | [32munit     [39m | [32mMB     [39m | [32mstring[39m |
      | [32mtotal    [39m | [32m2048   [39m | [32mstring[39m |
      | [32musageUnit[39m | [32m%      [39m | [32mstring[39m |
      | [32mcurrent  [39m | [32m5      [39m | [32mstring[39m |
      | [32maverage  [39m | [32m50     [39m | [32mstring[39m |
      | [32mmaximum  [39m | [32m80     [39m | [32mstring[39m |
      | [32mminimum  [39m | [32m10     [39m | [32mstring[39m |
  [32m✔ And I want to define "volatilStorage" in "deviceMessage"[39m
  [32m✔ And I want to create a "nonVolatilStorage" with this element:[39m
      | [32mfield    [39m | [32mcontent[39m | [32mtype  [39m |
      | [32munit     [39m | [32mMB     [39m | [32mstring[39m |
      | [32mtotal    [39m | [32m2048   [39m | [32mstring[39m |
      | [32musageUnit[39m | [32m%      [39m | [32mstring[39m |
      | [32mcurrent  [39m | [32m2      [39m | [32mstring[39m |
      | [32maverage  [39m | [32m15     [39m | [32mstring[39m |
      | [32mmaximum  [39m | [32m17     [39m | [32mstring[39m |
      | [32mminimum  [39m | [32m8      [39m | [32mstring[39m |
  [32m✔ And I want to define "nonVolatilStorage" in "deviceMessage"[39m
  [32m✔ And I want to create a "powerSupply" with this element:[39m
      | [32mfield         [39m | [32mcontent                  [39m | [32mtype  [39m |
      | [32msource        [39m | [32mNETWORK_PLUGGED          [39m | [32mstring[39m |
      | [32mstatus        [39m | [32mCOMPLETE                 [39m | [32mstring[39m |
      | [32mtrend         [39m | [32mRISING                   [39m | [32mstring[39m |
      | [32mbatteryStatus [39m | [32mCHARGED                  [39m | [32mstring[39m |
      | [32mpercentage    [39m | [32m100                      [39m | [32mstring[39m |
      | [32moutageDate    [39m | [32m2015-07-16T19:20:30+01:00[39m | [32mstring[39m |
      | [32moutageDuration[39m | [32m10000                    [39m | [32mnumber[39m |
  [32m✔ And I want to define "powerSupply" in "deviceMessage"[39m
  [32m✔ And I want to create a "commsModuleMessage" with this element:[39m
      | [32mfield            [39m | [32mcontent               [39m | [32mtype  [39m |
      | [32mid               [39m | [32m<identifier>. Ex: IMEI[39m | [32mstring[39m |
      | [32mname             [39m | [32m2G-Modem              [39m | [32mstring[39m |
      | [32mtype             [39m | [32mMOBILE                [39m | [32mstring[39m |
      | [32moperationalStatus[39m | [32mSTOPPED               [39m | [32mstring[39m |
      | [32mantennaStatus    [39m | [32mSHORT_CIRCUIT         [39m | [32mstring[39m |
  [32m✔ And I want to create a "hardware" with this element:[39m
      | [32mfield           [39m | [32mcontent                  [39m |
      | [32mserialnumber    [39m | [32m4CCT                     [39m |
      | [32mmanufacturerName[39m | [32m4CCT                     [39m |
      | [32mmanufacturerOui [39m | [32m4CCT                     [39m |
      | [32mmodelName       [39m | [32m4CCT                     [39m |
      | [32mmodelVersion    [39m | [32m4CCT                     [39m |
      | [32mclockDate       [39m | [32m2015-07-16T19:20:30+01:00[39m |
      | [32mupTime          [39m | [32m3242                     [39m |
  [32m✔ And I want to define "hardware" in "commsModuleMessage"[39m
  [32m✔ And I want to create a "software" with this element:[39m
      | [32mfield  [39m | [32mcontent            [39m |
      | [32mname   [39m | [32mMT16LSDT464AG-662C1[39m |
      | [32mtype   [39m | [32mFIRMWARE           [39m |
      | [32mversion[39m | [32mtest               [39m |
  [32m✔ And I want to define "software" in "commsModuleMessage"[39m
  [32m✔ And I want to create a "mobile" with this element:[39m
      | [32mfield            [39m | [32mcontent[39m | [32mtype  [39m |
      | [32mapn              [39m | [32mtfdata [39m | [32mstring[39m |
      | [32mbcch             [39m | [32mbcch   [39m | [32mstring[39m |
      | [32mcgi              [39m | [32mcgi    [39m | [32mstring[39m |
      | [32mcellId           [39m | [32mid     [39m | [32mstring[39m |
      | [32mlac              [39m | [32mlac    [39m | [32mstring[39m |
      | [32mratType          [39m | [32mracType[39m | [32mstring[39m |
      | [32mplmn             [39m | [32mplmn   [39m | [32mstring[39m |
      | [32mtimingAdvance    [39m | [32m10     [39m | [32mstring[39m |
      | [32msignalStrength   [39m | [32m-55    [39m | [32mstring[39m |
      | [32msignalStrengthMax[39m | [32m-49    [39m | [32mstring[39m |
      | [32msignalStrengthMin[39m | [32m-81    [39m | [32mstring[39m |
      | [32msignalQuality    [39m | [32m0      [39m | [32mstring[39m |
      | [32msignalQualityMax [39m | [32m3.2    [39m | [32mstring[39m |
      | [32msignalQualityMin [39m | [32m0      [39m | [32mstring[39m |
  [32m✔ And I want to define "mobile" in "commsModuleMessage"[39m
  [32m✔ And I want to create a "subscriber" with this element:[39m
      | [32mfield[39m | [32mcontent        [39m | [32mtype  [39m |
      | [32mid   [39m | [32msubscriber_id  [39m | [32mstring[39m |
      | [32mname [39m | [32msubscriber_name[39m | [32mstring[39m |
      | [32mtype [39m | [32mSIM            [39m | [32mstring[39m |
  [32m✔ And I want to create a "hardware" with this element:[39m
      | [32mfield           [39m | [32mcontent                  [39m |
      | [32mserialnumber    [39m | [32m4CCT                     [39m |
      | [32mmanufacturerName[39m | [32m4CCT                     [39m |
      | [32mmanufacturerOui [39m | [32m4CCT                     [39m |
      | [32mmodelName       [39m | [32m4CCT                     [39m |
      | [32mmodelVersion    [39m | [32m4CCT                     [39m |
      | [32mclockDate       [39m | [32m2015-07-16T19:20:30+01:00[39m |
      | [32mupTime          [39m | [32m234                      [39m |
  [32m✔ And I want to define "hardware" in "subscriber"[39m
  [32m✔ And I want to define "subscriber" in "commsModuleMessage"[39m
  [32m✔ And I want to create a "subscription" with this element:[39m
      | [32mfield       [39m | [32mcontent     [39m | [32mtype  [39m |
      | [32mid          [39m | [32msubscription[39m | [32mstring[39m |
      | [32mname        [39m | [32msubscription[39m | [32mstring[39m |
      | [32mtype        [39m | [32msubscription[39m | [32mstring[39m |
      | [32mdescription [39m | [32msubscription[39m | [32mstring[39m |
      | [32moperator    [39m | [32msubscription[39m | [32mstring[39m |
      | [32mimsi        [39m | [32msubscription[39m | [32mstring[39m |
      | [32mmsisdn      [39m | [32msubscription[39m | [32mstring[39m |
      | [32maddressType [39m | [32mIPV4        [39m | [32mstring[39m |
      | [32maddressValue[39m | [32msubscription[39m | [32mstring[39m |
      | [32maddressApn  [39m | [32msubscription[39m | [32mstring[39m |
  [32m✔ And I want to define "subscription" in "commsModuleMessage"[39m
  [32m✔ And I want to define "commsModuleMessage" in "deviceMessage"[39m
  [32m✔ Then I create it[39m
RESPONSE_: {"statusCode":201}
  [32m✔ And response code should be: 201[39m

  [36m@device_builder @searching_datapoints @searching[39m
  Scenario: Execute searching with a timeout less than expected
  [32m✔ Given an apikey user by "require-real-apikey"[39m
  [32m✔ Given an ogapi "datapoints search" util[39m
  [32m✔ And the timeout by 10[39m
  [32m✔ When I build it[39m
  [32m✔ And I execute it[39m
RESPONSE_: {"statusCode":408,"data":"timeout of 10ms exceeded"}
  [32m✔ Then response code should be: 408[39m

  [36m@device_builder @searching_datapoints @searching @OUW-527[39m
  Scenario: Execute searching with a valid start limit
  [32m✔ Given an apikey user by "require-real-apikey"[39m
  [32m✔ Given an ogapi "datapoints search" util[39m
  [32m✔ And the start limit by "null" and size limit by "5"[39m
  [32m✔ When I build it[39m
  [32m✔ And I execute it[39m
RESPONSE_: {"data":{"datapoints":[{"channel":"default_channel","organization":"chemacorp","datastreamId":"provision.device.location","entityIdentifier":"CHD_DEV_1","_current":{"value":{"position":{"type":"Point","coordinates":[39.62467550256621,3.1096776465796636]},"postal":"28033","source":"GPS"},"date":"2018-03-12T10:59:00.099Z","provType":"MONITORING"}},{"channel":"default_channel","organization":"chemacorp","datastreamId":"provision.device.image","entityIdentifier":"CHD_DEV_1","_current":{"value":"data:image/jpeg;base64,/9j/4AAQSkZJRgABAQEASABIAAD/2wBDAAMCAgICAgMCAgIDAwMDBAYEBAQEBAgGBgUGCQgKCgkICQkKDA8MCgsOCwkJDRENDg8QEBEQCgwSExIQEw8QEBD/2wBDAQMDAwQDBAgEBAgQCwkLEBAQEBAQEBAQEBAQEBAQEBAQEBAQEBAQEBAQEBAQEBAQEBAQEBAQEBAQEBAQEBAQEBD/wgARCAGQAZADASIAAhEBAxEB/8QAHAABAAEFAQEAAAAAAAAAAAAAAAYCAwQFBwgB/8QAGQEBAQEBAQEAAAAAAAAAAAAAAAEEBQMG/9oADAMBAAIQAxAAAAH1SAAAAAAAAAAAAAAAAAAAAAAAAAAAAAAAAAAAAAAAAAAAAAAAAAAAAAAAAAAAAAAAAAAAAAAAAAAAAAAAAAAAAAAAAAAAAAAAAAAAAAAAAAAAAAAQUnTlnUwAAAAAAAAAAAAAAAAAAAAAAB499hcLPP8A7z8s+pwAAAAAAAAAAAAAAAAAAAAAABxjs/GCG+mfM3pkAAAAAAAAAAAAAAAAAAAAAAAcY7PxghvpnzN6ZAAAAAAAAAAILpuIQ096Pn0AAAAAAAAAAAcX7Rw8h/qDyh6vAAAAAAAAAAOFwzoENPTIAAAAAAAAAAAHBO9+eiC+v/GnssAAAAAAAAAA4xDZlDT0yAAAAAAAAAAAxcgq87+iPO5zz2X409lgAAAAAAAAAHGIbMYOeoAAAAAAAACOkio4tGTsUIs/DS5mrHQYFb+kQ9fefJedURmRFwAAAAAAAAHD4BNOdnr8AAAAAxjJc7gh2vm0KlxDL0/05sMeK2i/Y+gfQ+Wy79xfhmZun+nQJZxX6ejr3neVHXkRk5fAAAAAB565z0Pnh7LAAAWeQnYo7yvVkxjGNcN5fitJINPjgUFX3BpM3GtCtjWjM+4X0zWJUZCzUXftuouV2qi9ma+om0v45UeicrzrJjsiEykzQAAed+edD54eywACg1XmjsUFOMTKYRElX3kW5OhsS2Z9nVVl/wCY+MbDFs1D79+ipUPv36KlQqVCpUKlQqVCpUKlQvW6iRyvmX07xm8A3p2JBpWcF550Lnp7LAA0W9hxz+J7jTi5R9M+DSy2cJwZNgkU10u1hocuzryVb7mw7fLvMV49SVcH6cSyr5WPv2o+VqhUqFSo+Vfaj5V9rKaqvp8+tQbjTwLZFGv6zLU4bt+1Xl5Rn9RjR0rZeV+wHSAIXNI0cY11usrqVC9brOJ4tVmS9XifLdjYx7ho470W4cpdB1xD7/Tpscz7VgcrO4VYWeKlwpqyskwsjKrLN25WU11VlP1AjM18t6ERST7PKTVZu3xS7HoZzMkfPZTG1k3ZY9ITpgGv2GKeWYz6P42WNvzbKOj1x3eHE95o8PJi2+FizPNmiFMljWvZ9y8XJ06usdR5b1oh3NumcHKIbpcAnfoHyJ6tNzmXKyzYt0cnjZv3X53N5mwu67bd/wCipXYhp1aybWuhlvMyc1Me7qOZLPOUauRGhkt60cz6RqOhFOxw8w6WADH00h+HKuZendUePa/R/NDgX2QQ4233X5hd+qinKsZJ1XrHKOsEN4j27hxroROxyvvPLOunWbnEpeSrXynI5PGj1O9zsHP12bXV3/o9doc/pXt7XNzTEyRwKB4xTn7S6U3KPh9fai5MYVYOg67mPWTo/wBt3AAAC3rdsOfc29D4B4rg/ufnZ5dzptADYZWg251/rPJetkL4f3Hh5rqvn0v+ivN/oQmUBmtaed913aODL4x8XtVWu25ur8IgBJIxuNiWshSV0qj5V9zjHytTBTf6WV9YIn0rMyh9AAAAACnDzhEIB23FPIHP/ccFOQ9n5ptjM4j1HkJR9ouD0T539HpvqlYqfbLuBm2l88ZG7kUun3qs+vn0VLpbyrkeN/BLPQSCdclcgMDZ1gAAAAAAAAD5YyBHoV1W0eaeSe3IgeLc/uHKDD9L+TfRZ0arXbFPtfyuxh5uGvIJNo97L9fLh8rvVlWLqss0e9nkxI5Lsu4fPoAAAAAAAAAAAALdwamK9AoPPMK9Wxs89TLfQw6JteKSNOm4WDfrl0hjcnl+5ON8LNyZyki0s22WWb/0AAAAAAAAAAAAAAAAKahiavf/AAgsO7PjnnDXelomcAnuz6eQ2Z7PKMXMrAAAAAAAAAAAAAAAAAAAAAHyi4LFdwfPoAAAAAAAAf/EADMQAAAGAQIDBwMDBAMAAAAAAAABAgMEBQYHERIgQBATFCEzNTYwMVAiIzQVFiQyJWCA/9oACAEBAAEFAv8A2vkeWwMdFBn8C5lfkM677+54fe+LL7fj9UYcfwem0KPKvPyGqPs+l3vH5DVH2fS73j8hqj7Ppd7x0uR5bAx0UGfwLmV1OqPs+l3vHS51339zw+98WX26jVI9qbStW930uqMOP4PTaFHlXnU6sq4aTSNfFfdLqj7Ppd7x1OsSuGh0aXxZB0uqPs+l3vHU61Hw4/op55D0uqPs+l3vHU62fH9E/kHS6o+z6Xe8dMqVHQojJRDWz4/on8g6XVI9qbStW930alpQU7KqiEHr62tDdNaXI9nNjCNlbpDUwzyWi0dhSoeRdLqyrhpNI18V90Nhf1NYU3PX3h3V9cqi4/FhplWLaS5I8t+K5FymQgRsgr5AQ424XRaxK4aHRpfFkH1plnAgJn6gRkCTb5JcnDxd102qqurkv3SEE6+8+r6DMuSwcbJ5bYjZFBfDbzTxfX1qPhx/RTzyH6b0liMmdmtbHEvIshsw1jsqUqNjkZgjk1UISL19YccW6rl3IgbrZDxDY8QO+WO8dHG8ON4Mzpsc4uVTWxFyaA+Gn2Xi+prZ8f0T+QfQUpKCl38CMJeSWb5/0+RYON19XEH9ThMBy6lqDkh57lUtCQclI45Ch3bpju2SG8ch3yCHiFDv1jvXB3ix3ix3ix3ix3qw1NkMnGyiY0IuTwXgzKjvl9HWz4/on8g5nnm47SNRqyxXIs5kobmCVsDfdMuVS0oBydxwvrHAwgeIQkG+4Y3Uf123nWji5FPYEbKIrgZmRpBc2tnx/RP5BzWDzRtZBp5WLUdhlGOHXZPV2IIyPlW8hsd4+6O6bSDkJSFOrV0yFrQca9nxxGydlYYmRpJdutnx/RP5ByrUSEyZRmcmWtS0yCUVjh9LZhcLLMbOuzKDINMuMtK58NseNS+CciNhUviG+/VoWtBsX82KImVRXwzOiyBrZ8f0T+QctxJ8PElu/oPzMEoyCJJkLmprrE/6LHSTlXGQFsIbCuJI8VJSG7eyaDWTW7QYzR8hHy2sdJiVGkp6WXbwYQfyOY+fg7OebNRJjhqfaxTkzWb2LiNRWYxaMWMORy5Me0SSrdPITBLOSg/EqhpUF1CFB2jfDkCW0DIy5G3nWVQcqsoorMjgWAL6mw4THCobH2TrWJAJ+0s7Q4GNOunCxtpsM1sdsigtLCaSMoHWwIyZ1hEbTIyRht7EpUp7kyo9oLp7p5EHsJjn+Z3w70E6OMjDkZh8n6VJh+HIj8iGXViqyGfVqiymJjXMTajBMgmkgkkNhsNgeySnW5rOJjpTFwscjMEiGlsEgw2wZhLaWymXjLRXGTNsOWq5ckY/WoiNYp/L7chY8RVFJTsSiPlm/wAwm1nyEowTg4ScD1D4g/7anoVDxYzEXHmGhLpq2QwTkzFp0OWzOY7CSZhLIJBENhsNhsNhsFrQ0iXMfsnKujJIYjIaIiCGjMJZISJbEYry8XHbORcXQebg49DpYL1jMXHSxFxT+X2yT/Re18qBJZsjI2JyFhLiVdsvymtLQ4U8myCIr6yNCkH2MH+5UElYZiRlNWMZpgSromzlZAJtr4lOK3CoE0ghkEnYKUhtKHnXh/nDvloCTSothsDMklLku2b9VUJbJtskklBmEMhx1mOmbbfplZKqYqNUGayIW/HOsqCEllub6GK/y+15HEVnWd8VpjZ8TkaXENixUkR7BKg26lQm/wAzsiymHEWbkdTfYx6lOIx/t3J+VsymSqXGfjrBHseOySn1Ow2Bd3xOSX3jSkwk1EGPJ7YbC2lKdXT1ZJJtrhJDI4UNlJtCSLTJY7LhRrO0NlhphBIGxBFeXiYMc0osEmljFf5fItolCRXIcE7H0OCxxjYPQZcQ2LBbZvSCVJJRGC7duxj1KcR/TuvtMP8AdcaQ8idXrjGMBsYqIJeY2EiI5uhbe5GgG82RxIjjJ7CY/wCGj1MFT7saJwJQ0RCROZji2vmIyXJ1xcqhVsSCRJMxuSR9+xpXAqBIjqFwlPg8YcLxpHvzKbJQfgoWJtE24LHGBY4xIZUtD8ZSHwlZHyMepTiP6d19pvqgyJRWFWbYoNOo17jLxZpiKqnNKqwCFJWSiQ4PCV4bNLJfcbCW0ubKrK1MZt15mMmdb7IlZFKnLj1DSXSLcbJSDMz7NuwyMg682wkrJ+xXQxERUI+3OaCMPQ0LEykbcFli6FlY4m40bzEqIaHwlwj7GP8AemEf07r7TfV7CMYo4TVAbhLFzg1BdB6hzPFFVWfQZCmH2JLew2GxivgtRkyLTYrTJmmXTr5VmtCENp4dhvyNtLcPdiOLG9QhTFdOtXaqiJoo0YmyLy+kaSMOxULEunbcKxxlKys8RNByIUyEaHxGdI10xiP6d1/rN9Xtxv2YEEuGQtsZo70pGC5HQLg567Dcg2UCyaLyFvfRq9t561vCiQo8Jsi3G+3IRGoyZQ0J9szGbclWFsqpxokiDUoaJthKC+qaSMOR0qEqpbcFhjaFi0w8t11s2C5RyBEeI27kyNM31e3Hi2p+QlGQn1tbatXWFpqnqmzzKS3CqmYp/ceRD79m3YhgzJclthMu7W6qBQvy3a2iQ2TENDZEki6HbcLYSoSaxtwT8dQsP0j8JcS1Q2LaTumU+Rukoj7aIv8AiOV0+Fu6dWtxtPAjlQ2pw/2mROt22j8NPtV1eOpQIlahokNknpdgppKhIrkOCdj6HBPx95BWVLOZWTq0GiQRglkYpPaeWX6MlHHP7dgRGYJpKBJmoaQt6ZOOvx/zhVCGw1HSgiLbqVNkYfgoWJtE24LfEW3im41LiBK3Urp7MmojMttwEZHyS/Rf/TOGxn2IaMwbyGyXLceVGplurh1CSDENKAlBF1poIw9DQsTKRtwWGLoM3a6ZENiyeYOHdkYYnNuBKiPsmei952ASk1H+20H5fmzVyZZxKpKCjwUpCGiT+BNJGHYqViVUNuCZjqFCRjzrZ8U+CcO8EexacEtxJsKPexLYLeS2liJMniFTMxwzCIg2wSQRbfhDIjC2EqDsBCg9VIMTMUjuiRWW9YHLxRN10k5Nk33slcHHkINuMQQwRAkkX4k0EYUwRhUYhZ4rV2aYGAohSo0BmMhLQJH43YcI4ASf+i//xAAkEQABAwIGAgMAAAAAAAAAAAABAgMEABEFBhMhIjESQCBwgP/aAAgBAwEBPwH9KEgd+zLhiUBvan1vYcwkNjyqHIVJa1FC3znYuiKrTSLmhmNYPJFRJSJjQdR683B25StRJsaRlvfmumGERmw2319Qf//EACMRAAICAQMEAwEAAAAAAAAAAAECAwQABRESISIxQAYgcID/2gAIAQIBAT8B/pQkDz7NqqLIHXbJ3loQqIxyypObEXNht97mqpWbgo3ODX3B7lyrZW3GJU9e5pKWW5qdjifH+ve+QQpXQRp4/IP/xABIEAABAgMDBwcJBgQEBwAAAAABAAIDBBESITEQEyJBUXTCICMyQFJhcQUUMDNCYoGhsVByc5HB0QYkY4IVQ2ThNDVTYICSk//aAAgBAQAGPwL/AM12w4rHRo77xDadXehJRpd0rFf0KuqHfH7Rm873Wfu0UHMeszjbPjX7RlZ8Q+fzuate7QlPiR4doy8HOM7nVH2jK7zwlTW7cQ+0ZXeeEqa3biH2jK7zwlTW7cQ6s2HFY6NHfeIbTq70JKNLulYr+hV1Q749ald54SprduIdWm873Wfu0UHMeszjbPjXrUrvPCVNj/S8Q6tKz4h8/nc1a92hKfEjw7Rl4OcZ3OqOtSu88JU5uvG3q0rvPCVNbtxDrUpvXA5Tu6cberSu88JU1u3EOtSW98DlPbnxt6tK7zwlTW7cQ61Jb5wOU7ufG3q0rvPCVNbtxDq9h8dgdsqqg1ySW+cDlO7nxt6tK7zwlTY/0vEOqWnuAHeizP52J2Yd6pAYZeF3YogvJOs1XNx3KkzCDu8KWg+TGF8WFMZxzO6yVPNmYDoZ801j329Wld54SpzdeNvUv5qcYD2ReUYfkmS/vifsqzk1ELT7OAWdmXAeKzMk2y3tcnOwX2XYVVJhger32D3qsN4d4dTlN64HKd3Tjb6e3NzTIfiUYfkyWdHd2jcFZfGMJh9mHcrcap8VajuaFYkYVPeKtRYhcfQ1hRXBUjARAqPObPerUKIHeHUJLe+Byntz42+ktx4zGD3irEo10y/3cEWQP5aGexis5Mve87XFWotAqNo8+6rMu0Qh81aiPLj38q8rpLWrmFXQivVr1a9WqwiWqkeFbCpErDPeqwojXeB9LJb5wOU7ufG30NpxoFc4xXbGKzKtZBbtOKtzUy6KfFc7FbXuX8vLV8VRllngFzkVzvjyb3LRBK0WUWnFWk+qubVXQ10RkxXSXSXSWOSsN5CpFFsKkWsMqsKK13x9FJb5wOU7ufG3lvjxnWWMFpx2BPheSogdZ1uuK5yMaZMKqzbu2DlaRoqQ2Fy0n2VpGpWgxbFefT1hxC1Ue7ODvVI7CwqsKM08uS3zgcp3c+NvLdLPAdbFHA7EZnyLGMnGxs10f9lY8pSxmIA9sfug0Rs3E7L7ldybytAWRtVqK6p71SG1Xnq1WOIVM5bHeqTEOz3hVgxWnkSW+cDlO7nxt5RedQqnRCcVirMQAg7UYkFvmsXtQ8PyVqE7z2WGy+5ZqcaZaJ72CtNjsIPetKYZ+a0IzGt8VXOtJ8VoEBXnrdWOIWnFq33lzgp3tNVzUZpUlvnA5Tu58beVSnrNHk3ouiy4D+224ojzmKKE6166J+a0Y7/zV0Z35rRmYn/sVoTsX8168P8AvBfzEq133Sudtwj3hW4EZrx3Hq3OxgXdlt5VmRl7A2lVmYr3dytQnOae5aWmmyPlaXe+G02gHaio3lCAYliPBzVk6rwf0XNxh8eTCP8AU/TlxmVuER31XrHL1zh8FVkVrlpQT8FeORahRHMPcVSK4Rm+9igy3movZd6bArArDJzr6v1NGKzcEZqH3K1EBK0mroBdBVMNWntY0d6LIDG07RXm0jWYj9liiw5lxqGh1Ca0PIhn+p+nLj/iO+vIvWlDa5VgPp3Fc4z48jQaUIE61z4PvYhCNLvDmn0F5WCw5FTcjAkhU63rOx4dSdaFGrRAWGSrrkWSwtO26lZiPfHjOwYy9N/xCM6Hb6MtDN/9yzrYQbVTP4bfryIwA0mi0FQ8qP8AiO+qqGHk3qgv7lWCwsd8lSLDNNq0mrSARgx2DuOxUa/OSzz8k2YgOq12W5aSuHLMSIaALMwKiF9UHParhyKYu2IxJ2MGQtQC/lB5pLf9R3SPgjFay3Hdg517nFGZmDacTVUaFM/ht+vIIOtRHwmWoJNRTUqFYrHLGP8AVd9VVpQI6StNhkhUe2hyhAPaCr4LSi6Xu91FpNCrnIsfeEJaI7mIxp4HJpK5WnuAHeqyspFiDtdEfNf8Iz/7Bc/Lvh9+IVWmoy2nXALNQqiEPmgS1UAy1iOoiQ/NsGtOlvIrM9EwMU9Bq858pxzNxsRXot8ArlY9iFcFWi+Kmfw2/Xkm5FzW0KvBIVCrysVH/Ed9coFoAgYFANILu7KEMhRDjR2pwVIt/fqyVCgTJvdZo7xyvmY7M5YdZhMOHiVzkQ5MVYb7V9MvmUE/fQcWqgGS04gBWZf80YLXmYmThDZerflmLZhaoEP9ShDgw2saNQCq80Vyc6mJqqAK/apj8Nv15XRR0ES1qwJCo5RTtefQDIclh7agq2zSh/TI+Tix2tiW6taTqy52ALW1qo42TsNy6QVkG044NbeUZmaFl7hZhw+yNpyOia8As468m9AUyUbpOWcnZgNGpqsw2mSlO0fWO/ZcxD0ji83uK7lo/nlqRVUtgeKLmkYhTAB9hvoOiugiQxF8Gu2hVmMwt5QQyHLQhGPLjR1jYpbynCnHy848uNcWm+5UnIJmpYe0NIIQ4rsxFOpytMcCO5UjQYcT7zV/y6D81SXhQ4X3G0V+Rsuzosx8ULr1V5+CLnPEKGMb0ZfyJBtDXMPuaP3Xnc48zMz236vBUCvvKvyX5LwrcR4aAsxKlwha3LQbecTt9FguijzdUXQKt7tSpGhkd/ICGQ8mXhsuAr9VR4qCjEEHzWMf8yFd8kYvk6KZ6VGoX/JZjynDdKRcNLBCLAite04EHLcs9FpU31VmAKe8V5vKMdNzJ9lurxQmPLMa1sgN6A/dBjGhoGAC0lQXDLctEfFXc4/5BZuFz0bYNSESccSNTRgho+lwXRR0EXQQWH5LnYZptGQIZDyZfw5B8+k25w/5jbnJ0z/DHlIxoeOadj+xXmf8SeT4kvEF1sN/RZ6SmYcVvulVVuZi1Psw24laZdIyvZHTd+yzcvDsjWdZWwLR/PkUCrHP9oXOPDG6mjWrEAGDB+ZQJYhorD0+C6KOgi6G2we5abKt2hDIUeRLfd5Wa8oycOM33hejN/w75SiQHj2C79U+Umwxgp69wv8A91nYj3R45xiRLyrltV+S/JaebLVzeiNbijC8nttu1vOCz80S9x2oaKw6nguijoLOQB8FmpkGE7vwVQa8mV/D5RKsA4mia3YOVohdt3yVmuciamhc+S1nYCGguj1fBdFHQREMmmxF7W2grLwQe/LK/hjlFQx72W7LWMfgtJwYzYrEu0w4fa1lVLanaUNFYdb6KOijWHftCJhEupqWbLTawooMBx6DQFjySof3sl+S064bVzd3vFWJVtt3a1LOTBMR3yXRWHX8F0VbbDv20WjUhUfUK8rHKVDHvZKBdpys3vfqaFamjZb2AgGsoFh9h4LoroKsElq5xhptVHFYq4qH4q9Y2QubbmoXaOJWi2rtbjisFh9jYLBdFF0KsJ+1uCtWDFhj2mKy4pt+FSs1Jw847bqCEWcOdibNQWH2ZgsFz0Cy7tsuKdEM1bhHVrQhwYYaP+9//8QALBABAAIBAwIGAgMBAQADAAAAAQARITFBUWFxECBAgZGhscEwUPDR4WCA8f/aAAgBAQABPyH/AO65oBUwrktpg0FXdxgZ/sdx65+hU3/tOuKpel61/YDCCsOrhH3IGpi3Siv7f7H6yf3n9j/WT+8/sf6yf3nps0AqYVyW0waCru4wM+q+sn956b3Hrn6FTf8AtOuKpel616m4dE+7D02MIKw6uEfcgamLdKK/t9VZ+mdM6/TH1k/vPVdt6YUJd/pj6yf3nqu1dMGoeXpj6yf3nqv66H33pj6yf3np/rcIblcQdx8ProffemLh0T7sPSbcC1VUfoljmd4vcdtU7wsx5DcVEgbXiVpTsMOEFGuP+Ul/aTS9MWfpnTOv0JdZYo6hfoI+scSPBbD9Mr6zLCHbjXL2muXxLMjLAqcGtcSmObphlIM+01qTyv0dt6YUJd/84rBHc+IxsM138ziBqpUM2jqu2Caxs6vtKlOh/BO+tH+DTSCqLwyr5YdZWK+FK6Lq9BaumDUPL+Qaie4kdfY5bvEqGgBo7y7p6qWFEI5xCcJ2FwN5J1hYgbq/M6YO7NWMdi3tKOvlkF2k9NDgS9S6Mp+rt5Rs/jiAyj/KfXQ++/hFIy1VgKd8H3GS31I6kxdwh4vG2TEFIzfGDtL7kavvHlaLE0bs2p3zinaf9un/ACibSnAEt4PbwvXTqocqE50PiXiPRleTrayk7oyShc6fxProffecCiunQNWPiHVNnUHaPN9bDFNVl+6LrmZkHaE6vlCsYsWjmbOHBNb35jgfqmiJ2R1qypUCBAgQIECBAgQIELMjhlJRdpqeYjJDlp2vPn+uh995wgvUVltmA3rQJv03jSLXWx2fuGBN1kAtCeXmvg1j8j2s+yZDIODeDxqVKgQIECBAgQIECBAgQIECW4vRlIqG2crkKAG67XnyfXQ++8xomsplVNY5p1Ny9gWMuCXPI6xeF1KvZqQdoq83fb3gzTwhhFn4K5mg5lW2Zt18LNIRzeYp3YyvCpUCBAgQIECBAgQIECBAgQJUDyW6pwwCxLZwoB7AhY2m10z6aH33mLjWefEpVMVj4aWwuoX59n/9IY96rRhSZzS3jSvUXL+ehoX2hoQ73/MvBucLGaE5omfOBcfUNrkCBAgQIECBAgQIECBKgSoHkxUACr3hswFnlj4gfVZJBphOSma7HPFdWPZYVNYZN0uCTLdlTLHJ5P8AWdURfEJUyM1mZYIV3TVwuaD8xA2M+5eKQ3yiNIPXyFjjeqKm8Z+yFoU1evh3lEsgQIECBAgQIECBBcMP/Gh/5Uq3So30TdqXhttrfeAnDzABCAg+CYavxEKbKRhvGzYEypVFrR+92ji1vmLU8nSQ/lBevAgQJZuUv/u0FCdwahpnxK57RmW1nBDLXDJ5GolWZ5U9GAdexIECBAgQL0m2V3h/8IXlB6GEkEWjgMqzbDlH4mQLWrWJFDCaitVhNUJbYBqsp2eL6IMY9Zy+0f3KqKcqOKQ1qf5HLyMDPwrX6jLE0ZhAgQJ/n8odYnaaa+Au0BLcZQw7LdL5D6ZTGItAYZQPzQQYka7Oo+SXSVlu/wCjCrm+HiBAjNC5uKbQQkgggggkJ7VlOhtde6EZCDQScJNghNSJAnGm8MS1jIKuoYeiEGxPnjG5WRYbqUk/yOXkKksFJGaIrqHDL2/MEBgjEECUWLBPvAoq44i1W+tcSzuaMu04k8WIBd4CV4lNElTymr/UrwGozUjrao4/Kj7bBekRz8IQoVGRnqqE9S59sAcvbzza9/pZCZE3IQQ3QBaszKPB+UzNoOg2Sb6ShDo3Y4KNa2sRPPWU77wTbsMAFCiHVXFdd5oJYafZP8jl5LUj8hLJ+QmPo3I4KkoyFOkf4/KaZGbxEVYtW0vVfDw8o0+HhTkJDJoOh1eCElJkY41trowwkhs8tjqalvECngvEdAavKiFVaNMQggmytx+JmLQwgZ1Jg0N2XdCmr0mCE2YvrxF5brdRX3TQzhSIIYHjdlKt88sdmvCKCmmyf5nLyJcGyQJsQqg+Iqo3kmHgS0SJzLk6n7ZvnlKZpQz+Lweb3jQ22iwFN/28Atp1O+iAFkIttSste5LWs65RCH7YY2IFnsS6bti1Nep0hBcQp5ZXlTZYRkC2wTHxmkY7DLl7G8ZOT0HoQj5XNPVmd05MNPt5RVWtspglQTVEdsJdg4mHIOt8soX5UGHaQdsQxofENwT2iHWVULs7qYgOrNwgw8QZ/F4fV7wYoAjqMPsNe/8A+JswuAC0aneC0fv1d9T3i+mzTL6MMPGRUDpvSX5hddv+dZSKutC+dZlWrhAerAEkYZlMd7DViDfWmmJsRz4ji5na5TtbRVRcPoLaaq9vA7HSXijBNQCJd8SzPEsu/Yhm7d9Yv52sP0g7ZhDj8Q1SHZJYiciKHQ9k5WbhBHxyMO0Mxn38Bh1TAUMKG2UvCYiJYzdAVOTy6GcpBBh1edOIMsi3L3294Qh7thIQRdjVESDIUJiAg63T9+5tKqQbXXdgwxUCggMnXTeLqjoHgC9DmFH7Svd5aRPoDdgvyGDTiyIL0WaO66Q2BBSv4tsgjZijGY5o9J0QQPwiEoesTnZmaE4s/H4XV7yvAlw+r8wIkmoTBTMHW9zX3l1C5VPgr/hLfvsqscrruYhBa3tTuakyHCWHPyE4CFr43dj6sUQamonK7xRfuMBpe7WdWGcBcoNcsowr0get21mIqX1UWWzfa/UzTLlXVmCkIBABp/LsEHbEBcITQ/ECm5Tj4l3YmTGbAudpnGfa8anzv9wIECE3yI2Y6Ls6kyZ9vHsD8MwNwPmCsQ61274OICqFwNfP6iqtTSex0nQ0nf02N8Q6qN1bGif9gDL69B2lmH4hCjNp9CnVCciCOEJoPiJaFbjDCNi71feAoQmoxBmbxDwq7aBAgeATthLS9JDN2jwvFGDjwLdPmFGnzK57kOmfwlyODCFjpo+8CuSukCYQfBNPSIdYZkQJsQqg+ILT8EfPvhrK2FqCprDCdZWm5BA8AhFUbaMVfjwqXbQthyyxCgtgftTqxQktBqy3Bbj4IQGJlyLDMHxDwQGj1CDD9IO2IZQ/Ew4bNQlZzuGZU/tkM3Cz2rACjALGBAgQwVo6JoXDgDiHAQWzroyCU1gxfvLRD3XHR2JWrB5RgOnrT9IO2YA4xiE95MRAgf3SUZMMowPD4rIpqU5uH+KiYOQjCK2f3w4gbBBSQsEANP6DZIE2YI4y0ofEQNONoaFe3JCxCKYx8w1Po36hWqiMLH5Y3m3D+AhZnOQpUXAUD/SNkmoCXuMvSqPSVZ2X6Ebe8B8kstHhm24pMrdz8hm4VCMQBUJtM2z+oQZsniQkwLxnk4JSq8XC5/g1hm0I2lV/WIYmV4gm0AP/AIJ//9oADAMBAAIAAwAAABDzzzzzzzzzzzzzzzzzzzzzzzzzzzzzzzzzzzzzzzzzzzzzzzzzzzzzzzzzzzzzzzzzzzzzzzzzzzzzzzzzzzzzzzzzzzzzzzzzzzzzzzzzzzzzzzzzzzzzzzzzzzzzzzzzzzzzzziTzzzzzzzzzzzzzzzzzzzzzzzxTzzzzzzzzzzzzzzzzzzzzzzzxTzzzzzzzzzzzTzzzzzzzzzzzzzzzzzzzzzzwjzzzzzzzzzzzyxzzzzzzzzzzyjzzzzzzzzzzzyhTzzzzzzzzzyzzzzzzzzzTRDDTzjzzzzzzzzzDzzzzzzjDSTQhCyRBjDzzzzzzDzzzQChRgCRDiSzBDCCBDzTzwDzzxwTTCjRxSBTzzzzzwARTTAjzyzgTwQBRywQhCAADDizji8AwzyzTChjTDTTyAQhTRwwQRmFEQzyhigTE5yTjCzjRGItTyGxDxSjyzyDxxTDAARTwznyKyQAzghCRTzyxjQDjSixhxe8zgTARiAQwRzzzzzxxQBAzS1tVRCAAgRjBTzzzzzzzzyzihjAqlyQAgCSBzzzzzzzzzzzzwyCTzuxyBhxzzzzzzzzzzzzzzzzzyxxjQwRzzzzzzzzzzzzzzzzzzzzxyzzzzzzzzzz/8QAJREAAQMDAgYDAAAAAAAAAAAAAQARITFAQVFhECAwUICBkaHB/9oACAEDAQE/EPIt+iFcmuayQ9j4UYa7kvGkDHuEBuZhv0bc5Sy66BQcI2JURYODgiotytx1yCqt8bCfsoeTBalUT25VOAuRcMm77//EACMRAAEDAwQCAwAAAAAAAAAAAAEAESExQFEwQVBhgaEggMH/2gAIAQIBAT8Q+xbaMqTWD6NdAefShiHcl4xA28wgZ6x+jr5mDZrgKBJHRUFAOx2ItyZ5VwVVujoT7QWWDkKJs24QCNw6J53/xAAtEAEAAgEEAQIFBQEAAwEAAAABABEhMUFRYXGBkRAgQKHBMLHR4fBQYHDxgP/aAAgBAQABPxD/APa9/wAfZ0Lt1dsK8Rp70cDdg4CZ/wCjxHv1bL1rPcUfAa7qeDl+a/6Bzc4RXaKGnbM1NfHpGu6FXD/6s8+fPnz5v+Ps6F26u2FeI096OBuwcBM/V+WV/TTxHv1bL1rPcUfAa7qeDl+a+pJaSZjov02c3OEV2ihp2zNTXx6RruhVw/VZz1KeR7p/+iefOR9SgufB6/6P58qDqmTcG1/8J/z5fv8Ayyv6eSzpoZ7IIPVgkfU+pfvyWkmY6L9JhB6xQerDxdAF8MCMExwlMva2ekeEeRputhV8q7aeGG4qDpkwbFsIsmzFVznsC6Y7/TZz1KeR7p/oRAUANViwFwFd4yV6y7B4yL7B+WGUpqwOKYg8W2Iz43YdKi9Qv2eYql1VtXea5dJV5Y1sD1L5RfgVxs8WGOojccpYIRrqDgfJBJSsRw9Po8j6lBc+D1+v7EPjt4GZXdFF9hqiBIuQy2Uyx+88onq5jFMWU+hqY9LmKl/45jBSb1g8GhA3Z50lXA5+IXC1lTHJ6ulr2hJt1CveQZragu3mEkfcX6BQdUybg2v6n5orJH7w5AsK19mQGUUUWuXv4qGXnaC94DILVg+8scHVTLt0iBzgOh50IkTrWKdGsD4hUzHhwmEX4zBP2MHpgh98G/4h+UXBP7/5g2/3P5hEU56ipg4aJTzMRHWWW8zLGYQft9O/flBm6YIOVWBGXaomOchVX5cEUm5G16QwRAAU4p7DSGX4mAvZVsMF+mYerHt+2avbSZXqdE0wawPeC5/hc+0u+PiiaAd31feOWo3P9I5KLfn7Q1ovV+8AUatLoimkerHRPiizh4CH9IQfX7c/+Ahs/sIfVXmBYRu5DSfhvo8wEz9UZPMGr3Fft9E/fsA3mgbTwERX0oqtbktmKiQowA4iFqe2YKZpWntLuGbGp8BFVUtdVi38NZ4lRt25YPcgKI5qHyy92TI+xAPeJSYszpHL82wg/VAAAAOCixclf2BqNeZdzMLZJRhl0J7Jrk/Wfv0klNKVIOtm0Zwh8NeV6nCnUCLCiJrgQsc42w485csxouHLswU8aI38Fv4l0TtzKYUW8omtKZXA+kolxopR7S3FF0EC4HtCCD9EAAHR+gAAHDXIsVP9oLZgC/och7Tbmsk9uv6b9+jAMDwFx0u8dOCCtQ8x0RKOB2Os0hMAC1WmMu5TFmVzoDLa9/MHckMZ7ujwIUhrVCe8ucksGfAuWrB30HvKBU0VD0XMjqAVFzW1VuEBCD9MAAAdHzgAEIwAIECGtDSxUJh+qFAdsWVLVfsU1jFnQz7DGLjZrnz7+pLUVq0KvsMre3HdbthiPC8shZUdOa0LXdTHquMCiZBYRwYcEbqroQfZrnMWaLd1/uJhbeGh/eYsg0pfmXeYKpPzQ8AV6Z4qpgWRlu98I/vBmRg/clocjxs1L2TZgHT5QDo+B0fOAAfAEKwAKIECssDTMUQTrGnrCAI0H64aENzOph9GJTrzdnmoaF8ylZwkDIG1KZNvQ03jRIFavZtldxEaV4h7wAII6J8jiNYERa7x8A+AYSgXWmJqcNiRK9ISomqzooB6ShZW5s/ptN2ABr5xOmJCn5HAFYxX6S2gcHA6EH0OEs+xFEoiWJ8Do/SAAAfo3pF6N6p0rylDJeRgtyCxZyrG18esW4E56u9UUydrdWX+ZW0VCSBh0PEHrFyRyXbQCCUgQAnR+ZuKKAHnRHbKct4yEB4KPkBq/s42suyBvBKJyQTBvGzmWkjaI6kMSwNxph9E94P9xreDVAfG/tGVsjrngZWw6/yvxBWgtYLtt4QSGqUC1pLW7DicR0RdJs/MADqgr1KPSjUK9CpS/ebmmHwQuJ1ToiCZqFAQ27Ky1f7vCKs1lntjwSppLhVauCmBF/ojIrEh7tFBHA2KFJycxDyNWWhTQg4rXpZDodGYuDpRm33q/LAyi37VOf7kqV4yzMm+sI5uWfAzEFhK4CCjbiKQImo/A7lFdWMAQ96+8MR7gjf4Y9tw1ezs29IFp6lnxMt8b4QR6uSBfVDK2icxmUgYcmaLwQZamxzRlcJOj4FgKmn6EhYB6MwuJ1zpnXOmdMsk0bAR3TSqzt/hLrmC2Sl8GxHaJIl4QwrYacGHunviClS6UtjlYjX68l9nG7GXOkChqosDVqajbT76HBAiEOCBLPkBhV1BhEpJnxcWhujqBHiOTBgAbe4aSblUsZmIrJnHIYI17TcX0SUy9C9di9wMMLoqzq41JNaT8DqZk3IchxvVNeYhEfeGrJUNPq/EdE1MBIrXm0Z4zVzTsxJwOgJgeLaGYOq9K3lBiP8AMwYEdQAy3SBOG2hXsYs7LgQMdn2QYckoH7tawk4WJYzrm7UR6JbAEJPQw38vxAvYDkgoiuCOhnAKi0tKwZ8BHrOEpGqu0A3FCRWLd44IHE3Gi8Pg8uYCIGACggQoBslZXmGiEDNQcDT935cGCNSAZejtMtyWmo3EHQbj8wcjDwLeWAhNxCwyhVYHkagqFy3vBZYIITUWgmOd4UQ3Lks3eXbFf/YZyQnE3J+KAGYz40g5hbNYjJ0m5EC5Nq/wvXwSMsBqJoymYztv4y/WdU64sKGT93RgviBExQaArYMVEBRvjiUtqOFsqIgYsBhtQ2nROiBGFHdu384GjQ5IYIoqUrAU1CLRC9Hg8PEYl63T4sHtiUJcnCAyujEJk1DF6EN3HTV4iVcA+RnKmVa3BWiDSLan88ZX8gAKSJgW4HIvqJSLuGKFaBTHSp8N1DKspMIy/wAmaA4Ep6yrYEo5MPMA1zKonMq9k0IaVcMwLyhigpRp2cMVsC0M9f5fARcwkgWh2uvWEHEdEnXFa/q6/PI9S0PFO+WMudl64VNGvkm8FjAnUqqXi4GAGydEtmesnSDqqUtVbWEmKC8QgAAascuDRsPLB/jfl2ByppS4KfZhN3MGSGVLDVXLCKUWuIP5mC6v08EeOTVWCFhjS4OXcN/SUXJVaUCGuDvGyiQHR/uhD8rUCLBLe0NEX1FdF3D9MWiUZXfMairbTtKpU1eR4dJVENHEJ0fgIB8hG0Z0lKm8D2mOn7Tah9noFiR2p4Oe05/ZCqCmUusKTBg+kq6mec1rlrGFEX7Tt2oyaOO6hXkB6JyJBYJgpR933hLVXeSvtjFAOq2DvU94jGJyq2s6ImnLoYV/BGsmLVKkVdx6EcUAFg5Zmd6ao3zLXjEMGm6SNzTPG8LLXBMnUNjj5d4+OA0GA8E0hmX03P8AEW0ug3ioMpZZVkEXltaBGUiX/bmDRiHJbtmDfHzoCkjARnmAWZ1F8dYu7VYUZW6lbCvyRarKoK/XaE0fch40zDLEn3UH7JrRGhOzKrzdDXEqZgARKRMJAMJR0BSiUm1TgOyOGBZl0Fn/ACKj0EvOB3FUGtghdWECtNBgPZAEFFYlzwmpOiBxAKFIxMlUl5ljgh4OiIkZK4fOiYhm41wBja84gOzFgGgBDLB1Dq/iKrvePLvA50gNlcjSJKOd3r/UtVQ4A8sY4VnWvzD/AH8oNMBHCEWR6O75jUiggdOCCA/RQdSDtjMJEX1M2l9QMDDY3GWr2tWLzs9Imemg+ruespo+7DpGpvD+hNCo+0Yb8qHCBWYkmvFL+7m5G8NTFK4524DUlDxNixCGC0pDUeXLtBdBht6Lym7ZHpAEvdDkdhjIQ4ARXnSLjhTOOHlj4MhS6poeNYG10DyCsp7l8p/irmYLN6jxxMrYq8wKyHEMrxtj+YfWsAIdva0X5OIuFlJ9LGVli+0jHlbJegqitOV3mHJA2gAAOobQ/VApg0dfUstl6lpC7i4X11DzognQ+Vovc1JQeKGjBgBozOjlAqBvCKImv3l8kFjRjwWlV+Ak7p2nDHq4EZjOpIoYEgkIDZndhmd4qZeaWQ9XB6JdMjXg8sylB9v8y3B4lmrXYgktPRr/AFLxRXAlaRZca+CHdPyS3i9I8RkBV6d0fA1svQNCK4kCCYiHEEAGPoSsI8ED1LPS+oluu4yky2xAACFM6dbfWWmCFgTpgOnVgoglHMepXA3fu/IAGxKpm+qUyeDC91qaJQvoVAvUxLNI2RpADLBlFHL8EGjy6rWWbpusB5Yjs3JdX8xwp4z6fBgI/YMpKdt4xAUogzArqGQSoAKCvpC6EdCLlnC+pdQu4QR7wV9m0LklQUTxvHSTpRHoyoBmCCY5b4oBsSqCIo3GPewbfa/xAvLCBYBa1oeWANs+0QG5dAIHrLld+TiByDL93dmiV7gXTaNHfVl2sakqqDBldQah9RqBEwluWIL6iMq7gmULTV4ma+fFdG+dGEBPNDoqanpRuGYvXnuVpN/GLPE9oqUiy/cEilwXxELbwHL5YAAAGxKaD1w34hMgc704izw1fv5XeOhLcoaXitoNArqBgGJpg+rQSkjARnmATL6jeMt7QzEugKesYqjgrMKKrUDBD/Vmdk9wUmj3CqxFS9RGaD+DCDC06uxBqUe29+ZQW1otvsaRVmRRqd/xBq6BQjYgrqGgSoBQ+vQdSFojMPEX1Fmy+oRdQCi5EKpbXvovq8RH3lhNme4Tlsd4Qi37oi2cOC1jkb1Lz5cwipsKAS4G47PlgCD2gKhjqBUB/wAQSmAUVfUK3XUEYAiNhiCiyDJ70+1RUtNBYbOqfePCKxwIxHbJV6Af3NWloPfgww6RqdG8NJiAFBCjGAEaYP8Aj6oQpwm1Iq6HtNMX1AvdYfUmpTg+y0U7wI41RD2XeUCwWXANB/zNSIzYjZGwCCYP/BP/2Q==","date":"2018-03-12T10:59:00.125Z","provType":"MONITORING"}},{"channel":"default_channel","organization":"chemacorp","datastreamId":"provision.device.administrativeState","entityIdentifier":"CHD_DEV_1","_current":{"value":"ACTIVE","date":"2018-03-12T10:59:00.21Z","provType":"MONITORING"}},{"channel":"default_channel","organization":"chemacorp","datastreamId":"provision.device.communicationModules[].subscriber.administrativeState","entityIdentifier":"CHD_DEV_1","_current":{"value":"ACTIVE","date":"2018-03-12T10:59:00.416Z","provType":"MONITORING"}},{"channel":"default_channel","organization":"chemacorp","datastreamId":"provision.device.communicationModules[].subscription.address","entityIdentifier":"CHD_DEV_1","_current":{"value":{"type":"IPV4","value":"172.18.19.24","apn":"movistar.es"},"date":"2018-03-12T10:59:00.428Z","provType":"REFERENCE"}}],"page":{"number":1}},"statusCode":200}
  [32m✔ Then response code should be: 200[39m

  [36m@device_builder @searching_datapoints @searching[39m
  Scenario: Execute searching with a invalid start limit
  [32m✔ Given an apikey user by "require-real-apikey"[39m
  [32m✔ Given an ogapi "datapoints search" util[39m
  [32m✔ And the start limit by "1" and size limit by "100"[39m
  [32m✔ And the resource by "datapoints"[39m
  [32m✔ When I build it[39m
{"filter":{},"limit":{"size":100,"start":1}}
{"filter":{},"limit":{"size":100,"start":2}}
  [32m✔ And I execute with async paging it[39m
RESPONSE_: {"data":"DONE","statusCode":200}
  [32m✔ Then response code should be: 200[39m

  [36m@device_builder @searching_datapoints @searching[39m
  Scenario: I want to delete the entity
  [32m✔ Given an apikey user by "require-real-apikey"[39m
  [32m✔ Given the entity of type "devices builder" with "datapoints_organization"[39m
  [32m✔ When I try to define the entity with...[39m
      | [32mdatastream                           [39m | [32mtypeFunction[39m | [32mvalue                  [39m | [32mparent[39m |
      | [32mprovision.administration.channel     [39m | [32msimple      [39m | [32mdefault_channel        [39m | [32m      [39m |
      | [32mprovision.administration.organization[39m | [32msimple      [39m | [32mdatapoints_organization[39m | [32m      [39m |
      | [32mprovision.device.identifier          [39m | [32msimple      [39m | [32mdatapoints_testing     [39m | [32m      [39m |
  [32m✔ Then I delete it[39m

  [36m@device_builder @searching_datapoints @searching[39m
  Scenario: Deleting an organization to use in create device
  [32m✔ Given an apikey user by "require-real-apikey"[39m
  [32m✔ Given an ogapi "organizations builder" util[39m
  [32m✔ Then I want to delete an "organization"[39m
name
delete
organization
withName
  [32m✔ And the "name" "datapoints_organization"[39m
  [32m✔ Then I delete it[39m

[36m@iot @datamodel @IoT_datastream_access_provider @iot_datastream @catalogs @searching[39m
Feature: Searching IoT datastream access provider in catalog

    As a user of JsApi
    I want to search into IoT datastream access provider catalog

  [36m@iot @datamodel @IoT_datastream_access_provider @iot_datastream @catalogs @searching[39m
  Scenario: Execute searching
  [32m✔ Given an apikey user by "require-real-apikey"[39m
  [32m✔ And an ogapi "IoT datastream access search" util[39m
  [32m✔ Given I want to search a "IoT datastream access provider"[39m
  [32m✔ When I build it[39m
  [32m✔ And I execute it[39m
RESPONSE_: {"data":{"ioTDatastreamAccess":["READ","WRITE"]},"statusCode":200}
  [32m✔ Then response code should be: 200[39m
  [32m✔ And the result contains:[39m
      [32m"""
      {"ioTDatastreamAccess":["READ","WRITE"]}
      """[39m

[36m@searching @iot @datamodel @IoT_datastream_storage_period @iot_datastream @catalogs[39m
Feature: Searching IoT datastream storage period provider in catalog

    As a user of JsApi
    I want to search into IoT datastream storage period provider catalog

  [36m@searching @iot @datamodel @IoT_datastream_storage_period @iot_datastream @catalogs[39m
  Scenario: Execute searching
  [32m✔ Given an apikey user by "require-real-apikey"[39m
  [32m✔ And an ogapi "IoT datastream storage period search" util[39m
  [32m✔ Given I want to search a "IoT datastream storage period provider"[39m
  [32m✔ When I build it[39m
  [32m✔ And I execute it[39m
RESPONSE_: {"data":{"ioTDatastreamStoragePeriod":["DAYS","MONTHS","YEARS","FOREVER","NEVER"]},"statusCode":200}
  [32m✔ Then response code should be: 200[39m
  [32m✔ And the result contains:[39m
      [32m"""
      {"ioTDatastreamStoragePeriod":["DAYS","MONTHS","YEARS","FOREVER","NEVER"]}
      """[39m

[36m@fields_definition @catalogs @searching[39m
Feature: Searching fields definition in catalog

    As a user of JsApi
    I want to search into fields definition catalog
    So I can add filter

  [36m@fields_definition @catalogs @searching[39m
  Scenario: Execute searching
  [32m✔ Given an apikey user by "require-real-apikey"[39m
  [32m✔ And an ogapi "fields definition search" util[39m
  [32m✔ Given I want to search a "fields definition"[39m
  [32m✔ When I build it[39m
  [32m✔ And I execute it[39m
RESPONSE_: {"data":{"fieldsDefinition":{"string":{"description":"Text based value","subtype":["text","password"]},"boolean":{"description":"Boolean based value","subtype":[]},"calendar":{"description":"Format is described in the ISO 8601 or in http://www.w3.org/TR/NOTE-datetime","subtype":["datetime","date","time"]},"address":{"description":"Network address value","subtype":["ip","ipv4","ipv6","mac48"]},"number":{"description":"Numeric value","subtype":["integer","float","percentage"]},"enumeration":{"description":"Choice list values","subtype":["string","number"]},"array":{"description":"Array of values","subtype":["string","number"]},"coordinates":{"description":"Object indicating coordinates and timestamp in geotime subtype","subtype":["geo","geotime","geojson"]},"topology":{"description":"Object indicating relations","subtype":["path","tree (not supported yet)"]},"object":{"description":"Not yet supported. For future uses only","subtype":[]}}},"statusCode":200}
  [32m✔ Then response code should be: 200[39m

  [36m@fields_definition @catalogs @searching[39m
  Scenario: Execute searching with parameter type
  [32m✔ Given an apikey user by "require-real-apikey"[39m
  [32m✔ And an ogapi "fields definition search" util[39m
  [32m✔ Given I want to search a "fields definition"[39m
  [32m✔ When I try to search with...[39m
      | [32mfield[39m | [32mcontent[39m |
      | [32mtype [39m | [32mstring [39m |
  [32m✔ And I build it[39m
  [32m✔ And I execute it[39m
RESPONSE_: {"data":{"fieldsDefinition":{"description":"Text based value","subtype":["text","password"]}},"statusCode":200}
  [32m✔ Then response code should be: 200[39m
  [32m✔ And the result contains:[39m
      [32m"""
      {"fieldsDefinition":{"description":"Text based value","subtype":["text","password"]}}
      """[39m

  [36m@fields_definition @catalogs @searching[39m
  Scenario: Execute searching with parameter type
  [32m✔ Given an apikey user by "require-real-apikey"[39m
  [32m✔ And an ogapi "fields definition search" util[39m
  [32m✔ Given I want to search a "fields definition"[39m
  [32m✔ When I try to search with...[39m
      | [32mfield[39m | [32mcontent[39m |
      | [32mtype [39m | [32mboolean[39m |
  [32m✔ And I build it[39m
  [32m✔ And I execute it[39m
RESPONSE_: {"data":{"fieldsDefinition":{"description":"Boolean based value","subtype":[]}},"statusCode":200}
  [32m✔ Then response code should be: 200[39m
  [32m✔ And the result contains:[39m
      [32m"""
      {"fieldsDefinition":{"description":"Boolean based value","subtype":[]}}
      """[39m

  [36m@fields_definition @catalogs @searching[39m
  Scenario: Execute searching with parameter type
  [32m✔ Given an apikey user by "require-real-apikey"[39m
  [32m✔ And an ogapi "fields definition search" util[39m
  [32m✔ Given I want to search a "fields definition"[39m
  [32m✔ When I try to search with...[39m
      | [32mfield[39m | [32mcontent [39m |
      | [32mtype [39m | [32mcalendar[39m |
  [32m✔ And I build it[39m
  [32m✔ And I execute it[39m
RESPONSE_: {"data":{"fieldsDefinition":{"description":"Format is described in the ISO 8601 or in http://www.w3.org/TR/NOTE-datetime","subtype":["datetime","date","time"]}},"statusCode":200}
  [32m✔ Then response code should be: 200[39m
  [32m✔ And the result contains:[39m
      [32m"""
      {"fieldsDefinition":{"description":"Format is described in the ISO 8601 or in http://www.w3.org/TR/NOTE-datetime","subtype":["datetime","date","time"]}}
      """[39m

  [36m@fields_definition @catalogs @searching[39m
  Scenario: Execute searching with parameter type
  [32m✔ Given an apikey user by "require-real-apikey"[39m
  [32m✔ And an ogapi "fields definition search" util[39m
  [32m✔ Given I want to search a "fields definition"[39m
  [32m✔ When I try to search with...[39m
      | [32mfield[39m | [32mcontent[39m |
      | [32mtype [39m | [32maddress[39m |
  [32m✔ And I build it[39m
  [32m✔ And I execute it[39m
RESPONSE_: {"data":{"fieldsDefinition":{"description":"Network address value","subtype":["ip","ipv4","ipv6","mac48"]}},"statusCode":200}
  [32m✔ Then response code should be: 200[39m
  [32m✔ And the result contains:[39m
      [32m"""
      {"fieldsDefinition":{"description":"Network address value","subtype":["ip","ipv4","ipv6","mac48"]}}
      """[39m

  [36m@fields_definition @catalogs @searching[39m
  Scenario: Execute searching with parameter type
  [32m✔ Given an apikey user by "require-real-apikey"[39m
  [32m✔ And an ogapi "fields definition search" util[39m
  [32m✔ Given I want to search a "fields definition"[39m
  [32m✔ When I try to search with...[39m
      | [32mfield[39m | [32mcontent[39m |
      | [32mtype [39m | [32mnumber [39m |
  [32m✔ And I build it[39m
  [32m✔ And I execute it[39m
RESPONSE_: {"data":{"fieldsDefinition":{"description":"Numeric value","subtype":["integer","float","percentage"]}},"statusCode":200}
  [32m✔ Then response code should be: 200[39m
  [32m✔ And the result contains:[39m
      [32m"""
      {"fieldsDefinition":{"description":"Numeric value","subtype":["integer","float","percentage"]}}
      """[39m

  [36m@fields_definition @catalogs @searching[39m
  Scenario: Execute searching with parameter type
  [32m✔ Given an apikey user by "require-real-apikey"[39m
  [32m✔ And an ogapi "fields definition search" util[39m
  [32m✔ Given I want to search a "fields definition"[39m
  [32m✔ When I try to search with...[39m
      | [32mfield[39m | [32mcontent    [39m |
      | [32mtype [39m | [32menumeration[39m |
  [32m✔ And I build it[39m
  [32m✔ And I execute it[39m
RESPONSE_: {"data":{"fieldsDefinition":{"description":"Choice list values","subtype":["string","number"]}},"statusCode":200}
  [32m✔ Then response code should be: 200[39m
  [32m✔ And the result contains:[39m
      [32m"""
      {"fieldsDefinition":{"description":"Choice list values","subtype":["string","number"]}}
      """[39m

  [36m@fields_definition @catalogs @searching[39m
  Scenario: Execute searching with parameter type
  [32m✔ Given an apikey user by "require-real-apikey"[39m
  [32m✔ And an ogapi "fields definition search" util[39m
  [32m✔ Given I want to search a "fields definition"[39m
  [32m✔ When I try to search with...[39m
      | [32mfield[39m | [32mcontent[39m |
      | [32mtype [39m | [32marray  [39m |
  [32m✔ And I build it[39m
  [32m✔ And I execute it[39m
RESPONSE_: {"data":{"fieldsDefinition":{"description":"Array of values","subtype":["string","number"]}},"statusCode":200}
  [32m✔ Then response code should be: 200[39m
  [32m✔ And the result contains:[39m
      [32m"""
      {"fieldsDefinition":{"description":"Array of values","subtype":["string","number"]}}
      """[39m

  [36m@fields_definition @catalogs @searching[39m
  Scenario: Execute searching with parameter type
  [32m✔ Given an apikey user by "require-real-apikey"[39m
  [32m✔ And an ogapi "fields definition search" util[39m
  [32m✔ Given I want to search a "fields definition"[39m
  [32m✔ When I try to search with...[39m
      | [32mfield[39m | [32mcontent    [39m |
      | [32mtype [39m | [32mcoordinates[39m |
  [32m✔ And I build it[39m
  [32m✔ And I execute it[39m
RESPONSE_: {"data":{"fieldsDefinition":{"description":"Object indicating coordinates and timestamp in geotime subtype","subtype":["geo","geotime","geojson"]}},"statusCode":200}
  [32m✔ Then response code should be: 200[39m
  [32m✔ And the result contains:[39m
      [32m"""
      {"fieldsDefinition":{"description":"Object indicating coordinates and timestamp in geotime subtype","subtype":["geo","geotime","geojson"]}}
      """[39m

  [36m@fields_definition @catalogs @searching[39m
  Scenario: Execute searching with parameter type
  [32m✔ Given an apikey user by "require-real-apikey"[39m
  [32m✔ And an ogapi "fields definition search" util[39m
  [32m✔ Given I want to search a "fields definition"[39m
  [32m✔ When I try to search with...[39m
      | [32mfield[39m | [32mcontent [39m |
      | [32mtype [39m | [32mtopology[39m |
  [32m✔ And I build it[39m
  [32m✔ And I execute it[39m
RESPONSE_: {"data":{"fieldsDefinition":{"description":"Object indicating relations","subtype":["path","tree (not supported yet)"]}},"statusCode":200}
  [32m✔ Then response code should be: 200[39m
  [32m✔ And the result contains:[39m
      [32m"""
      {"fieldsDefinition":{"description":"Object indicating relations","subtype":["path","tree (not supported yet)"]}}
      """[39m

  [36m@fields_definition @catalogs @searching[39m
  Scenario: Execute searching with parameter type
  [32m✔ Given an apikey user by "require-real-apikey"[39m
  [32m✔ And an ogapi "fields definition search" util[39m
  [32m✔ Given I want to search a "fields definition"[39m
  [32m✔ When I try to search with...[39m
      | [32mfield[39m | [32mcontent[39m |
      | [32mtype [39m | [32mobject [39m |
  [32m✔ And I build it[39m
  [32m✔ And I execute it[39m
RESPONSE_: {"data":{"fieldsDefinition":{"description":"Not yet supported. For future uses only","subtype":[]}},"statusCode":200}
  [32m✔ Then response code should be: 200[39m
  [32m✔ And the result contains:[39m
      [32m"""
      {"fieldsDefinition":{"description":"Not yet supported. For future uses only","subtype":[]}}
      """[39m

[36m@device_builder @operations @searching @searching_executions[39m
Feature: Searching operation's executions

  As a user of JsApi
  I want to search operation's executions

  [36m@device_builder @operations @searching @searching_executions[39m
  Scenario: Creating an organization to use in create device
  [32m✔ Given an apikey user by "require-real-apikey"[39m
  [32m✔ Given an ogapi "organizations builder" util[39m
  [32m✔ Then I want to create an "organization"[39m
name
create
organization
withName
  [32m✔ And the "name" "executions_organization"[39m
description
create
organization
withDescription
  [32m✔ And the "description" "device organization"[39m
country code
create
organization
withCountryCode
  [32m✔ And the "country code" "ES"[39m
lang code
create
organization
withLangCode
  [32m✔ And the "lang code" "es"[39m
time zone
create
organization
withTimeZone
  [32m✔ And the "time zone" "Europe/Andorra"[39m
  [32m✔ And the "zoom" 10[39m
  [32m✔ And the "location" with 1 and 1[39m
  [32m✔ Then I delete it[39m
  [32m✔ And I create it[39m
RESPONSE_: {"location":"https://172.19.18.132:8444/v80/provision/organizations/executions_organization","statusCode":201}
  [32m✔ And response code should be: 201[39m

  [36m@device_builder @operations @searching @searching_executions[39m
  Scenario: I want to create the entity
  [32m✔ Given an apikey user by "require-real-apikey"[39m
  [32m✔ Given the entity of type "devices builder" with "executions_organization"[39m
  [32m✔ Then I get allowed Datastreams fields[39m
  [32m✔ And I can found "provision.device.identifier" as datastream name[39m
  [32m✔ When I try to define the entity with...[39m
      | [32mdatastream                           [39m | [32mtypeFunction[39m | [32mvalue                                      [39m | [32mparent[39m |
      | [32mprovision.administration.channel     [39m | [32msimple      [39m | [32mdefault_channel                            [39m | [32m      [39m |
      | [32mprovision.administration.organization[39m | [32msimple      [39m | [32mexecutions_organization                    [39m | [32m      [39m |
      | [32mprovision.administration.serviceGroup[39m | [32msimple      [39m | [32memptyServiceGroup                          [39m | [32m      [39m |
      | [32mprovision.device.identifier          [39m | [32msimple      [39m | [32mdevice_executions_tests                    [39m | [32m      [39m |
      | [32mprovision.device.operationalStatus   [39m | [32msimple      [39m | [32mTEST                                       [39m | [32m      [39m |
      | [32mprovision.device.administrativeState [39m | [32msimple      [39m | [32mTESTING                                    [39m | [32m      [39m |
      | [32mprovision.device.name                [39m | [32msimple      [39m | [32mOGUX Device GATEWAY tester                 [39m | [32m      [39m |
      | [32mprovision.device.description         [39m | [32msimple      [39m | [32mOGUX Device tester full GATEWAY description[39m | [32m      [39m |
      | [32mprovision.device.specificType        [39m | [32msimple      [39m | [32mCONCENTRATOR                               [39m | [32m      [39m |
  [32m✔ Then I delete it[39m
CREATEOK: {"req":{"method":"POST","url":"https://172.19.18.132:8444/v80/provision/organizations/executions_organization/devices?flattened=true","data":{"provision.administration.channel":{"_value":{"_current":{"value":"default_channel"}}},"provision.administration.organization":{"_value":{"_current":{"value":"executions_organization"}}},"provision.administration.serviceGroup":{"_value":{"_current":{"value":"emptyServiceGroup"}}},"provision.device.identifier":{"_value":{"_current":{"value":"device_executions_tests"}}},"provision.device.operationalStatus":{"_value":{"_current":{"value":"TEST"}}},"provision.device.administrativeState":{"_value":{"_current":{"value":"TESTING"}}},"provision.device.name":{"_value":{"_current":{"value":"OGUX Device GATEWAY tester"}}},"provision.device.description":{"_value":{"_current":{"value":"OGUX Device tester full GATEWAY description"}}},"provision.device.specificType":{"_value":{"_current":{"value":"CONCENTRATOR"}}}},"headers":{"user-agent":"node-superagent/2.3.0","content-type":"application/json","x-apikey":"2829be88-a7d7-4f51-aefc-3cc2385b6506"}},"header":{"connection":"close","date":"Mon, 12 Mar 2018 14:57:42 GMT","strict-transport-security":"max-age=2000; includeSubDomains","set-cookie":["JSESSIONID=node07qzc8zcz9m2d1nukr5p3snu2g3669.node0;Path=/;Secure"],"expires":"Thu, 01 Jan 1970 00:00:00 GMT","location":"https://172.19.18.132:8444/v80/provision/organizations/executions_organization/devices/device_executions_tests","server":"Jetty(9.4.0.v20161208)"},"status":201,"text":""}
  [32m✔ And I create it[39m
RESPONSE_: {"location":"https://172.19.18.132:8444/v80/provision/organizations/executions_organization/devices/device_executions_tests","statusCode":201}
  [32m✔ And response code should be: 201[39m

  [36m@device_builder @operations @searching @searching_executions @OUW-528[39m
  Scenario: Execute operation with default values and find execution
  [32m✔ Given an apikey user by "require-real-apikey"[39m
  [32m✔ Given the operation by "ADMINISTRATIVE_STATUS_CHANGE"[39m
  [32m✔ And the notes by ""[39m
  [32m✔ And the timeout by 120000[39m
  [32m✔ And the ackTimeout by 0[39m
  [32m✔ And the retries by 0[39m
  [32m✔ And the retriesDelay by 0[39m
  [32m✔ And parameter "admsts" by "inventado"[39m
  [32m✔ And the job timeout by 5 minutes[39m
  [32m✔ And execute immediately[39m
  [32m✔ And append entities by:[39m
      | [32mdevice_executions_tests[39m |
  [32m✔ When I build it[39m
  [32m✔ And I execute it[39m
RESPONSE_: {"data":{"id":"e69a3482-58de-4b23-8eaa-e5a66fa9a37d","request":{"name":"ADMINISTRATIVE_STATUS_CHANGE","parameters":[{"name":"admsts","value":{"string":"inventado"}}],"active":true,"notify":false,"user":"root@amplia.es","userNotes":"","schedule":{"stop":{"delayed":"300000"},"scattering":{"strategy":{}},"window":{"weekly":[{"daily":{}}]}},"operationParameters":{"timeout":120000,"retries":0,"retriesDelay":0}},"report":{"execution":{},"target":{}}},"statusCode":201,"location":"https://172.19.18.132:8444/v80/operation/jobs/e69a3482-58de-4b23-8eaa-e5a66fa9a37d"}
  [32m✔ Then response code should be: 201[39m
  [32m✔ And response must have attached "device_executions_tests" as "ASSET" entity[39m
  [32m✔ And response must have attached an entity list with "ASSET" type defined by:[39m
      | [32mdevice_executions_tests[39m |
  [32m✔ And an ogapi "executions search" util[39m
  [32m✔ When I build it with filter by operation's id[39m
  [32m✔ And I execute it[39m
RESPONSE_: {"data":{"operations":[{"jobId":"e69a3482-58de-4b23-8eaa-e5a66fa9a37d","entityId":"device_executions_tests","entityType":"GATEWAY","operationId":"06baaab1-d873-4b2d-9f27-47aee1b2f0cc","name":"ADMINISTRATIVE_STATUS_CHANGE","parameters":[{"name":"admsts","value":{"string":"inventado"}}],"attempts":{"total":1,"current":1},"notify":false,"user":"root@amplia.es","date":"2018-03-12T14:57:44Z","execution":{"activatedDate":"2018-03-12T14:57:43Z","startedDate":"2018-03-12T14:57:44Z","finishedDate":"2018-03-12T14:57:44Z"},"status":"FINISHED","result":"ERROR_IN_PARAM","steps":[]},{"jobId":"cc2d14cc-eec0-4018-81af-f65b0c2203bd","entityId":"test.location","entityType":"ASSET","operationId":"8ee67d5a-aaa6-44a9-b0a2-ad5e5128e5e7","name":"ADMINISTRATIVE_STATUS_CHANGE","parameters":[{"name":"admsts","value":{"string":"inventado"}}],"attempts":{"total":1,"current":1},"notify":false,"user":"admin.domain@amplia.es","date":"2018-03-12T14:54:36Z","execution":{"activatedDate":"2018-03-12T14:54:35Z","startedDate":"2018-03-12T14:54:36Z","finishedDate":"2018-03-12T14:54:36Z"},"status":"FINISHED","result":"ERROR_IN_PARAM","steps":[]}]},"statusCode":200}
  [32m✔ Then response code should be: 200[39m

  [36m@device_builder @operations @searching @searching_executions[39m
  Scenario: I want to delete the entity
  [32m✔ Given an apikey user by "require-real-apikey"[39m
  [32m✔ Given the entity of type "devices builder" with "executions_organization"[39m
  [32m✔ When I try to define the entity with...[39m
      | [32mdatastream                           [39m | [32mtypeFunction[39m | [32mvalue                  [39m | [32mparent[39m |
      | [32mprovision.administration.channel     [39m | [32msimple      [39m | [32mdefault_channel        [39m | [32m      [39m |
      | [32mprovision.administration.organization[39m | [32msimple      [39m | [32mexecutions_organization[39m | [32m      [39m |
      | [32mprovision.device.identifier          [39m | [32msimple      [39m | [32mdevice_executions_tests[39m | [32m      [39m |
  [32m✔ Then I delete it[39m

  [36m@device_builder @operations @searching @searching_executions[39m
  Scenario: Deleting an organization to use in create device
  [32m✔ Given an apikey user by "require-real-apikey"[39m
  [32m✔ Given an ogapi "organizations builder" util[39m
  [32m✔ Then I want to delete an "organization"[39m
name
delete
organization
withName
  [32m✔ And the "name" "executions_organization"[39m
  [32m✔ Then I delete it[39m

[36m@searching @summary_general @summary[39m
Feature: I want to check if the general summary are working

    As a device of JsApi
    I want to get the diferent summary of the platform

  [36m@searching @summary_general @summary[39m
  Scenario: I want to get the device summary
  [32m✔ Given an apikey user by "require-real-apikey"[39m
  [32m✔ And an ogapi "devices search" util[39m
  [32m✔ When I build it with summary response[39m
  [32m✔ And I execute it[39m
RESPONSE_: {"data":{"summary":{"count":13,"summaryGroup":[{"provision.administration.channel":{"count":13,"list":[{"count":13,"name":"default_channel"}]}},{"provision.administration.organization":{"count":13,"list":[{"count":12,"name":"chemacorp"},{"count":1,"name":"organization_UX"}]}}]}},"statusCode":200}
  [32m✔ Then response code should be: 200[39m
  [32m✔ Then does not throws an error[39m

  [36m@searching @summary_general @summary[39m
  Scenario: I want to get the workgroups summary
  [32m✔ Given an apikey user by "require-real-apikey"[39m
  [32m✔ And an ogapi "workgroups search" util[39m
  [32m✔ When I build it with summary response[39m
  [32m✔ And I execute it[39m
  [32m✔ Then does not throws an error[39m

  [36m@searching @summary_general @summary[39m
  Scenario: I want to get the operation summary
  [32m✔ Given an apikey user by "require-real-apikey"[39m
  [32m✔ And an ogapi "operations search" util[39m
  [32m✔ When I build it with summary response[39m
  [32m✔ And I execute it[39m
RESPONSE_: {"data":{"summary":{"count":34,"name":{"count":34,"list":[{"name":"SET_CLOCK_EQUIPMENT","count":1},{"name":"FACTORY_RESET","count":6},{"name":"ADMINISTRATIVE_STATUS_CHANGE","count":22},{"name":"REFRESH_INFO","count":5}]},"status":{"count":34,"list":[{"name":"SCHEDULED","count":12},{"name":"FINISHED","count":13},{"name":"FINISHED_WITH_ERRORS","count":1},{"name":"CANCELLED","count":1},{"name":"IN_PROGRESS","count":7}]}}},"statusCode":200}
  [32m✔ Then response code should be: 200[39m
  [32m✔ Then does not throws an error[39m

  [36m@searching @summary_general @summary[39m
  Scenario: I want to get the domains summary
  [32m✔ Given an apikey user by "require-real-apikey"[39m
  [32m✔ And an ogapi "domains search" util[39m
  [32m✔ When I build it with summary response[39m
  [32m✔ And I execute it[39m
RESPONSE_: {"data":{"summary":{"count":7}},"statusCode":200}
  [32m✔ Then response code should be: 200[39m
  [32m✔ Then does not throws an error[39m

  [36m@searching @summary_general @summary[39m
  Scenario: I want to get the users summary
  [32m✔ Given an apikey user by "require-real-apikey"[39m
  [32m✔ And an ogapi "users search" util[39m
  [32m✔ When I build it with summary response[39m
  [32m✔ And I execute it[39m
RESPONSE_: {"data":{"summary":{"count":24}},"statusCode":200}
  [32m✔ Then response code should be: 200[39m
  [32m✔ Then does not throws an error[39m

  [36m@searching @summary_general @summary[39m
  Scenario: I want to get the channels summary
  [32m✔ Given an apikey user by "require-real-apikey"[39m
  [32m✔ And an ogapi "channels search" util[39m
  [32m✔ When I build it with summary response[39m
  [32m✔ And I execute it[39m
RESPONSE_: {"data":{"summary":{"count":4,"summaryGroup":[{"provision.administration.organization":{"count":4,"list":[{"count":1,"name":"chemacorp"},{"count":1,"name":"organization_UX"},{"count":1,"name":"oux_tsts_organization"},{"count":1,"name":"oux_tsts_organization-moni"}]}}]}},"statusCode":200}
  [32m✔ Then response code should be: 200[39m
  [32m✔ Then does not throws an error[39m

  [36m@searching @summary_general @summary[39m
  Scenario: I want to get the device summary with group by
  [32m✔ Given an apikey user by "require-real-apikey"[39m
  [32m✔ And an ogapi "devices search" util[39m
  [32m✔ When I add group by[39m
      [32m"""
      {"parameters": [{"name": "provision.administration.channel"}]}
      """[39m
  [32m✔ When I build it with summary response[39m
  [32m✔ And I execute it[39m
RESPONSE_: {"data":{"summary":{"count":13,"summaryGroup":[{"provision.administration.channel":{"count":13,"list":[{"count":13,"name":"default_channel"}]}},{"provision.administration.organization":{"count":13,"list":[{"count":12,"name":"chemacorp"},{"count":1,"name":"organization_UX"}]}},{"provision.administration.channel":{"count":13,"list":[{"count":13,"name":"default_channel"}]}}]}},"statusCode":200}
  [32m✔ Then response code should be: 200[39m
  [32m✔ Then does not throws an error[39m

[36m@searching @summary_alarms @summary[39m
Feature: I want to check if the alarms summary are working

    As a device of JsApi
    I want to get the diferents summary of the platform

  [36m@searching @summary_alarms @summary[39m
  Scenario: I want to get the alarms of devices summary
  [32m✔ Given an apikey user by "require-real-apikey"[39m
  [32m✔ And an ogapi "alarms search" util[39m
  [32m✔ And I want to search a "multiple entity"[39m
  [32m✔ And I want to search into "on devices"[39m
  [32m✔ When I build it with summary response[39m
  [32m✔ And I execute it[39m
  [32m✔ Then does not throws an error[39m

  [36m@searching @summary_alarms @summary[39m
  Scenario: I want to get the alarms of subcribers summary
  [32m✔ Given an apikey user by "require-real-apikey"[39m
  [32m✔ And an ogapi "alarms search" util[39m
  [32m✔ And I want to search a "multiple entity"[39m
  [32m✔ And I want to search into "on subscribers"[39m
  [32m✔ When I build it with summary response[39m
  [32m✔ And I execute it[39m
  [32m✔ Then does not throws an error[39m

  [36m@searching @summary_alarms @summary[39m
  Scenario: I want to get the alarms of subcribers summary
  [32m✔ Given an apikey user by "require-real-apikey"[39m
  [32m✔ And an ogapi "alarms search" util[39m
  [32m✔ And I want to search a "multiple entity"[39m
  [32m✔ And I want to search into "on subscriptions"[39m
  [32m✔ When I build it with summary response[39m
  [32m✔ And I execute it[39m
  [32m✔ Then does not throws an error[39m

  [36m@searching @summary_alarms @summary[39m
  Scenario: I want to get the alarms of communications Modules summary
  [32m✔ Given an apikey user by "require-real-apikey"[39m
  [32m✔ And an ogapi "alarms search" util[39m
  [32m✔ And I want to search a "multiple entity"[39m
  [32m✔ And I want to search into "on communications Modules"[39m
  [32m✔ When I build it with summary response[39m
  [32m✔ And I execute it[39m
  [32m✔ Then does not throws an error[39m

[36m@searching @summary_catalog @summary[39m
Feature: I want to check if the general summary are working

    As a device of JsApi
    I want to get the diferents summary of the platform

  [36m@searching @summary_catalog @summary[39m
  Scenario: I want to get the hardwares summary
  [32m✔ Given an apikey user by "require-real-apikey"[39m
  [32m✔ And an ogapi "hardwares search" util[39m
  [32m✔ When I build it with summary response[39m
  [32m✔ And I execute it[39m
RESPONSE_: {"data":{"summary":{"count":47,"model":{"count":85,"list":[{"name":"SENSIT","count":1},{"name":"AXOM-T3 MULTIBAND 900E 1800","count":1},{"name":"OWA2X-R8A","count":1},{"name":"AXOM-T3 MULTIBAND","count":1},{"name":"RMC T1","count":1},{"name":"AMC1410","count":1},{"name":"OpenGateWebSocket","count":1},{"name":"OpenGateSecure","count":1},{"name":"5CTE-E1B","count":1},{"name":"4UMMG1D0211000EB","count":1},{"name":"FSU001","count":1},{"name":"TC65i","count":1},{"name":"CX2000","count":1},{"name":"CX1000","count":1},{"name":"G24","count":1},{"name":"MULTICOM RTC","count":1},{"name":"THEMIS-ALPHA","count":1},{"name":"662D11","count":1},{"name":"5CTM","count":1},{"name":"3EMRG4E21000000A","count":1},{"name":"UBC-TN6","count":1},{"name":"WMO2 900-1800","count":1},{"name":"AXOM-T3","count":1},{"name":"662C1","count":1},{"name":"CIRWATT 402-MT5A","count":1},{"name":"ZDUE","count":1},{"name":"5CTE-E1A","count":1},{"name":"WMOD2B","count":1},{"name":"FASTRACK M1306B","count":1},{"name":"MDUGE0MR","count":1},{"name":"TC65","count":1},{"name":"OWA2X/BT/ETH-R3A","count":1},{"name":"MT5634ZBA","count":1},{"name":"U8","count":1},{"name":"ONE-GO-BTS","count":1},{"name":"SPARKLINE","count":1},{"name":"SL7000","count":1},{"name":"SIGFOX","count":1},{"name":"ZDU-GSM-PLUS-IV","count":1},{"name":"ZDUE-GPRS-PLUS IV E","count":1},{"name":"4CCT","count":1},{"name":"Q2686H","count":1},{"name":"XP3000","count":1},{"name":"Orbitax T3","count":1},{"name":"RMC-T2","count":1},{"name":"RMC-T1-G-110","count":1},{"name":"RMCS T1 A_110","count":1},{"name":"MULTICOM-RTCNet","count":1},{"name":"CIRWATT 405-MT5A","count":1},{"name":"G6000","count":1},{"name":"UNIMOD-GSM-3","count":1},{"name":"undefined","count":1},{"name":"Q2406B","count":1},{"name":"C1m0-001 ","count":1},{"name":"H1","count":1},{"name":"RMC-T3","count":1},{"name":"UNIMOD-01-I","count":1},{"name":"UNIMOD-GSM-2","count":1},{"name":"ONE-GO-ROUTER","count":1},{"name":"Flexy 203","count":1},{"name":"CLIENTE","count":1},{"name":"OpenGate","count":1},{"name":"GL6100 Product","count":1},{"name":"4MDUG1001000100A","count":1},{"name":"4UMMG1D02110001B","count":1},{"name":"USYSCOM 4UMM MULTIBAND","count":1},{"name":"MDUGE1MR","count":1},{"name":"ZDUE-GPRS-PLUS IV","count":1},{"name":"ACE4000","count":1},{"name":"PLCCMK3","count":1},{"name":"U10","count":1},{"name":"SPARKLINE RTC","count":1},{"name":"AXOM-T3 MULTIBAND  900E  1800","count":1},{"name":"CX30GT10","count":1},{"name":"5CTE-E1C","count":1},{"name":"USYSCOM 4RCU-104 MULTIBAND","count":1},{"name":"GE910-QUAD","count":1},{"name":"MC35i","count":1},{"name":"RMC-T2-M-110","count":1},{"name":"RMC-T2-G","count":1},{"name":"NTC-6200","count":1},{"name":"MULTICOM-GSM-1","count":1},{"name":"CIRWATT 410-UT5C","count":1},{"name":"ONE-GO-TERMINAL","count":1},{"name":"ACE6000 TIPO 662D11","count":1}]},"manufacturer":{"count":47,"list":[{"name":"SENSIT","count":1},{"name":"ZIV","count":1},{"name":"VAYRIS","count":1},{"name":"UT-NOXIUM","count":1},{"name":"NETCOMM","count":1},{"name":"ELSTER","count":1},{"name":"ACTARIS","count":1},{"name":"XACOM","count":1},{"name":"Sagem","count":1},{"name":"ENEL","count":1},{"name":"Cinterion","count":1},{"name":"BAER","count":1},{"name":"WNC","count":1},{"name":"SCHNEIDER","count":1},{"name":"MAESTRO","count":1},{"name":"GENERICO","count":1},{"name":"EDMI","count":1},{"name":"ADEVICE","count":1},{"name":"USYSCOM","count":1},{"name":"Teldat","count":1},{"name":"SACI","count":1},{"name":"NOXIUM","count":1},{"name":"MOTOROLA","count":1},{"name":"ELIOP","count":1},{"name":"BOSCH","count":1},{"name":"SIGFOX","count":1},{"name":"INDRA","count":1},{"name":"ELPRO","count":1},{"name":"undefined","count":1},{"name":"Sierra Wireless","count":1},{"name":"OWASYS","count":1},{"name":"OVISLINK","count":1},{"name":"NEUHAUS","count":1},{"name":"ITRON","count":1},{"name":"Circuitor","count":1},{"name":"eWON","count":1},{"name":"TOSHIBA","count":1},{"name":"SIEMENS","count":1},{"name":"Sagemcom","count":1},{"name":"OTROS","count":1},{"name":"OpenGate","count":1},{"name":"ORBIS","count":1},{"name":"MULTITECH","count":1},{"name":"WAVECOM","count":1},{"name":"Telit","count":1},{"name":"LANDIS","count":1},{"name":"Desconocido","count":1}]}}},"statusCode":200}
  [32m✔ Then response code should be: 200[39m
  [32m✔ Then does not throws an error[39m

  [36m@searching @summary_catalog @summary[39m
  Scenario: I want to get the softwares summary
  [32m✔ Given an apikey user by "require-real-apikey"[39m
  [32m✔ And an ogapi "softwares search" util[39m
  [32m✔ When I build it with summary response[39m
  [32m✔ And I execute it[39m
RESPONSE_: {"data":{"summary":{"count":19,"firmware":{"count":19,"list":[{"name":"firmware_test_internal","count":1},{"name":"CIRWATT C 410-UT5C-10C.","count":1},{"name":"unknown","count":4},{"name":"firmware_name","count":1},{"name":"firmware-cvmk2-m9cvmk2","count":1},{"name":"opengate6-agent_test","count":4},{"name":"FSU001-411","count":1},{"name":"MT16LSDT464AG-662C1","count":2},{"name":"cirwatt-d-405-mt5a-14d","count":1},{"name":"TC65 firmware","count":1},{"name":"b208g2","count":1},{"name":"test_application","count":1}]},"manufacturer":{"count":19,"list":[{"name":"ELSTER","count":2},{"name":"MOTOROLA","count":3},{"name":"ELPRO","count":1},{"name":"Circuitor","count":1},{"name":"undefined","count":10},{"name":"SIEMENS","count":1},{"name":"WAVECOM","count":1}]}}},"statusCode":200}
  [32m✔ Then response code should be: 200[39m
  [32m✔ Then does not throws an error[39m

[36m@searching @summary_executions @summary[39m
Feature: I want to check if the general summary are working

    As a device of JsApi
    I want to get the diferents summary of the platform

  [36m@searching @summary_executions @summary[39m
  Scenario: I want to get the executions of devices summary
  [32m✔ Given an apikey user by "require-real-apikey"[39m
  [32m✔ And an ogapi "executions search" util[39m
  [32m✔ And I want to search a "multiple entity"[39m
  [32m✔ And I want to search into "on devices"[39m
  [32m✔ When I build it with summary response[39m
  [32m✔ And I execute it[39m
  [32m✔ Then does not throws an error[39m

  [36m@searching @summary_executions @summary[39m
  Scenario: I want to get the executions of subcribers summary
  [32m✔ Given an apikey user by "require-real-apikey"[39m
  [32m✔ And an ogapi "executions search" util[39m
  [32m✔ And I want to search a "multiple entity"[39m
  [32m✔ And I want to search into "on subscribers"[39m
  [32m✔ When I build it with summary response[39m
  [32m✔ And I execute it[39m
  [32m✔ Then does not throws an error[39m

  [36m@searching @summary_executions @summary[39m
  Scenario: I want to get the executions of subcribers summary
  [32m✔ Given an apikey user by "require-real-apikey"[39m
  [32m✔ And an ogapi "executions search" util[39m
  [32m✔ And I want to search a "multiple entity"[39m
  [32m✔ And I want to search into "on subscriptions"[39m
  [32m✔ When I build it with summary response[39m
  [32m✔ And I execute it[39m
  [32m✔ Then does not throws an error[39m

  [36m@searching @summary_executions @summary[39m
  Scenario: I want to get the executions of communications Modules summary
  [32m✔ Given an apikey user by "require-real-apikey"[39m
  [32m✔ And an ogapi "executions search" util[39m
  [32m✔ And I want to search a "multiple entity"[39m
  [32m✔ And I want to search into "on communications Modules"[39m
  [32m✔ When I build it with summary response[39m
  [32m✔ And I execute it[39m
  [32m✔ Then does not throws an error[39m

[36m@ticket @ticket_search @ticket_priority_search @catalogs @searching[39m
Feature: Searching ticket priority in catalog

    As a user of JsApi
    I want to search into ticket priority catalog

  [36m@ticket @ticket_search @ticket_priority_search @catalogs @searching[39m
  Scenario: Execute searching
  [32m✔ Given an apikey user by "require-real-apikey"[39m
  [32m✔ And an ogapi "Ticket priority search" util[39m
  [32m✔ Given I want to search a "Ticket priority"[39m
  [32m✔ When I build it[39m
  [32m✔ And I execute it[39m
RESPONSE_: {"data":{"ticketPriority":["MAJOR","MINOR","CRITICAL","BLOCKER"]},"statusCode":200}
  [32m✔ Then response code should be: 200[39m
  [32m✔ And the result contains:[39m
      [32m"""
      {"ticketPriority":["MAJOR","MINOR","CRITICAL","BLOCKER"]}
      """[39m

[36m@ticket @ticket_search @ticket_severity_search @catalogs @searching[39m
Feature: Searching ticket severity in catalog

    As a user of JsApi
    I want to search into ticket severity catalog

  [36m@ticket @ticket_search @ticket_severity_search @catalogs @searching[39m
  Scenario: Execute searching
  [32m✔ Given an apikey user by "require-real-apikey"[39m
  [32m✔ And an ogapi "Ticket severity search" util[39m
  [32m✔ Given I want to search a "Ticket severity"[39m
  [32m✔ When I build it[39m
  [32m✔ And I execute it[39m
RESPONSE_: {"data":{"ticketSeverity":["CRITICAL","URGENT","WARNING","NORMAL"]},"statusCode":200}
  [32m✔ Then response code should be: 200[39m
  [32m✔ And the result contains:[39m
      [32m"""
      {"ticketSeverity":["CRITICAL","URGENT","WARNING","NORMAL"]}
      """[39m

[36m@ticket @ticket_search @ticket_status_search @catalogs @searching[39m
Feature: Searching ticket status in catalog

    As a user of JsApi
    I want to search into ticket priority catalog

  [36m@ticket @ticket_search @ticket_status_search @catalogs @searching[39m
  Scenario: Execute searching
  [32m✔ Given an apikey user by "require-real-apikey"[39m
  [32m✔ And an ogapi "Ticket status search" util[39m
  [32m✔ Given I want to search a "Ticket status"[39m
  [32m✔ When I build it[39m
  [32m✔ And I execute it[39m
RESPONSE_: {"data":{"ticketStatus":["CREATED","ASSIGNED","ANSWERED","RESTORED","RESOLVED","CLOSED"]},"statusCode":200}
  [32m✔ Then response code should be: 200[39m
  [32m✔ And the result contains:[39m
      [32m"""
      {"ticketStatus":["CREATED","ASSIGNED","ANSWERED","RESTORED","RESOLVED","CLOSED"]}
      """[39m

[36m@ticket @ticket_search @ticket_type_search @catalogs @searching[39m
Feature: Searching ticket type in catalog

    As a user of JsApi
    I want to search into ticket type catalog

  [36m@ticket @ticket_search @ticket_type_search @catalogs @searching[39m
  Scenario: Execute searching
  [32m✔ Given an apikey user by "require-real-apikey"[39m
  [32m✔ And an ogapi "Ticket type search" util[39m
  [32m✔ Given I want to search a "Ticket type"[39m
  [32m✔ When I build it[39m
  [32m✔ And I execute it[39m
RESPONSE_: {"data":{"ticketType":["WORKORDER","INCIDENT"]},"statusCode":200}
  [32m✔ Then response code should be: 200[39m
  [32m✔ And the result contains:[39m
      [32m"""
      {"ticketType":["WORKORDER","INCIDENT"]}
      """[39m

[36m@searching_users @searching @users[39m
Feature: Searching users

  As a user of JsApi
  I want to search into users collection
  So I can add filter, sorting, limit to search any user

  [36m@searching_users @searching @users[39m
  Scenario: Execute searching with a timeout less than expected
  [32m✔ Given an apikey user by "require-real-apikey"[39m
  [32m✔ And an ogapi "users search" util[39m
  [32m✔ And the timeout by 1[39m
  [32m✔ When I build it[39m
  [32m✔ And I execute it[39m
RESPONSE_: {"statusCode":408,"data":"timeout of 1ms exceeded"}
  [32m✔ Then response code should be: 408[39m

  [36m@searching_users @searching @users[39m
  Scenario: Execute searching with a invalid start limit
  [32m✔ Given an apikey user by "require-real-apikey"[39m
  [32m✔ And an ogapi "users search" util[39m
  [32m✔ And the start limit by "null" and size limit by "5"[39m
  [32m✔ When I build it[39m
  [32m✔ And I execute it[39m
RESPONSE_: {"data":{"users":[{"email":"admin.base@amplia.es","workgroup":"base_organization","domain":"base_organization","profile":"admin","countryCode":"ES","langCode":"es"},{"email":"admin.domain@amplia.es","workgroup":"base_organization","domain":"base_organization","profile":"admin_domain","countryCode":"ES","langCode":"es"},{"email":"advanced.base@amplia.es","workgroup":"base_organization","domain":"base_organization","profile":"advanced","countryCode":"ES","langCode":"es"},{"email":"carlota.garcia@amplia.es","workgroup":"base_organization","domain":"base_organization","profile":"advanced","countryCode":"ES","langCode":"es"},{"email":"chema.perez@amplia.es","description":"Pamundi","workgroup":"chemacorp","domain":"chemacorp","profile":"admin_domain","name":"jose maria","surname":"Perez","countryCode":"ES","langCode":"es"}]},"statusCode":200}
  [32m✔ Then response code should be: 200[39m

  [36m@searching_users @searching @users[39m
  Scenario: Execute searching
  [32m✔ Given an apikey user by "require-real-apikey"[39m
  [32m✔ And an ogapi "users search" util[39m
  [32m✔ And I build it[39m
  [32m✔ And I execute it[39m
RESPONSE_: {"data":{"users":[{"email":"admin.base@amplia.es","workgroup":"base_organization","domain":"base_organization","profile":"admin","countryCode":"ES","langCode":"es"},{"email":"admin.domain@amplia.es","workgroup":"base_organization","domain":"base_organization","profile":"admin_domain","countryCode":"ES","langCode":"es"},{"email":"advanced.base@amplia.es","workgroup":"base_organization","domain":"base_organization","profile":"advanced","countryCode":"ES","langCode":"es"},{"email":"carlota.garcia@amplia.es","workgroup":"base_organization","domain":"base_organization","profile":"advanced","countryCode":"ES","langCode":"es"},{"email":"chema.perez@amplia.es","description":"Pamundi","workgroup":"chemacorp","domain":"chemacorp","profile":"admin_domain","name":"jose maria","surname":"Perez","countryCode":"ES","langCode":"es"},{"email":"fernando.perez@amplia.es","workgroup":"base_organization","domain":"base_organization","profile":"advanced","countryCode":"ES","langCode":"en"},{"email":"fernando.pinuela@amplia.es","workgroup":"base_organization","domain":"base_organization","profile":"advanced","countryCode":"ES","langCode":"en"},{"email":"ivan.gonzalo@amplia.es","workgroup":"base_organization","domain":"base_organization","profile":"advanced","countryCode":"ES","langCode":"en"},{"email":"javier.martinez@amplia.es","workgroup":"base_organization","domain":"base_organization","profile":"advanced","countryCode":"ES","langCode":"en"},{"email":"jesus.martin@amplia.es","workgroup":"base_organization","domain":"base_organization","profile":"advanced","countryCode":"ES","langCode":"es"},{"email":"jorge.bernal@amplia.es","workgroup":"base_organization","domain":"base_organization","profile":"advanced","countryCode":"ES","langCode":"en"},{"email":"jorge.rodriguez@amplia.es","workgroup":"base_organization","domain":"base_organization","profile":"advanced","countryCode":"ES","langCode":"en"},{"email":"juanjose.garcia@amplia.es","workgroup":"base_organization","domain":"base_organization","profile":"advanced","countryCode":"ES","langCode":"en"},{"email":"katherin.moscoso@amplia.es","workgroup":"organization_UX","domain":"organization_UX","profile":"admin_domain","name":"Katherin","surname":"Moscoso","countryCode":"AD","langCode":"es"},{"email":"maria.alonso@amplia.es","workgroup":"base_organization","domain":"base_organization","profile":"advanced","countryCode":"ES","langCode":"es"},{"email":"mockuser3-moni@gmail.com","description":"user description","workgroup":"oux_tsts_organization-moni","domain":"oux_tsts_organization-moni","profile":"admin_domain","name":"custom_user","surname":"custom_surname_user","countryCode":"ES","langCode":"es"},{"email":"mockuser3@gmail.com","description":"user description","workgroup":"oux_tsts_organization","domain":"oux_tsts_organization","profile":"admin_domain","name":"custom_user","surname":"custom_surname_user","countryCode":"ES","langCode":"es"},{"email":"monica.fernandez@amplia.es","workgroup":"base_organization","domain":"base_organization","profile":"advanced","countryCode":"ES","langCode":"es"},{"email":"noelia.gomez@amplia.es","workgroup":"base_organization","domain":"base_organization","profile":"advanced","countryCode":"ES","langCode":"en"},{"email":"oda@amplia.es","workgroup":"base_organization","domain":"base_organization","profile":"admin","countryCode":"ES","langCode":"es"},{"email":"rafael.morillo@amplia.es","workgroup":"base_organization","domain":"base_organization","profile":"advanced","countryCode":"ES","langCode":"en"},{"email":"root@amplia.es","workgroup":"root","domain":"root","profile":"root","countryCode":"ES","langCode":"es"},{"email":"victor.gutierrez@amplia.es","workgroup":"base_organization","domain":"base_organization","profile":"advanced","countryCode":"ES","langCode":"es"},{"email":"viewer.base@amplia.es","workgroup":"base_organization","domain":"base_organization","profile":"viewer","countryCode":"ES","langCode":"es"}]},"statusCode":200}
  [32m✔ Then response code should be: 200[39m

[36m@searching @searching_workgroups[39m
Feature: Searching workgroups

    As a user of JsApi
    I want to search into workgroups collection
    So I can add filter, sorting, limit to search any user

  [36m@searching @searching_workgroups[39m
  Scenario: Execute searching with a timeout less than expected
  [32m✔ Given an apikey user by "require-real-apikey"[39m
  [32m✔ And an ogapi "workgroups search" util[39m
  [32m✔ And the timeout by 5[39m
  [32m✔ When I build it[39m
  [32m✔ And I execute it[39m
RESPONSE_: {"statusCode":408,"data":"timeout of 5ms exceeded"}
  [32m✔ Then response code should be: 408[39m

  [36m@searching @searching_workgroups[39m
  Scenario: Execute searching with a invalid start limit
  [32m✔ Given an apikey user by "require-real-apikey"[39m
  [32m✔ And an ogapi "workgroups search" util[39m
  [32m✔ And the start limit by "null" and size limit by "5"[39m
  [32m✔ When I build it[39m
  [32m✔ And I execute it[39m
RESPONSE_: {"data":{"workgroups":[{"name":"base_organization","description":"automatic domain from organization","domain":"base_organization","administrative":true},{"name":"chemacorp","description":"Automatic workgroup","domain":"chemacorp","administrative":true},{"name":"organization_UX","description":"Automatic workgroup","domain":"organization_UX","administrative":true},{"name":"oux_tsts_organization","description":"Automatic workgroup","domain":"oux_tsts_organization","administrative":true},{"name":"oux_tsts_organization-moni","description":"Automatic workgroup","domain":"oux_tsts_organization-moni","administrative":true}]},"statusCode":200}
  [32m✔ Then response code should be: 200[39m

  [36m@searching @searching_workgroups[39m
  Scenario: Execute searching
  [32m✔ Given an apikey user by "require-real-apikey"[39m
  [32m✔ And an ogapi "workgroups search" util[39m
  [32m✔ And I build it[39m
  [32m✔ And I execute it[39m
RESPONSE_: {"data":{"workgroups":[{"name":"base_organization","description":"automatic domain from organization","domain":"base_organization","administrative":true},{"name":"chemacorp","description":"Automatic workgroup","domain":"chemacorp","administrative":true},{"name":"organization_UX","description":"Automatic workgroup","domain":"organization_UX","administrative":true},{"name":"oux_tsts_organization","description":"Automatic workgroup","domain":"oux_tsts_organization","administrative":true},{"name":"oux_tsts_organization-moni","description":"Automatic workgroup","domain":"oux_tsts_organization-moni","administrative":true},{"name":"root","description":"root workgroup","domain":"root","administrative":true}]},"statusCode":200}
  [32m✔ Then response code should be: 200[39m

  [36m@searching @searching_workgroups[39m
  Scenario: I want to obtain the summary
  [32m✔ Given an apikey user by "require-real-apikey"[39m
  [32m✔ And an ogapi "workgroups search" util[39m
  [32m✔ And an ogapi "workgroups search" util[39m
  [32m✔ When I build it with summary response[39m
  [32m✔ And I execute it[39m
RESPONSE_: {"data":{"summary":{"count":6}},"statusCode":200}
  [32m✔ Then response code should be: 200[39m
  [32m✔ Then does not throws an error[39m

Failures:

1) Scenario: [1mCreate a certificate[22m - [90mfeatures/features/provision/certificate/create_certificates.feature:111[39m
   Step: [1mThen does not throws an error[22m - [90mfeatures/features/provision/certificate/create_certificates.feature:124[39m
   Step Definition: [90mfeatures/step_definitions/then_step_definitions.js:344[39m
   Message:
     [31mAssertionError: expected { statusCode: 415, data: {} } to not exist
         at doAsserterAsyncAndAddThen (/home/kathe/git/opengate-js/node_modules/chai-as-promised/lib/chai-as-promised.js:296:33)
         at .<anonymous> (/home/kathe/git/opengate-js/node_modules/chai-as-promised/lib/chai-as-promised.js:286:25)
         at get (/home/kathe/git/opengate-js/node_modules/chai/lib/chai/utils/overwriteProperty.js:50:37)
         at World.<anonymous> (/home/kathe/git/opengate-js/features/step_definitions/then_step_definitions.js:346:39)
         at _combinedTickCallback (internal/process/next_tick.js:73:7)[39m

2) Scenario: [1mDelete a certificate that does not exist[22m - [90mfeatures/features/provision/certificate/delete_certificate.feature:24[39m
   Step: [1mThen response code should be: 400[22m - [90mfeatures/features/provision/certificate/delete_certificate.feature:26[39m
   Step Definition: [90mfeatures/step_definitions/then_step_definitions.js:24[39m
   Message:
     [31mError: Error: Parameters id must be defined
         at World.<anonymous> (/home/kathe/git/opengate-js/features/step_definitions/then_step_definitions.js:31:19)
         at _combinedTickCallback (internal/process/next_tick.js:73:7)
         at process._tickCallback (internal/process/next_tick.js:104:9)[39m

3) Scenario: [1mCreate a certificate[22m - [90mfeatures/features/provision/certificate/find_certificate.feature:15[39m
   Step: [1mThen does not throws an error[22m - [90mfeatures/features/provision/certificate/find_certificate.feature:28[39m
   Step Definition: [90mfeatures/step_definitions/then_step_definitions.js:344[39m
   Message:
     [31mAssertionError: expected [TypeError: _this.util.create is not a function] to not exist
         at doAsserterAsyncAndAddThen (/home/kathe/git/opengate-js/node_modules/chai-as-promised/lib/chai-as-promised.js:296:33)
         at .<anonymous> (/home/kathe/git/opengate-js/node_modules/chai-as-promised/lib/chai-as-promised.js:286:25)
         at get (/home/kathe/git/opengate-js/node_modules/chai/lib/chai/utils/overwriteProperty.js:50:37)
         at World.<anonymous> (/home/kathe/git/opengate-js/features/step_definitions/then_step_definitions.js:346:39)
         at _combinedTickCallback (internal/process/next_tick.js:73:7)[39m

4) Scenario: [1mFind a certificate that exists[22m - [90mfeatures/features/provision/certificate/find_certificate.feature:30[39m
   Step: [1mThen I can see into the result an "certificate name" as "certificate_cucumber_to_find_name"[22m - [90mfeatures/features/provision/certificate/find_certificate.feature:34[39m
   Step Definition: [90mfeatures/step_definitions/then_step_definitions_using_model.js:4[39m
   Message:
     [31mAssertionError: obj needs to be an object
         at JSONPath.value (/home/kathe/git/opengate-js/node_modules/jsonpath/lib/index.js:53:10)
         at World.<anonymous> (/home/kathe/git/opengate-js/features/step_definitions/then_step_definitions_using_model.js:11:24)
         at _combinedTickCallback (internal/process/next_tick.js:73:7)
         at process._tickCallback (internal/process/next_tick.js:104:9)[39m

5) Scenario: [1mCreate a bundle with two deployment elements with same name[22m - [90mfeatures/features/provision/bundle/create_bundles.feature:62[39m
   Step: [1mAnd response code should be: 400[22m - [90mfeatures/features/provision/bundle/create_bundles.feature:88[39m
   Step Definition: [90mfeatures/step_definitions/then_step_definitions.js:24[39m
   Message:
     [31mError: {"statusCode":500,"data":{}}
         at World.<anonymous> (/home/kathe/git/opengate-js/features/step_definitions/then_step_definitions.js:31:19)
         at _combinedTickCallback (internal/process/next_tick.js:73:7)
         at process._tickCallback (internal/process/next_tick.js:104:9)[39m

6) Scenario: [1mExecute operation with default values and cancel execution[22m - [90mfeatures/features/provision/operations/actions_execution.feature:75[39m
   Step: [1mThen I can see into the result an "operation status" as "CANCELLING"[22m - [90mfeatures/features/provision/operations/actions_execution.feature:95[39m
   Step Definition: [90mfeatures/step_definitions/then_step_definitions_using_model.js:4[39m
   Message:
     [31mAssertionError: expected 'IN_PROGRESS' to equal 'CANCELLING'
         at World.<anonymous> (/home/kathe/git/opengate-js/features/step_definitions/then_step_definitions_using_model.js:18:34)
         at _combinedTickCallback (internal/process/next_tick.js:73:7)
         at process._tickCallback (internal/process/next_tick.js:104:9)[39m

7) Scenario: [1mExecute operation with default values and pause and active an operation inmediatly[22m - [90mfeatures/features/provision/operations/actions_execution.feature:172[39m
   Step: [1mThen I can see into the result an "operation status" as "IN_PROGRESS"[22m - [90mfeatures/features/provision/operations/actions_execution.feature:198[39m
   Step Definition: [90mfeatures/step_definitions/then_step_definitions_using_model.js:4[39m
   Message:
     [31mAssertionError: expected 'FINISHED' to equal 'IN_PROGRESS'
         at World.<anonymous> (/home/kathe/git/opengate-js/features/step_definitions/then_step_definitions_using_model.js:18:34)
         at _combinedTickCallback (internal/process/next_tick.js:73:7)
         at process._tickCallback (internal/process/next_tick.js:104:9)[39m

8) Scenario: [1mExecute operation with default values and pause and active an operation finished[22m - [90mfeatures/features/provision/operations/actions_execution.feature:201[39m
   Step: [1mAnd throws an error equal to "Job state transition error"[22m - [90mfeatures/features/provision/operations/actions_execution.feature:219[39m
   Step Definition: [90mfeatures/step_definitions/then_step_definitions.js:319[39m
   Message:
     [31mAssertionError: expected '{"statusCode":400,"data":{"errors":[{"code":1015,"message":"Job state transition error"}]}}' to equal 'Job state transition error'
         at World.<anonymous> (/home/kathe/git/opengate-js/features/step_definitions/then_step_definitions.js:339:35)
         at _combinedTickCallback (internal/process/next_tick.js:73:7)
         at process._tickCallback (internal/process/next_tick.js:104:9)[39m

9) Scenario: [1mExecute operation with default values and cancel an operation finished[22m - [90mfeatures/features/provision/operations/actions_execution.feature:222[39m
   Step: [1mAnd throws an error equal to "Job state transition error"[22m - [90mfeatures/features/provision/operations/actions_execution.feature:240[39m
   Step Definition: [90mfeatures/step_definitions/then_step_definitions.js:319[39m
   Message:
     [31mAssertionError: expected '{"statusCode":400,"data":{"errors":[{"code":1015,"message":"Job state transition error"}]}}' to equal 'Job state transition error'
         at World.<anonymous> (/home/kathe/git/opengate-js/features/step_definitions/then_step_definitions.js:339:35)
         at _combinedTickCallback (internal/process/next_tick.js:73:7)
         at process._tickCallback (internal/process/next_tick.js:104:9)[39m

10) Scenario: [1mI want to delete the entity[22m - [90mfeatures/features/provision/operations/actions_execution.feature:324[39m
    Step: [1mThen response code should be: 200[22m - [90mfeatures/features/provision/operations/actions_execution.feature:332[39m
    Step Definition: [90mfeatures/step_definitions/then_step_definitions.js:24[39m
    Message:
      [31mError: {"statusCode":400,"data":{"errors":[{"code":16781315,"message":"Element not found","context":[]}]}}
          at World.<anonymous> (/home/kathe/git/opengate-js/features/step_definitions/then_step_definitions.js:31:19)
          at _combinedTickCallback (internal/process/next_tick.js:73:7)
          at process._tickCallback (internal/process/next_tick.js:104:9)[39m

11) Scenario: [1mExecute a SET_DEVICE_PARAMETERS operation[22m - [90mfeatures/features/provision/operations/execute_operations.feature:134[39m
    Step: [1mThen response code should be: 201[22m - [90mfeatures/features/provision/operations/execute_operations.feature:148[39m
    Step Definition: [90mfeatures/step_definitions/then_step_definitions.js:24[39m
    Message:
      [31mError: {"statusCode":400,"data":{"errors":[{"code":1005,"message":"At least one valid reference to an entity ( list of entities or tags ) is required"}]}}
          at World.<anonymous> (/home/kathe/git/opengate-js/features/step_definitions/then_step_definitions.js:31:19)
          at _combinedTickCallback (internal/process/next_tick.js:73:7)
          at process._tickCallback (internal/process/next_tick.js:104:9)[39m

12) Scenario: [1mExecute a GET_DEVICE_PARAMETERS operation[22m - [90mfeatures/features/provision/operations/execute_operations.feature:152[39m
    Step: [1mThen response code should be: 201[22m - [90mfeatures/features/provision/operations/execute_operations.feature:166[39m
    Step Definition: [90mfeatures/step_definitions/then_step_definitions.js:24[39m
    Message:
      [31mError: {"statusCode":400,"data":{"errors":[{"code":1005,"message":"At least one valid reference to an entity ( list of entities or tags ) is required"}]}}
          at World.<anonymous> (/home/kathe/git/opengate-js/features/step_definitions/then_step_definitions.js:31:19)
          at _combinedTickCallback (internal/process/next_tick.js:73:7)
          at process._tickCallback (internal/process/next_tick.js:104:9)[39m

13) Scenario: [1mI want to delete the entity[22m - [90mfeatures/features/provision/operations/execute_periodic_operations.feature:320[39m
    Step: [1mThen response code should be: 200[22m - [90mfeatures/features/provision/operations/execute_periodic_operations.feature:328[39m
    Step Definition: [90mfeatures/step_definitions/then_step_definitions.js:24[39m
    Message:
      [31mError: {"statusCode":400,"data":{"errors":[{"code":16781315,"message":"Element not found","context":[]}]}}
          at World.<anonymous> (/home/kathe/git/opengate-js/features/step_definitions/then_step_definitions.js:31:19)
          at _combinedTickCallback (internal/process/next_tick.js:73:7)
          at process._tickCallback (internal/process/next_tick.js:104:9)[39m

14) Scenario: [1mSet repeat every day at date after now[22m - [90mfeatures/features/provision/operations/setting_up_period-every_operation.feature:64[39m
    Step: [1mThen I can see into the post data a start date as "2017-09-29T14:37:06+02:00"[22m - [90mfeatures/features/provision/operations/setting_up_period-every_operation.feature:70[39m
    Step Definition: [90mfeatures/step_definitions/then_step_definitions.js:307[39m
    Message:
      [31mTypeError: Cannot read property 'date' of undefined
          at World.<anonymous> (/home/kathe/git/opengate-js/features/step_definitions/then_step_definitions.js:314:39)
          at _combinedTickCallback (internal/process/next_tick.js:73:7)
          at process._tickCallback (internal/process/next_tick.js:104:9)[39m

15) Scenario: [1mCreating an organization that NOT exists with all params[22m - [90mfeatures/features/provision/organizations/create_organization.feature:26[39m
    Step: [1mAnd response code should be: 201[22m - [90mfeatures/features/provision/organizations/create_organization.feature:39[39m
    Step Definition: [90mfeatures/step_definitions/then_step_definitions.js:24[39m
    Message:
      [31mError: {"statusCode":500,"data":{}}
          at World.<anonymous> (/home/kathe/git/opengate-js/features/step_definitions/then_step_definitions.js:31:19)
          at _combinedTickCallback (internal/process/next_tick.js:73:7)
          at process._tickCallback (internal/process/next_tick.js:104:9)[39m

16) Scenario: [1mCreating an organization with parent domain before create[22m - [90mfeatures/features/provision/organizations/create_organization.feature:43[39m
    Step: [1mThen response code should be: 201[22m - [90mfeatures/features/provision/organizations/create_organization.feature:59[39m
    Step Definition: [90mfeatures/step_definitions/then_step_definitions.js:24[39m
    Message:
      [31mError: {"statusCode":500,"data":{}}
          at World.<anonymous> (/home/kathe/git/opengate-js/features/step_definitions/then_step_definitions.js:31:19)
          at _combinedTickCallback (internal/process/next_tick.js:73:7)
          at process._tickCallback (internal/process/next_tick.js:104:9)[39m

17) Scenario: [1mFind only enabled rules configuration[22m - [90mfeatures/features/provision/rulesConfiguration/find_rulesConfiguration.feature:39[39m
    Step: [1mThen response code should be: 200[22m - [90mfeatures/features/provision/rulesConfiguration/find_rulesConfiguration.feature:45[39m
    Step Definition: [90mfeatures/step_definitions/then_step_definitions.js:24[39m
    Message:
      [31mError: {"data":"Rule configurations not found","statusCode":404}
          at World.<anonymous> (/home/kathe/git/opengate-js/features/step_definitions/then_step_definitions.js:31:19)
          at _combinedTickCallback (internal/process/next_tick.js:73:7)
          at process._tickCallback (internal/process/next_tick.js:104:9)[39m

18) Scenario: [1mExecute searching with path[22m - [90mfeatures/features/searching/basicTypes/basicTypes.feature:51[39m
    Step: [1mAnd the result contains:[22m - [90mfeatures/features/searching/basicTypes/basicTypes.feature:58[39m
    Step Definition: [90mfeatures/step_definitions/then_step_definitions_using_model.js:30[39m
    Message:
      [31mAssertionError: expected '{"definitions":{"date":{"type":"string","format":"date","public":true,"title":"date","description":"date in ISO 8601","pattern":"^([0-9]{4})-?(1[0-2]|0[1-9])-?(3[01]|0[1-9]|[12][0-9])$"},"time":{"type":"string","format":"time","public":true,"title":"time","description":"time in ISO 8601","pattern":"^(2[0-3]|[01][0-9]):?([0-5][0-9]):?([0-5][0-9])$"},"timestamp":{"type":"string","format":"date-time","public":true,"title":"timestamp","description":"date & time in ISO 8601","pattern":"^([0-9]{4})-?(1[0-2]|0[1-9])-?(3[01]|0[1-9]|[12][0-9])T(2[0-3]|[01][0-9]):?([0-5][0-9]):?([0-5][0-9])(\\\\.([0-9]{3}))?[Z]?$"},"coordinates":{"public":true,"description":"A geographical coordinates","type":"array","maxItems":2,"items":{"type":"number"}},"location":{"public":true,"description":"A geojson enriched for OpenGate","type":"object","properties":{"position":{"type":"object","description":"compatible with geojson format","properties":{"type":{"type":"string","default":"Point"},"coordinates":{"type":"array","description":"Format [longitude, latitude]","minItems":2,"items":{"type":"number"},"additionalItems":false}},"required":["coordinates"]},"country":{"type":"string"},"region":{"type":"string"},"province":{"type":"string"},"town":{"type":"string"},"postal":{"type":"string"},"address":{"type":"string"},"source":{"type":"string","enum":["MOBILE","GPS","GLONASS","RTK","RFID","WIFI","ZIGBEE","LORA","SIGFOX-BASIC","SIGFOX-SPOTIT","UNKNOWN"],"javaEnumNames":["MOBILE","GPS","GLONASS","RTK","RFID","WIFI","ZIGBEE","LORA","SIGFOX_BASIC","SIGFOX_SPOTIT","UNKNOWN"]},"accuracy":{"type":"number","description":"position accuracy in meters"},"zoom":{"type":"number","description":"zoom for the web map"}}},"ipv4":{"type":"string","format":"ipv4","public":true,"title":"ipv4","description":"IPV4 format"},"ipv6":{"type":"string","format":"ipv6","public":true,"title":"ipv6","description":"IPV6 format"},"mac48":{"type":"string","public":true,"title":"mac48","description":"MAC48 format","pattern":"(([0-9A-Fa-f]{2}[-:]){5}[0-9A-Fa-f]{2})|(([0-9A-Fa-f]{4}){2}[0-9A-Fa-f]{4})"},"msisdn":{"public":true,"type":"string","minLength":7,"maxLength":15},"address":{"type":"object","public":true,"properties":{"type":{"type":"string","enum":["IPV4","IPV6","MAC48","UNKNOWN","SIGFOX","HOSTNAME"],"javaEnumNames":["IPV4","IPV6","MAC48","UNKNOWN","SIGFOX","HOSTNAME"]},"value":{"type":"string","title":"type","description":"value of the parameter"},"apn":{"type":"string"}}},"percentage":{"public":true,"type":"number","minimum":0,"maximum":100},"model":{"type":"object","public":true,"title":"Model","description":"","properties":{"name":{"type":"string"},"version":{"type":"string"},"manufacturer":{"type":"string"},"manufacturerOUI":{"type":"string"}}},"software":{"type":"object","public":true,"title":"Software","description":"","properties":{"name":{"type":"string"},"version":{"type":"string"},"type":{"type":"string","enum":["SOFTWARE","FIRMWARE"],"javaEnumNames":["SOFTWARE","FIRMWARE"]}}},"softwareList":{"type":"array","public":true,"items":{"type":"object","public":true,"title":"Software","description":"","properties":{"name":{"type":"string"},"version":{"type":"string"},"type":{"type":"string","enum":["SOFTWARE","FIRMWARE"],"javaEnumNames":["SOFTWARE","FIRMWARE"]}}}},"clock":{"type":"object","title":"Clock","public":true,"description":"","properties":{"datetime":{"type":"string","format":"date-time","public":true,"title":"timestamp","description":"date & time in ISO 8601","pattern":"^([0-9]{4})-?(1[0-2]|0[1-9])-?(3[01]|0[1-9]|[12][0-9])T(2[0-3]|[01][0-9]):?([0-5][0-9]):?([0-5][0-9])(\\\\.([0-9]{3}))?[Z]?$"},"timezone":{"type":"number"},"dst":{"type":"object","properties":{"enabled":{"type":"boolean"},"deviation":{"type":"number"},"begin":{"type":"string","format":"date-time","public":true,"title":"timestamp","description":"date & time in ISO 8601","pattern":"^([0-9]{4})-?(1[0-2]|0[1-9])-?(3[01]|0[1-9]|[12][0-9])T(2[0-3]|[01][0-9]):?([0-5][0-9]):?([0-5][0-9])(\\\\.([0-9]{3}))?[Z]?$"},"end":{"type":"string","format":"date-time","public":true,"title":"timestamp","description":"date & time in ISO 8601","pattern":"^([0-9]{4})-?(1[0-2]|0[1-9])-?(3[01]|0[1-9]|[12][0-9])T(2[0-3]|[01][0-9]):?([0-5][0-9]):?([0-5][0-9])(\\\\.([0-9]{3}))?[Z]?$"}}}}},"ogIdentifier":{"type":"string","public":true,"pattern":"^[a-zA-Z0-9_@.-]*$"},"ticketIdentifier":{"type":"string","public":true,"pattern":"^[a-zA-Z0-9_@.-]*$"},"form":{"type":"object","public":true,"title":"Form","properties":{"identifier":{"type":"string","title":"identifier","description":"unique identifier for the form"},"data":{"type":"object","title":"data","description":"data introduced in form"},"schema":{"type":"object","title":"schema","description":"JSON schema with the design of the form"},"view":{"type":"array","title":"view","description":"JSON array of form view definition"}},"required":["identifier","data","schema","view"]}}}' to equal '{"definitions":{"date":{"type":"string","format":"date","public":true,"title":"date","description":"date in ISO 8601","pattern":"^([0-9]{4})-?(1[0-2]|0[1-9])-?(3[01]|0[1-9]|[12][0-9])$"},"time":{"type":"string","format":"time","public":true,"title":"time","description":"time in ISO 8601","pattern":"^(2[0-3]|[01][0-9]):?([0-5][0-9]):?([0-5][0-9])$"},"timestamp":{"type":"string","format":"date-time","public":true,"title":"timestamp","description":"date & time in ISO 8601","pattern":"^([0-9]{4})-?(1[0-2]|0[1-9])-?(3[01]|0[1-9]|[12][0-9])T(2[0-3]|[01][0-9]):?([0-5][0-9]):?([0-5][0-9])(\\\\.([0-9]{3}))?[Z]?$"},"coordinates":{"public":true,"description":"A geographical coordinates","type":"array","maxItems":2,"items":{"type":"number"}},"location":{"public":true,"description":"A geojson enriched for OpenGate","type":"object","properties":{"position":{"type":"object","description":"compatible with geojson format","properties":{"type":{"type":"string","default":"Point"},"coordinates":{"type":"array","description":"Format [longitude, latitude]","minItems":2,"items":{"type":"number"},"additionalItems":false}},"required":["coordinates"]},"country":{"type":"string"},"region":{"type":"string"},"province":{"type":"string"},"town":{"type":"string"},"postal":{"type":"string"},"address":{"type":"string"},"source":{"type":"string","enum":["MOBILE","GPS","GLONASS","RTK","RFID","WIFI","ZIGBEE","LORA","SIGFOX-BASIC","SIGFOX-SPOTIT","UNKNOWN"],"javaEnumNames":["MOBILE","GPS","GLONASS","RTK","RFID","WIFI","ZIGBEE","LORA","SIGFOX_BASIC","SIGFOX_SPOTIT","UNKNOWN"]},"accuracy":{"type":"number","description":"position accuracy in meters"},"zoom":{"type":"number","description":"zoom for the web map"}}},"ipv4":{"type":"string","format":"ipv4","public":true,"title":"ipv4","description":"IPV4 format"},"ipv6":{"type":"string","format":"ipv6","public":true,"title":"ipv6","description":"IPV6 format"},"mac48":{"type":"string","public":true,"title":"mac48","description":"MAC48 format","pattern":"(([0-9A-Fa-f]{2}[-:]){5}[0-9A-Fa-f]{2})|(([0-9A-Fa-f]{4}){2}[0-9A-Fa-f]{4})"},"msisdn":{"public":true,"type":"string","minLength":7,"maxLength":15},"address":{"type":"object","public":true,"properties":{"type":{"type":"string","enum":["IPV4","IPV6","MAC48","UNKNOWN","SIGFOX","HOSTNAME"],"javaEnumNames":["IPV4","IPV6","MAC48","UNKNOWN","SIGFOX","HOSTNAME"]},"value":{"type":"string","title":"type","description":"value of the parameter"},"apn":{"type":"string"}}},"percentage":{"public":true,"type":"number","minimum":0,"maximum":100},"model":{"type":"object","public":true,"title":"Model","description":"","properties":{"name":{"type":"string"},"version":{"type":"string"},"manufacturer":{"type":"string"},"manufacturerOUI":{"type":"string"}}},"software":{"type":"object","public":true,"title":"Software","description":"","properties":{"name":{"type":"string"},"version":{"type":"string"},"type":{"type":"string","enum":["SOFTWARE","FIRMWARE"],"javaEnumNames":["SOFTWARE","FIRMWARE"]}}},"softwareList":{"type":"array","public":true,"items":{"type":"object","public":true,"title":"Software","description":"","properties":{"name":{"type":"string"},"version":{"type":"string"},"type":{"type":"string","enum":["SOFTWARE","FIRMWARE"],"javaEnumNames":["SOFTWARE","FIRMWARE"]}}}},"clock":{"type":"object","title":"Clock","public":true,"description":"","properties":{"datetime":{"type":"string","format":"date-time","public":true,"title":"timestamp","description":"date & time in ISO 8601","pattern":"^([0-9]{4})-?(1[0-2]|0[1-9])-?(3[01]|0[1-9]|[12][0-9])T(2[0-3]|[01][0-9]):?([0-5][0-9]):?([0-5][0-9])(\\\\.([0-9]{3}))?[Z]?$"},"timezone":{"type":"number"},"dst":{"type":"object","properties":{"enabled":{"type":"boolean"},"deviation":{"type":"number"},"begin":{"type":"string","format":"date-time","public":true,"title":"timestamp","description":"date & time in ISO 8601","pattern":"^([0-9]{4})-?(1[0-2]|0[1-9])-?(3[01]|0[1-9]|[12][0-9])T(2[0-3]|[01][0-9]):?([0-5][0-9]):?([0-5][0-9])(\\\\.([0-9]{3}))?[Z]?$"},"end":{"type":"string","format":"date-time","public":true,"title":"timestamp","description":"date & time in ISO 8601","pattern":"^([0-9]{4})-?(1[0-2]|0[1-9])-?(3[01]|0[1-9]|[12][0-9])T(2[0-3]|[01][0-9]):?([0-5][0-9]):?([0-5][0-9])(\\\\.([0-9]{3}))?[Z]?$"}}}}},"ogIdentifier":{"type":"string","public":true,"pattern":"^[a-zA-Z0-9_@.-]*$"},"form":{"type":"object","public":true,"title":"Form","properties":{"identifier":{"type":"string","title":"identifier","description":"unique identifier for the form"},"data":{"type":"object","title":"data","description":"data introduced in form"},"schema":{"type":"object","title":"schema","description":"JSON schema with the design of the form"},"view":{"type":"array","title":"view","description":"JSON array of form view definition"}},"required":["identifier","data","schema","view"]}}}'
          at World.<anonymous> (/home/kathe/git/opengate-js/features/step_definitions/then_step_definitions_using_model.js:32:49)
          at _combinedTickCallback (internal/process/next_tick.js:73:7)
          at process._tickCallback (internal/process/next_tick.js:104:9)[39m

19) Scenario: [1mExecute all select fields on devices searching[22m - [90mfeatures/features/searching/catalogs/searching_select_fields.feature:11[39m
    Step: [1mThen does not throws an error[22m - [90mfeatures/features/searching/catalogs/searching_select_fields.feature:18[39m
    Step Definition: [90mfeatures/step_definitions/then_step_definitions.js:344[39m
    Message:
      [31mAssertionError: expected { statusCode: 500, data: '' } to not exist
          at doAsserterAsyncAndAddThen (/home/kathe/git/opengate-js/node_modules/chai-as-promised/lib/chai-as-promised.js:296:33)
          at .<anonymous> (/home/kathe/git/opengate-js/node_modules/chai-as-promised/lib/chai-as-promised.js:286:25)
          at get (/home/kathe/git/opengate-js/node_modules/chai/lib/chai/utils/overwriteProperty.js:50:37)
          at World.<anonymous> (/home/kathe/git/opengate-js/features/step_definitions/then_step_definitions.js:346:39)
          at _combinedTickCallback (internal/process/next_tick.js:73:7)[39m

20) Scenario: [1mExecute all select fields on devices searching with utils[22m - [90mfeatures/features/searching/catalogs/searching_select_fields.feature:21[39m
    Step: [1mThen does not throws an error[22m - [90mfeatures/features/searching/catalogs/searching_select_fields.feature:28[39m
    Step Definition: [90mfeatures/step_definitions/then_step_definitions.js:344[39m
    Message:
      [31mAssertionError: expected { statusCode: 500, data: '' } to not exist
          at doAsserterAsyncAndAddThen (/home/kathe/git/opengate-js/node_modules/chai-as-promised/lib/chai-as-promised.js:296:33)
          at .<anonymous> (/home/kathe/git/opengate-js/node_modules/chai-as-promised/lib/chai-as-promised.js:286:25)
          at get (/home/kathe/git/opengate-js/node_modules/chai/lib/chai/utils/overwriteProperty.js:50:37)
          at World.<anonymous> (/home/kathe/git/opengate-js/features/step_definitions/then_step_definitions.js:346:39)
          at _combinedTickCallback (internal/process/next_tick.js:73:7)[39m

531 scenarios ([31m20 failed[39m, [32m511 passed[39m)
4920 steps ([31m20 failed[39m, [36m9 skipped[39m, [32m4891 passed[39m)
12m00.192s
Error: Cucumber tests failed!
    at /home/kathe/git/opengate-js/node_modules/gulp-cucumber/index.js:80:38
    at _combinedTickCallback (internal/process/next_tick.js:73:7)
    at process._tickCallback (internal/process/next_tick.js:104:9)
[15:57:48] Finished 'cucumber' after 12 min
